<?xml version="1.0"?>
<!-- masscan v1.0 scan -->
<nmaprun scanner="masscan" start="1733427369" version="1.0-BETA"  xmloutputversion="1.03">
<scaninfo type="syn" protocol="tcp" />
<host endtime="1733427369"><address addr="202.46.241.28" addrtype="ipv4"/><ports><port protocol="tcp" portid="5060"><state state="open" reason="syn-ack" reason_ttl="51"/></port></ports></host>
<host endtime="1733427369"><address addr="202.46.12.187" addrtype="ipv4"/><ports><port protocol="tcp" portid="5060"><state state="open" reason="syn-ack" reason_ttl="50"/></port></ports></host>
<host endtime="1733427374"><address addr="202.46.1.114" addrtype="ipv4"/><ports><port protocol="tcp" portid="5060"><state state="open" reason="syn-ack" reason_ttl="51"/></port></ports></host>
<host endtime="1733427375"><address addr="202.46.250.240" addrtype="ipv4"/><ports><port protocol="tcp" portid="5060"><state state="open" reason="syn-ack" reason_ttl="51"/></port></ports></host>
<host endtime="1733427376"><address addr="202.46.244.219" addrtype="ipv4"/><ports><port protocol="tcp" portid="5060"><state state="open" reason="syn-ack" reason_ttl="51"/></port></ports></host>
<host endtime="1733427377"><address addr="202.46.1.128" addrtype="ipv4"/><ports><port protocol="tcp" portid="5060"><state state="open" reason="syn-ack" reason_ttl="51"/></port></ports></host>
<host endtime="1733427379"><address addr="202.46.248.81" addrtype="ipv4"/><ports><port protocol="tcp" portid="5060"><state state="open" reason="syn-ack" reason_ttl="51"/></port></ports></host>
<host endtime="1733427389"><address addr="193.98.229.3" addrtype="ipv4"/><ports><port protocol="tcp" portid="5061"><state state="open" reason="syn-ack" reason_ttl="44"/></port></ports></host>
<host endtime="1733427389"><address addr="202.46.6.27" addrtype="ipv4"/><ports><port protocol="tcp" portid="5060"><state state="open" reason="syn-ack" reason_ttl="51"/></port></ports></host>
<host endtime="1733427390"><address addr="202.46.246.47" addrtype="ipv4"/><ports><port protocol="tcp" portid="5060"><state state="open" reason="syn-ack" reason_ttl="50"/></port></ports></host>
<host endtime="1733427390"><address addr="202.46.3.106" addrtype="ipv4"/><ports><port protocol="tcp" portid="5060"><state state="open" reason="syn-ack" reason_ttl="50"/></port></ports></host>
<host endtime="1733427390"><address addr="202.46.249.170" addrtype="ipv4"/><ports><port protocol="tcp" portid="5060"><state state="open" reason="syn-ack" reason_ttl="51"/></port></ports></host>
<host endtime="1733427393"><address addr="202.46.3.148" addrtype="ipv4"/><ports><port protocol="tcp" portid="5060"><state state="open" reason="syn-ack" reason_ttl="50"/></port></ports></host>
<host endtime="1733427393"><address addr="202.46.12.178" addrtype="ipv4"/><ports><port protocol="tcp" portid="5060"><state state="open" reason="syn-ack" reason_ttl="51"/></port></ports></host>
<host endtime="1733427396"><address addr="202.46.247.240" addrtype="ipv4"/><ports><port protocol="tcp" portid="5060"><state state="open" reason="syn-ack" reason_ttl="51"/></port></ports></host>
<host endtime="1733427396"><address addr="202.46.254.134" addrtype="ipv4"/><ports><port protocol="tcp" portid="5060"><state state="open" reason="syn-ack" reason_ttl="50"/></port></ports></host>
<host endtime="1733427399"><address addr="202.46.2.185" addrtype="ipv4"/><ports><port protocol="tcp" portid="5060"><state state="open" reason="syn-ack" reason_ttl="51"/></port></ports></host>
<host endtime="1733427401"><address addr="202.46.243.39" addrtype="ipv4"/><ports><port protocol="tcp" portid="5060"><state state="open" reason="syn-ack" reason_ttl="51"/></port></ports></host>
<host endtime="1733427403"><address addr="202.46.255.35" addrtype="ipv4"/><ports><port protocol="tcp" portid="5060"><state state="open" reason="syn-ack" reason_ttl="51"/></port></ports></host>
<host endtime="1733427405"><address addr="202.46.243.74" addrtype="ipv4"/><ports><port protocol="tcp" portid="5060"><state state="open" reason="syn-ack" reason_ttl="51"/></port></ports></host>
<host endtime="1733427412"><address addr="202.46.11.165" addrtype="ipv4"/><ports><port protocol="tcp" portid="5060"><state state="open" reason="syn-ack" reason_ttl="50"/></port></ports></host>
<host endtime="1733427413"><address addr="202.46.3.164" addrtype="ipv4"/><ports><port protocol="tcp" portid="5060"><state state="open" reason="syn-ack" reason_ttl="50"/></port></ports></host>
<host endtime="1733427414"><address addr="202.46.252.182" addrtype="ipv4"/><ports><port protocol="tcp" portid="5060"><state state="open" reason="syn-ack" reason_ttl="50"/></port></ports></host>
<host endtime="1733427415"><address addr="202.46.13.26" addrtype="ipv4"/><ports><port protocol="tcp" portid="5060"><state state="open" reason="syn-ack" reason_ttl="51"/></port></ports></host>
<host endtime="1733427417"><address addr="199.123.25.8" addrtype="ipv4"/><ports><port protocol="tcp" portid="5060"><state state="open" reason="syn-ack" reason_ttl="229"/></port></ports></host>
<host endtime="1733427418"><address addr="193.98.229.221" addrtype="ipv4"/><ports><port protocol="tcp" portid="5060"><state state="open" reason="syn-ack" reason_ttl="47"/></port></ports></host>
<host endtime="1733427423"><address addr="193.103.200.31" addrtype="ipv4"/><ports><port protocol="tcp" portid="5060"><state state="open" reason="syn-ack" reason_ttl="52"/></port></ports></host>
<host endtime="1733427425"><address addr="103.68.226.2" addrtype="ipv4"/><ports><port protocol="tcp" portid="5060"><state state="open" reason="syn-ack" reason_ttl="238"/></port></ports></host>
<host endtime="1733427426"><address addr="202.46.8.138" addrtype="ipv4"/><ports><port protocol="tcp" portid="5060"><state state="open" reason="syn-ack" reason_ttl="51"/></port></ports></host>
<host endtime="1733427428"><address addr="202.46.1.227" addrtype="ipv4"/><ports><port protocol="tcp" portid="5060"><state state="open" reason="syn-ack" reason_ttl="50"/></port></ports></host>
<host endtime="1733427428"><address addr="202.46.255.219" addrtype="ipv4"/><ports><port protocol="tcp" portid="5060"><state state="open" reason="syn-ack" reason_ttl="51"/></port></ports></host>
<host endtime="1733427430"><address addr="202.46.2.148" addrtype="ipv4"/><ports><port protocol="tcp" portid="5060"><state state="open" reason="syn-ack" reason_ttl="50"/></port></ports></host>
<host endtime="1733427431"><address addr="202.46.240.253" addrtype="ipv4"/><ports><port protocol="tcp" portid="5060"><state state="open" reason="syn-ack" reason_ttl="51"/></port></ports></host>
<host endtime="1733427432"><address addr="202.46.2.134" addrtype="ipv4"/><ports><port protocol="tcp" portid="5060"><state state="open" reason="syn-ack" reason_ttl="51"/></port></ports></host>
<host endtime="1733427435"><address addr="202.46.249.27" addrtype="ipv4"/><ports><port protocol="tcp" portid="5060"><state state="open" reason="syn-ack" reason_ttl="50"/></port></ports></host>
<host endtime="1733427435"><address addr="103.224.214.7" addrtype="ipv4"/><ports><port protocol="tcp" portid="5060"><state state="open" reason="syn-ack" reason_ttl="48"/></port></ports></host>
<host endtime="1733427436"><address addr="202.46.253.130" addrtype="ipv4"/><ports><port protocol="tcp" portid="5060"><state state="open" reason="syn-ack" reason_ttl="51"/></port></ports></host>
<host endtime="1733427437"><address addr="103.224.215.202" addrtype="ipv4"/><ports><port protocol="tcp" portid="5060"><state state="open" reason="syn-ack" reason_ttl="48"/></port></ports></host>
<host endtime="1733427437"><address addr="199.123.25.165" addrtype="ipv4"/><ports><port protocol="tcp" portid="5060"><state state="open" reason="syn-ack" reason_ttl="229"/></port></ports></host>
<host endtime="1733427440"><address addr="199.201.236.218" addrtype="ipv4"/><ports><port protocol="tcp" portid="5060"><state state="open" reason="syn-ack" reason_ttl="47"/></port></ports></host>
<host endtime="1733427444"><address addr="199.201.236.119" addrtype="ipv4"/><ports><port protocol="tcp" portid="5060"><state state="open" reason="syn-ack" reason_ttl="47"/></port></ports></host>
<host endtime="1733427445"><address addr="202.46.8.59" addrtype="ipv4"/><ports><port protocol="tcp" portid="5060"><state state="open" reason="syn-ack" reason_ttl="51"/></port></ports></host>
<host endtime="1733427448"><address addr="202.46.13.8" addrtype="ipv4"/><ports><port protocol="tcp" portid="5060"><state state="open" reason="syn-ack" reason_ttl="50"/></port></ports></host>
<host endtime="1733427450"><address addr="103.177.50.83" addrtype="ipv4"/><ports><port protocol="tcp" portid="5061"><state state="open" reason="syn-ack" reason_ttl="120"/></port></ports></host>
<host endtime="1733427450"><address addr="202.46.11.148" addrtype="ipv4"/><ports><port protocol="tcp" portid="5060"><state state="open" reason="syn-ack" reason_ttl="51"/></port></ports></host>
<host endtime="1733427452"><address addr="202.46.244.221" addrtype="ipv4"/><ports><port protocol="tcp" portid="5060"><state state="open" reason="syn-ack" reason_ttl="50"/></port></ports></host>
<host endtime="1733427460"><address addr="202.46.7.89" addrtype="ipv4"/><ports><port protocol="tcp" portid="5060"><state state="open" reason="syn-ack" reason_ttl="50"/></port></ports></host>
<host endtime="1733427460"><address addr="202.46.244.14" addrtype="ipv4"/><ports><port protocol="tcp" portid="5060"><state state="open" reason="syn-ack" reason_ttl="51"/></port></ports></host>
<host endtime="1733427463"><address addr="202.46.243.54" addrtype="ipv4"/><ports><port protocol="tcp" portid="5060"><state state="open" reason="syn-ack" reason_ttl="51"/></port></ports></host>
<host endtime="1733427467"><address addr="103.83.19.126" addrtype="ipv4"/><ports><port protocol="tcp" portid="5060"><state state="open" reason="syn-ack" reason_ttl="48"/></port></ports></host>
<host endtime="1733427469"><address addr="202.46.15.133" addrtype="ipv4"/><ports><port protocol="tcp" portid="5061"><state state="open" reason="syn-ack" reason_ttl="50"/></port></ports></host>
<host endtime="1733427470"><address addr="103.224.215.72" addrtype="ipv4"/><ports><port protocol="tcp" portid="5060"><state state="open" reason="syn-ack" reason_ttl="48"/></port></ports></host>
<host endtime="1733427470"><address addr="202.46.12.19" addrtype="ipv4"/><ports><port protocol="tcp" portid="5060"><state state="open" reason="syn-ack" reason_ttl="51"/></port></ports></host>
<host endtime="1733427472"><address addr="202.46.7.87" addrtype="ipv4"/><ports><port protocol="tcp" portid="5060"><state state="open" reason="syn-ack" reason_ttl="50"/></port></ports></host>
<host endtime="1733427474"><address addr="202.46.247.118" addrtype="ipv4"/><ports><port protocol="tcp" portid="5060"><state state="open" reason="syn-ack" reason_ttl="50"/></port></ports></host>
<host endtime="1733427474"><address addr="202.46.14.134" addrtype="ipv4"/><ports><port protocol="tcp" portid="5060"><state state="open" reason="syn-ack" reason_ttl="50"/></port></ports></host>
<host endtime="1733427477"><address addr="193.98.229.40" addrtype="ipv4"/><ports><port protocol="tcp" portid="5060"><state state="open" reason="syn-ack" reason_ttl="49"/></port></ports></host>
<host endtime="1733427489"><address addr="202.46.240.159" addrtype="ipv4"/><ports><port protocol="tcp" portid="5060"><state state="open" reason="syn-ack" reason_ttl="51"/></port></ports></host>
<host endtime="1733427489"><address addr="199.201.236.110" addrtype="ipv4"/><ports><port protocol="tcp" portid="5060"><state state="open" reason="syn-ack" reason_ttl="47"/></port></ports></host>
<host endtime="1733427491"><address addr="202.46.11.167" addrtype="ipv4"/><ports><port protocol="tcp" portid="5060"><state state="open" reason="syn-ack" reason_ttl="51"/></port></ports></host>
<host endtime="1733427491"><address addr="202.46.15.57" addrtype="ipv4"/><ports><port protocol="tcp" portid="5060"><state state="open" reason="syn-ack" reason_ttl="51"/></port></ports></host>
<host endtime="1733427492"><address addr="103.83.18.130" addrtype="ipv4"/><ports><port protocol="tcp" portid="5060"><state state="open" reason="syn-ack" reason_ttl="48"/></port></ports></host>
<host endtime="1733427492"><address addr="103.224.215.212" addrtype="ipv4"/><ports><port protocol="tcp" portid="5060"><state state="open" reason="syn-ack" reason_ttl="48"/></port></ports></host>
<host endtime="1733427494"><address addr="193.103.200.39" addrtype="ipv4"/><ports><port protocol="tcp" portid="5060"><state state="open" reason="syn-ack" reason_ttl="54"/></port></ports></host>
<host endtime="1733427496"><address addr="202.46.9.23" addrtype="ipv4"/><ports><port protocol="tcp" portid="5060"><state state="open" reason="syn-ack" reason_ttl="51"/></port></ports></host>
<host endtime="1733427498"><address addr="202.46.0.149" addrtype="ipv4"/><ports><port protocol="tcp" portid="5060"><state state="open" reason="syn-ack" reason_ttl="51"/></port></ports></host>
<host endtime="1733427499"><address addr="199.123.24.122" addrtype="ipv4"/><ports><port protocol="tcp" portid="5060"><state state="open" reason="syn-ack" reason_ttl="229"/></port></ports></host>
<host endtime="1733427504"><address addr="193.98.229.197" addrtype="ipv4"/><ports><port protocol="tcp" portid="5061"><state state="open" reason="syn-ack" reason_ttl="49"/></port></ports></host>
<host endtime="1733427507"><address addr="199.201.236.143" addrtype="ipv4"/><ports><port protocol="tcp" portid="5060"><state state="open" reason="syn-ack" reason_ttl="47"/></port></ports></host>
<host endtime="1733427509"><address addr="202.46.3.176" addrtype="ipv4"/><ports><port protocol="tcp" portid="5060"><state state="open" reason="syn-ack" reason_ttl="51"/></port></ports></host>
<host endtime="1733427510"><address addr="199.123.25.6" addrtype="ipv4"/><ports><port protocol="tcp" portid="5060"><state state="open" reason="syn-ack" reason_ttl="229"/></port></ports></host>
<host endtime="1733427510"><address addr="202.46.1.89" addrtype="ipv4"/><ports><port protocol="tcp" portid="5060"><state state="open" reason="syn-ack" reason_ttl="51"/></port></ports></host>
<host endtime="1733427510"><address addr="202.46.246.169" addrtype="ipv4"/><ports><port protocol="tcp" portid="5060"><state state="open" reason="syn-ack" reason_ttl="51"/></port></ports></host>
<host endtime="1733427515"><address addr="202.46.6.0" addrtype="ipv4"/><ports><port protocol="tcp" portid="5060"><state state="open" reason="syn-ack" reason_ttl="51"/></port></ports></host>
<host endtime="1733427515"><address addr="202.46.3.218" addrtype="ipv4"/><ports><port protocol="tcp" portid="5060"><state state="open" reason="syn-ack" reason_ttl="51"/></port></ports></host>
<host endtime="1733427515"><address addr="202.46.1.82" addrtype="ipv4"/><ports><port protocol="tcp" portid="5060"><state state="open" reason="syn-ack" reason_ttl="50"/></port></ports></host>
<host endtime="1733427517"><address addr="202.46.243.67" addrtype="ipv4"/><ports><port protocol="tcp" portid="5060"><state state="open" reason="syn-ack" reason_ttl="50"/></port></ports></host>
<host endtime="1733427518"><address addr="202.46.7.192" addrtype="ipv4"/><ports><port protocol="tcp" portid="5060"><state state="open" reason="syn-ack" reason_ttl="51"/></port></ports></host>
<host endtime="1733427519"><address addr="202.46.242.18" addrtype="ipv4"/><ports><port protocol="tcp" portid="5060"><state state="open" reason="syn-ack" reason_ttl="51"/></port></ports></host>
<host endtime="1733427520"><address addr="202.46.250.242" addrtype="ipv4"/><ports><port protocol="tcp" portid="5060"><state state="open" reason="syn-ack" reason_ttl="51"/></port></ports></host>
<host endtime="1733427520"><address addr="202.46.4.226" addrtype="ipv4"/><ports><port protocol="tcp" portid="5060"><state state="open" reason="syn-ack" reason_ttl="51"/></port></ports></host>
<host endtime="1733427521"><address addr="202.46.255.185" addrtype="ipv4"/><ports><port protocol="tcp" portid="5060"><state state="open" reason="syn-ack" reason_ttl="50"/></port></ports></host>
<host endtime="1733427523"><address addr="202.46.250.40" addrtype="ipv4"/><ports><port protocol="tcp" portid="5060"><state state="open" reason="syn-ack" reason_ttl="51"/></port></ports></host>
<host endtime="1733427524"><address addr="202.46.7.255" addrtype="ipv4"/><ports><port protocol="tcp" portid="5060"><state state="open" reason="syn-ack" reason_ttl="51"/></port></ports></host>
<host endtime="1733427525"><address addr="202.46.11.117" addrtype="ipv4"/><ports><port protocol="tcp" portid="5060"><state state="open" reason="syn-ack" reason_ttl="51"/></port></ports></host>
<host endtime="1733427526"><address addr="103.83.18.201" addrtype="ipv4"/><ports><port protocol="tcp" portid="5060"><state state="open" reason="syn-ack" reason_ttl="48"/></port></ports></host>
<host endtime="1733427526"><address addr="202.46.243.117" addrtype="ipv4"/><ports><port protocol="tcp" portid="5060"><state state="open" reason="syn-ack" reason_ttl="50"/></port></ports></host>
<host endtime="1733427529"><address addr="202.46.241.174" addrtype="ipv4"/><ports><port protocol="tcp" portid="5060"><state state="open" reason="syn-ack" reason_ttl="50"/></port></ports></host>
<host endtime="1733427530"><address addr="202.46.243.245" addrtype="ipv4"/><ports><port protocol="tcp" portid="5060"><state state="open" reason="syn-ack" reason_ttl="50"/></port></ports></host>
<host endtime="1733427530"><address addr="202.46.4.119" addrtype="ipv4"/><ports><port protocol="tcp" portid="5060"><state state="open" reason="syn-ack" reason_ttl="51"/></port></ports></host>
<host endtime="1733427537"><address addr="202.46.13.247" addrtype="ipv4"/><ports><port protocol="tcp" portid="5060"><state state="open" reason="syn-ack" reason_ttl="51"/></port></ports></host>
<host endtime="1733427540"><address addr="193.98.229.26" addrtype="ipv4"/><ports><port protocol="tcp" portid="5061"><state state="open" reason="syn-ack" reason_ttl="44"/></port></ports></host>
<host endtime="1733427541"><address addr="202.46.244.254" addrtype="ipv4"/><ports><port protocol="tcp" portid="5060"><state state="open" reason="syn-ack" reason_ttl="51"/></port></ports></host>
<host endtime="1733427545"><address addr="202.46.252.253" addrtype="ipv4"/><ports><port protocol="tcp" portid="5060"><state state="open" reason="syn-ack" reason_ttl="51"/></port></ports></host>
<host endtime="1733427545"><address addr="202.46.9.218" addrtype="ipv4"/><ports><port protocol="tcp" portid="5060"><state state="open" reason="syn-ack" reason_ttl="51"/></port></ports></host>
<host endtime="1733427546"><address addr="202.46.249.181" addrtype="ipv4"/><ports><port protocol="tcp" portid="5060"><state state="open" reason="syn-ack" reason_ttl="50"/></port></ports></host>
<host endtime="1733427549"><address addr="193.103.200.198" addrtype="ipv4"/><ports><port protocol="tcp" portid="5060"><state state="open" reason="syn-ack" reason_ttl="54"/></port></ports></host>
<host endtime="1733427549"><address addr="202.46.10.181" addrtype="ipv4"/><ports><port protocol="tcp" portid="5060"><state state="open" reason="syn-ack" reason_ttl="51"/></port></ports></host>
<host endtime="1733427552"><address addr="202.46.246.159" addrtype="ipv4"/><ports><port protocol="tcp" portid="5060"><state state="open" reason="syn-ack" reason_ttl="51"/></port></ports></host>
<host endtime="1733427552"><address addr="202.46.0.119" addrtype="ipv4"/><ports><port protocol="tcp" portid="5060"><state state="open" reason="syn-ack" reason_ttl="50"/></port></ports></host>
<host endtime="1733427553"><address addr="202.46.12.186" addrtype="ipv4"/><ports><port protocol="tcp" portid="5060"><state state="open" reason="syn-ack" reason_ttl="51"/></port></ports></host>
<host endtime="1733427555"><address addr="202.46.2.20" addrtype="ipv4"/><ports><port protocol="tcp" portid="5060"><state state="open" reason="syn-ack" reason_ttl="51"/></port></ports></host>
<host endtime="1733427555"><address addr="199.201.237.128" addrtype="ipv4"/><ports><port protocol="tcp" portid="5060"><state state="open" reason="syn-ack" reason_ttl="47"/></port></ports></host>
<host endtime="1733427559"><address addr="202.46.245.64" addrtype="ipv4"/><ports><port protocol="tcp" portid="5060"><state state="open" reason="syn-ack" reason_ttl="50"/></port></ports></host>
<host endtime="1733427559"><address addr="202.46.251.5" addrtype="ipv4"/><ports><port protocol="tcp" portid="5060"><state state="open" reason="syn-ack" reason_ttl="50"/></port></ports></host>
<host endtime="1733427561"><address addr="202.46.253.88" addrtype="ipv4"/><ports><port protocol="tcp" portid="5060"><state state="open" reason="syn-ack" reason_ttl="51"/></port></ports></host>
<host endtime="1733427569"><address addr="103.83.19.151" addrtype="ipv4"/><ports><port protocol="tcp" portid="5060"><state state="open" reason="syn-ack" reason_ttl="48"/></port></ports></host>
<host endtime="1733427572"><address addr="202.46.249.87" addrtype="ipv4"/><ports><port protocol="tcp" portid="5060"><state state="open" reason="syn-ack" reason_ttl="50"/></port></ports></host>
<host endtime="1733427574"><address addr="202.46.246.227" addrtype="ipv4"/><ports><port protocol="tcp" portid="5060"><state state="open" reason="syn-ack" reason_ttl="50"/></port></ports></host>
<host endtime="1733427580"><address addr="202.46.15.109" addrtype="ipv4"/><ports><port protocol="tcp" portid="5060"><state state="open" reason="syn-ack" reason_ttl="51"/></port></ports></host>
<host endtime="1733427580"><address addr="199.123.26.163" addrtype="ipv4"/><ports><port protocol="tcp" portid="5060"><state state="open" reason="syn-ack" reason_ttl="229"/></port></ports></host>
<host endtime="1733427582"><address addr="193.103.200.95" addrtype="ipv4"/><ports><port protocol="tcp" portid="5060"><state state="open" reason="syn-ack" reason_ttl="52"/></port></ports></host>
<host endtime="1733427583"><address addr="202.46.6.202" addrtype="ipv4"/><ports><port protocol="tcp" portid="5060"><state state="open" reason="syn-ack" reason_ttl="50"/></port></ports></host>
<host endtime="1733427585"><address addr="199.201.236.83" addrtype="ipv4"/><ports><port protocol="tcp" portid="5060"><state state="open" reason="syn-ack" reason_ttl="47"/></port></ports></host>
<host endtime="1733427588"><address addr="103.177.50.93" addrtype="ipv4"/><ports><port protocol="tcp" portid="5060"><state state="open" reason="syn-ack" reason_ttl="120"/></port></ports></host>
<host endtime="1733427588"><address addr="202.46.246.198" addrtype="ipv4"/><ports><port protocol="tcp" portid="5060"><state state="open" reason="syn-ack" reason_ttl="51"/></port></ports></host>
<host endtime="1733427588"><address addr="202.46.14.250" addrtype="ipv4"/><ports><port protocol="tcp" portid="5060"><state state="open" reason="syn-ack" reason_ttl="50"/></port></ports></host>
<host endtime="1733427591"><address addr="202.46.244.167" addrtype="ipv4"/><ports><port protocol="tcp" portid="5060"><state state="open" reason="syn-ack" reason_ttl="50"/></port></ports></host>
<host endtime="1733427592"><address addr="202.46.15.156" addrtype="ipv4"/><ports><port protocol="tcp" portid="5061"><state state="open" reason="syn-ack" reason_ttl="50"/></port></ports></host>
<host endtime="1733427595"><address addr="202.46.250.121" addrtype="ipv4"/><ports><port protocol="tcp" portid="5060"><state state="open" reason="syn-ack" reason_ttl="50"/></port></ports></host>
<host endtime="1733427596"><address addr="202.46.254.170" addrtype="ipv4"/><ports><port protocol="tcp" portid="5060"><state state="open" reason="syn-ack" reason_ttl="51"/></port></ports></host>
<host endtime="1733427597"><address addr="202.46.255.157" addrtype="ipv4"/><ports><port protocol="tcp" portid="5060"><state state="open" reason="syn-ack" reason_ttl="51"/></port></ports></host>
<host endtime="1733427597"><address addr="202.46.9.213" addrtype="ipv4"/><ports><port protocol="tcp" portid="5060"><state state="open" reason="syn-ack" reason_ttl="50"/></port></ports></host>
<host endtime="1733427600"><address addr="103.224.214.227" addrtype="ipv4"/><ports><port protocol="tcp" portid="5060"><state state="open" reason="syn-ack" reason_ttl="48"/></port></ports></host>
<host endtime="1733427602"><address addr="202.46.5.20" addrtype="ipv4"/><ports><port protocol="tcp" portid="5060"><state state="open" reason="syn-ack" reason_ttl="51"/></port></ports></host>
<host endtime="1733427603"><address addr="202.46.245.56" addrtype="ipv4"/><ports><port protocol="tcp" portid="5060"><state state="open" reason="syn-ack" reason_ttl="50"/></port></ports></host>
<host endtime="1733427603"><address addr="202.46.1.4" addrtype="ipv4"/><ports><port protocol="tcp" portid="5060"><state state="open" reason="syn-ack" reason_ttl="51"/></port></ports></host>
<host endtime="1733427606"><address addr="202.46.250.34" addrtype="ipv4"/><ports><port protocol="tcp" portid="5060"><state state="open" reason="syn-ack" reason_ttl="51"/></port></ports></host>
<host endtime="1733427609"><address addr="202.46.241.22" addrtype="ipv4"/><ports><port protocol="tcp" portid="5060"><state state="open" reason="syn-ack" reason_ttl="50"/></port></ports></host>
<host endtime="1733427619"><address addr="199.123.27.43" addrtype="ipv4"/><ports><port protocol="tcp" portid="5060"><state state="open" reason="syn-ack" reason_ttl="229"/></port></ports></host>
<host endtime="1733427624"><address addr="103.224.214.232" addrtype="ipv4"/><ports><port protocol="tcp" portid="5060"><state state="open" reason="syn-ack" reason_ttl="48"/></port></ports></host>
<host endtime="1733427628"><address addr="202.46.1.103" addrtype="ipv4"/><ports><port protocol="tcp" portid="5060"><state state="open" reason="syn-ack" reason_ttl="51"/></port></ports></host>
<host endtime="1733427629"><address addr="202.46.0.99" addrtype="ipv4"/><ports><port protocol="tcp" portid="5060"><state state="open" reason="syn-ack" reason_ttl="51"/></port></ports></host>
<host endtime="1733427629"><address addr="202.46.5.27" addrtype="ipv4"/><ports><port protocol="tcp" portid="5060"><state state="open" reason="syn-ack" reason_ttl="50"/></port></ports></host>
<host endtime="1733427629"><address addr="202.46.6.77" addrtype="ipv4"/><ports><port protocol="tcp" portid="5060"><state state="open" reason="syn-ack" reason_ttl="51"/></port></ports></host>
<host endtime="1733427629"><address addr="199.123.25.118" addrtype="ipv4"/><ports><port protocol="tcp" portid="5060"><state state="open" reason="syn-ack" reason_ttl="229"/></port></ports></host>
<host endtime="1733427631"><address addr="199.201.237.253" addrtype="ipv4"/><ports><port protocol="tcp" portid="5060"><state state="open" reason="syn-ack" reason_ttl="47"/></port></ports></host>
<host endtime="1733427631"><address addr="202.46.1.51" addrtype="ipv4"/><ports><port protocol="tcp" portid="5060"><state state="open" reason="syn-ack" reason_ttl="51"/></port></ports></host>
<host endtime="1733427633"><address addr="202.46.14.189" addrtype="ipv4"/><ports><port protocol="tcp" portid="5060"><state state="open" reason="syn-ack" reason_ttl="50"/></port></ports></host>
<host endtime="1733427638"><address addr="103.224.215.161" addrtype="ipv4"/><ports><port protocol="tcp" portid="5060"><state state="open" reason="syn-ack" reason_ttl="48"/></port></ports></host>
<host endtime="1733427638"><address addr="103.83.18.226" addrtype="ipv4"/><ports><port protocol="tcp" portid="5060"><state state="open" reason="syn-ack" reason_ttl="48"/></port></ports></host>
<host endtime="1733427639"><address addr="202.46.248.153" addrtype="ipv4"/><ports><port protocol="tcp" portid="5060"><state state="open" reason="syn-ack" reason_ttl="51"/></port></ports></host>
<host endtime="1733427641"><address addr="193.98.229.84" addrtype="ipv4"/><ports><port protocol="tcp" portid="5061"><state state="open" reason="syn-ack" reason_ttl="44"/></port></ports></host>
<host endtime="1733427647"><address addr="202.46.254.47" addrtype="ipv4"/><ports><port protocol="tcp" portid="5060"><state state="open" reason="syn-ack" reason_ttl="50"/></port></ports></host>
<host endtime="1733427648"><address addr="103.224.215.158" addrtype="ipv4"/><ports><port protocol="tcp" portid="5060"><state state="open" reason="syn-ack" reason_ttl="48"/></port></ports></host>
<host endtime="1733427649"><address addr="199.123.27.221" addrtype="ipv4"/><ports><port protocol="tcp" portid="5060"><state state="open" reason="syn-ack" reason_ttl="229"/></port></ports></host>
<host endtime="1733427651"><address addr="202.46.14.217" addrtype="ipv4"/><ports><port protocol="tcp" portid="5060"><state state="open" reason="syn-ack" reason_ttl="50"/></port></ports></host>
<host endtime="1733427652"><address addr="202.46.11.208" addrtype="ipv4"/><ports><port protocol="tcp" portid="5060"><state state="open" reason="syn-ack" reason_ttl="50"/></port></ports></host>
<host endtime="1733427653"><address addr="202.46.241.75" addrtype="ipv4"/><ports><port protocol="tcp" portid="5060"><state state="open" reason="syn-ack" reason_ttl="51"/></port></ports></host>
<host endtime="1733427653"><address addr="202.46.254.37" addrtype="ipv4"/><ports><port protocol="tcp" portid="5060"><state state="open" reason="syn-ack" reason_ttl="50"/></port></ports></host>
<host endtime="1733427653"><address addr="199.123.24.88" addrtype="ipv4"/><ports><port protocol="tcp" portid="5060"><state state="open" reason="syn-ack" reason_ttl="229"/></port></ports></host>
<host endtime="1733427657"><address addr="202.46.5.115" addrtype="ipv4"/><ports><port protocol="tcp" portid="5060"><state state="open" reason="syn-ack" reason_ttl="50"/></port></ports></host>
<host endtime="1733427657"><address addr="202.46.13.84" addrtype="ipv4"/><ports><port protocol="tcp" portid="5060"><state state="open" reason="syn-ack" reason_ttl="50"/></port></ports></host>
<host endtime="1733427658"><address addr="202.46.7.165" addrtype="ipv4"/><ports><port protocol="tcp" portid="5060"><state state="open" reason="syn-ack" reason_ttl="50"/></port></ports></host>
<host endtime="1733427658"><address addr="202.46.248.201" addrtype="ipv4"/><ports><port protocol="tcp" portid="5060"><state state="open" reason="syn-ack" reason_ttl="51"/></port></ports></host>
<host endtime="1733427660"><address addr="202.46.13.189" addrtype="ipv4"/><ports><port protocol="tcp" portid="5060"><state state="open" reason="syn-ack" reason_ttl="50"/></port></ports></host>
<host endtime="1733427661"><address addr="202.46.242.45" addrtype="ipv4"/><ports><port protocol="tcp" portid="5060"><state state="open" reason="syn-ack" reason_ttl="50"/></port></ports></host>
<host endtime="1733427662"><address addr="202.46.251.153" addrtype="ipv4"/><ports><port protocol="tcp" portid="5060"><state state="open" reason="syn-ack" reason_ttl="51"/></port></ports></host>
<host endtime="1733427666"><address addr="202.46.253.147" addrtype="ipv4"/><ports><port protocol="tcp" portid="5060"><state state="open" reason="syn-ack" reason_ttl="50"/></port></ports></host>
<host endtime="1733427667"><address addr="202.46.252.106" addrtype="ipv4"/><ports><port protocol="tcp" portid="5060"><state state="open" reason="syn-ack" reason_ttl="51"/></port></ports></host>
<host endtime="1733427667"><address addr="202.46.254.16" addrtype="ipv4"/><ports><port protocol="tcp" portid="5060"><state state="open" reason="syn-ack" reason_ttl="51"/></port></ports></host>
<host endtime="1733427670"><address addr="202.46.6.58" addrtype="ipv4"/><ports><port protocol="tcp" portid="5060"><state state="open" reason="syn-ack" reason_ttl="51"/></port></ports></host>
<host endtime="1733427673"><address addr="202.46.252.236" addrtype="ipv4"/><ports><port protocol="tcp" portid="5060"><state state="open" reason="syn-ack" reason_ttl="51"/></port></ports></host>
<host endtime="1733427673"><address addr="202.46.14.174" addrtype="ipv4"/><ports><port protocol="tcp" portid="5060"><state state="open" reason="syn-ack" reason_ttl="51"/></port></ports></host>
<host endtime="1733427675"><address addr="202.46.255.104" addrtype="ipv4"/><ports><port protocol="tcp" portid="5060"><state state="open" reason="syn-ack" reason_ttl="51"/></port></ports></host>
<host endtime="1733427676"><address addr="103.83.18.21" addrtype="ipv4"/><ports><port protocol="tcp" portid="5060"><state state="open" reason="syn-ack" reason_ttl="48"/></port></ports></host>
<host endtime="1733427676"><address addr="202.46.243.182" addrtype="ipv4"/><ports><port protocol="tcp" portid="5060"><state state="open" reason="syn-ack" reason_ttl="51"/></port></ports></host>
<host endtime="1733427678"><address addr="199.123.25.73" addrtype="ipv4"/><ports><port protocol="tcp" portid="5060"><state state="open" reason="syn-ack" reason_ttl="229"/></port></ports></host>
<host endtime="1733427680"><address addr="202.46.11.185" addrtype="ipv4"/><ports><port protocol="tcp" portid="5060"><state state="open" reason="syn-ack" reason_ttl="51"/></port></ports></host>
<host endtime="1733427681"><address addr="202.46.9.132" addrtype="ipv4"/><ports><port protocol="tcp" portid="5060"><state state="open" reason="syn-ack" reason_ttl="51"/></port></ports></host>
<host endtime="1733427681"><address addr="202.46.14.147" addrtype="ipv4"/><ports><port protocol="tcp" portid="5060"><state state="open" reason="syn-ack" reason_ttl="50"/></port></ports></host>
<host endtime="1733427681"><address addr="202.46.242.91" addrtype="ipv4"/><ports><port protocol="tcp" portid="5060"><state state="open" reason="syn-ack" reason_ttl="51"/></port></ports></host>
<host endtime="1733427684"><address addr="103.177.50.64" addrtype="ipv4"/><ports><port protocol="tcp" portid="5060"><state state="open" reason="syn-ack" reason_ttl="121"/></port></ports></host>
<host endtime="1733427684"><address addr="202.46.243.167" addrtype="ipv4"/><ports><port protocol="tcp" portid="5060"><state state="open" reason="syn-ack" reason_ttl="51"/></port></ports></host>
<host endtime="1733427686"><address addr="103.224.214.240" addrtype="ipv4"/><ports><port protocol="tcp" portid="5060"><state state="open" reason="syn-ack" reason_ttl="48"/></port></ports></host>
<host endtime="1733427687"><address addr="202.46.8.4" addrtype="ipv4"/><ports><port protocol="tcp" portid="5060"><state state="open" reason="syn-ack" reason_ttl="50"/></port></ports></host>
<host endtime="1733427688"><address addr="193.103.206.33" addrtype="ipv4"/><ports><port protocol="tcp" portid="5060"><state state="open" reason="syn-ack" reason_ttl="54"/></port></ports></host>
<host endtime="1733427688"><address addr="202.46.253.201" addrtype="ipv4"/><ports><port protocol="tcp" portid="5060"><state state="open" reason="syn-ack" reason_ttl="51"/></port></ports></host>
<host endtime="1733427692"><address addr="202.46.8.109" addrtype="ipv4"/><ports><port protocol="tcp" portid="5060"><state state="open" reason="syn-ack" reason_ttl="51"/></port></ports></host>
<host endtime="1733427693"><address addr="202.46.247.142" addrtype="ipv4"/><ports><port protocol="tcp" portid="5060"><state state="open" reason="syn-ack" reason_ttl="50"/></port></ports></host>
<host endtime="1733427695"><address addr="202.46.6.208" addrtype="ipv4"/><ports><port protocol="tcp" portid="5060"><state state="open" reason="syn-ack" reason_ttl="51"/></port></ports></host>
<host endtime="1733427696"><address addr="103.83.19.223" addrtype="ipv4"/><ports><port protocol="tcp" portid="5060"><state state="open" reason="syn-ack" reason_ttl="48"/></port></ports></host>
<host endtime="1733427697"><address addr="103.83.18.44" addrtype="ipv4"/><ports><port protocol="tcp" portid="5060"><state state="open" reason="syn-ack" reason_ttl="48"/></port></ports></host>
<host endtime="1733427701"><address addr="202.46.0.50" addrtype="ipv4"/><ports><port protocol="tcp" portid="5060"><state state="open" reason="syn-ack" reason_ttl="51"/></port></ports></host>
<host endtime="1733427703"><address addr="202.46.12.58" addrtype="ipv4"/><ports><port protocol="tcp" portid="5060"><state state="open" reason="syn-ack" reason_ttl="50"/></port></ports></host>
<host endtime="1733427703"><address addr="103.83.19.170" addrtype="ipv4"/><ports><port protocol="tcp" portid="5060"><state state="open" reason="syn-ack" reason_ttl="48"/></port></ports></host>
<host endtime="1733427705"><address addr="193.98.229.60" addrtype="ipv4"/><ports><port protocol="tcp" portid="5061"><state state="open" reason="syn-ack" reason_ttl="47"/></port></ports></host>
<host endtime="1733427708"><address addr="193.101.168.118" addrtype="ipv4"/><ports><port protocol="tcp" portid="5061"><state state="open" reason="syn-ack" reason_ttl="108"/></port></ports></host>
<host endtime="1733427709"><address addr="202.46.251.43" addrtype="ipv4"/><ports><port protocol="tcp" portid="5060"><state state="open" reason="syn-ack" reason_ttl="51"/></port></ports></host>
<host endtime="1733427711"><address addr="202.46.252.96" addrtype="ipv4"/><ports><port protocol="tcp" portid="5060"><state state="open" reason="syn-ack" reason_ttl="50"/></port></ports></host>
<host endtime="1733427712"><address addr="202.46.252.227" addrtype="ipv4"/><ports><port protocol="tcp" portid="5060"><state state="open" reason="syn-ack" reason_ttl="51"/></port></ports></host>
<host endtime="1733427716"><address addr="193.101.132.6" addrtype="ipv4"/><ports><port protocol="tcp" portid="5061"><state state="open" reason="syn-ack" reason_ttl="47"/></port></ports></host>
<host endtime="1733427718"><address addr="202.46.245.73" addrtype="ipv4"/><ports><port protocol="tcp" portid="5060"><state state="open" reason="syn-ack" reason_ttl="51"/></port></ports></host>
<host endtime="1733427721"><address addr="199.123.25.181" addrtype="ipv4"/><ports><port protocol="tcp" portid="5060"><state state="open" reason="syn-ack" reason_ttl="229"/></port></ports></host>
<host endtime="1733427723"><address addr="103.224.215.217" addrtype="ipv4"/><ports><port protocol="tcp" portid="5060"><state state="open" reason="syn-ack" reason_ttl="48"/></port></ports></host>
<host endtime="1733427725"><address addr="202.46.249.167" addrtype="ipv4"/><ports><port protocol="tcp" portid="5060"><state state="open" reason="syn-ack" reason_ttl="51"/></port></ports></host>
<host endtime="1733427729"><address addr="103.224.215.166" addrtype="ipv4"/><ports><port protocol="tcp" portid="5060"><state state="open" reason="syn-ack" reason_ttl="48"/></port></ports></host>
<host endtime="1733427731"><address addr="202.46.3.188" addrtype="ipv4"/><ports><port protocol="tcp" portid="5060"><state state="open" reason="syn-ack" reason_ttl="50"/></port></ports></host>
<host endtime="1733427732"><address addr="202.46.251.97" addrtype="ipv4"/><ports><port protocol="tcp" portid="5060"><state state="open" reason="syn-ack" reason_ttl="51"/></port></ports></host>
<host endtime="1733427733"><address addr="202.46.6.76" addrtype="ipv4"/><ports><port protocol="tcp" portid="5060"><state state="open" reason="syn-ack" reason_ttl="51"/></port></ports></host>
<host endtime="1733427733"><address addr="202.46.241.99" addrtype="ipv4"/><ports><port protocol="tcp" portid="5060"><state state="open" reason="syn-ack" reason_ttl="51"/></port></ports></host>
<host endtime="1733427734"><address addr="202.46.8.82" addrtype="ipv4"/><ports><port protocol="tcp" portid="5060"><state state="open" reason="syn-ack" reason_ttl="50"/></port></ports></host>
<host endtime="1733427736"><address addr="202.46.1.229" addrtype="ipv4"/><ports><port protocol="tcp" portid="5060"><state state="open" reason="syn-ack" reason_ttl="51"/></port></ports></host>
<host endtime="1733427736"><address addr="202.46.12.146" addrtype="ipv4"/><ports><port protocol="tcp" portid="5060"><state state="open" reason="syn-ack" reason_ttl="51"/></port></ports></host>
<host endtime="1733427736"><address addr="202.46.253.150" addrtype="ipv4"/><ports><port protocol="tcp" portid="5060"><state state="open" reason="syn-ack" reason_ttl="51"/></port></ports></host>
<host endtime="1733427738"><address addr="202.46.255.220" addrtype="ipv4"/><ports><port protocol="tcp" portid="5060"><state state="open" reason="syn-ack" reason_ttl="51"/></port></ports></host>
<host endtime="1733427741"><address addr="103.224.214.18" addrtype="ipv4"/><ports><port protocol="tcp" portid="5060"><state state="open" reason="syn-ack" reason_ttl="48"/></port></ports></host>
<host endtime="1733427742"><address addr="202.46.249.52" addrtype="ipv4"/><ports><port protocol="tcp" portid="5060"><state state="open" reason="syn-ack" reason_ttl="51"/></port></ports></host>
<host endtime="1733427744"><address addr="199.123.27.251" addrtype="ipv4"/><ports><port protocol="tcp" portid="5060"><state state="open" reason="syn-ack" reason_ttl="229"/></port></ports></host>
<host endtime="1733427750"><address addr="202.46.242.168" addrtype="ipv4"/><ports><port protocol="tcp" portid="5060"><state state="open" reason="syn-ack" reason_ttl="51"/></port></ports></host>
<host endtime="1733427758"><address addr="202.46.253.76" addrtype="ipv4"/><ports><port protocol="tcp" portid="5060"><state state="open" reason="syn-ack" reason_ttl="51"/></port></ports></host>
<host endtime="1733427760"><address addr="193.98.229.245" addrtype="ipv4"/><ports><port protocol="tcp" portid="5060"><state state="open" reason="syn-ack" reason_ttl="44"/></port></ports></host>
<host endtime="1733427764"><address addr="193.98.229.65" addrtype="ipv4"/><ports><port protocol="tcp" portid="5061"><state state="open" reason="syn-ack" reason_ttl="44"/></port></ports></host>
<host endtime="1733427766"><address addr="202.46.2.84" addrtype="ipv4"/><ports><port protocol="tcp" portid="5060"><state state="open" reason="syn-ack" reason_ttl="51"/></port></ports></host>
<host endtime="1733427769"><address addr="199.123.24.12" addrtype="ipv4"/><ports><port protocol="tcp" portid="5060"><state state="open" reason="syn-ack" reason_ttl="229"/></port></ports></host>
<host endtime="1733427771"><address addr="193.103.200.82" addrtype="ipv4"/><ports><port protocol="tcp" portid="5060"><state state="open" reason="syn-ack" reason_ttl="52"/></port></ports></host>
<host endtime="1733427772"><address addr="202.46.242.248" addrtype="ipv4"/><ports><port protocol="tcp" portid="5060"><state state="open" reason="syn-ack" reason_ttl="51"/></port></ports></host>
<host endtime="1733427772"><address addr="202.46.13.197" addrtype="ipv4"/><ports><port protocol="tcp" portid="5060"><state state="open" reason="syn-ack" reason_ttl="50"/></port></ports></host>
<host endtime="1733427773"><address addr="202.46.9.97" addrtype="ipv4"/><ports><port protocol="tcp" portid="5060"><state state="open" reason="syn-ack" reason_ttl="51"/></port></ports></host>
<host endtime="1733427779"><address addr="202.46.252.121" addrtype="ipv4"/><ports><port protocol="tcp" portid="5060"><state state="open" reason="syn-ack" reason_ttl="50"/></port></ports></host>
<host endtime="1733427780"><address addr="202.46.15.151" addrtype="ipv4"/><ports><port protocol="tcp" portid="5061"><state state="open" reason="syn-ack" reason_ttl="50"/></port></ports></host>
<host endtime="1733427783"><address addr="202.46.242.233" addrtype="ipv4"/><ports><port protocol="tcp" portid="5060"><state state="open" reason="syn-ack" reason_ttl="51"/></port></ports></host>
<host endtime="1733427783"><address addr="202.46.12.26" addrtype="ipv4"/><ports><port protocol="tcp" portid="5060"><state state="open" reason="syn-ack" reason_ttl="51"/></port></ports></host>
<host endtime="1733427784"><address addr="202.46.247.8" addrtype="ipv4"/><ports><port protocol="tcp" portid="5060"><state state="open" reason="syn-ack" reason_ttl="50"/></port></ports></host>
<host endtime="1733427791"><address addr="202.46.14.246" addrtype="ipv4"/><ports><port protocol="tcp" portid="5060"><state state="open" reason="syn-ack" reason_ttl="50"/></port></ports></host>
<host endtime="1733427799"><address addr="202.46.2.231" addrtype="ipv4"/><ports><port protocol="tcp" portid="5060"><state state="open" reason="syn-ack" reason_ttl="51"/></port></ports></host>
<host endtime="1733427804"><address addr="202.46.11.186" addrtype="ipv4"/><ports><port protocol="tcp" portid="5060"><state state="open" reason="syn-ack" reason_ttl="51"/></port></ports></host>
<host endtime="1733427808"><address addr="202.46.8.93" addrtype="ipv4"/><ports><port protocol="tcp" portid="5060"><state state="open" reason="syn-ack" reason_ttl="50"/></port></ports></host>
<host endtime="1733427811"><address addr="202.46.248.126" addrtype="ipv4"/><ports><port protocol="tcp" portid="5060"><state state="open" reason="syn-ack" reason_ttl="51"/></port></ports></host>
<host endtime="1733427813"><address addr="202.46.254.253" addrtype="ipv4"/><ports><port protocol="tcp" portid="5060"><state state="open" reason="syn-ack" reason_ttl="50"/></port></ports></host>
<host endtime="1733427813"><address addr="202.46.246.163" addrtype="ipv4"/><ports><port protocol="tcp" portid="5060"><state state="open" reason="syn-ack" reason_ttl="51"/></port></ports></host>
<host endtime="1733427815"><address addr="202.46.11.59" addrtype="ipv4"/><ports><port protocol="tcp" portid="5060"><state state="open" reason="syn-ack" reason_ttl="51"/></port></ports></host>
<host endtime="1733427815"><address addr="202.46.255.234" addrtype="ipv4"/><ports><port protocol="tcp" portid="5060"><state state="open" reason="syn-ack" reason_ttl="51"/></port></ports></host>
<host endtime="1733427816"><address addr="202.46.250.113" addrtype="ipv4"/><ports><port protocol="tcp" portid="5060"><state state="open" reason="syn-ack" reason_ttl="51"/></port></ports></host>
<host endtime="1733427817"><address addr="202.46.253.4" addrtype="ipv4"/><ports><port protocol="tcp" portid="5060"><state state="open" reason="syn-ack" reason_ttl="50"/></port></ports></host>
<host endtime="1733427820"><address addr="103.83.19.102" addrtype="ipv4"/><ports><port protocol="tcp" portid="5060"><state state="open" reason="syn-ack" reason_ttl="48"/></port></ports></host>
<host endtime="1733427823"><address addr="202.46.15.139" addrtype="ipv4"/><ports><port protocol="tcp" portid="5061"><state state="open" reason="syn-ack" reason_ttl="50"/></port></ports></host>
<host endtime="1733427829"><address addr="202.46.14.186" addrtype="ipv4"/><ports><port protocol="tcp" portid="5060"><state state="open" reason="syn-ack" reason_ttl="51"/></port></ports></host>
<host endtime="1733427830"><address addr="202.46.245.160" addrtype="ipv4"/><ports><port protocol="tcp" portid="5060"><state state="open" reason="syn-ack" reason_ttl="50"/></port></ports></host>
<host endtime="1733427830"><address addr="202.46.2.86" addrtype="ipv4"/><ports><port protocol="tcp" portid="5060"><state state="open" reason="syn-ack" reason_ttl="51"/></port></ports></host>
<host endtime="1733427831"><address addr="103.83.18.39" addrtype="ipv4"/><ports><port protocol="tcp" portid="5060"><state state="open" reason="syn-ack" reason_ttl="48"/></port></ports></host>
<host endtime="1733427834"><address addr="202.46.9.208" addrtype="ipv4"/><ports><port protocol="tcp" portid="5060"><state state="open" reason="syn-ack" reason_ttl="50"/></port></ports></host>
<host endtime="1733427837"><address addr="103.83.18.14" addrtype="ipv4"/><ports><port protocol="tcp" portid="5060"><state state="open" reason="syn-ack" reason_ttl="48"/></port></ports></host>
<host endtime="1733427841"><address addr="202.46.252.197" addrtype="ipv4"/><ports><port protocol="tcp" portid="5060"><state state="open" reason="syn-ack" reason_ttl="51"/></port></ports></host>
<host endtime="1733427843"><address addr="202.46.242.205" addrtype="ipv4"/><ports><port protocol="tcp" portid="5060"><state state="open" reason="syn-ack" reason_ttl="51"/></port></ports></host>
<host endtime="1733427848"><address addr="202.46.14.219" addrtype="ipv4"/><ports><port protocol="tcp" portid="5060"><state state="open" reason="syn-ack" reason_ttl="50"/></port></ports></host>
<host endtime="1733427849"><address addr="202.46.8.232" addrtype="ipv4"/><ports><port protocol="tcp" portid="5060"><state state="open" reason="syn-ack" reason_ttl="50"/></port></ports></host>
<host endtime="1733427850"><address addr="202.46.1.54" addrtype="ipv4"/><ports><port protocol="tcp" portid="5060"><state state="open" reason="syn-ack" reason_ttl="51"/></port></ports></host>
<host endtime="1733427850"><address addr="103.83.18.33" addrtype="ipv4"/><ports><port protocol="tcp" portid="5060"><state state="open" reason="syn-ack" reason_ttl="48"/></port></ports></host>
<host endtime="1733427855"><address addr="202.46.251.210" addrtype="ipv4"/><ports><port protocol="tcp" portid="5060"><state state="open" reason="syn-ack" reason_ttl="51"/></port></ports></host>
<host endtime="1733427856"><address addr="202.46.1.53" addrtype="ipv4"/><ports><port protocol="tcp" portid="5060"><state state="open" reason="syn-ack" reason_ttl="50"/></port></ports></host>
<host endtime="1733427858"><address addr="202.46.241.91" addrtype="ipv4"/><ports><port protocol="tcp" portid="5060"><state state="open" reason="syn-ack" reason_ttl="50"/></port></ports></host>
<host endtime="1733427861"><address addr="202.46.9.58" addrtype="ipv4"/><ports><port protocol="tcp" portid="5060"><state state="open" reason="syn-ack" reason_ttl="51"/></port></ports></host>
<host endtime="1733427863"><address addr="202.46.9.163" addrtype="ipv4"/><ports><port protocol="tcp" portid="5060"><state state="open" reason="syn-ack" reason_ttl="51"/></port></ports></host>
<host endtime="1733427865"><address addr="193.103.200.147" addrtype="ipv4"/><ports><port protocol="tcp" portid="5060"><state state="open" reason="syn-ack" reason_ttl="54"/></port></ports></host>
<host endtime="1733427865"><address addr="199.123.25.228" addrtype="ipv4"/><ports><port protocol="tcp" portid="5060"><state state="open" reason="syn-ack" reason_ttl="229"/></port></ports></host>
<host endtime="1733427868"><address addr="202.46.9.85" addrtype="ipv4"/><ports><port protocol="tcp" portid="5060"><state state="open" reason="syn-ack" reason_ttl="51"/></port></ports></host>
<host endtime="1733427870"><address addr="202.46.14.207" addrtype="ipv4"/><ports><port protocol="tcp" portid="5060"><state state="open" reason="syn-ack" reason_ttl="51"/></port></ports></host>
<host endtime="1733427870"><address addr="202.46.2.206" addrtype="ipv4"/><ports><port protocol="tcp" portid="5060"><state state="open" reason="syn-ack" reason_ttl="51"/></port></ports></host>
<host endtime="1733427871"><address addr="202.46.15.218" addrtype="ipv4"/><ports><port protocol="tcp" portid="5060"><state state="open" reason="syn-ack" reason_ttl="51"/></port></ports></host>
<host endtime="1733427872"><address addr="199.123.26.14" addrtype="ipv4"/><ports><port protocol="tcp" portid="5060"><state state="open" reason="syn-ack" reason_ttl="229"/></port></ports></host>
<host endtime="1733427873"><address addr="193.98.229.221" addrtype="ipv4"/><ports><port protocol="tcp" portid="5061"><state state="open" reason="syn-ack" reason_ttl="49"/></port></ports></host>
<host endtime="1733427874"><address addr="202.46.241.65" addrtype="ipv4"/><ports><port protocol="tcp" portid="5060"><state state="open" reason="syn-ack" reason_ttl="50"/></port></ports></host>
<host endtime="1733427874"><address addr="199.201.237.186" addrtype="ipv4"/><ports><port protocol="tcp" portid="5060"><state state="open" reason="syn-ack" reason_ttl="47"/></port></ports></host>
<host endtime="1733427876"><address addr="199.123.26.198" addrtype="ipv4"/><ports><port protocol="tcp" portid="5060"><state state="open" reason="syn-ack" reason_ttl="229"/></port></ports></host>
<host endtime="1733427888"><address addr="193.103.200.219" addrtype="ipv4"/><ports><port protocol="tcp" portid="5060"><state state="open" reason="syn-ack" reason_ttl="52"/></port></ports></host>
<host endtime="1733427889"><address addr="202.46.250.241" addrtype="ipv4"/><ports><port protocol="tcp" portid="5060"><state state="open" reason="syn-ack" reason_ttl="51"/></port></ports></host>
<host endtime="1733427889"><address addr="202.46.243.193" addrtype="ipv4"/><ports><port protocol="tcp" portid="5060"><state state="open" reason="syn-ack" reason_ttl="51"/></port></ports></host>
<host endtime="1733427896"><address addr="202.46.253.63" addrtype="ipv4"/><ports><port protocol="tcp" portid="5060"><state state="open" reason="syn-ack" reason_ttl="51"/></port></ports></host>
<host endtime="1733427897"><address addr="202.46.4.47" addrtype="ipv4"/><ports><port protocol="tcp" portid="5060"><state state="open" reason="syn-ack" reason_ttl="51"/></port></ports></host>
<host endtime="1733427900"><address addr="202.46.11.9" addrtype="ipv4"/><ports><port protocol="tcp" portid="5060"><state state="open" reason="syn-ack" reason_ttl="51"/></port></ports></host>
<host endtime="1733427901"><address addr="202.46.254.115" addrtype="ipv4"/><ports><port protocol="tcp" portid="5060"><state state="open" reason="syn-ack" reason_ttl="51"/></port></ports></host>
<host endtime="1733427904"><address addr="202.46.0.255" addrtype="ipv4"/><ports><port protocol="tcp" portid="5060"><state state="open" reason="syn-ack" reason_ttl="51"/></port></ports></host>
<host endtime="1733427915"><address addr="202.46.0.81" addrtype="ipv4"/><ports><port protocol="tcp" portid="5060"><state state="open" reason="syn-ack" reason_ttl="51"/></port></ports></host>
<host endtime="1733427915"><address addr="202.46.13.127" addrtype="ipv4"/><ports><port protocol="tcp" portid="5060"><state state="open" reason="syn-ack" reason_ttl="51"/></port></ports></host>
<host endtime="1733427916"><address addr="202.46.245.24" addrtype="ipv4"/><ports><port protocol="tcp" portid="5060"><state state="open" reason="syn-ack" reason_ttl="51"/></port></ports></host>
<host endtime="1733427917"><address addr="193.98.229.97" addrtype="ipv4"/><ports><port protocol="tcp" portid="5061"><state state="open" reason="syn-ack" reason_ttl="48"/></port></ports></host>
<host endtime="1733427918"><address addr="193.98.116.111" addrtype="ipv4"/><ports><port protocol="tcp" portid="5060"><state state="open" reason="syn-ack" reason_ttl="48"/></port></ports></host>
<host endtime="1733427921"><address addr="202.46.254.126" addrtype="ipv4"/><ports><port protocol="tcp" portid="5060"><state state="open" reason="syn-ack" reason_ttl="51"/></port></ports></host>
<host endtime="1733427924"><address addr="199.123.27.30" addrtype="ipv4"/><ports><port protocol="tcp" portid="5060"><state state="open" reason="syn-ack" reason_ttl="229"/></port></ports></host>
<host endtime="1733427927"><address addr="199.201.237.65" addrtype="ipv4"/><ports><port protocol="tcp" portid="5060"><state state="open" reason="syn-ack" reason_ttl="47"/></port></ports></host>
<host endtime="1733427927"><address addr="193.98.229.92" addrtype="ipv4"/><ports><port protocol="tcp" portid="5060"><state state="open" reason="syn-ack" reason_ttl="49"/></port></ports></host>
<host endtime="1733427928"><address addr="202.46.14.239" addrtype="ipv4"/><ports><port protocol="tcp" portid="5060"><state state="open" reason="syn-ack" reason_ttl="51"/></port></ports></host>
<host endtime="1733427935"><address addr="202.46.248.2" addrtype="ipv4"/><ports><port protocol="tcp" portid="5060"><state state="open" reason="syn-ack" reason_ttl="50"/></port></ports></host>
<host endtime="1733427937"><address addr="202.46.14.45" addrtype="ipv4"/><ports><port protocol="tcp" portid="5060"><state state="open" reason="syn-ack" reason_ttl="51"/></port></ports></host>
<host endtime="1733427938"><address addr="202.46.11.124" addrtype="ipv4"/><ports><port protocol="tcp" portid="5060"><state state="open" reason="syn-ack" reason_ttl="51"/></port></ports></host>
<host endtime="1733427939"><address addr="202.46.1.170" addrtype="ipv4"/><ports><port protocol="tcp" portid="5060"><state state="open" reason="syn-ack" reason_ttl="51"/></port></ports></host>
<host endtime="1733427942"><address addr="103.224.215.192" addrtype="ipv4"/><ports><port protocol="tcp" portid="5060"><state state="open" reason="syn-ack" reason_ttl="48"/></port></ports></host>
<host endtime="1733427942"><address addr="202.46.5.205" addrtype="ipv4"/><ports><port protocol="tcp" portid="5060"><state state="open" reason="syn-ack" reason_ttl="50"/></port></ports></host>
<host endtime="1733427943"><address addr="202.46.15.155" addrtype="ipv4"/><ports><port protocol="tcp" portid="5060"><state state="open" reason="syn-ack" reason_ttl="51"/></port></ports></host>
<host endtime="1733427944"><address addr="202.46.240.16" addrtype="ipv4"/><ports><port protocol="tcp" portid="5060"><state state="open" reason="syn-ack" reason_ttl="50"/></port></ports></host>
<host endtime="1733427945"><address addr="202.46.8.74" addrtype="ipv4"/><ports><port protocol="tcp" portid="5060"><state state="open" reason="syn-ack" reason_ttl="51"/></port></ports></host>
<host endtime="1733427948"><address addr="193.98.229.89" addrtype="ipv4"/><ports><port protocol="tcp" portid="5060"><state state="open" reason="syn-ack" reason_ttl="49"/></port></ports></host>
<host endtime="1733427950"><address addr="202.46.246.162" addrtype="ipv4"/><ports><port protocol="tcp" portid="5060"><state state="open" reason="syn-ack" reason_ttl="50"/></port></ports></host>
<host endtime="1733427951"><address addr="202.46.15.143" addrtype="ipv4"/><ports><port protocol="tcp" portid="5060"><state state="open" reason="syn-ack" reason_ttl="51"/></port></ports></host>
<host endtime="1733427953"><address addr="199.123.27.211" addrtype="ipv4"/><ports><port protocol="tcp" portid="5060"><state state="open" reason="syn-ack" reason_ttl="229"/></port></ports></host>
<host endtime="1733427957"><address addr="202.46.242.120" addrtype="ipv4"/><ports><port protocol="tcp" portid="5060"><state state="open" reason="syn-ack" reason_ttl="51"/></port></ports></host>
<host endtime="1733427960"><address addr="202.46.9.224" addrtype="ipv4"/><ports><port protocol="tcp" portid="5060"><state state="open" reason="syn-ack" reason_ttl="51"/></port></ports></host>
<host endtime="1733427964"><address addr="196.195.4.56" addrtype="ipv4"/><ports><port protocol="tcp" portid="5060"><state state="open" reason="syn-ack" reason_ttl="51"/></port></ports></host>
<host endtime="1733427966"><address addr="202.46.245.19" addrtype="ipv4"/><ports><port protocol="tcp" portid="5060"><state state="open" reason="syn-ack" reason_ttl="51"/></port></ports></host>
<host endtime="1733427967"><address addr="202.46.255.16" addrtype="ipv4"/><ports><port protocol="tcp" portid="5060"><state state="open" reason="syn-ack" reason_ttl="51"/></port></ports></host>
<host endtime="1733427969"><address addr="202.46.7.86" addrtype="ipv4"/><ports><port protocol="tcp" portid="5060"><state state="open" reason="syn-ack" reason_ttl="50"/></port></ports></host>
<host endtime="1733427969"><address addr="202.46.249.184" addrtype="ipv4"/><ports><port protocol="tcp" portid="5060"><state state="open" reason="syn-ack" reason_ttl="50"/></port></ports></host>
<host endtime="1733427973"><address addr="202.46.9.150" addrtype="ipv4"/><ports><port protocol="tcp" portid="5060"><state state="open" reason="syn-ack" reason_ttl="51"/></port></ports></host>
<host endtime="1733427975"><address addr="202.46.243.168" addrtype="ipv4"/><ports><port protocol="tcp" portid="5060"><state state="open" reason="syn-ack" reason_ttl="51"/></port></ports></host>
<host endtime="1733427975"><address addr="199.123.26.124" addrtype="ipv4"/><ports><port protocol="tcp" portid="5060"><state state="open" reason="syn-ack" reason_ttl="229"/></port></ports></host>
<host endtime="1733427979"><address addr="103.83.19.186" addrtype="ipv4"/><ports><port protocol="tcp" portid="5060"><state state="open" reason="syn-ack" reason_ttl="48"/></port></ports></host>
<host endtime="1733427980"><address addr="193.103.206.104" addrtype="ipv4"/><ports><port protocol="tcp" portid="5060"><state state="open" reason="syn-ack" reason_ttl="54"/></port></ports></host>
<host endtime="1733427980"><address addr="202.46.7.168" addrtype="ipv4"/><ports><port protocol="tcp" portid="5060"><state state="open" reason="syn-ack" reason_ttl="51"/></port></ports></host>
<host endtime="1733427981"><address addr="202.46.5.253" addrtype="ipv4"/><ports><port protocol="tcp" portid="5060"><state state="open" reason="syn-ack" reason_ttl="50"/></port></ports></host>
<host endtime="1733427988"><address addr="202.46.15.119" addrtype="ipv4"/><ports><port protocol="tcp" portid="5060"><state state="open" reason="syn-ack" reason_ttl="51"/></port></ports></host>
<host endtime="1733427990"><address addr="202.46.245.153" addrtype="ipv4"/><ports><port protocol="tcp" portid="5060"><state state="open" reason="syn-ack" reason_ttl="51"/></port></ports></host>
<host endtime="1733427990"><address addr="202.46.15.142" addrtype="ipv4"/><ports><port protocol="tcp" portid="5060"><state state="open" reason="syn-ack" reason_ttl="50"/></port></ports></host>
<host endtime="1733427992"><address addr="103.83.18.34" addrtype="ipv4"/><ports><port protocol="tcp" portid="5060"><state state="open" reason="syn-ack" reason_ttl="48"/></port></ports></host>
<host endtime="1733427993"><address addr="199.123.27.108" addrtype="ipv4"/><ports><port protocol="tcp" portid="5060"><state state="open" reason="syn-ack" reason_ttl="229"/></port></ports></host>
<host endtime="1733427996"><address addr="202.46.242.178" addrtype="ipv4"/><ports><port protocol="tcp" portid="5060"><state state="open" reason="syn-ack" reason_ttl="51"/></port></ports></host>
<host endtime="1733427997"><address addr="193.103.200.30" addrtype="ipv4"/><ports><port protocol="tcp" portid="5060"><state state="open" reason="syn-ack" reason_ttl="52"/></port></ports></host>
<host endtime="1733428001"><address addr="193.98.229.158" addrtype="ipv4"/><ports><port protocol="tcp" portid="5060"><state state="open" reason="syn-ack" reason_ttl="48"/></port></ports></host>
<host endtime="1733428002"><address addr="202.46.15.7" addrtype="ipv4"/><ports><port protocol="tcp" portid="5060"><state state="open" reason="syn-ack" reason_ttl="51"/></port></ports></host>
<host endtime="1733428015"><address addr="202.46.8.76" addrtype="ipv4"/><ports><port protocol="tcp" portid="5060"><state state="open" reason="syn-ack" reason_ttl="51"/></port></ports></host>
<host endtime="1733428017"><address addr="202.46.251.135" addrtype="ipv4"/><ports><port protocol="tcp" portid="5060"><state state="open" reason="syn-ack" reason_ttl="51"/></port></ports></host>
<host endtime="1733428019"><address addr="193.103.200.233" addrtype="ipv4"/><ports><port protocol="tcp" portid="5060"><state state="open" reason="syn-ack" reason_ttl="52"/></port></ports></host>
<host endtime="1733428021"><address addr="202.46.252.91" addrtype="ipv4"/><ports><port protocol="tcp" portid="5060"><state state="open" reason="syn-ack" reason_ttl="50"/></port></ports></host>
<host endtime="1733428024"><address addr="202.46.13.72" addrtype="ipv4"/><ports><port protocol="tcp" portid="5060"><state state="open" reason="syn-ack" reason_ttl="51"/></port></ports></host>
<host endtime="1733428026"><address addr="193.98.229.18" addrtype="ipv4"/><ports><port protocol="tcp" portid="5061"><state state="open" reason="syn-ack" reason_ttl="49"/></port></ports></host>
<host endtime="1733428028"><address addr="193.103.200.62" addrtype="ipv4"/><ports><port protocol="tcp" portid="5060"><state state="open" reason="syn-ack" reason_ttl="52"/></port></ports></host>
<host endtime="1733428031"><address addr="202.46.8.254" addrtype="ipv4"/><ports><port protocol="tcp" portid="5060"><state state="open" reason="syn-ack" reason_ttl="51"/></port></ports></host>
<host endtime="1733428031"><address addr="202.46.247.130" addrtype="ipv4"/><ports><port protocol="tcp" portid="5060"><state state="open" reason="syn-ack" reason_ttl="51"/></port></ports></host>
<host endtime="1733428038"><address addr="202.46.255.72" addrtype="ipv4"/><ports><port protocol="tcp" portid="5060"><state state="open" reason="syn-ack" reason_ttl="51"/></port></ports></host>
<host endtime="1733428039"><address addr="202.46.5.235" addrtype="ipv4"/><ports><port protocol="tcp" portid="5060"><state state="open" reason="syn-ack" reason_ttl="51"/></port></ports></host>
<host endtime="1733428041"><address addr="103.83.18.93" addrtype="ipv4"/><ports><port protocol="tcp" portid="5060"><state state="open" reason="syn-ack" reason_ttl="48"/></port></ports></host>
<host endtime="1733428042"><address addr="202.46.255.237" addrtype="ipv4"/><ports><port protocol="tcp" portid="5060"><state state="open" reason="syn-ack" reason_ttl="51"/></port></ports></host>
<host endtime="1733428044"><address addr="202.46.13.218" addrtype="ipv4"/><ports><port protocol="tcp" portid="5060"><state state="open" reason="syn-ack" reason_ttl="51"/></port></ports></host>
<host endtime="1733428044"><address addr="202.46.240.8" addrtype="ipv4"/><ports><port protocol="tcp" portid="5060"><state state="open" reason="syn-ack" reason_ttl="51"/></port></ports></host>
<host endtime="1733428044"><address addr="202.46.9.152" addrtype="ipv4"/><ports><port protocol="tcp" portid="5060"><state state="open" reason="syn-ack" reason_ttl="50"/></port></ports></host>
<host endtime="1733428050"><address addr="103.83.19.221" addrtype="ipv4"/><ports><port protocol="tcp" portid="5060"><state state="open" reason="syn-ack" reason_ttl="48"/></port></ports></host>
<host endtime="1733428057"><address addr="202.46.2.119" addrtype="ipv4"/><ports><port protocol="tcp" portid="5060"><state state="open" reason="syn-ack" reason_ttl="51"/></port></ports></host>
<host endtime="1733428058"><address addr="202.46.245.67" addrtype="ipv4"/><ports><port protocol="tcp" portid="5060"><state state="open" reason="syn-ack" reason_ttl="50"/></port></ports></host>
<host endtime="1733428059"><address addr="202.46.245.14" addrtype="ipv4"/><ports><port protocol="tcp" portid="5060"><state state="open" reason="syn-ack" reason_ttl="50"/></port></ports></host>
<host endtime="1733428061"><address addr="199.201.236.28" addrtype="ipv4"/><ports><port protocol="tcp" portid="5060"><state state="open" reason="syn-ack" reason_ttl="47"/></port></ports></host>
<host endtime="1733428065"><address addr="202.46.246.171" addrtype="ipv4"/><ports><port protocol="tcp" portid="5060"><state state="open" reason="syn-ack" reason_ttl="51"/></port></ports></host>
<host endtime="1733428065"><address addr="202.46.247.150" addrtype="ipv4"/><ports><port protocol="tcp" portid="5060"><state state="open" reason="syn-ack" reason_ttl="51"/></port></ports></host>
<host endtime="1733428066"><address addr="103.83.19.17" addrtype="ipv4"/><ports><port protocol="tcp" portid="5060"><state state="open" reason="syn-ack" reason_ttl="48"/></port></ports></host>
<host endtime="1733428074"><address addr="202.46.3.113" addrtype="ipv4"/><ports><port protocol="tcp" portid="5061"><state state="open" reason="syn-ack" reason_ttl="49"/></port></ports></host>
<host endtime="1733428074"><address addr="202.46.11.97" addrtype="ipv4"/><ports><port protocol="tcp" portid="5060"><state state="open" reason="syn-ack" reason_ttl="51"/></port></ports></host>
<host endtime="1733428077"><address addr="202.46.14.182" addrtype="ipv4"/><ports><port protocol="tcp" portid="5060"><state state="open" reason="syn-ack" reason_ttl="51"/></port></ports></host>
<host endtime="1733428080"><address addr="202.46.248.132" addrtype="ipv4"/><ports><port protocol="tcp" portid="5060"><state state="open" reason="syn-ack" reason_ttl="51"/></port></ports></host>
<host endtime="1733428081"><address addr="202.46.0.55" addrtype="ipv4"/><ports><port protocol="tcp" portid="5060"><state state="open" reason="syn-ack" reason_ttl="51"/></port></ports></host>
<host endtime="1733428082"><address addr="202.46.244.79" addrtype="ipv4"/><ports><port protocol="tcp" portid="5060"><state state="open" reason="syn-ack" reason_ttl="50"/></port></ports></host>
<host endtime="1733428085"><address addr="199.123.26.67" addrtype="ipv4"/><ports><port protocol="tcp" portid="5060"><state state="open" reason="syn-ack" reason_ttl="229"/></port></ports></host>
<host endtime="1733428087"><address addr="202.46.253.165" addrtype="ipv4"/><ports><port protocol="tcp" portid="5060"><state state="open" reason="syn-ack" reason_ttl="51"/></port></ports></host>
<host endtime="1733428091"><address addr="199.123.24.64" addrtype="ipv4"/><ports><port protocol="tcp" portid="5060"><state state="open" reason="syn-ack" reason_ttl="229"/></port></ports></host>
<host endtime="1733428091"><address addr="202.46.8.209" addrtype="ipv4"/><ports><port protocol="tcp" portid="5060"><state state="open" reason="syn-ack" reason_ttl="50"/></port></ports></host>
<host endtime="1733428092"><address addr="202.46.7.144" addrtype="ipv4"/><ports><port protocol="tcp" portid="5060"><state state="open" reason="syn-ack" reason_ttl="50"/></port></ports></host>
<host endtime="1733428093"><address addr="202.46.7.31" addrtype="ipv4"/><ports><port protocol="tcp" portid="5060"><state state="open" reason="syn-ack" reason_ttl="51"/></port></ports></host>
<host endtime="1733428094"><address addr="202.46.241.173" addrtype="ipv4"/><ports><port protocol="tcp" portid="5060"><state state="open" reason="syn-ack" reason_ttl="50"/></port></ports></host>
<host endtime="1733428101"><address addr="202.46.244.125" addrtype="ipv4"/><ports><port protocol="tcp" portid="5060"><state state="open" reason="syn-ack" reason_ttl="51"/></port></ports></host>
<host endtime="1733428104"><address addr="202.46.249.194" addrtype="ipv4"/><ports><port protocol="tcp" portid="5060"><state state="open" reason="syn-ack" reason_ttl="51"/></port></ports></host>
<host endtime="1733428104"><address addr="193.103.200.243" addrtype="ipv4"/><ports><port protocol="tcp" portid="5060"><state state="open" reason="syn-ack" reason_ttl="54"/></port></ports></host>
<host endtime="1733428104"><address addr="202.46.3.109" addrtype="ipv4"/><ports><port protocol="tcp" portid="5060"><state state="open" reason="syn-ack" reason_ttl="51"/></port></ports></host>
<host endtime="1733428107"><address addr="202.46.7.71" addrtype="ipv4"/><ports><port protocol="tcp" portid="5060"><state state="open" reason="syn-ack" reason_ttl="50"/></port></ports></host>
<host endtime="1733428109"><address addr="202.46.251.190" addrtype="ipv4"/><ports><port protocol="tcp" portid="5060"><state state="open" reason="syn-ack" reason_ttl="51"/></port></ports></host>
<host endtime="1733428109"><address addr="202.46.5.26" addrtype="ipv4"/><ports><port protocol="tcp" portid="5060"><state state="open" reason="syn-ack" reason_ttl="51"/></port></ports></host>
<host endtime="1733428109"><address addr="202.46.245.134" addrtype="ipv4"/><ports><port protocol="tcp" portid="5060"><state state="open" reason="syn-ack" reason_ttl="51"/></port></ports></host>
<host endtime="1733428113"><address addr="202.46.10.88" addrtype="ipv4"/><ports><port protocol="tcp" portid="5060"><state state="open" reason="syn-ack" reason_ttl="50"/></port></ports></host>
<host endtime="1733428114"><address addr="202.46.6.20" addrtype="ipv4"/><ports><port protocol="tcp" portid="5060"><state state="open" reason="syn-ack" reason_ttl="51"/></port></ports></host>
<host endtime="1733428115"><address addr="103.224.215.45" addrtype="ipv4"/><ports><port protocol="tcp" portid="5060"><state state="open" reason="syn-ack" reason_ttl="48"/></port></ports></host>
<host endtime="1733428118"><address addr="202.46.252.92" addrtype="ipv4"/><ports><port protocol="tcp" portid="5060"><state state="open" reason="syn-ack" reason_ttl="50"/></port></ports></host>
<host endtime="1733428118"><address addr="202.46.249.0" addrtype="ipv4"/><ports><port protocol="tcp" portid="5060"><state state="open" reason="syn-ack" reason_ttl="51"/></port></ports></host>
<host endtime="1733428119"><address addr="202.46.249.49" addrtype="ipv4"/><ports><port protocol="tcp" portid="5060"><state state="open" reason="syn-ack" reason_ttl="51"/></port></ports></host>
<host endtime="1733428120"><address addr="202.46.253.172" addrtype="ipv4"/><ports><port protocol="tcp" portid="5060"><state state="open" reason="syn-ack" reason_ttl="50"/></port></ports></host>
<host endtime="1733428122"><address addr="202.46.2.133" addrtype="ipv4"/><ports><port protocol="tcp" portid="5060"><state state="open" reason="syn-ack" reason_ttl="51"/></port></ports></host>
<host endtime="1733428125"><address addr="202.46.253.177" addrtype="ipv4"/><ports><port protocol="tcp" portid="5060"><state state="open" reason="syn-ack" reason_ttl="50"/></port></ports></host>
<host endtime="1733428126"><address addr="202.46.253.8" addrtype="ipv4"/><ports><port protocol="tcp" portid="5060"><state state="open" reason="syn-ack" reason_ttl="50"/></port></ports></host>
<host endtime="1733428127"><address addr="202.46.15.135" addrtype="ipv4"/><ports><port protocol="tcp" portid="5061"><state state="open" reason="syn-ack" reason_ttl="50"/></port></ports></host>
<host endtime="1733428128"><address addr="202.46.245.197" addrtype="ipv4"/><ports><port protocol="tcp" portid="5060"><state state="open" reason="syn-ack" reason_ttl="50"/></port></ports></host>
<host endtime="1733428128"><address addr="202.46.253.228" addrtype="ipv4"/><ports><port protocol="tcp" portid="5060"><state state="open" reason="syn-ack" reason_ttl="50"/></port></ports></host>
<host endtime="1733428128"><address addr="193.103.40.11" addrtype="ipv4"/><ports><port protocol="tcp" portid="5060"><state state="open" reason="syn-ack" reason_ttl="48"/></port></ports></host>
<host endtime="1733428129"><address addr="202.46.12.162" addrtype="ipv4"/><ports><port protocol="tcp" portid="5060"><state state="open" reason="syn-ack" reason_ttl="51"/></port></ports></host>
<host endtime="1733428130"><address addr="202.46.4.85" addrtype="ipv4"/><ports><port protocol="tcp" portid="5060"><state state="open" reason="syn-ack" reason_ttl="51"/></port></ports></host>
<host endtime="1733428132"><address addr="202.46.4.25" addrtype="ipv4"/><ports><port protocol="tcp" portid="5060"><state state="open" reason="syn-ack" reason_ttl="51"/></port></ports></host>
<host endtime="1733428133"><address addr="202.46.13.215" addrtype="ipv4"/><ports><port protocol="tcp" portid="5060"><state state="open" reason="syn-ack" reason_ttl="51"/></port></ports></host>
<host endtime="1733428134"><address addr="202.46.5.80" addrtype="ipv4"/><ports><port protocol="tcp" portid="5060"><state state="open" reason="syn-ack" reason_ttl="51"/></port></ports></host>
<host endtime="1733428135"><address addr="202.46.14.69" addrtype="ipv4"/><ports><port protocol="tcp" portid="5060"><state state="open" reason="syn-ack" reason_ttl="51"/></port></ports></host>
<host endtime="1733428136"><address addr="103.83.18.124" addrtype="ipv4"/><ports><port protocol="tcp" portid="5060"><state state="open" reason="syn-ack" reason_ttl="48"/></port></ports></host>
<host endtime="1733428136"><address addr="202.46.250.9" addrtype="ipv4"/><ports><port protocol="tcp" portid="5060"><state state="open" reason="syn-ack" reason_ttl="50"/></port></ports></host>
<host endtime="1733428139"><address addr="103.83.18.13" addrtype="ipv4"/><ports><port protocol="tcp" portid="5060"><state state="open" reason="syn-ack" reason_ttl="48"/></port></ports></host>
<host endtime="1733428142"><address addr="202.46.4.61" addrtype="ipv4"/><ports><port protocol="tcp" portid="5060"><state state="open" reason="syn-ack" reason_ttl="51"/></port></ports></host>
<host endtime="1733428143"><address addr="193.98.229.178" addrtype="ipv4"/><ports><port protocol="tcp" portid="5061"><state state="open" reason="syn-ack" reason_ttl="44"/></port></ports></host>
<host endtime="1733428146"><address addr="202.46.252.180" addrtype="ipv4"/><ports><port protocol="tcp" portid="5060"><state state="open" reason="syn-ack" reason_ttl="50"/></port></ports></host>
<host endtime="1733428148"><address addr="202.46.250.68" addrtype="ipv4"/><ports><port protocol="tcp" portid="5060"><state state="open" reason="syn-ack" reason_ttl="50"/></port></ports></host>
<host endtime="1733428151"><address addr="202.46.245.62" addrtype="ipv4"/><ports><port protocol="tcp" portid="5060"><state state="open" reason="syn-ack" reason_ttl="51"/></port></ports></host>
<host endtime="1733428151"><address addr="103.83.19.101" addrtype="ipv4"/><ports><port protocol="tcp" portid="5060"><state state="open" reason="syn-ack" reason_ttl="48"/></port></ports></host>
<host endtime="1733428156"><address addr="202.46.240.226" addrtype="ipv4"/><ports><port protocol="tcp" portid="5060"><state state="open" reason="syn-ack" reason_ttl="50"/></port></ports></host>
<host endtime="1733428156"><address addr="202.46.248.212" addrtype="ipv4"/><ports><port protocol="tcp" portid="5060"><state state="open" reason="syn-ack" reason_ttl="50"/></port></ports></host>
<host endtime="1733428156"><address addr="202.46.245.218" addrtype="ipv4"/><ports><port protocol="tcp" portid="5060"><state state="open" reason="syn-ack" reason_ttl="50"/></port></ports></host>
<host endtime="1733428159"><address addr="202.46.5.196" addrtype="ipv4"/><ports><port protocol="tcp" portid="5060"><state state="open" reason="syn-ack" reason_ttl="51"/></port></ports></host>
<host endtime="1733428164"><address addr="202.46.248.19" addrtype="ipv4"/><ports><port protocol="tcp" portid="5060"><state state="open" reason="syn-ack" reason_ttl="51"/></port></ports></host>
<host endtime="1733428167"><address addr="199.123.24.57" addrtype="ipv4"/><ports><port protocol="tcp" portid="5060"><state state="open" reason="syn-ack" reason_ttl="229"/></port></ports></host>
<host endtime="1733428168"><address addr="199.123.24.97" addrtype="ipv4"/><ports><port protocol="tcp" portid="5060"><state state="open" reason="syn-ack" reason_ttl="229"/></port></ports></host>
<host endtime="1733428179"><address addr="202.46.12.100" addrtype="ipv4"/><ports><port protocol="tcp" portid="5060"><state state="open" reason="syn-ack" reason_ttl="50"/></port></ports></host>
<host endtime="1733428181"><address addr="202.46.0.127" addrtype="ipv4"/><ports><port protocol="tcp" portid="5060"><state state="open" reason="syn-ack" reason_ttl="50"/></port></ports></host>
<host endtime="1733428184"><address addr="193.103.200.1" addrtype="ipv4"/><ports><port protocol="tcp" portid="5060"><state state="open" reason="syn-ack" reason_ttl="54"/></port></ports></host>
<host endtime="1733428184"><address addr="202.46.5.242" addrtype="ipv4"/><ports><port protocol="tcp" portid="5060"><state state="open" reason="syn-ack" reason_ttl="51"/></port></ports></host>
<host endtime="1733428187"><address addr="202.46.249.31" addrtype="ipv4"/><ports><port protocol="tcp" portid="5060"><state state="open" reason="syn-ack" reason_ttl="50"/></port></ports></host>
<host endtime="1733428189"><address addr="202.46.5.56" addrtype="ipv4"/><ports><port protocol="tcp" portid="5060"><state state="open" reason="syn-ack" reason_ttl="50"/></port></ports></host>
<host endtime="1733428191"><address addr="202.46.4.141" addrtype="ipv4"/><ports><port protocol="tcp" portid="5060"><state state="open" reason="syn-ack" reason_ttl="51"/></port></ports></host>
<host endtime="1733428192"><address addr="199.123.24.105" addrtype="ipv4"/><ports><port protocol="tcp" portid="5060"><state state="open" reason="syn-ack" reason_ttl="229"/></port></ports></host>
<host endtime="1733428193"><address addr="103.83.19.226" addrtype="ipv4"/><ports><port protocol="tcp" portid="5060"><state state="open" reason="syn-ack" reason_ttl="48"/></port></ports></host>
<host endtime="1733428194"><address addr="103.83.18.155" addrtype="ipv4"/><ports><port protocol="tcp" portid="5060"><state state="open" reason="syn-ack" reason_ttl="48"/></port></ports></host>
<host endtime="1733428194"><address addr="202.46.7.161" addrtype="ipv4"/><ports><port protocol="tcp" portid="5060"><state state="open" reason="syn-ack" reason_ttl="51"/></port></ports></host>
<host endtime="1733428194"><address addr="202.46.14.252" addrtype="ipv4"/><ports><port protocol="tcp" portid="5060"><state state="open" reason="syn-ack" reason_ttl="50"/></port></ports></host>
<host endtime="1733428195"><address addr="202.46.255.101" addrtype="ipv4"/><ports><port protocol="tcp" portid="5060"><state state="open" reason="syn-ack" reason_ttl="51"/></port></ports></host>
<host endtime="1733428197"><address addr="202.46.249.243" addrtype="ipv4"/><ports><port protocol="tcp" portid="5060"><state state="open" reason="syn-ack" reason_ttl="51"/></port></ports></host>
<host endtime="1733428200"><address addr="202.46.2.169" addrtype="ipv4"/><ports><port protocol="tcp" portid="5060"><state state="open" reason="syn-ack" reason_ttl="51"/></port></ports></host>
<host endtime="1733428206"><address addr="202.46.244.61" addrtype="ipv4"/><ports><port protocol="tcp" portid="5060"><state state="open" reason="syn-ack" reason_ttl="51"/></port></ports></host>
<host endtime="1733428206"><address addr="202.46.243.124" addrtype="ipv4"/><ports><port protocol="tcp" portid="5060"><state state="open" reason="syn-ack" reason_ttl="50"/></port></ports></host>
<host endtime="1733428207"><address addr="202.46.251.156" addrtype="ipv4"/><ports><port protocol="tcp" portid="5060"><state state="open" reason="syn-ack" reason_ttl="50"/></port></ports></host>
<host endtime="1733428207"><address addr="199.201.237.249" addrtype="ipv4"/><ports><port protocol="tcp" portid="5060"><state state="open" reason="syn-ack" reason_ttl="47"/></port></ports></host>
<host endtime="1733428209"><address addr="202.46.251.160" addrtype="ipv4"/><ports><port protocol="tcp" portid="5060"><state state="open" reason="syn-ack" reason_ttl="50"/></port></ports></host>
<host endtime="1733428210"><address addr="103.224.215.40" addrtype="ipv4"/><ports><port protocol="tcp" portid="5060"><state state="open" reason="syn-ack" reason_ttl="48"/></port></ports></host>
<host endtime="1733428216"><address addr="193.98.229.106" addrtype="ipv4"/><ports><port protocol="tcp" portid="5060"><state state="open" reason="syn-ack" reason_ttl="49"/></port></ports></host>
<host endtime="1733428220"><address addr="103.83.19.64" addrtype="ipv4"/><ports><port protocol="tcp" portid="5060"><state state="open" reason="syn-ack" reason_ttl="48"/></port></ports></host>
<host endtime="1733428224"><address addr="202.46.249.94" addrtype="ipv4"/><ports><port protocol="tcp" portid="5060"><state state="open" reason="syn-ack" reason_ttl="51"/></port></ports></host>
<host endtime="1733428224"><address addr="193.103.200.251" addrtype="ipv4"/><ports><port protocol="tcp" portid="5060"><state state="open" reason="syn-ack" reason_ttl="52"/></port></ports></host>
<host endtime="1733428225"><address addr="202.46.251.223" addrtype="ipv4"/><ports><port protocol="tcp" portid="5060"><state state="open" reason="syn-ack" reason_ttl="51"/></port></ports></host>
<host endtime="1733428226"><address addr="202.46.240.72" addrtype="ipv4"/><ports><port protocol="tcp" portid="5060"><state state="open" reason="syn-ack" reason_ttl="51"/></port></ports></host>
<host endtime="1733428227"><address addr="103.83.19.46" addrtype="ipv4"/><ports><port protocol="tcp" portid="5060"><state state="open" reason="syn-ack" reason_ttl="48"/></port></ports></host>
<host endtime="1733428232"><address addr="202.46.5.40" addrtype="ipv4"/><ports><port protocol="tcp" portid="5060"><state state="open" reason="syn-ack" reason_ttl="50"/></port></ports></host>
<host endtime="1733428235"><address addr="103.110.61.14" addrtype="ipv4"/><ports><port protocol="tcp" portid="5060"><state state="open" reason="syn-ack" reason_ttl="242"/></port></ports></host>
<host endtime="1733428237"><address addr="103.83.19.121" addrtype="ipv4"/><ports><port protocol="tcp" portid="5060"><state state="open" reason="syn-ack" reason_ttl="48"/></port></ports></host>
<host endtime="1733428242"><address addr="202.46.251.208" addrtype="ipv4"/><ports><port protocol="tcp" portid="5060"><state state="open" reason="syn-ack" reason_ttl="50"/></port></ports></host>
<host endtime="1733428246"><address addr="202.46.246.53" addrtype="ipv4"/><ports><port protocol="tcp" portid="5060"><state state="open" reason="syn-ack" reason_ttl="50"/></port></ports></host>
<host endtime="1733428249"><address addr="202.46.252.189" addrtype="ipv4"/><ports><port protocol="tcp" portid="5060"><state state="open" reason="syn-ack" reason_ttl="51"/></port></ports></host>
<host endtime="1733428250"><address addr="202.46.252.76" addrtype="ipv4"/><ports><port protocol="tcp" portid="5060"><state state="open" reason="syn-ack" reason_ttl="51"/></port></ports></host>
<host endtime="1733428250"><address addr="103.224.214.198" addrtype="ipv4"/><ports><port protocol="tcp" portid="5060"><state state="open" reason="syn-ack" reason_ttl="48"/></port></ports></host>
<host endtime="1733428251"><address addr="199.123.25.148" addrtype="ipv4"/><ports><port protocol="tcp" portid="5060"><state state="open" reason="syn-ack" reason_ttl="229"/></port></ports></host>
<host endtime="1733428252"><address addr="202.46.10.24" addrtype="ipv4"/><ports><port protocol="tcp" portid="5060"><state state="open" reason="syn-ack" reason_ttl="51"/></port></ports></host>
<host endtime="1733428263"><address addr="202.46.3.41" addrtype="ipv4"/><ports><port protocol="tcp" portid="5060"><state state="open" reason="syn-ack" reason_ttl="51"/></port></ports></host>
<host endtime="1733428265"><address addr="103.224.214.129" addrtype="ipv4"/><ports><port protocol="tcp" portid="5060"><state state="open" reason="syn-ack" reason_ttl="48"/></port></ports></host>
<host endtime="1733428267"><address addr="199.201.236.95" addrtype="ipv4"/><ports><port protocol="tcp" portid="5060"><state state="open" reason="syn-ack" reason_ttl="47"/></port></ports></host>
<host endtime="1733428270"><address addr="202.46.15.67" addrtype="ipv4"/><ports><port protocol="tcp" portid="5060"><state state="open" reason="syn-ack" reason_ttl="51"/></port></ports></host>
<host endtime="1733428274"><address addr="202.46.11.153" addrtype="ipv4"/><ports><port protocol="tcp" portid="5060"><state state="open" reason="syn-ack" reason_ttl="51"/></port></ports></host>
<host endtime="1733428275"><address addr="202.46.248.123" addrtype="ipv4"/><ports><port protocol="tcp" portid="5060"><state state="open" reason="syn-ack" reason_ttl="51"/></port></ports></host>
<host endtime="1733428276"><address addr="202.46.3.97" addrtype="ipv4"/><ports><port protocol="tcp" portid="5061"><state state="open" reason="syn-ack" reason_ttl="50"/></port></ports></host>
<host endtime="1733428276"><address addr="202.46.13.109" addrtype="ipv4"/><ports><port protocol="tcp" portid="5060"><state state="open" reason="syn-ack" reason_ttl="51"/></port></ports></host>
<host endtime="1733428277"><address addr="202.46.245.138" addrtype="ipv4"/><ports><port protocol="tcp" portid="5060"><state state="open" reason="syn-ack" reason_ttl="51"/></port></ports></host>
<host endtime="1733428277"><address addr="202.46.248.42" addrtype="ipv4"/><ports><port protocol="tcp" portid="5060"><state state="open" reason="syn-ack" reason_ttl="51"/></port></ports></host>
<host endtime="1733428278"><address addr="103.224.215.11" addrtype="ipv4"/><ports><port protocol="tcp" portid="5060"><state state="open" reason="syn-ack" reason_ttl="48"/></port></ports></host>
<host endtime="1733428284"><address addr="202.46.9.124" addrtype="ipv4"/><ports><port protocol="tcp" portid="5060"><state state="open" reason="syn-ack" reason_ttl="51"/></port></ports></host>
<host endtime="1733428285"><address addr="199.201.236.225" addrtype="ipv4"/><ports><port protocol="tcp" portid="5060"><state state="open" reason="syn-ack" reason_ttl="47"/></port></ports></host>
<host endtime="1733428286"><address addr="202.46.242.64" addrtype="ipv4"/><ports><port protocol="tcp" portid="5060"><state state="open" reason="syn-ack" reason_ttl="51"/></port></ports></host>
<host endtime="1733428287"><address addr="202.46.255.197" addrtype="ipv4"/><ports><port protocol="tcp" portid="5060"><state state="open" reason="syn-ack" reason_ttl="51"/></port></ports></host>
<host endtime="1733428287"><address addr="202.46.242.219" addrtype="ipv4"/><ports><port protocol="tcp" portid="5060"><state state="open" reason="syn-ack" reason_ttl="51"/></port></ports></host>
<host endtime="1733428290"><address addr="202.46.243.13" addrtype="ipv4"/><ports><port protocol="tcp" portid="5060"><state state="open" reason="syn-ack" reason_ttl="51"/></port></ports></host>
<host endtime="1733428290"><address addr="199.123.24.82" addrtype="ipv4"/><ports><port protocol="tcp" portid="5060"><state state="open" reason="syn-ack" reason_ttl="229"/></port></ports></host>
<host endtime="1733428291"><address addr="202.46.3.222" addrtype="ipv4"/><ports><port protocol="tcp" portid="5060"><state state="open" reason="syn-ack" reason_ttl="51"/></port></ports></host>
<host endtime="1733428297"><address addr="202.46.13.196" addrtype="ipv4"/><ports><port protocol="tcp" portid="5060"><state state="open" reason="syn-ack" reason_ttl="50"/></port></ports></host>
<host endtime="1733428297"><address addr="202.46.15.159" addrtype="ipv4"/><ports><port protocol="tcp" portid="5061"><state state="open" reason="syn-ack" reason_ttl="50"/></port></ports></host>
<host endtime="1733428302"><address addr="202.46.3.174" addrtype="ipv4"/><ports><port protocol="tcp" portid="5060"><state state="open" reason="syn-ack" reason_ttl="51"/></port></ports></host>
<host endtime="1733428304"><address addr="202.46.13.233" addrtype="ipv4"/><ports><port protocol="tcp" portid="5060"><state state="open" reason="syn-ack" reason_ttl="51"/></port></ports></host>
<host endtime="1733428304"><address addr="202.46.242.92" addrtype="ipv4"/><ports><port protocol="tcp" portid="5060"><state state="open" reason="syn-ack" reason_ttl="51"/></port></ports></host>
<host endtime="1733428304"><address addr="202.46.7.46" addrtype="ipv4"/><ports><port protocol="tcp" portid="5060"><state state="open" reason="syn-ack" reason_ttl="50"/></port></ports></host>
<host endtime="1733428310"><address addr="202.46.240.86" addrtype="ipv4"/><ports><port protocol="tcp" portid="5060"><state state="open" reason="syn-ack" reason_ttl="51"/></port></ports></host>
<host endtime="1733428312"><address addr="202.46.0.196" addrtype="ipv4"/><ports><port protocol="tcp" portid="5060"><state state="open" reason="syn-ack" reason_ttl="51"/></port></ports></host>
<host endtime="1733428312"><address addr="202.46.13.45" addrtype="ipv4"/><ports><port protocol="tcp" portid="5060"><state state="open" reason="syn-ack" reason_ttl="50"/></port></ports></host>
<host endtime="1733428317"><address addr="202.46.248.119" addrtype="ipv4"/><ports><port protocol="tcp" portid="5060"><state state="open" reason="syn-ack" reason_ttl="51"/></port></ports></host>
<host endtime="1733428318"><address addr="103.83.18.37" addrtype="ipv4"/><ports><port protocol="tcp" portid="5060"><state state="open" reason="syn-ack" reason_ttl="48"/></port></ports></host>
<host endtime="1733428318"><address addr="202.46.15.123" addrtype="ipv4"/><ports><port protocol="tcp" portid="5060"><state state="open" reason="syn-ack" reason_ttl="51"/></port></ports></host>
<host endtime="1733428319"><address addr="202.46.3.53" addrtype="ipv4"/><ports><port protocol="tcp" portid="5060"><state state="open" reason="syn-ack" reason_ttl="51"/></port></ports></host>
<host endtime="1733428319"><address addr="202.46.245.83" addrtype="ipv4"/><ports><port protocol="tcp" portid="5060"><state state="open" reason="syn-ack" reason_ttl="51"/></port></ports></host>
<host endtime="1733428326"><address addr="202.46.252.209" addrtype="ipv4"/><ports><port protocol="tcp" portid="5060"><state state="open" reason="syn-ack" reason_ttl="51"/></port></ports></host>
<host endtime="1733428326"><address addr="193.98.229.67" addrtype="ipv4"/><ports><port protocol="tcp" portid="5061"><state state="open" reason="syn-ack" reason_ttl="47"/></port></ports></host>
<host endtime="1733428327"><address addr="202.46.255.131" addrtype="ipv4"/><ports><port protocol="tcp" portid="5060"><state state="open" reason="syn-ack" reason_ttl="51"/></port></ports></host>
<host endtime="1733428328"><address addr="202.46.253.118" addrtype="ipv4"/><ports><port protocol="tcp" portid="5060"><state state="open" reason="syn-ack" reason_ttl="50"/></port></ports></host>
<host endtime="1733428333"><address addr="202.46.245.29" addrtype="ipv4"/><ports><port protocol="tcp" portid="5060"><state state="open" reason="syn-ack" reason_ttl="51"/></port></ports></host>
<host endtime="1733428333"><address addr="202.46.252.3" addrtype="ipv4"/><ports><port protocol="tcp" portid="5060"><state state="open" reason="syn-ack" reason_ttl="51"/></port></ports></host>
<host endtime="1733428335"><address addr="202.46.241.138" addrtype="ipv4"/><ports><port protocol="tcp" portid="5060"><state state="open" reason="syn-ack" reason_ttl="51"/></port></ports></host>
<host endtime="1733428339"><address addr="199.123.25.146" addrtype="ipv4"/><ports><port protocol="tcp" portid="5060"><state state="open" reason="syn-ack" reason_ttl="229"/></port></ports></host>
<host endtime="1733428341"><address addr="199.201.237.217" addrtype="ipv4"/><ports><port protocol="tcp" portid="5060"><state state="open" reason="syn-ack" reason_ttl="47"/></port></ports></host>
<host endtime="1733428344"><address addr="202.46.251.18" addrtype="ipv4"/><ports><port protocol="tcp" portid="5060"><state state="open" reason="syn-ack" reason_ttl="51"/></port></ports></host>
<host endtime="1733428345"><address addr="202.46.255.212" addrtype="ipv4"/><ports><port protocol="tcp" portid="5060"><state state="open" reason="syn-ack" reason_ttl="51"/></port></ports></host>
<host endtime="1733428363"><address addr="202.46.14.122" addrtype="ipv4"/><ports><port protocol="tcp" portid="5060"><state state="open" reason="syn-ack" reason_ttl="51"/></port></ports></host>
<host endtime="1733428374"><address addr="202.46.15.64" addrtype="ipv4"/><ports><port protocol="tcp" portid="5060"><state state="open" reason="syn-ack" reason_ttl="50"/></port></ports></host>
<host endtime="1733428375"><address addr="202.46.7.7" addrtype="ipv4"/><ports><port protocol="tcp" portid="5060"><state state="open" reason="syn-ack" reason_ttl="50"/></port></ports></host>
<host endtime="1733428375"><address addr="103.224.214.64" addrtype="ipv4"/><ports><port protocol="tcp" portid="5060"><state state="open" reason="syn-ack" reason_ttl="48"/></port></ports></host>
<host endtime="1733428376"><address addr="202.46.247.85" addrtype="ipv4"/><ports><port protocol="tcp" portid="5060"><state state="open" reason="syn-ack" reason_ttl="51"/></port></ports></host>
<host endtime="1733428377"><address addr="202.46.249.10" addrtype="ipv4"/><ports><port protocol="tcp" portid="5060"><state state="open" reason="syn-ack" reason_ttl="51"/></port></ports></host>
<host endtime="1733428377"><address addr="199.201.237.79" addrtype="ipv4"/><ports><port protocol="tcp" portid="5060"><state state="open" reason="syn-ack" reason_ttl="47"/></port></ports></host>
<host endtime="1733428381"><address addr="202.46.10.2" addrtype="ipv4"/><ports><port protocol="tcp" portid="5061"><state state="open" reason="syn-ack" reason_ttl="49"/></port></ports></host>
<host endtime="1733428382"><address addr="202.46.14.234" addrtype="ipv4"/><ports><port protocol="tcp" portid="5060"><state state="open" reason="syn-ack" reason_ttl="51"/></port></ports></host>
<host endtime="1733428383"><address addr="202.46.243.31" addrtype="ipv4"/><ports><port protocol="tcp" portid="5060"><state state="open" reason="syn-ack" reason_ttl="50"/></port></ports></host>
<host endtime="1733428384"><address addr="202.46.13.130" addrtype="ipv4"/><ports><port protocol="tcp" portid="5060"><state state="open" reason="syn-ack" reason_ttl="51"/></port></ports></host>
<host endtime="1733428384"><address addr="202.46.7.235" addrtype="ipv4"/><ports><port protocol="tcp" portid="5060"><state state="open" reason="syn-ack" reason_ttl="51"/></port></ports></host>
<host endtime="1733428387"><address addr="202.46.245.203" addrtype="ipv4"/><ports><port protocol="tcp" portid="5060"><state state="open" reason="syn-ack" reason_ttl="51"/></port></ports></host>
<host endtime="1733428387"><address addr="193.97.177.40" addrtype="ipv4"/><ports><port protocol="tcp" portid="5060"><state state="open" reason="syn-ack" reason_ttl="45"/></port></ports></host>
<host endtime="1733428388"><address addr="202.46.15.150" addrtype="ipv4"/><ports><port protocol="tcp" portid="5061"><state state="open" reason="syn-ack" reason_ttl="50"/></port></ports></host>
<host endtime="1733428395"><address addr="202.46.3.22" addrtype="ipv4"/><ports><port protocol="tcp" portid="5060"><state state="open" reason="syn-ack" reason_ttl="51"/></port></ports></host>
<host endtime="1733428396"><address addr="202.46.14.18" addrtype="ipv4"/><ports><port protocol="tcp" portid="5060"><state state="open" reason="syn-ack" reason_ttl="51"/></port></ports></host>
<host endtime="1733428398"><address addr="202.46.5.78" addrtype="ipv4"/><ports><port protocol="tcp" portid="5060"><state state="open" reason="syn-ack" reason_ttl="51"/></port></ports></host>
<host endtime="1733428405"><address addr="202.46.13.86" addrtype="ipv4"/><ports><port protocol="tcp" portid="5060"><state state="open" reason="syn-ack" reason_ttl="51"/></port></ports></host>
<host endtime="1733428406"><address addr="202.46.15.107" addrtype="ipv4"/><ports><port protocol="tcp" portid="5060"><state state="open" reason="syn-ack" reason_ttl="51"/></port></ports></host>
<host endtime="1733428407"><address addr="202.46.243.164" addrtype="ipv4"/><ports><port protocol="tcp" portid="5060"><state state="open" reason="syn-ack" reason_ttl="51"/></port></ports></host>
<host endtime="1733428408"><address addr="202.46.12.46" addrtype="ipv4"/><ports><port protocol="tcp" portid="5060"><state state="open" reason="syn-ack" reason_ttl="51"/></port></ports></host>
<host endtime="1733428409"><address addr="199.201.236.39" addrtype="ipv4"/><ports><port protocol="tcp" portid="5060"><state state="open" reason="syn-ack" reason_ttl="47"/></port></ports></host>
<host endtime="1733428411"><address addr="202.46.242.207" addrtype="ipv4"/><ports><port protocol="tcp" portid="5060"><state state="open" reason="syn-ack" reason_ttl="51"/></port></ports></host>
<host endtime="1733428412"><address addr="202.46.11.35" addrtype="ipv4"/><ports><port protocol="tcp" portid="5060"><state state="open" reason="syn-ack" reason_ttl="51"/></port></ports></host>
<host endtime="1733428418"><address addr="202.46.2.91" addrtype="ipv4"/><ports><port protocol="tcp" portid="5060"><state state="open" reason="syn-ack" reason_ttl="51"/></port></ports></host>
<host endtime="1733428420"><address addr="202.46.250.109" addrtype="ipv4"/><ports><port protocol="tcp" portid="5060"><state state="open" reason="syn-ack" reason_ttl="50"/></port></ports></host>
<host endtime="1733428423"><address addr="202.46.9.18" addrtype="ipv4"/><ports><port protocol="tcp" portid="5060"><state state="open" reason="syn-ack" reason_ttl="50"/></port></ports></host>
<host endtime="1733428424"><address addr="202.46.10.160" addrtype="ipv4"/><ports><port protocol="tcp" portid="5060"><state state="open" reason="syn-ack" reason_ttl="51"/></port></ports></host>
<host endtime="1733428425"><address addr="202.46.246.91" addrtype="ipv4"/><ports><port protocol="tcp" portid="5060"><state state="open" reason="syn-ack" reason_ttl="51"/></port></ports></host>
<host endtime="1733428429"><address addr="202.46.244.195" addrtype="ipv4"/><ports><port protocol="tcp" portid="5060"><state state="open" reason="syn-ack" reason_ttl="51"/></port></ports></host>
<host endtime="1733428434"><address addr="202.46.0.220" addrtype="ipv4"/><ports><port protocol="tcp" portid="5060"><state state="open" reason="syn-ack" reason_ttl="50"/></port></ports></host>
<host endtime="1733428437"><address addr="202.46.5.105" addrtype="ipv4"/><ports><port protocol="tcp" portid="5060"><state state="open" reason="syn-ack" reason_ttl="51"/></port></ports></host>
<host endtime="1733428438"><address addr="193.103.206.18" addrtype="ipv4"/><ports><port protocol="tcp" portid="5060"><state state="open" reason="syn-ack" reason_ttl="54"/></port></ports></host>
<host endtime="1733428438"><address addr="202.46.10.39" addrtype="ipv4"/><ports><port protocol="tcp" portid="5060"><state state="open" reason="syn-ack" reason_ttl="50"/></port></ports></host>
<host endtime="1733428439"><address addr="199.123.27.110" addrtype="ipv4"/><ports><port protocol="tcp" portid="5060"><state state="open" reason="syn-ack" reason_ttl="229"/></port></ports></host>
<host endtime="1733428439"><address addr="202.46.249.187" addrtype="ipv4"/><ports><port protocol="tcp" portid="5060"><state state="open" reason="syn-ack" reason_ttl="50"/></port></ports></host>
<host endtime="1733428444"><address addr="202.46.15.182" addrtype="ipv4"/><ports><port protocol="tcp" portid="5060"><state state="open" reason="syn-ack" reason_ttl="50"/></port></ports></host>
<host endtime="1733428444"><address addr="202.46.255.223" addrtype="ipv4"/><ports><port protocol="tcp" portid="5060"><state state="open" reason="syn-ack" reason_ttl="51"/></port></ports></host>
<host endtime="1733428446"><address addr="199.123.25.121" addrtype="ipv4"/><ports><port protocol="tcp" portid="5060"><state state="open" reason="syn-ack" reason_ttl="229"/></port></ports></host>
<host endtime="1733428447"><address addr="202.46.253.132" addrtype="ipv4"/><ports><port protocol="tcp" portid="5060"><state state="open" reason="syn-ack" reason_ttl="51"/></port></ports></host>
<host endtime="1733428448"><address addr="202.46.9.229" addrtype="ipv4"/><ports><port protocol="tcp" portid="5060"><state state="open" reason="syn-ack" reason_ttl="51"/></port></ports></host>
<host endtime="1733428453"><address addr="202.46.253.143" addrtype="ipv4"/><ports><port protocol="tcp" portid="5060"><state state="open" reason="syn-ack" reason_ttl="50"/></port></ports></host>
<host endtime="1733428455"><address addr="199.123.27.241" addrtype="ipv4"/><ports><port protocol="tcp" portid="5060"><state state="open" reason="syn-ack" reason_ttl="229"/></port></ports></host>
<host endtime="1733428459"><address addr="199.123.27.135" addrtype="ipv4"/><ports><port protocol="tcp" portid="5060"><state state="open" reason="syn-ack" reason_ttl="229"/></port></ports></host>
<host endtime="1733428463"><address addr="199.123.24.218" addrtype="ipv4"/><ports><port protocol="tcp" portid="5060"><state state="open" reason="syn-ack" reason_ttl="229"/></port></ports></host>
<host endtime="1733428465"><address addr="202.46.11.122" addrtype="ipv4"/><ports><port protocol="tcp" portid="5060"><state state="open" reason="syn-ack" reason_ttl="51"/></port></ports></host>
<host endtime="1733428469"><address addr="202.46.9.131" addrtype="ipv4"/><ports><port protocol="tcp" portid="5060"><state state="open" reason="syn-ack" reason_ttl="51"/></port></ports></host>
<host endtime="1733428471"><address addr="202.46.243.239" addrtype="ipv4"/><ports><port protocol="tcp" portid="5060"><state state="open" reason="syn-ack" reason_ttl="50"/></port></ports></host>
<host endtime="1733428471"><address addr="202.46.255.229" addrtype="ipv4"/><ports><port protocol="tcp" portid="5060"><state state="open" reason="syn-ack" reason_ttl="50"/></port></ports></host>
<host endtime="1733428472"><address addr="202.46.15.16" addrtype="ipv4"/><ports><port protocol="tcp" portid="5060"><state state="open" reason="syn-ack" reason_ttl="51"/></port></ports></host>
<host endtime="1733428474"><address addr="103.177.50.87" addrtype="ipv4"/><ports><port protocol="tcp" portid="5061"><state state="open" reason="syn-ack" reason_ttl="121"/></port></ports></host>
<host endtime="1733428475"><address addr="202.46.3.107" addrtype="ipv4"/><ports><port protocol="tcp" portid="5060"><state state="open" reason="syn-ack" reason_ttl="50"/></port></ports></host>
<host endtime="1733428476"><address addr="103.83.19.201" addrtype="ipv4"/><ports><port protocol="tcp" portid="5060"><state state="open" reason="syn-ack" reason_ttl="48"/></port></ports></host>
<host endtime="1733428477"><address addr="202.46.5.43" addrtype="ipv4"/><ports><port protocol="tcp" portid="5060"><state state="open" reason="syn-ack" reason_ttl="51"/></port></ports></host>
<host endtime="1733428480"><address addr="202.46.252.202" addrtype="ipv4"/><ports><port protocol="tcp" portid="5060"><state state="open" reason="syn-ack" reason_ttl="51"/></port></ports></host>
<host endtime="1733428484"><address addr="202.46.241.157" addrtype="ipv4"/><ports><port protocol="tcp" portid="5060"><state state="open" reason="syn-ack" reason_ttl="51"/></port></ports></host>
<host endtime="1733428485"><address addr="202.46.247.190" addrtype="ipv4"/><ports><port protocol="tcp" portid="5060"><state state="open" reason="syn-ack" reason_ttl="51"/></port></ports></host>
<host endtime="1733428485"><address addr="202.46.2.122" addrtype="ipv4"/><ports><port protocol="tcp" portid="5060"><state state="open" reason="syn-ack" reason_ttl="51"/></port></ports></host>
<host endtime="1733428490"><address addr="202.46.15.221" addrtype="ipv4"/><ports><port protocol="tcp" portid="5060"><state state="open" reason="syn-ack" reason_ttl="51"/></port></ports></host>
<host endtime="1733428491"><address addr="202.46.1.66" addrtype="ipv4"/><ports><port protocol="tcp" portid="5060"><state state="open" reason="syn-ack" reason_ttl="51"/></port></ports></host>
<host endtime="1733428491"><address addr="202.46.5.18" addrtype="ipv4"/><ports><port protocol="tcp" portid="5060"><state state="open" reason="syn-ack" reason_ttl="51"/></port></ports></host>
<host endtime="1733428494"><address addr="202.46.242.58" addrtype="ipv4"/><ports><port protocol="tcp" portid="5060"><state state="open" reason="syn-ack" reason_ttl="51"/></port></ports></host>
<host endtime="1733428495"><address addr="103.224.215.39" addrtype="ipv4"/><ports><port protocol="tcp" portid="5060"><state state="open" reason="syn-ack" reason_ttl="48"/></port></ports></host>
<host endtime="1733428496"><address addr="202.46.252.164" addrtype="ipv4"/><ports><port protocol="tcp" portid="5060"><state state="open" reason="syn-ack" reason_ttl="50"/></port></ports></host>
<host endtime="1733428497"><address addr="202.46.246.54" addrtype="ipv4"/><ports><port protocol="tcp" portid="5060"><state state="open" reason="syn-ack" reason_ttl="51"/></port></ports></host>
<host endtime="1733428498"><address addr="202.46.240.225" addrtype="ipv4"/><ports><port protocol="tcp" portid="5060"><state state="open" reason="syn-ack" reason_ttl="51"/></port></ports></host>
<host endtime="1733428500"><address addr="202.46.7.20" addrtype="ipv4"/><ports><port protocol="tcp" portid="5061"><state state="open" reason="syn-ack" reason_ttl="49"/></port></ports></host>
<host endtime="1733428501"><address addr="202.46.3.8" addrtype="ipv4"/><ports><port protocol="tcp" portid="5060"><state state="open" reason="syn-ack" reason_ttl="50"/></port></ports></host>
<host endtime="1733428513"><address addr="202.46.242.174" addrtype="ipv4"/><ports><port protocol="tcp" portid="5060"><state state="open" reason="syn-ack" reason_ttl="50"/></port></ports></host>
<host endtime="1733428515"><address addr="202.46.8.205" addrtype="ipv4"/><ports><port protocol="tcp" portid="5060"><state state="open" reason="syn-ack" reason_ttl="51"/></port></ports></host>
<host endtime="1733428516"><address addr="202.46.0.230" addrtype="ipv4"/><ports><port protocol="tcp" portid="5060"><state state="open" reason="syn-ack" reason_ttl="51"/></port></ports></host>
<host endtime="1733428516"><address addr="202.46.252.234" addrtype="ipv4"/><ports><port protocol="tcp" portid="5060"><state state="open" reason="syn-ack" reason_ttl="51"/></port></ports></host>
<host endtime="1733428520"><address addr="202.46.245.1" addrtype="ipv4"/><ports><port protocol="tcp" portid="5060"><state state="open" reason="syn-ack" reason_ttl="51"/></port></ports></host>
<host endtime="1733428521"><address addr="202.46.251.45" addrtype="ipv4"/><ports><port protocol="tcp" portid="5060"><state state="open" reason="syn-ack" reason_ttl="51"/></port></ports></host>
<host endtime="1733428524"><address addr="202.46.4.103" addrtype="ipv4"/><ports><port protocol="tcp" portid="5060"><state state="open" reason="syn-ack" reason_ttl="51"/></port></ports></host>
<host endtime="1733428525"><address addr="202.46.0.154" addrtype="ipv4"/><ports><port protocol="tcp" portid="5060"><state state="open" reason="syn-ack" reason_ttl="51"/></port></ports></host>
<host endtime="1733428530"><address addr="202.46.246.85" addrtype="ipv4"/><ports><port protocol="tcp" portid="5060"><state state="open" reason="syn-ack" reason_ttl="51"/></port></ports></host>
<host endtime="1733428530"><address addr="202.46.254.130" addrtype="ipv4"/><ports><port protocol="tcp" portid="5060"><state state="open" reason="syn-ack" reason_ttl="50"/></port></ports></host>
<host endtime="1733428532"><address addr="193.98.229.119" addrtype="ipv4"/><ports><port protocol="tcp" portid="5061"><state state="open" reason="syn-ack" reason_ttl="49"/></port></ports></host>
<host endtime="1733428533"><address addr="202.46.1.213" addrtype="ipv4"/><ports><port protocol="tcp" portid="5060"><state state="open" reason="syn-ack" reason_ttl="51"/></port></ports></host>
<host endtime="1733428537"><address addr="199.201.237.230" addrtype="ipv4"/><ports><port protocol="tcp" portid="5060"><state state="open" reason="syn-ack" reason_ttl="47"/></port></ports></host>
<host endtime="1733428540"><address addr="202.46.242.225" addrtype="ipv4"/><ports><port protocol="tcp" portid="5060"><state state="open" reason="syn-ack" reason_ttl="50"/></port></ports></host>
<host endtime="1733428540"><address addr="199.201.236.77" addrtype="ipv4"/><ports><port protocol="tcp" portid="5060"><state state="open" reason="syn-ack" reason_ttl="47"/></port></ports></host>
<host endtime="1733428545"><address addr="103.83.19.239" addrtype="ipv4"/><ports><port protocol="tcp" portid="5060"><state state="open" reason="syn-ack" reason_ttl="48"/></port></ports></host>
<host endtime="1733428545"><address addr="202.46.10.224" addrtype="ipv4"/><ports><port protocol="tcp" portid="5060"><state state="open" reason="syn-ack" reason_ttl="51"/></port></ports></host>
<host endtime="1733428549"><address addr="196.195.4.62" addrtype="ipv4"/><ports><port protocol="tcp" portid="5060"><state state="open" reason="syn-ack" reason_ttl="51"/></port></ports></host>
<host endtime="1733428550"><address addr="202.46.9.106" addrtype="ipv4"/><ports><port protocol="tcp" portid="5060"><state state="open" reason="syn-ack" reason_ttl="50"/></port></ports></host>
<host endtime="1733428552"><address addr="202.46.247.233" addrtype="ipv4"/><ports><port protocol="tcp" portid="5060"><state state="open" reason="syn-ack" reason_ttl="51"/></port></ports></host>
<host endtime="1733428558"><address addr="202.46.0.249" addrtype="ipv4"/><ports><port protocol="tcp" portid="5060"><state state="open" reason="syn-ack" reason_ttl="50"/></port></ports></host>
<host endtime="1733428564"><address addr="193.98.229.198" addrtype="ipv4"/><ports><port protocol="tcp" portid="5061"><state state="open" reason="syn-ack" reason_ttl="44"/></port></ports></host>
<host endtime="1733428564"><address addr="192.55.245.50" addrtype="ipv4"/><ports><port protocol="tcp" portid="5060"><state state="open" reason="syn-ack" reason_ttl="53"/></port></ports></host>
<host endtime="1733428567"><address addr="202.46.249.85" addrtype="ipv4"/><ports><port protocol="tcp" portid="5060"><state state="open" reason="syn-ack" reason_ttl="51"/></port></ports></host>
<host endtime="1733428568"><address addr="202.46.250.198" addrtype="ipv4"/><ports><port protocol="tcp" portid="5060"><state state="open" reason="syn-ack" reason_ttl="51"/></port></ports></host>
<host endtime="1733428570"><address addr="202.46.9.116" addrtype="ipv4"/><ports><port protocol="tcp" portid="5060"><state state="open" reason="syn-ack" reason_ttl="51"/></port></ports></host>
<host endtime="1733428572"><address addr="202.46.4.18" addrtype="ipv4"/><ports><port protocol="tcp" portid="5060"><state state="open" reason="syn-ack" reason_ttl="51"/></port></ports></host>
<host endtime="1733428574"><address addr="202.46.251.72" addrtype="ipv4"/><ports><port protocol="tcp" portid="5060"><state state="open" reason="syn-ack" reason_ttl="51"/></port></ports></host>
<host endtime="1733428577"><address addr="193.98.229.117" addrtype="ipv4"/><ports><port protocol="tcp" portid="5060"><state state="open" reason="syn-ack" reason_ttl="44"/></port></ports></host>
<host endtime="1733428579"><address addr="41.138.192.54" addrtype="ipv4"/><ports><port protocol="tcp" portid="5060"><state state="open" reason="syn-ack" reason_ttl="43"/></port></ports></host>
<host endtime="1733428581"><address addr="202.46.252.242" addrtype="ipv4"/><ports><port protocol="tcp" portid="5060"><state state="open" reason="syn-ack" reason_ttl="50"/></port></ports></host>
<host endtime="1733428581"><address addr="202.46.246.63" addrtype="ipv4"/><ports><port protocol="tcp" portid="5060"><state state="open" reason="syn-ack" reason_ttl="50"/></port></ports></host>
<host endtime="1733428584"><address addr="202.46.11.248" addrtype="ipv4"/><ports><port protocol="tcp" portid="5060"><state state="open" reason="syn-ack" reason_ttl="51"/></port></ports></host>
<host endtime="1733428586"><address addr="199.123.26.46" addrtype="ipv4"/><ports><port protocol="tcp" portid="5060"><state state="open" reason="syn-ack" reason_ttl="229"/></port></ports></host>
<host endtime="1733428586"><address addr="202.46.15.170" addrtype="ipv4"/><ports><port protocol="tcp" portid="5060"><state state="open" reason="syn-ack" reason_ttl="50"/></port></ports></host>
<host endtime="1733428588"><address addr="202.46.11.25" addrtype="ipv4"/><ports><port protocol="tcp" portid="5060"><state state="open" reason="syn-ack" reason_ttl="51"/></port></ports></host>
<host endtime="1733428589"><address addr="103.224.215.35" addrtype="ipv4"/><ports><port protocol="tcp" portid="5060"><state state="open" reason="syn-ack" reason_ttl="48"/></port></ports></host>
<host endtime="1733428589"><address addr="193.96.139.243" addrtype="ipv4"/><ports><port protocol="tcp" portid="5060"><state state="open" reason="syn-ack" reason_ttl="240"/></port></ports></host>
<host endtime="1733428591"><address addr="202.46.5.101" addrtype="ipv4"/><ports><port protocol="tcp" portid="5060"><state state="open" reason="syn-ack" reason_ttl="50"/></port></ports></host>
<host endtime="1733428594"><address addr="202.46.242.203" addrtype="ipv4"/><ports><port protocol="tcp" portid="5060"><state state="open" reason="syn-ack" reason_ttl="51"/></port></ports></host>
<host endtime="1733428598"><address addr="202.46.11.105" addrtype="ipv4"/><ports><port protocol="tcp" portid="5060"><state state="open" reason="syn-ack" reason_ttl="50"/></port></ports></host>
<host endtime="1733428601"><address addr="202.46.13.16" addrtype="ipv4"/><ports><port protocol="tcp" portid="5060"><state state="open" reason="syn-ack" reason_ttl="50"/></port></ports></host>
<host endtime="1733428606"><address addr="202.46.9.199" addrtype="ipv4"/><ports><port protocol="tcp" portid="5060"><state state="open" reason="syn-ack" reason_ttl="50"/></port></ports></host>
<host endtime="1733428613"><address addr="202.46.8.125" addrtype="ipv4"/><ports><port protocol="tcp" portid="5060"><state state="open" reason="syn-ack" reason_ttl="51"/></port></ports></host>
<host endtime="1733428613"><address addr="202.46.246.176" addrtype="ipv4"/><ports><port protocol="tcp" portid="5060"><state state="open" reason="syn-ack" reason_ttl="51"/></port></ports></host>
<host endtime="1733428618"><address addr="202.46.254.57" addrtype="ipv4"/><ports><port protocol="tcp" portid="5060"><state state="open" reason="syn-ack" reason_ttl="51"/></port></ports></host>
<host endtime="1733428620"><address addr="103.110.61.25" addrtype="ipv4"/><ports><port protocol="tcp" portid="5061"><state state="open" reason="syn-ack" reason_ttl="241"/></port></ports></host>
<host endtime="1733428620"><address addr="202.46.243.80" addrtype="ipv4"/><ports><port protocol="tcp" portid="5060"><state state="open" reason="syn-ack" reason_ttl="51"/></port></ports></host>
<host endtime="1733428622"><address addr="202.46.11.55" addrtype="ipv4"/><ports><port protocol="tcp" portid="5060"><state state="open" reason="syn-ack" reason_ttl="50"/></port></ports></host>
<host endtime="1733428624"><address addr="202.46.11.144" addrtype="ipv4"/><ports><port protocol="tcp" portid="5060"><state state="open" reason="syn-ack" reason_ttl="51"/></port></ports></host>
<host endtime="1733428626"><address addr="199.123.27.164" addrtype="ipv4"/><ports><port protocol="tcp" portid="5060"><state state="open" reason="syn-ack" reason_ttl="229"/></port></ports></host>
<host endtime="1733428636"><address addr="202.46.5.11" addrtype="ipv4"/><ports><port protocol="tcp" portid="5060"><state state="open" reason="syn-ack" reason_ttl="51"/></port></ports></host>
<host endtime="1733428638"><address addr="202.46.11.118" addrtype="ipv4"/><ports><port protocol="tcp" portid="5060"><state state="open" reason="syn-ack" reason_ttl="51"/></port></ports></host>
<host endtime="1733428639"><address addr="202.46.1.214" addrtype="ipv4"/><ports><port protocol="tcp" portid="5060"><state state="open" reason="syn-ack" reason_ttl="50"/></port></ports></host>
<host endtime="1733428643"><address addr="202.46.244.93" addrtype="ipv4"/><ports><port protocol="tcp" portid="5060"><state state="open" reason="syn-ack" reason_ttl="50"/></port></ports></host>
<host endtime="1733428646"><address addr="103.83.18.68" addrtype="ipv4"/><ports><port protocol="tcp" portid="5060"><state state="open" reason="syn-ack" reason_ttl="48"/></port></ports></host>
<host endtime="1733428646"><address addr="103.224.214.34" addrtype="ipv4"/><ports><port protocol="tcp" portid="5060"><state state="open" reason="syn-ack" reason_ttl="48"/></port></ports></host>
<host endtime="1733428646"><address addr="199.123.26.196" addrtype="ipv4"/><ports><port protocol="tcp" portid="5060"><state state="open" reason="syn-ack" reason_ttl="229"/></port></ports></host>
<host endtime="1733428647"><address addr="202.46.4.79" addrtype="ipv4"/><ports><port protocol="tcp" portid="5060"><state state="open" reason="syn-ack" reason_ttl="51"/></port></ports></host>
<host endtime="1733428648"><address addr="193.98.229.42" addrtype="ipv4"/><ports><port protocol="tcp" portid="5061"><state state="open" reason="syn-ack" reason_ttl="48"/></port></ports></host>
<host endtime="1733428650"><address addr="202.46.6.24" addrtype="ipv4"/><ports><port protocol="tcp" portid="5060"><state state="open" reason="syn-ack" reason_ttl="51"/></port></ports></host>
<host endtime="1733428651"><address addr="202.46.245.112" addrtype="ipv4"/><ports><port protocol="tcp" portid="5060"><state state="open" reason="syn-ack" reason_ttl="50"/></port></ports></host>
<host endtime="1733428653"><address addr="202.46.255.158" addrtype="ipv4"/><ports><port protocol="tcp" portid="5060"><state state="open" reason="syn-ack" reason_ttl="51"/></port></ports></host>
<host endtime="1733428653"><address addr="202.46.0.153" addrtype="ipv4"/><ports><port protocol="tcp" portid="5060"><state state="open" reason="syn-ack" reason_ttl="51"/></port></ports></host>
<host endtime="1733428654"><address addr="202.46.8.152" addrtype="ipv4"/><ports><port protocol="tcp" portid="5060"><state state="open" reason="syn-ack" reason_ttl="51"/></port></ports></host>
<host endtime="1733428657"><address addr="202.46.1.228" addrtype="ipv4"/><ports><port protocol="tcp" portid="5060"><state state="open" reason="syn-ack" reason_ttl="51"/></port></ports></host>
<host endtime="1733428657"><address addr="202.46.242.52" addrtype="ipv4"/><ports><port protocol="tcp" portid="5060"><state state="open" reason="syn-ack" reason_ttl="50"/></port></ports></host>
<host endtime="1733428658"><address addr="202.46.3.93" addrtype="ipv4"/><ports><port protocol="tcp" portid="5060"><state state="open" reason="syn-ack" reason_ttl="51"/></port></ports></host>
<host endtime="1733428658"><address addr="202.46.3.220" addrtype="ipv4"/><ports><port protocol="tcp" portid="5060"><state state="open" reason="syn-ack" reason_ttl="51"/></port></ports></host>
<host endtime="1733428667"><address addr="193.98.229.76" addrtype="ipv4"/><ports><port protocol="tcp" portid="5061"><state state="open" reason="syn-ack" reason_ttl="48"/></port></ports></host>
<host endtime="1733428669"><address addr="202.46.252.237" addrtype="ipv4"/><ports><port protocol="tcp" portid="5060"><state state="open" reason="syn-ack" reason_ttl="50"/></port></ports></host>
<host endtime="1733428670"><address addr="202.46.245.151" addrtype="ipv4"/><ports><port protocol="tcp" portid="5060"><state state="open" reason="syn-ack" reason_ttl="51"/></port></ports></host>
<host endtime="1733428672"><address addr="202.46.255.244" addrtype="ipv4"/><ports><port protocol="tcp" portid="5060"><state state="open" reason="syn-ack" reason_ttl="51"/></port></ports></host>
<host endtime="1733428674"><address addr="103.177.50.86" addrtype="ipv4"/><ports><port protocol="tcp" portid="5060"><state state="open" reason="syn-ack" reason_ttl="121"/></port></ports></host>
<host endtime="1733428674"><address addr="193.103.206.31" addrtype="ipv4"/><ports><port protocol="tcp" portid="5060"><state state="open" reason="syn-ack" reason_ttl="54"/></port></ports></host>
<host endtime="1733428678"><address addr="103.83.18.59" addrtype="ipv4"/><ports><port protocol="tcp" portid="5060"><state state="open" reason="syn-ack" reason_ttl="48"/></port></ports></host>
<host endtime="1733428679"><address addr="193.98.116.251" addrtype="ipv4"/><ports><port protocol="tcp" portid="5060"><state state="open" reason="syn-ack" reason_ttl="49"/></port></ports></host>
<host endtime="1733428681"><address addr="202.46.241.111" addrtype="ipv4"/><ports><port protocol="tcp" portid="5060"><state state="open" reason="syn-ack" reason_ttl="51"/></port></ports></host>
<host endtime="1733428682"><address addr="202.46.3.247" addrtype="ipv4"/><ports><port protocol="tcp" portid="5060"><state state="open" reason="syn-ack" reason_ttl="51"/></port></ports></host>
<host endtime="1733428686"><address addr="202.46.7.131" addrtype="ipv4"/><ports><port protocol="tcp" portid="5060"><state state="open" reason="syn-ack" reason_ttl="51"/></port></ports></host>
<host endtime="1733428687"><address addr="199.201.236.242" addrtype="ipv4"/><ports><port protocol="tcp" portid="5060"><state state="open" reason="syn-ack" reason_ttl="47"/></port></ports></host>
<host endtime="1733428690"><address addr="202.46.240.49" addrtype="ipv4"/><ports><port protocol="tcp" portid="5060"><state state="open" reason="syn-ack" reason_ttl="51"/></port></ports></host>
<host endtime="1733428692"><address addr="202.46.245.70" addrtype="ipv4"/><ports><port protocol="tcp" portid="5060"><state state="open" reason="syn-ack" reason_ttl="51"/></port></ports></host>
<host endtime="1733428693"><address addr="199.123.25.108" addrtype="ipv4"/><ports><port protocol="tcp" portid="5060"><state state="open" reason="syn-ack" reason_ttl="229"/></port></ports></host>
<host endtime="1733428698"><address addr="202.46.247.250" addrtype="ipv4"/><ports><port protocol="tcp" portid="5060"><state state="open" reason="syn-ack" reason_ttl="51"/></port></ports></host>
<host endtime="1733428701"><address addr="202.46.9.158" addrtype="ipv4"/><ports><port protocol="tcp" portid="5060"><state state="open" reason="syn-ack" reason_ttl="51"/></port></ports></host>
<host endtime="1733428702"><address addr="202.46.9.189" addrtype="ipv4"/><ports><port protocol="tcp" portid="5060"><state state="open" reason="syn-ack" reason_ttl="51"/></port></ports></host>
<host endtime="1733428708"><address addr="202.46.4.82" addrtype="ipv4"/><ports><port protocol="tcp" portid="5060"><state state="open" reason="syn-ack" reason_ttl="50"/></port></ports></host>
<host endtime="1733428709"><address addr="103.224.214.82" addrtype="ipv4"/><ports><port protocol="tcp" portid="5060"><state state="open" reason="syn-ack" reason_ttl="48"/></port></ports></host>
<host endtime="1733428710"><address addr="202.46.3.123" addrtype="ipv4"/><ports><port protocol="tcp" portid="5060"><state state="open" reason="syn-ack" reason_ttl="51"/></port></ports></host>
<host endtime="1733428712"><address addr="202.46.253.72" addrtype="ipv4"/><ports><port protocol="tcp" portid="5060"><state state="open" reason="syn-ack" reason_ttl="50"/></port></ports></host>
<host endtime="1733428714"><address addr="202.46.0.252" addrtype="ipv4"/><ports><port protocol="tcp" portid="5060"><state state="open" reason="syn-ack" reason_ttl="51"/></port></ports></host>
<host endtime="1733428714"><address addr="202.46.8.243" addrtype="ipv4"/><ports><port protocol="tcp" portid="5060"><state state="open" reason="syn-ack" reason_ttl="51"/></port></ports></host>
<host endtime="1733428715"><address addr="202.46.249.79" addrtype="ipv4"/><ports><port protocol="tcp" portid="5060"><state state="open" reason="syn-ack" reason_ttl="51"/></port></ports></host>
<host endtime="1733428715"><address addr="202.46.247.173" addrtype="ipv4"/><ports><port protocol="tcp" portid="5060"><state state="open" reason="syn-ack" reason_ttl="51"/></port></ports></host>
<host endtime="1733428716"><address addr="202.46.244.223" addrtype="ipv4"/><ports><port protocol="tcp" portid="5060"><state state="open" reason="syn-ack" reason_ttl="50"/></port></ports></host>
<host endtime="1733428716"><address addr="199.123.25.99" addrtype="ipv4"/><ports><port protocol="tcp" portid="5060"><state state="open" reason="syn-ack" reason_ttl="229"/></port></ports></host>
<host endtime="1733428717"><address addr="202.46.252.135" addrtype="ipv4"/><ports><port protocol="tcp" portid="5060"><state state="open" reason="syn-ack" reason_ttl="51"/></port></ports></host>
<host endtime="1733428721"><address addr="199.201.237.34" addrtype="ipv4"/><ports><port protocol="tcp" portid="5060"><state state="open" reason="syn-ack" reason_ttl="47"/></port></ports></host>
<host endtime="1733428721"><address addr="199.201.237.189" addrtype="ipv4"/><ports><port protocol="tcp" portid="5060"><state state="open" reason="syn-ack" reason_ttl="47"/></port></ports></host>
<host endtime="1733428723"><address addr="199.201.236.180" addrtype="ipv4"/><ports><port protocol="tcp" portid="5060"><state state="open" reason="syn-ack" reason_ttl="47"/></port></ports></host>
<host endtime="1733428724"><address addr="202.46.1.62" addrtype="ipv4"/><ports><port protocol="tcp" portid="5060"><state state="open" reason="syn-ack" reason_ttl="51"/></port></ports></host>
<host endtime="1733428725"><address addr="202.46.4.58" addrtype="ipv4"/><ports><port protocol="tcp" portid="5060"><state state="open" reason="syn-ack" reason_ttl="50"/></port></ports></host>
<host endtime="1733428725"><address addr="202.46.240.81" addrtype="ipv4"/><ports><port protocol="tcp" portid="5060"><state state="open" reason="syn-ack" reason_ttl="51"/></port></ports></host>
<host endtime="1733428727"><address addr="202.46.9.176" addrtype="ipv4"/><ports><port protocol="tcp" portid="5060"><state state="open" reason="syn-ack" reason_ttl="51"/></port></ports></host>
<host endtime="1733428735"><address addr="202.46.8.184" addrtype="ipv4"/><ports><port protocol="tcp" portid="5060"><state state="open" reason="syn-ack" reason_ttl="50"/></port></ports></host>
<host endtime="1733428738"><address addr="202.46.15.93" addrtype="ipv4"/><ports><port protocol="tcp" portid="5060"><state state="open" reason="syn-ack" reason_ttl="50"/></port></ports></host>
<host endtime="1733428741"><address addr="202.46.250.32" addrtype="ipv4"/><ports><port protocol="tcp" portid="5060"><state state="open" reason="syn-ack" reason_ttl="50"/></port></ports></host>
<host endtime="1733428744"><address addr="202.46.247.152" addrtype="ipv4"/><ports><port protocol="tcp" portid="5060"><state state="open" reason="syn-ack" reason_ttl="50"/></port></ports></host>
<host endtime="1733428750"><address addr="202.46.14.101" addrtype="ipv4"/><ports><port protocol="tcp" portid="5060"><state state="open" reason="syn-ack" reason_ttl="51"/></port></ports></host>
<host endtime="1733428753"><address addr="202.46.251.230" addrtype="ipv4"/><ports><port protocol="tcp" portid="5060"><state state="open" reason="syn-ack" reason_ttl="50"/></port></ports></host>
<host endtime="1733428754"><address addr="202.46.245.204" addrtype="ipv4"/><ports><port protocol="tcp" portid="5060"><state state="open" reason="syn-ack" reason_ttl="51"/></port></ports></host>
<host endtime="1733428759"><address addr="202.46.10.17" addrtype="ipv4"/><ports><port protocol="tcp" portid="5061"><state state="open" reason="syn-ack" reason_ttl="49"/></port></ports></host>
<host endtime="1733428762"><address addr="202.46.245.46" addrtype="ipv4"/><ports><port protocol="tcp" portid="5060"><state state="open" reason="syn-ack" reason_ttl="51"/></port></ports></host>
<host endtime="1733428763"><address addr="202.46.253.59" addrtype="ipv4"/><ports><port protocol="tcp" portid="5060"><state state="open" reason="syn-ack" reason_ttl="50"/></port></ports></host>
<host endtime="1733428765"><address addr="202.46.243.232" addrtype="ipv4"/><ports><port protocol="tcp" portid="5060"><state state="open" reason="syn-ack" reason_ttl="50"/></port></ports></host>
<host endtime="1733428766"><address addr="202.46.251.140" addrtype="ipv4"/><ports><port protocol="tcp" portid="5060"><state state="open" reason="syn-ack" reason_ttl="50"/></port></ports></host>
<host endtime="1733428766"><address addr="202.46.14.3" addrtype="ipv4"/><ports><port protocol="tcp" portid="5060"><state state="open" reason="syn-ack" reason_ttl="51"/></port></ports></host>
<host endtime="1733428766"><address addr="202.46.1.185" addrtype="ipv4"/><ports><port protocol="tcp" portid="5060"><state state="open" reason="syn-ack" reason_ttl="50"/></port></ports></host>
<host endtime="1733428767"><address addr="202.46.246.222" addrtype="ipv4"/><ports><port protocol="tcp" portid="5060"><state state="open" reason="syn-ack" reason_ttl="50"/></port></ports></host>
<host endtime="1733428771"><address addr="202.46.11.145" addrtype="ipv4"/><ports><port protocol="tcp" portid="5060"><state state="open" reason="syn-ack" reason_ttl="50"/></port></ports></host>
<host endtime="1733428773"><address addr="103.224.214.162" addrtype="ipv4"/><ports><port protocol="tcp" portid="5060"><state state="open" reason="syn-ack" reason_ttl="48"/></port></ports></host>
<host endtime="1733428774"><address addr="202.46.241.250" addrtype="ipv4"/><ports><port protocol="tcp" portid="5060"><state state="open" reason="syn-ack" reason_ttl="50"/></port></ports></host>
<host endtime="1733428777"><address addr="202.46.14.212" addrtype="ipv4"/><ports><port protocol="tcp" portid="5060"><state state="open" reason="syn-ack" reason_ttl="51"/></port></ports></host>
<host endtime="1733428778"><address addr="103.224.215.56" addrtype="ipv4"/><ports><port protocol="tcp" portid="5060"><state state="open" reason="syn-ack" reason_ttl="48"/></port></ports></host>
<host endtime="1733428779"><address addr="202.46.251.0" addrtype="ipv4"/><ports><port protocol="tcp" portid="5060"><state state="open" reason="syn-ack" reason_ttl="51"/></port></ports></host>
<host endtime="1733428779"><address addr="202.46.5.229" addrtype="ipv4"/><ports><port protocol="tcp" portid="5060"><state state="open" reason="syn-ack" reason_ttl="51"/></port></ports></host>
<host endtime="1733428783"><address addr="202.46.9.205" addrtype="ipv4"/><ports><port protocol="tcp" portid="5060"><state state="open" reason="syn-ack" reason_ttl="51"/></port></ports></host>
<host endtime="1733428783"><address addr="202.46.250.255" addrtype="ipv4"/><ports><port protocol="tcp" portid="5060"><state state="open" reason="syn-ack" reason_ttl="51"/></port></ports></host>
<host endtime="1733428783"><address addr="202.46.14.106" addrtype="ipv4"/><ports><port protocol="tcp" portid="5060"><state state="open" reason="syn-ack" reason_ttl="51"/></port></ports></host>
<host endtime="1733428787"><address addr="202.46.241.121" addrtype="ipv4"/><ports><port protocol="tcp" portid="5060"><state state="open" reason="syn-ack" reason_ttl="50"/></port></ports></host>
<host endtime="1733428790"><address addr="202.46.2.213" addrtype="ipv4"/><ports><port protocol="tcp" portid="5060"><state state="open" reason="syn-ack" reason_ttl="51"/></port></ports></host>
<host endtime="1733428791"><address addr="202.46.8.252" addrtype="ipv4"/><ports><port protocol="tcp" portid="5060"><state state="open" reason="syn-ack" reason_ttl="51"/></port></ports></host>
<host endtime="1733428797"><address addr="103.83.18.135" addrtype="ipv4"/><ports><port protocol="tcp" portid="5060"><state state="open" reason="syn-ack" reason_ttl="48"/></port></ports></host>
<host endtime="1733428800"><address addr="202.46.246.187" addrtype="ipv4"/><ports><port protocol="tcp" portid="5060"><state state="open" reason="syn-ack" reason_ttl="51"/></port></ports></host>
<host endtime="1733428804"><address addr="193.103.200.96" addrtype="ipv4"/><ports><port protocol="tcp" portid="5060"><state state="open" reason="syn-ack" reason_ttl="54"/></port></ports></host>
<host endtime="1733428808"><address addr="202.46.251.229" addrtype="ipv4"/><ports><port protocol="tcp" portid="5060"><state state="open" reason="syn-ack" reason_ttl="51"/></port></ports></host>
<host endtime="1733428808"><address addr="202.46.242.105" addrtype="ipv4"/><ports><port protocol="tcp" portid="5060"><state state="open" reason="syn-ack" reason_ttl="51"/></port></ports></host>
<host endtime="1733428811"><address addr="202.46.1.142" addrtype="ipv4"/><ports><port protocol="tcp" portid="5060"><state state="open" reason="syn-ack" reason_ttl="50"/></port></ports></host>
<host endtime="1733428813"><address addr="193.103.200.165" addrtype="ipv4"/><ports><port protocol="tcp" portid="5060"><state state="open" reason="syn-ack" reason_ttl="54"/></port></ports></host>
<host endtime="1733428817"><address addr="202.46.242.86" addrtype="ipv4"/><ports><port protocol="tcp" portid="5060"><state state="open" reason="syn-ack" reason_ttl="50"/></port></ports></host>
<host endtime="1733428817"><address addr="199.123.27.183" addrtype="ipv4"/><ports><port protocol="tcp" portid="5060"><state state="open" reason="syn-ack" reason_ttl="229"/></port></ports></host>
<host endtime="1733428821"><address addr="202.46.15.207" addrtype="ipv4"/><ports><port protocol="tcp" portid="5060"><state state="open" reason="syn-ack" reason_ttl="51"/></port></ports></host>
<host endtime="1733428822"><address addr="202.46.9.55" addrtype="ipv4"/><ports><port protocol="tcp" portid="5060"><state state="open" reason="syn-ack" reason_ttl="50"/></port></ports></host>
<host endtime="1733428828"><address addr="202.46.9.11" addrtype="ipv4"/><ports><port protocol="tcp" portid="5060"><state state="open" reason="syn-ack" reason_ttl="51"/></port></ports></host>
<host endtime="1733428828"><address addr="202.46.252.80" addrtype="ipv4"/><ports><port protocol="tcp" portid="5060"><state state="open" reason="syn-ack" reason_ttl="51"/></port></ports></host>
<host endtime="1733428829"><address addr="202.46.14.57" addrtype="ipv4"/><ports><port protocol="tcp" portid="5060"><state state="open" reason="syn-ack" reason_ttl="50"/></port></ports></host>
<host endtime="1733428830"><address addr="103.177.50.78" addrtype="ipv4"/><ports><port protocol="tcp" portid="5060"><state state="open" reason="syn-ack" reason_ttl="120"/></port></ports></host>
<host endtime="1733428834"><address addr="202.46.5.141" addrtype="ipv4"/><ports><port protocol="tcp" portid="5060"><state state="open" reason="syn-ack" reason_ttl="51"/></port></ports></host>
<host endtime="1733428835"><address addr="103.224.215.151" addrtype="ipv4"/><ports><port protocol="tcp" portid="5060"><state state="open" reason="syn-ack" reason_ttl="48"/></port></ports></host>
<host endtime="1733428836"><address addr="202.46.249.219" addrtype="ipv4"/><ports><port protocol="tcp" portid="5060"><state state="open" reason="syn-ack" reason_ttl="50"/></port></ports></host>
<host endtime="1733428837"><address addr="199.123.24.247" addrtype="ipv4"/><ports><port protocol="tcp" portid="5060"><state state="open" reason="syn-ack" reason_ttl="229"/></port></ports></host>
<host endtime="1733428839"><address addr="199.201.237.167" addrtype="ipv4"/><ports><port protocol="tcp" portid="5060"><state state="open" reason="syn-ack" reason_ttl="47"/></port></ports></host>
<host endtime="1733428840"><address addr="202.46.10.234" addrtype="ipv4"/><ports><port protocol="tcp" portid="5060"><state state="open" reason="syn-ack" reason_ttl="51"/></port></ports></host>
<host endtime="1733428844"><address addr="202.46.244.157" addrtype="ipv4"/><ports><port protocol="tcp" portid="5060"><state state="open" reason="syn-ack" reason_ttl="51"/></port></ports></host>
<host endtime="1733428847"><address addr="199.123.24.210" addrtype="ipv4"/><ports><port protocol="tcp" portid="5060"><state state="open" reason="syn-ack" reason_ttl="229"/></port></ports></host>
<host endtime="1733428849"><address addr="103.83.18.184" addrtype="ipv4"/><ports><port protocol="tcp" portid="5060"><state state="open" reason="syn-ack" reason_ttl="48"/></port></ports></host>
<host endtime="1733428850"><address addr="103.83.18.138" addrtype="ipv4"/><ports><port protocol="tcp" portid="5060"><state state="open" reason="syn-ack" reason_ttl="48"/></port></ports></host>
<host endtime="1733428851"><address addr="202.46.248.182" addrtype="ipv4"/><ports><port protocol="tcp" portid="5060"><state state="open" reason="syn-ack" reason_ttl="50"/></port></ports></host>
<host endtime="1733428852"><address addr="202.46.11.188" addrtype="ipv4"/><ports><port protocol="tcp" portid="5060"><state state="open" reason="syn-ack" reason_ttl="50"/></port></ports></host>
<host endtime="1733428852"><address addr="202.46.8.227" addrtype="ipv4"/><ports><port protocol="tcp" portid="5060"><state state="open" reason="syn-ack" reason_ttl="51"/></port></ports></host>
<host endtime="1733428856"><address addr="202.46.252.225" addrtype="ipv4"/><ports><port protocol="tcp" portid="5060"><state state="open" reason="syn-ack" reason_ttl="51"/></port></ports></host>
<host endtime="1733428861"><address addr="103.83.19.16" addrtype="ipv4"/><ports><port protocol="tcp" portid="5060"><state state="open" reason="syn-ack" reason_ttl="48"/></port></ports></host>
<host endtime="1733428862"><address addr="202.46.10.87" addrtype="ipv4"/><ports><port protocol="tcp" portid="5060"><state state="open" reason="syn-ack" reason_ttl="51"/></port></ports></host>
<host endtime="1733428864"><address addr="202.46.15.115" addrtype="ipv4"/><ports><port protocol="tcp" portid="5060"><state state="open" reason="syn-ack" reason_ttl="51"/></port></ports></host>
<host endtime="1733428864"><address addr="202.46.0.93" addrtype="ipv4"/><ports><port protocol="tcp" portid="5060"><state state="open" reason="syn-ack" reason_ttl="51"/></port></ports></host>
<host endtime="1733428866"><address addr="202.46.247.191" addrtype="ipv4"/><ports><port protocol="tcp" portid="5060"><state state="open" reason="syn-ack" reason_ttl="51"/></port></ports></host>
<host endtime="1733428867"><address addr="202.46.4.154" addrtype="ipv4"/><ports><port protocol="tcp" portid="5060"><state state="open" reason="syn-ack" reason_ttl="51"/></port></ports></host>
<host endtime="1733428868"><address addr="202.46.10.211" addrtype="ipv4"/><ports><port protocol="tcp" portid="5060"><state state="open" reason="syn-ack" reason_ttl="51"/></port></ports></host>
<host endtime="1733428869"><address addr="199.123.27.244" addrtype="ipv4"/><ports><port protocol="tcp" portid="5060"><state state="open" reason="syn-ack" reason_ttl="229"/></port></ports></host>
<host endtime="1733428870"><address addr="202.46.248.148" addrtype="ipv4"/><ports><port protocol="tcp" portid="5060"><state state="open" reason="syn-ack" reason_ttl="51"/></port></ports></host>
<host endtime="1733428870"><address addr="193.98.229.20" addrtype="ipv4"/><ports><port protocol="tcp" portid="5060"><state state="open" reason="syn-ack" reason_ttl="49"/></port></ports></host>
<host endtime="1733428874"><address addr="199.201.236.1" addrtype="ipv4"/><ports><port protocol="tcp" portid="5060"><state state="open" reason="syn-ack" reason_ttl="47"/></port></ports></host>
<host endtime="1733428876"><address addr="103.83.18.160" addrtype="ipv4"/><ports><port protocol="tcp" portid="5060"><state state="open" reason="syn-ack" reason_ttl="48"/></port></ports></host>
<host endtime="1733428879"><address addr="202.46.248.46" addrtype="ipv4"/><ports><port protocol="tcp" portid="5060"><state state="open" reason="syn-ack" reason_ttl="51"/></port></ports></host>
<host endtime="1733428883"><address addr="202.46.242.237" addrtype="ipv4"/><ports><port protocol="tcp" portid="5060"><state state="open" reason="syn-ack" reason_ttl="51"/></port></ports></host>
<host endtime="1733428886"><address addr="202.46.241.217" addrtype="ipv4"/><ports><port protocol="tcp" portid="5060"><state state="open" reason="syn-ack" reason_ttl="50"/></port></ports></host>
<host endtime="1733428887"><address addr="202.46.246.239" addrtype="ipv4"/><ports><port protocol="tcp" portid="5060"><state state="open" reason="syn-ack" reason_ttl="51"/></port></ports></host>
<host endtime="1733428889"><address addr="103.224.215.210" addrtype="ipv4"/><ports><port protocol="tcp" portid="5060"><state state="open" reason="syn-ack" reason_ttl="48"/></port></ports></host>
<host endtime="1733428892"><address addr="202.46.242.33" addrtype="ipv4"/><ports><port protocol="tcp" portid="5060"><state state="open" reason="syn-ack" reason_ttl="50"/></port></ports></host>
<host endtime="1733428892"><address addr="202.46.5.168" addrtype="ipv4"/><ports><port protocol="tcp" portid="5060"><state state="open" reason="syn-ack" reason_ttl="51"/></port></ports></host>
<host endtime="1733428897"><address addr="41.138.192.51" addrtype="ipv4"/><ports><port protocol="tcp" portid="5060"><state state="open" reason="syn-ack" reason_ttl="43"/></port></ports></host>
<host endtime="1733428899"><address addr="199.123.27.22" addrtype="ipv4"/><ports><port protocol="tcp" portid="5060"><state state="open" reason="syn-ack" reason_ttl="229"/></port></ports></host>
<host endtime="1733428900"><address addr="199.123.26.134" addrtype="ipv4"/><ports><port protocol="tcp" portid="5060"><state state="open" reason="syn-ack" reason_ttl="229"/></port></ports></host>
<host endtime="1733428908"><address addr="202.46.9.160" addrtype="ipv4"/><ports><port protocol="tcp" portid="5060"><state state="open" reason="syn-ack" reason_ttl="51"/></port></ports></host>
<host endtime="1733428910"><address addr="202.46.246.233" addrtype="ipv4"/><ports><port protocol="tcp" portid="5060"><state state="open" reason="syn-ack" reason_ttl="51"/></port></ports></host>
<host endtime="1733428913"><address addr="202.46.5.254" addrtype="ipv4"/><ports><port protocol="tcp" portid="5060"><state state="open" reason="syn-ack" reason_ttl="51"/></port></ports></host>
<host endtime="1733428915"><address addr="203.7.226.103" addrtype="ipv4"/><ports><port protocol="tcp" portid="5061"><state state="open" reason="syn-ack" reason_ttl="43"/></port></ports></host>
<host endtime="1733428927"><address addr="202.46.250.254" addrtype="ipv4"/><ports><port protocol="tcp" portid="5060"><state state="open" reason="syn-ack" reason_ttl="51"/></port></ports></host>
<host endtime="1733428930"><address addr="193.103.200.69" addrtype="ipv4"/><ports><port protocol="tcp" portid="5060"><state state="open" reason="syn-ack" reason_ttl="54"/></port></ports></host>
<host endtime="1733428931"><address addr="193.98.229.13" addrtype="ipv4"/><ports><port protocol="tcp" portid="5061"><state state="open" reason="syn-ack" reason_ttl="49"/></port></ports></host>
<host endtime="1733428932"><address addr="202.46.250.120" addrtype="ipv4"/><ports><port protocol="tcp" portid="5060"><state state="open" reason="syn-ack" reason_ttl="51"/></port></ports></host>
<host endtime="1733428932"><address addr="202.46.8.207" addrtype="ipv4"/><ports><port protocol="tcp" portid="5060"><state state="open" reason="syn-ack" reason_ttl="51"/></port></ports></host>
<host endtime="1733428932"><address addr="202.46.241.175" addrtype="ipv4"/><ports><port protocol="tcp" portid="5060"><state state="open" reason="syn-ack" reason_ttl="50"/></port></ports></host>
<host endtime="1733428932"><address addr="199.201.237.103" addrtype="ipv4"/><ports><port protocol="tcp" portid="5060"><state state="open" reason="syn-ack" reason_ttl="47"/></port></ports></host>
<host endtime="1733428933"><address addr="199.123.26.103" addrtype="ipv4"/><ports><port protocol="tcp" portid="5060"><state state="open" reason="syn-ack" reason_ttl="229"/></port></ports></host>
<host endtime="1733428933"><address addr="202.46.10.110" addrtype="ipv4"/><ports><port protocol="tcp" portid="5060"><state state="open" reason="syn-ack" reason_ttl="51"/></port></ports></host>
<host endtime="1733428940"><address addr="199.123.24.216" addrtype="ipv4"/><ports><port protocol="tcp" portid="5060"><state state="open" reason="syn-ack" reason_ttl="229"/></port></ports></host>
<host endtime="1733428941"><address addr="202.46.2.244" addrtype="ipv4"/><ports><port protocol="tcp" portid="5060"><state state="open" reason="syn-ack" reason_ttl="50"/></port></ports></host>
<host endtime="1733428942"><address addr="202.46.7.37" addrtype="ipv4"/><ports><port protocol="tcp" portid="5060"><state state="open" reason="syn-ack" reason_ttl="50"/></port></ports></host>
<host endtime="1733428943"><address addr="202.46.14.30" addrtype="ipv4"/><ports><port protocol="tcp" portid="5060"><state state="open" reason="syn-ack" reason_ttl="51"/></port></ports></host>
<host endtime="1733428943"><address addr="202.46.253.253" addrtype="ipv4"/><ports><port protocol="tcp" portid="5060"><state state="open" reason="syn-ack" reason_ttl="50"/></port></ports></host>
<host endtime="1733428945"><address addr="202.46.15.3" addrtype="ipv4"/><ports><port protocol="tcp" portid="5060"><state state="open" reason="syn-ack" reason_ttl="51"/></port></ports></host>
<host endtime="1733428945"><address addr="202.46.240.123" addrtype="ipv4"/><ports><port protocol="tcp" portid="5060"><state state="open" reason="syn-ack" reason_ttl="50"/></port></ports></host>
<host endtime="1733428949"><address addr="202.46.8.167" addrtype="ipv4"/><ports><port protocol="tcp" portid="5060"><state state="open" reason="syn-ack" reason_ttl="50"/></port></ports></host>
<host endtime="1733428952"><address addr="202.46.244.249" addrtype="ipv4"/><ports><port protocol="tcp" portid="5060"><state state="open" reason="syn-ack" reason_ttl="51"/></port></ports></host>
<host endtime="1733428952"><address addr="199.123.26.6" addrtype="ipv4"/><ports><port protocol="tcp" portid="5060"><state state="open" reason="syn-ack" reason_ttl="229"/></port></ports></host>
<host endtime="1733428957"><address addr="193.98.229.173" addrtype="ipv4"/><ports><port protocol="tcp" portid="5061"><state state="open" reason="syn-ack" reason_ttl="49"/></port></ports></host>
<host endtime="1733428957"><address addr="202.46.244.243" addrtype="ipv4"/><ports><port protocol="tcp" portid="5060"><state state="open" reason="syn-ack" reason_ttl="50"/></port></ports></host>
<host endtime="1733428958"><address addr="202.46.15.194" addrtype="ipv4"/><ports><port protocol="tcp" portid="5060"><state state="open" reason="syn-ack" reason_ttl="51"/></port></ports></host>
<host endtime="1733428959"><address addr="202.46.7.209" addrtype="ipv4"/><ports><port protocol="tcp" portid="5060"><state state="open" reason="syn-ack" reason_ttl="50"/></port></ports></host>
<host endtime="1733428960"><address addr="199.123.24.226" addrtype="ipv4"/><ports><port protocol="tcp" portid="5060"><state state="open" reason="syn-ack" reason_ttl="229"/></port></ports></host>
<host endtime="1733428964"><address addr="103.224.214.191" addrtype="ipv4"/><ports><port protocol="tcp" portid="5060"><state state="open" reason="syn-ack" reason_ttl="48"/></port></ports></host>
<host endtime="1733428968"><address addr="202.46.246.225" addrtype="ipv4"/><ports><port protocol="tcp" portid="5060"><state state="open" reason="syn-ack" reason_ttl="51"/></port></ports></host>
<host endtime="1733428969"><address addr="202.46.13.61" addrtype="ipv4"/><ports><port protocol="tcp" portid="5060"><state state="open" reason="syn-ack" reason_ttl="51"/></port></ports></host>
<host endtime="1733428972"><address addr="202.46.1.167" addrtype="ipv4"/><ports><port protocol="tcp" portid="5060"><state state="open" reason="syn-ack" reason_ttl="51"/></port></ports></host>
<host endtime="1733428978"><address addr="202.46.2.37" addrtype="ipv4"/><ports><port protocol="tcp" portid="5060"><state state="open" reason="syn-ack" reason_ttl="50"/></port></ports></host>
<host endtime="1733428979"><address addr="202.46.240.0" addrtype="ipv4"/><ports><port protocol="tcp" portid="5060"><state state="open" reason="syn-ack" reason_ttl="51"/></port></ports></host>
<host endtime="1733428979"><address addr="193.98.229.154" addrtype="ipv4"/><ports><port protocol="tcp" portid="5060"><state state="open" reason="syn-ack" reason_ttl="44"/></port></ports></host>
<host endtime="1733428981"><address addr="202.46.3.37" addrtype="ipv4"/><ports><port protocol="tcp" portid="5060"><state state="open" reason="syn-ack" reason_ttl="50"/></port></ports></host>
<host endtime="1733428981"><address addr="193.103.200.247" addrtype="ipv4"/><ports><port protocol="tcp" portid="5060"><state state="open" reason="syn-ack" reason_ttl="52"/></port></ports></host>
<host endtime="1733428985"><address addr="193.101.132.7" addrtype="ipv4"/><ports><port protocol="tcp" portid="5060"><state state="open" reason="syn-ack" reason_ttl="47"/></port></ports></host>
<host endtime="1733428987"><address addr="202.46.247.97" addrtype="ipv4"/><ports><port protocol="tcp" portid="5060"><state state="open" reason="syn-ack" reason_ttl="51"/></port></ports></host>
<host endtime="1733428987"><address addr="193.98.116.211" addrtype="ipv4"/><ports><port protocol="tcp" portid="5060"><state state="open" reason="syn-ack" reason_ttl="48"/></port></ports></host>
<host endtime="1733428990"><address addr="202.46.243.48" addrtype="ipv4"/><ports><port protocol="tcp" portid="5060"><state state="open" reason="syn-ack" reason_ttl="51"/></port></ports></host>
<host endtime="1733428990"><address addr="202.46.2.249" addrtype="ipv4"/><ports><port protocol="tcp" portid="5060"><state state="open" reason="syn-ack" reason_ttl="51"/></port></ports></host>
<host endtime="1733428990"><address addr="103.177.50.22" addrtype="ipv4"/><ports><port protocol="tcp" portid="5060"><state state="open" reason="syn-ack" reason_ttl="121"/></port></ports></host>
<host endtime="1733428993"><address addr="202.46.1.52" addrtype="ipv4"/><ports><port protocol="tcp" portid="5060"><state state="open" reason="syn-ack" reason_ttl="51"/></port></ports></host>
<host endtime="1733428997"><address addr="202.46.9.252" addrtype="ipv4"/><ports><port protocol="tcp" portid="5060"><state state="open" reason="syn-ack" reason_ttl="51"/></port></ports></host>
<host endtime="1733428998"><address addr="103.83.19.79" addrtype="ipv4"/><ports><port protocol="tcp" portid="5060"><state state="open" reason="syn-ack" reason_ttl="48"/></port></ports></host>
<host endtime="1733428999"><address addr="202.46.4.69" addrtype="ipv4"/><ports><port protocol="tcp" portid="5060"><state state="open" reason="syn-ack" reason_ttl="51"/></port></ports></host>
<host endtime="1733429002"><address addr="202.46.6.3" addrtype="ipv4"/><ports><port protocol="tcp" portid="5060"><state state="open" reason="syn-ack" reason_ttl="51"/></port></ports></host>
<host endtime="1733429003"><address addr="202.46.1.93" addrtype="ipv4"/><ports><port protocol="tcp" portid="5060"><state state="open" reason="syn-ack" reason_ttl="50"/></port></ports></host>
<host endtime="1733429005"><address addr="202.46.9.59" addrtype="ipv4"/><ports><port protocol="tcp" portid="5060"><state state="open" reason="syn-ack" reason_ttl="51"/></port></ports></host>
<host endtime="1733429008"><address addr="202.46.8.86" addrtype="ipv4"/><ports><port protocol="tcp" portid="5060"><state state="open" reason="syn-ack" reason_ttl="50"/></port></ports></host>
<host endtime="1733429011"><address addr="202.46.245.148" addrtype="ipv4"/><ports><port protocol="tcp" portid="5060"><state state="open" reason="syn-ack" reason_ttl="51"/></port></ports></host>
<host endtime="1733429011"><address addr="202.46.250.101" addrtype="ipv4"/><ports><port protocol="tcp" portid="5060"><state state="open" reason="syn-ack" reason_ttl="51"/></port></ports></host>
<host endtime="1733429013"><address addr="202.46.255.33" addrtype="ipv4"/><ports><port protocol="tcp" portid="5060"><state state="open" reason="syn-ack" reason_ttl="50"/></port></ports></host>
<host endtime="1733429016"><address addr="202.46.251.228" addrtype="ipv4"/><ports><port protocol="tcp" portid="5060"><state state="open" reason="syn-ack" reason_ttl="50"/></port></ports></host>
<host endtime="1733429016"><address addr="103.224.214.65" addrtype="ipv4"/><ports><port protocol="tcp" portid="5060"><state state="open" reason="syn-ack" reason_ttl="48"/></port></ports></host>
<host endtime="1733429018"><address addr="202.46.15.214" addrtype="ipv4"/><ports><port protocol="tcp" portid="5060"><state state="open" reason="syn-ack" reason_ttl="51"/></port></ports></host>
<host endtime="1733429019"><address addr="202.46.5.107" addrtype="ipv4"/><ports><port protocol="tcp" portid="5060"><state state="open" reason="syn-ack" reason_ttl="51"/></port></ports></host>
<host endtime="1733429020"><address addr="202.46.243.222" addrtype="ipv4"/><ports><port protocol="tcp" portid="5060"><state state="open" reason="syn-ack" reason_ttl="51"/></port></ports></host>
<host endtime="1733429020"><address addr="202.46.252.155" addrtype="ipv4"/><ports><port protocol="tcp" portid="5060"><state state="open" reason="syn-ack" reason_ttl="50"/></port></ports></host>
<host endtime="1733429023"><address addr="103.224.215.121" addrtype="ipv4"/><ports><port protocol="tcp" portid="5060"><state state="open" reason="syn-ack" reason_ttl="48"/></port></ports></host>
<host endtime="1733429025"><address addr="202.46.246.115" addrtype="ipv4"/><ports><port protocol="tcp" portid="5060"><state state="open" reason="syn-ack" reason_ttl="51"/></port></ports></host>
<host endtime="1733429026"><address addr="202.46.9.89" addrtype="ipv4"/><ports><port protocol="tcp" portid="5060"><state state="open" reason="syn-ack" reason_ttl="51"/></port></ports></host>
<host endtime="1733429029"><address addr="202.46.246.13" addrtype="ipv4"/><ports><port protocol="tcp" portid="5060"><state state="open" reason="syn-ack" reason_ttl="51"/></port></ports></host>
<host endtime="1733429029"><address addr="202.46.250.31" addrtype="ipv4"/><ports><port protocol="tcp" portid="5060"><state state="open" reason="syn-ack" reason_ttl="50"/></port></ports></host>
<host endtime="1733429029"><address addr="202.46.5.79" addrtype="ipv4"/><ports><port protocol="tcp" portid="5060"><state state="open" reason="syn-ack" reason_ttl="51"/></port></ports></host>
<host endtime="1733429033"><address addr="202.46.15.234" addrtype="ipv4"/><ports><port protocol="tcp" portid="5060"><state state="open" reason="syn-ack" reason_ttl="51"/></port></ports></host>
<host endtime="1733429035"><address addr="202.46.250.54" addrtype="ipv4"/><ports><port protocol="tcp" portid="5060"><state state="open" reason="syn-ack" reason_ttl="50"/></port></ports></host>
<host endtime="1733429035"><address addr="202.46.248.198" addrtype="ipv4"/><ports><port protocol="tcp" portid="5060"><state state="open" reason="syn-ack" reason_ttl="50"/></port></ports></host>
<host endtime="1733429038"><address addr="202.46.242.212" addrtype="ipv4"/><ports><port protocol="tcp" portid="5060"><state state="open" reason="syn-ack" reason_ttl="51"/></port></ports></host>
<host endtime="1733429039"><address addr="202.46.248.83" addrtype="ipv4"/><ports><port protocol="tcp" portid="5060"><state state="open" reason="syn-ack" reason_ttl="51"/></port></ports></host>
<host endtime="1733429040"><address addr="202.46.240.202" addrtype="ipv4"/><ports><port protocol="tcp" portid="5060"><state state="open" reason="syn-ack" reason_ttl="51"/></port></ports></host>
<host endtime="1733429041"><address addr="202.46.244.76" addrtype="ipv4"/><ports><port protocol="tcp" portid="5060"><state state="open" reason="syn-ack" reason_ttl="51"/></port></ports></host>
<host endtime="1733429042"><address addr="103.83.18.32" addrtype="ipv4"/><ports><port protocol="tcp" portid="5060"><state state="open" reason="syn-ack" reason_ttl="48"/></port></ports></host>
<host endtime="1733429043"><address addr="202.46.3.135" addrtype="ipv4"/><ports><port protocol="tcp" portid="5060"><state state="open" reason="syn-ack" reason_ttl="50"/></port></ports></host>
<host endtime="1733429046"><address addr="103.224.214.235" addrtype="ipv4"/><ports><port protocol="tcp" portid="5060"><state state="open" reason="syn-ack" reason_ttl="48"/></port></ports></host>
<host endtime="1733429047"><address addr="193.103.200.180" addrtype="ipv4"/><ports><port protocol="tcp" portid="5060"><state state="open" reason="syn-ack" reason_ttl="54"/></port></ports></host>
<host endtime="1733429047"><address addr="202.46.241.59" addrtype="ipv4"/><ports><port protocol="tcp" portid="5060"><state state="open" reason="syn-ack" reason_ttl="51"/></port></ports></host>
<host endtime="1733429054"><address addr="202.46.10.38" addrtype="ipv4"/><ports><port protocol="tcp" portid="5060"><state state="open" reason="syn-ack" reason_ttl="51"/></port></ports></host>
<host endtime="1733429059"><address addr="199.123.26.81" addrtype="ipv4"/><ports><port protocol="tcp" portid="5060"><state state="open" reason="syn-ack" reason_ttl="229"/></port></ports></host>
<host endtime="1733429060"><address addr="202.46.7.202" addrtype="ipv4"/><ports><port protocol="tcp" portid="5060"><state state="open" reason="syn-ack" reason_ttl="51"/></port></ports></host>
<host endtime="1733429061"><address addr="193.98.229.27" addrtype="ipv4"/><ports><port protocol="tcp" portid="5060"><state state="open" reason="syn-ack" reason_ttl="44"/></port></ports></host>
<host endtime="1733429061"><address addr="103.224.214.113" addrtype="ipv4"/><ports><port protocol="tcp" portid="5060"><state state="open" reason="syn-ack" reason_ttl="48"/></port></ports></host>
<host endtime="1733429062"><address addr="202.46.6.5" addrtype="ipv4"/><ports><port protocol="tcp" portid="5061"><state state="open" reason="syn-ack" reason_ttl="49"/></port></ports></host>
<host endtime="1733429063"><address addr="103.83.18.103" addrtype="ipv4"/><ports><port protocol="tcp" portid="5060"><state state="open" reason="syn-ack" reason_ttl="48"/></port></ports></host>
<host endtime="1733429063"><address addr="202.46.0.143" addrtype="ipv4"/><ports><port protocol="tcp" portid="5060"><state state="open" reason="syn-ack" reason_ttl="51"/></port></ports></host>
<host endtime="1733429069"><address addr="202.46.7.154" addrtype="ipv4"/><ports><port protocol="tcp" portid="5060"><state state="open" reason="syn-ack" reason_ttl="50"/></port></ports></host>
<host endtime="1733429071"><address addr="199.123.25.222" addrtype="ipv4"/><ports><port protocol="tcp" portid="5060"><state state="open" reason="syn-ack" reason_ttl="229"/></port></ports></host>
<host endtime="1733429074"><address addr="202.46.252.220" addrtype="ipv4"/><ports><port protocol="tcp" portid="5060"><state state="open" reason="syn-ack" reason_ttl="51"/></port></ports></host>
<host endtime="1733429076"><address addr="202.46.255.209" addrtype="ipv4"/><ports><port protocol="tcp" portid="5060"><state state="open" reason="syn-ack" reason_ttl="51"/></port></ports></host>
<host endtime="1733429076"><address addr="202.46.251.171" addrtype="ipv4"/><ports><port protocol="tcp" portid="5060"><state state="open" reason="syn-ack" reason_ttl="51"/></port></ports></host>
<host endtime="1733429077"><address addr="103.83.18.118" addrtype="ipv4"/><ports><port protocol="tcp" portid="5060"><state state="open" reason="syn-ack" reason_ttl="48"/></port></ports></host>
<host endtime="1733429078"><address addr="202.46.247.121" addrtype="ipv4"/><ports><port protocol="tcp" portid="5060"><state state="open" reason="syn-ack" reason_ttl="51"/></port></ports></host>
<host endtime="1733429080"><address addr="202.46.252.198" addrtype="ipv4"/><ports><port protocol="tcp" portid="5060"><state state="open" reason="syn-ack" reason_ttl="50"/></port></ports></host>
<host endtime="1733429081"><address addr="202.46.10.205" addrtype="ipv4"/><ports><port protocol="tcp" portid="5060"><state state="open" reason="syn-ack" reason_ttl="50"/></port></ports></host>
<host endtime="1733429084"><address addr="193.103.200.35" addrtype="ipv4"/><ports><port protocol="tcp" portid="5060"><state state="open" reason="syn-ack" reason_ttl="52"/></port></ports></host>
<host endtime="1733429089"><address addr="202.46.245.32" addrtype="ipv4"/><ports><port protocol="tcp" portid="5060"><state state="open" reason="syn-ack" reason_ttl="51"/></port></ports></host>
<host endtime="1733429092"><address addr="202.46.10.216" addrtype="ipv4"/><ports><port protocol="tcp" portid="5060"><state state="open" reason="syn-ack" reason_ttl="50"/></port></ports></host>
<host endtime="1733429094"><address addr="202.46.0.166" addrtype="ipv4"/><ports><port protocol="tcp" portid="5060"><state state="open" reason="syn-ack" reason_ttl="51"/></port></ports></host>
<host endtime="1733429094"><address addr="202.46.7.251" addrtype="ipv4"/><ports><port protocol="tcp" portid="5060"><state state="open" reason="syn-ack" reason_ttl="51"/></port></ports></host>
<host endtime="1733429095"><address addr="199.201.236.190" addrtype="ipv4"/><ports><port protocol="tcp" portid="5060"><state state="open" reason="syn-ack" reason_ttl="47"/></port></ports></host>
<host endtime="1733429097"><address addr="103.224.214.43" addrtype="ipv4"/><ports><port protocol="tcp" portid="5060"><state state="open" reason="syn-ack" reason_ttl="48"/></port></ports></host>
<host endtime="1733429097"><address addr="202.46.6.22" addrtype="ipv4"/><ports><port protocol="tcp" portid="5060"><state state="open" reason="syn-ack" reason_ttl="51"/></port></ports></host>
<host endtime="1733429098"><address addr="202.46.6.6" addrtype="ipv4"/><ports><port protocol="tcp" portid="5061"><state state="open" reason="syn-ack" reason_ttl="50"/></port></ports></host>
<host endtime="1733429099"><address addr="202.46.251.9" addrtype="ipv4"/><ports><port protocol="tcp" portid="5060"><state state="open" reason="syn-ack" reason_ttl="51"/></port></ports></host>
<host endtime="1733429099"><address addr="199.123.24.205" addrtype="ipv4"/><ports><port protocol="tcp" portid="5060"><state state="open" reason="syn-ack" reason_ttl="229"/></port></ports></host>
<host endtime="1733429100"><address addr="202.46.253.163" addrtype="ipv4"/><ports><port protocol="tcp" portid="5060"><state state="open" reason="syn-ack" reason_ttl="51"/></port></ports></host>
<host endtime="1733429101"><address addr="193.98.229.70" addrtype="ipv4"/><ports><port protocol="tcp" portid="5060"><state state="open" reason="syn-ack" reason_ttl="47"/></port></ports></host>
<host endtime="1733429103"><address addr="199.201.237.126" addrtype="ipv4"/><ports><port protocol="tcp" portid="5060"><state state="open" reason="syn-ack" reason_ttl="47"/></port></ports></host>
<host endtime="1733429104"><address addr="202.46.4.234" addrtype="ipv4"/><ports><port protocol="tcp" portid="5060"><state state="open" reason="syn-ack" reason_ttl="51"/></port></ports></host>
<host endtime="1733429109"><address addr="202.46.250.229" addrtype="ipv4"/><ports><port protocol="tcp" portid="5060"><state state="open" reason="syn-ack" reason_ttl="51"/></port></ports></host>
<host endtime="1733429110"><address addr="193.98.119.153" addrtype="ipv4"/><ports><port protocol="tcp" portid="5060"><state state="open" reason="syn-ack" reason_ttl="48"/></port></ports></host>
<host endtime="1733429110"><address addr="199.201.236.175" addrtype="ipv4"/><ports><port protocol="tcp" portid="5060"><state state="open" reason="syn-ack" reason_ttl="47"/></port></ports></host>
<host endtime="1733429111"><address addr="199.201.236.61" addrtype="ipv4"/><ports><port protocol="tcp" portid="5060"><state state="open" reason="syn-ack" reason_ttl="47"/></port></ports></host>
<host endtime="1733429113"><address addr="202.46.244.162" addrtype="ipv4"/><ports><port protocol="tcp" portid="5060"><state state="open" reason="syn-ack" reason_ttl="51"/></port></ports></host>
<host endtime="1733429118"><address addr="199.123.26.157" addrtype="ipv4"/><ports><port protocol="tcp" portid="5060"><state state="open" reason="syn-ack" reason_ttl="229"/></port></ports></host>
<host endtime="1733429121"><address addr="202.46.245.248" addrtype="ipv4"/><ports><port protocol="tcp" portid="5060"><state state="open" reason="syn-ack" reason_ttl="51"/></port></ports></host>
<host endtime="1733429125"><address addr="202.46.11.30" addrtype="ipv4"/><ports><port protocol="tcp" portid="5060"><state state="open" reason="syn-ack" reason_ttl="50"/></port></ports></host>
<host endtime="1733429127"><address addr="193.98.229.175" addrtype="ipv4"/><ports><port protocol="tcp" portid="5060"><state state="open" reason="syn-ack" reason_ttl="47"/></port></ports></host>
<host endtime="1733429127"><address addr="202.46.246.15" addrtype="ipv4"/><ports><port protocol="tcp" portid="5060"><state state="open" reason="syn-ack" reason_ttl="50"/></port></ports></host>
<host endtime="1733429133"><address addr="202.46.250.56" addrtype="ipv4"/><ports><port protocol="tcp" portid="5060"><state state="open" reason="syn-ack" reason_ttl="51"/></port></ports></host>
<host endtime="1733429134"><address addr="103.83.18.89" addrtype="ipv4"/><ports><port protocol="tcp" portid="5060"><state state="open" reason="syn-ack" reason_ttl="48"/></port></ports></host>
<host endtime="1733429137"><address addr="202.46.4.105" addrtype="ipv4"/><ports><port protocol="tcp" portid="5060"><state state="open" reason="syn-ack" reason_ttl="51"/></port></ports></host>
<host endtime="1733429139"><address addr="103.83.18.173" addrtype="ipv4"/><ports><port protocol="tcp" portid="5060"><state state="open" reason="syn-ack" reason_ttl="48"/></port></ports></host>
<host endtime="1733429143"><address addr="202.46.3.172" addrtype="ipv4"/><ports><port protocol="tcp" portid="5060"><state state="open" reason="syn-ack" reason_ttl="51"/></port></ports></host>
<host endtime="1733429143"><address addr="199.123.24.3" addrtype="ipv4"/><ports><port protocol="tcp" portid="5060"><state state="open" reason="syn-ack" reason_ttl="229"/></port></ports></host>
<host endtime="1733429144"><address addr="202.46.13.250" addrtype="ipv4"/><ports><port protocol="tcp" portid="5060"><state state="open" reason="syn-ack" reason_ttl="51"/></port></ports></host>
<host endtime="1733429149"><address addr="103.83.18.162" addrtype="ipv4"/><ports><port protocol="tcp" portid="5060"><state state="open" reason="syn-ack" reason_ttl="48"/></port></ports></host>
<host endtime="1733429150"><address addr="202.46.245.110" addrtype="ipv4"/><ports><port protocol="tcp" portid="5060"><state state="open" reason="syn-ack" reason_ttl="51"/></port></ports></host>
<host endtime="1733429151"><address addr="202.46.251.103" addrtype="ipv4"/><ports><port protocol="tcp" portid="5060"><state state="open" reason="syn-ack" reason_ttl="51"/></port></ports></host>
<host endtime="1733429152"><address addr="202.46.4.59" addrtype="ipv4"/><ports><port protocol="tcp" portid="5060"><state state="open" reason="syn-ack" reason_ttl="51"/></port></ports></host>
<host endtime="1733429153"><address addr="103.224.214.95" addrtype="ipv4"/><ports><port protocol="tcp" portid="5060"><state state="open" reason="syn-ack" reason_ttl="48"/></port></ports></host>
<host endtime="1733429153"><address addr="193.103.200.189" addrtype="ipv4"/><ports><port protocol="tcp" portid="5060"><state state="open" reason="syn-ack" reason_ttl="54"/></port></ports></host>
<host endtime="1733429154"><address addr="202.46.247.99" addrtype="ipv4"/><ports><port protocol="tcp" portid="5060"><state state="open" reason="syn-ack" reason_ttl="51"/></port></ports></host>
<host endtime="1733429156"><address addr="202.46.244.198" addrtype="ipv4"/><ports><port protocol="tcp" portid="5060"><state state="open" reason="syn-ack" reason_ttl="51"/></port></ports></host>
<host endtime="1733429157"><address addr="199.123.27.73" addrtype="ipv4"/><ports><port protocol="tcp" portid="5060"><state state="open" reason="syn-ack" reason_ttl="229"/></port></ports></host>
<host endtime="1733429161"><address addr="202.46.241.70" addrtype="ipv4"/><ports><port protocol="tcp" portid="5060"><state state="open" reason="syn-ack" reason_ttl="51"/></port></ports></host>
<host endtime="1733429161"><address addr="199.123.25.167" addrtype="ipv4"/><ports><port protocol="tcp" portid="5060"><state state="open" reason="syn-ack" reason_ttl="229"/></port></ports></host>
<host endtime="1733429161"><address addr="202.46.15.90" addrtype="ipv4"/><ports><port protocol="tcp" portid="5060"><state state="open" reason="syn-ack" reason_ttl="51"/></port></ports></host>
<host endtime="1733429162"><address addr="202.46.243.102" addrtype="ipv4"/><ports><port protocol="tcp" portid="5060"><state state="open" reason="syn-ack" reason_ttl="51"/></port></ports></host>
<host endtime="1733429164"><address addr="202.46.5.9" addrtype="ipv4"/><ports><port protocol="tcp" portid="5060"><state state="open" reason="syn-ack" reason_ttl="51"/></port></ports></host>
<host endtime="1733429172"><address addr="202.46.251.185" addrtype="ipv4"/><ports><port protocol="tcp" portid="5060"><state state="open" reason="syn-ack" reason_ttl="51"/></port></ports></host>
<host endtime="1733429174"><address addr="202.46.254.67" addrtype="ipv4"/><ports><port protocol="tcp" portid="5060"><state state="open" reason="syn-ack" reason_ttl="51"/></port></ports></host>
<host endtime="1733429176"><address addr="202.46.9.110" addrtype="ipv4"/><ports><port protocol="tcp" portid="5060"><state state="open" reason="syn-ack" reason_ttl="51"/></port></ports></host>
<host endtime="1733429177"><address addr="202.46.245.28" addrtype="ipv4"/><ports><port protocol="tcp" portid="5060"><state state="open" reason="syn-ack" reason_ttl="50"/></port></ports></host>
<host endtime="1733429183"><address addr="202.46.246.223" addrtype="ipv4"/><ports><port protocol="tcp" portid="5060"><state state="open" reason="syn-ack" reason_ttl="51"/></port></ports></host>
<host endtime="1733429185"><address addr="202.46.2.252" addrtype="ipv4"/><ports><port protocol="tcp" portid="5060"><state state="open" reason="syn-ack" reason_ttl="51"/></port></ports></host>
<host endtime="1733429185"><address addr="202.46.244.253" addrtype="ipv4"/><ports><port protocol="tcp" portid="5060"><state state="open" reason="syn-ack" reason_ttl="51"/></port></ports></host>
<host endtime="1733429186"><address addr="202.46.14.248" addrtype="ipv4"/><ports><port protocol="tcp" portid="5060"><state state="open" reason="syn-ack" reason_ttl="51"/></port></ports></host>
<host endtime="1733429187"><address addr="202.46.248.117" addrtype="ipv4"/><ports><port protocol="tcp" portid="5060"><state state="open" reason="syn-ack" reason_ttl="51"/></port></ports></host>
<host endtime="1733429190"><address addr="202.46.245.85" addrtype="ipv4"/><ports><port protocol="tcp" portid="5060"><state state="open" reason="syn-ack" reason_ttl="51"/></port></ports></host>
<host endtime="1733429191"><address addr="202.46.8.240" addrtype="ipv4"/><ports><port protocol="tcp" portid="5060"><state state="open" reason="syn-ack" reason_ttl="51"/></port></ports></host>
<host endtime="1733429191"><address addr="103.224.214.176" addrtype="ipv4"/><ports><port protocol="tcp" portid="5060"><state state="open" reason="syn-ack" reason_ttl="48"/></port></ports></host>
<host endtime="1733429191"><address addr="199.201.236.69" addrtype="ipv4"/><ports><port protocol="tcp" portid="5060"><state state="open" reason="syn-ack" reason_ttl="47"/></port></ports></host>
<host endtime="1733429192"><address addr="193.98.116.80" addrtype="ipv4"/><ports><port protocol="tcp" portid="5060"><state state="open" reason="syn-ack" reason_ttl="49"/></port></ports></host>
<host endtime="1733429193"><address addr="103.177.50.83" addrtype="ipv4"/><ports><port protocol="tcp" portid="5060"><state state="open" reason="syn-ack" reason_ttl="121"/></port></ports></host>
<host endtime="1733429193"><address addr="202.46.13.95" addrtype="ipv4"/><ports><port protocol="tcp" portid="5060"><state state="open" reason="syn-ack" reason_ttl="51"/></port></ports></host>
<host endtime="1733429193"><address addr="202.46.14.76" addrtype="ipv4"/><ports><port protocol="tcp" portid="5060"><state state="open" reason="syn-ack" reason_ttl="51"/></port></ports></host>
<host endtime="1733429203"><address addr="103.224.215.46" addrtype="ipv4"/><ports><port protocol="tcp" portid="5060"><state state="open" reason="syn-ack" reason_ttl="48"/></port></ports></host>
<host endtime="1733429203"><address addr="202.46.255.40" addrtype="ipv4"/><ports><port protocol="tcp" portid="5060"><state state="open" reason="syn-ack" reason_ttl="50"/></port></ports></host>
<host endtime="1733429207"><address addr="202.46.8.5" addrtype="ipv4"/><ports><port protocol="tcp" portid="5060"><state state="open" reason="syn-ack" reason_ttl="51"/></port></ports></host>
<host endtime="1733429209"><address addr="202.46.251.237" addrtype="ipv4"/><ports><port protocol="tcp" portid="5060"><state state="open" reason="syn-ack" reason_ttl="50"/></port></ports></host>
<host endtime="1733429210"><address addr="103.83.18.143" addrtype="ipv4"/><ports><port protocol="tcp" portid="5060"><state state="open" reason="syn-ack" reason_ttl="48"/></port></ports></host>
<host endtime="1733429214"><address addr="202.46.6.210" addrtype="ipv4"/><ports><port protocol="tcp" portid="5060"><state state="open" reason="syn-ack" reason_ttl="51"/></port></ports></host>
<host endtime="1733429214"><address addr="202.46.251.52" addrtype="ipv4"/><ports><port protocol="tcp" portid="5060"><state state="open" reason="syn-ack" reason_ttl="51"/></port></ports></host>
<host endtime="1733429216"><address addr="193.98.229.128" addrtype="ipv4"/><ports><port protocol="tcp" portid="5061"><state state="open" reason="syn-ack" reason_ttl="48"/></port></ports></host>
<host endtime="1733429216"><address addr="202.46.241.223" addrtype="ipv4"/><ports><port protocol="tcp" portid="5060"><state state="open" reason="syn-ack" reason_ttl="51"/></port></ports></host>
<host endtime="1733429217"><address addr="202.46.6.82" addrtype="ipv4"/><ports><port protocol="tcp" portid="5060"><state state="open" reason="syn-ack" reason_ttl="51"/></port></ports></host>
<host endtime="1733429219"><address addr="202.46.4.146" addrtype="ipv4"/><ports><port protocol="tcp" portid="5060"><state state="open" reason="syn-ack" reason_ttl="51"/></port></ports></host>
<host endtime="1733429220"><address addr="103.110.62.122" addrtype="ipv4"/><ports><port protocol="tcp" portid="5060"><state state="open" reason="syn-ack" reason_ttl="242"/></port></ports></host>
<host endtime="1733429221"><address addr="202.46.3.178" addrtype="ipv4"/><ports><port protocol="tcp" portid="5060"><state state="open" reason="syn-ack" reason_ttl="51"/></port></ports></host>
<host endtime="1733429225"><address addr="199.201.237.2" addrtype="ipv4"/><ports><port protocol="tcp" portid="5060"><state state="open" reason="syn-ack" reason_ttl="47"/></port></ports></host>
<host endtime="1733429226"><address addr="202.46.244.138" addrtype="ipv4"/><ports><port protocol="tcp" portid="5060"><state state="open" reason="syn-ack" reason_ttl="51"/></port></ports></host>
<host endtime="1733429231"><address addr="202.46.249.29" addrtype="ipv4"/><ports><port protocol="tcp" portid="5060"><state state="open" reason="syn-ack" reason_ttl="50"/></port></ports></host>
<host endtime="1733429236"><address addr="202.46.11.110" addrtype="ipv4"/><ports><port protocol="tcp" portid="5060"><state state="open" reason="syn-ack" reason_ttl="51"/></port></ports></host>
<host endtime="1733429237"><address addr="202.46.242.181" addrtype="ipv4"/><ports><port protocol="tcp" portid="5060"><state state="open" reason="syn-ack" reason_ttl="51"/></port></ports></host>
<host endtime="1733429240"><address addr="202.46.243.188" addrtype="ipv4"/><ports><port protocol="tcp" portid="5060"><state state="open" reason="syn-ack" reason_ttl="51"/></port></ports></host>
<host endtime="1733429243"><address addr="202.46.244.4" addrtype="ipv4"/><ports><port protocol="tcp" portid="5060"><state state="open" reason="syn-ack" reason_ttl="50"/></port></ports></host>
<host endtime="1733429244"><address addr="103.83.19.247" addrtype="ipv4"/><ports><port protocol="tcp" portid="5060"><state state="open" reason="syn-ack" reason_ttl="48"/></port></ports></host>
<host endtime="1733429251"><address addr="199.201.236.138" addrtype="ipv4"/><ports><port protocol="tcp" portid="5060"><state state="open" reason="syn-ack" reason_ttl="47"/></port></ports></host>
<host endtime="1733429261"><address addr="202.46.253.170" addrtype="ipv4"/><ports><port protocol="tcp" portid="5060"><state state="open" reason="syn-ack" reason_ttl="51"/></port></ports></host>
<host endtime="1733429267"><address addr="41.138.192.28" addrtype="ipv4"/><ports><port protocol="tcp" portid="5060"><state state="open" reason="syn-ack" reason_ttl="43"/></port></ports></host>
<host endtime="1733429268"><address addr="202.46.253.217" addrtype="ipv4"/><ports><port protocol="tcp" portid="5060"><state state="open" reason="syn-ack" reason_ttl="50"/></port></ports></host>
<host endtime="1733429269"><address addr="202.46.248.54" addrtype="ipv4"/><ports><port protocol="tcp" portid="5060"><state state="open" reason="syn-ack" reason_ttl="50"/></port></ports></host>
<host endtime="1733429269"><address addr="193.98.229.3" addrtype="ipv4"/><ports><port protocol="tcp" portid="5060"><state state="open" reason="syn-ack" reason_ttl="49"/></port></ports></host>
<host endtime="1733429270"><address addr="202.46.15.36" addrtype="ipv4"/><ports><port protocol="tcp" portid="5060"><state state="open" reason="syn-ack" reason_ttl="50"/></port></ports></host>
<host endtime="1733429270"><address addr="103.224.215.125" addrtype="ipv4"/><ports><port protocol="tcp" portid="5060"><state state="open" reason="syn-ack" reason_ttl="48"/></port></ports></host>
<host endtime="1733429273"><address addr="202.46.5.44" addrtype="ipv4"/><ports><port protocol="tcp" portid="5060"><state state="open" reason="syn-ack" reason_ttl="50"/></port></ports></host>
<host endtime="1733429273"><address addr="199.201.237.51" addrtype="ipv4"/><ports><port protocol="tcp" portid="5060"><state state="open" reason="syn-ack" reason_ttl="47"/></port></ports></host>
<host endtime="1733429275"><address addr="202.46.8.57" addrtype="ipv4"/><ports><port protocol="tcp" portid="5060"><state state="open" reason="syn-ack" reason_ttl="51"/></port></ports></host>
<host endtime="1733429276"><address addr="202.46.250.216" addrtype="ipv4"/><ports><port protocol="tcp" portid="5060"><state state="open" reason="syn-ack" reason_ttl="51"/></port></ports></host>
<host endtime="1733429277"><address addr="202.46.15.202" addrtype="ipv4"/><ports><port protocol="tcp" portid="5060"><state state="open" reason="syn-ack" reason_ttl="51"/></port></ports></host>
<host endtime="1733429278"><address addr="199.123.27.102" addrtype="ipv4"/><ports><port protocol="tcp" portid="5060"><state state="open" reason="syn-ack" reason_ttl="229"/></port></ports></host>
<host endtime="1733429279"><address addr="199.123.25.80" addrtype="ipv4"/><ports><port protocol="tcp" portid="5060"><state state="open" reason="syn-ack" reason_ttl="229"/></port></ports></host>
<host endtime="1733429283"><address addr="202.46.255.9" addrtype="ipv4"/><ports><port protocol="tcp" portid="5060"><state state="open" reason="syn-ack" reason_ttl="51"/></port></ports></host>
<host endtime="1733429284"><address addr="202.46.4.241" addrtype="ipv4"/><ports><port protocol="tcp" portid="5060"><state state="open" reason="syn-ack" reason_ttl="51"/></port></ports></host>
<host endtime="1733429285"><address addr="193.98.229.8" addrtype="ipv4"/><ports><port protocol="tcp" portid="5061"><state state="open" reason="syn-ack" reason_ttl="47"/></port></ports></host>
<host endtime="1733429286"><address addr="202.46.250.92" addrtype="ipv4"/><ports><port protocol="tcp" portid="5060"><state state="open" reason="syn-ack" reason_ttl="50"/></port></ports></host>
<host endtime="1733429288"><address addr="103.224.215.41" addrtype="ipv4"/><ports><port protocol="tcp" portid="5060"><state state="open" reason="syn-ack" reason_ttl="48"/></port></ports></host>
<host endtime="1733429288"><address addr="202.46.2.182" addrtype="ipv4"/><ports><port protocol="tcp" portid="5060"><state state="open" reason="syn-ack" reason_ttl="51"/></port></ports></host>
<host endtime="1733429292"><address addr="202.46.0.183" addrtype="ipv4"/><ports><port protocol="tcp" portid="5060"><state state="open" reason="syn-ack" reason_ttl="50"/></port></ports></host>
<host endtime="1733429292"><address addr="202.46.5.82" addrtype="ipv4"/><ports><port protocol="tcp" portid="5060"><state state="open" reason="syn-ack" reason_ttl="51"/></port></ports></host>
<host endtime="1733429293"><address addr="202.46.4.115" addrtype="ipv4"/><ports><port protocol="tcp" portid="5060"><state state="open" reason="syn-ack" reason_ttl="50"/></port></ports></host>
<host endtime="1733429296"><address addr="202.46.14.119" addrtype="ipv4"/><ports><port protocol="tcp" portid="5060"><state state="open" reason="syn-ack" reason_ttl="50"/></port></ports></host>
<host endtime="1733429297"><address addr="193.103.200.99" addrtype="ipv4"/><ports><port protocol="tcp" portid="5060"><state state="open" reason="syn-ack" reason_ttl="54"/></port></ports></host>
<host endtime="1733429298"><address addr="193.98.229.19" addrtype="ipv4"/><ports><port protocol="tcp" portid="5060"><state state="open" reason="syn-ack" reason_ttl="48"/></port></ports></host>
<host endtime="1733429298"><address addr="202.46.248.235" addrtype="ipv4"/><ports><port protocol="tcp" portid="5060"><state state="open" reason="syn-ack" reason_ttl="51"/></port></ports></host>
<host endtime="1733429298"><address addr="202.46.0.206" addrtype="ipv4"/><ports><port protocol="tcp" portid="5060"><state state="open" reason="syn-ack" reason_ttl="51"/></port></ports></host>
<host endtime="1733429299"><address addr="193.98.229.45" addrtype="ipv4"/><ports><port protocol="tcp" portid="5060"><state state="open" reason="syn-ack" reason_ttl="48"/></port></ports></host>
<host endtime="1733429299"><address addr="202.46.244.224" addrtype="ipv4"/><ports><port protocol="tcp" portid="5060"><state state="open" reason="syn-ack" reason_ttl="51"/></port></ports></host>
<host endtime="1733429300"><address addr="202.46.251.236" addrtype="ipv4"/><ports><port protocol="tcp" portid="5060"><state state="open" reason="syn-ack" reason_ttl="51"/></port></ports></host>
<host endtime="1733429301"><address addr="202.46.250.43" addrtype="ipv4"/><ports><port protocol="tcp" portid="5060"><state state="open" reason="syn-ack" reason_ttl="50"/></port></ports></host>
<host endtime="1733429311"><address addr="199.123.26.48" addrtype="ipv4"/><ports><port protocol="tcp" portid="5060"><state state="open" reason="syn-ack" reason_ttl="229"/></port></ports></host>
<host endtime="1733429311"><address addr="103.83.19.21" addrtype="ipv4"/><ports><port protocol="tcp" portid="5060"><state state="open" reason="syn-ack" reason_ttl="48"/></port></ports></host>
<host endtime="1733429312"><address addr="199.201.236.235" addrtype="ipv4"/><ports><port protocol="tcp" portid="5060"><state state="open" reason="syn-ack" reason_ttl="47"/></port></ports></host>
<host endtime="1733429316"><address addr="202.46.8.187" addrtype="ipv4"/><ports><port protocol="tcp" portid="5060"><state state="open" reason="syn-ack" reason_ttl="51"/></port></ports></host>
<host endtime="1733429317"><address addr="202.46.245.243" addrtype="ipv4"/><ports><port protocol="tcp" portid="5060"><state state="open" reason="syn-ack" reason_ttl="51"/></port></ports></host>
<host endtime="1733429320"><address addr="202.46.245.2" addrtype="ipv4"/><ports><port protocol="tcp" portid="5060"><state state="open" reason="syn-ack" reason_ttl="50"/></port></ports></host>
<host endtime="1733429324"><address addr="202.46.249.209" addrtype="ipv4"/><ports><port protocol="tcp" portid="5060"><state state="open" reason="syn-ack" reason_ttl="51"/></port></ports></host>
<host endtime="1733429326"><address addr="202.46.251.242" addrtype="ipv4"/><ports><port protocol="tcp" portid="5060"><state state="open" reason="syn-ack" reason_ttl="51"/></port></ports></host>
<host endtime="1733429326"><address addr="202.46.9.144" addrtype="ipv4"/><ports><port protocol="tcp" portid="5060"><state state="open" reason="syn-ack" reason_ttl="51"/></port></ports></host>
<host endtime="1733429328"><address addr="202.46.13.54" addrtype="ipv4"/><ports><port protocol="tcp" portid="5060"><state state="open" reason="syn-ack" reason_ttl="50"/></port></ports></host>
<host endtime="1733429330"><address addr="202.46.8.115" addrtype="ipv4"/><ports><port protocol="tcp" portid="5060"><state state="open" reason="syn-ack" reason_ttl="51"/></port></ports></host>
<host endtime="1733429330"><address addr="202.46.7.101" addrtype="ipv4"/><ports><port protocol="tcp" portid="5060"><state state="open" reason="syn-ack" reason_ttl="51"/></port></ports></host>
<host endtime="1733429331"><address addr="202.46.250.52" addrtype="ipv4"/><ports><port protocol="tcp" portid="5060"><state state="open" reason="syn-ack" reason_ttl="50"/></port></ports></host>
<host endtime="1733429331"><address addr="202.46.13.3" addrtype="ipv4"/><ports><port protocol="tcp" portid="5060"><state state="open" reason="syn-ack" reason_ttl="51"/></port></ports></host>
<host endtime="1733429332"><address addr="193.97.171.21" addrtype="ipv4"/><ports><port protocol="tcp" portid="5061"><state state="open" reason="syn-ack" reason_ttl="241"/></port></ports></host>
<host endtime="1733429333"><address addr="202.46.10.21" addrtype="ipv4"/><ports><port protocol="tcp" portid="5060"><state state="open" reason="syn-ack" reason_ttl="50"/></port></ports></host>
<host endtime="1733429333"><address addr="202.46.246.154" addrtype="ipv4"/><ports><port protocol="tcp" portid="5060"><state state="open" reason="syn-ack" reason_ttl="51"/></port></ports></host>
<host endtime="1733429336"><address addr="103.83.18.220" addrtype="ipv4"/><ports><port protocol="tcp" portid="5060"><state state="open" reason="syn-ack" reason_ttl="48"/></port></ports></host>
<host endtime="1733429343"><address addr="202.46.2.161" addrtype="ipv4"/><ports><port protocol="tcp" portid="5060"><state state="open" reason="syn-ack" reason_ttl="51"/></port></ports></host>
<host endtime="1733429348"><address addr="202.46.15.96" addrtype="ipv4"/><ports><port protocol="tcp" portid="5060"><state state="open" reason="syn-ack" reason_ttl="51"/></port></ports></host>
<host endtime="1733429354"><address addr="202.46.253.206" addrtype="ipv4"/><ports><port protocol="tcp" portid="5060"><state state="open" reason="syn-ack" reason_ttl="50"/></port></ports></host>
<host endtime="1733429369"><address addr="202.46.15.147" addrtype="ipv4"/><ports><port protocol="tcp" portid="5060"><state state="open" reason="syn-ack" reason_ttl="51"/></port></ports></host>
<host endtime="1733429370"><address addr="202.46.255.68" addrtype="ipv4"/><ports><port protocol="tcp" portid="5060"><state state="open" reason="syn-ack" reason_ttl="50"/></port></ports></host>
<host endtime="1733429372"><address addr="202.46.243.154" addrtype="ipv4"/><ports><port protocol="tcp" portid="5060"><state state="open" reason="syn-ack" reason_ttl="51"/></port></ports></host>
<host endtime="1733429373"><address addr="202.46.244.153" addrtype="ipv4"/><ports><port protocol="tcp" portid="5060"><state state="open" reason="syn-ack" reason_ttl="51"/></port></ports></host>
<host endtime="1733429374"><address addr="103.224.214.214" addrtype="ipv4"/><ports><port protocol="tcp" portid="5060"><state state="open" reason="syn-ack" reason_ttl="48"/></port></ports></host>
<host endtime="1733429377"><address addr="202.46.243.226" addrtype="ipv4"/><ports><port protocol="tcp" portid="5060"><state state="open" reason="syn-ack" reason_ttl="51"/></port></ports></host>
<host endtime="1733429381"><address addr="202.46.15.175" addrtype="ipv4"/><ports><port protocol="tcp" portid="5060"><state state="open" reason="syn-ack" reason_ttl="51"/></port></ports></host>
<host endtime="1733429381"><address addr="202.46.15.142" addrtype="ipv4"/><ports><port protocol="tcp" portid="5061"><state state="open" reason="syn-ack" reason_ttl="49"/></port></ports></host>
<host endtime="1733429384"><address addr="202.46.255.17" addrtype="ipv4"/><ports><port protocol="tcp" portid="5060"><state state="open" reason="syn-ack" reason_ttl="51"/></port></ports></host>
<host endtime="1733429385"><address addr="103.224.214.233" addrtype="ipv4"/><ports><port protocol="tcp" portid="5060"><state state="open" reason="syn-ack" reason_ttl="48"/></port></ports></host>
<host endtime="1733429385"><address addr="202.46.253.101" addrtype="ipv4"/><ports><port protocol="tcp" portid="5060"><state state="open" reason="syn-ack" reason_ttl="51"/></port></ports></host>
<host endtime="1733429390"><address addr="202.46.10.170" addrtype="ipv4"/><ports><port protocol="tcp" portid="5060"><state state="open" reason="syn-ack" reason_ttl="50"/></port></ports></host>
<host endtime="1733429391"><address addr="199.201.237.153" addrtype="ipv4"/><ports><port protocol="tcp" portid="5060"><state state="open" reason="syn-ack" reason_ttl="47"/></port></ports></host>
<host endtime="1733429394"><address addr="202.46.240.151" addrtype="ipv4"/><ports><port protocol="tcp" portid="5060"><state state="open" reason="syn-ack" reason_ttl="51"/></port></ports></host>
<host endtime="1733429395"><address addr="202.46.15.121" addrtype="ipv4"/><ports><port protocol="tcp" portid="5060"><state state="open" reason="syn-ack" reason_ttl="50"/></port></ports></host>
<host endtime="1733429395"><address addr="199.123.25.246" addrtype="ipv4"/><ports><port protocol="tcp" portid="5060"><state state="open" reason="syn-ack" reason_ttl="229"/></port></ports></host>
<host endtime="1733429395"><address addr="202.46.9.157" addrtype="ipv4"/><ports><port protocol="tcp" portid="5060"><state state="open" reason="syn-ack" reason_ttl="50"/></port></ports></host>
<host endtime="1733429398"><address addr="193.98.229.71" addrtype="ipv4"/><ports><port protocol="tcp" portid="5061"><state state="open" reason="syn-ack" reason_ttl="44"/></port></ports></host>
<host endtime="1733429399"><address addr="103.83.19.211" addrtype="ipv4"/><ports><port protocol="tcp" portid="5060"><state state="open" reason="syn-ack" reason_ttl="48"/></port></ports></host>
<host endtime="1733429401"><address addr="202.46.4.84" addrtype="ipv4"/><ports><port protocol="tcp" portid="5060"><state state="open" reason="syn-ack" reason_ttl="50"/></port></ports></host>
<host endtime="1733429401"><address addr="202.46.244.238" addrtype="ipv4"/><ports><port protocol="tcp" portid="5060"><state state="open" reason="syn-ack" reason_ttl="51"/></port></ports></host>
<host endtime="1733429402"><address addr="202.46.243.111" addrtype="ipv4"/><ports><port protocol="tcp" portid="5060"><state state="open" reason="syn-ack" reason_ttl="50"/></port></ports></host>
<host endtime="1733429403"><address addr="193.103.200.28" addrtype="ipv4"/><ports><port protocol="tcp" portid="5060"><state state="open" reason="syn-ack" reason_ttl="52"/></port></ports></host>
<host endtime="1733429409"><address addr="202.46.247.184" addrtype="ipv4"/><ports><port protocol="tcp" portid="5060"><state state="open" reason="syn-ack" reason_ttl="50"/></port></ports></host>
<host endtime="1733429409"><address addr="202.46.9.201" addrtype="ipv4"/><ports><port protocol="tcp" portid="5060"><state state="open" reason="syn-ack" reason_ttl="51"/></port></ports></host>
<host endtime="1733429410"><address addr="202.46.14.184" addrtype="ipv4"/><ports><port protocol="tcp" portid="5060"><state state="open" reason="syn-ack" reason_ttl="51"/></port></ports></host>
<host endtime="1733429413"><address addr="202.46.9.228" addrtype="ipv4"/><ports><port protocol="tcp" portid="5060"><state state="open" reason="syn-ack" reason_ttl="51"/></port></ports></host>
<host endtime="1733429413"><address addr="202.46.240.105" addrtype="ipv4"/><ports><port protocol="tcp" portid="5060"><state state="open" reason="syn-ack" reason_ttl="51"/></port></ports></host>
<host endtime="1733429414"><address addr="202.46.15.76" addrtype="ipv4"/><ports><port protocol="tcp" portid="5060"><state state="open" reason="syn-ack" reason_ttl="50"/></port></ports></host>
<host endtime="1733429423"><address addr="199.123.26.25" addrtype="ipv4"/><ports><port protocol="tcp" portid="5060"><state state="open" reason="syn-ack" reason_ttl="229"/></port></ports></host>
<host endtime="1733429426"><address addr="202.46.4.124" addrtype="ipv4"/><ports><port protocol="tcp" portid="5060"><state state="open" reason="syn-ack" reason_ttl="50"/></port></ports></host>
<host endtime="1733429432"><address addr="199.201.237.245" addrtype="ipv4"/><ports><port protocol="tcp" portid="5060"><state state="open" reason="syn-ack" reason_ttl="47"/></port></ports></host>
<host endtime="1733429432"><address addr="103.83.18.42" addrtype="ipv4"/><ports><port protocol="tcp" portid="5060"><state state="open" reason="syn-ack" reason_ttl="48"/></port></ports></host>
<host endtime="1733429435"><address addr="202.46.2.236" addrtype="ipv4"/><ports><port protocol="tcp" portid="5060"><state state="open" reason="syn-ack" reason_ttl="51"/></port></ports></host>
<host endtime="1733429438"><address addr="202.46.15.144" addrtype="ipv4"/><ports><port protocol="tcp" portid="5061"><state state="open" reason="syn-ack" reason_ttl="50"/></port></ports></host>
<host endtime="1733429440"><address addr="202.46.251.219" addrtype="ipv4"/><ports><port protocol="tcp" portid="5060"><state state="open" reason="syn-ack" reason_ttl="50"/></port></ports></host>
<host endtime="1733429441"><address addr="193.103.200.84" addrtype="ipv4"/><ports><port protocol="tcp" portid="5060"><state state="open" reason="syn-ack" reason_ttl="54"/></port></ports></host>
<host endtime="1733429444"><address addr="103.83.18.180" addrtype="ipv4"/><ports><port protocol="tcp" portid="5060"><state state="open" reason="syn-ack" reason_ttl="48"/></port></ports></host>
<host endtime="1733429444"><address addr="103.83.19.52" addrtype="ipv4"/><ports><port protocol="tcp" portid="5060"><state state="open" reason="syn-ack" reason_ttl="48"/></port></ports></host>
<host endtime="1733429446"><address addr="202.46.4.55" addrtype="ipv4"/><ports><port protocol="tcp" portid="5060"><state state="open" reason="syn-ack" reason_ttl="51"/></port></ports></host>
<host endtime="1733429449"><address addr="202.46.249.30" addrtype="ipv4"/><ports><port protocol="tcp" portid="5060"><state state="open" reason="syn-ack" reason_ttl="50"/></port></ports></host>
<host endtime="1733429451"><address addr="202.46.245.172" addrtype="ipv4"/><ports><port protocol="tcp" portid="5060"><state state="open" reason="syn-ack" reason_ttl="51"/></port></ports></host>
<host endtime="1733429451"><address addr="202.46.0.48" addrtype="ipv4"/><ports><port protocol="tcp" portid="5060"><state state="open" reason="syn-ack" reason_ttl="51"/></port></ports></host>
<host endtime="1733429453"><address addr="193.103.200.178" addrtype="ipv4"/><ports><port protocol="tcp" portid="5060"><state state="open" reason="syn-ack" reason_ttl="52"/></port></ports></host>
<host endtime="1733429453"><address addr="202.46.10.239" addrtype="ipv4"/><ports><port protocol="tcp" portid="5060"><state state="open" reason="syn-ack" reason_ttl="50"/></port></ports></host>
<host endtime="1733429465"><address addr="202.46.1.123" addrtype="ipv4"/><ports><port protocol="tcp" portid="5060"><state state="open" reason="syn-ack" reason_ttl="51"/></port></ports></host>
<host endtime="1733429468"><address addr="202.46.3.246" addrtype="ipv4"/><ports><port protocol="tcp" portid="5060"><state state="open" reason="syn-ack" reason_ttl="51"/></port></ports></host>
<host endtime="1733429470"><address addr="202.46.245.239" addrtype="ipv4"/><ports><port protocol="tcp" portid="5060"><state state="open" reason="syn-ack" reason_ttl="51"/></port></ports></host>
<host endtime="1733429470"><address addr="103.83.19.58" addrtype="ipv4"/><ports><port protocol="tcp" portid="5060"><state state="open" reason="syn-ack" reason_ttl="48"/></port></ports></host>
<host endtime="1733429471"><address addr="202.46.255.114" addrtype="ipv4"/><ports><port protocol="tcp" portid="5060"><state state="open" reason="syn-ack" reason_ttl="51"/></port></ports></host>
<host endtime="1733429474"><address addr="202.46.10.0" addrtype="ipv4"/><ports><port protocol="tcp" portid="5060"><state state="open" reason="syn-ack" reason_ttl="51"/></port></ports></host>
<host endtime="1733429477"><address addr="202.46.13.201" addrtype="ipv4"/><ports><port protocol="tcp" portid="5060"><state state="open" reason="syn-ack" reason_ttl="51"/></port></ports></host>
<host endtime="1733429478"><address addr="202.46.254.60" addrtype="ipv4"/><ports><port protocol="tcp" portid="5060"><state state="open" reason="syn-ack" reason_ttl="51"/></port></ports></host>
<host endtime="1733429481"><address addr="202.46.251.220" addrtype="ipv4"/><ports><port protocol="tcp" portid="5060"><state state="open" reason="syn-ack" reason_ttl="50"/></port></ports></host>
<host endtime="1733429484"><address addr="202.46.240.77" addrtype="ipv4"/><ports><port protocol="tcp" portid="5060"><state state="open" reason="syn-ack" reason_ttl="51"/></port></ports></host>
<host endtime="1733429485"><address addr="202.46.3.185" addrtype="ipv4"/><ports><port protocol="tcp" portid="5060"><state state="open" reason="syn-ack" reason_ttl="51"/></port></ports></host>
<host endtime="1733429488"><address addr="202.46.253.198" addrtype="ipv4"/><ports><port protocol="tcp" portid="5060"><state state="open" reason="syn-ack" reason_ttl="51"/></port></ports></host>
<host endtime="1733429491"><address addr="202.46.12.124" addrtype="ipv4"/><ports><port protocol="tcp" portid="5060"><state state="open" reason="syn-ack" reason_ttl="51"/></port></ports></host>
<host endtime="1733429493"><address addr="202.46.7.149" addrtype="ipv4"/><ports><port protocol="tcp" portid="5060"><state state="open" reason="syn-ack" reason_ttl="51"/></port></ports></host>
<host endtime="1733429493"><address addr="202.46.255.52" addrtype="ipv4"/><ports><port protocol="tcp" portid="5060"><state state="open" reason="syn-ack" reason_ttl="51"/></port></ports></host>
<host endtime="1733429496"><address addr="202.46.9.12" addrtype="ipv4"/><ports><port protocol="tcp" portid="5060"><state state="open" reason="syn-ack" reason_ttl="51"/></port></ports></host>
<host endtime="1733429499"><address addr="199.123.24.139" addrtype="ipv4"/><ports><port protocol="tcp" portid="5060"><state state="open" reason="syn-ack" reason_ttl="229"/></port></ports></host>
<host endtime="1733429499"><address addr="103.83.19.135" addrtype="ipv4"/><ports><port protocol="tcp" portid="5060"><state state="open" reason="syn-ack" reason_ttl="48"/></port></ports></host>
<host endtime="1733429500"><address addr="202.46.251.90" addrtype="ipv4"/><ports><port protocol="tcp" portid="5060"><state state="open" reason="syn-ack" reason_ttl="50"/></port></ports></host>
<host endtime="1733429507"><address addr="103.224.214.77" addrtype="ipv4"/><ports><port protocol="tcp" portid="5060"><state state="open" reason="syn-ack" reason_ttl="48"/></port></ports></host>
<host endtime="1733429510"><address addr="202.46.243.227" addrtype="ipv4"/><ports><port protocol="tcp" portid="5060"><state state="open" reason="syn-ack" reason_ttl="51"/></port></ports></host>
<host endtime="1733429511"><address addr="103.83.18.212" addrtype="ipv4"/><ports><port protocol="tcp" portid="5060"><state state="open" reason="syn-ack" reason_ttl="48"/></port></ports></host>
<host endtime="1733429515"><address addr="202.46.9.40" addrtype="ipv4"/><ports><port protocol="tcp" portid="5060"><state state="open" reason="syn-ack" reason_ttl="51"/></port></ports></host>
<host endtime="1733429521"><address addr="103.83.19.91" addrtype="ipv4"/><ports><port protocol="tcp" portid="5060"><state state="open" reason="syn-ack" reason_ttl="48"/></port></ports></host>
<host endtime="1733429529"><address addr="103.224.215.224" addrtype="ipv4"/><ports><port protocol="tcp" portid="5060"><state state="open" reason="syn-ack" reason_ttl="48"/></port></ports></host>
<host endtime="1733429535"><address addr="202.46.247.31" addrtype="ipv4"/><ports><port protocol="tcp" portid="5060"><state state="open" reason="syn-ack" reason_ttl="50"/></port></ports></host>
<host endtime="1733429540"><address addr="202.46.254.203" addrtype="ipv4"/><ports><port protocol="tcp" portid="5060"><state state="open" reason="syn-ack" reason_ttl="50"/></port></ports></host>
<host endtime="1733429541"><address addr="199.201.236.186" addrtype="ipv4"/><ports><port protocol="tcp" portid="5060"><state state="open" reason="syn-ack" reason_ttl="47"/></port></ports></host>
<host endtime="1733429543"><address addr="193.98.119.30" addrtype="ipv4"/><ports><port protocol="tcp" portid="5060"><state state="open" reason="syn-ack" reason_ttl="48"/></port></ports></host>
<host endtime="1733429544"><address addr="199.123.26.161" addrtype="ipv4"/><ports><port protocol="tcp" portid="5060"><state state="open" reason="syn-ack" reason_ttl="229"/></port></ports></host>
<host endtime="1733429550"><address addr="202.46.6.214" addrtype="ipv4"/><ports><port protocol="tcp" portid="5060"><state state="open" reason="syn-ack" reason_ttl="51"/></port></ports></host>
<host endtime="1733429553"><address addr="202.46.242.218" addrtype="ipv4"/><ports><port protocol="tcp" portid="5060"><state state="open" reason="syn-ack" reason_ttl="51"/></port></ports></host>
<host endtime="1733429553"><address addr="202.46.252.110" addrtype="ipv4"/><ports><port protocol="tcp" portid="5060"><state state="open" reason="syn-ack" reason_ttl="50"/></port></ports></host>
<host endtime="1733429554"><address addr="202.46.245.240" addrtype="ipv4"/><ports><port protocol="tcp" portid="5060"><state state="open" reason="syn-ack" reason_ttl="51"/></port></ports></host>
<host endtime="1733429554"><address addr="193.103.200.239" addrtype="ipv4"/><ports><port protocol="tcp" portid="5060"><state state="open" reason="syn-ack" reason_ttl="52"/></port></ports></host>
<host endtime="1733429555"><address addr="202.46.6.33" addrtype="ipv4"/><ports><port protocol="tcp" portid="5060"><state state="open" reason="syn-ack" reason_ttl="51"/></port></ports></host>
<host endtime="1733429558"><address addr="202.46.7.19" addrtype="ipv4"/><ports><port protocol="tcp" portid="5060"><state state="open" reason="syn-ack" reason_ttl="51"/></port></ports></host>
<host endtime="1733429579"><address addr="202.46.248.161" addrtype="ipv4"/><ports><port protocol="tcp" portid="5060"><state state="open" reason="syn-ack" reason_ttl="50"/></port></ports></host>
<host endtime="1733429581"><address addr="193.98.229.13" addrtype="ipv4"/><ports><port protocol="tcp" portid="5060"><state state="open" reason="syn-ack" reason_ttl="47"/></port></ports></host>
<host endtime="1733429582"><address addr="202.46.4.43" addrtype="ipv4"/><ports><port protocol="tcp" portid="5060"><state state="open" reason="syn-ack" reason_ttl="51"/></port></ports></host>
<host endtime="1733429583"><address addr="202.46.0.126" addrtype="ipv4"/><ports><port protocol="tcp" portid="5060"><state state="open" reason="syn-ack" reason_ttl="50"/></port></ports></host>
<host endtime="1733429589"><address addr="202.46.15.70" addrtype="ipv4"/><ports><port protocol="tcp" portid="5060"><state state="open" reason="syn-ack" reason_ttl="50"/></port></ports></host>
<host endtime="1733429589"><address addr="202.46.13.99" addrtype="ipv4"/><ports><port protocol="tcp" portid="5060"><state state="open" reason="syn-ack" reason_ttl="50"/></port></ports></host>
<host endtime="1733429590"><address addr="202.46.1.44" addrtype="ipv4"/><ports><port protocol="tcp" portid="5060"><state state="open" reason="syn-ack" reason_ttl="50"/></port></ports></host>
<host endtime="1733429593"><address addr="202.46.255.73" addrtype="ipv4"/><ports><port protocol="tcp" portid="5060"><state state="open" reason="syn-ack" reason_ttl="50"/></port></ports></host>
<host endtime="1733429594"><address addr="193.101.4.61" addrtype="ipv4"/><ports><port protocol="tcp" portid="5061"><state state="open" reason="syn-ack" reason_ttl="112"/></port></ports></host>
<host endtime="1733429595"><address addr="202.46.246.168" addrtype="ipv4"/><ports><port protocol="tcp" portid="5060"><state state="open" reason="syn-ack" reason_ttl="51"/></port></ports></host>
<host endtime="1733429603"><address addr="202.46.0.209" addrtype="ipv4"/><ports><port protocol="tcp" portid="5060"><state state="open" reason="syn-ack" reason_ttl="51"/></port></ports></host>
<host endtime="1733429603"><address addr="202.46.12.121" addrtype="ipv4"/><ports><port protocol="tcp" portid="5060"><state state="open" reason="syn-ack" reason_ttl="50"/></port></ports></host>
<host endtime="1733429606"><address addr="202.46.15.15" addrtype="ipv4"/><ports><port protocol="tcp" portid="5060"><state state="open" reason="syn-ack" reason_ttl="51"/></port></ports></host>
<host endtime="1733429606"><address addr="202.46.7.76" addrtype="ipv4"/><ports><port protocol="tcp" portid="5060"><state state="open" reason="syn-ack" reason_ttl="51"/></port></ports></host>
<host endtime="1733429608"><address addr="202.46.3.95" addrtype="ipv4"/><ports><port protocol="tcp" portid="5060"><state state="open" reason="syn-ack" reason_ttl="50"/></port></ports></host>
<host endtime="1733429610"><address addr="199.123.25.54" addrtype="ipv4"/><ports><port protocol="tcp" portid="5060"><state state="open" reason="syn-ack" reason_ttl="229"/></port></ports></host>
<host endtime="1733429610"><address addr="202.46.7.151" addrtype="ipv4"/><ports><port protocol="tcp" portid="5060"><state state="open" reason="syn-ack" reason_ttl="51"/></port></ports></host>
<host endtime="1733429613"><address addr="193.103.200.15" addrtype="ipv4"/><ports><port protocol="tcp" portid="5060"><state state="open" reason="syn-ack" reason_ttl="52"/></port></ports></host>
<host endtime="1733429614"><address addr="202.46.249.252" addrtype="ipv4"/><ports><port protocol="tcp" portid="5060"><state state="open" reason="syn-ack" reason_ttl="51"/></port></ports></host>
<host endtime="1733429621"><address addr="202.46.7.6" addrtype="ipv4"/><ports><port protocol="tcp" portid="5060"><state state="open" reason="syn-ack" reason_ttl="50"/></port></ports></host>
<host endtime="1733429624"><address addr="202.46.249.7" addrtype="ipv4"/><ports><port protocol="tcp" portid="5060"><state state="open" reason="syn-ack" reason_ttl="51"/></port></ports></host>
<host endtime="1733429626"><address addr="202.46.3.235" addrtype="ipv4"/><ports><port protocol="tcp" portid="5060"><state state="open" reason="syn-ack" reason_ttl="51"/></port></ports></host>
<host endtime="1733429627"><address addr="202.46.240.254" addrtype="ipv4"/><ports><port protocol="tcp" portid="5060"><state state="open" reason="syn-ack" reason_ttl="51"/></port></ports></host>
<host endtime="1733429628"><address addr="202.46.9.250" addrtype="ipv4"/><ports><port protocol="tcp" portid="5060"><state state="open" reason="syn-ack" reason_ttl="51"/></port></ports></host>
<host endtime="1733429636"><address addr="202.46.252.185" addrtype="ipv4"/><ports><port protocol="tcp" portid="5060"><state state="open" reason="syn-ack" reason_ttl="51"/></port></ports></host>
<host endtime="1733429637"><address addr="202.46.241.115" addrtype="ipv4"/><ports><port protocol="tcp" portid="5060"><state state="open" reason="syn-ack" reason_ttl="51"/></port></ports></host>
<host endtime="1733429637"><address addr="202.46.247.238" addrtype="ipv4"/><ports><port protocol="tcp" portid="5060"><state state="open" reason="syn-ack" reason_ttl="50"/></port></ports></host>
<host endtime="1733429637"><address addr="202.46.249.168" addrtype="ipv4"/><ports><port protocol="tcp" portid="5060"><state state="open" reason="syn-ack" reason_ttl="50"/></port></ports></host>
<host endtime="1733429646"><address addr="202.46.255.0" addrtype="ipv4"/><ports><port protocol="tcp" portid="5060"><state state="open" reason="syn-ack" reason_ttl="50"/></port></ports></host>
<host endtime="1733429649"><address addr="202.46.11.51" addrtype="ipv4"/><ports><port protocol="tcp" portid="5060"><state state="open" reason="syn-ack" reason_ttl="50"/></port></ports></host>
<host endtime="1733429650"><address addr="199.123.27.201" addrtype="ipv4"/><ports><port protocol="tcp" portid="5060"><state state="open" reason="syn-ack" reason_ttl="229"/></port></ports></host>
<host endtime="1733429654"><address addr="202.46.245.171" addrtype="ipv4"/><ports><port protocol="tcp" portid="5060"><state state="open" reason="syn-ack" reason_ttl="51"/></port></ports></host>
<host endtime="1733429657"><address addr="202.46.4.109" addrtype="ipv4"/><ports><port protocol="tcp" portid="5060"><state state="open" reason="syn-ack" reason_ttl="50"/></port></ports></host>
<host endtime="1733429658"><address addr="202.46.252.99" addrtype="ipv4"/><ports><port protocol="tcp" portid="5060"><state state="open" reason="syn-ack" reason_ttl="50"/></port></ports></host>
<host endtime="1733429664"><address addr="103.224.215.231" addrtype="ipv4"/><ports><port protocol="tcp" portid="5060"><state state="open" reason="syn-ack" reason_ttl="48"/></port></ports></host>
<host endtime="1733429665"><address addr="199.123.24.162" addrtype="ipv4"/><ports><port protocol="tcp" portid="5060"><state state="open" reason="syn-ack" reason_ttl="229"/></port></ports></host>
<host endtime="1733429666"><address addr="199.123.24.9" addrtype="ipv4"/><ports><port protocol="tcp" portid="5060"><state state="open" reason="syn-ack" reason_ttl="229"/></port></ports></host>
<host endtime="1733429667"><address addr="202.46.242.191" addrtype="ipv4"/><ports><port protocol="tcp" portid="5060"><state state="open" reason="syn-ack" reason_ttl="50"/></port></ports></host>
<host endtime="1733429668"><address addr="202.46.244.96" addrtype="ipv4"/><ports><port protocol="tcp" portid="5060"><state state="open" reason="syn-ack" reason_ttl="50"/></port></ports></host>
<host endtime="1733429668"><address addr="103.83.19.28" addrtype="ipv4"/><ports><port protocol="tcp" portid="5060"><state state="open" reason="syn-ack" reason_ttl="48"/></port></ports></host>
<host endtime="1733429669"><address addr="202.46.243.85" addrtype="ipv4"/><ports><port protocol="tcp" portid="5060"><state state="open" reason="syn-ack" reason_ttl="51"/></port></ports></host>
<host endtime="1733429672"><address addr="202.46.252.75" addrtype="ipv4"/><ports><port protocol="tcp" portid="5060"><state state="open" reason="syn-ack" reason_ttl="51"/></port></ports></host>
<host endtime="1733429672"><address addr="199.201.236.202" addrtype="ipv4"/><ports><port protocol="tcp" portid="5060"><state state="open" reason="syn-ack" reason_ttl="47"/></port></ports></host>
<host endtime="1733429673"><address addr="202.46.2.31" addrtype="ipv4"/><ports><port protocol="tcp" portid="5060"><state state="open" reason="syn-ack" reason_ttl="50"/></port></ports></host>
<host endtime="1733429673"><address addr="202.46.13.78" addrtype="ipv4"/><ports><port protocol="tcp" portid="5060"><state state="open" reason="syn-ack" reason_ttl="50"/></port></ports></host>
<host endtime="1733429673"><address addr="202.46.4.140" addrtype="ipv4"/><ports><port protocol="tcp" portid="5060"><state state="open" reason="syn-ack" reason_ttl="51"/></port></ports></host>
<host endtime="1733429678"><address addr="103.83.18.30" addrtype="ipv4"/><ports><port protocol="tcp" portid="5060"><state state="open" reason="syn-ack" reason_ttl="48"/></port></ports></host>
<host endtime="1733429678"><address addr="202.46.249.39" addrtype="ipv4"/><ports><port protocol="tcp" portid="5060"><state state="open" reason="syn-ack" reason_ttl="51"/></port></ports></host>
<host endtime="1733429680"><address addr="199.123.24.10" addrtype="ipv4"/><ports><port protocol="tcp" portid="5060"><state state="open" reason="syn-ack" reason_ttl="229"/></port></ports></host>
<host endtime="1733429680"><address addr="202.46.8.87" addrtype="ipv4"/><ports><port protocol="tcp" portid="5060"><state state="open" reason="syn-ack" reason_ttl="51"/></port></ports></host>
<host endtime="1733429681"><address addr="103.83.19.224" addrtype="ipv4"/><ports><port protocol="tcp" portid="5060"><state state="open" reason="syn-ack" reason_ttl="48"/></port></ports></host>
<host endtime="1733429685"><address addr="202.46.254.135" addrtype="ipv4"/><ports><port protocol="tcp" portid="5060"><state state="open" reason="syn-ack" reason_ttl="51"/></port></ports></host>
<host endtime="1733429694"><address addr="103.83.18.163" addrtype="ipv4"/><ports><port protocol="tcp" portid="5060"><state state="open" reason="syn-ack" reason_ttl="48"/></port></ports></host>
<host endtime="1733429696"><address addr="202.46.251.224" addrtype="ipv4"/><ports><port protocol="tcp" portid="5060"><state state="open" reason="syn-ack" reason_ttl="51"/></port></ports></host>
<host endtime="1733429697"><address addr="199.123.25.254" addrtype="ipv4"/><ports><port protocol="tcp" portid="5060"><state state="open" reason="syn-ack" reason_ttl="229"/></port></ports></host>
<host endtime="1733429697"><address addr="202.46.240.114" addrtype="ipv4"/><ports><port protocol="tcp" portid="5060"><state state="open" reason="syn-ack" reason_ttl="51"/></port></ports></host>
<host endtime="1733429700"><address addr="103.224.215.206" addrtype="ipv4"/><ports><port protocol="tcp" portid="5060"><state state="open" reason="syn-ack" reason_ttl="48"/></port></ports></host>
<host endtime="1733429700"><address addr="103.83.18.236" addrtype="ipv4"/><ports><port protocol="tcp" portid="5060"><state state="open" reason="syn-ack" reason_ttl="48"/></port></ports></host>
<host endtime="1733429706"><address addr="202.46.241.44" addrtype="ipv4"/><ports><port protocol="tcp" portid="5060"><state state="open" reason="syn-ack" reason_ttl="51"/></port></ports></host>
<host endtime="1733429708"><address addr="202.46.246.190" addrtype="ipv4"/><ports><port protocol="tcp" portid="5060"><state state="open" reason="syn-ack" reason_ttl="50"/></port></ports></host>
<host endtime="1733429708"><address addr="199.123.24.14" addrtype="ipv4"/><ports><port protocol="tcp" portid="5060"><state state="open" reason="syn-ack" reason_ttl="229"/></port></ports></host>
<host endtime="1733429710"><address addr="103.224.214.143" addrtype="ipv4"/><ports><port protocol="tcp" portid="5060"><state state="open" reason="syn-ack" reason_ttl="48"/></port></ports></host>
<host endtime="1733429711"><address addr="103.177.50.65" addrtype="ipv4"/><ports><port protocol="tcp" portid="5061"><state state="open" reason="syn-ack" reason_ttl="121"/></port></ports></host>
<host endtime="1733429712"><address addr="199.201.237.90" addrtype="ipv4"/><ports><port protocol="tcp" portid="5060"><state state="open" reason="syn-ack" reason_ttl="47"/></port></ports></host>
<host endtime="1733429713"><address addr="202.46.1.59" addrtype="ipv4"/><ports><port protocol="tcp" portid="5060"><state state="open" reason="syn-ack" reason_ttl="51"/></port></ports></host>
<host endtime="1733429713"><address addr="193.98.119.195" addrtype="ipv4"/><ports><port protocol="tcp" portid="5060"><state state="open" reason="syn-ack" reason_ttl="48"/></port></ports></host>
<host endtime="1733429714"><address addr="202.46.3.49" addrtype="ipv4"/><ports><port protocol="tcp" portid="5060"><state state="open" reason="syn-ack" reason_ttl="51"/></port></ports></host>
<host endtime="1733429715"><address addr="202.46.12.10" addrtype="ipv4"/><ports><port protocol="tcp" portid="5060"><state state="open" reason="syn-ack" reason_ttl="51"/></port></ports></host>
<host endtime="1733429720"><address addr="202.46.13.92" addrtype="ipv4"/><ports><port protocol="tcp" portid="5060"><state state="open" reason="syn-ack" reason_ttl="51"/></port></ports></host>
<host endtime="1733429723"><address addr="202.46.252.129" addrtype="ipv4"/><ports><port protocol="tcp" portid="5060"><state state="open" reason="syn-ack" reason_ttl="50"/></port></ports></host>
<host endtime="1733429724"><address addr="202.46.11.88" addrtype="ipv4"/><ports><port protocol="tcp" portid="5060"><state state="open" reason="syn-ack" reason_ttl="51"/></port></ports></host>
<host endtime="1733429725"><address addr="199.123.27.240" addrtype="ipv4"/><ports><port protocol="tcp" portid="5060"><state state="open" reason="syn-ack" reason_ttl="229"/></port></ports></host>
<host endtime="1733429730"><address addr="202.46.15.215" addrtype="ipv4"/><ports><port protocol="tcp" portid="5060"><state state="open" reason="syn-ack" reason_ttl="51"/></port></ports></host>
<host endtime="1733429730"><address addr="202.46.244.88" addrtype="ipv4"/><ports><port protocol="tcp" portid="5060"><state state="open" reason="syn-ack" reason_ttl="50"/></port></ports></host>
<host endtime="1733429733"><address addr="199.123.26.78" addrtype="ipv4"/><ports><port protocol="tcp" portid="5060"><state state="open" reason="syn-ack" reason_ttl="229"/></port></ports></host>
<host endtime="1733429735"><address addr="202.46.246.156" addrtype="ipv4"/><ports><port protocol="tcp" portid="5060"><state state="open" reason="syn-ack" reason_ttl="51"/></port></ports></host>
<host endtime="1733429737"><address addr="202.46.6.34" addrtype="ipv4"/><ports><port protocol="tcp" portid="5060"><state state="open" reason="syn-ack" reason_ttl="51"/></port></ports></host>
<host endtime="1733429737"><address addr="202.46.247.186" addrtype="ipv4"/><ports><port protocol="tcp" portid="5060"><state state="open" reason="syn-ack" reason_ttl="51"/></port></ports></host>
<host endtime="1733429738"><address addr="202.46.9.37" addrtype="ipv4"/><ports><port protocol="tcp" portid="5060"><state state="open" reason="syn-ack" reason_ttl="50"/></port></ports></host>
<host endtime="1733429739"><address addr="202.46.242.175" addrtype="ipv4"/><ports><port protocol="tcp" portid="5060"><state state="open" reason="syn-ack" reason_ttl="50"/></port></ports></host>
<host endtime="1733429739"><address addr="202.46.240.43" addrtype="ipv4"/><ports><port protocol="tcp" portid="5060"><state state="open" reason="syn-ack" reason_ttl="51"/></port></ports></host>
<host endtime="1733429742"><address addr="202.46.240.232" addrtype="ipv4"/><ports><port protocol="tcp" portid="5060"><state state="open" reason="syn-ack" reason_ttl="51"/></port></ports></host>
<host endtime="1733429743"><address addr="202.46.253.112" addrtype="ipv4"/><ports><port protocol="tcp" portid="5060"><state state="open" reason="syn-ack" reason_ttl="50"/></port></ports></host>
<host endtime="1733429744"><address addr="202.46.244.199" addrtype="ipv4"/><ports><port protocol="tcp" portid="5060"><state state="open" reason="syn-ack" reason_ttl="51"/></port></ports></host>
<host endtime="1733429745"><address addr="103.224.214.154" addrtype="ipv4"/><ports><port protocol="tcp" portid="5060"><state state="open" reason="syn-ack" reason_ttl="48"/></port></ports></host>
<host endtime="1733429746"><address addr="202.46.249.65" addrtype="ipv4"/><ports><port protocol="tcp" portid="5060"><state state="open" reason="syn-ack" reason_ttl="50"/></port></ports></host>
<host endtime="1733429747"><address addr="202.46.252.229" addrtype="ipv4"/><ports><port protocol="tcp" portid="5060"><state state="open" reason="syn-ack" reason_ttl="51"/></port></ports></host>
<host endtime="1733429749"><address addr="202.46.245.249" addrtype="ipv4"/><ports><port protocol="tcp" portid="5060"><state state="open" reason="syn-ack" reason_ttl="51"/></port></ports></host>
<host endtime="1733429750"><address addr="202.46.241.160" addrtype="ipv4"/><ports><port protocol="tcp" portid="5060"><state state="open" reason="syn-ack" reason_ttl="51"/></port></ports></host>
<host endtime="1733429750"><address addr="202.46.241.39" addrtype="ipv4"/><ports><port protocol="tcp" portid="5060"><state state="open" reason="syn-ack" reason_ttl="51"/></port></ports></host>
<host endtime="1733429754"><address addr="202.46.15.140" addrtype="ipv4"/><ports><port protocol="tcp" portid="5060"><state state="open" reason="syn-ack" reason_ttl="50"/></port></ports></host>
<host endtime="1733429754"><address addr="202.46.13.141" addrtype="ipv4"/><ports><port protocol="tcp" portid="5060"><state state="open" reason="syn-ack" reason_ttl="51"/></port></ports></host>
<host endtime="1733429756"><address addr="202.46.6.222" addrtype="ipv4"/><ports><port protocol="tcp" portid="5060"><state state="open" reason="syn-ack" reason_ttl="50"/></port></ports></host>
<host endtime="1733429756"><address addr="202.46.249.226" addrtype="ipv4"/><ports><port protocol="tcp" portid="5060"><state state="open" reason="syn-ack" reason_ttl="51"/></port></ports></host>
<host endtime="1733429757"><address addr="193.103.200.211" addrtype="ipv4"/><ports><port protocol="tcp" portid="5060"><state state="open" reason="syn-ack" reason_ttl="54"/></port></ports></host>
<host endtime="1733429759"><address addr="199.123.27.215" addrtype="ipv4"/><ports><port protocol="tcp" portid="5060"><state state="open" reason="syn-ack" reason_ttl="229"/></port></ports></host>
<host endtime="1733429762"><address addr="202.46.244.57" addrtype="ipv4"/><ports><port protocol="tcp" portid="5060"><state state="open" reason="syn-ack" reason_ttl="50"/></port></ports></host>
<host endtime="1733429762"><address addr="199.201.236.9" addrtype="ipv4"/><ports><port protocol="tcp" portid="5060"><state state="open" reason="syn-ack" reason_ttl="47"/></port></ports></host>
<host endtime="1733429767"><address addr="202.46.246.0" addrtype="ipv4"/><ports><port protocol="tcp" portid="5060"><state state="open" reason="syn-ack" reason_ttl="51"/></port></ports></host>
<host endtime="1733429769"><address addr="202.46.251.161" addrtype="ipv4"/><ports><port protocol="tcp" portid="5060"><state state="open" reason="syn-ack" reason_ttl="50"/></port></ports></host>
<host endtime="1733429769"><address addr="103.224.215.118" addrtype="ipv4"/><ports><port protocol="tcp" portid="5060"><state state="open" reason="syn-ack" reason_ttl="48"/></port></ports></host>
<host endtime="1733429781"><address addr="193.103.200.93" addrtype="ipv4"/><ports><port protocol="tcp" portid="5060"><state state="open" reason="syn-ack" reason_ttl="52"/></port></ports></host>
<host endtime="1733429781"><address addr="202.46.8.10" addrtype="ipv4"/><ports><port protocol="tcp" portid="5060"><state state="open" reason="syn-ack" reason_ttl="51"/></port></ports></host>
<host endtime="1733429783"><address addr="103.224.214.100" addrtype="ipv4"/><ports><port protocol="tcp" portid="5060"><state state="open" reason="syn-ack" reason_ttl="48"/></port></ports></host>
<host endtime="1733429783"><address addr="202.46.241.201" addrtype="ipv4"/><ports><port protocol="tcp" portid="5060"><state state="open" reason="syn-ack" reason_ttl="51"/></port></ports></host>
<host endtime="1733429784"><address addr="202.46.247.133" addrtype="ipv4"/><ports><port protocol="tcp" portid="5060"><state state="open" reason="syn-ack" reason_ttl="50"/></port></ports></host>
<host endtime="1733429790"><address addr="193.103.200.171" addrtype="ipv4"/><ports><port protocol="tcp" portid="5060"><state state="open" reason="syn-ack" reason_ttl="54"/></port></ports></host>
<host endtime="1733429791"><address addr="202.46.12.174" addrtype="ipv4"/><ports><port protocol="tcp" portid="5060"><state state="open" reason="syn-ack" reason_ttl="51"/></port></ports></host>
<host endtime="1733429795"><address addr="202.46.251.58" addrtype="ipv4"/><ports><port protocol="tcp" portid="5060"><state state="open" reason="syn-ack" reason_ttl="50"/></port></ports></host>
<host endtime="1733429795"><address addr="199.123.24.121" addrtype="ipv4"/><ports><port protocol="tcp" portid="5060"><state state="open" reason="syn-ack" reason_ttl="229"/></port></ports></host>
<host endtime="1733429797"><address addr="202.46.12.172" addrtype="ipv4"/><ports><port protocol="tcp" portid="5060"><state state="open" reason="syn-ack" reason_ttl="51"/></port></ports></host>
<host endtime="1733429799"><address addr="193.103.200.182" addrtype="ipv4"/><ports><port protocol="tcp" portid="5060"><state state="open" reason="syn-ack" reason_ttl="54"/></port></ports></host>
<host endtime="1733429802"><address addr="202.46.15.38" addrtype="ipv4"/><ports><port protocol="tcp" portid="5060"><state state="open" reason="syn-ack" reason_ttl="51"/></port></ports></host>
<host endtime="1733429804"><address addr="199.123.27.154" addrtype="ipv4"/><ports><port protocol="tcp" portid="5060"><state state="open" reason="syn-ack" reason_ttl="229"/></port></ports></host>
<host endtime="1733429805"><address addr="202.46.252.47" addrtype="ipv4"/><ports><port protocol="tcp" portid="5060"><state state="open" reason="syn-ack" reason_ttl="50"/></port></ports></host>
<host endtime="1733429807"><address addr="202.46.13.211" addrtype="ipv4"/><ports><port protocol="tcp" portid="5060"><state state="open" reason="syn-ack" reason_ttl="50"/></port></ports></host>
<host endtime="1733429809"><address addr="202.46.10.186" addrtype="ipv4"/><ports><port protocol="tcp" portid="5060"><state state="open" reason="syn-ack" reason_ttl="50"/></port></ports></host>
<host endtime="1733429813"><address addr="202.46.244.38" addrtype="ipv4"/><ports><port protocol="tcp" portid="5060"><state state="open" reason="syn-ack" reason_ttl="50"/></port></ports></host>
<host endtime="1733429815"><address addr="202.46.248.12" addrtype="ipv4"/><ports><port protocol="tcp" portid="5060"><state state="open" reason="syn-ack" reason_ttl="51"/></port></ports></host>
<host endtime="1733429816"><address addr="202.46.1.182" addrtype="ipv4"/><ports><port protocol="tcp" portid="5060"><state state="open" reason="syn-ack" reason_ttl="51"/></port></ports></host>
<host endtime="1733429820"><address addr="199.201.237.31" addrtype="ipv4"/><ports><port protocol="tcp" portid="5060"><state state="open" reason="syn-ack" reason_ttl="47"/></port></ports></host>
<host endtime="1733429821"><address addr="202.46.252.226" addrtype="ipv4"/><ports><port protocol="tcp" portid="5060"><state state="open" reason="syn-ack" reason_ttl="50"/></port></ports></host>
<host endtime="1733429822"><address addr="202.46.4.114" addrtype="ipv4"/><ports><port protocol="tcp" portid="5060"><state state="open" reason="syn-ack" reason_ttl="51"/></port></ports></host>
<host endtime="1733429822"><address addr="202.46.245.41" addrtype="ipv4"/><ports><port protocol="tcp" portid="5060"><state state="open" reason="syn-ack" reason_ttl="50"/></port></ports></host>
<host endtime="1733429824"><address addr="193.103.200.45" addrtype="ipv4"/><ports><port protocol="tcp" portid="5060"><state state="open" reason="syn-ack" reason_ttl="54"/></port></ports></host>
<host endtime="1733429824"><address addr="199.201.237.62" addrtype="ipv4"/><ports><port protocol="tcp" portid="5060"><state state="open" reason="syn-ack" reason_ttl="47"/></port></ports></host>
<host endtime="1733429825"><address addr="202.46.241.3" addrtype="ipv4"/><ports><port protocol="tcp" portid="5060"><state state="open" reason="syn-ack" reason_ttl="50"/></port></ports></host>
<host endtime="1733429825"><address addr="202.46.244.210" addrtype="ipv4"/><ports><port protocol="tcp" portid="5060"><state state="open" reason="syn-ack" reason_ttl="51"/></port></ports></host>
<host endtime="1733429829"><address addr="202.46.254.249" addrtype="ipv4"/><ports><port protocol="tcp" portid="5060"><state state="open" reason="syn-ack" reason_ttl="51"/></port></ports></host>
<host endtime="1733429839"><address addr="202.46.247.40" addrtype="ipv4"/><ports><port protocol="tcp" portid="5060"><state state="open" reason="syn-ack" reason_ttl="50"/></port></ports></host>
<host endtime="1733429840"><address addr="193.103.200.20" addrtype="ipv4"/><ports><port protocol="tcp" portid="5060"><state state="open" reason="syn-ack" reason_ttl="54"/></port></ports></host>
<host endtime="1733429840"><address addr="202.46.247.3" addrtype="ipv4"/><ports><port protocol="tcp" portid="5060"><state state="open" reason="syn-ack" reason_ttl="51"/></port></ports></host>
<host endtime="1733429840"><address addr="202.46.242.206" addrtype="ipv4"/><ports><port protocol="tcp" portid="5060"><state state="open" reason="syn-ack" reason_ttl="50"/></port></ports></host>
<host endtime="1733429843"><address addr="202.46.251.22" addrtype="ipv4"/><ports><port protocol="tcp" portid="5060"><state state="open" reason="syn-ack" reason_ttl="50"/></port></ports></host>
<host endtime="1733429843"><address addr="202.46.0.3" addrtype="ipv4"/><ports><port protocol="tcp" portid="5060"><state state="open" reason="syn-ack" reason_ttl="51"/></port></ports></host>
<host endtime="1733429844"><address addr="103.110.61.25" addrtype="ipv4"/><ports><port protocol="tcp" portid="5060"><state state="open" reason="syn-ack" reason_ttl="241"/></port></ports></host>
<host endtime="1733429845"><address addr="202.46.14.115" addrtype="ipv4"/><ports><port protocol="tcp" portid="5060"><state state="open" reason="syn-ack" reason_ttl="50"/></port></ports></host>
<host endtime="1733429846"><address addr="199.123.25.175" addrtype="ipv4"/><ports><port protocol="tcp" portid="5060"><state state="open" reason="syn-ack" reason_ttl="229"/></port></ports></host>
<host endtime="1733429848"><address addr="202.46.8.150" addrtype="ipv4"/><ports><port protocol="tcp" portid="5060"><state state="open" reason="syn-ack" reason_ttl="50"/></port></ports></host>
<host endtime="1733429851"><address addr="199.201.236.215" addrtype="ipv4"/><ports><port protocol="tcp" portid="5060"><state state="open" reason="syn-ack" reason_ttl="47"/></port></ports></host>
<host endtime="1733429852"><address addr="202.46.243.233" addrtype="ipv4"/><ports><port protocol="tcp" portid="5060"><state state="open" reason="syn-ack" reason_ttl="51"/></port></ports></host>
<host endtime="1733429852"><address addr="103.224.215.63" addrtype="ipv4"/><ports><port protocol="tcp" portid="5060"><state state="open" reason="syn-ack" reason_ttl="48"/></port></ports></host>
<host endtime="1733429860"><address addr="202.46.8.141" addrtype="ipv4"/><ports><port protocol="tcp" portid="5060"><state state="open" reason="syn-ack" reason_ttl="50"/></port></ports></host>
<host endtime="1733429862"><address addr="202.46.255.188" addrtype="ipv4"/><ports><port protocol="tcp" portid="5060"><state state="open" reason="syn-ack" reason_ttl="51"/></port></ports></host>
<host endtime="1733429864"><address addr="202.46.5.138" addrtype="ipv4"/><ports><port protocol="tcp" portid="5060"><state state="open" reason="syn-ack" reason_ttl="51"/></port></ports></host>
<host endtime="1733429866"><address addr="202.46.244.73" addrtype="ipv4"/><ports><port protocol="tcp" portid="5060"><state state="open" reason="syn-ack" reason_ttl="51"/></port></ports></host>
<host endtime="1733429868"><address addr="202.46.246.59" addrtype="ipv4"/><ports><port protocol="tcp" portid="5060"><state state="open" reason="syn-ack" reason_ttl="51"/></port></ports></host>
<host endtime="1733429870"><address addr="202.46.9.95" addrtype="ipv4"/><ports><port protocol="tcp" portid="5060"><state state="open" reason="syn-ack" reason_ttl="50"/></port></ports></host>
<host endtime="1733429871"><address addr="202.46.1.126" addrtype="ipv4"/><ports><port protocol="tcp" portid="5060"><state state="open" reason="syn-ack" reason_ttl="51"/></port></ports></host>
<host endtime="1733429871"><address addr="202.46.14.37" addrtype="ipv4"/><ports><port protocol="tcp" portid="5060"><state state="open" reason="syn-ack" reason_ttl="51"/></port></ports></host>
<host endtime="1733429875"><address addr="202.46.4.17" addrtype="ipv4"/><ports><port protocol="tcp" portid="5060"><state state="open" reason="syn-ack" reason_ttl="51"/></port></ports></host>
<host endtime="1733429877"><address addr="202.46.10.104" addrtype="ipv4"/><ports><port protocol="tcp" portid="5060"><state state="open" reason="syn-ack" reason_ttl="51"/></port></ports></host>
<host endtime="1733429881"><address addr="202.46.2.53" addrtype="ipv4"/><ports><port protocol="tcp" portid="5060"><state state="open" reason="syn-ack" reason_ttl="51"/></port></ports></host>
<host endtime="1733429888"><address addr="202.46.1.249" addrtype="ipv4"/><ports><port protocol="tcp" portid="5060"><state state="open" reason="syn-ack" reason_ttl="50"/></port></ports></host>
<host endtime="1733429888"><address addr="202.46.14.149" addrtype="ipv4"/><ports><port protocol="tcp" portid="5060"><state state="open" reason="syn-ack" reason_ttl="50"/></port></ports></host>
<host endtime="1733429889"><address addr="202.46.252.26" addrtype="ipv4"/><ports><port protocol="tcp" portid="5060"><state state="open" reason="syn-ack" reason_ttl="50"/></port></ports></host>
<host endtime="1733429890"><address addr="202.46.14.247" addrtype="ipv4"/><ports><port protocol="tcp" portid="5060"><state state="open" reason="syn-ack" reason_ttl="51"/></port></ports></host>
<host endtime="1733429891"><address addr="202.46.2.204" addrtype="ipv4"/><ports><port protocol="tcp" portid="5060"><state state="open" reason="syn-ack" reason_ttl="51"/></port></ports></host>
<host endtime="1733429891"><address addr="103.83.18.36" addrtype="ipv4"/><ports><port protocol="tcp" portid="5060"><state state="open" reason="syn-ack" reason_ttl="48"/></port></ports></host>
<host endtime="1733429891"><address addr="202.46.7.237" addrtype="ipv4"/><ports><port protocol="tcp" portid="5060"><state state="open" reason="syn-ack" reason_ttl="51"/></port></ports></host>
<host endtime="1733429894"><address addr="202.46.247.183" addrtype="ipv4"/><ports><port protocol="tcp" portid="5060"><state state="open" reason="syn-ack" reason_ttl="51"/></port></ports></host>
<host endtime="1733429899"><address addr="202.46.2.199" addrtype="ipv4"/><ports><port protocol="tcp" portid="5060"><state state="open" reason="syn-ack" reason_ttl="51"/></port></ports></host>
<host endtime="1733429902"><address addr="202.46.9.105" addrtype="ipv4"/><ports><port protocol="tcp" portid="5060"><state state="open" reason="syn-ack" reason_ttl="50"/></port></ports></host>
<host endtime="1733429903"><address addr="103.83.19.214" addrtype="ipv4"/><ports><port protocol="tcp" portid="5060"><state state="open" reason="syn-ack" reason_ttl="48"/></port></ports></host>
<host endtime="1733429903"><address addr="202.46.10.89" addrtype="ipv4"/><ports><port protocol="tcp" portid="5060"><state state="open" reason="syn-ack" reason_ttl="51"/></port></ports></host>
<host endtime="1733429907"><address addr="103.83.19.215" addrtype="ipv4"/><ports><port protocol="tcp" portid="5060"><state state="open" reason="syn-ack" reason_ttl="48"/></port></ports></host>
<host endtime="1733429909"><address addr="202.46.249.146" addrtype="ipv4"/><ports><port protocol="tcp" portid="5060"><state state="open" reason="syn-ack" reason_ttl="51"/></port></ports></host>
<host endtime="1733429909"><address addr="202.46.255.251" addrtype="ipv4"/><ports><port protocol="tcp" portid="5060"><state state="open" reason="syn-ack" reason_ttl="51"/></port></ports></host>
<host endtime="1733429910"><address addr="202.46.243.61" addrtype="ipv4"/><ports><port protocol="tcp" portid="5060"><state state="open" reason="syn-ack" reason_ttl="51"/></port></ports></host>
<host endtime="1733429910"><address addr="202.46.251.11" addrtype="ipv4"/><ports><port protocol="tcp" portid="5060"><state state="open" reason="syn-ack" reason_ttl="51"/></port></ports></host>
<host endtime="1733429911"><address addr="202.46.3.141" addrtype="ipv4"/><ports><port protocol="tcp" portid="5060"><state state="open" reason="syn-ack" reason_ttl="50"/></port></ports></host>
<host endtime="1733429914"><address addr="193.103.200.163" addrtype="ipv4"/><ports><port protocol="tcp" portid="5060"><state state="open" reason="syn-ack" reason_ttl="52"/></port></ports></host>
<host endtime="1733429915"><address addr="199.123.25.74" addrtype="ipv4"/><ports><port protocol="tcp" portid="5060"><state state="open" reason="syn-ack" reason_ttl="229"/></port></ports></host>
<host endtime="1733429918"><address addr="202.46.14.1" addrtype="ipv4"/><ports><port protocol="tcp" portid="5060"><state state="open" reason="syn-ack" reason_ttl="51"/></port></ports></host>
<host endtime="1733429920"><address addr="202.46.250.93" addrtype="ipv4"/><ports><port protocol="tcp" portid="5060"><state state="open" reason="syn-ack" reason_ttl="50"/></port></ports></host>
<host endtime="1733429920"><address addr="66.159.102.70" addrtype="ipv4"/><ports><port protocol="tcp" portid="5060"><state state="open" reason="syn-ack" reason_ttl="51"/></port></ports></host>
<host endtime="1733429922"><address addr="202.46.4.163" addrtype="ipv4"/><ports><port protocol="tcp" portid="5060"><state state="open" reason="syn-ack" reason_ttl="50"/></port></ports></host>
<host endtime="1733429922"><address addr="103.83.18.75" addrtype="ipv4"/><ports><port protocol="tcp" portid="5060"><state state="open" reason="syn-ack" reason_ttl="48"/></port></ports></host>
<host endtime="1733429925"><address addr="202.46.248.230" addrtype="ipv4"/><ports><port protocol="tcp" portid="5060"><state state="open" reason="syn-ack" reason_ttl="51"/></port></ports></host>
<host endtime="1733429927"><address addr="202.46.3.75" addrtype="ipv4"/><ports><port protocol="tcp" portid="5060"><state state="open" reason="syn-ack" reason_ttl="50"/></port></ports></host>
<host endtime="1733429929"><address addr="202.46.3.215" addrtype="ipv4"/><ports><port protocol="tcp" portid="5060"><state state="open" reason="syn-ack" reason_ttl="51"/></port></ports></host>
<host endtime="1733429931"><address addr="202.46.5.237" addrtype="ipv4"/><ports><port protocol="tcp" portid="5060"><state state="open" reason="syn-ack" reason_ttl="51"/></port></ports></host>
<host endtime="1733429935"><address addr="202.46.1.67" addrtype="ipv4"/><ports><port protocol="tcp" portid="5060"><state state="open" reason="syn-ack" reason_ttl="51"/></port></ports></host>
<host endtime="1733429936"><address addr="193.98.229.107" addrtype="ipv4"/><ports><port protocol="tcp" portid="5060"><state state="open" reason="syn-ack" reason_ttl="49"/></port></ports></host>
<host endtime="1733429940"><address addr="202.46.240.182" addrtype="ipv4"/><ports><port protocol="tcp" portid="5060"><state state="open" reason="syn-ack" reason_ttl="50"/></port></ports></host>
<host endtime="1733429941"><address addr="202.46.248.237" addrtype="ipv4"/><ports><port protocol="tcp" portid="5060"><state state="open" reason="syn-ack" reason_ttl="51"/></port></ports></host>
<host endtime="1733429942"><address addr="202.46.13.190" addrtype="ipv4"/><ports><port protocol="tcp" portid="5060"><state state="open" reason="syn-ack" reason_ttl="50"/></port></ports></host>
<host endtime="1733429942"><address addr="199.201.237.108" addrtype="ipv4"/><ports><port protocol="tcp" portid="5060"><state state="open" reason="syn-ack" reason_ttl="47"/></port></ports></host>
<host endtime="1733429942"><address addr="202.46.251.78" addrtype="ipv4"/><ports><port protocol="tcp" portid="5060"><state state="open" reason="syn-ack" reason_ttl="51"/></port></ports></host>
<host endtime="1733429943"><address addr="202.46.11.255" addrtype="ipv4"/><ports><port protocol="tcp" portid="5060"><state state="open" reason="syn-ack" reason_ttl="51"/></port></ports></host>
<host endtime="1733429945"><address addr="202.46.255.198" addrtype="ipv4"/><ports><port protocol="tcp" portid="5060"><state state="open" reason="syn-ack" reason_ttl="51"/></port></ports></host>
<host endtime="1733429947"><address addr="202.46.246.1" addrtype="ipv4"/><ports><port protocol="tcp" portid="5060"><state state="open" reason="syn-ack" reason_ttl="51"/></port></ports></host>
<host endtime="1733429947"><address addr="202.46.248.51" addrtype="ipv4"/><ports><port protocol="tcp" portid="5060"><state state="open" reason="syn-ack" reason_ttl="51"/></port></ports></host>
<host endtime="1733429948"><address addr="41.138.192.48" addrtype="ipv4"/><ports><port protocol="tcp" portid="5060"><state state="open" reason="syn-ack" reason_ttl="43"/></port></ports></host>
<host endtime="1733429949"><address addr="199.123.27.176" addrtype="ipv4"/><ports><port protocol="tcp" portid="5060"><state state="open" reason="syn-ack" reason_ttl="229"/></port></ports></host>
<host endtime="1733429949"><address addr="196.195.253.115" addrtype="ipv4"/><ports><port protocol="tcp" portid="5060"><state state="open" reason="syn-ack" reason_ttl="51"/></port></ports></host>
<host endtime="1733429953"><address addr="202.46.15.146" addrtype="ipv4"/><ports><port protocol="tcp" portid="5060"><state state="open" reason="syn-ack" reason_ttl="51"/></port></ports></host>
<host endtime="1733429957"><address addr="202.46.243.174" addrtype="ipv4"/><ports><port protocol="tcp" portid="5060"><state state="open" reason="syn-ack" reason_ttl="51"/></port></ports></host>
<host endtime="1733429964"><address addr="103.224.214.231" addrtype="ipv4"/><ports><port protocol="tcp" portid="5060"><state state="open" reason="syn-ack" reason_ttl="48"/></port></ports></host>
<host endtime="1733429966"><address addr="199.123.26.248" addrtype="ipv4"/><ports><port protocol="tcp" portid="5060"><state state="open" reason="syn-ack" reason_ttl="229"/></port></ports></host>
<host endtime="1733429969"><address addr="103.83.19.53" addrtype="ipv4"/><ports><port protocol="tcp" portid="5060"><state state="open" reason="syn-ack" reason_ttl="48"/></port></ports></host>
<host endtime="1733429970"><address addr="193.103.200.80" addrtype="ipv4"/><ports><port protocol="tcp" portid="5060"><state state="open" reason="syn-ack" reason_ttl="52"/></port></ports></host>
<host endtime="1733429971"><address addr="193.98.229.115" addrtype="ipv4"/><ports><port protocol="tcp" portid="5061"><state state="open" reason="syn-ack" reason_ttl="44"/></port></ports></host>
<host endtime="1733429971"><address addr="202.46.11.194" addrtype="ipv4"/><ports><port protocol="tcp" portid="5060"><state state="open" reason="syn-ack" reason_ttl="51"/></port></ports></host>
<host endtime="1733429973"><address addr="202.46.241.139" addrtype="ipv4"/><ports><port protocol="tcp" portid="5060"><state state="open" reason="syn-ack" reason_ttl="51"/></port></ports></host>
<host endtime="1733429976"><address addr="202.46.251.174" addrtype="ipv4"/><ports><port protocol="tcp" portid="5060"><state state="open" reason="syn-ack" reason_ttl="51"/></port></ports></host>
<host endtime="1733429981"><address addr="202.46.250.119" addrtype="ipv4"/><ports><port protocol="tcp" portid="5060"><state state="open" reason="syn-ack" reason_ttl="51"/></port></ports></host>
<host endtime="1733429981"><address addr="202.46.5.81" addrtype="ipv4"/><ports><port protocol="tcp" portid="5060"><state state="open" reason="syn-ack" reason_ttl="51"/></port></ports></host>
<host endtime="1733429981"><address addr="202.46.11.212" addrtype="ipv4"/><ports><port protocol="tcp" portid="5060"><state state="open" reason="syn-ack" reason_ttl="50"/></port></ports></host>
<host endtime="1733429984"><address addr="202.46.253.237" addrtype="ipv4"/><ports><port protocol="tcp" portid="5060"><state state="open" reason="syn-ack" reason_ttl="51"/></port></ports></host>
<host endtime="1733429984"><address addr="199.123.26.173" addrtype="ipv4"/><ports><port protocol="tcp" portid="5060"><state state="open" reason="syn-ack" reason_ttl="229"/></port></ports></host>
<host endtime="1733429985"><address addr="202.46.3.194" addrtype="ipv4"/><ports><port protocol="tcp" portid="5060"><state state="open" reason="syn-ack" reason_ttl="51"/></port></ports></host>
<host endtime="1733429988"><address addr="199.123.25.104" addrtype="ipv4"/><ports><port protocol="tcp" portid="5060"><state state="open" reason="syn-ack" reason_ttl="229"/></port></ports></host>
<host endtime="1733429988"><address addr="202.46.247.50" addrtype="ipv4"/><ports><port protocol="tcp" portid="5060"><state state="open" reason="syn-ack" reason_ttl="51"/></port></ports></host>
<host endtime="1733429989"><address addr="202.46.245.210" addrtype="ipv4"/><ports><port protocol="tcp" portid="5060"><state state="open" reason="syn-ack" reason_ttl="50"/></port></ports></host>
<host endtime="1733429991"><address addr="199.201.236.56" addrtype="ipv4"/><ports><port protocol="tcp" portid="5060"><state state="open" reason="syn-ack" reason_ttl="47"/></port></ports></host>
<host endtime="1733429994"><address addr="193.98.229.207" addrtype="ipv4"/><ports><port protocol="tcp" portid="5061"><state state="open" reason="syn-ack" reason_ttl="44"/></port></ports></host>
<host endtime="1733429996"><address addr="193.98.229.153" addrtype="ipv4"/><ports><port protocol="tcp" portid="5060"><state state="open" reason="syn-ack" reason_ttl="48"/></port></ports></host>
<host endtime="1733429997"><address addr="202.46.0.62" addrtype="ipv4"/><ports><port protocol="tcp" portid="5060"><state state="open" reason="syn-ack" reason_ttl="51"/></port></ports></host>
<host endtime="1733429999"><address addr="202.46.5.248" addrtype="ipv4"/><ports><port protocol="tcp" portid="5060"><state state="open" reason="syn-ack" reason_ttl="51"/></port></ports></host>
<host endtime="1733430000"><address addr="199.201.236.166" addrtype="ipv4"/><ports><port protocol="tcp" portid="5060"><state state="open" reason="syn-ack" reason_ttl="47"/></port></ports></host>
<host endtime="1733430002"><address addr="103.224.214.97" addrtype="ipv4"/><ports><port protocol="tcp" portid="5060"><state state="open" reason="syn-ack" reason_ttl="48"/></port></ports></host>
<host endtime="1733430005"><address addr="103.224.215.133" addrtype="ipv4"/><ports><port protocol="tcp" portid="5060"><state state="open" reason="syn-ack" reason_ttl="48"/></port></ports></host>
<host endtime="1733430008"><address addr="202.46.241.6" addrtype="ipv4"/><ports><port protocol="tcp" portid="5060"><state state="open" reason="syn-ack" reason_ttl="51"/></port></ports></host>
<host endtime="1733430008"><address addr="202.46.252.146" addrtype="ipv4"/><ports><port protocol="tcp" portid="5060"><state state="open" reason="syn-ack" reason_ttl="51"/></port></ports></host>
<host endtime="1733430011"><address addr="103.224.214.254" addrtype="ipv4"/><ports><port protocol="tcp" portid="5060"><state state="open" reason="syn-ack" reason_ttl="48"/></port></ports></host>
<host endtime="1733430014"><address addr="202.46.244.59" addrtype="ipv4"/><ports><port protocol="tcp" portid="5060"><state state="open" reason="syn-ack" reason_ttl="51"/></port></ports></host>
<host endtime="1733430020"><address addr="202.46.5.66" addrtype="ipv4"/><ports><port protocol="tcp" portid="5060"><state state="open" reason="syn-ack" reason_ttl="51"/></port></ports></host>
<host endtime="1733430021"><address addr="202.46.15.152" addrtype="ipv4"/><ports><port protocol="tcp" portid="5060"><state state="open" reason="syn-ack" reason_ttl="51"/></port></ports></host>
<host endtime="1733430026"><address addr="202.46.11.176" addrtype="ipv4"/><ports><port protocol="tcp" portid="5060"><state state="open" reason="syn-ack" reason_ttl="51"/></port></ports></host>
<host endtime="1733430031"><address addr="202.46.14.204" addrtype="ipv4"/><ports><port protocol="tcp" portid="5060"><state state="open" reason="syn-ack" reason_ttl="51"/></port></ports></host>
<host endtime="1733430037"><address addr="202.46.255.159" addrtype="ipv4"/><ports><port protocol="tcp" portid="5060"><state state="open" reason="syn-ack" reason_ttl="50"/></port></ports></host>
<host endtime="1733430038"><address addr="103.83.18.28" addrtype="ipv4"/><ports><port protocol="tcp" portid="5060"><state state="open" reason="syn-ack" reason_ttl="48"/></port></ports></host>
<host endtime="1733430038"><address addr="103.83.18.4" addrtype="ipv4"/><ports><port protocol="tcp" portid="5060"><state state="open" reason="syn-ack" reason_ttl="48"/></port></ports></host>
<host endtime="1733430040"><address addr="103.110.62.101" addrtype="ipv4"/><ports><port protocol="tcp" portid="5060"><state state="open" reason="syn-ack" reason_ttl="241"/></port></ports></host>
<host endtime="1733430043"><address addr="202.46.253.9" addrtype="ipv4"/><ports><port protocol="tcp" portid="5060"><state state="open" reason="syn-ack" reason_ttl="51"/></port></ports></host>
<host endtime="1733430047"><address addr="202.46.247.88" addrtype="ipv4"/><ports><port protocol="tcp" portid="5060"><state state="open" reason="syn-ack" reason_ttl="50"/></port></ports></host>
<host endtime="1733430048"><address addr="202.46.15.146" addrtype="ipv4"/><ports><port protocol="tcp" portid="5061"><state state="open" reason="syn-ack" reason_ttl="49"/></port></ports></host>
<host endtime="1733430048"><address addr="202.46.8.192" addrtype="ipv4"/><ports><port protocol="tcp" portid="5060"><state state="open" reason="syn-ack" reason_ttl="50"/></port></ports></host>
<host endtime="1733430055"><address addr="193.103.200.240" addrtype="ipv4"/><ports><port protocol="tcp" portid="5060"><state state="open" reason="syn-ack" reason_ttl="54"/></port></ports></host>
<host endtime="1733430058"><address addr="193.103.200.202" addrtype="ipv4"/><ports><port protocol="tcp" portid="5060"><state state="open" reason="syn-ack" reason_ttl="54"/></port></ports></host>
<host endtime="1733430058"><address addr="103.83.18.125" addrtype="ipv4"/><ports><port protocol="tcp" portid="5060"><state state="open" reason="syn-ack" reason_ttl="48"/></port></ports></host>
<host endtime="1733430060"><address addr="202.46.246.246" addrtype="ipv4"/><ports><port protocol="tcp" portid="5060"><state state="open" reason="syn-ack" reason_ttl="51"/></port></ports></host>
<host endtime="1733430061"><address addr="202.46.8.142" addrtype="ipv4"/><ports><port protocol="tcp" portid="5060"><state state="open" reason="syn-ack" reason_ttl="51"/></port></ports></host>
<host endtime="1733430062"><address addr="202.46.1.37" addrtype="ipv4"/><ports><port protocol="tcp" portid="5060"><state state="open" reason="syn-ack" reason_ttl="50"/></port></ports></host>
<host endtime="1733430065"><address addr="103.83.18.60" addrtype="ipv4"/><ports><port protocol="tcp" portid="5060"><state state="open" reason="syn-ack" reason_ttl="48"/></port></ports></host>
<host endtime="1733430065"><address addr="202.46.11.22" addrtype="ipv4"/><ports><port protocol="tcp" portid="5060"><state state="open" reason="syn-ack" reason_ttl="51"/></port></ports></host>
<host endtime="1733430071"><address addr="202.46.10.53" addrtype="ipv4"/><ports><port protocol="tcp" portid="5060"><state state="open" reason="syn-ack" reason_ttl="51"/></port></ports></host>
<host endtime="1733430077"><address addr="202.46.12.67" addrtype="ipv4"/><ports><port protocol="tcp" portid="5060"><state state="open" reason="syn-ack" reason_ttl="51"/></port></ports></host>
<host endtime="1733430080"><address addr="199.123.27.189" addrtype="ipv4"/><ports><port protocol="tcp" portid="5060"><state state="open" reason="syn-ack" reason_ttl="229"/></port></ports></host>
<host endtime="1733430081"><address addr="202.46.13.192" addrtype="ipv4"/><ports><port protocol="tcp" portid="5060"><state state="open" reason="syn-ack" reason_ttl="51"/></port></ports></host>
<host endtime="1733430082"><address addr="193.103.200.252" addrtype="ipv4"/><ports><port protocol="tcp" portid="5060"><state state="open" reason="syn-ack" reason_ttl="52"/></port></ports></host>
<host endtime="1733430084"><address addr="202.46.3.13" addrtype="ipv4"/><ports><port protocol="tcp" portid="5060"><state state="open" reason="syn-ack" reason_ttl="51"/></port></ports></host>
<host endtime="1733430085"><address addr="193.98.229.213" addrtype="ipv4"/><ports><port protocol="tcp" portid="5060"><state state="open" reason="syn-ack" reason_ttl="47"/></port></ports></host>
<host endtime="1733430089"><address addr="103.83.18.80" addrtype="ipv4"/><ports><port protocol="tcp" portid="5060"><state state="open" reason="syn-ack" reason_ttl="48"/></port></ports></host>
<host endtime="1733430092"><address addr="202.46.3.133" addrtype="ipv4"/><ports><port protocol="tcp" portid="5060"><state state="open" reason="syn-ack" reason_ttl="51"/></port></ports></host>
<host endtime="1733430093"><address addr="199.123.26.252" addrtype="ipv4"/><ports><port protocol="tcp" portid="5060"><state state="open" reason="syn-ack" reason_ttl="229"/></port></ports></host>
<host endtime="1733430094"><address addr="193.98.229.65" addrtype="ipv4"/><ports><port protocol="tcp" portid="5060"><state state="open" reason="syn-ack" reason_ttl="44"/></port></ports></host>
<host endtime="1733430100"><address addr="103.83.19.202" addrtype="ipv4"/><ports><port protocol="tcp" portid="5060"><state state="open" reason="syn-ack" reason_ttl="48"/></port></ports></host>
<host endtime="1733430105"><address addr="202.46.242.34" addrtype="ipv4"/><ports><port protocol="tcp" portid="5060"><state state="open" reason="syn-ack" reason_ttl="51"/></port></ports></host>
<host endtime="1733430106"><address addr="202.46.248.112" addrtype="ipv4"/><ports><port protocol="tcp" portid="5060"><state state="open" reason="syn-ack" reason_ttl="51"/></port></ports></host>
<host endtime="1733430106"><address addr="199.201.237.28" addrtype="ipv4"/><ports><port protocol="tcp" portid="5060"><state state="open" reason="syn-ack" reason_ttl="47"/></port></ports></host>
<host endtime="1733430107"><address addr="202.46.4.64" addrtype="ipv4"/><ports><port protocol="tcp" portid="5060"><state state="open" reason="syn-ack" reason_ttl="51"/></port></ports></host>
<host endtime="1733430107"><address addr="103.177.50.91" addrtype="ipv4"/><ports><port protocol="tcp" portid="5060"><state state="open" reason="syn-ack" reason_ttl="121"/></port></ports></host>
<host endtime="1733430110"><address addr="199.201.237.92" addrtype="ipv4"/><ports><port protocol="tcp" portid="5060"><state state="open" reason="syn-ack" reason_ttl="47"/></port></ports></host>
<host endtime="1733430118"><address addr="202.46.13.106" addrtype="ipv4"/><ports><port protocol="tcp" portid="5060"><state state="open" reason="syn-ack" reason_ttl="50"/></port></ports></host>
<host endtime="1733430121"><address addr="103.224.215.229" addrtype="ipv4"/><ports><port protocol="tcp" portid="5060"><state state="open" reason="syn-ack" reason_ttl="48"/></port></ports></host>
<host endtime="1733430122"><address addr="202.46.5.113" addrtype="ipv4"/><ports><port protocol="tcp" portid="5060"><state state="open" reason="syn-ack" reason_ttl="50"/></port></ports></host>
<host endtime="1733430125"><address addr="202.46.249.175" addrtype="ipv4"/><ports><port protocol="tcp" portid="5060"><state state="open" reason="syn-ack" reason_ttl="50"/></port></ports></host>
<host endtime="1733430126"><address addr="202.46.250.98" addrtype="ipv4"/><ports><port protocol="tcp" portid="5060"><state state="open" reason="syn-ack" reason_ttl="51"/></port></ports></host>
<host endtime="1733430131"><address addr="202.46.246.122" addrtype="ipv4"/><ports><port protocol="tcp" portid="5060"><state state="open" reason="syn-ack" reason_ttl="50"/></port></ports></host>
<host endtime="1733430133"><address addr="199.201.237.150" addrtype="ipv4"/><ports><port protocol="tcp" portid="5060"><state state="open" reason="syn-ack" reason_ttl="47"/></port></ports></host>
<host endtime="1733430137"><address addr="202.46.244.118" addrtype="ipv4"/><ports><port protocol="tcp" portid="5060"><state state="open" reason="syn-ack" reason_ttl="50"/></port></ports></host>
<host endtime="1733430137"><address addr="202.46.254.147" addrtype="ipv4"/><ports><port protocol="tcp" portid="5060"><state state="open" reason="syn-ack" reason_ttl="51"/></port></ports></host>
<host endtime="1733430137"><address addr="202.46.5.96" addrtype="ipv4"/><ports><port protocol="tcp" portid="5060"><state state="open" reason="syn-ack" reason_ttl="51"/></port></ports></host>
<host endtime="1733430138"><address addr="202.46.9.33" addrtype="ipv4"/><ports><port protocol="tcp" portid="5060"><state state="open" reason="syn-ack" reason_ttl="50"/></port></ports></host>
<host endtime="1733430148"><address addr="103.83.19.50" addrtype="ipv4"/><ports><port protocol="tcp" portid="5060"><state state="open" reason="syn-ack" reason_ttl="48"/></port></ports></host>
<host endtime="1733430149"><address addr="202.46.242.164" addrtype="ipv4"/><ports><port protocol="tcp" portid="5060"><state state="open" reason="syn-ack" reason_ttl="50"/></port></ports></host>
<host endtime="1733430153"><address addr="202.46.245.38" addrtype="ipv4"/><ports><port protocol="tcp" portid="5060"><state state="open" reason="syn-ack" reason_ttl="51"/></port></ports></host>
<host endtime="1733430154"><address addr="202.46.12.222" addrtype="ipv4"/><ports><port protocol="tcp" portid="5060"><state state="open" reason="syn-ack" reason_ttl="51"/></port></ports></host>
<host endtime="1733430154"><address addr="202.46.253.153" addrtype="ipv4"/><ports><port protocol="tcp" portid="5060"><state state="open" reason="syn-ack" reason_ttl="51"/></port></ports></host>
<host endtime="1733430156"><address addr="103.224.214.213" addrtype="ipv4"/><ports><port protocol="tcp" portid="5060"><state state="open" reason="syn-ack" reason_ttl="48"/></port></ports></host>
<host endtime="1733430157"><address addr="202.46.243.216" addrtype="ipv4"/><ports><port protocol="tcp" portid="5060"><state state="open" reason="syn-ack" reason_ttl="50"/></port></ports></host>
<host endtime="1733430159"><address addr="202.46.248.208" addrtype="ipv4"/><ports><port protocol="tcp" portid="5060"><state state="open" reason="syn-ack" reason_ttl="50"/></port></ports></host>
<host endtime="1733430162"><address addr="202.46.252.81" addrtype="ipv4"/><ports><port protocol="tcp" portid="5060"><state state="open" reason="syn-ack" reason_ttl="51"/></port></ports></host>
<host endtime="1733430163"><address addr="202.46.7.26" addrtype="ipv4"/><ports><port protocol="tcp" portid="5061"><state state="open" reason="syn-ack" reason_ttl="50"/></port></ports></host>
<host endtime="1733430167"><address addr="202.46.0.170" addrtype="ipv4"/><ports><port protocol="tcp" portid="5060"><state state="open" reason="syn-ack" reason_ttl="51"/></port></ports></host>
<host endtime="1733430167"><address addr="202.46.248.244" addrtype="ipv4"/><ports><port protocol="tcp" portid="5060"><state state="open" reason="syn-ack" reason_ttl="50"/></port></ports></host>
<host endtime="1733430170"><address addr="202.46.11.58" addrtype="ipv4"/><ports><port protocol="tcp" portid="5060"><state state="open" reason="syn-ack" reason_ttl="51"/></port></ports></host>
<host endtime="1733430174"><address addr="202.46.249.123" addrtype="ipv4"/><ports><port protocol="tcp" portid="5060"><state state="open" reason="syn-ack" reason_ttl="51"/></port></ports></host>
<host endtime="1733430176"><address addr="202.46.9.195" addrtype="ipv4"/><ports><port protocol="tcp" portid="5060"><state state="open" reason="syn-ack" reason_ttl="51"/></port></ports></host>
<host endtime="1733430176"><address addr="202.46.244.234" addrtype="ipv4"/><ports><port protocol="tcp" portid="5060"><state state="open" reason="syn-ack" reason_ttl="50"/></port></ports></host>
<host endtime="1733430182"><address addr="202.46.7.250" addrtype="ipv4"/><ports><port protocol="tcp" portid="5060"><state state="open" reason="syn-ack" reason_ttl="51"/></port></ports></host>
<host endtime="1733430183"><address addr="202.46.11.101" addrtype="ipv4"/><ports><port protocol="tcp" portid="5060"><state state="open" reason="syn-ack" reason_ttl="51"/></port></ports></host>
<host endtime="1733430184"><address addr="202.46.244.204" addrtype="ipv4"/><ports><port protocol="tcp" portid="5060"><state state="open" reason="syn-ack" reason_ttl="50"/></port></ports></host>
<host endtime="1733430185"><address addr="202.46.7.93" addrtype="ipv4"/><ports><port protocol="tcp" portid="5060"><state state="open" reason="syn-ack" reason_ttl="51"/></port></ports></host>
<host endtime="1733430185"><address addr="202.46.5.28" addrtype="ipv4"/><ports><port protocol="tcp" portid="5060"><state state="open" reason="syn-ack" reason_ttl="51"/></port></ports></host>
<host endtime="1733430191"><address addr="193.98.229.109" addrtype="ipv4"/><ports><port protocol="tcp" portid="5060"><state state="open" reason="syn-ack" reason_ttl="49"/></port></ports></host>
<host endtime="1733430195"><address addr="202.46.254.201" addrtype="ipv4"/><ports><port protocol="tcp" portid="5060"><state state="open" reason="syn-ack" reason_ttl="51"/></port></ports></host>
<host endtime="1733430199"><address addr="202.46.252.199" addrtype="ipv4"/><ports><port protocol="tcp" portid="5060"><state state="open" reason="syn-ack" reason_ttl="51"/></port></ports></host>
<host endtime="1733430200"><address addr="199.123.25.178" addrtype="ipv4"/><ports><port protocol="tcp" portid="5060"><state state="open" reason="syn-ack" reason_ttl="229"/></port></ports></host>
<host endtime="1733430201"><address addr="199.201.236.67" addrtype="ipv4"/><ports><port protocol="tcp" portid="5060"><state state="open" reason="syn-ack" reason_ttl="47"/></port></ports></host>
<host endtime="1733430203"><address addr="193.103.206.125" addrtype="ipv4"/><ports><port protocol="tcp" portid="5060"><state state="open" reason="syn-ack" reason_ttl="52"/></port></ports></host>
<host endtime="1733430204"><address addr="202.46.248.78" addrtype="ipv4"/><ports><port protocol="tcp" portid="5060"><state state="open" reason="syn-ack" reason_ttl="51"/></port></ports></host>
<host endtime="1733430205"><address addr="202.46.11.5" addrtype="ipv4"/><ports><port protocol="tcp" portid="5060"><state state="open" reason="syn-ack" reason_ttl="51"/></port></ports></host>
<host endtime="1733430205"><address addr="202.46.10.227" addrtype="ipv4"/><ports><port protocol="tcp" portid="5060"><state state="open" reason="syn-ack" reason_ttl="50"/></port></ports></host>
<host endtime="1733430205"><address addr="202.46.240.126" addrtype="ipv4"/><ports><port protocol="tcp" portid="5060"><state state="open" reason="syn-ack" reason_ttl="51"/></port></ports></host>
<host endtime="1733430206"><address addr="202.46.12.117" addrtype="ipv4"/><ports><port protocol="tcp" portid="5060"><state state="open" reason="syn-ack" reason_ttl="51"/></port></ports></host>
<host endtime="1733430206"><address addr="202.46.2.81" addrtype="ipv4"/><ports><port protocol="tcp" portid="5060"><state state="open" reason="syn-ack" reason_ttl="50"/></port></ports></host>
<host endtime="1733430208"><address addr="202.46.15.174" addrtype="ipv4"/><ports><port protocol="tcp" portid="5060"><state state="open" reason="syn-ack" reason_ttl="51"/></port></ports></host>
<host endtime="1733430211"><address addr="202.46.8.201" addrtype="ipv4"/><ports><port protocol="tcp" portid="5060"><state state="open" reason="syn-ack" reason_ttl="50"/></port></ports></host>
<host endtime="1733430214"><address addr="103.224.214.41" addrtype="ipv4"/><ports><port protocol="tcp" portid="5060"><state state="open" reason="syn-ack" reason_ttl="48"/></port></ports></host>
<host endtime="1733430214"><address addr="202.46.251.24" addrtype="ipv4"/><ports><port protocol="tcp" portid="5060"><state state="open" reason="syn-ack" reason_ttl="51"/></port></ports></host>
<host endtime="1733430214"><address addr="202.46.14.10" addrtype="ipv4"/><ports><port protocol="tcp" portid="5060"><state state="open" reason="syn-ack" reason_ttl="51"/></port></ports></host>
<host endtime="1733430215"><address addr="202.46.241.1" addrtype="ipv4"/><ports><port protocol="tcp" portid="5060"><state state="open" reason="syn-ack" reason_ttl="50"/></port></ports></host>
<host endtime="1733430215"><address addr="202.46.14.130" addrtype="ipv4"/><ports><port protocol="tcp" portid="5060"><state state="open" reason="syn-ack" reason_ttl="51"/></port></ports></host>
<host endtime="1733430215"><address addr="202.46.244.74" addrtype="ipv4"/><ports><port protocol="tcp" portid="5060"><state state="open" reason="syn-ack" reason_ttl="51"/></port></ports></host>
<host endtime="1733430215"><address addr="202.46.241.125" addrtype="ipv4"/><ports><port protocol="tcp" portid="5060"><state state="open" reason="syn-ack" reason_ttl="50"/></port></ports></host>
<host endtime="1733430216"><address addr="193.98.229.243" addrtype="ipv4"/><ports><port protocol="tcp" portid="5060"><state state="open" reason="syn-ack" reason_ttl="49"/></port></ports></host>
<host endtime="1733430219"><address addr="202.46.15.8" addrtype="ipv4"/><ports><port protocol="tcp" portid="5060"><state state="open" reason="syn-ack" reason_ttl="50"/></port></ports></host>
<host endtime="1733430221"><address addr="202.46.251.63" addrtype="ipv4"/><ports><port protocol="tcp" portid="5060"><state state="open" reason="syn-ack" reason_ttl="51"/></port></ports></host>
<host endtime="1733430224"><address addr="193.98.119.162" addrtype="ipv4"/><ports><port protocol="tcp" portid="5060"><state state="open" reason="syn-ack" reason_ttl="48"/></port></ports></host>
<host endtime="1733430224"><address addr="202.46.3.197" addrtype="ipv4"/><ports><port protocol="tcp" portid="5060"><state state="open" reason="syn-ack" reason_ttl="50"/></port></ports></host>
<host endtime="1733430227"><address addr="202.46.9.209" addrtype="ipv4"/><ports><port protocol="tcp" portid="5060"><state state="open" reason="syn-ack" reason_ttl="51"/></port></ports></host>
<host endtime="1733430229"><address addr="193.103.200.48" addrtype="ipv4"/><ports><port protocol="tcp" portid="5060"><state state="open" reason="syn-ack" reason_ttl="54"/></port></ports></host>
<host endtime="1733430231"><address addr="202.46.1.205" addrtype="ipv4"/><ports><port protocol="tcp" portid="5060"><state state="open" reason="syn-ack" reason_ttl="51"/></port></ports></host>
<host endtime="1733430233"><address addr="199.123.26.140" addrtype="ipv4"/><ports><port protocol="tcp" portid="5060"><state state="open" reason="syn-ack" reason_ttl="229"/></port></ports></host>
<host endtime="1733430236"><address addr="202.46.249.53" addrtype="ipv4"/><ports><port protocol="tcp" portid="5060"><state state="open" reason="syn-ack" reason_ttl="51"/></port></ports></host>
<host endtime="1733430238"><address addr="202.46.241.205" addrtype="ipv4"/><ports><port protocol="tcp" portid="5060"><state state="open" reason="syn-ack" reason_ttl="50"/></port></ports></host>
<host endtime="1733430239"><address addr="202.46.4.87" addrtype="ipv4"/><ports><port protocol="tcp" portid="5060"><state state="open" reason="syn-ack" reason_ttl="51"/></port></ports></host>
<host endtime="1733430244"><address addr="202.46.241.27" addrtype="ipv4"/><ports><port protocol="tcp" portid="5060"><state state="open" reason="syn-ack" reason_ttl="51"/></port></ports></host>
<host endtime="1733430245"><address addr="199.123.24.168" addrtype="ipv4"/><ports><port protocol="tcp" portid="5060"><state state="open" reason="syn-ack" reason_ttl="229"/></port></ports></host>
<host endtime="1733430245"><address addr="202.46.1.47" addrtype="ipv4"/><ports><port protocol="tcp" portid="5060"><state state="open" reason="syn-ack" reason_ttl="51"/></port></ports></host>
<host endtime="1733430247"><address addr="202.46.0.66" addrtype="ipv4"/><ports><port protocol="tcp" portid="5060"><state state="open" reason="syn-ack" reason_ttl="51"/></port></ports></host>
<host endtime="1733430257"><address addr="202.46.1.253" addrtype="ipv4"/><ports><port protocol="tcp" portid="5060"><state state="open" reason="syn-ack" reason_ttl="51"/></port></ports></host>
<host endtime="1733430262"><address addr="202.46.7.66" addrtype="ipv4"/><ports><port protocol="tcp" portid="5060"><state state="open" reason="syn-ack" reason_ttl="51"/></port></ports></host>
<host endtime="1733430264"><address addr="202.46.253.31" addrtype="ipv4"/><ports><port protocol="tcp" portid="5060"><state state="open" reason="syn-ack" reason_ttl="50"/></port></ports></host>
<host endtime="1733430265"><address addr="199.123.24.23" addrtype="ipv4"/><ports><port protocol="tcp" portid="5060"><state state="open" reason="syn-ack" reason_ttl="229"/></port></ports></host>
<host endtime="1733430266"><address addr="202.46.14.221" addrtype="ipv4"/><ports><port protocol="tcp" portid="5060"><state state="open" reason="syn-ack" reason_ttl="50"/></port></ports></host>
<host endtime="1733430269"><address addr="202.46.3.110" addrtype="ipv4"/><ports><port protocol="tcp" portid="5061"><state state="open" reason="syn-ack" reason_ttl="49"/></port></ports></host>
<host endtime="1733430269"><address addr="202.46.15.113" addrtype="ipv4"/><ports><port protocol="tcp" portid="5060"><state state="open" reason="syn-ack" reason_ttl="50"/></port></ports></host>
<host endtime="1733430274"><address addr="202.46.9.118" addrtype="ipv4"/><ports><port protocol="tcp" portid="5060"><state state="open" reason="syn-ack" reason_ttl="51"/></port></ports></host>
<host endtime="1733430275"><address addr="199.201.236.0" addrtype="ipv4"/><ports><port protocol="tcp" portid="5060"><state state="open" reason="syn-ack" reason_ttl="47"/></port></ports></host>
<host endtime="1733430276"><address addr="41.204.239.106" addrtype="ipv4"/><ports><port protocol="tcp" portid="5060"><state state="open" reason="syn-ack" reason_ttl="47"/></port></ports></host>
<host endtime="1733430279"><address addr="202.46.6.233" addrtype="ipv4"/><ports><port protocol="tcp" portid="5060"><state state="open" reason="syn-ack" reason_ttl="51"/></port></ports></host>
<host endtime="1733430279"><address addr="199.201.237.173" addrtype="ipv4"/><ports><port protocol="tcp" portid="5060"><state state="open" reason="syn-ack" reason_ttl="47"/></port></ports></host>
<host endtime="1733430282"><address addr="202.46.15.140" addrtype="ipv4"/><ports><port protocol="tcp" portid="5061"><state state="open" reason="syn-ack" reason_ttl="50"/></port></ports></host>
<host endtime="1733430284"><address addr="202.46.9.0" addrtype="ipv4"/><ports><port protocol="tcp" portid="5060"><state state="open" reason="syn-ack" reason_ttl="50"/></port></ports></host>
<host endtime="1733430290"><address addr="193.98.229.89" addrtype="ipv4"/><ports><port protocol="tcp" portid="5061"><state state="open" reason="syn-ack" reason_ttl="47"/></port></ports></host>
<host endtime="1733430290"><address addr="103.224.215.188" addrtype="ipv4"/><ports><port protocol="tcp" portid="5060"><state state="open" reason="syn-ack" reason_ttl="48"/></port></ports></host>
<host endtime="1733430291"><address addr="103.83.19.45" addrtype="ipv4"/><ports><port protocol="tcp" portid="5060"><state state="open" reason="syn-ack" reason_ttl="48"/></port></ports></host>
<host endtime="1733430291"><address addr="202.46.14.151" addrtype="ipv4"/><ports><port protocol="tcp" portid="5060"><state state="open" reason="syn-ack" reason_ttl="51"/></port></ports></host>
<host endtime="1733430291"><address addr="202.46.241.92" addrtype="ipv4"/><ports><port protocol="tcp" portid="5060"><state state="open" reason="syn-ack" reason_ttl="50"/></port></ports></host>
<host endtime="1733430294"><address addr="202.46.6.179" addrtype="ipv4"/><ports><port protocol="tcp" portid="5060"><state state="open" reason="syn-ack" reason_ttl="50"/></port></ports></host>
<host endtime="1733430297"><address addr="202.46.10.188" addrtype="ipv4"/><ports><port protocol="tcp" portid="5060"><state state="open" reason="syn-ack" reason_ttl="50"/></port></ports></host>
<host endtime="1733430298"><address addr="193.103.200.193" addrtype="ipv4"/><ports><port protocol="tcp" portid="5060"><state state="open" reason="syn-ack" reason_ttl="54"/></port></ports></host>
<host endtime="1733430299"><address addr="103.177.50.65" addrtype="ipv4"/><ports><port protocol="tcp" portid="5060"><state state="open" reason="syn-ack" reason_ttl="121"/></port></ports></host>
<host endtime="1733430299"><address addr="202.46.1.73" addrtype="ipv4"/><ports><port protocol="tcp" portid="5060"><state state="open" reason="syn-ack" reason_ttl="51"/></port></ports></host>
<host endtime="1733430302"><address addr="202.46.10.126" addrtype="ipv4"/><ports><port protocol="tcp" portid="5060"><state state="open" reason="syn-ack" reason_ttl="51"/></port></ports></host>
<host endtime="1733430304"><address addr="199.123.26.172" addrtype="ipv4"/><ports><port protocol="tcp" portid="5060"><state state="open" reason="syn-ack" reason_ttl="229"/></port></ports></host>
<host endtime="1733430305"><address addr="199.123.24.206" addrtype="ipv4"/><ports><port protocol="tcp" portid="5060"><state state="open" reason="syn-ack" reason_ttl="229"/></port></ports></host>
<host endtime="1733430306"><address addr="193.103.200.141" addrtype="ipv4"/><ports><port protocol="tcp" portid="5060"><state state="open" reason="syn-ack" reason_ttl="54"/></port></ports></host>
<host endtime="1733430310"><address addr="202.46.240.152" addrtype="ipv4"/><ports><port protocol="tcp" portid="5060"><state state="open" reason="syn-ack" reason_ttl="50"/></port></ports></host>
<host endtime="1733430319"><address addr="103.224.215.140" addrtype="ipv4"/><ports><port protocol="tcp" portid="5060"><state state="open" reason="syn-ack" reason_ttl="48"/></port></ports></host>
<host endtime="1733430319"><address addr="202.46.2.187" addrtype="ipv4"/><ports><port protocol="tcp" portid="5060"><state state="open" reason="syn-ack" reason_ttl="51"/></port></ports></host>
<host endtime="1733430321"><address addr="193.97.171.24" addrtype="ipv4"/><ports><port protocol="tcp" portid="5061"><state state="open" reason="syn-ack" reason_ttl="240"/></port></ports></host>
<host endtime="1733430321"><address addr="202.46.243.116" addrtype="ipv4"/><ports><port protocol="tcp" portid="5060"><state state="open" reason="syn-ack" reason_ttl="51"/></port></ports></host>
<host endtime="1733430323"><address addr="193.98.229.22" addrtype="ipv4"/><ports><port protocol="tcp" portid="5061"><state state="open" reason="syn-ack" reason_ttl="47"/></port></ports></host>
<host endtime="1733430324"><address addr="202.46.244.184" addrtype="ipv4"/><ports><port protocol="tcp" portid="5060"><state state="open" reason="syn-ack" reason_ttl="51"/></port></ports></host>
<host endtime="1733430325"><address addr="202.46.255.30" addrtype="ipv4"/><ports><port protocol="tcp" portid="5060"><state state="open" reason="syn-ack" reason_ttl="50"/></port></ports></host>
<host endtime="1733430325"><address addr="202.46.255.144" addrtype="ipv4"/><ports><port protocol="tcp" portid="5060"><state state="open" reason="syn-ack" reason_ttl="50"/></port></ports></host>
<host endtime="1733430326"><address addr="202.46.0.123" addrtype="ipv4"/><ports><port protocol="tcp" portid="5060"><state state="open" reason="syn-ack" reason_ttl="51"/></port></ports></host>
<host endtime="1733430330"><address addr="199.123.26.107" addrtype="ipv4"/><ports><port protocol="tcp" portid="5060"><state state="open" reason="syn-ack" reason_ttl="229"/></port></ports></host>
<host endtime="1733430331"><address addr="202.46.251.133" addrtype="ipv4"/><ports><port protocol="tcp" portid="5060"><state state="open" reason="syn-ack" reason_ttl="50"/></port></ports></host>
<host endtime="1733430338"><address addr="199.201.237.94" addrtype="ipv4"/><ports><port protocol="tcp" portid="5060"><state state="open" reason="syn-ack" reason_ttl="47"/></port></ports></host>
<host endtime="1733430343"><address addr="193.103.200.34" addrtype="ipv4"/><ports><port protocol="tcp" portid="5060"><state state="open" reason="syn-ack" reason_ttl="54"/></port></ports></host>
<host endtime="1733430354"><address addr="202.46.9.76" addrtype="ipv4"/><ports><port protocol="tcp" portid="5060"><state state="open" reason="syn-ack" reason_ttl="51"/></port></ports></host>
<host endtime="1733430354"><address addr="202.46.247.73" addrtype="ipv4"/><ports><port protocol="tcp" portid="5060"><state state="open" reason="syn-ack" reason_ttl="51"/></port></ports></host>
<host endtime="1733430360"><address addr="202.46.15.183" addrtype="ipv4"/><ports><port protocol="tcp" portid="5060"><state state="open" reason="syn-ack" reason_ttl="51"/></port></ports></host>
<host endtime="1733430361"><address addr="202.46.13.56" addrtype="ipv4"/><ports><port protocol="tcp" portid="5060"><state state="open" reason="syn-ack" reason_ttl="51"/></port></ports></host>
<host endtime="1733430362"><address addr="202.46.246.64" addrtype="ipv4"/><ports><port protocol="tcp" portid="5060"><state state="open" reason="syn-ack" reason_ttl="51"/></port></ports></host>
<host endtime="1733430363"><address addr="193.98.229.52" addrtype="ipv4"/><ports><port protocol="tcp" portid="5061"><state state="open" reason="syn-ack" reason_ttl="47"/></port></ports></host>
<host endtime="1733430364"><address addr="202.46.254.123" addrtype="ipv4"/><ports><port protocol="tcp" portid="5060"><state state="open" reason="syn-ack" reason_ttl="50"/></port></ports></host>
<host endtime="1733430364"><address addr="202.46.5.130" addrtype="ipv4"/><ports><port protocol="tcp" portid="5060"><state state="open" reason="syn-ack" reason_ttl="51"/></port></ports></host>
<host endtime="1733430368"><address addr="199.123.26.87" addrtype="ipv4"/><ports><port protocol="tcp" portid="5060"><state state="open" reason="syn-ack" reason_ttl="229"/></port></ports></host>
<host endtime="1733430369"><address addr="193.103.206.27" addrtype="ipv4"/><ports><port protocol="tcp" portid="5060"><state state="open" reason="syn-ack" reason_ttl="52"/></port></ports></host>
<host endtime="1733430369"><address addr="202.46.241.228" addrtype="ipv4"/><ports><port protocol="tcp" portid="5060"><state state="open" reason="syn-ack" reason_ttl="50"/></port></ports></host>
<host endtime="1733430370"><address addr="202.46.246.247" addrtype="ipv4"/><ports><port protocol="tcp" portid="5060"><state state="open" reason="syn-ack" reason_ttl="50"/></port></ports></host>
<host endtime="1733430377"><address addr="202.46.253.120" addrtype="ipv4"/><ports><port protocol="tcp" portid="5060"><state state="open" reason="syn-ack" reason_ttl="51"/></port></ports></host>
<host endtime="1733430380"><address addr="193.98.229.242" addrtype="ipv4"/><ports><port protocol="tcp" portid="5060"><state state="open" reason="syn-ack" reason_ttl="49"/></port></ports></host>
<host endtime="1733430382"><address addr="202.46.255.252" addrtype="ipv4"/><ports><port protocol="tcp" portid="5060"><state state="open" reason="syn-ack" reason_ttl="51"/></port></ports></host>
<host endtime="1733430388"><address addr="103.83.19.14" addrtype="ipv4"/><ports><port protocol="tcp" portid="5060"><state state="open" reason="syn-ack" reason_ttl="48"/></port></ports></host>
<host endtime="1733430389"><address addr="202.46.247.56" addrtype="ipv4"/><ports><port protocol="tcp" portid="5060"><state state="open" reason="syn-ack" reason_ttl="50"/></port></ports></host>
<host endtime="1733430390"><address addr="202.46.245.106" addrtype="ipv4"/><ports><port protocol="tcp" portid="5060"><state state="open" reason="syn-ack" reason_ttl="51"/></port></ports></host>
<host endtime="1733430393"><address addr="202.46.240.34" addrtype="ipv4"/><ports><port protocol="tcp" portid="5060"><state state="open" reason="syn-ack" reason_ttl="50"/></port></ports></host>
<host endtime="1733430396"><address addr="202.46.11.114" addrtype="ipv4"/><ports><port protocol="tcp" portid="5060"><state state="open" reason="syn-ack" reason_ttl="51"/></port></ports></host>
<host endtime="1733430402"><address addr="202.46.246.143" addrtype="ipv4"/><ports><port protocol="tcp" portid="5060"><state state="open" reason="syn-ack" reason_ttl="51"/></port></ports></host>
<host endtime="1733430403"><address addr="202.46.6.205" addrtype="ipv4"/><ports><port protocol="tcp" portid="5060"><state state="open" reason="syn-ack" reason_ttl="51"/></port></ports></host>
<host endtime="1733430405"><address addr="202.46.13.172" addrtype="ipv4"/><ports><port protocol="tcp" portid="5060"><state state="open" reason="syn-ack" reason_ttl="51"/></port></ports></host>
<host endtime="1733430405"><address addr="202.46.255.189" addrtype="ipv4"/><ports><port protocol="tcp" portid="5060"><state state="open" reason="syn-ack" reason_ttl="51"/></port></ports></host>
<host endtime="1733430406"><address addr="202.46.251.10" addrtype="ipv4"/><ports><port protocol="tcp" portid="5060"><state state="open" reason="syn-ack" reason_ttl="51"/></port></ports></host>
<host endtime="1733430407"><address addr="202.46.245.221" addrtype="ipv4"/><ports><port protocol="tcp" portid="5060"><state state="open" reason="syn-ack" reason_ttl="50"/></port></ports></host>
<host endtime="1733430408"><address addr="202.46.240.68" addrtype="ipv4"/><ports><port protocol="tcp" portid="5060"><state state="open" reason="syn-ack" reason_ttl="50"/></port></ports></host>
<host endtime="1733430410"><address addr="193.103.200.253" addrtype="ipv4"/><ports><port protocol="tcp" portid="5060"><state state="open" reason="syn-ack" reason_ttl="54"/></port></ports></host>
<host endtime="1733430415"><address addr="202.46.11.125" addrtype="ipv4"/><ports><port protocol="tcp" portid="5060"><state state="open" reason="syn-ack" reason_ttl="51"/></port></ports></host>
<host endtime="1733430417"><address addr="202.46.15.144" addrtype="ipv4"/><ports><port protocol="tcp" portid="5060"><state state="open" reason="syn-ack" reason_ttl="50"/></port></ports></host>
<host endtime="1733430417"><address addr="202.46.11.174" addrtype="ipv4"/><ports><port protocol="tcp" portid="5060"><state state="open" reason="syn-ack" reason_ttl="51"/></port></ports></host>
<host endtime="1733430417"><address addr="41.138.192.17" addrtype="ipv4"/><ports><port protocol="tcp" portid="5060"><state state="open" reason="syn-ack" reason_ttl="43"/></port></ports></host>
<host endtime="1733430418"><address addr="202.46.254.153" addrtype="ipv4"/><ports><port protocol="tcp" portid="5060"><state state="open" reason="syn-ack" reason_ttl="50"/></port></ports></host>
<host endtime="1733430418"><address addr="199.201.237.7" addrtype="ipv4"/><ports><port protocol="tcp" portid="5060"><state state="open" reason="syn-ack" reason_ttl="47"/></port></ports></host>
<host endtime="1733430421"><address addr="202.46.245.237" addrtype="ipv4"/><ports><port protocol="tcp" portid="5060"><state state="open" reason="syn-ack" reason_ttl="51"/></port></ports></host>
<host endtime="1733430421"><address addr="202.46.4.15" addrtype="ipv4"/><ports><port protocol="tcp" portid="5060"><state state="open" reason="syn-ack" reason_ttl="50"/></port></ports></host>
<host endtime="1733430422"><address addr="202.46.253.40" addrtype="ipv4"/><ports><port protocol="tcp" portid="5060"><state state="open" reason="syn-ack" reason_ttl="51"/></port></ports></host>
<host endtime="1733430423"><address addr="202.46.249.171" addrtype="ipv4"/><ports><port protocol="tcp" portid="5060"><state state="open" reason="syn-ack" reason_ttl="51"/></port></ports></host>
<host endtime="1733430431"><address addr="199.201.237.22" addrtype="ipv4"/><ports><port protocol="tcp" portid="5060"><state state="open" reason="syn-ack" reason_ttl="47"/></port></ports></host>
<host endtime="1733430432"><address addr="202.46.11.197" addrtype="ipv4"/><ports><port protocol="tcp" portid="5060"><state state="open" reason="syn-ack" reason_ttl="50"/></port></ports></host>
<host endtime="1733430435"><address addr="202.46.15.20" addrtype="ipv4"/><ports><port protocol="tcp" portid="5060"><state state="open" reason="syn-ack" reason_ttl="51"/></port></ports></host>
<host endtime="1733430435"><address addr="193.103.200.21" addrtype="ipv4"/><ports><port protocol="tcp" portid="5060"><state state="open" reason="syn-ack" reason_ttl="52"/></port></ports></host>
<host endtime="1733430435"><address addr="202.46.255.238" addrtype="ipv4"/><ports><port protocol="tcp" portid="5060"><state state="open" reason="syn-ack" reason_ttl="50"/></port></ports></host>
<host endtime="1733430441"><address addr="202.46.3.240" addrtype="ipv4"/><ports><port protocol="tcp" portid="5060"><state state="open" reason="syn-ack" reason_ttl="50"/></port></ports></host>
<host endtime="1733430447"><address addr="202.46.247.135" addrtype="ipv4"/><ports><port protocol="tcp" portid="5060"><state state="open" reason="syn-ack" reason_ttl="51"/></port></ports></host>
<host endtime="1733430453"><address addr="202.46.8.200" addrtype="ipv4"/><ports><port protocol="tcp" portid="5060"><state state="open" reason="syn-ack" reason_ttl="51"/></port></ports></host>
<host endtime="1733430454"><address addr="202.46.248.63" addrtype="ipv4"/><ports><port protocol="tcp" portid="5060"><state state="open" reason="syn-ack" reason_ttl="51"/></port></ports></host>
<host endtime="1733430459"><address addr="202.46.255.161" addrtype="ipv4"/><ports><port protocol="tcp" portid="5060"><state state="open" reason="syn-ack" reason_ttl="50"/></port></ports></host>
<host endtime="1733430461"><address addr="103.224.215.7" addrtype="ipv4"/><ports><port protocol="tcp" portid="5060"><state state="open" reason="syn-ack" reason_ttl="48"/></port></ports></host>
<host endtime="1733430462"><address addr="202.46.249.115" addrtype="ipv4"/><ports><port protocol="tcp" portid="5060"><state state="open" reason="syn-ack" reason_ttl="51"/></port></ports></host>
<host endtime="1733430464"><address addr="202.46.243.120" addrtype="ipv4"/><ports><port protocol="tcp" portid="5060"><state state="open" reason="syn-ack" reason_ttl="51"/></port></ports></host>
<host endtime="1733430466"><address addr="199.123.25.238" addrtype="ipv4"/><ports><port protocol="tcp" portid="5060"><state state="open" reason="syn-ack" reason_ttl="229"/></port></ports></host>
<host endtime="1733430467"><address addr="202.46.1.104" addrtype="ipv4"/><ports><port protocol="tcp" portid="5060"><state state="open" reason="syn-ack" reason_ttl="51"/></port></ports></host>
<host endtime="1733430469"><address addr="103.83.18.136" addrtype="ipv4"/><ports><port protocol="tcp" portid="5060"><state state="open" reason="syn-ack" reason_ttl="48"/></port></ports></host>
<host endtime="1733430473"><address addr="193.103.200.32" addrtype="ipv4"/><ports><port protocol="tcp" portid="5060"><state state="open" reason="syn-ack" reason_ttl="54"/></port></ports></host>
<host endtime="1733430474"><address addr="202.46.14.97" addrtype="ipv4"/><ports><port protocol="tcp" portid="5060"><state state="open" reason="syn-ack" reason_ttl="51"/></port></ports></host>
<host endtime="1733430474"><address addr="202.46.10.107" addrtype="ipv4"/><ports><port protocol="tcp" portid="5060"><state state="open" reason="syn-ack" reason_ttl="51"/></port></ports></host>
<host endtime="1733430476"><address addr="202.46.3.62" addrtype="ipv4"/><ports><port protocol="tcp" portid="5060"><state state="open" reason="syn-ack" reason_ttl="50"/></port></ports></host>
<host endtime="1733430476"><address addr="202.46.242.67" addrtype="ipv4"/><ports><port protocol="tcp" portid="5060"><state state="open" reason="syn-ack" reason_ttl="51"/></port></ports></host>
<host endtime="1733430478"><address addr="202.46.6.116" addrtype="ipv4"/><ports><port protocol="tcp" portid="5060"><state state="open" reason="syn-ack" reason_ttl="50"/></port></ports></host>
<host endtime="1733430479"><address addr="193.98.229.12" addrtype="ipv4"/><ports><port protocol="tcp" portid="5060"><state state="open" reason="syn-ack" reason_ttl="44"/></port></ports></host>
<host endtime="1733430481"><address addr="202.46.0.73" addrtype="ipv4"/><ports><port protocol="tcp" portid="5060"><state state="open" reason="syn-ack" reason_ttl="51"/></port></ports></host>
<host endtime="1733430483"><address addr="202.46.249.91" addrtype="ipv4"/><ports><port protocol="tcp" portid="5060"><state state="open" reason="syn-ack" reason_ttl="50"/></port></ports></host>
<host endtime="1733430484"><address addr="202.46.248.111" addrtype="ipv4"/><ports><port protocol="tcp" portid="5060"><state state="open" reason="syn-ack" reason_ttl="51"/></port></ports></host>
<host endtime="1733430492"><address addr="202.46.251.149" addrtype="ipv4"/><ports><port protocol="tcp" portid="5060"><state state="open" reason="syn-ack" reason_ttl="50"/></port></ports></host>
<host endtime="1733430492"><address addr="199.123.27.140" addrtype="ipv4"/><ports><port protocol="tcp" portid="5060"><state state="open" reason="syn-ack" reason_ttl="229"/></port></ports></host>
<host endtime="1733430495"><address addr="202.46.250.61" addrtype="ipv4"/><ports><port protocol="tcp" portid="5060"><state state="open" reason="syn-ack" reason_ttl="51"/></port></ports></host>
<host endtime="1733430497"><address addr="202.46.249.244" addrtype="ipv4"/><ports><port protocol="tcp" portid="5060"><state state="open" reason="syn-ack" reason_ttl="51"/></port></ports></host>
<host endtime="1733430498"><address addr="202.46.6.134" addrtype="ipv4"/><ports><port protocol="tcp" portid="5060"><state state="open" reason="syn-ack" reason_ttl="50"/></port></ports></host>
<host endtime="1733430498"><address addr="202.46.4.48" addrtype="ipv4"/><ports><port protocol="tcp" portid="5060"><state state="open" reason="syn-ack" reason_ttl="51"/></port></ports></host>
<host endtime="1733430503"><address addr="202.46.10.44" addrtype="ipv4"/><ports><port protocol="tcp" portid="5060"><state state="open" reason="syn-ack" reason_ttl="51"/></port></ports></host>
<host endtime="1733430503"><address addr="202.46.15.13" addrtype="ipv4"/><ports><port protocol="tcp" portid="5060"><state state="open" reason="syn-ack" reason_ttl="51"/></port></ports></host>
<host endtime="1733430506"><address addr="202.46.247.128" addrtype="ipv4"/><ports><port protocol="tcp" portid="5060"><state state="open" reason="syn-ack" reason_ttl="51"/></port></ports></host>
<host endtime="1733430507"><address addr="202.46.14.112" addrtype="ipv4"/><ports><port protocol="tcp" portid="5060"><state state="open" reason="syn-ack" reason_ttl="51"/></port></ports></host>
<host endtime="1733430508"><address addr="103.224.215.66" addrtype="ipv4"/><ports><port protocol="tcp" portid="5060"><state state="open" reason="syn-ack" reason_ttl="48"/></port></ports></host>
<host endtime="1733430510"><address addr="202.46.241.79" addrtype="ipv4"/><ports><port protocol="tcp" portid="5060"><state state="open" reason="syn-ack" reason_ttl="51"/></port></ports></host>
<host endtime="1733430511"><address addr="202.46.13.66" addrtype="ipv4"/><ports><port protocol="tcp" portid="5060"><state state="open" reason="syn-ack" reason_ttl="51"/></port></ports></host>
<host endtime="1733430514"><address addr="202.46.245.47" addrtype="ipv4"/><ports><port protocol="tcp" portid="5060"><state state="open" reason="syn-ack" reason_ttl="50"/></port></ports></host>
<host endtime="1733430520"><address addr="202.46.247.155" addrtype="ipv4"/><ports><port protocol="tcp" portid="5060"><state state="open" reason="syn-ack" reason_ttl="50"/></port></ports></host>
<host endtime="1733430521"><address addr="193.103.200.199" addrtype="ipv4"/><ports><port protocol="tcp" portid="5060"><state state="open" reason="syn-ack" reason_ttl="52"/></port></ports></host>
<host endtime="1733430523"><address addr="202.46.246.137" addrtype="ipv4"/><ports><port protocol="tcp" portid="5060"><state state="open" reason="syn-ack" reason_ttl="51"/></port></ports></host>
<host endtime="1733430527"><address addr="202.46.4.68" addrtype="ipv4"/><ports><port protocol="tcp" portid="5060"><state state="open" reason="syn-ack" reason_ttl="50"/></port></ports></host>
<host endtime="1733430528"><address addr="202.46.251.76" addrtype="ipv4"/><ports><port protocol="tcp" portid="5060"><state state="open" reason="syn-ack" reason_ttl="50"/></port></ports></host>
<host endtime="1733430534"><address addr="103.224.214.72" addrtype="ipv4"/><ports><port protocol="tcp" portid="5060"><state state="open" reason="syn-ack" reason_ttl="48"/></port></ports></host>
<host endtime="1733430539"><address addr="202.46.14.254" addrtype="ipv4"/><ports><port protocol="tcp" portid="5060"><state state="open" reason="syn-ack" reason_ttl="51"/></port></ports></host>
<host endtime="1733430541"><address addr="202.46.14.100" addrtype="ipv4"/><ports><port protocol="tcp" portid="5060"><state state="open" reason="syn-ack" reason_ttl="51"/></port></ports></host>
<host endtime="1733430542"><address addr="202.46.250.192" addrtype="ipv4"/><ports><port protocol="tcp" portid="5060"><state state="open" reason="syn-ack" reason_ttl="51"/></port></ports></host>
<host endtime="1733430544"><address addr="202.46.240.58" addrtype="ipv4"/><ports><port protocol="tcp" portid="5060"><state state="open" reason="syn-ack" reason_ttl="51"/></port></ports></host>
<host endtime="1733430551"><address addr="103.110.61.69" addrtype="ipv4"/><ports><port protocol="tcp" portid="5061"><state state="open" reason="syn-ack" reason_ttl="242"/></port></ports></host>
<host endtime="1733430552"><address addr="202.46.12.76" addrtype="ipv4"/><ports><port protocol="tcp" portid="5060"><state state="open" reason="syn-ack" reason_ttl="51"/></port></ports></host>
<host endtime="1733430553"><address addr="202.46.255.175" addrtype="ipv4"/><ports><port protocol="tcp" portid="5060"><state state="open" reason="syn-ack" reason_ttl="51"/></port></ports></host>
<host endtime="1733430553"><address addr="202.46.8.77" addrtype="ipv4"/><ports><port protocol="tcp" portid="5060"><state state="open" reason="syn-ack" reason_ttl="51"/></port></ports></host>
<host endtime="1733430553"><address addr="202.46.246.75" addrtype="ipv4"/><ports><port protocol="tcp" portid="5060"><state state="open" reason="syn-ack" reason_ttl="50"/></port></ports></host>
<host endtime="1733430555"><address addr="202.46.244.159" addrtype="ipv4"/><ports><port protocol="tcp" portid="5060"><state state="open" reason="syn-ack" reason_ttl="51"/></port></ports></host>
<host endtime="1733430560"><address addr="202.46.241.55" addrtype="ipv4"/><ports><port protocol="tcp" portid="5060"><state state="open" reason="syn-ack" reason_ttl="51"/></port></ports></host>
<host endtime="1733430566"><address addr="103.83.19.55" addrtype="ipv4"/><ports><port protocol="tcp" portid="5060"><state state="open" reason="syn-ack" reason_ttl="48"/></port></ports></host>
<host endtime="1733430571"><address addr="199.123.24.56" addrtype="ipv4"/><ports><port protocol="tcp" portid="5060"><state state="open" reason="syn-ack" reason_ttl="229"/></port></ports></host>
<host endtime="1733430573"><address addr="202.46.246.210" addrtype="ipv4"/><ports><port protocol="tcp" portid="5060"><state state="open" reason="syn-ack" reason_ttl="51"/></port></ports></host>
<host endtime="1733430575"><address addr="202.46.246.243" addrtype="ipv4"/><ports><port protocol="tcp" portid="5060"><state state="open" reason="syn-ack" reason_ttl="50"/></port></ports></host>
<host endtime="1733430576"><address addr="202.46.240.4" addrtype="ipv4"/><ports><port protocol="tcp" portid="5060"><state state="open" reason="syn-ack" reason_ttl="51"/></port></ports></host>
<host endtime="1733430578"><address addr="199.201.236.255" addrtype="ipv4"/><ports><port protocol="tcp" portid="5060"><state state="open" reason="syn-ack" reason_ttl="47"/></port></ports></host>
<host endtime="1733430584"><address addr="103.83.19.83" addrtype="ipv4"/><ports><port protocol="tcp" portid="5060"><state state="open" reason="syn-ack" reason_ttl="48"/></port></ports></host>
<host endtime="1733430593"><address addr="202.46.9.87" addrtype="ipv4"/><ports><port protocol="tcp" portid="5060"><state state="open" reason="syn-ack" reason_ttl="51"/></port></ports></host>
<host endtime="1733430599"><address addr="103.224.215.214" addrtype="ipv4"/><ports><port protocol="tcp" portid="5060"><state state="open" reason="syn-ack" reason_ttl="48"/></port></ports></host>
<host endtime="1733430599"><address addr="202.46.5.111" addrtype="ipv4"/><ports><port protocol="tcp" portid="5060"><state state="open" reason="syn-ack" reason_ttl="51"/></port></ports></host>
<host endtime="1733430600"><address addr="202.46.4.94" addrtype="ipv4"/><ports><port protocol="tcp" portid="5060"><state state="open" reason="syn-ack" reason_ttl="51"/></port></ports></host>
<host endtime="1733430606"><address addr="199.201.236.112" addrtype="ipv4"/><ports><port protocol="tcp" portid="5060"><state state="open" reason="syn-ack" reason_ttl="47"/></port></ports></host>
<host endtime="1733430606"><address addr="202.46.253.119" addrtype="ipv4"/><ports><port protocol="tcp" portid="5060"><state state="open" reason="syn-ack" reason_ttl="50"/></port></ports></host>
<host endtime="1733430607"><address addr="202.46.8.206" addrtype="ipv4"/><ports><port protocol="tcp" portid="5060"><state state="open" reason="syn-ack" reason_ttl="51"/></port></ports></host>
<host endtime="1733430613"><address addr="202.46.254.118" addrtype="ipv4"/><ports><port protocol="tcp" portid="5060"><state state="open" reason="syn-ack" reason_ttl="50"/></port></ports></host>
<host endtime="1733430614"><address addr="202.46.7.128" addrtype="ipv4"/><ports><port protocol="tcp" portid="5060"><state state="open" reason="syn-ack" reason_ttl="50"/></port></ports></host>
<host endtime="1733430618"><address addr="202.46.252.52" addrtype="ipv4"/><ports><port protocol="tcp" portid="5060"><state state="open" reason="syn-ack" reason_ttl="51"/></port></ports></host>
<host endtime="1733430629"><address addr="202.46.13.108" addrtype="ipv4"/><ports><port protocol="tcp" portid="5060"><state state="open" reason="syn-ack" reason_ttl="51"/></port></ports></host>
<host endtime="1733430630"><address addr="103.177.50.89" addrtype="ipv4"/><ports><port protocol="tcp" portid="5061"><state state="open" reason="syn-ack" reason_ttl="121"/></port></ports></host>
<host endtime="1733430631"><address addr="202.46.245.196" addrtype="ipv4"/><ports><port protocol="tcp" portid="5060"><state state="open" reason="syn-ack" reason_ttl="50"/></port></ports></host>
<host endtime="1733430633"><address addr="202.46.249.247" addrtype="ipv4"/><ports><port protocol="tcp" portid="5060"><state state="open" reason="syn-ack" reason_ttl="51"/></port></ports></host>
<host endtime="1733430639"><address addr="202.46.13.210" addrtype="ipv4"/><ports><port protocol="tcp" portid="5060"><state state="open" reason="syn-ack" reason_ttl="51"/></port></ports></host>
<host endtime="1733430643"><address addr="193.98.229.151" addrtype="ipv4"/><ports><port protocol="tcp" portid="5061"><state state="open" reason="syn-ack" reason_ttl="48"/></port></ports></host>
<host endtime="1733430645"><address addr="202.46.15.130" addrtype="ipv4"/><ports><port protocol="tcp" portid="5061"><state state="open" reason="syn-ack" reason_ttl="49"/></port></ports></host>
<host endtime="1733430646"><address addr="202.46.7.229" addrtype="ipv4"/><ports><port protocol="tcp" portid="5060"><state state="open" reason="syn-ack" reason_ttl="50"/></port></ports></host>
<host endtime="1733430651"><address addr="202.46.251.56" addrtype="ipv4"/><ports><port protocol="tcp" portid="5060"><state state="open" reason="syn-ack" reason_ttl="50"/></port></ports></host>
<host endtime="1733430652"><address addr="202.46.0.207" addrtype="ipv4"/><ports><port protocol="tcp" portid="5060"><state state="open" reason="syn-ack" reason_ttl="51"/></port></ports></host>
<host endtime="1733430653"><address addr="202.46.4.107" addrtype="ipv4"/><ports><port protocol="tcp" portid="5060"><state state="open" reason="syn-ack" reason_ttl="50"/></port></ports></host>
<host endtime="1733430660"><address addr="202.46.255.93" addrtype="ipv4"/><ports><port protocol="tcp" portid="5060"><state state="open" reason="syn-ack" reason_ttl="51"/></port></ports></host>
<host endtime="1733430664"><address addr="202.46.2.92" addrtype="ipv4"/><ports><port protocol="tcp" portid="5060"><state state="open" reason="syn-ack" reason_ttl="51"/></port></ports></host>
<host endtime="1733430666"><address addr="202.46.251.65" addrtype="ipv4"/><ports><port protocol="tcp" portid="5060"><state state="open" reason="syn-ack" reason_ttl="50"/></port></ports></host>
<host endtime="1733430668"><address addr="103.83.19.190" addrtype="ipv4"/><ports><port protocol="tcp" portid="5060"><state state="open" reason="syn-ack" reason_ttl="48"/></port></ports></host>
<host endtime="1733430669"><address addr="202.46.240.41" addrtype="ipv4"/><ports><port protocol="tcp" portid="5060"><state state="open" reason="syn-ack" reason_ttl="51"/></port></ports></host>
<host endtime="1733430669"><address addr="202.46.250.187" addrtype="ipv4"/><ports><port protocol="tcp" portid="5060"><state state="open" reason="syn-ack" reason_ttl="51"/></port></ports></host>
<host endtime="1733430678"><address addr="103.224.215.222" addrtype="ipv4"/><ports><port protocol="tcp" portid="5060"><state state="open" reason="syn-ack" reason_ttl="48"/></port></ports></host>
<host endtime="1733430685"><address addr="202.46.255.235" addrtype="ipv4"/><ports><port protocol="tcp" portid="5060"><state state="open" reason="syn-ack" reason_ttl="51"/></port></ports></host>
<host endtime="1733430691"><address addr="202.46.242.65" addrtype="ipv4"/><ports><port protocol="tcp" portid="5060"><state state="open" reason="syn-ack" reason_ttl="51"/></port></ports></host>
<host endtime="1733430693"><address addr="202.46.254.4" addrtype="ipv4"/><ports><port protocol="tcp" portid="5060"><state state="open" reason="syn-ack" reason_ttl="51"/></port></ports></host>
<host endtime="1733430696"><address addr="199.201.237.255" addrtype="ipv4"/><ports><port protocol="tcp" portid="5060"><state state="open" reason="syn-ack" reason_ttl="47"/></port></ports></host>
<host endtime="1733430697"><address addr="202.46.2.229" addrtype="ipv4"/><ports><port protocol="tcp" portid="5060"><state state="open" reason="syn-ack" reason_ttl="50"/></port></ports></host>
<host endtime="1733430702"><address addr="202.46.245.58" addrtype="ipv4"/><ports><port protocol="tcp" portid="5060"><state state="open" reason="syn-ack" reason_ttl="50"/></port></ports></host>
<host endtime="1733430704"><address addr="202.46.10.232" addrtype="ipv4"/><ports><port protocol="tcp" portid="5060"><state state="open" reason="syn-ack" reason_ttl="51"/></port></ports></host>
<host endtime="1733430706"><address addr="202.46.255.80" addrtype="ipv4"/><ports><port protocol="tcp" portid="5060"><state state="open" reason="syn-ack" reason_ttl="51"/></port></ports></host>
<host endtime="1733430708"><address addr="202.46.0.22" addrtype="ipv4"/><ports><port protocol="tcp" portid="5060"><state state="open" reason="syn-ack" reason_ttl="51"/></port></ports></host>
<host endtime="1733430709"><address addr="103.224.214.52" addrtype="ipv4"/><ports><port protocol="tcp" portid="5060"><state state="open" reason="syn-ack" reason_ttl="48"/></port></ports></host>
<host endtime="1733430709"><address addr="202.46.246.112" addrtype="ipv4"/><ports><port protocol="tcp" portid="5060"><state state="open" reason="syn-ack" reason_ttl="51"/></port></ports></host>
<host endtime="1733430713"><address addr="202.46.246.4" addrtype="ipv4"/><ports><port protocol="tcp" portid="5060"><state state="open" reason="syn-ack" reason_ttl="51"/></port></ports></host>
<host endtime="1733430714"><address addr="199.201.237.57" addrtype="ipv4"/><ports><port protocol="tcp" portid="5060"><state state="open" reason="syn-ack" reason_ttl="47"/></port></ports></host>
<host endtime="1733430716"><address addr="199.123.25.198" addrtype="ipv4"/><ports><port protocol="tcp" portid="5060"><state state="open" reason="syn-ack" reason_ttl="229"/></port></ports></host>
<host endtime="1733430717"><address addr="193.98.116.127" addrtype="ipv4"/><ports><port protocol="tcp" portid="5060"><state state="open" reason="syn-ack" reason_ttl="48"/></port></ports></host>
<host endtime="1733430718"><address addr="202.46.252.73" addrtype="ipv4"/><ports><port protocol="tcp" portid="5060"><state state="open" reason="syn-ack" reason_ttl="51"/></port></ports></host>
<host endtime="1733430721"><address addr="202.46.244.155" addrtype="ipv4"/><ports><port protocol="tcp" portid="5060"><state state="open" reason="syn-ack" reason_ttl="50"/></port></ports></host>
<host endtime="1733430722"><address addr="202.46.244.130" addrtype="ipv4"/><ports><port protocol="tcp" portid="5060"><state state="open" reason="syn-ack" reason_ttl="50"/></port></ports></host>
<host endtime="1733430722"><address addr="202.46.7.249" addrtype="ipv4"/><ports><port protocol="tcp" portid="5060"><state state="open" reason="syn-ack" reason_ttl="51"/></port></ports></host>
<host endtime="1733430723"><address addr="103.83.19.195" addrtype="ipv4"/><ports><port protocol="tcp" portid="5060"><state state="open" reason="syn-ack" reason_ttl="48"/></port></ports></host>
<host endtime="1733430726"><address addr="103.224.215.199" addrtype="ipv4"/><ports><port protocol="tcp" portid="5060"><state state="open" reason="syn-ack" reason_ttl="48"/></port></ports></host>
<host endtime="1733430732"><address addr="199.123.27.80" addrtype="ipv4"/><ports><port protocol="tcp" portid="5060"><state state="open" reason="syn-ack" reason_ttl="229"/></port></ports></host>
<host endtime="1733430735"><address addr="202.46.242.125" addrtype="ipv4"/><ports><port protocol="tcp" portid="5060"><state state="open" reason="syn-ack" reason_ttl="51"/></port></ports></host>
<host endtime="1733430736"><address addr="103.224.215.90" addrtype="ipv4"/><ports><port protocol="tcp" portid="5060"><state state="open" reason="syn-ack" reason_ttl="48"/></port></ports></host>
<host endtime="1733430737"><address addr="202.46.1.91" addrtype="ipv4"/><ports><port protocol="tcp" portid="5060"><state state="open" reason="syn-ack" reason_ttl="51"/></port></ports></host>
<host endtime="1733430737"><address addr="199.201.236.216" addrtype="ipv4"/><ports><port protocol="tcp" portid="5060"><state state="open" reason="syn-ack" reason_ttl="47"/></port></ports></host>
<host endtime="1733430738"><address addr="202.46.241.25" addrtype="ipv4"/><ports><port protocol="tcp" portid="5060"><state state="open" reason="syn-ack" reason_ttl="51"/></port></ports></host>
<host endtime="1733430741"><address addr="202.46.14.70" addrtype="ipv4"/><ports><port protocol="tcp" portid="5060"><state state="open" reason="syn-ack" reason_ttl="50"/></port></ports></host>
<host endtime="1733430741"><address addr="199.123.24.158" addrtype="ipv4"/><ports><port protocol="tcp" portid="5060"><state state="open" reason="syn-ack" reason_ttl="229"/></port></ports></host>
<host endtime="1733430744"><address addr="103.83.18.190" addrtype="ipv4"/><ports><port protocol="tcp" portid="5060"><state state="open" reason="syn-ack" reason_ttl="48"/></port></ports></host>
<host endtime="1733430744"><address addr="202.46.10.49" addrtype="ipv4"/><ports><port protocol="tcp" portid="5060"><state state="open" reason="syn-ack" reason_ttl="51"/></port></ports></host>
<host endtime="1733430744"><address addr="202.46.10.207" addrtype="ipv4"/><ports><port protocol="tcp" portid="5060"><state state="open" reason="syn-ack" reason_ttl="51"/></port></ports></host>
<host endtime="1733430745"><address addr="202.46.4.21" addrtype="ipv4"/><ports><port protocol="tcp" portid="5060"><state state="open" reason="syn-ack" reason_ttl="50"/></port></ports></host>
<host endtime="1733430747"><address addr="202.46.250.231" addrtype="ipv4"/><ports><port protocol="tcp" portid="5060"><state state="open" reason="syn-ack" reason_ttl="51"/></port></ports></host>
<host endtime="1733430748"><address addr="103.177.50.95" addrtype="ipv4"/><ports><port protocol="tcp" portid="5060"><state state="open" reason="syn-ack" reason_ttl="121"/></port></ports></host>
<host endtime="1733430748"><address addr="202.46.3.72" addrtype="ipv4"/><ports><port protocol="tcp" portid="5060"><state state="open" reason="syn-ack" reason_ttl="50"/></port></ports></host>
<host endtime="1733430749"><address addr="202.46.9.111" addrtype="ipv4"/><ports><port protocol="tcp" portid="5060"><state state="open" reason="syn-ack" reason_ttl="51"/></port></ports></host>
<host endtime="1733430750"><address addr="199.201.236.156" addrtype="ipv4"/><ports><port protocol="tcp" portid="5060"><state state="open" reason="syn-ack" reason_ttl="47"/></port></ports></host>
<host endtime="1733430751"><address addr="202.46.241.233" addrtype="ipv4"/><ports><port protocol="tcp" portid="5060"><state state="open" reason="syn-ack" reason_ttl="51"/></port></ports></host>
<host endtime="1733430752"><address addr="202.46.2.127" addrtype="ipv4"/><ports><port protocol="tcp" portid="5060"><state state="open" reason="syn-ack" reason_ttl="50"/></port></ports></host>
<host endtime="1733430753"><address addr="103.83.19.76" addrtype="ipv4"/><ports><port protocol="tcp" portid="5060"><state state="open" reason="syn-ack" reason_ttl="48"/></port></ports></host>
<host endtime="1733430754"><address addr="202.46.14.160" addrtype="ipv4"/><ports><port protocol="tcp" portid="5060"><state state="open" reason="syn-ack" reason_ttl="50"/></port></ports></host>
<host endtime="1733430758"><address addr="202.46.7.239" addrtype="ipv4"/><ports><port protocol="tcp" portid="5060"><state state="open" reason="syn-ack" reason_ttl="51"/></port></ports></host>
<host endtime="1733430759"><address addr="103.224.214.108" addrtype="ipv4"/><ports><port protocol="tcp" portid="5060"><state state="open" reason="syn-ack" reason_ttl="48"/></port></ports></host>
<host endtime="1733430761"><address addr="202.46.1.75" addrtype="ipv4"/><ports><port protocol="tcp" portid="5060"><state state="open" reason="syn-ack" reason_ttl="51"/></port></ports></host>
<host endtime="1733430762"><address addr="202.46.244.53" addrtype="ipv4"/><ports><port protocol="tcp" portid="5060"><state state="open" reason="syn-ack" reason_ttl="50"/></port></ports></host>
<host endtime="1733430777"><address addr="202.46.245.140" addrtype="ipv4"/><ports><port protocol="tcp" portid="5060"><state state="open" reason="syn-ack" reason_ttl="51"/></port></ports></host>
<host endtime="1733430777"><address addr="202.46.3.254" addrtype="ipv4"/><ports><port protocol="tcp" portid="5060"><state state="open" reason="syn-ack" reason_ttl="51"/></port></ports></host>
<host endtime="1733430777"><address addr="202.46.243.28" addrtype="ipv4"/><ports><port protocol="tcp" portid="5060"><state state="open" reason="syn-ack" reason_ttl="51"/></port></ports></host>
<host endtime="1733430779"><address addr="199.123.24.147" addrtype="ipv4"/><ports><port protocol="tcp" portid="5060"><state state="open" reason="syn-ack" reason_ttl="229"/></port></ports></host>
<host endtime="1733430781"><address addr="202.46.241.143" addrtype="ipv4"/><ports><port protocol="tcp" portid="5060"><state state="open" reason="syn-ack" reason_ttl="51"/></port></ports></host>
<host endtime="1733430783"><address addr="202.46.2.130" addrtype="ipv4"/><ports><port protocol="tcp" portid="5060"><state state="open" reason="syn-ack" reason_ttl="51"/></port></ports></host>
<host endtime="1733430790"><address addr="202.46.2.44" addrtype="ipv4"/><ports><port protocol="tcp" portid="5060"><state state="open" reason="syn-ack" reason_ttl="51"/></port></ports></host>
<host endtime="1733430793"><address addr="202.46.5.48" addrtype="ipv4"/><ports><port protocol="tcp" portid="5060"><state state="open" reason="syn-ack" reason_ttl="50"/></port></ports></host>
<host endtime="1733430794"><address addr="202.46.251.39" addrtype="ipv4"/><ports><port protocol="tcp" portid="5060"><state state="open" reason="syn-ack" reason_ttl="50"/></port></ports></host>
<host endtime="1733430795"><address addr="103.224.215.225" addrtype="ipv4"/><ports><port protocol="tcp" portid="5060"><state state="open" reason="syn-ack" reason_ttl="48"/></port></ports></host>
<host endtime="1733430796"><address addr="202.46.249.158" addrtype="ipv4"/><ports><port protocol="tcp" portid="5060"><state state="open" reason="syn-ack" reason_ttl="51"/></port></ports></host>
<host endtime="1733430799"><address addr="202.46.15.5" addrtype="ipv4"/><ports><port protocol="tcp" portid="5060"><state state="open" reason="syn-ack" reason_ttl="51"/></port></ports></host>
<host endtime="1733430805"><address addr="202.46.245.163" addrtype="ipv4"/><ports><port protocol="tcp" portid="5060"><state state="open" reason="syn-ack" reason_ttl="50"/></port></ports></host>
<host endtime="1733430806"><address addr="202.46.15.253" addrtype="ipv4"/><ports><port protocol="tcp" portid="5060"><state state="open" reason="syn-ack" reason_ttl="51"/></port></ports></host>
<host endtime="1733430806"><address addr="199.123.24.31" addrtype="ipv4"/><ports><port protocol="tcp" portid="5060"><state state="open" reason="syn-ack" reason_ttl="229"/></port></ports></host>
<host endtime="1733430808"><address addr="202.46.13.52" addrtype="ipv4"/><ports><port protocol="tcp" portid="5060"><state state="open" reason="syn-ack" reason_ttl="50"/></port></ports></host>
<host endtime="1733430810"><address addr="202.46.247.216" addrtype="ipv4"/><ports><port protocol="tcp" portid="5060"><state state="open" reason="syn-ack" reason_ttl="51"/></port></ports></host>
<host endtime="1733430811"><address addr="202.46.255.86" addrtype="ipv4"/><ports><port protocol="tcp" portid="5060"><state state="open" reason="syn-ack" reason_ttl="50"/></port></ports></host>
<host endtime="1733430812"><address addr="199.123.25.83" addrtype="ipv4"/><ports><port protocol="tcp" portid="5060"><state state="open" reason="syn-ack" reason_ttl="229"/></port></ports></host>
<host endtime="1733430813"><address addr="202.46.248.33" addrtype="ipv4"/><ports><port protocol="tcp" portid="5060"><state state="open" reason="syn-ack" reason_ttl="51"/></port></ports></host>
<host endtime="1733430817"><address addr="193.98.229.129" addrtype="ipv4"/><ports><port protocol="tcp" portid="5060"><state state="open" reason="syn-ack" reason_ttl="48"/></port></ports></host>
<host endtime="1733430819"><address addr="202.46.5.39" addrtype="ipv4"/><ports><port protocol="tcp" portid="5060"><state state="open" reason="syn-ack" reason_ttl="50"/></port></ports></host>
<host endtime="1733430819"><address addr="202.46.8.92" addrtype="ipv4"/><ports><port protocol="tcp" portid="5060"><state state="open" reason="syn-ack" reason_ttl="50"/></port></ports></host>
<host endtime="1733430823"><address addr="202.46.252.70" addrtype="ipv4"/><ports><port protocol="tcp" portid="5060"><state state="open" reason="syn-ack" reason_ttl="51"/></port></ports></host>
<host endtime="1733430825"><address addr="202.46.4.147" addrtype="ipv4"/><ports><port protocol="tcp" portid="5060"><state state="open" reason="syn-ack" reason_ttl="50"/></port></ports></host>
<host endtime="1733430825"><address addr="202.46.3.125" addrtype="ipv4"/><ports><port protocol="tcp" portid="5060"><state state="open" reason="syn-ack" reason_ttl="50"/></port></ports></host>
<host endtime="1733430825"><address addr="202.46.14.104" addrtype="ipv4"/><ports><port protocol="tcp" portid="5060"><state state="open" reason="syn-ack" reason_ttl="50"/></port></ports></host>
<host endtime="1733430827"><address addr="41.138.192.52" addrtype="ipv4"/><ports><port protocol="tcp" portid="5060"><state state="open" reason="syn-ack" reason_ttl="43"/></port></ports></host>
<host endtime="1733430827"><address addr="202.46.243.143" addrtype="ipv4"/><ports><port protocol="tcp" portid="5060"><state state="open" reason="syn-ack" reason_ttl="51"/></port></ports></host>
<host endtime="1733430830"><address addr="202.46.9.56" addrtype="ipv4"/><ports><port protocol="tcp" portid="5060"><state state="open" reason="syn-ack" reason_ttl="51"/></port></ports></host>
<host endtime="1733430843"><address addr="202.46.1.72" addrtype="ipv4"/><ports><port protocol="tcp" portid="5060"><state state="open" reason="syn-ack" reason_ttl="51"/></port></ports></host>
<host endtime="1733430848"><address addr="202.46.240.238" addrtype="ipv4"/><ports><port protocol="tcp" portid="5060"><state state="open" reason="syn-ack" reason_ttl="51"/></port></ports></host>
<host endtime="1733430852"><address addr="199.123.27.39" addrtype="ipv4"/><ports><port protocol="tcp" portid="5060"><state state="open" reason="syn-ack" reason_ttl="229"/></port></ports></host>
<host endtime="1733430855"><address addr="193.98.229.145" addrtype="ipv4"/><ports><port protocol="tcp" portid="5061"><state state="open" reason="syn-ack" reason_ttl="48"/></port></ports></host>
<host endtime="1733430856"><address addr="202.46.252.169" addrtype="ipv4"/><ports><port protocol="tcp" portid="5060"><state state="open" reason="syn-ack" reason_ttl="51"/></port></ports></host>
<host endtime="1733430857"><address addr="202.46.15.135" addrtype="ipv4"/><ports><port protocol="tcp" portid="5060"><state state="open" reason="syn-ack" reason_ttl="51"/></port></ports></host>
<host endtime="1733430859"><address addr="103.224.215.171" addrtype="ipv4"/><ports><port protocol="tcp" portid="5060"><state state="open" reason="syn-ack" reason_ttl="48"/></port></ports></host>
<host endtime="1733430864"><address addr="202.46.243.64" addrtype="ipv4"/><ports><port protocol="tcp" portid="5060"><state state="open" reason="syn-ack" reason_ttl="50"/></port></ports></host>
<host endtime="1733430864"><address addr="202.46.10.4" addrtype="ipv4"/><ports><port protocol="tcp" portid="5060"><state state="open" reason="syn-ack" reason_ttl="51"/></port></ports></host>
<host endtime="1733430868"><address addr="202.46.15.105" addrtype="ipv4"/><ports><port protocol="tcp" portid="5060"><state state="open" reason="syn-ack" reason_ttl="51"/></port></ports></host>
<host endtime="1733430872"><address addr="202.46.2.87" addrtype="ipv4"/><ports><port protocol="tcp" portid="5060"><state state="open" reason="syn-ack" reason_ttl="51"/></port></ports></host>
<host endtime="1733430875"><address addr="202.46.244.242" addrtype="ipv4"/><ports><port protocol="tcp" portid="5060"><state state="open" reason="syn-ack" reason_ttl="50"/></port></ports></host>
<host endtime="1733430878"><address addr="202.46.11.139" addrtype="ipv4"/><ports><port protocol="tcp" portid="5060"><state state="open" reason="syn-ack" reason_ttl="51"/></port></ports></host>
<host endtime="1733430880"><address addr="103.224.215.241" addrtype="ipv4"/><ports><port protocol="tcp" portid="5060"><state state="open" reason="syn-ack" reason_ttl="48"/></port></ports></host>
<host endtime="1733430882"><address addr="202.46.241.122" addrtype="ipv4"/><ports><port protocol="tcp" portid="5060"><state state="open" reason="syn-ack" reason_ttl="51"/></port></ports></host>
<host endtime="1733430883"><address addr="199.123.24.151" addrtype="ipv4"/><ports><port protocol="tcp" portid="5060"><state state="open" reason="syn-ack" reason_ttl="229"/></port></ports></host>
<host endtime="1733430885"><address addr="202.46.252.192" addrtype="ipv4"/><ports><port protocol="tcp" portid="5060"><state state="open" reason="syn-ack" reason_ttl="51"/></port></ports></host>
<host endtime="1733430888"><address addr="199.123.27.143" addrtype="ipv4"/><ports><port protocol="tcp" portid="5060"><state state="open" reason="syn-ack" reason_ttl="229"/></port></ports></host>
<host endtime="1733430891"><address addr="202.46.253.186" addrtype="ipv4"/><ports><port protocol="tcp" portid="5060"><state state="open" reason="syn-ack" reason_ttl="51"/></port></ports></host>
<host endtime="1733430892"><address addr="193.103.200.53" addrtype="ipv4"/><ports><port protocol="tcp" portid="5060"><state state="open" reason="syn-ack" reason_ttl="54"/></port></ports></host>
<host endtime="1733430899"><address addr="202.46.255.167" addrtype="ipv4"/><ports><port protocol="tcp" portid="5060"><state state="open" reason="syn-ack" reason_ttl="51"/></port></ports></host>
<host endtime="1733430900"><address addr="202.46.8.24" addrtype="ipv4"/><ports><port protocol="tcp" portid="5060"><state state="open" reason="syn-ack" reason_ttl="51"/></port></ports></host>
<host endtime="1733430901"><address addr="103.177.50.28" addrtype="ipv4"/><ports><port protocol="tcp" portid="5061"><state state="open" reason="syn-ack" reason_ttl="120"/></port></ports></host>
<host endtime="1733430905"><address addr="202.46.14.195" addrtype="ipv4"/><ports><port protocol="tcp" portid="5060"><state state="open" reason="syn-ack" reason_ttl="51"/></port></ports></host>
<host endtime="1733430906"><address addr="199.123.27.190" addrtype="ipv4"/><ports><port protocol="tcp" portid="5060"><state state="open" reason="syn-ack" reason_ttl="229"/></port></ports></host>
<host endtime="1733430910"><address addr="202.46.240.85" addrtype="ipv4"/><ports><port protocol="tcp" portid="5060"><state state="open" reason="syn-ack" reason_ttl="50"/></port></ports></host>
<host endtime="1733430913"><address addr="202.46.0.130" addrtype="ipv4"/><ports><port protocol="tcp" portid="5060"><state state="open" reason="syn-ack" reason_ttl="51"/></port></ports></host>
<host endtime="1733430913"><address addr="199.123.26.75" addrtype="ipv4"/><ports><port protocol="tcp" portid="5060"><state state="open" reason="syn-ack" reason_ttl="229"/></port></ports></host>
<host endtime="1733430917"><address addr="202.46.10.139" addrtype="ipv4"/><ports><port protocol="tcp" portid="5060"><state state="open" reason="syn-ack" reason_ttl="51"/></port></ports></host>
<host endtime="1733430918"><address addr="202.46.250.1" addrtype="ipv4"/><ports><port protocol="tcp" portid="5060"><state state="open" reason="syn-ack" reason_ttl="51"/></port></ports></host>
<host endtime="1733430921"><address addr="202.46.11.69" addrtype="ipv4"/><ports><port protocol="tcp" portid="5060"><state state="open" reason="syn-ack" reason_ttl="50"/></port></ports></host>
<host endtime="1733430922"><address addr="202.46.0.24" addrtype="ipv4"/><ports><port protocol="tcp" portid="5060"><state state="open" reason="syn-ack" reason_ttl="51"/></port></ports></host>
<host endtime="1733430923"><address addr="103.83.19.235" addrtype="ipv4"/><ports><port protocol="tcp" portid="5060"><state state="open" reason="syn-ack" reason_ttl="48"/></port></ports></host>
<host endtime="1733430923"><address addr="202.46.11.92" addrtype="ipv4"/><ports><port protocol="tcp" portid="5060"><state state="open" reason="syn-ack" reason_ttl="50"/></port></ports></host>
<host endtime="1733430924"><address addr="202.46.15.132" addrtype="ipv4"/><ports><port protocol="tcp" portid="5061"><state state="open" reason="syn-ack" reason_ttl="50"/></port></ports></host>
<host endtime="1733430925"><address addr="103.83.18.244" addrtype="ipv4"/><ports><port protocol="tcp" portid="5060"><state state="open" reason="syn-ack" reason_ttl="48"/></port></ports></host>
<host endtime="1733430927"><address addr="103.83.19.204" addrtype="ipv4"/><ports><port protocol="tcp" portid="5060"><state state="open" reason="syn-ack" reason_ttl="48"/></port></ports></host>
<host endtime="1733430928"><address addr="202.46.255.121" addrtype="ipv4"/><ports><port protocol="tcp" portid="5060"><state state="open" reason="syn-ack" reason_ttl="50"/></port></ports></host>
<host endtime="1733430931"><address addr="202.46.3.118" addrtype="ipv4"/><ports><port protocol="tcp" portid="5060"><state state="open" reason="syn-ack" reason_ttl="51"/></port></ports></host>
<host endtime="1733430933"><address addr="199.123.27.69" addrtype="ipv4"/><ports><port protocol="tcp" portid="5060"><state state="open" reason="syn-ack" reason_ttl="229"/></port></ports></host>
<host endtime="1733430933"><address addr="202.46.242.42" addrtype="ipv4"/><ports><port protocol="tcp" portid="5060"><state state="open" reason="syn-ack" reason_ttl="51"/></port></ports></host>
<host endtime="1733430935"><address addr="202.46.11.133" addrtype="ipv4"/><ports><port protocol="tcp" portid="5060"><state state="open" reason="syn-ack" reason_ttl="51"/></port></ports></host>
<host endtime="1733430935"><address addr="202.46.7.64" addrtype="ipv4"/><ports><port protocol="tcp" portid="5060"><state state="open" reason="syn-ack" reason_ttl="51"/></port></ports></host>
<host endtime="1733430936"><address addr="103.224.215.60" addrtype="ipv4"/><ports><port protocol="tcp" portid="5060"><state state="open" reason="syn-ack" reason_ttl="48"/></port></ports></host>
<host endtime="1733430940"><address addr="202.46.244.0" addrtype="ipv4"/><ports><port protocol="tcp" portid="5060"><state state="open" reason="syn-ack" reason_ttl="50"/></port></ports></host>
<host endtime="1733430942"><address addr="202.46.251.183" addrtype="ipv4"/><ports><port protocol="tcp" portid="5060"><state state="open" reason="syn-ack" reason_ttl="51"/></port></ports></host>
<host endtime="1733430943"><address addr="202.46.240.140" addrtype="ipv4"/><ports><port protocol="tcp" portid="5060"><state state="open" reason="syn-ack" reason_ttl="50"/></port></ports></host>
<host endtime="1733430943"><address addr="202.46.7.166" addrtype="ipv4"/><ports><port protocol="tcp" portid="5060"><state state="open" reason="syn-ack" reason_ttl="51"/></port></ports></host>
<host endtime="1733430944"><address addr="202.46.251.197" addrtype="ipv4"/><ports><port protocol="tcp" portid="5060"><state state="open" reason="syn-ack" reason_ttl="51"/></port></ports></host>
<host endtime="1733430954"><address addr="202.46.0.214" addrtype="ipv4"/><ports><port protocol="tcp" portid="5060"><state state="open" reason="syn-ack" reason_ttl="50"/></port></ports></host>
<host endtime="1733430955"><address addr="103.224.215.112" addrtype="ipv4"/><ports><port protocol="tcp" portid="5060"><state state="open" reason="syn-ack" reason_ttl="48"/></port></ports></host>
<host endtime="1733430958"><address addr="202.46.249.178" addrtype="ipv4"/><ports><port protocol="tcp" portid="5060"><state state="open" reason="syn-ack" reason_ttl="51"/></port></ports></host>
<host endtime="1733430960"><address addr="202.46.9.194" addrtype="ipv4"/><ports><port protocol="tcp" portid="5060"><state state="open" reason="syn-ack" reason_ttl="51"/></port></ports></host>
<host endtime="1733430962"><address addr="202.46.246.167" addrtype="ipv4"/><ports><port protocol="tcp" portid="5060"><state state="open" reason="syn-ack" reason_ttl="51"/></port></ports></host>
<host endtime="1733430962"><address addr="199.201.236.85" addrtype="ipv4"/><ports><port protocol="tcp" portid="5060"><state state="open" reason="syn-ack" reason_ttl="47"/></port></ports></host>
<host endtime="1733430963"><address addr="202.46.254.20" addrtype="ipv4"/><ports><port protocol="tcp" portid="5060"><state state="open" reason="syn-ack" reason_ttl="51"/></port></ports></host>
<host endtime="1733430969"><address addr="202.46.255.69" addrtype="ipv4"/><ports><port protocol="tcp" portid="5060"><state state="open" reason="syn-ack" reason_ttl="50"/></port></ports></host>
<host endtime="1733430969"><address addr="202.46.3.17" addrtype="ipv4"/><ports><port protocol="tcp" portid="5060"><state state="open" reason="syn-ack" reason_ttl="50"/></port></ports></host>
<host endtime="1733430972"><address addr="202.46.246.90" addrtype="ipv4"/><ports><port protocol="tcp" portid="5060"><state state="open" reason="syn-ack" reason_ttl="51"/></port></ports></host>
<host endtime="1733430975"><address addr="103.83.18.85" addrtype="ipv4"/><ports><port protocol="tcp" portid="5060"><state state="open" reason="syn-ack" reason_ttl="48"/></port></ports></host>
<host endtime="1733430975"><address addr="103.110.61.67" addrtype="ipv4"/><ports><port protocol="tcp" portid="5061"><state state="open" reason="syn-ack" reason_ttl="241"/></port></ports></host>
<host endtime="1733430976"><address addr="103.224.215.1" addrtype="ipv4"/><ports><port protocol="tcp" portid="5060"><state state="open" reason="syn-ack" reason_ttl="48"/></port></ports></host>
<host endtime="1733430976"><address addr="202.46.253.151" addrtype="ipv4"/><ports><port protocol="tcp" portid="5060"><state state="open" reason="syn-ack" reason_ttl="51"/></port></ports></host>
<host endtime="1733430978"><address addr="202.46.250.246" addrtype="ipv4"/><ports><port protocol="tcp" portid="5060"><state state="open" reason="syn-ack" reason_ttl="51"/></port></ports></host>
<host endtime="1733430982"><address addr="202.46.8.25" addrtype="ipv4"/><ports><port protocol="tcp" portid="5061"><state state="open" reason="syn-ack" reason_ttl="49"/></port></ports></host>
<host endtime="1733430982"><address addr="199.201.237.187" addrtype="ipv4"/><ports><port protocol="tcp" portid="5060"><state state="open" reason="syn-ack" reason_ttl="47"/></port></ports></host>
<host endtime="1733430982"><address addr="103.83.19.229" addrtype="ipv4"/><ports><port protocol="tcp" portid="5060"><state state="open" reason="syn-ack" reason_ttl="48"/></port></ports></host>
<host endtime="1733430984"><address addr="202.46.242.54" addrtype="ipv4"/><ports><port protocol="tcp" portid="5060"><state state="open" reason="syn-ack" reason_ttl="50"/></port></ports></host>
<host endtime="1733430985"><address addr="199.201.236.126" addrtype="ipv4"/><ports><port protocol="tcp" portid="5060"><state state="open" reason="syn-ack" reason_ttl="47"/></port></ports></host>
<host endtime="1733430986"><address addr="202.46.251.182" addrtype="ipv4"/><ports><port protocol="tcp" portid="5060"><state state="open" reason="syn-ack" reason_ttl="51"/></port></ports></host>
<host endtime="1733431003"><address addr="202.46.10.171" addrtype="ipv4"/><ports><port protocol="tcp" portid="5060"><state state="open" reason="syn-ack" reason_ttl="51"/></port></ports></host>
<host endtime="1733431006"><address addr="193.98.229.123" addrtype="ipv4"/><ports><port protocol="tcp" portid="5061"><state state="open" reason="syn-ack" reason_ttl="44"/></port></ports></host>
<host endtime="1733431007"><address addr="41.77.65.100" addrtype="ipv4"/><ports><port protocol="tcp" portid="5060"><state state="open" reason="syn-ack" reason_ttl="48"/></port></ports></host>
<host endtime="1733431007"><address addr="202.46.2.200" addrtype="ipv4"/><ports><port protocol="tcp" portid="5060"><state state="open" reason="syn-ack" reason_ttl="51"/></port></ports></host>
<host endtime="1733431009"><address addr="202.46.7.141" addrtype="ipv4"/><ports><port protocol="tcp" portid="5060"><state state="open" reason="syn-ack" reason_ttl="51"/></port></ports></host>
<host endtime="1733431011"><address addr="202.46.9.1" addrtype="ipv4"/><ports><port protocol="tcp" portid="5060"><state state="open" reason="syn-ack" reason_ttl="50"/></port></ports></host>
<host endtime="1733431011"><address addr="202.46.251.113" addrtype="ipv4"/><ports><port protocol="tcp" portid="5060"><state state="open" reason="syn-ack" reason_ttl="51"/></port></ports></host>
<host endtime="1733431013"><address addr="193.103.200.3" addrtype="ipv4"/><ports><port protocol="tcp" portid="5060"><state state="open" reason="syn-ack" reason_ttl="54"/></port></ports></host>
<host endtime="1733431014"><address addr="199.123.25.188" addrtype="ipv4"/><ports><port protocol="tcp" portid="5060"><state state="open" reason="syn-ack" reason_ttl="229"/></port></ports></host>
<host endtime="1733431016"><address addr="202.46.255.250" addrtype="ipv4"/><ports><port protocol="tcp" portid="5060"><state state="open" reason="syn-ack" reason_ttl="50"/></port></ports></host>
<host endtime="1733431017"><address addr="202.46.252.13" addrtype="ipv4"/><ports><port protocol="tcp" portid="5060"><state state="open" reason="syn-ack" reason_ttl="50"/></port></ports></host>
<host endtime="1733431022"><address addr="202.46.8.61" addrtype="ipv4"/><ports><port protocol="tcp" portid="5060"><state state="open" reason="syn-ack" reason_ttl="51"/></port></ports></host>
<host endtime="1733431026"><address addr="202.46.2.212" addrtype="ipv4"/><ports><port protocol="tcp" portid="5060"><state state="open" reason="syn-ack" reason_ttl="51"/></port></ports></host>
<host endtime="1733431030"><address addr="202.46.11.237" addrtype="ipv4"/><ports><port protocol="tcp" portid="5060"><state state="open" reason="syn-ack" reason_ttl="51"/></port></ports></host>
<host endtime="1733431032"><address addr="199.123.26.209" addrtype="ipv4"/><ports><port protocol="tcp" portid="5060"><state state="open" reason="syn-ack" reason_ttl="229"/></port></ports></host>
<host endtime="1733431034"><address addr="202.46.5.230" addrtype="ipv4"/><ports><port protocol="tcp" portid="5060"><state state="open" reason="syn-ack" reason_ttl="51"/></port></ports></host>
<host endtime="1733431034"><address addr="193.103.200.139" addrtype="ipv4"/><ports><port protocol="tcp" portid="5060"><state state="open" reason="syn-ack" reason_ttl="54"/></port></ports></host>
<host endtime="1733431041"><address addr="202.46.250.71" addrtype="ipv4"/><ports><port protocol="tcp" portid="5060"><state state="open" reason="syn-ack" reason_ttl="51"/></port></ports></host>
<host endtime="1733431042"><address addr="202.46.251.101" addrtype="ipv4"/><ports><port protocol="tcp" portid="5060"><state state="open" reason="syn-ack" reason_ttl="51"/></port></ports></host>
<host endtime="1733431044"><address addr="202.46.246.73" addrtype="ipv4"/><ports><port protocol="tcp" portid="5060"><state state="open" reason="syn-ack" reason_ttl="51"/></port></ports></host>
<host endtime="1733431047"><address addr="103.83.18.168" addrtype="ipv4"/><ports><port protocol="tcp" portid="5060"><state state="open" reason="syn-ack" reason_ttl="48"/></port></ports></host>
<host endtime="1733431050"><address addr="103.224.215.240" addrtype="ipv4"/><ports><port protocol="tcp" portid="5060"><state state="open" reason="syn-ack" reason_ttl="48"/></port></ports></host>
<host endtime="1733431052"><address addr="202.46.15.252" addrtype="ipv4"/><ports><port protocol="tcp" portid="5060"><state state="open" reason="syn-ack" reason_ttl="51"/></port></ports></host>
<host endtime="1733431053"><address addr="103.83.19.42" addrtype="ipv4"/><ports><port protocol="tcp" portid="5060"><state state="open" reason="syn-ack" reason_ttl="48"/></port></ports></host>
<host endtime="1733431057"><address addr="202.46.13.118" addrtype="ipv4"/><ports><port protocol="tcp" portid="5060"><state state="open" reason="syn-ack" reason_ttl="51"/></port></ports></host>
<host endtime="1733431058"><address addr="202.46.13.115" addrtype="ipv4"/><ports><port protocol="tcp" portid="5060"><state state="open" reason="syn-ack" reason_ttl="50"/></port></ports></host>
<host endtime="1733431059"><address addr="202.46.252.137" addrtype="ipv4"/><ports><port protocol="tcp" portid="5060"><state state="open" reason="syn-ack" reason_ttl="51"/></port></ports></host>
<host endtime="1733431059"><address addr="202.46.254.230" addrtype="ipv4"/><ports><port protocol="tcp" portid="5060"><state state="open" reason="syn-ack" reason_ttl="51"/></port></ports></host>
<host endtime="1733431062"><address addr="202.46.255.89" addrtype="ipv4"/><ports><port protocol="tcp" portid="5060"><state state="open" reason="syn-ack" reason_ttl="50"/></port></ports></host>
<host endtime="1733431066"><address addr="202.46.252.24" addrtype="ipv4"/><ports><port protocol="tcp" portid="5060"><state state="open" reason="syn-ack" reason_ttl="51"/></port></ports></host>
<host endtime="1733431066"><address addr="41.138.192.55" addrtype="ipv4"/><ports><port protocol="tcp" portid="5060"><state state="open" reason="syn-ack" reason_ttl="43"/></port></ports></host>
<host endtime="1733431067"><address addr="103.83.19.171" addrtype="ipv4"/><ports><port protocol="tcp" portid="5060"><state state="open" reason="syn-ack" reason_ttl="48"/></port></ports></host>
<host endtime="1733431070"><address addr="202.46.1.2" addrtype="ipv4"/><ports><port protocol="tcp" portid="5061"><state state="open" reason="syn-ack" reason_ttl="50"/></port></ports></host>
<host endtime="1733431072"><address addr="202.46.4.125" addrtype="ipv4"/><ports><port protocol="tcp" portid="5060"><state state="open" reason="syn-ack" reason_ttl="51"/></port></ports></host>
<host endtime="1733431074"><address addr="193.98.229.237" addrtype="ipv4"/><ports><port protocol="tcp" portid="5060"><state state="open" reason="syn-ack" reason_ttl="44"/></port></ports></host>
<host endtime="1733431076"><address addr="193.98.229.29" addrtype="ipv4"/><ports><port protocol="tcp" portid="5061"><state state="open" reason="syn-ack" reason_ttl="49"/></port></ports></host>
<host endtime="1733431077"><address addr="202.46.253.64" addrtype="ipv4"/><ports><port protocol="tcp" portid="5060"><state state="open" reason="syn-ack" reason_ttl="50"/></port></ports></host>
<host endtime="1733431077"><address addr="202.46.5.133" addrtype="ipv4"/><ports><port protocol="tcp" portid="5060"><state state="open" reason="syn-ack" reason_ttl="51"/></port></ports></host>
<host endtime="1733431080"><address addr="202.46.254.207" addrtype="ipv4"/><ports><port protocol="tcp" portid="5060"><state state="open" reason="syn-ack" reason_ttl="50"/></port></ports></host>
<host endtime="1733431081"><address addr="103.177.50.82" addrtype="ipv4"/><ports><port protocol="tcp" portid="5061"><state state="open" reason="syn-ack" reason_ttl="120"/></port></ports></host>
<host endtime="1733431085"><address addr="202.46.253.210" addrtype="ipv4"/><ports><port protocol="tcp" portid="5060"><state state="open" reason="syn-ack" reason_ttl="51"/></port></ports></host>
<host endtime="1733431086"><address addr="202.46.6.190" addrtype="ipv4"/><ports><port protocol="tcp" portid="5060"><state state="open" reason="syn-ack" reason_ttl="51"/></port></ports></host>
<host endtime="1733431086"><address addr="202.46.247.207" addrtype="ipv4"/><ports><port protocol="tcp" portid="5060"><state state="open" reason="syn-ack" reason_ttl="51"/></port></ports></host>
<host endtime="1733431088"><address addr="202.46.2.255" addrtype="ipv4"/><ports><port protocol="tcp" portid="5060"><state state="open" reason="syn-ack" reason_ttl="51"/></port></ports></host>
<host endtime="1733431089"><address addr="202.46.13.59" addrtype="ipv4"/><ports><port protocol="tcp" portid="5060"><state state="open" reason="syn-ack" reason_ttl="51"/></port></ports></host>
<host endtime="1733431090"><address addr="202.46.4.215" addrtype="ipv4"/><ports><port protocol="tcp" portid="5060"><state state="open" reason="syn-ack" reason_ttl="51"/></port></ports></host>
<host endtime="1733431096"><address addr="202.46.250.87" addrtype="ipv4"/><ports><port protocol="tcp" portid="5060"><state state="open" reason="syn-ack" reason_ttl="51"/></port></ports></host>
<host endtime="1733431097"><address addr="103.83.18.176" addrtype="ipv4"/><ports><port protocol="tcp" portid="5060"><state state="open" reason="syn-ack" reason_ttl="48"/></port></ports></host>
<host endtime="1733431101"><address addr="202.46.6.83" addrtype="ipv4"/><ports><port protocol="tcp" portid="5060"><state state="open" reason="syn-ack" reason_ttl="50"/></port></ports></host>
<host endtime="1733431105"><address addr="193.103.200.214" addrtype="ipv4"/><ports><port protocol="tcp" portid="5060"><state state="open" reason="syn-ack" reason_ttl="54"/></port></ports></host>
<host endtime="1733431105"><address addr="202.46.249.23" addrtype="ipv4"/><ports><port protocol="tcp" portid="5060"><state state="open" reason="syn-ack" reason_ttl="51"/></port></ports></host>
<host endtime="1733431107"><address addr="202.46.8.196" addrtype="ipv4"/><ports><port protocol="tcp" portid="5060"><state state="open" reason="syn-ack" reason_ttl="51"/></port></ports></host>
<host endtime="1733431110"><address addr="199.123.25.23" addrtype="ipv4"/><ports><port protocol="tcp" portid="5060"><state state="open" reason="syn-ack" reason_ttl="229"/></port></ports></host>
<host endtime="1733431110"><address addr="202.46.240.213" addrtype="ipv4"/><ports><port protocol="tcp" portid="5060"><state state="open" reason="syn-ack" reason_ttl="50"/></port></ports></host>
<host endtime="1733431111"><address addr="202.46.246.77" addrtype="ipv4"/><ports><port protocol="tcp" portid="5060"><state state="open" reason="syn-ack" reason_ttl="50"/></port></ports></host>
<host endtime="1733431113"><address addr="199.123.26.191" addrtype="ipv4"/><ports><port protocol="tcp" portid="5060"><state state="open" reason="syn-ack" reason_ttl="229"/></port></ports></host>
<host endtime="1733431115"><address addr="202.46.14.44" addrtype="ipv4"/><ports><port protocol="tcp" portid="5060"><state state="open" reason="syn-ack" reason_ttl="51"/></port></ports></host>
<host endtime="1733431118"><address addr="202.46.252.125" addrtype="ipv4"/><ports><port protocol="tcp" portid="5060"><state state="open" reason="syn-ack" reason_ttl="51"/></port></ports></host>
<host endtime="1733431122"><address addr="202.46.247.36" addrtype="ipv4"/><ports><port protocol="tcp" portid="5060"><state state="open" reason="syn-ack" reason_ttl="51"/></port></ports></host>
<host endtime="1733431129"><address addr="202.46.3.50" addrtype="ipv4"/><ports><port protocol="tcp" portid="5060"><state state="open" reason="syn-ack" reason_ttl="51"/></port></ports></host>
<host endtime="1733431132"><address addr="199.201.236.65" addrtype="ipv4"/><ports><port protocol="tcp" portid="5060"><state state="open" reason="syn-ack" reason_ttl="47"/></port></ports></host>
<host endtime="1733431134"><address addr="202.46.9.187" addrtype="ipv4"/><ports><port protocol="tcp" portid="5060"><state state="open" reason="syn-ack" reason_ttl="51"/></port></ports></host>
<host endtime="1733431138"><address addr="202.46.247.102" addrtype="ipv4"/><ports><port protocol="tcp" portid="5060"><state state="open" reason="syn-ack" reason_ttl="50"/></port></ports></host>
<host endtime="1733431139"><address addr="202.46.6.172" addrtype="ipv4"/><ports><port protocol="tcp" portid="5060"><state state="open" reason="syn-ack" reason_ttl="51"/></port></ports></host>
<host endtime="1733431145"><address addr="202.46.252.27" addrtype="ipv4"/><ports><port protocol="tcp" portid="5060"><state state="open" reason="syn-ack" reason_ttl="50"/></port></ports></host>
<host endtime="1733431146"><address addr="202.46.246.83" addrtype="ipv4"/><ports><port protocol="tcp" portid="5060"><state state="open" reason="syn-ack" reason_ttl="51"/></port></ports></host>
<host endtime="1733431151"><address addr="202.46.9.120" addrtype="ipv4"/><ports><port protocol="tcp" portid="5060"><state state="open" reason="syn-ack" reason_ttl="51"/></port></ports></host>
<host endtime="1733431155"><address addr="199.123.24.59" addrtype="ipv4"/><ports><port protocol="tcp" portid="5060"><state state="open" reason="syn-ack" reason_ttl="229"/></port></ports></host>
<host endtime="1733431160"><address addr="202.46.1.10" addrtype="ipv4"/><ports><port protocol="tcp" portid="5061"><state state="open" reason="syn-ack" reason_ttl="50"/></port></ports></host>
<host endtime="1733431161"><address addr="202.46.2.137" addrtype="ipv4"/><ports><port protocol="tcp" portid="5060"><state state="open" reason="syn-ack" reason_ttl="50"/></port></ports></host>
<host endtime="1733431164"><address addr="202.46.242.12" addrtype="ipv4"/><ports><port protocol="tcp" portid="5060"><state state="open" reason="syn-ack" reason_ttl="51"/></port></ports></host>
<host endtime="1733431173"><address addr="202.46.251.85" addrtype="ipv4"/><ports><port protocol="tcp" portid="5060"><state state="open" reason="syn-ack" reason_ttl="51"/></port></ports></host>
<host endtime="1733431177"><address addr="202.46.4.200" addrtype="ipv4"/><ports><port protocol="tcp" portid="5060"><state state="open" reason="syn-ack" reason_ttl="50"/></port></ports></host>
<host endtime="1733431178"><address addr="202.46.2.228" addrtype="ipv4"/><ports><port protocol="tcp" portid="5060"><state state="open" reason="syn-ack" reason_ttl="50"/></port></ports></host>
<host endtime="1733431178"><address addr="202.46.11.4" addrtype="ipv4"/><ports><port protocol="tcp" portid="5060"><state state="open" reason="syn-ack" reason_ttl="51"/></port></ports></host>
<host endtime="1733431180"><address addr="202.46.8.161" addrtype="ipv4"/><ports><port protocol="tcp" portid="5060"><state state="open" reason="syn-ack" reason_ttl="51"/></port></ports></host>
<host endtime="1733431185"><address addr="202.46.7.133" addrtype="ipv4"/><ports><port protocol="tcp" portid="5060"><state state="open" reason="syn-ack" reason_ttl="50"/></port></ports></host>
<host endtime="1733431186"><address addr="202.46.244.246" addrtype="ipv4"/><ports><port protocol="tcp" portid="5060"><state state="open" reason="syn-ack" reason_ttl="51"/></port></ports></host>
<host endtime="1733431188"><address addr="103.224.214.89" addrtype="ipv4"/><ports><port protocol="tcp" portid="5060"><state state="open" reason="syn-ack" reason_ttl="48"/></port></ports></host>
<host endtime="1733431191"><address addr="202.46.4.40" addrtype="ipv4"/><ports><port protocol="tcp" portid="5060"><state state="open" reason="syn-ack" reason_ttl="51"/></port></ports></host>
<host endtime="1733431192"><address addr="103.83.18.153" addrtype="ipv4"/><ports><port protocol="tcp" portid="5060"><state state="open" reason="syn-ack" reason_ttl="48"/></port></ports></host>
<host endtime="1733431199"><address addr="199.201.237.168" addrtype="ipv4"/><ports><port protocol="tcp" portid="5060"><state state="open" reason="syn-ack" reason_ttl="47"/></port></ports></host>
<host endtime="1733431200"><address addr="202.46.5.91" addrtype="ipv4"/><ports><port protocol="tcp" portid="5060"><state state="open" reason="syn-ack" reason_ttl="51"/></port></ports></host>
<host endtime="1733431203"><address addr="199.201.236.132" addrtype="ipv4"/><ports><port protocol="tcp" portid="5060"><state state="open" reason="syn-ack" reason_ttl="47"/></port></ports></host>
<host endtime="1733431204"><address addr="202.46.8.28" addrtype="ipv4"/><ports><port protocol="tcp" portid="5060"><state state="open" reason="syn-ack" reason_ttl="50"/></port></ports></host>
<host endtime="1733431209"><address addr="199.123.26.147" addrtype="ipv4"/><ports><port protocol="tcp" portid="5060"><state state="open" reason="syn-ack" reason_ttl="229"/></port></ports></host>
<host endtime="1733431211"><address addr="202.46.245.57" addrtype="ipv4"/><ports><port protocol="tcp" portid="5060"><state state="open" reason="syn-ack" reason_ttl="50"/></port></ports></host>
<host endtime="1733431215"><address addr="202.46.11.66" addrtype="ipv4"/><ports><port protocol="tcp" portid="5060"><state state="open" reason="syn-ack" reason_ttl="51"/></port></ports></host>
<host endtime="1733431216"><address addr="202.46.254.211" addrtype="ipv4"/><ports><port protocol="tcp" portid="5060"><state state="open" reason="syn-ack" reason_ttl="51"/></port></ports></host>
<host endtime="1733431221"><address addr="103.83.18.3" addrtype="ipv4"/><ports><port protocol="tcp" portid="5060"><state state="open" reason="syn-ack" reason_ttl="48"/></port></ports></host>
<host endtime="1733431225"><address addr="202.46.254.15" addrtype="ipv4"/><ports><port protocol="tcp" portid="5060"><state state="open" reason="syn-ack" reason_ttl="50"/></port></ports></host>
<host endtime="1733431225"><address addr="202.46.3.165" addrtype="ipv4"/><ports><port protocol="tcp" portid="5060"><state state="open" reason="syn-ack" reason_ttl="51"/></port></ports></host>
<host endtime="1733431227"><address addr="202.46.242.26" addrtype="ipv4"/><ports><port protocol="tcp" portid="5060"><state state="open" reason="syn-ack" reason_ttl="51"/></port></ports></host>
<host endtime="1733431230"><address addr="103.83.18.26" addrtype="ipv4"/><ports><port protocol="tcp" portid="5060"><state state="open" reason="syn-ack" reason_ttl="48"/></port></ports></host>
<host endtime="1733431230"><address addr="202.46.250.27" addrtype="ipv4"/><ports><port protocol="tcp" portid="5060"><state state="open" reason="syn-ack" reason_ttl="50"/></port></ports></host>
<host endtime="1733431230"><address addr="202.46.15.12" addrtype="ipv4"/><ports><port protocol="tcp" portid="5060"><state state="open" reason="syn-ack" reason_ttl="50"/></port></ports></host>
<host endtime="1733431236"><address addr="199.123.24.28" addrtype="ipv4"/><ports><port protocol="tcp" portid="5060"><state state="open" reason="syn-ack" reason_ttl="229"/></port></ports></host>
<host endtime="1733431238"><address addr="202.46.255.143" addrtype="ipv4"/><ports><port protocol="tcp" portid="5060"><state state="open" reason="syn-ack" reason_ttl="50"/></port></ports></host>
<host endtime="1733431239"><address addr="202.46.4.219" addrtype="ipv4"/><ports><port protocol="tcp" portid="5060"><state state="open" reason="syn-ack" reason_ttl="51"/></port></ports></host>
<host endtime="1733431239"><address addr="199.123.27.152" addrtype="ipv4"/><ports><port protocol="tcp" portid="5060"><state state="open" reason="syn-ack" reason_ttl="229"/></port></ports></host>
<host endtime="1733431239"><address addr="193.103.200.105" addrtype="ipv4"/><ports><port protocol="tcp" portid="5060"><state state="open" reason="syn-ack" reason_ttl="54"/></port></ports></host>
<host endtime="1733431243"><address addr="202.46.253.135" addrtype="ipv4"/><ports><port protocol="tcp" portid="5060"><state state="open" reason="syn-ack" reason_ttl="51"/></port></ports></host>
<host endtime="1733431245"><address addr="202.46.11.39" addrtype="ipv4"/><ports><port protocol="tcp" portid="5060"><state state="open" reason="syn-ack" reason_ttl="50"/></port></ports></host>
<host endtime="1733431247"><address addr="202.46.9.168" addrtype="ipv4"/><ports><port protocol="tcp" portid="5060"><state state="open" reason="syn-ack" reason_ttl="51"/></port></ports></host>
<host endtime="1733431248"><address addr="202.46.13.68" addrtype="ipv4"/><ports><port protocol="tcp" portid="5060"><state state="open" reason="syn-ack" reason_ttl="50"/></port></ports></host>
<host endtime="1733431251"><address addr="199.201.236.149" addrtype="ipv4"/><ports><port protocol="tcp" portid="5060"><state state="open" reason="syn-ack" reason_ttl="47"/></port></ports></host>
<host endtime="1733431255"><address addr="202.46.240.233" addrtype="ipv4"/><ports><port protocol="tcp" portid="5060"><state state="open" reason="syn-ack" reason_ttl="51"/></port></ports></host>
<host endtime="1733431256"><address addr="199.123.25.217" addrtype="ipv4"/><ports><port protocol="tcp" portid="5060"><state state="open" reason="syn-ack" reason_ttl="229"/></port></ports></host>
<host endtime="1733431256"><address addr="193.103.200.185" addrtype="ipv4"/><ports><port protocol="tcp" portid="5060"><state state="open" reason="syn-ack" reason_ttl="52"/></port></ports></host>
<host endtime="1733431262"><address addr="103.83.19.119" addrtype="ipv4"/><ports><port protocol="tcp" portid="5060"><state state="open" reason="syn-ack" reason_ttl="48"/></port></ports></host>
<host endtime="1733431266"><address addr="202.46.254.38" addrtype="ipv4"/><ports><port protocol="tcp" portid="5060"><state state="open" reason="syn-ack" reason_ttl="51"/></port></ports></host>
<host endtime="1733431271"><address addr="103.83.19.8" addrtype="ipv4"/><ports><port protocol="tcp" portid="5060"><state state="open" reason="syn-ack" reason_ttl="48"/></port></ports></host>
<host endtime="1733431272"><address addr="193.98.229.141" addrtype="ipv4"/><ports><port protocol="tcp" portid="5061"><state state="open" reason="syn-ack" reason_ttl="44"/></port></ports></host>
<host endtime="1733431272"><address addr="202.46.243.134" addrtype="ipv4"/><ports><port protocol="tcp" portid="5060"><state state="open" reason="syn-ack" reason_ttl="51"/></port></ports></host>
<host endtime="1733431277"><address addr="202.46.14.85" addrtype="ipv4"/><ports><port protocol="tcp" portid="5060"><state state="open" reason="syn-ack" reason_ttl="51"/></port></ports></host>
<host endtime="1733431278"><address addr="202.46.246.11" addrtype="ipv4"/><ports><port protocol="tcp" portid="5060"><state state="open" reason="syn-ack" reason_ttl="51"/></port></ports></host>
<host endtime="1733431278"><address addr="199.123.25.2" addrtype="ipv4"/><ports><port protocol="tcp" portid="5060"><state state="open" reason="syn-ack" reason_ttl="229"/></port></ports></host>
<host endtime="1733431279"><address addr="199.123.26.117" addrtype="ipv4"/><ports><port protocol="tcp" portid="5060"><state state="open" reason="syn-ack" reason_ttl="229"/></port></ports></host>
<host endtime="1733431286"><address addr="202.46.2.138" addrtype="ipv4"/><ports><port protocol="tcp" portid="5060"><state state="open" reason="syn-ack" reason_ttl="50"/></port></ports></host>
<host endtime="1733431289"><address addr="202.46.250.171" addrtype="ipv4"/><ports><port protocol="tcp" portid="5060"><state state="open" reason="syn-ack" reason_ttl="50"/></port></ports></host>
<host endtime="1733431289"><address addr="199.201.237.199" addrtype="ipv4"/><ports><port protocol="tcp" portid="5060"><state state="open" reason="syn-ack" reason_ttl="47"/></port></ports></host>
<host endtime="1733431290"><address addr="202.46.240.90" addrtype="ipv4"/><ports><port protocol="tcp" portid="5060"><state state="open" reason="syn-ack" reason_ttl="51"/></port></ports></host>
<host endtime="1733431293"><address addr="202.46.244.190" addrtype="ipv4"/><ports><port protocol="tcp" portid="5060"><state state="open" reason="syn-ack" reason_ttl="50"/></port></ports></host>
<host endtime="1733431294"><address addr="199.123.27.137" addrtype="ipv4"/><ports><port protocol="tcp" portid="5060"><state state="open" reason="syn-ack" reason_ttl="229"/></port></ports></host>
<host endtime="1733431296"><address addr="103.224.214.161" addrtype="ipv4"/><ports><port protocol="tcp" portid="5060"><state state="open" reason="syn-ack" reason_ttl="48"/></port></ports></host>
<host endtime="1733431296"><address addr="202.46.242.90" addrtype="ipv4"/><ports><port protocol="tcp" portid="5060"><state state="open" reason="syn-ack" reason_ttl="50"/></port></ports></host>
<host endtime="1733431298"><address addr="202.46.244.71" addrtype="ipv4"/><ports><port protocol="tcp" portid="5060"><state state="open" reason="syn-ack" reason_ttl="51"/></port></ports></host>
<host endtime="1733431301"><address addr="103.224.215.172" addrtype="ipv4"/><ports><port protocol="tcp" portid="5060"><state state="open" reason="syn-ack" reason_ttl="48"/></port></ports></host>
<host endtime="1733431301"><address addr="202.46.244.22" addrtype="ipv4"/><ports><port protocol="tcp" portid="5060"><state state="open" reason="syn-ack" reason_ttl="50"/></port></ports></host>
<host endtime="1733431302"><address addr="103.224.215.55" addrtype="ipv4"/><ports><port protocol="tcp" portid="5060"><state state="open" reason="syn-ack" reason_ttl="48"/></port></ports></host>
<host endtime="1733431304"><address addr="103.224.214.4" addrtype="ipv4"/><ports><port protocol="tcp" portid="5060"><state state="open" reason="syn-ack" reason_ttl="48"/></port></ports></host>
<host endtime="1733431304"><address addr="202.46.13.236" addrtype="ipv4"/><ports><port protocol="tcp" portid="5060"><state state="open" reason="syn-ack" reason_ttl="51"/></port></ports></host>
<host endtime="1733431305"><address addr="199.123.27.107" addrtype="ipv4"/><ports><port protocol="tcp" portid="5060"><state state="open" reason="syn-ack" reason_ttl="229"/></port></ports></host>
<host endtime="1733431307"><address addr="202.46.249.68" addrtype="ipv4"/><ports><port protocol="tcp" portid="5060"><state state="open" reason="syn-ack" reason_ttl="51"/></port></ports></host>
<host endtime="1733431310"><address addr="103.83.18.148" addrtype="ipv4"/><ports><port protocol="tcp" portid="5060"><state state="open" reason="syn-ack" reason_ttl="48"/></port></ports></host>
<host endtime="1733431311"><address addr="103.224.214.98" addrtype="ipv4"/><ports><port protocol="tcp" portid="5060"><state state="open" reason="syn-ack" reason_ttl="48"/></port></ports></host>
<host endtime="1733431311"><address addr="199.201.236.45" addrtype="ipv4"/><ports><port protocol="tcp" portid="5060"><state state="open" reason="syn-ack" reason_ttl="47"/></port></ports></host>
<host endtime="1733431312"><address addr="202.46.240.146" addrtype="ipv4"/><ports><port protocol="tcp" portid="5060"><state state="open" reason="syn-ack" reason_ttl="50"/></port></ports></host>
<host endtime="1733431312"><address addr="202.46.10.76" addrtype="ipv4"/><ports><port protocol="tcp" portid="5060"><state state="open" reason="syn-ack" reason_ttl="51"/></port></ports></host>
<host endtime="1733431313"><address addr="202.46.4.249" addrtype="ipv4"/><ports><port protocol="tcp" portid="5060"><state state="open" reason="syn-ack" reason_ttl="51"/></port></ports></host>
<host endtime="1733431317"><address addr="202.46.243.228" addrtype="ipv4"/><ports><port protocol="tcp" portid="5060"><state state="open" reason="syn-ack" reason_ttl="51"/></port></ports></host>
<host endtime="1733431317"><address addr="202.46.0.67" addrtype="ipv4"/><ports><port protocol="tcp" portid="5060"><state state="open" reason="syn-ack" reason_ttl="51"/></port></ports></host>
<host endtime="1733431318"><address addr="103.224.214.147" addrtype="ipv4"/><ports><port protocol="tcp" portid="5060"><state state="open" reason="syn-ack" reason_ttl="48"/></port></ports></host>
<host endtime="1733431321"><address addr="202.46.244.131" addrtype="ipv4"/><ports><port protocol="tcp" portid="5060"><state state="open" reason="syn-ack" reason_ttl="51"/></port></ports></host>
<host endtime="1733431323"><address addr="199.201.236.169" addrtype="ipv4"/><ports><port protocol="tcp" portid="5060"><state state="open" reason="syn-ack" reason_ttl="47"/></port></ports></host>
<host endtime="1733431323"><address addr="199.201.237.238" addrtype="ipv4"/><ports><port protocol="tcp" portid="5060"><state state="open" reason="syn-ack" reason_ttl="47"/></port></ports></host>
<host endtime="1733431326"><address addr="193.103.206.254" addrtype="ipv4"/><ports><port protocol="tcp" portid="5060"><state state="open" reason="syn-ack" reason_ttl="54"/></port></ports></host>
<host endtime="1733431340"><address addr="202.46.245.107" addrtype="ipv4"/><ports><port protocol="tcp" portid="5060"><state state="open" reason="syn-ack" reason_ttl="51"/></port></ports></host>
<host endtime="1733431345"><address addr="202.46.2.160" addrtype="ipv4"/><ports><port protocol="tcp" portid="5060"><state state="open" reason="syn-ack" reason_ttl="51"/></port></ports></host>
<host endtime="1733431345"><address addr="202.46.14.145" addrtype="ipv4"/><ports><port protocol="tcp" portid="5060"><state state="open" reason="syn-ack" reason_ttl="50"/></port></ports></host>
<host endtime="1733431345"><address addr="202.46.251.28" addrtype="ipv4"/><ports><port protocol="tcp" portid="5060"><state state="open" reason="syn-ack" reason_ttl="50"/></port></ports></host>
<host endtime="1733431347"><address addr="202.46.250.102" addrtype="ipv4"/><ports><port protocol="tcp" portid="5060"><state state="open" reason="syn-ack" reason_ttl="50"/></port></ports></host>
<host endtime="1733431351"><address addr="202.46.2.214" addrtype="ipv4"/><ports><port protocol="tcp" portid="5060"><state state="open" reason="syn-ack" reason_ttl="51"/></port></ports></host>
<host endtime="1733431353"><address addr="202.46.251.47" addrtype="ipv4"/><ports><port protocol="tcp" portid="5060"><state state="open" reason="syn-ack" reason_ttl="50"/></port></ports></host>
<host endtime="1733431356"><address addr="202.46.241.81" addrtype="ipv4"/><ports><port protocol="tcp" portid="5060"><state state="open" reason="syn-ack" reason_ttl="51"/></port></ports></host>
<host endtime="1733431359"><address addr="202.46.11.47" addrtype="ipv4"/><ports><port protocol="tcp" portid="5060"><state state="open" reason="syn-ack" reason_ttl="51"/></port></ports></host>
<host endtime="1733431360"><address addr="202.46.1.216" addrtype="ipv4"/><ports><port protocol="tcp" portid="5060"><state state="open" reason="syn-ack" reason_ttl="50"/></port></ports></host>
<host endtime="1733431360"><address addr="202.46.5.140" addrtype="ipv4"/><ports><port protocol="tcp" portid="5060"><state state="open" reason="syn-ack" reason_ttl="50"/></port></ports></host>
<host endtime="1733431360"><address addr="202.46.15.114" addrtype="ipv4"/><ports><port protocol="tcp" portid="5060"><state state="open" reason="syn-ack" reason_ttl="50"/></port></ports></host>
<host endtime="1733431368"><address addr="202.46.247.53" addrtype="ipv4"/><ports><port protocol="tcp" portid="5060"><state state="open" reason="syn-ack" reason_ttl="50"/></port></ports></host>
<host endtime="1733431369"><address addr="202.46.245.27" addrtype="ipv4"/><ports><port protocol="tcp" portid="5060"><state state="open" reason="syn-ack" reason_ttl="50"/></port></ports></host>
<host endtime="1733431370"><address addr="202.46.5.88" addrtype="ipv4"/><ports><port protocol="tcp" portid="5060"><state state="open" reason="syn-ack" reason_ttl="51"/></port></ports></host>
<host endtime="1733431371"><address addr="103.177.50.16" addrtype="ipv4"/><ports><port protocol="tcp" portid="5060"><state state="open" reason="syn-ack" reason_ttl="120"/></port></ports></host>
<host endtime="1733431371"><address addr="202.46.252.123" addrtype="ipv4"/><ports><port protocol="tcp" portid="5060"><state state="open" reason="syn-ack" reason_ttl="50"/></port></ports></host>
<host endtime="1733431372"><address addr="202.46.245.155" addrtype="ipv4"/><ports><port protocol="tcp" portid="5060"><state state="open" reason="syn-ack" reason_ttl="51"/></port></ports></host>
<host endtime="1733431372"><address addr="202.46.13.200" addrtype="ipv4"/><ports><port protocol="tcp" portid="5060"><state state="open" reason="syn-ack" reason_ttl="50"/></port></ports></host>
<host endtime="1733431372"><address addr="202.46.242.146" addrtype="ipv4"/><ports><port protocol="tcp" portid="5060"><state state="open" reason="syn-ack" reason_ttl="51"/></port></ports></host>
<host endtime="1733431374"><address addr="202.46.240.26" addrtype="ipv4"/><ports><port protocol="tcp" portid="5060"><state state="open" reason="syn-ack" reason_ttl="51"/></port></ports></host>
<host endtime="1733431375"><address addr="202.46.15.83" addrtype="ipv4"/><ports><port protocol="tcp" portid="5060"><state state="open" reason="syn-ack" reason_ttl="50"/></port></ports></host>
<host endtime="1733431377"><address addr="202.46.241.225" addrtype="ipv4"/><ports><port protocol="tcp" portid="5060"><state state="open" reason="syn-ack" reason_ttl="51"/></port></ports></host>
<host endtime="1733431378"><address addr="202.46.5.55" addrtype="ipv4"/><ports><port protocol="tcp" portid="5060"><state state="open" reason="syn-ack" reason_ttl="51"/></port></ports></host>
<host endtime="1733431378"><address addr="202.46.252.196" addrtype="ipv4"/><ports><port protocol="tcp" portid="5060"><state state="open" reason="syn-ack" reason_ttl="51"/></port></ports></host>
<host endtime="1733431379"><address addr="199.123.24.47" addrtype="ipv4"/><ports><port protocol="tcp" portid="5060"><state state="open" reason="syn-ack" reason_ttl="229"/></port></ports></host>
<host endtime="1733431380"><address addr="202.46.244.108" addrtype="ipv4"/><ports><port protocol="tcp" portid="5060"><state state="open" reason="syn-ack" reason_ttl="50"/></port></ports></host>
<host endtime="1733431381"><address addr="202.46.242.255" addrtype="ipv4"/><ports><port protocol="tcp" portid="5060"><state state="open" reason="syn-ack" reason_ttl="51"/></port></ports></host>
<host endtime="1733431384"><address addr="202.46.2.50" addrtype="ipv4"/><ports><port protocol="tcp" portid="5060"><state state="open" reason="syn-ack" reason_ttl="50"/></port></ports></host>
<host endtime="1733431385"><address addr="202.46.243.156" addrtype="ipv4"/><ports><port protocol="tcp" portid="5060"><state state="open" reason="syn-ack" reason_ttl="51"/></port></ports></host>
<host endtime="1733431386"><address addr="202.46.241.48" addrtype="ipv4"/><ports><port protocol="tcp" portid="5060"><state state="open" reason="syn-ack" reason_ttl="50"/></port></ports></host>
<host endtime="1733431386"><address addr="202.46.1.146" addrtype="ipv4"/><ports><port protocol="tcp" portid="5060"><state state="open" reason="syn-ack" reason_ttl="50"/></port></ports></host>
<host endtime="1733431393"><address addr="202.46.5.24" addrtype="ipv4"/><ports><port protocol="tcp" portid="5060"><state state="open" reason="syn-ack" reason_ttl="51"/></port></ports></host>
<host endtime="1733431394"><address addr="202.46.241.169" addrtype="ipv4"/><ports><port protocol="tcp" portid="5060"><state state="open" reason="syn-ack" reason_ttl="51"/></port></ports></host>
<host endtime="1733431398"><address addr="202.46.244.103" addrtype="ipv4"/><ports><port protocol="tcp" portid="5060"><state state="open" reason="syn-ack" reason_ttl="51"/></port></ports></host>
<host endtime="1733431399"><address addr="202.46.242.179" addrtype="ipv4"/><ports><port protocol="tcp" portid="5060"><state state="open" reason="syn-ack" reason_ttl="51"/></port></ports></host>
<host endtime="1733431400"><address addr="202.46.15.131" addrtype="ipv4"/><ports><port protocol="tcp" portid="5061"><state state="open" reason="syn-ack" reason_ttl="50"/></port></ports></host>
<host endtime="1733431401"><address addr="202.46.251.246" addrtype="ipv4"/><ports><port protocol="tcp" portid="5060"><state state="open" reason="syn-ack" reason_ttl="51"/></port></ports></host>
<host endtime="1733431401"><address addr="202.46.7.56" addrtype="ipv4"/><ports><port protocol="tcp" portid="5060"><state state="open" reason="syn-ack" reason_ttl="50"/></port></ports></host>
<host endtime="1733431402"><address addr="202.46.1.237" addrtype="ipv4"/><ports><port protocol="tcp" portid="5060"><state state="open" reason="syn-ack" reason_ttl="51"/></port></ports></host>
<host endtime="1733431402"><address addr="202.46.243.185" addrtype="ipv4"/><ports><port protocol="tcp" portid="5060"><state state="open" reason="syn-ack" reason_ttl="51"/></port></ports></host>
<host endtime="1733431403"><address addr="193.98.229.126" addrtype="ipv4"/><ports><port protocol="tcp" portid="5061"><state state="open" reason="syn-ack" reason_ttl="44"/></port></ports></host>
<host endtime="1733431405"><address addr="103.224.214.181" addrtype="ipv4"/><ports><port protocol="tcp" portid="5060"><state state="open" reason="syn-ack" reason_ttl="48"/></port></ports></host>
<host endtime="1733431408"><address addr="199.123.24.66" addrtype="ipv4"/><ports><port protocol="tcp" portid="5060"><state state="open" reason="syn-ack" reason_ttl="229"/></port></ports></host>
<host endtime="1733431414"><address addr="103.83.18.194" addrtype="ipv4"/><ports><port protocol="tcp" portid="5060"><state state="open" reason="syn-ack" reason_ttl="48"/></port></ports></host>
<host endtime="1733431417"><address addr="199.201.236.92" addrtype="ipv4"/><ports><port protocol="tcp" portid="5060"><state state="open" reason="syn-ack" reason_ttl="47"/></port></ports></host>
<host endtime="1733431422"><address addr="202.46.241.214" addrtype="ipv4"/><ports><port protocol="tcp" portid="5060"><state state="open" reason="syn-ack" reason_ttl="51"/></port></ports></host>
<host endtime="1733431423"><address addr="202.46.7.195" addrtype="ipv4"/><ports><port protocol="tcp" portid="5060"><state state="open" reason="syn-ack" reason_ttl="51"/></port></ports></host>
<host endtime="1733431425"><address addr="202.46.254.148" addrtype="ipv4"/><ports><port protocol="tcp" portid="5060"><state state="open" reason="syn-ack" reason_ttl="51"/></port></ports></host>
<host endtime="1733431426"><address addr="202.46.4.122" addrtype="ipv4"/><ports><port protocol="tcp" portid="5060"><state state="open" reason="syn-ack" reason_ttl="51"/></port></ports></host>
<host endtime="1733431427"><address addr="202.46.247.154" addrtype="ipv4"/><ports><port protocol="tcp" portid="5060"><state state="open" reason="syn-ack" reason_ttl="51"/></port></ports></host>
<host endtime="1733431427"><address addr="199.123.24.223" addrtype="ipv4"/><ports><port protocol="tcp" portid="5060"><state state="open" reason="syn-ack" reason_ttl="229"/></port></ports></host>
<host endtime="1733431428"><address addr="199.201.236.101" addrtype="ipv4"/><ports><port protocol="tcp" portid="5060"><state state="open" reason="syn-ack" reason_ttl="47"/></port></ports></host>
<host endtime="1733431435"><address addr="202.46.244.31" addrtype="ipv4"/><ports><port protocol="tcp" portid="5060"><state state="open" reason="syn-ack" reason_ttl="51"/></port></ports></host>
<host endtime="1733431436"><address addr="202.46.242.152" addrtype="ipv4"/><ports><port protocol="tcp" portid="5060"><state state="open" reason="syn-ack" reason_ttl="50"/></port></ports></host>
<host endtime="1733431438"><address addr="202.46.244.119" addrtype="ipv4"/><ports><port protocol="tcp" portid="5060"><state state="open" reason="syn-ack" reason_ttl="51"/></port></ports></host>
<host endtime="1733431441"><address addr="202.46.2.59" addrtype="ipv4"/><ports><port protocol="tcp" portid="5060"><state state="open" reason="syn-ack" reason_ttl="51"/></port></ports></host>
<host endtime="1733431444"><address addr="103.224.215.117" addrtype="ipv4"/><ports><port protocol="tcp" portid="5060"><state state="open" reason="syn-ack" reason_ttl="48"/></port></ports></host>
<host endtime="1733431444"><address addr="202.46.3.158" addrtype="ipv4"/><ports><port protocol="tcp" portid="5060"><state state="open" reason="syn-ack" reason_ttl="50"/></port></ports></host>
<host endtime="1733431456"><address addr="202.46.3.110" addrtype="ipv4"/><ports><port protocol="tcp" portid="5060"><state state="open" reason="syn-ack" reason_ttl="51"/></port></ports></host>
<host endtime="1733431459"><address addr="202.46.251.21" addrtype="ipv4"/><ports><port protocol="tcp" portid="5060"><state state="open" reason="syn-ack" reason_ttl="51"/></port></ports></host>
<host endtime="1733431462"><address addr="202.46.10.130" addrtype="ipv4"/><ports><port protocol="tcp" portid="5060"><state state="open" reason="syn-ack" reason_ttl="51"/></port></ports></host>
<host endtime="1733431462"><address addr="202.46.252.62" addrtype="ipv4"/><ports><port protocol="tcp" portid="5060"><state state="open" reason="syn-ack" reason_ttl="51"/></port></ports></host>
<host endtime="1733431462"><address addr="103.224.215.124" addrtype="ipv4"/><ports><port protocol="tcp" portid="5060"><state state="open" reason="syn-ack" reason_ttl="48"/></port></ports></host>
<host endtime="1733431462"><address addr="202.46.255.81" addrtype="ipv4"/><ports><port protocol="tcp" portid="5060"><state state="open" reason="syn-ack" reason_ttl="50"/></port></ports></host>
<host endtime="1733431466"><address addr="202.46.11.12" addrtype="ipv4"/><ports><port protocol="tcp" portid="5060"><state state="open" reason="syn-ack" reason_ttl="51"/></port></ports></host>
<host endtime="1733431467"><address addr="103.83.19.94" addrtype="ipv4"/><ports><port protocol="tcp" portid="5060"><state state="open" reason="syn-ack" reason_ttl="48"/></port></ports></host>
<host endtime="1733431469"><address addr="202.46.2.192" addrtype="ipv4"/><ports><port protocol="tcp" portid="5060"><state state="open" reason="syn-ack" reason_ttl="50"/></port></ports></host>
<host endtime="1733431469"><address addr="41.138.192.10" addrtype="ipv4"/><ports><port protocol="tcp" portid="5060"><state state="open" reason="syn-ack" reason_ttl="43"/></port></ports></host>
<host endtime="1733431473"><address addr="199.123.24.22" addrtype="ipv4"/><ports><port protocol="tcp" portid="5060"><state state="open" reason="syn-ack" reason_ttl="229"/></port></ports></host>
<host endtime="1733431476"><address addr="202.46.251.203" addrtype="ipv4"/><ports><port protocol="tcp" portid="5060"><state state="open" reason="syn-ack" reason_ttl="50"/></port></ports></host>
<host endtime="1733431477"><address addr="202.46.245.166" addrtype="ipv4"/><ports><port protocol="tcp" portid="5060"><state state="open" reason="syn-ack" reason_ttl="51"/></port></ports></host>
<host endtime="1733431477"><address addr="202.46.14.20" addrtype="ipv4"/><ports><port protocol="tcp" portid="5060"><state state="open" reason="syn-ack" reason_ttl="51"/></port></ports></host>
<host endtime="1733431480"><address addr="202.46.1.194" addrtype="ipv4"/><ports><port protocol="tcp" portid="5060"><state state="open" reason="syn-ack" reason_ttl="51"/></port></ports></host>
<host endtime="1733431484"><address addr="202.46.13.4" addrtype="ipv4"/><ports><port protocol="tcp" portid="5060"><state state="open" reason="syn-ack" reason_ttl="51"/></port></ports></host>
<host endtime="1733431488"><address addr="202.46.250.97" addrtype="ipv4"/><ports><port protocol="tcp" portid="5060"><state state="open" reason="syn-ack" reason_ttl="50"/></port></ports></host>
<host endtime="1733431491"><address addr="103.224.214.128" addrtype="ipv4"/><ports><port protocol="tcp" portid="5060"><state state="open" reason="syn-ack" reason_ttl="48"/></port></ports></host>
<host endtime="1733431491"><address addr="202.46.7.193" addrtype="ipv4"/><ports><port protocol="tcp" portid="5060"><state state="open" reason="syn-ack" reason_ttl="51"/></port></ports></host>
<host endtime="1733431493"><address addr="202.46.4.56" addrtype="ipv4"/><ports><port protocol="tcp" portid="5060"><state state="open" reason="syn-ack" reason_ttl="51"/></port></ports></host>
<host endtime="1733431493"><address addr="202.46.243.189" addrtype="ipv4"/><ports><port protocol="tcp" portid="5060"><state state="open" reason="syn-ack" reason_ttl="51"/></port></ports></host>
<host endtime="1733431497"><address addr="202.46.10.185" addrtype="ipv4"/><ports><port protocol="tcp" portid="5060"><state state="open" reason="syn-ack" reason_ttl="51"/></port></ports></host>
<host endtime="1733431498"><address addr="202.46.11.129" addrtype="ipv4"/><ports><port protocol="tcp" portid="5060"><state state="open" reason="syn-ack" reason_ttl="51"/></port></ports></host>
<host endtime="1733431501"><address addr="202.46.9.42" addrtype="ipv4"/><ports><port protocol="tcp" portid="5060"><state state="open" reason="syn-ack" reason_ttl="51"/></port></ports></host>
<host endtime="1733431501"><address addr="202.46.254.106" addrtype="ipv4"/><ports><port protocol="tcp" portid="5060"><state state="open" reason="syn-ack" reason_ttl="51"/></port></ports></host>
<host endtime="1733431504"><address addr="202.46.243.166" addrtype="ipv4"/><ports><port protocol="tcp" portid="5060"><state state="open" reason="syn-ack" reason_ttl="51"/></port></ports></host>
<host endtime="1733431510"><address addr="202.46.4.235" addrtype="ipv4"/><ports><port protocol="tcp" portid="5060"><state state="open" reason="syn-ack" reason_ttl="51"/></port></ports></host>
<host endtime="1733431510"><address addr="202.46.254.28" addrtype="ipv4"/><ports><port protocol="tcp" portid="5060"><state state="open" reason="syn-ack" reason_ttl="51"/></port></ports></host>
<host endtime="1733431510"><address addr="202.46.14.47" addrtype="ipv4"/><ports><port protocol="tcp" portid="5060"><state state="open" reason="syn-ack" reason_ttl="51"/></port></ports></host>
<host endtime="1733431512"><address addr="199.123.24.136" addrtype="ipv4"/><ports><port protocol="tcp" portid="5060"><state state="open" reason="syn-ack" reason_ttl="229"/></port></ports></host>
<host endtime="1733431516"><address addr="199.123.24.222" addrtype="ipv4"/><ports><port protocol="tcp" portid="5060"><state state="open" reason="syn-ack" reason_ttl="229"/></port></ports></host>
<host endtime="1733431518"><address addr="202.46.252.248" addrtype="ipv4"/><ports><port protocol="tcp" portid="5060"><state state="open" reason="syn-ack" reason_ttl="50"/></port></ports></host>
<host endtime="1733431519"><address addr="202.46.250.168" addrtype="ipv4"/><ports><port protocol="tcp" portid="5060"><state state="open" reason="syn-ack" reason_ttl="51"/></port></ports></host>
<host endtime="1733431526"><address addr="199.123.24.0" addrtype="ipv4"/><ports><port protocol="tcp" portid="5060"><state state="open" reason="syn-ack" reason_ttl="229"/></port></ports></host>
<host endtime="1733431528"><address addr="103.224.215.159" addrtype="ipv4"/><ports><port protocol="tcp" portid="5060"><state state="open" reason="syn-ack" reason_ttl="48"/></port></ports></host>
<host endtime="1733431528"><address addr="202.46.251.44" addrtype="ipv4"/><ports><port protocol="tcp" portid="5060"><state state="open" reason="syn-ack" reason_ttl="51"/></port></ports></host>
<host endtime="1733431529"><address addr="202.46.244.87" addrtype="ipv4"/><ports><port protocol="tcp" portid="5060"><state state="open" reason="syn-ack" reason_ttl="51"/></port></ports></host>
<host endtime="1733431530"><address addr="202.46.250.205" addrtype="ipv4"/><ports><port protocol="tcp" portid="5060"><state state="open" reason="syn-ack" reason_ttl="51"/></port></ports></host>
<host endtime="1733431531"><address addr="202.46.251.104" addrtype="ipv4"/><ports><port protocol="tcp" portid="5060"><state state="open" reason="syn-ack" reason_ttl="51"/></port></ports></host>
<host endtime="1733431538"><address addr="202.46.3.120" addrtype="ipv4"/><ports><port protocol="tcp" portid="5061"><state state="open" reason="syn-ack" reason_ttl="49"/></port></ports></host>
<host endtime="1733431540"><address addr="202.46.244.142" addrtype="ipv4"/><ports><port protocol="tcp" portid="5060"><state state="open" reason="syn-ack" reason_ttl="51"/></port></ports></host>
<host endtime="1733431541"><address addr="202.46.8.26" addrtype="ipv4"/><ports><port protocol="tcp" portid="5060"><state state="open" reason="syn-ack" reason_ttl="51"/></port></ports></host>
<host endtime="1733431544"><address addr="202.46.245.25" addrtype="ipv4"/><ports><port protocol="tcp" portid="5060"><state state="open" reason="syn-ack" reason_ttl="50"/></port></ports></host>
<host endtime="1733431547"><address addr="202.46.240.247" addrtype="ipv4"/><ports><port protocol="tcp" portid="5060"><state state="open" reason="syn-ack" reason_ttl="50"/></port></ports></host>
<host endtime="1733431558"><address addr="202.46.245.186" addrtype="ipv4"/><ports><port protocol="tcp" portid="5060"><state state="open" reason="syn-ack" reason_ttl="50"/></port></ports></host>
<host endtime="1733431558"><address addr="202.46.250.76" addrtype="ipv4"/><ports><port protocol="tcp" portid="5060"><state state="open" reason="syn-ack" reason_ttl="51"/></port></ports></host>
<host endtime="1733431558"><address addr="202.46.15.148" addrtype="ipv4"/><ports><port protocol="tcp" portid="5060"><state state="open" reason="syn-ack" reason_ttl="51"/></port></ports></host>
<host endtime="1733431560"><address addr="202.46.241.162" addrtype="ipv4"/><ports><port protocol="tcp" portid="5060"><state state="open" reason="syn-ack" reason_ttl="50"/></port></ports></host>
<host endtime="1733431561"><address addr="202.46.241.144" addrtype="ipv4"/><ports><port protocol="tcp" portid="5060"><state state="open" reason="syn-ack" reason_ttl="51"/></port></ports></host>
<host endtime="1733431562"><address addr="199.123.26.42" addrtype="ipv4"/><ports><port protocol="tcp" portid="5060"><state state="open" reason="syn-ack" reason_ttl="229"/></port></ports></host>
<host endtime="1733431562"><address addr="202.46.241.106" addrtype="ipv4"/><ports><port protocol="tcp" portid="5060"><state state="open" reason="syn-ack" reason_ttl="50"/></port></ports></host>
<host endtime="1733431567"><address addr="103.224.214.135" addrtype="ipv4"/><ports><port protocol="tcp" portid="5060"><state state="open" reason="syn-ack" reason_ttl="48"/></port></ports></host>
<host endtime="1733431568"><address addr="202.46.3.105" addrtype="ipv4"/><ports><port protocol="tcp" portid="5061"><state state="open" reason="syn-ack" reason_ttl="49"/></port></ports></host>
<host endtime="1733431576"><address addr="199.123.24.75" addrtype="ipv4"/><ports><port protocol="tcp" portid="5060"><state state="open" reason="syn-ack" reason_ttl="229"/></port></ports></host>
<host endtime="1733431577"><address addr="202.46.7.60" addrtype="ipv4"/><ports><port protocol="tcp" portid="5060"><state state="open" reason="syn-ack" reason_ttl="50"/></port></ports></host>
<host endtime="1733431579"><address addr="202.46.242.25" addrtype="ipv4"/><ports><port protocol="tcp" portid="5060"><state state="open" reason="syn-ack" reason_ttl="51"/></port></ports></host>
<host endtime="1733431579"><address addr="193.103.200.207" addrtype="ipv4"/><ports><port protocol="tcp" portid="5060"><state state="open" reason="syn-ack" reason_ttl="52"/></port></ports></host>
<host endtime="1733431580"><address addr="202.46.241.123" addrtype="ipv4"/><ports><port protocol="tcp" portid="5060"><state state="open" reason="syn-ack" reason_ttl="51"/></port></ports></host>
<host endtime="1733431581"><address addr="202.46.8.237" addrtype="ipv4"/><ports><port protocol="tcp" portid="5060"><state state="open" reason="syn-ack" reason_ttl="51"/></port></ports></host>
<host endtime="1733431585"><address addr="202.46.246.132" addrtype="ipv4"/><ports><port protocol="tcp" portid="5060"><state state="open" reason="syn-ack" reason_ttl="51"/></port></ports></host>
<host endtime="1733431585"><address addr="202.46.8.73" addrtype="ipv4"/><ports><port protocol="tcp" portid="5060"><state state="open" reason="syn-ack" reason_ttl="51"/></port></ports></host>
<host endtime="1733431586"><address addr="202.46.12.5" addrtype="ipv4"/><ports><port protocol="tcp" portid="5060"><state state="open" reason="syn-ack" reason_ttl="50"/></port></ports></host>
<host endtime="1733431586"><address addr="202.46.240.55" addrtype="ipv4"/><ports><port protocol="tcp" portid="5060"><state state="open" reason="syn-ack" reason_ttl="51"/></port></ports></host>
<host endtime="1733431587"><address addr="202.46.6.246" addrtype="ipv4"/><ports><port protocol="tcp" portid="5060"><state state="open" reason="syn-ack" reason_ttl="50"/></port></ports></host>
<host endtime="1733431590"><address addr="202.46.1.131" addrtype="ipv4"/><ports><port protocol="tcp" portid="5060"><state state="open" reason="syn-ack" reason_ttl="50"/></port></ports></host>
<host endtime="1733431602"><address addr="193.103.206.207" addrtype="ipv4"/><ports><port protocol="tcp" portid="5060"><state state="open" reason="syn-ack" reason_ttl="52"/></port></ports></host>
<host endtime="1733431603"><address addr="202.46.240.38" addrtype="ipv4"/><ports><port protocol="tcp" portid="5060"><state state="open" reason="syn-ack" reason_ttl="51"/></port></ports></host>
<host endtime="1733431606"><address addr="103.224.215.187" addrtype="ipv4"/><ports><port protocol="tcp" portid="5060"><state state="open" reason="syn-ack" reason_ttl="48"/></port></ports></host>
<host endtime="1733431609"><address addr="202.46.15.162" addrtype="ipv4"/><ports><port protocol="tcp" portid="5060"><state state="open" reason="syn-ack" reason_ttl="51"/></port></ports></host>
<host endtime="1733431609"><address addr="196.195.4.61" addrtype="ipv4"/><ports><port protocol="tcp" portid="5060"><state state="open" reason="syn-ack" reason_ttl="53"/></port></ports></host>
<host endtime="1733431609"><address addr="202.46.14.54" addrtype="ipv4"/><ports><port protocol="tcp" portid="5060"><state state="open" reason="syn-ack" reason_ttl="50"/></port></ports></host>
<host endtime="1733431614"><address addr="202.46.13.53" addrtype="ipv4"/><ports><port protocol="tcp" portid="5060"><state state="open" reason="syn-ack" reason_ttl="51"/></port></ports></host>
<host endtime="1733431616"><address addr="202.46.249.80" addrtype="ipv4"/><ports><port protocol="tcp" portid="5060"><state state="open" reason="syn-ack" reason_ttl="51"/></port></ports></host>
<host endtime="1733431618"><address addr="202.46.249.217" addrtype="ipv4"/><ports><port protocol="tcp" portid="5060"><state state="open" reason="syn-ack" reason_ttl="51"/></port></ports></host>
<host endtime="1733431618"><address addr="202.46.3.225" addrtype="ipv4"/><ports><port protocol="tcp" portid="5060"><state state="open" reason="syn-ack" reason_ttl="50"/></port></ports></host>
<host endtime="1733431624"><address addr="202.46.0.40" addrtype="ipv4"/><ports><port protocol="tcp" portid="5060"><state state="open" reason="syn-ack" reason_ttl="51"/></port></ports></host>
<host endtime="1733431624"><address addr="202.46.9.146" addrtype="ipv4"/><ports><port protocol="tcp" portid="5060"><state state="open" reason="syn-ack" reason_ttl="50"/></port></ports></host>
<host endtime="1733431624"><address addr="202.46.252.186" addrtype="ipv4"/><ports><port protocol="tcp" portid="5060"><state state="open" reason="syn-ack" reason_ttl="51"/></port></ports></host>
<host endtime="1733431627"><address addr="103.224.215.65" addrtype="ipv4"/><ports><port protocol="tcp" portid="5060"><state state="open" reason="syn-ack" reason_ttl="48"/></port></ports></host>
<host endtime="1733431628"><address addr="103.224.214.16" addrtype="ipv4"/><ports><port protocol="tcp" portid="5060"><state state="open" reason="syn-ack" reason_ttl="48"/></port></ports></host>
<host endtime="1733431630"><address addr="202.46.1.231" addrtype="ipv4"/><ports><port protocol="tcp" portid="5060"><state state="open" reason="syn-ack" reason_ttl="50"/></port></ports></host>
<host endtime="1733431630"><address addr="199.201.237.63" addrtype="ipv4"/><ports><port protocol="tcp" portid="5060"><state state="open" reason="syn-ack" reason_ttl="47"/></port></ports></host>
<host endtime="1733431631"><address addr="103.83.18.132" addrtype="ipv4"/><ports><port protocol="tcp" portid="5060"><state state="open" reason="syn-ack" reason_ttl="48"/></port></ports></host>
<host endtime="1733431632"><address addr="103.83.18.171" addrtype="ipv4"/><ports><port protocol="tcp" portid="5060"><state state="open" reason="syn-ack" reason_ttl="48"/></port></ports></host>
<host endtime="1733431637"><address addr="202.46.245.50" addrtype="ipv4"/><ports><port protocol="tcp" portid="5060"><state state="open" reason="syn-ack" reason_ttl="51"/></port></ports></host>
<host endtime="1733431638"><address addr="202.46.2.34" addrtype="ipv4"/><ports><port protocol="tcp" portid="5060"><state state="open" reason="syn-ack" reason_ttl="51"/></port></ports></host>
<host endtime="1733431639"><address addr="202.46.10.247" addrtype="ipv4"/><ports><port protocol="tcp" portid="5060"><state state="open" reason="syn-ack" reason_ttl="51"/></port></ports></host>
<host endtime="1733431639"><address addr="193.98.229.77" addrtype="ipv4"/><ports><port protocol="tcp" portid="5061"><state state="open" reason="syn-ack" reason_ttl="47"/></port></ports></host>
<host endtime="1733431645"><address addr="103.224.215.33" addrtype="ipv4"/><ports><port protocol="tcp" portid="5060"><state state="open" reason="syn-ack" reason_ttl="48"/></port></ports></host>
<host endtime="1733431647"><address addr="103.83.19.23" addrtype="ipv4"/><ports><port protocol="tcp" portid="5060"><state state="open" reason="syn-ack" reason_ttl="48"/></port></ports></host>
<host endtime="1733431648"><address addr="202.46.245.234" addrtype="ipv4"/><ports><port protocol="tcp" portid="5060"><state state="open" reason="syn-ack" reason_ttl="50"/></port></ports></host>
<host endtime="1733431650"><address addr="103.83.19.95" addrtype="ipv4"/><ports><port protocol="tcp" portid="5060"><state state="open" reason="syn-ack" reason_ttl="48"/></port></ports></host>
<host endtime="1733431650"><address addr="202.46.4.196" addrtype="ipv4"/><ports><port protocol="tcp" portid="5060"><state state="open" reason="syn-ack" reason_ttl="51"/></port></ports></host>
<host endtime="1733431657"><address addr="193.98.229.179" addrtype="ipv4"/><ports><port protocol="tcp" portid="5061"><state state="open" reason="syn-ack" reason_ttl="49"/></port></ports></host>
<host endtime="1733431660"><address addr="202.46.10.217" addrtype="ipv4"/><ports><port protocol="tcp" portid="5060"><state state="open" reason="syn-ack" reason_ttl="50"/></port></ports></host>
<host endtime="1733431660"><address addr="202.46.2.116" addrtype="ipv4"/><ports><port protocol="tcp" portid="5060"><state state="open" reason="syn-ack" reason_ttl="51"/></port></ports></host>
<host endtime="1733431667"><address addr="199.123.26.53" addrtype="ipv4"/><ports><port protocol="tcp" portid="5060"><state state="open" reason="syn-ack" reason_ttl="229"/></port></ports></host>
<host endtime="1733431667"><address addr="202.46.2.149" addrtype="ipv4"/><ports><port protocol="tcp" portid="5060"><state state="open" reason="syn-ack" reason_ttl="51"/></port></ports></host>
<host endtime="1733431668"><address addr="202.46.15.100" addrtype="ipv4"/><ports><port protocol="tcp" portid="5060"><state state="open" reason="syn-ack" reason_ttl="51"/></port></ports></host>
<host endtime="1733431672"><address addr="202.46.246.231" addrtype="ipv4"/><ports><port protocol="tcp" portid="5060"><state state="open" reason="syn-ack" reason_ttl="50"/></port></ports></host>
<host endtime="1733431673"><address addr="202.46.248.233" addrtype="ipv4"/><ports><port protocol="tcp" portid="5060"><state state="open" reason="syn-ack" reason_ttl="50"/></port></ports></host>
<host endtime="1733431683"><address addr="202.46.14.162" addrtype="ipv4"/><ports><port protocol="tcp" portid="5060"><state state="open" reason="syn-ack" reason_ttl="51"/></port></ports></host>
<host endtime="1733431683"><address addr="202.46.240.192" addrtype="ipv4"/><ports><port protocol="tcp" portid="5060"><state state="open" reason="syn-ack" reason_ttl="51"/></port></ports></host>
<host endtime="1733431695"><address addr="202.46.254.197" addrtype="ipv4"/><ports><port protocol="tcp" portid="5060"><state state="open" reason="syn-ack" reason_ttl="51"/></port></ports></host>
<host endtime="1733431703"><address addr="202.46.4.118" addrtype="ipv4"/><ports><port protocol="tcp" portid="5060"><state state="open" reason="syn-ack" reason_ttl="51"/></port></ports></host>
<host endtime="1733431704"><address addr="202.46.245.207" addrtype="ipv4"/><ports><port protocol="tcp" portid="5060"><state state="open" reason="syn-ack" reason_ttl="51"/></port></ports></host>
<host endtime="1733431711"><address addr="103.177.50.71" addrtype="ipv4"/><ports><port protocol="tcp" portid="5060"><state state="open" reason="syn-ack" reason_ttl="120"/></port></ports></host>
<host endtime="1733431712"><address addr="202.46.3.242" addrtype="ipv4"/><ports><port protocol="tcp" portid="5060"><state state="open" reason="syn-ack" reason_ttl="51"/></port></ports></host>
<host endtime="1733431713"><address addr="103.110.62.127" addrtype="ipv4"/><ports><port protocol="tcp" portid="5061"><state state="open" reason="syn-ack" reason_ttl="242"/></port></ports></host>
<host endtime="1733431716"><address addr="202.46.2.68" addrtype="ipv4"/><ports><port protocol="tcp" portid="5060"><state state="open" reason="syn-ack" reason_ttl="51"/></port></ports></host>
<host endtime="1733431720"><address addr="202.46.248.188" addrtype="ipv4"/><ports><port protocol="tcp" portid="5060"><state state="open" reason="syn-ack" reason_ttl="51"/></port></ports></host>
<host endtime="1733431724"><address addr="202.46.13.116" addrtype="ipv4"/><ports><port protocol="tcp" portid="5060"><state state="open" reason="syn-ack" reason_ttl="51"/></port></ports></host>
<host endtime="1733431725"><address addr="199.123.24.155" addrtype="ipv4"/><ports><port protocol="tcp" portid="5060"><state state="open" reason="syn-ack" reason_ttl="229"/></port></ports></host>
<host endtime="1733431729"><address addr="202.46.250.147" addrtype="ipv4"/><ports><port protocol="tcp" portid="5060"><state state="open" reason="syn-ack" reason_ttl="51"/></port></ports></host>
<host endtime="1733431735"><address addr="202.46.4.73" addrtype="ipv4"/><ports><port protocol="tcp" portid="5060"><state state="open" reason="syn-ack" reason_ttl="51"/></port></ports></host>
<host endtime="1733431736"><address addr="193.98.116.188" addrtype="ipv4"/><ports><port protocol="tcp" portid="5060"><state state="open" reason="syn-ack" reason_ttl="49"/></port></ports></host>
<host endtime="1733431737"><address addr="202.46.249.250" addrtype="ipv4"/><ports><port protocol="tcp" portid="5060"><state state="open" reason="syn-ack" reason_ttl="50"/></port></ports></host>
<host endtime="1733431737"><address addr="202.46.250.238" addrtype="ipv4"/><ports><port protocol="tcp" portid="5060"><state state="open" reason="syn-ack" reason_ttl="51"/></port></ports></host>
<host endtime="1733431744"><address addr="103.177.50.86" addrtype="ipv4"/><ports><port protocol="tcp" portid="5061"><state state="open" reason="syn-ack" reason_ttl="120"/></port></ports></host>
<host endtime="1733431744"><address addr="199.201.236.170" addrtype="ipv4"/><ports><port protocol="tcp" portid="5060"><state state="open" reason="syn-ack" reason_ttl="47"/></port></ports></host>
<host endtime="1733431746"><address addr="202.46.252.147" addrtype="ipv4"/><ports><port protocol="tcp" portid="5060"><state state="open" reason="syn-ack" reason_ttl="50"/></port></ports></host>
<host endtime="1733431749"><address addr="202.46.10.7" addrtype="ipv4"/><ports><port protocol="tcp" portid="5061"><state state="open" reason="syn-ack" reason_ttl="50"/></port></ports></host>
<host endtime="1733431750"><address addr="202.46.1.76" addrtype="ipv4"/><ports><port protocol="tcp" portid="5060"><state state="open" reason="syn-ack" reason_ttl="51"/></port></ports></host>
<host endtime="1733431755"><address addr="103.83.19.182" addrtype="ipv4"/><ports><port protocol="tcp" portid="5060"><state state="open" reason="syn-ack" reason_ttl="48"/></port></ports></host>
<host endtime="1733431758"><address addr="202.46.5.252" addrtype="ipv4"/><ports><port protocol="tcp" portid="5060"><state state="open" reason="syn-ack" reason_ttl="51"/></port></ports></host>
<host endtime="1733431762"><address addr="103.177.50.92" addrtype="ipv4"/><ports><port protocol="tcp" portid="5061"><state state="open" reason="syn-ack" reason_ttl="57"/></port></ports></host>
<host endtime="1733431765"><address addr="202.46.247.203" addrtype="ipv4"/><ports><port protocol="tcp" portid="5060"><state state="open" reason="syn-ack" reason_ttl="51"/></port></ports></host>
<host endtime="1733431766"><address addr="102.219.129.24" addrtype="ipv4"/><ports><port protocol="tcp" portid="5060"><state state="open" reason="syn-ack" reason_ttl="39"/></port></ports></host>
<host endtime="1733431769"><address addr="202.46.3.208" addrtype="ipv4"/><ports><port protocol="tcp" portid="5060"><state state="open" reason="syn-ack" reason_ttl="51"/></port></ports></host>
<host endtime="1733431773"><address addr="202.46.0.61" addrtype="ipv4"/><ports><port protocol="tcp" portid="5060"><state state="open" reason="syn-ack" reason_ttl="51"/></port></ports></host>
<host endtime="1733431775"><address addr="202.46.10.167" addrtype="ipv4"/><ports><port protocol="tcp" portid="5060"><state state="open" reason="syn-ack" reason_ttl="51"/></port></ports></host>
<host endtime="1733431777"><address addr="202.46.246.184" addrtype="ipv4"/><ports><port protocol="tcp" portid="5060"><state state="open" reason="syn-ack" reason_ttl="51"/></port></ports></host>
<host endtime="1733431781"><address addr="193.103.200.87" addrtype="ipv4"/><ports><port protocol="tcp" portid="5060"><state state="open" reason="syn-ack" reason_ttl="54"/></port></ports></host>
<host endtime="1733431783"><address addr="199.123.25.247" addrtype="ipv4"/><ports><port protocol="tcp" portid="5060"><state state="open" reason="syn-ack" reason_ttl="229"/></port></ports></host>
<host endtime="1733431786"><address addr="202.46.15.246" addrtype="ipv4"/><ports><port protocol="tcp" portid="5060"><state state="open" reason="syn-ack" reason_ttl="51"/></port></ports></host>
<host endtime="1733431786"><address addr="103.83.18.189" addrtype="ipv4"/><ports><port protocol="tcp" portid="5060"><state state="open" reason="syn-ack" reason_ttl="48"/></port></ports></host>
<host endtime="1733431789"><address addr="103.83.18.20" addrtype="ipv4"/><ports><port protocol="tcp" portid="5060"><state state="open" reason="syn-ack" reason_ttl="48"/></port></ports></host>
<host endtime="1733431793"><address addr="199.123.26.151" addrtype="ipv4"/><ports><port protocol="tcp" portid="5060"><state state="open" reason="syn-ack" reason_ttl="229"/></port></ports></host>
<host endtime="1733431801"><address addr="202.46.14.35" addrtype="ipv4"/><ports><port protocol="tcp" portid="5060"><state state="open" reason="syn-ack" reason_ttl="50"/></port></ports></host>
<host endtime="1733431801"><address addr="202.46.253.122" addrtype="ipv4"/><ports><port protocol="tcp" portid="5060"><state state="open" reason="syn-ack" reason_ttl="50"/></port></ports></host>
<host endtime="1733431805"><address addr="202.46.13.222" addrtype="ipv4"/><ports><port protocol="tcp" portid="5060"><state state="open" reason="syn-ack" reason_ttl="51"/></port></ports></host>
<host endtime="1733431806"><address addr="202.46.1.179" addrtype="ipv4"/><ports><port protocol="tcp" portid="5060"><state state="open" reason="syn-ack" reason_ttl="51"/></port></ports></host>
<host endtime="1733431806"><address addr="202.46.1.127" addrtype="ipv4"/><ports><port protocol="tcp" portid="5060"><state state="open" reason="syn-ack" reason_ttl="50"/></port></ports></host>
<host endtime="1733431812"><address addr="202.46.246.93" addrtype="ipv4"/><ports><port protocol="tcp" portid="5060"><state state="open" reason="syn-ack" reason_ttl="50"/></port></ports></host>
<host endtime="1733431821"><address addr="193.98.119.14" addrtype="ipv4"/><ports><port protocol="tcp" portid="5060"><state state="open" reason="syn-ack" reason_ttl="49"/></port></ports></host>
<host endtime="1733431821"><address addr="202.46.246.80" addrtype="ipv4"/><ports><port protocol="tcp" portid="5060"><state state="open" reason="syn-ack" reason_ttl="51"/></port></ports></host>
<host endtime="1733431822"><address addr="202.46.0.6" addrtype="ipv4"/><ports><port protocol="tcp" portid="5060"><state state="open" reason="syn-ack" reason_ttl="50"/></port></ports></host>
<host endtime="1733431823"><address addr="202.46.2.237" addrtype="ipv4"/><ports><port protocol="tcp" portid="5060"><state state="open" reason="syn-ack" reason_ttl="51"/></port></ports></host>
<host endtime="1733431823"><address addr="199.123.27.195" addrtype="ipv4"/><ports><port protocol="tcp" portid="5060"><state state="open" reason="syn-ack" reason_ttl="229"/></port></ports></host>
<host endtime="1733431825"><address addr="202.46.7.42" addrtype="ipv4"/><ports><port protocol="tcp" portid="5060"><state state="open" reason="syn-ack" reason_ttl="50"/></port></ports></host>
<host endtime="1733431825"><address addr="202.46.244.201" addrtype="ipv4"/><ports><port protocol="tcp" portid="5060"><state state="open" reason="syn-ack" reason_ttl="50"/></port></ports></host>
<host endtime="1733431826"><address addr="202.46.244.12" addrtype="ipv4"/><ports><port protocol="tcp" portid="5060"><state state="open" reason="syn-ack" reason_ttl="50"/></port></ports></host>
<host endtime="1733431829"><address addr="202.46.5.217" addrtype="ipv4"/><ports><port protocol="tcp" portid="5060"><state state="open" reason="syn-ack" reason_ttl="51"/></port></ports></host>
<host endtime="1733431830"><address addr="202.46.13.182" addrtype="ipv4"/><ports><port protocol="tcp" portid="5060"><state state="open" reason="syn-ack" reason_ttl="51"/></port></ports></host>
<host endtime="1733431834"><address addr="199.201.236.160" addrtype="ipv4"/><ports><port protocol="tcp" portid="5060"><state state="open" reason="syn-ack" reason_ttl="47"/></port></ports></host>
<host endtime="1733431835"><address addr="202.46.10.35" addrtype="ipv4"/><ports><port protocol="tcp" portid="5060"><state state="open" reason="syn-ack" reason_ttl="50"/></port></ports></host>
<host endtime="1733431840"><address addr="202.46.15.217" addrtype="ipv4"/><ports><port protocol="tcp" portid="5060"><state state="open" reason="syn-ack" reason_ttl="51"/></port></ports></host>
<host endtime="1733431842"><address addr="202.46.249.24" addrtype="ipv4"/><ports><port protocol="tcp" portid="5060"><state state="open" reason="syn-ack" reason_ttl="51"/></port></ports></host>
<host endtime="1733431846"><address addr="193.98.229.159" addrtype="ipv4"/><ports><port protocol="tcp" portid="5061"><state state="open" reason="syn-ack" reason_ttl="49"/></port></ports></host>
<host endtime="1733431852"><address addr="202.46.254.71" addrtype="ipv4"/><ports><port protocol="tcp" portid="5060"><state state="open" reason="syn-ack" reason_ttl="51"/></port></ports></host>
<host endtime="1733431859"><address addr="202.46.9.94" addrtype="ipv4"/><ports><port protocol="tcp" portid="5060"><state state="open" reason="syn-ack" reason_ttl="51"/></port></ports></host>
<host endtime="1733431861"><address addr="202.46.240.216" addrtype="ipv4"/><ports><port protocol="tcp" portid="5060"><state state="open" reason="syn-ack" reason_ttl="51"/></port></ports></host>
<host endtime="1733431864"><address addr="202.46.244.226" addrtype="ipv4"/><ports><port protocol="tcp" portid="5060"><state state="open" reason="syn-ack" reason_ttl="50"/></port></ports></host>
<host endtime="1733431864"><address addr="202.46.4.188" addrtype="ipv4"/><ports><port protocol="tcp" portid="5060"><state state="open" reason="syn-ack" reason_ttl="51"/></port></ports></host>
<host endtime="1733431866"><address addr="202.46.13.139" addrtype="ipv4"/><ports><port protocol="tcp" portid="5060"><state state="open" reason="syn-ack" reason_ttl="51"/></port></ports></host>
<host endtime="1733431867"><address addr="202.46.250.251" addrtype="ipv4"/><ports><port protocol="tcp" portid="5060"><state state="open" reason="syn-ack" reason_ttl="50"/></port></ports></host>
<host endtime="1733431868"><address addr="193.98.229.4" addrtype="ipv4"/><ports><port protocol="tcp" portid="5060"><state state="open" reason="syn-ack" reason_ttl="49"/></port></ports></host>
<host endtime="1733431868"><address addr="202.46.13.107" addrtype="ipv4"/><ports><port protocol="tcp" portid="5060"><state state="open" reason="syn-ack" reason_ttl="51"/></port></ports></host>
<host endtime="1733431871"><address addr="199.201.237.117" addrtype="ipv4"/><ports><port protocol="tcp" portid="5060"><state state="open" reason="syn-ack" reason_ttl="47"/></port></ports></host>
<host endtime="1733431878"><address addr="202.46.252.98" addrtype="ipv4"/><ports><port protocol="tcp" portid="5060"><state state="open" reason="syn-ack" reason_ttl="50"/></port></ports></host>
<host endtime="1733431883"><address addr="202.46.250.70" addrtype="ipv4"/><ports><port protocol="tcp" portid="5060"><state state="open" reason="syn-ack" reason_ttl="51"/></port></ports></host>
<host endtime="1733431888"><address addr="202.46.8.9" addrtype="ipv4"/><ports><port protocol="tcp" portid="5061"><state state="open" reason="syn-ack" reason_ttl="49"/></port></ports></host>
<host endtime="1733431891"><address addr="202.46.248.147" addrtype="ipv4"/><ports><port protocol="tcp" portid="5060"><state state="open" reason="syn-ack" reason_ttl="51"/></port></ports></host>
<host endtime="1733431892"><address addr="202.46.13.40" addrtype="ipv4"/><ports><port protocol="tcp" portid="5060"><state state="open" reason="syn-ack" reason_ttl="50"/></port></ports></host>
<host endtime="1733431894"><address addr="202.46.247.110" addrtype="ipv4"/><ports><port protocol="tcp" portid="5060"><state state="open" reason="syn-ack" reason_ttl="51"/></port></ports></host>
<host endtime="1733431895"><address addr="202.46.245.183" addrtype="ipv4"/><ports><port protocol="tcp" portid="5060"><state state="open" reason="syn-ack" reason_ttl="51"/></port></ports></host>
<host endtime="1733431898"><address addr="202.46.15.99" addrtype="ipv4"/><ports><port protocol="tcp" portid="5060"><state state="open" reason="syn-ack" reason_ttl="50"/></port></ports></host>
<host endtime="1733431900"><address addr="202.46.240.74" addrtype="ipv4"/><ports><port protocol="tcp" portid="5060"><state state="open" reason="syn-ack" reason_ttl="51"/></port></ports></host>
<host endtime="1733431900"><address addr="199.123.26.203" addrtype="ipv4"/><ports><port protocol="tcp" portid="5060"><state state="open" reason="syn-ack" reason_ttl="229"/></port></ports></host>
<host endtime="1733431903"><address addr="202.46.15.61" addrtype="ipv4"/><ports><port protocol="tcp" portid="5060"><state state="open" reason="syn-ack" reason_ttl="51"/></port></ports></host>
<host endtime="1733431906"><address addr="103.83.18.187" addrtype="ipv4"/><ports><port protocol="tcp" portid="5060"><state state="open" reason="syn-ack" reason_ttl="48"/></port></ports></host>
<host endtime="1733431907"><address addr="103.224.214.14" addrtype="ipv4"/><ports><port protocol="tcp" portid="5060"><state state="open" reason="syn-ack" reason_ttl="48"/></port></ports></host>
<host endtime="1733431907"><address addr="199.201.236.16" addrtype="ipv4"/><ports><port protocol="tcp" portid="5060"><state state="open" reason="syn-ack" reason_ttl="47"/></port></ports></host>
<host endtime="1733431912"><address addr="202.46.13.198" addrtype="ipv4"/><ports><port protocol="tcp" portid="5060"><state state="open" reason="syn-ack" reason_ttl="50"/></port></ports></host>
<host endtime="1733431913"><address addr="202.46.240.52" addrtype="ipv4"/><ports><port protocol="tcp" portid="5060"><state state="open" reason="syn-ack" reason_ttl="51"/></port></ports></host>
<host endtime="1733431915"><address addr="103.224.215.239" addrtype="ipv4"/><ports><port protocol="tcp" portid="5060"><state state="open" reason="syn-ack" reason_ttl="48"/></port></ports></host>
<host endtime="1733431916"><address addr="202.46.10.230" addrtype="ipv4"/><ports><port protocol="tcp" portid="5060"><state state="open" reason="syn-ack" reason_ttl="50"/></port></ports></host>
<host endtime="1733431919"><address addr="199.123.24.174" addrtype="ipv4"/><ports><port protocol="tcp" portid="5060"><state state="open" reason="syn-ack" reason_ttl="229"/></port></ports></host>
<host endtime="1733431919"><address addr="202.46.246.255" addrtype="ipv4"/><ports><port protocol="tcp" portid="5060"><state state="open" reason="syn-ack" reason_ttl="50"/></port></ports></host>
<host endtime="1733431922"><address addr="202.46.249.155" addrtype="ipv4"/><ports><port protocol="tcp" portid="5060"><state state="open" reason="syn-ack" reason_ttl="51"/></port></ports></host>
<host endtime="1733431923"><address addr="202.46.7.94" addrtype="ipv4"/><ports><port protocol="tcp" portid="5060"><state state="open" reason="syn-ack" reason_ttl="51"/></port></ports></host>
<host endtime="1733431926"><address addr="202.46.9.183" addrtype="ipv4"/><ports><port protocol="tcp" portid="5060"><state state="open" reason="syn-ack" reason_ttl="51"/></port></ports></host>
<host endtime="1733431927"><address addr="202.46.14.81" addrtype="ipv4"/><ports><port protocol="tcp" portid="5060"><state state="open" reason="syn-ack" reason_ttl="51"/></port></ports></host>
<host endtime="1733431928"><address addr="193.98.229.47" addrtype="ipv4"/><ports><port protocol="tcp" portid="5060"><state state="open" reason="syn-ack" reason_ttl="49"/></port></ports></host>
<host endtime="1733431930"><address addr="202.46.1.50" addrtype="ipv4"/><ports><port protocol="tcp" portid="5060"><state state="open" reason="syn-ack" reason_ttl="51"/></port></ports></host>
<host endtime="1733431930"><address addr="202.46.252.97" addrtype="ipv4"/><ports><port protocol="tcp" portid="5060"><state state="open" reason="syn-ack" reason_ttl="50"/></port></ports></host>
<host endtime="1733431931"><address addr="202.46.8.179" addrtype="ipv4"/><ports><port protocol="tcp" portid="5060"><state state="open" reason="syn-ack" reason_ttl="50"/></port></ports></host>
<host endtime="1733431932"><address addr="202.46.249.59" addrtype="ipv4"/><ports><port protocol="tcp" portid="5060"><state state="open" reason="syn-ack" reason_ttl="51"/></port></ports></host>
<host endtime="1733431933"><address addr="202.46.254.73" addrtype="ipv4"/><ports><port protocol="tcp" portid="5060"><state state="open" reason="syn-ack" reason_ttl="51"/></port></ports></host>
<host endtime="1733431934"><address addr="103.224.215.253" addrtype="ipv4"/><ports><port protocol="tcp" portid="5060"><state state="open" reason="syn-ack" reason_ttl="48"/></port></ports></host>
<host endtime="1733431938"><address addr="199.123.25.85" addrtype="ipv4"/><ports><port protocol="tcp" portid="5060"><state state="open" reason="syn-ack" reason_ttl="229"/></port></ports></host>
<host endtime="1733431942"><address addr="202.46.255.169" addrtype="ipv4"/><ports><port protocol="tcp" portid="5060"><state state="open" reason="syn-ack" reason_ttl="51"/></port></ports></host>
<host endtime="1733431943"><address addr="202.46.0.94" addrtype="ipv4"/><ports><port protocol="tcp" portid="5060"><state state="open" reason="syn-ack" reason_ttl="51"/></port></ports></host>
<host endtime="1733431943"><address addr="202.46.253.243" addrtype="ipv4"/><ports><port protocol="tcp" portid="5060"><state state="open" reason="syn-ack" reason_ttl="51"/></port></ports></host>
<host endtime="1733431945"><address addr="202.46.15.205" addrtype="ipv4"/><ports><port protocol="tcp" portid="5060"><state state="open" reason="syn-ack" reason_ttl="51"/></port></ports></host>
<host endtime="1733431951"><address addr="202.46.14.107" addrtype="ipv4"/><ports><port protocol="tcp" portid="5060"><state state="open" reason="syn-ack" reason_ttl="51"/></port></ports></host>
<host endtime="1733431957"><address addr="202.46.0.188" addrtype="ipv4"/><ports><port protocol="tcp" portid="5060"><state state="open" reason="syn-ack" reason_ttl="51"/></port></ports></host>
<host endtime="1733431958"><address addr="202.46.5.117" addrtype="ipv4"/><ports><port protocol="tcp" portid="5060"><state state="open" reason="syn-ack" reason_ttl="50"/></port></ports></host>
<host endtime="1733431959"><address addr="202.46.9.22" addrtype="ipv4"/><ports><port protocol="tcp" portid="5060"><state state="open" reason="syn-ack" reason_ttl="51"/></port></ports></host>
<host endtime="1733431966"><address addr="202.46.12.111" addrtype="ipv4"/><ports><port protocol="tcp" portid="5060"><state state="open" reason="syn-ack" reason_ttl="50"/></port></ports></host>
<host endtime="1733431966"><address addr="193.103.200.18" addrtype="ipv4"/><ports><port protocol="tcp" portid="5060"><state state="open" reason="syn-ack" reason_ttl="54"/></port></ports></host>
<host endtime="1733431968"><address addr="193.98.119.159" addrtype="ipv4"/><ports><port protocol="tcp" portid="5060"><state state="open" reason="syn-ack" reason_ttl="48"/></port></ports></host>
<host endtime="1733431969"><address addr="202.46.251.162" addrtype="ipv4"/><ports><port protocol="tcp" portid="5060"><state state="open" reason="syn-ack" reason_ttl="51"/></port></ports></host>
<host endtime="1733431969"><address addr="202.46.251.124" addrtype="ipv4"/><ports><port protocol="tcp" portid="5060"><state state="open" reason="syn-ack" reason_ttl="51"/></port></ports></host>
<host endtime="1733431972"><address addr="202.46.251.187" addrtype="ipv4"/><ports><port protocol="tcp" portid="5060"><state state="open" reason="syn-ack" reason_ttl="51"/></port></ports></host>
<host endtime="1733431978"><address addr="202.46.249.236" addrtype="ipv4"/><ports><port protocol="tcp" portid="5060"><state state="open" reason="syn-ack" reason_ttl="50"/></port></ports></host>
<host endtime="1733431983"><address addr="202.46.4.212" addrtype="ipv4"/><ports><port protocol="tcp" portid="5060"><state state="open" reason="syn-ack" reason_ttl="51"/></port></ports></host>
<host endtime="1733431986"><address addr="202.46.251.173" addrtype="ipv4"/><ports><port protocol="tcp" portid="5060"><state state="open" reason="syn-ack" reason_ttl="50"/></port></ports></host>
<host endtime="1733431987"><address addr="202.46.10.16" addrtype="ipv4"/><ports><port protocol="tcp" portid="5060"><state state="open" reason="syn-ack" reason_ttl="51"/></port></ports></host>
<host endtime="1733431989"><address addr="202.46.254.120" addrtype="ipv4"/><ports><port protocol="tcp" portid="5060"><state state="open" reason="syn-ack" reason_ttl="51"/></port></ports></host>
<host endtime="1733431992"><address addr="199.123.25.50" addrtype="ipv4"/><ports><port protocol="tcp" portid="5060"><state state="open" reason="syn-ack" reason_ttl="229"/></port></ports></host>
<host endtime="1733431994"><address addr="202.46.249.101" addrtype="ipv4"/><ports><port protocol="tcp" portid="5060"><state state="open" reason="syn-ack" reason_ttl="50"/></port></ports></host>
<host endtime="1733432008"><address addr="202.46.3.25" addrtype="ipv4"/><ports><port protocol="tcp" portid="5060"><state state="open" reason="syn-ack" reason_ttl="51"/></port></ports></host>
<host endtime="1733432008"><address addr="202.46.242.74" addrtype="ipv4"/><ports><port protocol="tcp" portid="5060"><state state="open" reason="syn-ack" reason_ttl="50"/></port></ports></host>
<host endtime="1733432009"><address addr="202.46.9.181" addrtype="ipv4"/><ports><port protocol="tcp" portid="5060"><state state="open" reason="syn-ack" reason_ttl="50"/></port></ports></host>
<host endtime="1733432009"><address addr="202.46.14.116" addrtype="ipv4"/><ports><port protocol="tcp" portid="5060"><state state="open" reason="syn-ack" reason_ttl="50"/></port></ports></host>
<host endtime="1733432011"><address addr="202.46.247.209" addrtype="ipv4"/><ports><port protocol="tcp" portid="5060"><state state="open" reason="syn-ack" reason_ttl="51"/></port></ports></host>
<host endtime="1733432011"><address addr="202.46.253.71" addrtype="ipv4"/><ports><port protocol="tcp" portid="5060"><state state="open" reason="syn-ack" reason_ttl="51"/></port></ports></host>
<host endtime="1733432011"><address addr="202.46.248.59" addrtype="ipv4"/><ports><port protocol="tcp" portid="5060"><state state="open" reason="syn-ack" reason_ttl="51"/></port></ports></host>
<host endtime="1733432012"><address addr="202.46.9.182" addrtype="ipv4"/><ports><port protocol="tcp" portid="5060"><state state="open" reason="syn-ack" reason_ttl="50"/></port></ports></host>
<host endtime="1733432014"><address addr="202.46.249.165" addrtype="ipv4"/><ports><port protocol="tcp" portid="5060"><state state="open" reason="syn-ack" reason_ttl="51"/></port></ports></host>
<host endtime="1733432018"><address addr="202.46.1.137" addrtype="ipv4"/><ports><port protocol="tcp" portid="5061"><state state="open" reason="syn-ack" reason_ttl="50"/></port></ports></host>
<host endtime="1733432019"><address addr="202.46.248.106" addrtype="ipv4"/><ports><port protocol="tcp" portid="5060"><state state="open" reason="syn-ack" reason_ttl="51"/></port></ports></host>
<host endtime="1733432024"><address addr="202.46.254.78" addrtype="ipv4"/><ports><port protocol="tcp" portid="5060"><state state="open" reason="syn-ack" reason_ttl="50"/></port></ports></host>
<host endtime="1733432026"><address addr="202.46.0.139" addrtype="ipv4"/><ports><port protocol="tcp" portid="5060"><state state="open" reason="syn-ack" reason_ttl="50"/></port></ports></host>
<host endtime="1733432029"><address addr="202.46.240.13" addrtype="ipv4"/><ports><port protocol="tcp" portid="5060"><state state="open" reason="syn-ack" reason_ttl="50"/></port></ports></host>
<host endtime="1733432030"><address addr="202.46.3.84" addrtype="ipv4"/><ports><port protocol="tcp" portid="5060"><state state="open" reason="syn-ack" reason_ttl="51"/></port></ports></host>
<host endtime="1733432031"><address addr="202.46.10.241" addrtype="ipv4"/><ports><port protocol="tcp" portid="5060"><state state="open" reason="syn-ack" reason_ttl="51"/></port></ports></host>
<host endtime="1733432035"><address addr="103.83.19.152" addrtype="ipv4"/><ports><port protocol="tcp" portid="5060"><state state="open" reason="syn-ack" reason_ttl="48"/></port></ports></host>
<host endtime="1733432037"><address addr="202.46.243.5" addrtype="ipv4"/><ports><port protocol="tcp" portid="5060"><state state="open" reason="syn-ack" reason_ttl="51"/></port></ports></host>
<host endtime="1733432037"><address addr="202.46.11.32" addrtype="ipv4"/><ports><port protocol="tcp" portid="5060"><state state="open" reason="syn-ack" reason_ttl="51"/></port></ports></host>
<host endtime="1733432038"><address addr="202.46.1.181" addrtype="ipv4"/><ports><port protocol="tcp" portid="5060"><state state="open" reason="syn-ack" reason_ttl="50"/></port></ports></host>
<host endtime="1733432038"><address addr="202.46.249.225" addrtype="ipv4"/><ports><port protocol="tcp" portid="5060"><state state="open" reason="syn-ack" reason_ttl="51"/></port></ports></host>
<host endtime="1733432043"><address addr="202.46.7.215" addrtype="ipv4"/><ports><port protocol="tcp" portid="5060"><state state="open" reason="syn-ack" reason_ttl="50"/></port></ports></host>
<host endtime="1733432044"><address addr="103.177.50.82" addrtype="ipv4"/><ports><port protocol="tcp" portid="5060"><state state="open" reason="syn-ack" reason_ttl="57"/></port></ports></host>
<host endtime="1733432045"><address addr="202.46.243.138" addrtype="ipv4"/><ports><port protocol="tcp" portid="5060"><state state="open" reason="syn-ack" reason_ttl="51"/></port></ports></host>
<host endtime="1733432046"><address addr="202.46.3.11" addrtype="ipv4"/><ports><port protocol="tcp" portid="5060"><state state="open" reason="syn-ack" reason_ttl="51"/></port></ports></host>
<host endtime="1733432049"><address addr="199.123.25.75" addrtype="ipv4"/><ports><port protocol="tcp" portid="5060"><state state="open" reason="syn-ack" reason_ttl="229"/></port></ports></host>
<host endtime="1733432050"><address addr="202.46.4.57" addrtype="ipv4"/><ports><port protocol="tcp" portid="5060"><state state="open" reason="syn-ack" reason_ttl="50"/></port></ports></host>
<host endtime="1733432054"><address addr="202.46.8.78" addrtype="ipv4"/><ports><port protocol="tcp" portid="5060"><state state="open" reason="syn-ack" reason_ttl="51"/></port></ports></host>
<host endtime="1733432056"><address addr="202.46.246.234" addrtype="ipv4"/><ports><port protocol="tcp" portid="5060"><state state="open" reason="syn-ack" reason_ttl="51"/></port></ports></host>
<host endtime="1733432059"><address addr="202.46.253.26" addrtype="ipv4"/><ports><port protocol="tcp" portid="5060"><state state="open" reason="syn-ack" reason_ttl="51"/></port></ports></host>
<host endtime="1733432061"><address addr="202.46.10.111" addrtype="ipv4"/><ports><port protocol="tcp" portid="5060"><state state="open" reason="syn-ack" reason_ttl="50"/></port></ports></host>
<host endtime="1733432062"><address addr="103.83.18.128" addrtype="ipv4"/><ports><port protocol="tcp" portid="5060"><state state="open" reason="syn-ack" reason_ttl="48"/></port></ports></host>
<host endtime="1733432063"><address addr="202.46.15.71" addrtype="ipv4"/><ports><port protocol="tcp" portid="5060"><state state="open" reason="syn-ack" reason_ttl="51"/></port></ports></host>
<host endtime="1733432063"><address addr="202.46.245.120" addrtype="ipv4"/><ports><port protocol="tcp" portid="5060"><state state="open" reason="syn-ack" reason_ttl="51"/></port></ports></host>
<host endtime="1733432071"><address addr="202.46.14.214" addrtype="ipv4"/><ports><port protocol="tcp" portid="5060"><state state="open" reason="syn-ack" reason_ttl="51"/></port></ports></host>
<host endtime="1733432072"><address addr="202.46.243.205" addrtype="ipv4"/><ports><port protocol="tcp" portid="5060"><state state="open" reason="syn-ack" reason_ttl="51"/></port></ports></host>
<host endtime="1733432074"><address addr="202.46.255.184" addrtype="ipv4"/><ports><port protocol="tcp" portid="5060"><state state="open" reason="syn-ack" reason_ttl="50"/></port></ports></host>
<host endtime="1733432078"><address addr="202.46.7.247" addrtype="ipv4"/><ports><port protocol="tcp" portid="5060"><state state="open" reason="syn-ack" reason_ttl="51"/></port></ports></host>
<host endtime="1733432080"><address addr="202.46.6.213" addrtype="ipv4"/><ports><port protocol="tcp" portid="5060"><state state="open" reason="syn-ack" reason_ttl="51"/></port></ports></host>
<host endtime="1733432083"><address addr="202.46.252.36" addrtype="ipv4"/><ports><port protocol="tcp" portid="5060"><state state="open" reason="syn-ack" reason_ttl="50"/></port></ports></host>
<host endtime="1733432087"><address addr="202.46.252.126" addrtype="ipv4"/><ports><port protocol="tcp" portid="5060"><state state="open" reason="syn-ack" reason_ttl="50"/></port></ports></host>
<host endtime="1733432094"><address addr="199.123.26.150" addrtype="ipv4"/><ports><port protocol="tcp" portid="5060"><state state="open" reason="syn-ack" reason_ttl="229"/></port></ports></host>
<host endtime="1733432096"><address addr="202.46.248.160" addrtype="ipv4"/><ports><port protocol="tcp" portid="5060"><state state="open" reason="syn-ack" reason_ttl="51"/></port></ports></host>
<host endtime="1733432097"><address addr="202.46.254.186" addrtype="ipv4"/><ports><port protocol="tcp" portid="5060"><state state="open" reason="syn-ack" reason_ttl="50"/></port></ports></host>
<host endtime="1733432099"><address addr="202.46.248.209" addrtype="ipv4"/><ports><port protocol="tcp" portid="5060"><state state="open" reason="syn-ack" reason_ttl="51"/></port></ports></host>
<host endtime="1733432102"><address addr="202.46.8.21" addrtype="ipv4"/><ports><port protocol="tcp" portid="5060"><state state="open" reason="syn-ack" reason_ttl="51"/></port></ports></host>
<host endtime="1733432105"><address addr="202.46.9.247" addrtype="ipv4"/><ports><port protocol="tcp" portid="5060"><state state="open" reason="syn-ack" reason_ttl="50"/></port></ports></host>
<host endtime="1733432106"><address addr="202.46.243.197" addrtype="ipv4"/><ports><port protocol="tcp" portid="5060"><state state="open" reason="syn-ack" reason_ttl="51"/></port></ports></host>
<host endtime="1733432107"><address addr="199.123.27.174" addrtype="ipv4"/><ports><port protocol="tcp" portid="5060"><state state="open" reason="syn-ack" reason_ttl="229"/></port></ports></host>
<host endtime="1733432110"><address addr="202.46.241.199" addrtype="ipv4"/><ports><port protocol="tcp" portid="5060"><state state="open" reason="syn-ack" reason_ttl="51"/></port></ports></host>
<host endtime="1733432116"><address addr="202.46.246.97" addrtype="ipv4"/><ports><port protocol="tcp" portid="5060"><state state="open" reason="syn-ack" reason_ttl="51"/></port></ports></host>
<host endtime="1733432116"><address addr="202.46.250.203" addrtype="ipv4"/><ports><port protocol="tcp" portid="5060"><state state="open" reason="syn-ack" reason_ttl="51"/></port></ports></host>
<host endtime="1733432117"><address addr="202.46.15.243" addrtype="ipv4"/><ports><port protocol="tcp" portid="5060"><state state="open" reason="syn-ack" reason_ttl="50"/></port></ports></host>
<host endtime="1733432119"><address addr="103.224.215.209" addrtype="ipv4"/><ports><port protocol="tcp" portid="5060"><state state="open" reason="syn-ack" reason_ttl="48"/></port></ports></host>
<host endtime="1733432119"><address addr="193.103.200.197" addrtype="ipv4"/><ports><port protocol="tcp" portid="5060"><state state="open" reason="syn-ack" reason_ttl="54"/></port></ports></host>
<host endtime="1733432119"><address addr="202.46.3.180" addrtype="ipv4"/><ports><port protocol="tcp" portid="5060"><state state="open" reason="syn-ack" reason_ttl="51"/></port></ports></host>
<host endtime="1733432120"><address addr="103.83.18.109" addrtype="ipv4"/><ports><port protocol="tcp" portid="5060"><state state="open" reason="syn-ack" reason_ttl="48"/></port></ports></host>
<host endtime="1733432125"><address addr="202.46.245.161" addrtype="ipv4"/><ports><port protocol="tcp" portid="5060"><state state="open" reason="syn-ack" reason_ttl="51"/></port></ports></host>
<host endtime="1733432125"><address addr="202.46.241.98" addrtype="ipv4"/><ports><port protocol="tcp" portid="5060"><state state="open" reason="syn-ack" reason_ttl="51"/></port></ports></host>
<host endtime="1733432126"><address addr="202.46.253.190" addrtype="ipv4"/><ports><port protocol="tcp" portid="5060"><state state="open" reason="syn-ack" reason_ttl="51"/></port></ports></host>
<host endtime="1733432127"><address addr="202.46.252.178" addrtype="ipv4"/><ports><port protocol="tcp" portid="5060"><state state="open" reason="syn-ack" reason_ttl="50"/></port></ports></host>
<host endtime="1733432132"><address addr="199.123.26.10" addrtype="ipv4"/><ports><port protocol="tcp" portid="5060"><state state="open" reason="syn-ack" reason_ttl="229"/></port></ports></host>
<host endtime="1733432137"><address addr="193.98.229.78" addrtype="ipv4"/><ports><port protocol="tcp" portid="5061"><state state="open" reason="syn-ack" reason_ttl="48"/></port></ports></host>
<host endtime="1733432141"><address addr="202.46.11.3" addrtype="ipv4"/><ports><port protocol="tcp" portid="5060"><state state="open" reason="syn-ack" reason_ttl="50"/></port></ports></host>
<host endtime="1733432141"><address addr="202.46.246.204" addrtype="ipv4"/><ports><port protocol="tcp" portid="5060"><state state="open" reason="syn-ack" reason_ttl="50"/></port></ports></host>
<host endtime="1733432144"><address addr="202.46.13.185" addrtype="ipv4"/><ports><port protocol="tcp" portid="5060"><state state="open" reason="syn-ack" reason_ttl="51"/></port></ports></host>
<host endtime="1733432145"><address addr="202.46.9.113" addrtype="ipv4"/><ports><port protocol="tcp" portid="5060"><state state="open" reason="syn-ack" reason_ttl="50"/></port></ports></host>
<host endtime="1733432147"><address addr="193.103.200.153" addrtype="ipv4"/><ports><port protocol="tcp" portid="5060"><state state="open" reason="syn-ack" reason_ttl="52"/></port></ports></host>
<host endtime="1733432148"><address addr="202.46.0.168" addrtype="ipv4"/><ports><port protocol="tcp" portid="5060"><state state="open" reason="syn-ack" reason_ttl="51"/></port></ports></host>
<host endtime="1733432152"><address addr="202.46.1.199" addrtype="ipv4"/><ports><port protocol="tcp" portid="5060"><state state="open" reason="syn-ack" reason_ttl="50"/></port></ports></host>
<host endtime="1733432153"><address addr="193.98.229.98" addrtype="ipv4"/><ports><port protocol="tcp" portid="5061"><state state="open" reason="syn-ack" reason_ttl="49"/></port></ports></host>
<host endtime="1733432156"><address addr="202.46.1.140" addrtype="ipv4"/><ports><port protocol="tcp" portid="5060"><state state="open" reason="syn-ack" reason_ttl="51"/></port></ports></host>
<host endtime="1733432158"><address addr="103.224.214.221" addrtype="ipv4"/><ports><port protocol="tcp" portid="5060"><state state="open" reason="syn-ack" reason_ttl="48"/></port></ports></host>
<host endtime="1733432160"><address addr="193.98.229.107" addrtype="ipv4"/><ports><port protocol="tcp" portid="5061"><state state="open" reason="syn-ack" reason_ttl="44"/></port></ports></host>
<host endtime="1733432161"><address addr="202.46.2.88" addrtype="ipv4"/><ports><port protocol="tcp" portid="5060"><state state="open" reason="syn-ack" reason_ttl="51"/></port></ports></host>
<host endtime="1733432165"><address addr="202.46.255.217" addrtype="ipv4"/><ports><port protocol="tcp" portid="5060"><state state="open" reason="syn-ack" reason_ttl="51"/></port></ports></host>
<host endtime="1733432169"><address addr="193.98.116.247" addrtype="ipv4"/><ports><port protocol="tcp" portid="5060"><state state="open" reason="syn-ack" reason_ttl="49"/></port></ports></host>
<host endtime="1733432171"><address addr="202.46.249.179" addrtype="ipv4"/><ports><port protocol="tcp" portid="5060"><state state="open" reason="syn-ack" reason_ttl="50"/></port></ports></host>
<host endtime="1733432176"><address addr="202.46.252.64" addrtype="ipv4"/><ports><port protocol="tcp" portid="5060"><state state="open" reason="syn-ack" reason_ttl="51"/></port></ports></host>
<host endtime="1733432177"><address addr="202.46.1.186" addrtype="ipv4"/><ports><port protocol="tcp" portid="5060"><state state="open" reason="syn-ack" reason_ttl="51"/></port></ports></host>
<host endtime="1733432178"><address addr="103.224.215.182" addrtype="ipv4"/><ports><port protocol="tcp" portid="5060"><state state="open" reason="syn-ack" reason_ttl="48"/></port></ports></host>
<host endtime="1733432178"><address addr="202.46.7.107" addrtype="ipv4"/><ports><port protocol="tcp" portid="5060"><state state="open" reason="syn-ack" reason_ttl="51"/></port></ports></host>
<host endtime="1733432179"><address addr="202.46.15.50" addrtype="ipv4"/><ports><port protocol="tcp" portid="5060"><state state="open" reason="syn-ack" reason_ttl="51"/></port></ports></host>
<host endtime="1733432183"><address addr="202.46.11.215" addrtype="ipv4"/><ports><port protocol="tcp" portid="5060"><state state="open" reason="syn-ack" reason_ttl="50"/></port></ports></host>
<host endtime="1733432185"><address addr="202.46.253.247" addrtype="ipv4"/><ports><port protocol="tcp" portid="5060"><state state="open" reason="syn-ack" reason_ttl="51"/></port></ports></host>
<host endtime="1733432185"><address addr="202.46.248.10" addrtype="ipv4"/><ports><port protocol="tcp" portid="5060"><state state="open" reason="syn-ack" reason_ttl="51"/></port></ports></host>
<host endtime="1733432188"><address addr="103.83.19.184" addrtype="ipv4"/><ports><port protocol="tcp" portid="5060"><state state="open" reason="syn-ack" reason_ttl="48"/></port></ports></host>
<host endtime="1733432189"><address addr="202.46.252.93" addrtype="ipv4"/><ports><port protocol="tcp" portid="5060"><state state="open" reason="syn-ack" reason_ttl="51"/></port></ports></host>
<host endtime="1733432189"><address addr="199.123.26.211" addrtype="ipv4"/><ports><port protocol="tcp" portid="5060"><state state="open" reason="syn-ack" reason_ttl="229"/></port></ports></host>
<host endtime="1733432192"><address addr="202.46.240.215" addrtype="ipv4"/><ports><port protocol="tcp" portid="5060"><state state="open" reason="syn-ack" reason_ttl="50"/></port></ports></host>
<host endtime="1733432193"><address addr="202.46.251.7" addrtype="ipv4"/><ports><port protocol="tcp" portid="5060"><state state="open" reason="syn-ack" reason_ttl="50"/></port></ports></host>
<host endtime="1733432201"><address addr="199.201.236.47" addrtype="ipv4"/><ports><port protocol="tcp" portid="5060"><state state="open" reason="syn-ack" reason_ttl="47"/></port></ports></host>
<host endtime="1733432202"><address addr="202.46.13.47" addrtype="ipv4"/><ports><port protocol="tcp" portid="5060"><state state="open" reason="syn-ack" reason_ttl="50"/></port></ports></host>
<host endtime="1733432203"><address addr="202.46.6.102" addrtype="ipv4"/><ports><port protocol="tcp" portid="5060"><state state="open" reason="syn-ack" reason_ttl="50"/></port></ports></host>
<host endtime="1733432209"><address addr="41.138.192.8" addrtype="ipv4"/><ports><port protocol="tcp" portid="5060"><state state="open" reason="syn-ack" reason_ttl="43"/></port></ports></host>
<host endtime="1733432211"><address addr="103.110.61.65" addrtype="ipv4"/><ports><port protocol="tcp" portid="5060"><state state="open" reason="syn-ack" reason_ttl="242"/></port></ports></host>
<host endtime="1733432211"><address addr="193.98.229.246" addrtype="ipv4"/><ports><port protocol="tcp" portid="5060"><state state="open" reason="syn-ack" reason_ttl="48"/></port></ports></host>
<host endtime="1733432212"><address addr="202.46.11.10" addrtype="ipv4"/><ports><port protocol="tcp" portid="5060"><state state="open" reason="syn-ack" reason_ttl="51"/></port></ports></host>
<host endtime="1733432213"><address addr="202.46.251.127" addrtype="ipv4"/><ports><port protocol="tcp" portid="5060"><state state="open" reason="syn-ack" reason_ttl="51"/></port></ports></host>
<host endtime="1733432214"><address addr="103.83.18.154" addrtype="ipv4"/><ports><port protocol="tcp" portid="5060"><state state="open" reason="syn-ack" reason_ttl="48"/></port></ports></host>
<host endtime="1733432216"><address addr="202.46.252.133" addrtype="ipv4"/><ports><port protocol="tcp" portid="5060"><state state="open" reason="syn-ack" reason_ttl="51"/></port></ports></host>
<host endtime="1733432220"><address addr="202.46.251.245" addrtype="ipv4"/><ports><port protocol="tcp" portid="5060"><state state="open" reason="syn-ack" reason_ttl="50"/></port></ports></host>
<host endtime="1733432221"><address addr="202.46.244.102" addrtype="ipv4"/><ports><port protocol="tcp" portid="5060"><state state="open" reason="syn-ack" reason_ttl="51"/></port></ports></host>
<host endtime="1733432222"><address addr="202.46.2.54" addrtype="ipv4"/><ports><port protocol="tcp" portid="5060"><state state="open" reason="syn-ack" reason_ttl="51"/></port></ports></host>
<host endtime="1733432224"><address addr="199.123.27.12" addrtype="ipv4"/><ports><port protocol="tcp" portid="5060"><state state="open" reason="syn-ack" reason_ttl="229"/></port></ports></host>
<host endtime="1733432227"><address addr="202.46.3.213" addrtype="ipv4"/><ports><port protocol="tcp" portid="5060"><state state="open" reason="syn-ack" reason_ttl="50"/></port></ports></host>
<host endtime="1733432227"><address addr="202.46.254.225" addrtype="ipv4"/><ports><port protocol="tcp" portid="5060"><state state="open" reason="syn-ack" reason_ttl="51"/></port></ports></host>
<host endtime="1733432229"><address addr="202.46.250.175" addrtype="ipv4"/><ports><port protocol="tcp" portid="5060"><state state="open" reason="syn-ack" reason_ttl="50"/></port></ports></host>
<host endtime="1733432230"><address addr="103.224.215.19" addrtype="ipv4"/><ports><port protocol="tcp" portid="5060"><state state="open" reason="syn-ack" reason_ttl="48"/></port></ports></host>
<host endtime="1733432230"><address addr="202.46.252.83" addrtype="ipv4"/><ports><port protocol="tcp" portid="5060"><state state="open" reason="syn-ack" reason_ttl="51"/></port></ports></host>
<host endtime="1733432234"><address addr="202.46.247.63" addrtype="ipv4"/><ports><port protocol="tcp" portid="5060"><state state="open" reason="syn-ack" reason_ttl="51"/></port></ports></host>
<host endtime="1733432234"><address addr="202.46.240.164" addrtype="ipv4"/><ports><port protocol="tcp" portid="5060"><state state="open" reason="syn-ack" reason_ttl="50"/></port></ports></host>
<host endtime="1733432234"><address addr="199.201.236.221" addrtype="ipv4"/><ports><port protocol="tcp" portid="5060"><state state="open" reason="syn-ack" reason_ttl="47"/></port></ports></host>
<host endtime="1733432242"><address addr="202.46.6.16" addrtype="ipv4"/><ports><port protocol="tcp" portid="5060"><state state="open" reason="syn-ack" reason_ttl="51"/></port></ports></host>
<host endtime="1733432243"><address addr="103.224.215.104" addrtype="ipv4"/><ports><port protocol="tcp" portid="5060"><state state="open" reason="syn-ack" reason_ttl="48"/></port></ports></host>
<host endtime="1733432245"><address addr="202.46.249.173" addrtype="ipv4"/><ports><port protocol="tcp" portid="5060"><state state="open" reason="syn-ack" reason_ttl="50"/></port></ports></host>
<host endtime="1733432247"><address addr="202.46.7.162" addrtype="ipv4"/><ports><port protocol="tcp" portid="5060"><state state="open" reason="syn-ack" reason_ttl="51"/></port></ports></host>
<host endtime="1733432248"><address addr="202.46.244.121" addrtype="ipv4"/><ports><port protocol="tcp" portid="5060"><state state="open" reason="syn-ack" reason_ttl="50"/></port></ports></host>
<host endtime="1733432248"><address addr="199.123.27.8" addrtype="ipv4"/><ports><port protocol="tcp" portid="5060"><state state="open" reason="syn-ack" reason_ttl="229"/></port></ports></host>
<host endtime="1733432250"><address addr="202.46.252.244" addrtype="ipv4"/><ports><port protocol="tcp" portid="5060"><state state="open" reason="syn-ack" reason_ttl="50"/></port></ports></host>
<host endtime="1733432254"><address addr="193.98.229.133" addrtype="ipv4"/><ports><port protocol="tcp" portid="5060"><state state="open" reason="syn-ack" reason_ttl="44"/></port></ports></host>
<host endtime="1733432257"><address addr="199.123.27.207" addrtype="ipv4"/><ports><port protocol="tcp" portid="5060"><state state="open" reason="syn-ack" reason_ttl="229"/></port></ports></host>
<host endtime="1733432258"><address addr="202.46.249.41" addrtype="ipv4"/><ports><port protocol="tcp" portid="5060"><state state="open" reason="syn-ack" reason_ttl="51"/></port></ports></host>
<host endtime="1733432260"><address addr="202.46.0.145" addrtype="ipv4"/><ports><port protocol="tcp" portid="5060"><state state="open" reason="syn-ack" reason_ttl="51"/></port></ports></host>
<host endtime="1733432262"><address addr="199.123.26.29" addrtype="ipv4"/><ports><port protocol="tcp" portid="5060"><state state="open" reason="syn-ack" reason_ttl="229"/></port></ports></host>
<host endtime="1733432265"><address addr="202.46.246.87" addrtype="ipv4"/><ports><port protocol="tcp" portid="5060"><state state="open" reason="syn-ack" reason_ttl="50"/></port></ports></host>
<host endtime="1733432266"><address addr="202.46.255.76" addrtype="ipv4"/><ports><port protocol="tcp" portid="5060"><state state="open" reason="syn-ack" reason_ttl="51"/></port></ports></host>
<host endtime="1733432270"><address addr="202.46.243.1" addrtype="ipv4"/><ports><port protocol="tcp" portid="5060"><state state="open" reason="syn-ack" reason_ttl="50"/></port></ports></host>
<host endtime="1733432273"><address addr="202.46.4.231" addrtype="ipv4"/><ports><port protocol="tcp" portid="5060"><state state="open" reason="syn-ack" reason_ttl="50"/></port></ports></host>
<host endtime="1733432278"><address addr="202.46.2.30" addrtype="ipv4"/><ports><port protocol="tcp" portid="5060"><state state="open" reason="syn-ack" reason_ttl="50"/></port></ports></host>
<host endtime="1733432279"><address addr="202.46.9.141" addrtype="ipv4"/><ports><port protocol="tcp" portid="5060"><state state="open" reason="syn-ack" reason_ttl="51"/></port></ports></host>
<host endtime="1733432280"><address addr="202.46.240.242" addrtype="ipv4"/><ports><port protocol="tcp" portid="5060"><state state="open" reason="syn-ack" reason_ttl="51"/></port></ports></host>
<host endtime="1733432281"><address addr="199.123.24.177" addrtype="ipv4"/><ports><port protocol="tcp" portid="5060"><state state="open" reason="syn-ack" reason_ttl="229"/></port></ports></host>
<host endtime="1733432281"><address addr="202.46.1.155" addrtype="ipv4"/><ports><port protocol="tcp" portid="5060"><state state="open" reason="syn-ack" reason_ttl="50"/></port></ports></host>
<host endtime="1733432284"><address addr="193.98.229.177" addrtype="ipv4"/><ports><port protocol="tcp" portid="5060"><state state="open" reason="syn-ack" reason_ttl="47"/></port></ports></host>
<host endtime="1733432284"><address addr="103.224.215.189" addrtype="ipv4"/><ports><port protocol="tcp" portid="5060"><state state="open" reason="syn-ack" reason_ttl="48"/></port></ports></host>
<host endtime="1733432285"><address addr="202.46.10.129" addrtype="ipv4"/><ports><port protocol="tcp" portid="5060"><state state="open" reason="syn-ack" reason_ttl="51"/></port></ports></host>
<host endtime="1733432287"><address addr="202.46.255.254" addrtype="ipv4"/><ports><port protocol="tcp" portid="5060"><state state="open" reason="syn-ack" reason_ttl="51"/></port></ports></host>
<host endtime="1733432288"><address addr="202.46.255.51" addrtype="ipv4"/><ports><port protocol="tcp" portid="5060"><state state="open" reason="syn-ack" reason_ttl="51"/></port></ports></host>
<host endtime="1733432290"><address addr="202.46.1.119" addrtype="ipv4"/><ports><port protocol="tcp" portid="5060"><state state="open" reason="syn-ack" reason_ttl="51"/></port></ports></host>
<host endtime="1733432291"><address addr="202.46.9.49" addrtype="ipv4"/><ports><port protocol="tcp" portid="5060"><state state="open" reason="syn-ack" reason_ttl="50"/></port></ports></host>
<host endtime="1733432296"><address addr="193.103.200.133" addrtype="ipv4"/><ports><port protocol="tcp" portid="5060"><state state="open" reason="syn-ack" reason_ttl="52"/></port></ports></host>
<host endtime="1733432297"><address addr="202.46.14.215" addrtype="ipv4"/><ports><port protocol="tcp" portid="5060"><state state="open" reason="syn-ack" reason_ttl="51"/></port></ports></host>
<host endtime="1733432298"><address addr="202.46.8.129" addrtype="ipv4"/><ports><port protocol="tcp" portid="5060"><state state="open" reason="syn-ack" reason_ttl="51"/></port></ports></host>
<host endtime="1733432299"><address addr="202.46.245.16" addrtype="ipv4"/><ports><port protocol="tcp" portid="5060"><state state="open" reason="syn-ack" reason_ttl="51"/></port></ports></host>
<host endtime="1733432300"><address addr="202.46.245.51" addrtype="ipv4"/><ports><port protocol="tcp" portid="5060"><state state="open" reason="syn-ack" reason_ttl="51"/></port></ports></host>
<host endtime="1733432306"><address addr="202.46.252.122" addrtype="ipv4"/><ports><port protocol="tcp" portid="5060"><state state="open" reason="syn-ack" reason_ttl="50"/></port></ports></host>
<host endtime="1733432310"><address addr="202.46.247.169" addrtype="ipv4"/><ports><port protocol="tcp" portid="5060"><state state="open" reason="syn-ack" reason_ttl="51"/></port></ports></host>
<host endtime="1733432311"><address addr="202.46.13.49" addrtype="ipv4"/><ports><port protocol="tcp" portid="5060"><state state="open" reason="syn-ack" reason_ttl="50"/></port></ports></host>
<host endtime="1733432311"><address addr="202.46.7.158" addrtype="ipv4"/><ports><port protocol="tcp" portid="5060"><state state="open" reason="syn-ack" reason_ttl="50"/></port></ports></host>
<host endtime="1733432313"><address addr="202.46.254.206" addrtype="ipv4"/><ports><port protocol="tcp" portid="5060"><state state="open" reason="syn-ack" reason_ttl="51"/></port></ports></host>
<host endtime="1733432314"><address addr="202.46.14.108" addrtype="ipv4"/><ports><port protocol="tcp" portid="5060"><state state="open" reason="syn-ack" reason_ttl="50"/></port></ports></host>
<host endtime="1733432316"><address addr="202.46.245.158" addrtype="ipv4"/><ports><port protocol="tcp" portid="5060"><state state="open" reason="syn-ack" reason_ttl="51"/></port></ports></host>
<host endtime="1733432318"><address addr="202.46.10.11" addrtype="ipv4"/><ports><port protocol="tcp" portid="5061"><state state="open" reason="syn-ack" reason_ttl="50"/></port></ports></host>
<host endtime="1733432319"><address addr="202.46.255.19" addrtype="ipv4"/><ports><port protocol="tcp" portid="5060"><state state="open" reason="syn-ack" reason_ttl="51"/></port></ports></host>
<host endtime="1733432320"><address addr="202.46.248.121" addrtype="ipv4"/><ports><port protocol="tcp" portid="5060"><state state="open" reason="syn-ack" reason_ttl="51"/></port></ports></host>
<host endtime="1733432322"><address addr="193.98.119.3" addrtype="ipv4"/><ports><port protocol="tcp" portid="5060"><state state="open" reason="syn-ack" reason_ttl="49"/></port></ports></host>
<host endtime="1733432323"><address addr="202.46.240.83" addrtype="ipv4"/><ports><port protocol="tcp" portid="5060"><state state="open" reason="syn-ack" reason_ttl="51"/></port></ports></host>
<host endtime="1733432324"><address addr="193.98.229.99" addrtype="ipv4"/><ports><port protocol="tcp" portid="5061"><state state="open" reason="syn-ack" reason_ttl="49"/></port></ports></host>
<host endtime="1733432325"><address addr="193.103.200.134" addrtype="ipv4"/><ports><port protocol="tcp" portid="5060"><state state="open" reason="syn-ack" reason_ttl="52"/></port></ports></host>
<host endtime="1733432334"><address addr="202.46.255.122" addrtype="ipv4"/><ports><port protocol="tcp" portid="5060"><state state="open" reason="syn-ack" reason_ttl="51"/></port></ports></host>
<host endtime="1733432335"><address addr="202.46.242.195" addrtype="ipv4"/><ports><port protocol="tcp" portid="5060"><state state="open" reason="syn-ack" reason_ttl="51"/></port></ports></host>
<host endtime="1733432337"><address addr="202.46.252.65" addrtype="ipv4"/><ports><port protocol="tcp" portid="5060"><state state="open" reason="syn-ack" reason_ttl="51"/></port></ports></host>
<host endtime="1733432338"><address addr="202.46.243.71" addrtype="ipv4"/><ports><port protocol="tcp" portid="5060"><state state="open" reason="syn-ack" reason_ttl="51"/></port></ports></host>
<host endtime="1733432339"><address addr="202.46.250.28" addrtype="ipv4"/><ports><port protocol="tcp" portid="5060"><state state="open" reason="syn-ack" reason_ttl="51"/></port></ports></host>
<host endtime="1733432341"><address addr="103.224.214.144" addrtype="ipv4"/><ports><port protocol="tcp" portid="5060"><state state="open" reason="syn-ack" reason_ttl="48"/></port></ports></host>
<host endtime="1733432347"><address addr="199.123.26.154" addrtype="ipv4"/><ports><port protocol="tcp" portid="5060"><state state="open" reason="syn-ack" reason_ttl="229"/></port></ports></host>
<host endtime="1733432348"><address addr="202.46.245.139" addrtype="ipv4"/><ports><port protocol="tcp" portid="5060"><state state="open" reason="syn-ack" reason_ttl="51"/></port></ports></host>
<host endtime="1733432351"><address addr="202.46.8.213" addrtype="ipv4"/><ports><port protocol="tcp" portid="5060"><state state="open" reason="syn-ack" reason_ttl="51"/></port></ports></host>
<host endtime="1733432355"><address addr="199.201.237.93" addrtype="ipv4"/><ports><port protocol="tcp" portid="5060"><state state="open" reason="syn-ack" reason_ttl="47"/></port></ports></host>
<host endtime="1733432368"><address addr="103.177.50.19" addrtype="ipv4"/><ports><port protocol="tcp" portid="5061"><state state="open" reason="syn-ack" reason_ttl="57"/></port></ports></host>
<host endtime="1733432370"><address addr="202.46.241.236" addrtype="ipv4"/><ports><port protocol="tcp" portid="5060"><state state="open" reason="syn-ack" reason_ttl="50"/></port></ports></host>
<host endtime="1733432371"><address addr="199.201.237.1" addrtype="ipv4"/><ports><port protocol="tcp" portid="5060"><state state="open" reason="syn-ack" reason_ttl="47"/></port></ports></host>
<host endtime="1733432380"><address addr="202.46.9.180" addrtype="ipv4"/><ports><port protocol="tcp" portid="5060"><state state="open" reason="syn-ack" reason_ttl="51"/></port></ports></host>
<host endtime="1733432381"><address addr="193.98.229.236" addrtype="ipv4"/><ports><port protocol="tcp" portid="5061"><state state="open" reason="syn-ack" reason_ttl="49"/></port></ports></host>
<host endtime="1733432383"><address addr="103.224.215.99" addrtype="ipv4"/><ports><port protocol="tcp" portid="5060"><state state="open" reason="syn-ack" reason_ttl="48"/></port></ports></host>
<host endtime="1733432384"><address addr="199.201.237.67" addrtype="ipv4"/><ports><port protocol="tcp" portid="5060"><state state="open" reason="syn-ack" reason_ttl="47"/></port></ports></host>
<host endtime="1733432384"><address addr="202.46.240.76" addrtype="ipv4"/><ports><port protocol="tcp" portid="5060"><state state="open" reason="syn-ack" reason_ttl="51"/></port></ports></host>
<host endtime="1733432387"><address addr="193.103.206.114" addrtype="ipv4"/><ports><port protocol="tcp" portid="5060"><state state="open" reason="syn-ack" reason_ttl="52"/></port></ports></host>
<host endtime="1733432392"><address addr="202.46.7.199" addrtype="ipv4"/><ports><port protocol="tcp" portid="5060"><state state="open" reason="syn-ack" reason_ttl="50"/></port></ports></host>
<host endtime="1733432396"><address addr="202.46.254.113" addrtype="ipv4"/><ports><port protocol="tcp" portid="5060"><state state="open" reason="syn-ack" reason_ttl="50"/></port></ports></host>
<host endtime="1733432399"><address addr="202.46.244.1" addrtype="ipv4"/><ports><port protocol="tcp" portid="5060"><state state="open" reason="syn-ack" reason_ttl="50"/></port></ports></host>
<host endtime="1733432400"><address addr="202.46.6.183" addrtype="ipv4"/><ports><port protocol="tcp" portid="5060"><state state="open" reason="syn-ack" reason_ttl="51"/></port></ports></host>
<host endtime="1733432402"><address addr="202.46.252.187" addrtype="ipv4"/><ports><port protocol="tcp" portid="5060"><state state="open" reason="syn-ack" reason_ttl="51"/></port></ports></host>
<host endtime="1733432402"><address addr="202.46.0.2" addrtype="ipv4"/><ports><port protocol="tcp" portid="5060"><state state="open" reason="syn-ack" reason_ttl="51"/></port></ports></host>
<host endtime="1733432402"><address addr="202.46.248.138" addrtype="ipv4"/><ports><port protocol="tcp" portid="5060"><state state="open" reason="syn-ack" reason_ttl="50"/></port></ports></host>
<host endtime="1733432403"><address addr="199.201.237.145" addrtype="ipv4"/><ports><port protocol="tcp" portid="5060"><state state="open" reason="syn-ack" reason_ttl="47"/></port></ports></host>
<host endtime="1733432404"><address addr="196.195.253.60" addrtype="ipv4"/><ports><port protocol="tcp" portid="5060"><state state="open" reason="syn-ack" reason_ttl="53"/></port></ports></host>
<host endtime="1733432404"><address addr="103.83.19.37" addrtype="ipv4"/><ports><port protocol="tcp" portid="5060"><state state="open" reason="syn-ack" reason_ttl="48"/></port></ports></host>
<host endtime="1733432408"><address addr="202.46.249.64" addrtype="ipv4"/><ports><port protocol="tcp" portid="5060"><state state="open" reason="syn-ack" reason_ttl="51"/></port></ports></host>
<host endtime="1733432409"><address addr="103.83.19.241" addrtype="ipv4"/><ports><port protocol="tcp" portid="5060"><state state="open" reason="syn-ack" reason_ttl="48"/></port></ports></host>
<host endtime="1733432411"><address addr="103.177.50.27" addrtype="ipv4"/><ports><port protocol="tcp" portid="5060"><state state="open" reason="syn-ack" reason_ttl="120"/></port></ports></host>
<host endtime="1733432413"><address addr="202.46.253.141" addrtype="ipv4"/><ports><port protocol="tcp" portid="5060"><state state="open" reason="syn-ack" reason_ttl="50"/></port></ports></host>
<host endtime="1733432419"><address addr="193.103.200.86" addrtype="ipv4"/><ports><port protocol="tcp" portid="5060"><state state="open" reason="syn-ack" reason_ttl="52"/></port></ports></host>
<host endtime="1733432419"><address addr="202.46.4.31" addrtype="ipv4"/><ports><port protocol="tcp" portid="5060"><state state="open" reason="syn-ack" reason_ttl="50"/></port></ports></host>
<host endtime="1733432423"><address addr="202.46.3.252" addrtype="ipv4"/><ports><port protocol="tcp" portid="5060"><state state="open" reason="syn-ack" reason_ttl="51"/></port></ports></host>
<host endtime="1733432423"><address addr="202.46.15.206" addrtype="ipv4"/><ports><port protocol="tcp" portid="5060"><state state="open" reason="syn-ack" reason_ttl="50"/></port></ports></host>
<host endtime="1733432424"><address addr="202.46.252.69" addrtype="ipv4"/><ports><port protocol="tcp" portid="5060"><state state="open" reason="syn-ack" reason_ttl="51"/></port></ports></host>
<host endtime="1733432424"><address addr="202.46.5.31" addrtype="ipv4"/><ports><port protocol="tcp" portid="5060"><state state="open" reason="syn-ack" reason_ttl="51"/></port></ports></host>
<host endtime="1733432427"><address addr="103.224.214.183" addrtype="ipv4"/><ports><port protocol="tcp" portid="5060"><state state="open" reason="syn-ack" reason_ttl="48"/></port></ports></host>
<host endtime="1733432436"><address addr="202.46.244.143" addrtype="ipv4"/><ports><port protocol="tcp" portid="5060"><state state="open" reason="syn-ack" reason_ttl="50"/></port></ports></host>
<host endtime="1733432440"><address addr="199.201.237.104" addrtype="ipv4"/><ports><port protocol="tcp" portid="5060"><state state="open" reason="syn-ack" reason_ttl="47"/></port></ports></host>
<host endtime="1733432440"><address addr="103.83.18.139" addrtype="ipv4"/><ports><port protocol="tcp" portid="5060"><state state="open" reason="syn-ack" reason_ttl="48"/></port></ports></host>
<host endtime="1733432443"><address addr="103.224.214.85" addrtype="ipv4"/><ports><port protocol="tcp" portid="5060"><state state="open" reason="syn-ack" reason_ttl="48"/></port></ports></host>
<host endtime="1733432444"><address addr="202.46.14.33" addrtype="ipv4"/><ports><port protocol="tcp" portid="5060"><state state="open" reason="syn-ack" reason_ttl="51"/></port></ports></host>
<host endtime="1733432447"><address addr="202.46.249.120" addrtype="ipv4"/><ports><port protocol="tcp" portid="5060"><state state="open" reason="syn-ack" reason_ttl="50"/></port></ports></host>
<host endtime="1733432447"><address addr="202.46.7.206" addrtype="ipv4"/><ports><port protocol="tcp" portid="5060"><state state="open" reason="syn-ack" reason_ttl="50"/></port></ports></host>
<host endtime="1733432449"><address addr="202.46.254.251" addrtype="ipv4"/><ports><port protocol="tcp" portid="5060"><state state="open" reason="syn-ack" reason_ttl="50"/></port></ports></host>
<host endtime="1733432449"><address addr="202.46.0.27" addrtype="ipv4"/><ports><port protocol="tcp" portid="5060"><state state="open" reason="syn-ack" reason_ttl="50"/></port></ports></host>
<host endtime="1733432450"><address addr="202.46.0.202" addrtype="ipv4"/><ports><port protocol="tcp" portid="5060"><state state="open" reason="syn-ack" reason_ttl="51"/></port></ports></host>
<host endtime="1733432450"><address addr="202.46.250.204" addrtype="ipv4"/><ports><port protocol="tcp" portid="5060"><state state="open" reason="syn-ack" reason_ttl="51"/></port></ports></host>
<host endtime="1733432450"><address addr="202.46.5.93" addrtype="ipv4"/><ports><port protocol="tcp" portid="5060"><state state="open" reason="syn-ack" reason_ttl="51"/></port></ports></host>
<host endtime="1733432450"><address addr="202.46.7.134" addrtype="ipv4"/><ports><port protocol="tcp" portid="5060"><state state="open" reason="syn-ack" reason_ttl="51"/></port></ports></host>
<host endtime="1733432450"><address addr="202.46.11.130" addrtype="ipv4"/><ports><port protocol="tcp" portid="5060"><state state="open" reason="syn-ack" reason_ttl="51"/></port></ports></host>
<host endtime="1733432453"><address addr="202.46.250.35" addrtype="ipv4"/><ports><port protocol="tcp" portid="5060"><state state="open" reason="syn-ack" reason_ttl="50"/></port></ports></host>
<host endtime="1733432453"><address addr="202.46.240.54" addrtype="ipv4"/><ports><port protocol="tcp" portid="5060"><state state="open" reason="syn-ack" reason_ttl="50"/></port></ports></host>
<host endtime="1733432458"><address addr="202.46.254.29" addrtype="ipv4"/><ports><port protocol="tcp" portid="5060"><state state="open" reason="syn-ack" reason_ttl="51"/></port></ports></host>
<host endtime="1733432458"><address addr="103.224.215.12" addrtype="ipv4"/><ports><port protocol="tcp" portid="5060"><state state="open" reason="syn-ack" reason_ttl="48"/></port></ports></host>
<host endtime="1733432459"><address addr="202.46.248.200" addrtype="ipv4"/><ports><port protocol="tcp" portid="5060"><state state="open" reason="syn-ack" reason_ttl="51"/></port></ports></host>
<host endtime="1733432461"><address addr="202.46.248.205" addrtype="ipv4"/><ports><port protocol="tcp" portid="5060"><state state="open" reason="syn-ack" reason_ttl="50"/></port></ports></host>
<host endtime="1733432462"><address addr="103.83.19.27" addrtype="ipv4"/><ports><port protocol="tcp" portid="5060"><state state="open" reason="syn-ack" reason_ttl="48"/></port></ports></host>
<host endtime="1733432465"><address addr="202.46.3.161" addrtype="ipv4"/><ports><port protocol="tcp" portid="5060"><state state="open" reason="syn-ack" reason_ttl="50"/></port></ports></host>
<host endtime="1733432467"><address addr="202.46.247.181" addrtype="ipv4"/><ports><port protocol="tcp" portid="5060"><state state="open" reason="syn-ack" reason_ttl="51"/></port></ports></host>
<host endtime="1733432468"><address addr="202.46.2.152" addrtype="ipv4"/><ports><port protocol="tcp" portid="5060"><state state="open" reason="syn-ack" reason_ttl="51"/></port></ports></host>
<host endtime="1733432468"><address addr="193.103.200.51" addrtype="ipv4"/><ports><port protocol="tcp" portid="5060"><state state="open" reason="syn-ack" reason_ttl="52"/></port></ports></host>
<host endtime="1733432470"><address addr="202.46.254.10" addrtype="ipv4"/><ports><port protocol="tcp" portid="5060"><state state="open" reason="syn-ack" reason_ttl="50"/></port></ports></host>
<host endtime="1733432474"><address addr="202.46.251.89" addrtype="ipv4"/><ports><port protocol="tcp" portid="5060"><state state="open" reason="syn-ack" reason_ttl="51"/></port></ports></host>
<host endtime="1733432475"><address addr="103.83.18.170" addrtype="ipv4"/><ports><port protocol="tcp" portid="5060"><state state="open" reason="syn-ack" reason_ttl="48"/></port></ports></host>
<host endtime="1733432477"><address addr="202.46.15.1" addrtype="ipv4"/><ports><port protocol="tcp" portid="5060"><state state="open" reason="syn-ack" reason_ttl="51"/></port></ports></host>
<host endtime="1733432478"><address addr="202.46.11.250" addrtype="ipv4"/><ports><port protocol="tcp" portid="5060"><state state="open" reason="syn-ack" reason_ttl="51"/></port></ports></host>
<host endtime="1733432483"><address addr="202.46.15.120" addrtype="ipv4"/><ports><port protocol="tcp" portid="5060"><state state="open" reason="syn-ack" reason_ttl="51"/></port></ports></host>
<host endtime="1733432484"><address addr="202.46.250.25" addrtype="ipv4"/><ports><port protocol="tcp" portid="5060"><state state="open" reason="syn-ack" reason_ttl="51"/></port></ports></host>
<host endtime="1733432485"><address addr="202.46.247.90" addrtype="ipv4"/><ports><port protocol="tcp" portid="5060"><state state="open" reason="syn-ack" reason_ttl="51"/></port></ports></host>
<host endtime="1733432486"><address addr="202.46.5.120" addrtype="ipv4"/><ports><port protocol="tcp" portid="5060"><state state="open" reason="syn-ack" reason_ttl="51"/></port></ports></host>
<host endtime="1733432487"><address addr="202.46.7.25" addrtype="ipv4"/><ports><port protocol="tcp" portid="5061"><state state="open" reason="syn-ack" reason_ttl="50"/></port></ports></host>
<host endtime="1733432488"><address addr="202.46.252.249" addrtype="ipv4"/><ports><port protocol="tcp" portid="5060"><state state="open" reason="syn-ack" reason_ttl="51"/></port></ports></host>
<host endtime="1733432494"><address addr="199.123.24.135" addrtype="ipv4"/><ports><port protocol="tcp" portid="5060"><state state="open" reason="syn-ack" reason_ttl="229"/></port></ports></host>
<host endtime="1733432499"><address addr="202.46.4.77" addrtype="ipv4"/><ports><port protocol="tcp" portid="5060"><state state="open" reason="syn-ack" reason_ttl="51"/></port></ports></host>
<host endtime="1733432499"><address addr="202.46.9.10" addrtype="ipv4"/><ports><port protocol="tcp" portid="5060"><state state="open" reason="syn-ack" reason_ttl="50"/></port></ports></host>
<host endtime="1733432500"><address addr="41.204.249.26" addrtype="ipv4"/><ports><port protocol="tcp" portid="5061"><state state="open" reason="syn-ack" reason_ttl="46"/></port></ports></host>
<host endtime="1733432501"><address addr="202.46.246.26" addrtype="ipv4"/><ports><port protocol="tcp" portid="5060"><state state="open" reason="syn-ack" reason_ttl="50"/></port></ports></host>
<host endtime="1733432502"><address addr="103.224.214.48" addrtype="ipv4"/><ports><port protocol="tcp" portid="5060"><state state="open" reason="syn-ack" reason_ttl="48"/></port></ports></host>
<host endtime="1733432503"><address addr="202.46.251.109" addrtype="ipv4"/><ports><port protocol="tcp" portid="5060"><state state="open" reason="syn-ack" reason_ttl="51"/></port></ports></host>
<host endtime="1733432506"><address addr="202.46.12.193" addrtype="ipv4"/><ports><port protocol="tcp" portid="5060"><state state="open" reason="syn-ack" reason_ttl="51"/></port></ports></host>
<host endtime="1733432508"><address addr="199.123.26.79" addrtype="ipv4"/><ports><port protocol="tcp" portid="5060"><state state="open" reason="syn-ack" reason_ttl="229"/></port></ports></host>
<host endtime="1733432513"><address addr="202.46.241.60" addrtype="ipv4"/><ports><port protocol="tcp" portid="5060"><state state="open" reason="syn-ack" reason_ttl="51"/></port></ports></host>
<host endtime="1733432513"><address addr="202.46.9.78" addrtype="ipv4"/><ports><port protocol="tcp" portid="5060"><state state="open" reason="syn-ack" reason_ttl="51"/></port></ports></host>
<host endtime="1733432513"><address addr="202.46.243.32" addrtype="ipv4"/><ports><port protocol="tcp" portid="5060"><state state="open" reason="syn-ack" reason_ttl="51"/></port></ports></host>
<host endtime="1733432516"><address addr="193.98.229.16" addrtype="ipv4"/><ports><port protocol="tcp" portid="5061"><state state="open" reason="syn-ack" reason_ttl="48"/></port></ports></host>
<host endtime="1733432517"><address addr="193.98.119.157" addrtype="ipv4"/><ports><port protocol="tcp" portid="5060"><state state="open" reason="syn-ack" reason_ttl="48"/></port></ports></host>
<host endtime="1733432518"><address addr="202.46.15.137" addrtype="ipv4"/><ports><port protocol="tcp" portid="5060"><state state="open" reason="syn-ack" reason_ttl="50"/></port></ports></host>
<host endtime="1733432521"><address addr="202.46.15.23" addrtype="ipv4"/><ports><port protocol="tcp" portid="5060"><state state="open" reason="syn-ack" reason_ttl="50"/></port></ports></host>
<host endtime="1733432525"><address addr="202.46.0.185" addrtype="ipv4"/><ports><port protocol="tcp" portid="5060"><state state="open" reason="syn-ack" reason_ttl="51"/></port></ports></host>
<host endtime="1733432536"><address addr="103.224.215.197" addrtype="ipv4"/><ports><port protocol="tcp" portid="5060"><state state="open" reason="syn-ack" reason_ttl="48"/></port></ports></host>
<host endtime="1733432537"><address addr="202.46.10.192" addrtype="ipv4"/><ports><port protocol="tcp" portid="5060"><state state="open" reason="syn-ack" reason_ttl="50"/></port></ports></host>
<host endtime="1733432543"><address addr="202.46.13.33" addrtype="ipv4"/><ports><port protocol="tcp" portid="5060"><state state="open" reason="syn-ack" reason_ttl="51"/></port></ports></host>
<host endtime="1733432544"><address addr="202.46.254.100" addrtype="ipv4"/><ports><port protocol="tcp" portid="5060"><state state="open" reason="syn-ack" reason_ttl="51"/></port></ports></host>
<host endtime="1733432547"><address addr="202.46.4.224" addrtype="ipv4"/><ports><port protocol="tcp" portid="5060"><state state="open" reason="syn-ack" reason_ttl="51"/></port></ports></host>
<host endtime="1733432551"><address addr="199.123.26.156" addrtype="ipv4"/><ports><port protocol="tcp" portid="5060"><state state="open" reason="syn-ack" reason_ttl="229"/></port></ports></host>
<host endtime="1733432553"><address addr="41.138.192.5" addrtype="ipv4"/><ports><port protocol="tcp" portid="5060"><state state="open" reason="syn-ack" reason_ttl="43"/></port></ports></host>
<host endtime="1733432555"><address addr="202.46.249.212" addrtype="ipv4"/><ports><port protocol="tcp" portid="5060"><state state="open" reason="syn-ack" reason_ttl="50"/></port></ports></host>
<host endtime="1733432556"><address addr="202.46.246.33" addrtype="ipv4"/><ports><port protocol="tcp" portid="5060"><state state="open" reason="syn-ack" reason_ttl="51"/></port></ports></host>
<host endtime="1733432558"><address addr="199.123.27.15" addrtype="ipv4"/><ports><port protocol="tcp" portid="5060"><state state="open" reason="syn-ack" reason_ttl="229"/></port></ports></host>
<host endtime="1733432558"><address addr="202.46.2.19" addrtype="ipv4"/><ports><port protocol="tcp" portid="5060"><state state="open" reason="syn-ack" reason_ttl="51"/></port></ports></host>
<host endtime="1733432561"><address addr="193.103.206.160" addrtype="ipv4"/><ports><port protocol="tcp" portid="5060"><state state="open" reason="syn-ack" reason_ttl="52"/></port></ports></host>
<host endtime="1733432563"><address addr="202.46.240.222" addrtype="ipv4"/><ports><port protocol="tcp" portid="5060"><state state="open" reason="syn-ack" reason_ttl="51"/></port></ports></host>
<host endtime="1733432564"><address addr="103.83.19.71" addrtype="ipv4"/><ports><port protocol="tcp" portid="5060"><state state="open" reason="syn-ack" reason_ttl="48"/></port></ports></host>
<host endtime="1733432564"><address addr="202.46.254.243" addrtype="ipv4"/><ports><port protocol="tcp" portid="5060"><state state="open" reason="syn-ack" reason_ttl="51"/></port></ports></host>
<host endtime="1733432567"><address addr="202.46.248.177" addrtype="ipv4"/><ports><port protocol="tcp" portid="5060"><state state="open" reason="syn-ack" reason_ttl="51"/></port></ports></host>
<host endtime="1733432569"><address addr="202.46.10.15" addrtype="ipv4"/><ports><port protocol="tcp" portid="5060"><state state="open" reason="syn-ack" reason_ttl="51"/></port></ports></host>
<host endtime="1733432569"><address addr="202.46.252.243" addrtype="ipv4"/><ports><port protocol="tcp" portid="5060"><state state="open" reason="syn-ack" reason_ttl="50"/></port></ports></host>
<host endtime="1733432569"><address addr="202.46.240.219" addrtype="ipv4"/><ports><port protocol="tcp" portid="5060"><state state="open" reason="syn-ack" reason_ttl="50"/></port></ports></host>
<host endtime="1733432572"><address addr="193.98.229.74" addrtype="ipv4"/><ports><port protocol="tcp" portid="5060"><state state="open" reason="syn-ack" reason_ttl="44"/></port></ports></host>
<host endtime="1733432575"><address addr="202.46.15.172" addrtype="ipv4"/><ports><port protocol="tcp" portid="5060"><state state="open" reason="syn-ack" reason_ttl="50"/></port></ports></host>
<host endtime="1733432576"><address addr="202.46.4.167" addrtype="ipv4"/><ports><port protocol="tcp" portid="5060"><state state="open" reason="syn-ack" reason_ttl="51"/></port></ports></host>
<host endtime="1733432579"><address addr="202.46.250.199" addrtype="ipv4"/><ports><port protocol="tcp" portid="5060"><state state="open" reason="syn-ack" reason_ttl="50"/></port></ports></host>
<host endtime="1733432584"><address addr="202.46.11.232" addrtype="ipv4"/><ports><port protocol="tcp" portid="5060"><state state="open" reason="syn-ack" reason_ttl="50"/></port></ports></host>
<host endtime="1733432586"><address addr="202.46.7.97" addrtype="ipv4"/><ports><port protocol="tcp" portid="5060"><state state="open" reason="syn-ack" reason_ttl="51"/></port></ports></host>
<host endtime="1733432588"><address addr="202.46.7.231" addrtype="ipv4"/><ports><port protocol="tcp" portid="5060"><state state="open" reason="syn-ack" reason_ttl="50"/></port></ports></host>
<host endtime="1733432590"><address addr="199.201.236.157" addrtype="ipv4"/><ports><port protocol="tcp" portid="5060"><state state="open" reason="syn-ack" reason_ttl="47"/></port></ports></host>
<host endtime="1733432593"><address addr="202.46.12.17" addrtype="ipv4"/><ports><port protocol="tcp" portid="5060"><state state="open" reason="syn-ack" reason_ttl="51"/></port></ports></host>
<host endtime="1733432594"><address addr="193.98.119.169" addrtype="ipv4"/><ports><port protocol="tcp" portid="5060"><state state="open" reason="syn-ack" reason_ttl="49"/></port></ports></host>
<host endtime="1733432603"><address addr="202.46.7.99" addrtype="ipv4"/><ports><port protocol="tcp" portid="5060"><state state="open" reason="syn-ack" reason_ttl="51"/></port></ports></host>
<host endtime="1733432603"><address addr="202.46.7.39" addrtype="ipv4"/><ports><port protocol="tcp" portid="5060"><state state="open" reason="syn-ack" reason_ttl="50"/></port></ports></host>
<host endtime="1733432604"><address addr="202.46.246.103" addrtype="ipv4"/><ports><port protocol="tcp" portid="5060"><state state="open" reason="syn-ack" reason_ttl="51"/></port></ports></host>
<host endtime="1733432605"><address addr="202.46.255.110" addrtype="ipv4"/><ports><port protocol="tcp" portid="5060"><state state="open" reason="syn-ack" reason_ttl="51"/></port></ports></host>
<host endtime="1733432605"><address addr="202.46.255.187" addrtype="ipv4"/><ports><port protocol="tcp" portid="5060"><state state="open" reason="syn-ack" reason_ttl="50"/></port></ports></host>
<host endtime="1733432606"><address addr="199.123.25.69" addrtype="ipv4"/><ports><port protocol="tcp" portid="5060"><state state="open" reason="syn-ack" reason_ttl="229"/></port></ports></host>
<host endtime="1733432609"><address addr="202.46.255.5" addrtype="ipv4"/><ports><port protocol="tcp" portid="5060"><state state="open" reason="syn-ack" reason_ttl="51"/></port></ports></host>
<host endtime="1733432615"><address addr="202.46.252.241" addrtype="ipv4"/><ports><port protocol="tcp" portid="5060"><state state="open" reason="syn-ack" reason_ttl="51"/></port></ports></host>
<host endtime="1733432617"><address addr="202.46.4.51" addrtype="ipv4"/><ports><port protocol="tcp" portid="5060"><state state="open" reason="syn-ack" reason_ttl="51"/></port></ports></host>
<host endtime="1733432618"><address addr="202.46.252.217" addrtype="ipv4"/><ports><port protocol="tcp" portid="5060"><state state="open" reason="syn-ack" reason_ttl="50"/></port></ports></host>
<host endtime="1733432619"><address addr="202.46.8.90" addrtype="ipv4"/><ports><port protocol="tcp" portid="5060"><state state="open" reason="syn-ack" reason_ttl="51"/></port></ports></host>
<host endtime="1733432619"><address addr="202.46.0.212" addrtype="ipv4"/><ports><port protocol="tcp" portid="5060"><state state="open" reason="syn-ack" reason_ttl="51"/></port></ports></host>
<host endtime="1733432620"><address addr="202.46.7.118" addrtype="ipv4"/><ports><port protocol="tcp" portid="5060"><state state="open" reason="syn-ack" reason_ttl="51"/></port></ports></host>
<host endtime="1733432623"><address addr="202.46.254.108" addrtype="ipv4"/><ports><port protocol="tcp" portid="5060"><state state="open" reason="syn-ack" reason_ttl="51"/></port></ports></host>
<host endtime="1733432624"><address addr="202.46.5.178" addrtype="ipv4"/><ports><port protocol="tcp" portid="5060"><state state="open" reason="syn-ack" reason_ttl="51"/></port></ports></host>
<host endtime="1733432629"><address addr="202.46.248.36" addrtype="ipv4"/><ports><port protocol="tcp" portid="5060"><state state="open" reason="syn-ack" reason_ttl="51"/></port></ports></host>
<host endtime="1733432630"><address addr="193.98.229.63" addrtype="ipv4"/><ports><port protocol="tcp" portid="5060"><state state="open" reason="syn-ack" reason_ttl="48"/></port></ports></host>
<host endtime="1733432632"><address addr="202.46.11.2" addrtype="ipv4"/><ports><port protocol="tcp" portid="5060"><state state="open" reason="syn-ack" reason_ttl="51"/></port></ports></host>
<host endtime="1733432633"><address addr="193.98.229.187" addrtype="ipv4"/><ports><port protocol="tcp" portid="5061"><state state="open" reason="syn-ack" reason_ttl="48"/></port></ports></host>
<host endtime="1733432636"><address addr="202.46.15.186" addrtype="ipv4"/><ports><port protocol="tcp" portid="5060"><state state="open" reason="syn-ack" reason_ttl="51"/></port></ports></host>
<host endtime="1733432639"><address addr="202.46.249.197" addrtype="ipv4"/><ports><port protocol="tcp" portid="5060"><state state="open" reason="syn-ack" reason_ttl="51"/></port></ports></host>
<host endtime="1733432639"><address addr="202.46.5.244" addrtype="ipv4"/><ports><port protocol="tcp" portid="5060"><state state="open" reason="syn-ack" reason_ttl="51"/></port></ports></host>
<host endtime="1733432639"><address addr="202.46.9.109" addrtype="ipv4"/><ports><port protocol="tcp" portid="5060"><state state="open" reason="syn-ack" reason_ttl="51"/></port></ports></host>
<host endtime="1733432645"><address addr="202.46.255.149" addrtype="ipv4"/><ports><port protocol="tcp" portid="5060"><state state="open" reason="syn-ack" reason_ttl="50"/></port></ports></host>
<host endtime="1733432653"><address addr="202.46.247.144" addrtype="ipv4"/><ports><port protocol="tcp" portid="5060"><state state="open" reason="syn-ack" reason_ttl="50"/></port></ports></host>
<host endtime="1733432660"><address addr="202.46.5.218" addrtype="ipv4"/><ports><port protocol="tcp" portid="5060"><state state="open" reason="syn-ack" reason_ttl="51"/></port></ports></host>
<host endtime="1733432662"><address addr="193.98.229.91" addrtype="ipv4"/><ports><port protocol="tcp" portid="5060"><state state="open" reason="syn-ack" reason_ttl="48"/></port></ports></host>
<host endtime="1733432669"><address addr="202.46.6.131" addrtype="ipv4"/><ports><port protocol="tcp" portid="5060"><state state="open" reason="syn-ack" reason_ttl="50"/></port></ports></host>
<host endtime="1733432669"><address addr="202.46.9.193" addrtype="ipv4"/><ports><port protocol="tcp" portid="5060"><state state="open" reason="syn-ack" reason_ttl="51"/></port></ports></host>
<host endtime="1733432669"><address addr="202.46.7.80" addrtype="ipv4"/><ports><port protocol="tcp" portid="5060"><state state="open" reason="syn-ack" reason_ttl="51"/></port></ports></host>
<host endtime="1733432670"><address addr="202.46.241.93" addrtype="ipv4"/><ports><port protocol="tcp" portid="5060"><state state="open" reason="syn-ack" reason_ttl="51"/></port></ports></host>
<host endtime="1733432673"><address addr="202.46.10.30" addrtype="ipv4"/><ports><port protocol="tcp" portid="5061"><state state="open" reason="syn-ack" reason_ttl="49"/></port></ports></host>
<host endtime="1733432677"><address addr="103.177.50.79" addrtype="ipv4"/><ports><port protocol="tcp" portid="5061"><state state="open" reason="syn-ack" reason_ttl="121"/></port></ports></host>
<host endtime="1733432678"><address addr="103.224.214.10" addrtype="ipv4"/><ports><port protocol="tcp" portid="5060"><state state="open" reason="syn-ack" reason_ttl="48"/></port></ports></host>
<host endtime="1733432678"><address addr="202.46.247.83" addrtype="ipv4"/><ports><port protocol="tcp" portid="5060"><state state="open" reason="syn-ack" reason_ttl="51"/></port></ports></host>
<host endtime="1733432679"><address addr="202.46.3.27" addrtype="ipv4"/><ports><port protocol="tcp" portid="5060"><state state="open" reason="syn-ack" reason_ttl="51"/></port></ports></host>
<host endtime="1733432679"><address addr="199.201.237.178" addrtype="ipv4"/><ports><port protocol="tcp" portid="5060"><state state="open" reason="syn-ack" reason_ttl="47"/></port></ports></host>
<host endtime="1733432679"><address addr="199.201.237.118" addrtype="ipv4"/><ports><port protocol="tcp" portid="5060"><state state="open" reason="syn-ack" reason_ttl="47"/></port></ports></host>
<host endtime="1733432680"><address addr="103.83.19.84" addrtype="ipv4"/><ports><port protocol="tcp" portid="5060"><state state="open" reason="syn-ack" reason_ttl="48"/></port></ports></host>
<host endtime="1733432685"><address addr="202.46.253.19" addrtype="ipv4"/><ports><port protocol="tcp" portid="5060"><state state="open" reason="syn-ack" reason_ttl="51"/></port></ports></host>
<host endtime="1733432687"><address addr="103.83.19.35" addrtype="ipv4"/><ports><port protocol="tcp" portid="5060"><state state="open" reason="syn-ack" reason_ttl="48"/></port></ports></host>
<host endtime="1733432687"><address addr="202.46.10.231" addrtype="ipv4"/><ports><port protocol="tcp" portid="5060"><state state="open" reason="syn-ack" reason_ttl="51"/></port></ports></host>
<host endtime="1733432690"><address addr="202.46.243.73" addrtype="ipv4"/><ports><port protocol="tcp" portid="5060"><state state="open" reason="syn-ack" reason_ttl="51"/></port></ports></host>
<host endtime="1733432691"><address addr="199.201.237.240" addrtype="ipv4"/><ports><port protocol="tcp" portid="5060"><state state="open" reason="syn-ack" reason_ttl="47"/></port></ports></host>
<host endtime="1733432692"><address addr="202.46.1.252" addrtype="ipv4"/><ports><port protocol="tcp" portid="5060"><state state="open" reason="syn-ack" reason_ttl="51"/></port></ports></host>
<host endtime="1733432695"><address addr="202.46.7.179" addrtype="ipv4"/><ports><port protocol="tcp" portid="5060"><state state="open" reason="syn-ack" reason_ttl="51"/></port></ports></host>
<host endtime="1733432695"><address addr="202.46.15.136" addrtype="ipv4"/><ports><port protocol="tcp" portid="5060"><state state="open" reason="syn-ack" reason_ttl="50"/></port></ports></host>
<host endtime="1733432696"><address addr="202.46.13.144" addrtype="ipv4"/><ports><port protocol="tcp" portid="5060"><state state="open" reason="syn-ack" reason_ttl="51"/></port></ports></host>
<host endtime="1733432696"><address addr="199.123.24.103" addrtype="ipv4"/><ports><port protocol="tcp" portid="5060"><state state="open" reason="syn-ack" reason_ttl="229"/></port></ports></host>
<host endtime="1733432698"><address addr="202.46.246.43" addrtype="ipv4"/><ports><port protocol="tcp" portid="5060"><state state="open" reason="syn-ack" reason_ttl="51"/></port></ports></host>
<host endtime="1733432701"><address addr="199.123.27.31" addrtype="ipv4"/><ports><port protocol="tcp" portid="5060"><state state="open" reason="syn-ack" reason_ttl="229"/></port></ports></host>
<host endtime="1733432716"><address addr="202.46.13.79" addrtype="ipv4"/><ports><port protocol="tcp" portid="5060"><state state="open" reason="syn-ack" reason_ttl="51"/></port></ports></host>
<host endtime="1733432717"><address addr="202.46.1.115" addrtype="ipv4"/><ports><port protocol="tcp" portid="5060"><state state="open" reason="syn-ack" reason_ttl="50"/></port></ports></host>
<host endtime="1733432718"><address addr="202.46.240.141" addrtype="ipv4"/><ports><port protocol="tcp" portid="5060"><state state="open" reason="syn-ack" reason_ttl="51"/></port></ports></host>
<host endtime="1733432719"><address addr="202.46.8.154" addrtype="ipv4"/><ports><port protocol="tcp" portid="5060"><state state="open" reason="syn-ack" reason_ttl="51"/></port></ports></host>
<host endtime="1733432721"><address addr="202.46.248.98" addrtype="ipv4"/><ports><port protocol="tcp" portid="5060"><state state="open" reason="syn-ack" reason_ttl="50"/></port></ports></host>
<host endtime="1733432722"><address addr="103.224.214.245" addrtype="ipv4"/><ports><port protocol="tcp" portid="5060"><state state="open" reason="syn-ack" reason_ttl="48"/></port></ports></host>
<host endtime="1733432722"><address addr="202.46.243.97" addrtype="ipv4"/><ports><port protocol="tcp" portid="5060"><state state="open" reason="syn-ack" reason_ttl="51"/></port></ports></host>
<host endtime="1733432722"><address addr="202.46.240.187" addrtype="ipv4"/><ports><port protocol="tcp" portid="5060"><state state="open" reason="syn-ack" reason_ttl="51"/></port></ports></host>
<host endtime="1733432724"><address addr="202.46.241.190" addrtype="ipv4"/><ports><port protocol="tcp" portid="5060"><state state="open" reason="syn-ack" reason_ttl="51"/></port></ports></host>
<host endtime="1733432726"><address addr="202.46.8.58" addrtype="ipv4"/><ports><port protocol="tcp" portid="5060"><state state="open" reason="syn-ack" reason_ttl="51"/></port></ports></host>
<host endtime="1733432732"><address addr="202.46.246.124" addrtype="ipv4"/><ports><port protocol="tcp" portid="5060"><state state="open" reason="syn-ack" reason_ttl="51"/></port></ports></host>
<host endtime="1733432732"><address addr="202.46.248.222" addrtype="ipv4"/><ports><port protocol="tcp" portid="5060"><state state="open" reason="syn-ack" reason_ttl="51"/></port></ports></host>
<host endtime="1733432732"><address addr="202.46.245.72" addrtype="ipv4"/><ports><port protocol="tcp" portid="5060"><state state="open" reason="syn-ack" reason_ttl="51"/></port></ports></host>
<host endtime="1733432735"><address addr="202.46.3.104" addrtype="ipv4"/><ports><port protocol="tcp" portid="5061"><state state="open" reason="syn-ack" reason_ttl="49"/></port></ports></host>
<host endtime="1733432736"><address addr="103.83.18.131" addrtype="ipv4"/><ports><port protocol="tcp" portid="5060"><state state="open" reason="syn-ack" reason_ttl="48"/></port></ports></host>
<host endtime="1733432736"><address addr="202.46.248.186" addrtype="ipv4"/><ports><port protocol="tcp" portid="5060"><state state="open" reason="syn-ack" reason_ttl="50"/></port></ports></host>
<host endtime="1733432738"><address addr="202.46.8.159" addrtype="ipv4"/><ports><port protocol="tcp" portid="5060"><state state="open" reason="syn-ack" reason_ttl="51"/></port></ports></host>
<host endtime="1733432741"><address addr="199.201.237.132" addrtype="ipv4"/><ports><port protocol="tcp" portid="5060"><state state="open" reason="syn-ack" reason_ttl="47"/></port></ports></host>
<host endtime="1733432743"><address addr="41.204.238.61" addrtype="ipv4"/><ports><port protocol="tcp" portid="5060"><state state="open" reason="syn-ack" reason_ttl="46"/></port></ports></host>
<host endtime="1733432744"><address addr="193.98.229.90" addrtype="ipv4"/><ports><port protocol="tcp" portid="5061"><state state="open" reason="syn-ack" reason_ttl="44"/></port></ports></host>
<host endtime="1733432745"><address addr="202.46.9.214" addrtype="ipv4"/><ports><port protocol="tcp" portid="5060"><state state="open" reason="syn-ack" reason_ttl="51"/></port></ports></host>
<host endtime="1733432745"><address addr="202.46.250.139" addrtype="ipv4"/><ports><port protocol="tcp" portid="5060"><state state="open" reason="syn-ack" reason_ttl="51"/></port></ports></host>
<host endtime="1733432746"><address addr="103.83.18.114" addrtype="ipv4"/><ports><port protocol="tcp" portid="5060"><state state="open" reason="syn-ack" reason_ttl="48"/></port></ports></host>
<host endtime="1733432748"><address addr="199.201.237.50" addrtype="ipv4"/><ports><port protocol="tcp" portid="5060"><state state="open" reason="syn-ack" reason_ttl="47"/></port></ports></host>
<host endtime="1733432750"><address addr="202.46.250.235" addrtype="ipv4"/><ports><port protocol="tcp" portid="5060"><state state="open" reason="syn-ack" reason_ttl="50"/></port></ports></host>
<host endtime="1733432750"><address addr="199.201.236.222" addrtype="ipv4"/><ports><port protocol="tcp" portid="5060"><state state="open" reason="syn-ack" reason_ttl="47"/></port></ports></host>
<host endtime="1733432751"><address addr="202.46.10.153" addrtype="ipv4"/><ports><port protocol="tcp" portid="5060"><state state="open" reason="syn-ack" reason_ttl="50"/></port></ports></host>
<host endtime="1733432752"><address addr="202.46.244.116" addrtype="ipv4"/><ports><port protocol="tcp" portid="5060"><state state="open" reason="syn-ack" reason_ttl="50"/></port></ports></host>
<host endtime="1733432755"><address addr="202.46.3.154" addrtype="ipv4"/><ports><port protocol="tcp" portid="5060"><state state="open" reason="syn-ack" reason_ttl="50"/></port></ports></host>
<host endtime="1733432755"><address addr="202.46.11.222" addrtype="ipv4"/><ports><port protocol="tcp" portid="5060"><state state="open" reason="syn-ack" reason_ttl="51"/></port></ports></host>
<host endtime="1733432755"><address addr="202.46.255.41" addrtype="ipv4"/><ports><port protocol="tcp" portid="5060"><state state="open" reason="syn-ack" reason_ttl="50"/></port></ports></host>
<host endtime="1733432759"><address addr="202.46.244.180" addrtype="ipv4"/><ports><port protocol="tcp" portid="5060"><state state="open" reason="syn-ack" reason_ttl="51"/></port></ports></host>
<host endtime="1733432762"><address addr="193.98.229.140" addrtype="ipv4"/><ports><port protocol="tcp" portid="5060"><state state="open" reason="syn-ack" reason_ttl="48"/></port></ports></host>
<host endtime="1733432773"><address addr="202.46.11.108" addrtype="ipv4"/><ports><port protocol="tcp" portid="5060"><state state="open" reason="syn-ack" reason_ttl="51"/></port></ports></host>
<host endtime="1733432774"><address addr="202.46.14.128" addrtype="ipv4"/><ports><port protocol="tcp" portid="5060"><state state="open" reason="syn-ack" reason_ttl="50"/></port></ports></host>
<host endtime="1733432776"><address addr="103.224.214.13" addrtype="ipv4"/><ports><port protocol="tcp" portid="5060"><state state="open" reason="syn-ack" reason_ttl="48"/></port></ports></host>
<host endtime="1733432777"><address addr="103.83.18.197" addrtype="ipv4"/><ports><port protocol="tcp" portid="5060"><state state="open" reason="syn-ack" reason_ttl="48"/></port></ports></host>
<host endtime="1733432778"><address addr="202.46.242.9" addrtype="ipv4"/><ports><port protocol="tcp" portid="5060"><state state="open" reason="syn-ack" reason_ttl="50"/></port></ports></host>
<host endtime="1733432780"><address addr="103.83.18.193" addrtype="ipv4"/><ports><port protocol="tcp" portid="5060"><state state="open" reason="syn-ack" reason_ttl="48"/></port></ports></host>
<host endtime="1733432781"><address addr="202.46.9.174" addrtype="ipv4"/><ports><port protocol="tcp" portid="5060"><state state="open" reason="syn-ack" reason_ttl="51"/></port></ports></host>
<host endtime="1733432785"><address addr="199.201.236.137" addrtype="ipv4"/><ports><port protocol="tcp" portid="5060"><state state="open" reason="syn-ack" reason_ttl="47"/></port></ports></host>
<host endtime="1733432785"><address addr="202.46.244.129" addrtype="ipv4"/><ports><port protocol="tcp" portid="5060"><state state="open" reason="syn-ack" reason_ttl="50"/></port></ports></host>
<host endtime="1733432787"><address addr="202.46.240.166" addrtype="ipv4"/><ports><port protocol="tcp" portid="5060"><state state="open" reason="syn-ack" reason_ttl="51"/></port></ports></host>
<host endtime="1733432787"><address addr="202.46.249.82" addrtype="ipv4"/><ports><port protocol="tcp" portid="5060"><state state="open" reason="syn-ack" reason_ttl="50"/></port></ports></host>
<host endtime="1733432788"><address addr="103.224.215.168" addrtype="ipv4"/><ports><port protocol="tcp" portid="5060"><state state="open" reason="syn-ack" reason_ttl="48"/></port></ports></host>
<host endtime="1733432795"><address addr="41.138.192.49" addrtype="ipv4"/><ports><port protocol="tcp" portid="5060"><state state="open" reason="syn-ack" reason_ttl="43"/></port></ports></host>
<host endtime="1733432795"><address addr="199.123.26.50" addrtype="ipv4"/><ports><port protocol="tcp" portid="5060"><state state="open" reason="syn-ack" reason_ttl="229"/></port></ports></host>
<host endtime="1733432799"><address addr="199.123.27.203" addrtype="ipv4"/><ports><port protocol="tcp" portid="5060"><state state="open" reason="syn-ack" reason_ttl="229"/></port></ports></host>
<host endtime="1733432800"><address addr="202.46.8.71" addrtype="ipv4"/><ports><port protocol="tcp" portid="5061"><state state="open" reason="syn-ack" reason_ttl="50"/></port></ports></host>
<host endtime="1733432800"><address addr="202.46.12.206" addrtype="ipv4"/><ports><port protocol="tcp" portid="5060"><state state="open" reason="syn-ack" reason_ttl="50"/></port></ports></host>
<host endtime="1733432804"><address addr="202.46.250.206" addrtype="ipv4"/><ports><port protocol="tcp" portid="5060"><state state="open" reason="syn-ack" reason_ttl="50"/></port></ports></host>
<host endtime="1733432810"><address addr="202.46.9.198" addrtype="ipv4"/><ports><port protocol="tcp" portid="5060"><state state="open" reason="syn-ack" reason_ttl="51"/></port></ports></host>
<host endtime="1733432810"><address addr="202.46.4.190" addrtype="ipv4"/><ports><port protocol="tcp" portid="5060"><state state="open" reason="syn-ack" reason_ttl="51"/></port></ports></host>
<host endtime="1733432815"><address addr="202.46.12.155" addrtype="ipv4"/><ports><port protocol="tcp" portid="5060"><state state="open" reason="syn-ack" reason_ttl="51"/></port></ports></host>
<host endtime="1733432818"><address addr="199.201.237.227" addrtype="ipv4"/><ports><port protocol="tcp" portid="5060"><state state="open" reason="syn-ack" reason_ttl="47"/></port></ports></host>
<host endtime="1733432818"><address addr="103.224.214.102" addrtype="ipv4"/><ports><port protocol="tcp" portid="5060"><state state="open" reason="syn-ack" reason_ttl="48"/></port></ports></host>
<host endtime="1733432825"><address addr="202.46.6.62" addrtype="ipv4"/><ports><port protocol="tcp" portid="5060"><state state="open" reason="syn-ack" reason_ttl="51"/></port></ports></host>
<host endtime="1733432827"><address addr="193.103.200.46" addrtype="ipv4"/><ports><port protocol="tcp" portid="5060"><state state="open" reason="syn-ack" reason_ttl="52"/></port></ports></host>
<host endtime="1733432829"><address addr="202.46.4.102" addrtype="ipv4"/><ports><port protocol="tcp" portid="5060"><state state="open" reason="syn-ack" reason_ttl="50"/></port></ports></host>
<host endtime="1733432831"><address addr="202.46.12.90" addrtype="ipv4"/><ports><port protocol="tcp" portid="5060"><state state="open" reason="syn-ack" reason_ttl="51"/></port></ports></host>
<host endtime="1733432833"><address addr="202.46.241.62" addrtype="ipv4"/><ports><port protocol="tcp" portid="5060"><state state="open" reason="syn-ack" reason_ttl="50"/></port></ports></host>
<host endtime="1733432835"><address addr="103.83.18.198" addrtype="ipv4"/><ports><port protocol="tcp" portid="5060"><state state="open" reason="syn-ack" reason_ttl="48"/></port></ports></host>
<host endtime="1733432838"><address addr="202.46.243.243" addrtype="ipv4"/><ports><port protocol="tcp" portid="5060"><state state="open" reason="syn-ack" reason_ttl="51"/></port></ports></host>
<host endtime="1733432838"><address addr="202.46.15.223" addrtype="ipv4"/><ports><port protocol="tcp" portid="5060"><state state="open" reason="syn-ack" reason_ttl="51"/></port></ports></host>
<host endtime="1733432844"><address addr="202.46.2.110" addrtype="ipv4"/><ports><port protocol="tcp" portid="5060"><state state="open" reason="syn-ack" reason_ttl="50"/></port></ports></host>
<host endtime="1733432853"><address addr="103.224.215.91" addrtype="ipv4"/><ports><port protocol="tcp" portid="5060"><state state="open" reason="syn-ack" reason_ttl="48"/></port></ports></host>
<host endtime="1733432854"><address addr="103.224.215.153" addrtype="ipv4"/><ports><port protocol="tcp" portid="5060"><state state="open" reason="syn-ack" reason_ttl="48"/></port></ports></host>
<host endtime="1733432855"><address addr="202.46.255.130" addrtype="ipv4"/><ports><port protocol="tcp" portid="5060"><state state="open" reason="syn-ack" reason_ttl="51"/></port></ports></host>
<host endtime="1733432856"><address addr="202.46.3.96" addrtype="ipv4"/><ports><port protocol="tcp" portid="5060"><state state="open" reason="syn-ack" reason_ttl="51"/></port></ports></host>
<host endtime="1733432857"><address addr="199.201.237.119" addrtype="ipv4"/><ports><port protocol="tcp" portid="5060"><state state="open" reason="syn-ack" reason_ttl="47"/></port></ports></host>
<host endtime="1733432858"><address addr="202.46.240.239" addrtype="ipv4"/><ports><port protocol="tcp" portid="5060"><state state="open" reason="syn-ack" reason_ttl="51"/></port></ports></host>
<host endtime="1733432859"><address addr="202.46.245.18" addrtype="ipv4"/><ports><port protocol="tcp" portid="5060"><state state="open" reason="syn-ack" reason_ttl="51"/></port></ports></host>
<host endtime="1733432859"><address addr="193.98.229.108" addrtype="ipv4"/><ports><port protocol="tcp" portid="5060"><state state="open" reason="syn-ack" reason_ttl="48"/></port></ports></host>
<host endtime="1733432859"><address addr="202.46.13.89" addrtype="ipv4"/><ports><port protocol="tcp" portid="5060"><state state="open" reason="syn-ack" reason_ttl="51"/></port></ports></host>
<host endtime="1733432860"><address addr="202.46.10.17" addrtype="ipv4"/><ports><port protocol="tcp" portid="5060"><state state="open" reason="syn-ack" reason_ttl="51"/></port></ports></host>
<host endtime="1733432861"><address addr="202.46.0.227" addrtype="ipv4"/><ports><port protocol="tcp" portid="5060"><state state="open" reason="syn-ack" reason_ttl="51"/></port></ports></host>
<host endtime="1733432862"><address addr="202.46.246.241" addrtype="ipv4"/><ports><port protocol="tcp" portid="5060"><state state="open" reason="syn-ack" reason_ttl="51"/></port></ports></host>
<host endtime="1733432864"><address addr="199.123.26.128" addrtype="ipv4"/><ports><port protocol="tcp" portid="5060"><state state="open" reason="syn-ack" reason_ttl="229"/></port></ports></host>
<host endtime="1733432864"><address addr="193.98.229.37" addrtype="ipv4"/><ports><port protocol="tcp" portid="5061"><state state="open" reason="syn-ack" reason_ttl="44"/></port></ports></host>
<host endtime="1733432865"><address addr="199.201.236.181" addrtype="ipv4"/><ports><port protocol="tcp" portid="5060"><state state="open" reason="syn-ack" reason_ttl="47"/></port></ports></host>
<host endtime="1733432867"><address addr="202.46.240.205" addrtype="ipv4"/><ports><port protocol="tcp" portid="5060"><state state="open" reason="syn-ack" reason_ttl="51"/></port></ports></host>
<host endtime="1733432870"><address addr="202.46.241.189" addrtype="ipv4"/><ports><port protocol="tcp" portid="5060"><state state="open" reason="syn-ack" reason_ttl="51"/></port></ports></host>
<host endtime="1733432871"><address addr="202.46.244.54" addrtype="ipv4"/><ports><port protocol="tcp" portid="5060"><state state="open" reason="syn-ack" reason_ttl="50"/></port></ports></host>
<host endtime="1733432872"><address addr="103.83.18.235" addrtype="ipv4"/><ports><port protocol="tcp" portid="5060"><state state="open" reason="syn-ack" reason_ttl="48"/></port></ports></host>
<host endtime="1733432874"><address addr="202.46.4.63" addrtype="ipv4"/><ports><port protocol="tcp" portid="5060"><state state="open" reason="syn-ack" reason_ttl="50"/></port></ports></host>
<host endtime="1733432876"><address addr="202.46.255.94" addrtype="ipv4"/><ports><port protocol="tcp" portid="5060"><state state="open" reason="syn-ack" reason_ttl="51"/></port></ports></host>
<host endtime="1733432877"><address addr="202.46.243.49" addrtype="ipv4"/><ports><port protocol="tcp" portid="5060"><state state="open" reason="syn-ack" reason_ttl="51"/></port></ports></host>
<host endtime="1733432877"><address addr="202.46.246.174" addrtype="ipv4"/><ports><port protocol="tcp" portid="5060"><state state="open" reason="syn-ack" reason_ttl="51"/></port></ports></host>
<host endtime="1733432878"><address addr="202.46.1.151" addrtype="ipv4"/><ports><port protocol="tcp" portid="5060"><state state="open" reason="syn-ack" reason_ttl="51"/></port></ports></host>
<host endtime="1733432879"><address addr="202.46.244.106" addrtype="ipv4"/><ports><port protocol="tcp" portid="5060"><state state="open" reason="syn-ack" reason_ttl="51"/></port></ports></host>
<host endtime="1733432880"><address addr="202.46.2.51" addrtype="ipv4"/><ports><port protocol="tcp" portid="5060"><state state="open" reason="syn-ack" reason_ttl="51"/></port></ports></host>
<host endtime="1733432880"><address addr="202.46.240.223" addrtype="ipv4"/><ports><port protocol="tcp" portid="5060"><state state="open" reason="syn-ack" reason_ttl="51"/></port></ports></host>
<host endtime="1733432881"><address addr="202.46.9.44" addrtype="ipv4"/><ports><port protocol="tcp" portid="5060"><state state="open" reason="syn-ack" reason_ttl="51"/></port></ports></host>
<host endtime="1733432881"><address addr="202.46.240.218" addrtype="ipv4"/><ports><port protocol="tcp" portid="5060"><state state="open" reason="syn-ack" reason_ttl="51"/></port></ports></host>
<host endtime="1733432882"><address addr="199.123.27.199" addrtype="ipv4"/><ports><port protocol="tcp" portid="5060"><state state="open" reason="syn-ack" reason_ttl="229"/></port></ports></host>
<host endtime="1733432883"><address addr="202.46.8.218" addrtype="ipv4"/><ports><port protocol="tcp" portid="5060"><state state="open" reason="syn-ack" reason_ttl="50"/></port></ports></host>
<host endtime="1733432885"><address addr="202.46.1.208" addrtype="ipv4"/><ports><port protocol="tcp" portid="5060"><state state="open" reason="syn-ack" reason_ttl="50"/></port></ports></host>
<host endtime="1733432891"><address addr="202.46.244.232" addrtype="ipv4"/><ports><port protocol="tcp" portid="5060"><state state="open" reason="syn-ack" reason_ttl="50"/></port></ports></host>
<host endtime="1733432894"><address addr="202.46.246.142" addrtype="ipv4"/><ports><port protocol="tcp" portid="5060"><state state="open" reason="syn-ack" reason_ttl="50"/></port></ports></host>
<host endtime="1733432896"><address addr="202.46.15.157" addrtype="ipv4"/><ports><port protocol="tcp" portid="5060"><state state="open" reason="syn-ack" reason_ttl="50"/></port></ports></host>
<host endtime="1733432897"><address addr="202.46.5.72" addrtype="ipv4"/><ports><port protocol="tcp" portid="5060"><state state="open" reason="syn-ack" reason_ttl="51"/></port></ports></host>
<host endtime="1733432898"><address addr="202.46.8.7" addrtype="ipv4"/><ports><port protocol="tcp" portid="5060"><state state="open" reason="syn-ack" reason_ttl="50"/></port></ports></host>
<host endtime="1733432899"><address addr="202.46.244.112" addrtype="ipv4"/><ports><port protocol="tcp" portid="5060"><state state="open" reason="syn-ack" reason_ttl="51"/></port></ports></host>
<host endtime="1733432900"><address addr="202.46.242.138" addrtype="ipv4"/><ports><port protocol="tcp" portid="5060"><state state="open" reason="syn-ack" reason_ttl="50"/></port></ports></host>
<host endtime="1733432905"><address addr="202.46.0.15" addrtype="ipv4"/><ports><port protocol="tcp" portid="5060"><state state="open" reason="syn-ack" reason_ttl="51"/></port></ports></host>
<host endtime="1733432906"><address addr="202.46.247.129" addrtype="ipv4"/><ports><port protocol="tcp" portid="5060"><state state="open" reason="syn-ack" reason_ttl="51"/></port></ports></host>
<host endtime="1733432907"><address addr="202.46.7.114" addrtype="ipv4"/><ports><port protocol="tcp" portid="5060"><state state="open" reason="syn-ack" reason_ttl="50"/></port></ports></host>
<host endtime="1733432909"><address addr="202.46.0.128" addrtype="ipv4"/><ports><port protocol="tcp" portid="5060"><state state="open" reason="syn-ack" reason_ttl="50"/></port></ports></host>
<host endtime="1733432912"><address addr="202.46.1.136" addrtype="ipv4"/><ports><port protocol="tcp" portid="5060"><state state="open" reason="syn-ack" reason_ttl="51"/></port></ports></host>
<host endtime="1733432917"><address addr="202.46.252.151" addrtype="ipv4"/><ports><port protocol="tcp" portid="5060"><state state="open" reason="syn-ack" reason_ttl="51"/></port></ports></host>
<host endtime="1733432918"><address addr="202.46.251.159" addrtype="ipv4"/><ports><port protocol="tcp" portid="5060"><state state="open" reason="syn-ack" reason_ttl="51"/></port></ports></host>
<host endtime="1733432924"><address addr="199.123.24.41" addrtype="ipv4"/><ports><port protocol="tcp" portid="5060"><state state="open" reason="syn-ack" reason_ttl="229"/></port></ports></host>
<host endtime="1733432927"><address addr="202.46.241.165" addrtype="ipv4"/><ports><port protocol="tcp" portid="5060"><state state="open" reason="syn-ack" reason_ttl="50"/></port></ports></host>
<host endtime="1733432928"><address addr="193.98.229.252" addrtype="ipv4"/><ports><port protocol="tcp" portid="5061"><state state="open" reason="syn-ack" reason_ttl="44"/></port></ports></host>
<host endtime="1733432931"><address addr="193.103.200.208" addrtype="ipv4"/><ports><port protocol="tcp" portid="5060"><state state="open" reason="syn-ack" reason_ttl="52"/></port></ports></host>
<host endtime="1733432940"><address addr="202.46.14.133" addrtype="ipv4"/><ports><port protocol="tcp" portid="5060"><state state="open" reason="syn-ack" reason_ttl="50"/></port></ports></host>
<host endtime="1733432941"><address addr="202.46.244.241" addrtype="ipv4"/><ports><port protocol="tcp" portid="5060"><state state="open" reason="syn-ack" reason_ttl="50"/></port></ports></host>
<host endtime="1733432943"><address addr="202.46.244.75" addrtype="ipv4"/><ports><port protocol="tcp" portid="5060"><state state="open" reason="syn-ack" reason_ttl="51"/></port></ports></host>
<host endtime="1733432947"><address addr="202.46.241.195" addrtype="ipv4"/><ports><port protocol="tcp" portid="5060"><state state="open" reason="syn-ack" reason_ttl="51"/></port></ports></host>
<host endtime="1733432948"><address addr="202.46.246.150" addrtype="ipv4"/><ports><port protocol="tcp" portid="5060"><state state="open" reason="syn-ack" reason_ttl="51"/></port></ports></host>
<host endtime="1733432948"><address addr="103.83.18.126" addrtype="ipv4"/><ports><port protocol="tcp" portid="5060"><state state="open" reason="syn-ack" reason_ttl="48"/></port></ports></host>
<host endtime="1733432949"><address addr="202.46.10.65" addrtype="ipv4"/><ports><port protocol="tcp" portid="5060"><state state="open" reason="syn-ack" reason_ttl="50"/></port></ports></host>
<host endtime="1733432950"><address addr="202.46.1.233" addrtype="ipv4"/><ports><port protocol="tcp" portid="5060"><state state="open" reason="syn-ack" reason_ttl="50"/></port></ports></host>
<host endtime="1733432957"><address addr="103.224.214.192" addrtype="ipv4"/><ports><port protocol="tcp" portid="5060"><state state="open" reason="syn-ack" reason_ttl="48"/></port></ports></host>
<host endtime="1733432960"><address addr="202.46.244.147" addrtype="ipv4"/><ports><port protocol="tcp" portid="5060"><state state="open" reason="syn-ack" reason_ttl="51"/></port></ports></host>
<host endtime="1733432961"><address addr="193.98.229.135" addrtype="ipv4"/><ports><port protocol="tcp" portid="5060"><state state="open" reason="syn-ack" reason_ttl="48"/></port></ports></host>
<host endtime="1733432962"><address addr="202.46.2.166" addrtype="ipv4"/><ports><port protocol="tcp" portid="5060"><state state="open" reason="syn-ack" reason_ttl="51"/></port></ports></host>
<host endtime="1733432969"><address addr="199.123.25.52" addrtype="ipv4"/><ports><port protocol="tcp" portid="5060"><state state="open" reason="syn-ack" reason_ttl="229"/></port></ports></host>
<host endtime="1733432971"><address addr="103.224.214.76" addrtype="ipv4"/><ports><port protocol="tcp" portid="5060"><state state="open" reason="syn-ack" reason_ttl="48"/></port></ports></host>
<host endtime="1733432974"><address addr="202.46.252.41" addrtype="ipv4"/><ports><port protocol="tcp" portid="5060"><state state="open" reason="syn-ack" reason_ttl="51"/></port></ports></host>
<host endtime="1733432976"><address addr="202.46.14.27" addrtype="ipv4"/><ports><port protocol="tcp" portid="5060"><state state="open" reason="syn-ack" reason_ttl="51"/></port></ports></host>
<host endtime="1733432976"><address addr="103.224.214.242" addrtype="ipv4"/><ports><port protocol="tcp" portid="5060"><state state="open" reason="syn-ack" reason_ttl="48"/></port></ports></host>
<host endtime="1733432977"><address addr="202.46.9.253" addrtype="ipv4"/><ports><port protocol="tcp" portid="5060"><state state="open" reason="syn-ack" reason_ttl="51"/></port></ports></host>
<host endtime="1733432981"><address addr="202.46.8.48" addrtype="ipv4"/><ports><port protocol="tcp" portid="5060"><state state="open" reason="syn-ack" reason_ttl="51"/></port></ports></host>
<host endtime="1733432983"><address addr="199.123.26.33" addrtype="ipv4"/><ports><port protocol="tcp" portid="5060"><state state="open" reason="syn-ack" reason_ttl="229"/></port></ports></host>
<host endtime="1733432986"><address addr="103.83.19.104" addrtype="ipv4"/><ports><port protocol="tcp" portid="5060"><state state="open" reason="syn-ack" reason_ttl="48"/></port></ports></host>
<host endtime="1733432990"><address addr="202.46.253.125" addrtype="ipv4"/><ports><port protocol="tcp" portid="5060"><state state="open" reason="syn-ack" reason_ttl="51"/></port></ports></host>
<host endtime="1733432992"><address addr="202.46.11.229" addrtype="ipv4"/><ports><port protocol="tcp" portid="5060"><state state="open" reason="syn-ack" reason_ttl="51"/></port></ports></host>
<host endtime="1733432993"><address addr="202.46.5.144" addrtype="ipv4"/><ports><port protocol="tcp" portid="5060"><state state="open" reason="syn-ack" reason_ttl="51"/></port></ports></host>
<host endtime="1733432997"><address addr="202.46.245.131" addrtype="ipv4"/><ports><port protocol="tcp" portid="5060"><state state="open" reason="syn-ack" reason_ttl="50"/></port></ports></host>
<host endtime="1733432998"><address addr="202.46.7.186" addrtype="ipv4"/><ports><port protocol="tcp" portid="5060"><state state="open" reason="syn-ack" reason_ttl="51"/></port></ports></host>
<host endtime="1733433000"><address addr="202.46.251.54" addrtype="ipv4"/><ports><port protocol="tcp" portid="5060"><state state="open" reason="syn-ack" reason_ttl="51"/></port></ports></host>
<host endtime="1733433002"><address addr="199.123.26.148" addrtype="ipv4"/><ports><port protocol="tcp" portid="5060"><state state="open" reason="syn-ack" reason_ttl="229"/></port></ports></host>
<host endtime="1733433012"><address addr="193.103.200.116" addrtype="ipv4"/><ports><port protocol="tcp" portid="5060"><state state="open" reason="syn-ack" reason_ttl="52"/></port></ports></host>
<host endtime="1733433013"><address addr="202.46.242.249" addrtype="ipv4"/><ports><port protocol="tcp" portid="5060"><state state="open" reason="syn-ack" reason_ttl="51"/></port></ports></host>
<host endtime="1733433014"><address addr="199.123.24.200" addrtype="ipv4"/><ports><port protocol="tcp" portid="5060"><state state="open" reason="syn-ack" reason_ttl="229"/></port></ports></host>
<host endtime="1733433015"><address addr="202.46.252.58" addrtype="ipv4"/><ports><port protocol="tcp" portid="5060"><state state="open" reason="syn-ack" reason_ttl="51"/></port></ports></host>
<host endtime="1733433017"><address addr="202.46.1.218" addrtype="ipv4"/><ports><port protocol="tcp" portid="5060"><state state="open" reason="syn-ack" reason_ttl="50"/></port></ports></host>
<host endtime="1733433022"><address addr="199.123.27.144" addrtype="ipv4"/><ports><port protocol="tcp" portid="5060"><state state="open" reason="syn-ack" reason_ttl="229"/></port></ports></host>
<host endtime="1733433025"><address addr="202.46.10.12" addrtype="ipv4"/><ports><port protocol="tcp" portid="5061"><state state="open" reason="syn-ack" reason_ttl="49"/></port></ports></host>
<host endtime="1733433026"><address addr="202.46.0.86" addrtype="ipv4"/><ports><port protocol="tcp" portid="5060"><state state="open" reason="syn-ack" reason_ttl="51"/></port></ports></host>
<host endtime="1733433029"><address addr="202.46.13.160" addrtype="ipv4"/><ports><port protocol="tcp" portid="5060"><state state="open" reason="syn-ack" reason_ttl="51"/></port></ports></host>
<host endtime="1733433029"><address addr="202.46.12.247" addrtype="ipv4"/><ports><port protocol="tcp" portid="5060"><state state="open" reason="syn-ack" reason_ttl="51"/></port></ports></host>
<host endtime="1733433029"><address addr="202.46.246.39" addrtype="ipv4"/><ports><port protocol="tcp" portid="5060"><state state="open" reason="syn-ack" reason_ttl="50"/></port></ports></host>
<host endtime="1733433030"><address addr="202.46.255.156" addrtype="ipv4"/><ports><port protocol="tcp" portid="5060"><state state="open" reason="syn-ack" reason_ttl="51"/></port></ports></host>
<host endtime="1733433034"><address addr="202.46.3.175" addrtype="ipv4"/><ports><port protocol="tcp" portid="5060"><state state="open" reason="syn-ack" reason_ttl="51"/></port></ports></host>
<host endtime="1733433035"><address addr="202.46.250.186" addrtype="ipv4"/><ports><port protocol="tcp" portid="5060"><state state="open" reason="syn-ack" reason_ttl="51"/></port></ports></host>
<host endtime="1733433035"><address addr="199.123.27.173" addrtype="ipv4"/><ports><port protocol="tcp" portid="5060"><state state="open" reason="syn-ack" reason_ttl="229"/></port></ports></host>
<host endtime="1733433036"><address addr="202.46.241.182" addrtype="ipv4"/><ports><port protocol="tcp" portid="5060"><state state="open" reason="syn-ack" reason_ttl="50"/></port></ports></host>
<host endtime="1733433037"><address addr="202.46.241.161" addrtype="ipv4"/><ports><port protocol="tcp" portid="5060"><state state="open" reason="syn-ack" reason_ttl="50"/></port></ports></host>
<host endtime="1733433037"><address addr="103.224.215.250" addrtype="ipv4"/><ports><port protocol="tcp" portid="5060"><state state="open" reason="syn-ack" reason_ttl="48"/></port></ports></host>
<host endtime="1733433040"><address addr="202.46.253.90" addrtype="ipv4"/><ports><port protocol="tcp" portid="5060"><state state="open" reason="syn-ack" reason_ttl="51"/></port></ports></host>
<host endtime="1733433042"><address addr="202.46.2.89" addrtype="ipv4"/><ports><port protocol="tcp" portid="5060"><state state="open" reason="syn-ack" reason_ttl="51"/></port></ports></host>
<host endtime="1733433043"><address addr="199.201.236.212" addrtype="ipv4"/><ports><port protocol="tcp" portid="5060"><state state="open" reason="syn-ack" reason_ttl="47"/></port></ports></host>
<host endtime="1733433048"><address addr="199.123.27.42" addrtype="ipv4"/><ports><port protocol="tcp" portid="5060"><state state="open" reason="syn-ack" reason_ttl="229"/></port></ports></host>
<host endtime="1733433049"><address addr="199.123.24.87" addrtype="ipv4"/><ports><port protocol="tcp" portid="5060"><state state="open" reason="syn-ack" reason_ttl="229"/></port></ports></host>
<host endtime="1733433051"><address addr="103.83.19.245" addrtype="ipv4"/><ports><port protocol="tcp" portid="5060"><state state="open" reason="syn-ack" reason_ttl="48"/></port></ports></host>
<host endtime="1733433051"><address addr="202.46.244.18" addrtype="ipv4"/><ports><port protocol="tcp" portid="5060"><state state="open" reason="syn-ack" reason_ttl="51"/></port></ports></host>
<host endtime="1733433051"><address addr="103.224.215.31" addrtype="ipv4"/><ports><port protocol="tcp" portid="5060"><state state="open" reason="syn-ack" reason_ttl="48"/></port></ports></host>
<host endtime="1733433052"><address addr="103.83.18.145" addrtype="ipv4"/><ports><port protocol="tcp" portid="5060"><state state="open" reason="syn-ack" reason_ttl="48"/></port></ports></host>
<host endtime="1733433053"><address addr="103.224.214.149" addrtype="ipv4"/><ports><port protocol="tcp" portid="5060"><state state="open" reason="syn-ack" reason_ttl="48"/></port></ports></host>
<host endtime="1733433056"><address addr="193.103.200.158" addrtype="ipv4"/><ports><port protocol="tcp" portid="5060"><state state="open" reason="syn-ack" reason_ttl="54"/></port></ports></host>
<host endtime="1733433057"><address addr="103.83.19.26" addrtype="ipv4"/><ports><port protocol="tcp" portid="5060"><state state="open" reason="syn-ack" reason_ttl="48"/></port></ports></host>
<host endtime="1733433060"><address addr="202.46.244.181" addrtype="ipv4"/><ports><port protocol="tcp" portid="5060"><state state="open" reason="syn-ack" reason_ttl="50"/></port></ports></host>
<host endtime="1733433061"><address addr="202.46.248.247" addrtype="ipv4"/><ports><port protocol="tcp" portid="5060"><state state="open" reason="syn-ack" reason_ttl="51"/></port></ports></host>
<host endtime="1733433061"><address addr="202.46.9.39" addrtype="ipv4"/><ports><port protocol="tcp" portid="5060"><state state="open" reason="syn-ack" reason_ttl="51"/></port></ports></host>
<host endtime="1733433062"><address addr="202.46.8.146" addrtype="ipv4"/><ports><port protocol="tcp" portid="5060"><state state="open" reason="syn-ack" reason_ttl="50"/></port></ports></host>
<host endtime="1733433063"><address addr="202.46.6.133" addrtype="ipv4"/><ports><port protocol="tcp" portid="5060"><state state="open" reason="syn-ack" reason_ttl="50"/></port></ports></host>
<host endtime="1733433064"><address addr="193.98.229.48" addrtype="ipv4"/><ports><port protocol="tcp" portid="5061"><state state="open" reason="syn-ack" reason_ttl="49"/></port></ports></host>
<host endtime="1733433065"><address addr="202.46.1.197" addrtype="ipv4"/><ports><port protocol="tcp" portid="5060"><state state="open" reason="syn-ack" reason_ttl="50"/></port></ports></host>
<host endtime="1733433071"><address addr="103.224.214.49" addrtype="ipv4"/><ports><port protocol="tcp" portid="5060"><state state="open" reason="syn-ack" reason_ttl="48"/></port></ports></host>
<host endtime="1733433072"><address addr="202.46.254.69" addrtype="ipv4"/><ports><port protocol="tcp" portid="5060"><state state="open" reason="syn-ack" reason_ttl="51"/></port></ports></host>
<host endtime="1733433072"><address addr="202.46.8.51" addrtype="ipv4"/><ports><port protocol="tcp" portid="5060"><state state="open" reason="syn-ack" reason_ttl="51"/></port></ports></host>
<host endtime="1733433073"><address addr="202.46.5.243" addrtype="ipv4"/><ports><port protocol="tcp" portid="5060"><state state="open" reason="syn-ack" reason_ttl="51"/></port></ports></host>
<host endtime="1733433074"><address addr="202.46.251.36" addrtype="ipv4"/><ports><port protocol="tcp" portid="5060"><state state="open" reason="syn-ack" reason_ttl="51"/></port></ports></host>
<host endtime="1733433075"><address addr="202.46.242.208" addrtype="ipv4"/><ports><port protocol="tcp" portid="5060"><state state="open" reason="syn-ack" reason_ttl="51"/></port></ports></host>
<host endtime="1733433075"><address addr="202.46.253.171" addrtype="ipv4"/><ports><port protocol="tcp" portid="5060"><state state="open" reason="syn-ack" reason_ttl="50"/></port></ports></host>
<host endtime="1733433076"><address addr="199.123.27.0" addrtype="ipv4"/><ports><port protocol="tcp" portid="5060"><state state="open" reason="syn-ack" reason_ttl="229"/></port></ports></host>
<host endtime="1733433077"><address addr="199.123.27.6" addrtype="ipv4"/><ports><port protocol="tcp" portid="5060"><state state="open" reason="syn-ack" reason_ttl="229"/></port></ports></host>
<host endtime="1733433080"><address addr="202.46.244.183" addrtype="ipv4"/><ports><port protocol="tcp" portid="5060"><state state="open" reason="syn-ack" reason_ttl="51"/></port></ports></host>
<host endtime="1733433086"><address addr="202.46.11.131" addrtype="ipv4"/><ports><port protocol="tcp" portid="5060"><state state="open" reason="syn-ack" reason_ttl="50"/></port></ports></host>
<host endtime="1733433089"><address addr="103.224.214.216" addrtype="ipv4"/><ports><port protocol="tcp" portid="5060"><state state="open" reason="syn-ack" reason_ttl="48"/></port></ports></host>
<host endtime="1733433090"><address addr="202.46.11.236" addrtype="ipv4"/><ports><port protocol="tcp" portid="5060"><state state="open" reason="syn-ack" reason_ttl="50"/></port></ports></host>
<host endtime="1733433091"><address addr="202.46.13.177" addrtype="ipv4"/><ports><port protocol="tcp" portid="5060"><state state="open" reason="syn-ack" reason_ttl="51"/></port></ports></host>
<host endtime="1733433094"><address addr="202.46.250.58" addrtype="ipv4"/><ports><port protocol="tcp" portid="5060"><state state="open" reason="syn-ack" reason_ttl="51"/></port></ports></host>
<host endtime="1733433096"><address addr="202.46.244.70" addrtype="ipv4"/><ports><port protocol="tcp" portid="5060"><state state="open" reason="syn-ack" reason_ttl="50"/></port></ports></host>
<host endtime="1733433098"><address addr="202.46.11.76" addrtype="ipv4"/><ports><port protocol="tcp" portid="5060"><state state="open" reason="syn-ack" reason_ttl="51"/></port></ports></host>
<host endtime="1733433099"><address addr="202.46.3.60" addrtype="ipv4"/><ports><port protocol="tcp" portid="5060"><state state="open" reason="syn-ack" reason_ttl="50"/></port></ports></host>
<host endtime="1733433100"><address addr="202.46.1.241" addrtype="ipv4"/><ports><port protocol="tcp" portid="5060"><state state="open" reason="syn-ack" reason_ttl="50"/></port></ports></host>
<host endtime="1733433109"><address addr="202.46.7.61" addrtype="ipv4"/><ports><port protocol="tcp" portid="5060"><state state="open" reason="syn-ack" reason_ttl="51"/></port></ports></host>
<host endtime="1733433110"><address addr="202.46.7.188" addrtype="ipv4"/><ports><port protocol="tcp" portid="5060"><state state="open" reason="syn-ack" reason_ttl="50"/></port></ports></host>
<host endtime="1733433110"><address addr="103.83.19.172" addrtype="ipv4"/><ports><port protocol="tcp" portid="5060"><state state="open" reason="syn-ack" reason_ttl="48"/></port></ports></host>
<host endtime="1733433112"><address addr="202.46.8.34" addrtype="ipv4"/><ports><port protocol="tcp" portid="5061"><state state="open" reason="syn-ack" reason_ttl="50"/></port></ports></host>
<host endtime="1733433112"><address addr="202.46.246.30" addrtype="ipv4"/><ports><port protocol="tcp" portid="5060"><state state="open" reason="syn-ack" reason_ttl="51"/></port></ports></host>
<host endtime="1733433113"><address addr="41.138.192.46" addrtype="ipv4"/><ports><port protocol="tcp" portid="5060"><state state="open" reason="syn-ack" reason_ttl="43"/></port></ports></host>
<host endtime="1733433113"><address addr="202.46.13.41" addrtype="ipv4"/><ports><port protocol="tcp" portid="5060"><state state="open" reason="syn-ack" reason_ttl="51"/></port></ports></host>
<host endtime="1733433119"><address addr="103.83.19.252" addrtype="ipv4"/><ports><port protocol="tcp" portid="5060"><state state="open" reason="syn-ack" reason_ttl="48"/></port></ports></host>
<host endtime="1733433122"><address addr="199.201.237.113" addrtype="ipv4"/><ports><port protocol="tcp" portid="5060"><state state="open" reason="syn-ack" reason_ttl="47"/></port></ports></host>
<host endtime="1733433132"><address addr="202.46.5.36" addrtype="ipv4"/><ports><port protocol="tcp" portid="5060"><state state="open" reason="syn-ack" reason_ttl="51"/></port></ports></host>
<host endtime="1733433132"><address addr="202.46.249.4" addrtype="ipv4"/><ports><port protocol="tcp" portid="5060"><state state="open" reason="syn-ack" reason_ttl="51"/></port></ports></host>
<host endtime="1733433134"><address addr="202.46.243.178" addrtype="ipv4"/><ports><port protocol="tcp" portid="5060"><state state="open" reason="syn-ack" reason_ttl="50"/></port></ports></host>
<host endtime="1733433135"><address addr="202.46.240.240" addrtype="ipv4"/><ports><port protocol="tcp" portid="5060"><state state="open" reason="syn-ack" reason_ttl="50"/></port></ports></host>
<host endtime="1733433135"><address addr="193.98.229.168" addrtype="ipv4"/><ports><port protocol="tcp" portid="5061"><state state="open" reason="syn-ack" reason_ttl="48"/></port></ports></host>
<host endtime="1733433142"><address addr="193.98.229.250" addrtype="ipv4"/><ports><port protocol="tcp" portid="5061"><state state="open" reason="syn-ack" reason_ttl="44"/></port></ports></host>
<host endtime="1733433143"><address addr="202.46.252.134" addrtype="ipv4"/><ports><port protocol="tcp" portid="5060"><state state="open" reason="syn-ack" reason_ttl="51"/></port></ports></host>
<host endtime="1733433145"><address addr="202.46.248.101" addrtype="ipv4"/><ports><port protocol="tcp" portid="5060"><state state="open" reason="syn-ack" reason_ttl="51"/></port></ports></host>
<host endtime="1733433147"><address addr="103.83.18.183" addrtype="ipv4"/><ports><port protocol="tcp" portid="5060"><state state="open" reason="syn-ack" reason_ttl="48"/></port></ports></host>
<host endtime="1733433148"><address addr="202.46.242.241" addrtype="ipv4"/><ports><port protocol="tcp" portid="5060"><state state="open" reason="syn-ack" reason_ttl="51"/></port></ports></host>
<host endtime="1733433149"><address addr="193.103.200.177" addrtype="ipv4"/><ports><port protocol="tcp" portid="5060"><state state="open" reason="syn-ack" reason_ttl="54"/></port></ports></host>
<host endtime="1733433149"><address addr="202.46.244.32" addrtype="ipv4"/><ports><port protocol="tcp" portid="5060"><state state="open" reason="syn-ack" reason_ttl="50"/></port></ports></host>
<host endtime="1733433150"><address addr="199.123.25.42" addrtype="ipv4"/><ports><port protocol="tcp" portid="5060"><state state="open" reason="syn-ack" reason_ttl="229"/></port></ports></host>
<host endtime="1733433150"><address addr="199.201.237.33" addrtype="ipv4"/><ports><port protocol="tcp" portid="5060"><state state="open" reason="syn-ack" reason_ttl="47"/></port></ports></host>
<host endtime="1733433153"><address addr="202.46.5.52" addrtype="ipv4"/><ports><port protocol="tcp" portid="5060"><state state="open" reason="syn-ack" reason_ttl="50"/></port></ports></host>
<host endtime="1733433157"><address addr="202.46.13.155" addrtype="ipv4"/><ports><port protocol="tcp" portid="5060"><state state="open" reason="syn-ack" reason_ttl="50"/></port></ports></host>
<host endtime="1733433158"><address addr="202.46.10.210" addrtype="ipv4"/><ports><port protocol="tcp" portid="5060"><state state="open" reason="syn-ack" reason_ttl="51"/></port></ports></host>
<host endtime="1733433159"><address addr="202.46.246.40" addrtype="ipv4"/><ports><port protocol="tcp" portid="5060"><state state="open" reason="syn-ack" reason_ttl="51"/></port></ports></host>
<host endtime="1733433160"><address addr="202.46.253.103" addrtype="ipv4"/><ports><port protocol="tcp" portid="5060"><state state="open" reason="syn-ack" reason_ttl="51"/></port></ports></host>
<host endtime="1733433164"><address addr="202.46.3.217" addrtype="ipv4"/><ports><port protocol="tcp" portid="5060"><state state="open" reason="syn-ack" reason_ttl="51"/></port></ports></host>
<host endtime="1733433166"><address addr="193.98.229.133" addrtype="ipv4"/><ports><port protocol="tcp" portid="5061"><state state="open" reason="syn-ack" reason_ttl="44"/></port></ports></host>
<host endtime="1733433167"><address addr="193.98.229.232" addrtype="ipv4"/><ports><port protocol="tcp" portid="5061"><state state="open" reason="syn-ack" reason_ttl="44"/></port></ports></host>
<host endtime="1733433168"><address addr="193.103.200.79" addrtype="ipv4"/><ports><port protocol="tcp" portid="5060"><state state="open" reason="syn-ack" reason_ttl="52"/></port></ports></host>
<host endtime="1733433168"><address addr="202.46.242.192" addrtype="ipv4"/><ports><port protocol="tcp" portid="5060"><state state="open" reason="syn-ack" reason_ttl="51"/></port></ports></host>
<host endtime="1733433179"><address addr="103.83.18.185" addrtype="ipv4"/><ports><port protocol="tcp" portid="5060"><state state="open" reason="syn-ack" reason_ttl="48"/></port></ports></host>
<host endtime="1733433179"><address addr="202.46.5.46" addrtype="ipv4"/><ports><port protocol="tcp" portid="5060"><state state="open" reason="syn-ack" reason_ttl="50"/></port></ports></host>
<host endtime="1733433182"><address addr="202.46.249.99" addrtype="ipv4"/><ports><port protocol="tcp" portid="5060"><state state="open" reason="syn-ack" reason_ttl="51"/></port></ports></host>
<host endtime="1733433183"><address addr="202.46.250.237" addrtype="ipv4"/><ports><port protocol="tcp" portid="5060"><state state="open" reason="syn-ack" reason_ttl="51"/></port></ports></host>
<host endtime="1733433183"><address addr="202.46.242.119" addrtype="ipv4"/><ports><port protocol="tcp" portid="5060"><state state="open" reason="syn-ack" reason_ttl="51"/></port></ports></host>
<host endtime="1733433183"><address addr="202.46.13.191" addrtype="ipv4"/><ports><port protocol="tcp" portid="5060"><state state="open" reason="syn-ack" reason_ttl="50"/></port></ports></host>
<host endtime="1733433186"><address addr="199.201.237.87" addrtype="ipv4"/><ports><port protocol="tcp" portid="5060"><state state="open" reason="syn-ack" reason_ttl="47"/></port></ports></host>
<host endtime="1733433187"><address addr="199.201.237.141" addrtype="ipv4"/><ports><port protocol="tcp" portid="5060"><state state="open" reason="syn-ack" reason_ttl="47"/></port></ports></host>
<host endtime="1733433188"><address addr="202.46.14.25" addrtype="ipv4"/><ports><port protocol="tcp" portid="5060"><state state="open" reason="syn-ack" reason_ttl="50"/></port></ports></host>
<host endtime="1733433188"><address addr="202.46.14.40" addrtype="ipv4"/><ports><port protocol="tcp" portid="5060"><state state="open" reason="syn-ack" reason_ttl="51"/></port></ports></host>
<host endtime="1733433192"><address addr="202.46.245.255" addrtype="ipv4"/><ports><port protocol="tcp" portid="5060"><state state="open" reason="syn-ack" reason_ttl="51"/></port></ports></host>
<host endtime="1733433192"><address addr="193.98.229.200" addrtype="ipv4"/><ports><port protocol="tcp" portid="5060"><state state="open" reason="syn-ack" reason_ttl="47"/></port></ports></host>
<host endtime="1733433193"><address addr="103.83.19.24" addrtype="ipv4"/><ports><port protocol="tcp" portid="5060"><state state="open" reason="syn-ack" reason_ttl="48"/></port></ports></host>
<host endtime="1733433194"><address addr="202.46.8.140" addrtype="ipv4"/><ports><port protocol="tcp" portid="5060"><state state="open" reason="syn-ack" reason_ttl="51"/></port></ports></host>
<host endtime="1733433194"><address addr="202.46.253.56" addrtype="ipv4"/><ports><port protocol="tcp" portid="5060"><state state="open" reason="syn-ack" reason_ttl="50"/></port></ports></host>
<host endtime="1733433194"><address addr="193.98.229.80" addrtype="ipv4"/><ports><port protocol="tcp" portid="5061"><state state="open" reason="syn-ack" reason_ttl="49"/></port></ports></host>
<host endtime="1733433198"><address addr="202.46.10.13" addrtype="ipv4"/><ports><port protocol="tcp" portid="5061"><state state="open" reason="syn-ack" reason_ttl="50"/></port></ports></host>
<host endtime="1733433200"><address addr="202.46.243.107" addrtype="ipv4"/><ports><port protocol="tcp" portid="5060"><state state="open" reason="syn-ack" reason_ttl="51"/></port></ports></host>
<host endtime="1733433201"><address addr="103.177.50.31" addrtype="ipv4"/><ports><port protocol="tcp" portid="5060"><state state="open" reason="syn-ack" reason_ttl="121"/></port></ports></host>
<host endtime="1733433204"><address addr="202.46.244.149" addrtype="ipv4"/><ports><port protocol="tcp" portid="5060"><state state="open" reason="syn-ack" reason_ttl="50"/></port></ports></host>
<host endtime="1733433206"><address addr="202.46.245.232" addrtype="ipv4"/><ports><port protocol="tcp" portid="5060"><state state="open" reason="syn-ack" reason_ttl="51"/></port></ports></host>
<host endtime="1733433207"><address addr="202.46.255.208" addrtype="ipv4"/><ports><port protocol="tcp" portid="5060"><state state="open" reason="syn-ack" reason_ttl="51"/></port></ports></host>
<host endtime="1733433215"><address addr="202.46.12.79" addrtype="ipv4"/><ports><port protocol="tcp" portid="5060"><state state="open" reason="syn-ack" reason_ttl="50"/></port></ports></host>
<host endtime="1733433216"><address addr="202.46.8.29" addrtype="ipv4"/><ports><port protocol="tcp" portid="5060"><state state="open" reason="syn-ack" reason_ttl="50"/></port></ports></host>
<host endtime="1733433219"><address addr="202.46.10.5" addrtype="ipv4"/><ports><port protocol="tcp" portid="5060"><state state="open" reason="syn-ack" reason_ttl="51"/></port></ports></host>
<host endtime="1733433223"><address addr="102.219.129.25" addrtype="ipv4"/><ports><port protocol="tcp" portid="5060"><state state="open" reason="syn-ack" reason_ttl="39"/></port></ports></host>
<host endtime="1733433225"><address addr="202.46.242.159" addrtype="ipv4"/><ports><port protocol="tcp" portid="5060"><state state="open" reason="syn-ack" reason_ttl="50"/></port></ports></host>
<host endtime="1733433227"><address addr="202.46.245.65" addrtype="ipv4"/><ports><port protocol="tcp" portid="5060"><state state="open" reason="syn-ack" reason_ttl="50"/></port></ports></host>
<host endtime="1733433228"><address addr="202.46.241.47" addrtype="ipv4"/><ports><port protocol="tcp" portid="5060"><state state="open" reason="syn-ack" reason_ttl="51"/></port></ports></host>
<host endtime="1733433230"><address addr="199.123.27.132" addrtype="ipv4"/><ports><port protocol="tcp" portid="5060"><state state="open" reason="syn-ack" reason_ttl="229"/></port></ports></host>
<host endtime="1733433232"><address addr="202.46.14.73" addrtype="ipv4"/><ports><port protocol="tcp" portid="5060"><state state="open" reason="syn-ack" reason_ttl="51"/></port></ports></host>
<host endtime="1733433233"><address addr="202.46.11.242" addrtype="ipv4"/><ports><port protocol="tcp" portid="5060"><state state="open" reason="syn-ack" reason_ttl="51"/></port></ports></host>
<host endtime="1733433234"><address addr="202.46.15.17" addrtype="ipv4"/><ports><port protocol="tcp" portid="5060"><state state="open" reason="syn-ack" reason_ttl="50"/></port></ports></host>
<host endtime="1733433235"><address addr="202.46.5.104" addrtype="ipv4"/><ports><port protocol="tcp" portid="5060"><state state="open" reason="syn-ack" reason_ttl="50"/></port></ports></host>
<host endtime="1733433238"><address addr="202.46.15.111" addrtype="ipv4"/><ports><port protocol="tcp" portid="5060"><state state="open" reason="syn-ack" reason_ttl="51"/></port></ports></host>
<host endtime="1733433243"><address addr="199.123.24.104" addrtype="ipv4"/><ports><port protocol="tcp" portid="5060"><state state="open" reason="syn-ack" reason_ttl="229"/></port></ports></host>
<host endtime="1733433244"><address addr="202.46.244.135" addrtype="ipv4"/><ports><port protocol="tcp" portid="5060"><state state="open" reason="syn-ack" reason_ttl="51"/></port></ports></host>
<host endtime="1733433244"><address addr="202.46.240.167" addrtype="ipv4"/><ports><port protocol="tcp" portid="5060"><state state="open" reason="syn-ack" reason_ttl="51"/></port></ports></host>
<host endtime="1733433244"><address addr="202.46.0.216" addrtype="ipv4"/><ports><port protocol="tcp" portid="5060"><state state="open" reason="syn-ack" reason_ttl="50"/></port></ports></host>
<host endtime="1733433247"><address addr="202.46.13.162" addrtype="ipv4"/><ports><port protocol="tcp" portid="5060"><state state="open" reason="syn-ack" reason_ttl="51"/></port></ports></host>
<host endtime="1733433248"><address addr="103.83.19.244" addrtype="ipv4"/><ports><port protocol="tcp" portid="5060"><state state="open" reason="syn-ack" reason_ttl="48"/></port></ports></host>
<host endtime="1733433259"><address addr="199.201.236.154" addrtype="ipv4"/><ports><port protocol="tcp" portid="5060"><state state="open" reason="syn-ack" reason_ttl="47"/></port></ports></host>
<host endtime="1733433260"><address addr="202.46.14.170" addrtype="ipv4"/><ports><port protocol="tcp" portid="5060"><state state="open" reason="syn-ack" reason_ttl="51"/></port></ports></host>
<host endtime="1733433261"><address addr="199.123.24.71" addrtype="ipv4"/><ports><port protocol="tcp" portid="5060"><state state="open" reason="syn-ack" reason_ttl="229"/></port></ports></host>
<host endtime="1733433262"><address addr="202.46.252.252" addrtype="ipv4"/><ports><port protocol="tcp" portid="5060"><state state="open" reason="syn-ack" reason_ttl="51"/></port></ports></host>
<host endtime="1733433263"><address addr="199.123.27.243" addrtype="ipv4"/><ports><port protocol="tcp" portid="5060"><state state="open" reason="syn-ack" reason_ttl="229"/></port></ports></host>
<host endtime="1733433269"><address addr="202.46.3.113" addrtype="ipv4"/><ports><port protocol="tcp" portid="5060"><state state="open" reason="syn-ack" reason_ttl="50"/></port></ports></host>
<host endtime="1733433269"><address addr="199.123.24.219" addrtype="ipv4"/><ports><port protocol="tcp" portid="5060"><state state="open" reason="syn-ack" reason_ttl="229"/></port></ports></host>
<host endtime="1733433271"><address addr="202.46.7.191" addrtype="ipv4"/><ports><port protocol="tcp" portid="5060"><state state="open" reason="syn-ack" reason_ttl="50"/></port></ports></host>
<host endtime="1733433271"><address addr="193.97.171.22" addrtype="ipv4"/><ports><port protocol="tcp" portid="5061"><state state="open" reason="syn-ack" reason_ttl="241"/></port></ports></host>
<host endtime="1733433274"><address addr="103.110.61.95" addrtype="ipv4"/><ports><port protocol="tcp" portid="5060"><state state="open" reason="syn-ack" reason_ttl="241"/></port></ports></host>
<host endtime="1733433278"><address addr="199.123.26.36" addrtype="ipv4"/><ports><port protocol="tcp" portid="5060"><state state="open" reason="syn-ack" reason_ttl="229"/></port></ports></host>
<host endtime="1733433280"><address addr="202.46.251.42" addrtype="ipv4"/><ports><port protocol="tcp" portid="5060"><state state="open" reason="syn-ack" reason_ttl="51"/></port></ports></host>
<host endtime="1733433280"><address addr="202.46.13.254" addrtype="ipv4"/><ports><port protocol="tcp" portid="5060"><state state="open" reason="syn-ack" reason_ttl="50"/></port></ports></host>
<host endtime="1733433290"><address addr="199.201.237.220" addrtype="ipv4"/><ports><port protocol="tcp" portid="5060"><state state="open" reason="syn-ack" reason_ttl="47"/></port></ports></host>
<host endtime="1733433291"><address addr="202.46.244.58" addrtype="ipv4"/><ports><port protocol="tcp" portid="5060"><state state="open" reason="syn-ack" reason_ttl="51"/></port></ports></host>
<host endtime="1733433292"><address addr="193.103.200.254" addrtype="ipv4"/><ports><port protocol="tcp" portid="5060"><state state="open" reason="syn-ack" reason_ttl="52"/></port></ports></host>
<host endtime="1733433292"><address addr="202.46.2.90" addrtype="ipv4"/><ports><port protocol="tcp" portid="5060"><state state="open" reason="syn-ack" reason_ttl="51"/></port></ports></host>
<host endtime="1733433295"><address addr="202.46.5.212" addrtype="ipv4"/><ports><port protocol="tcp" portid="5060"><state state="open" reason="syn-ack" reason_ttl="51"/></port></ports></host>
<host endtime="1733433296"><address addr="202.46.1.40" addrtype="ipv4"/><ports><port protocol="tcp" portid="5061"><state state="open" reason="syn-ack" reason_ttl="50"/></port></ports></host>
<host endtime="1733433297"><address addr="202.46.12.84" addrtype="ipv4"/><ports><port protocol="tcp" portid="5060"><state state="open" reason="syn-ack" reason_ttl="50"/></port></ports></host>
<host endtime="1733433302"><address addr="103.83.19.189" addrtype="ipv4"/><ports><port protocol="tcp" portid="5060"><state state="open" reason="syn-ack" reason_ttl="48"/></port></ports></host>
<host endtime="1733433303"><address addr="202.46.255.53" addrtype="ipv4"/><ports><port protocol="tcp" portid="5060"><state state="open" reason="syn-ack" reason_ttl="51"/></port></ports></host>
<host endtime="1733433306"><address addr="202.46.9.175" addrtype="ipv4"/><ports><port protocol="tcp" portid="5060"><state state="open" reason="syn-ack" reason_ttl="51"/></port></ports></host>
<host endtime="1733433308"><address addr="202.46.6.94" addrtype="ipv4"/><ports><port protocol="tcp" portid="5060"><state state="open" reason="syn-ack" reason_ttl="51"/></port></ports></host>
<host endtime="1733433311"><address addr="202.46.13.32" addrtype="ipv4"/><ports><port protocol="tcp" portid="5060"><state state="open" reason="syn-ack" reason_ttl="51"/></port></ports></host>
<host endtime="1733433311"><address addr="202.46.4.170" addrtype="ipv4"/><ports><port protocol="tcp" portid="5060"><state state="open" reason="syn-ack" reason_ttl="50"/></port></ports></host>
<host endtime="1733433315"><address addr="202.46.255.56" addrtype="ipv4"/><ports><port protocol="tcp" portid="5060"><state state="open" reason="syn-ack" reason_ttl="51"/></port></ports></host>
<host endtime="1733433315"><address addr="202.46.240.113" addrtype="ipv4"/><ports><port protocol="tcp" portid="5060"><state state="open" reason="syn-ack" reason_ttl="50"/></port></ports></host>
<host endtime="1733433317"><address addr="202.46.246.186" addrtype="ipv4"/><ports><port protocol="tcp" portid="5060"><state state="open" reason="syn-ack" reason_ttl="50"/></port></ports></host>
<host endtime="1733433319"><address addr="202.46.14.117" addrtype="ipv4"/><ports><port protocol="tcp" portid="5060"><state state="open" reason="syn-ack" reason_ttl="50"/></port></ports></host>
<host endtime="1733433321"><address addr="202.46.10.14" addrtype="ipv4"/><ports><port protocol="tcp" portid="5060"><state state="open" reason="syn-ack" reason_ttl="51"/></port></ports></host>
<host endtime="1733433324"><address addr="202.46.14.95" addrtype="ipv4"/><ports><port protocol="tcp" portid="5060"><state state="open" reason="syn-ack" reason_ttl="51"/></port></ports></host>
<host endtime="1733433324"><address addr="202.46.2.45" addrtype="ipv4"/><ports><port protocol="tcp" portid="5060"><state state="open" reason="syn-ack" reason_ttl="50"/></port></ports></host>
<host endtime="1733433326"><address addr="202.46.247.28" addrtype="ipv4"/><ports><port protocol="tcp" portid="5060"><state state="open" reason="syn-ack" reason_ttl="50"/></port></ports></host>
<host endtime="1733433327"><address addr="202.46.2.146" addrtype="ipv4"/><ports><port protocol="tcp" portid="5060"><state state="open" reason="syn-ack" reason_ttl="50"/></port></ports></host>
<host endtime="1733433328"><address addr="202.46.252.143" addrtype="ipv4"/><ports><port protocol="tcp" portid="5060"><state state="open" reason="syn-ack" reason_ttl="51"/></port></ports></host>
<host endtime="1733433331"><address addr="202.46.253.45" addrtype="ipv4"/><ports><port protocol="tcp" portid="5060"><state state="open" reason="syn-ack" reason_ttl="51"/></port></ports></host>
<host endtime="1733433334"><address addr="199.123.26.26" addrtype="ipv4"/><ports><port protocol="tcp" portid="5060"><state state="open" reason="syn-ack" reason_ttl="229"/></port></ports></host>
<host endtime="1733433336"><address addr="202.46.246.101" addrtype="ipv4"/><ports><port protocol="tcp" portid="5060"><state state="open" reason="syn-ack" reason_ttl="51"/></port></ports></host>
<host endtime="1733433339"><address addr="193.103.200.17" addrtype="ipv4"/><ports><port protocol="tcp" portid="5060"><state state="open" reason="syn-ack" reason_ttl="52"/></port></ports></host>
<host endtime="1733433345"><address addr="193.98.229.227" addrtype="ipv4"/><ports><port protocol="tcp" portid="5060"><state state="open" reason="syn-ack" reason_ttl="48"/></port></ports></host>
<host endtime="1733433346"><address addr="202.46.14.52" addrtype="ipv4"/><ports><port protocol="tcp" portid="5060"><state state="open" reason="syn-ack" reason_ttl="51"/></port></ports></host>
<host endtime="1733433347"><address addr="103.83.18.166" addrtype="ipv4"/><ports><port protocol="tcp" portid="5060"><state state="open" reason="syn-ack" reason_ttl="48"/></port></ports></host>
<host endtime="1733433347"><address addr="199.123.25.58" addrtype="ipv4"/><ports><port protocol="tcp" portid="5060"><state state="open" reason="syn-ack" reason_ttl="229"/></port></ports></host>
<host endtime="1733433348"><address addr="202.46.1.78" addrtype="ipv4"/><ports><port protocol="tcp" portid="5061"><state state="open" reason="syn-ack" reason_ttl="49"/></port></ports></host>
<host endtime="1733433351"><address addr="202.46.245.31" addrtype="ipv4"/><ports><port protocol="tcp" portid="5060"><state state="open" reason="syn-ack" reason_ttl="51"/></port></ports></host>
<host endtime="1733433355"><address addr="202.46.6.209" addrtype="ipv4"/><ports><port protocol="tcp" portid="5060"><state state="open" reason="syn-ack" reason_ttl="51"/></port></ports></host>
<host endtime="1733433359"><address addr="199.123.27.187" addrtype="ipv4"/><ports><port protocol="tcp" portid="5060"><state state="open" reason="syn-ack" reason_ttl="229"/></port></ports></host>
<host endtime="1733433359"><address addr="202.46.8.208" addrtype="ipv4"/><ports><port protocol="tcp" portid="5060"><state state="open" reason="syn-ack" reason_ttl="51"/></port></ports></host>
<host endtime="1733433360"><address addr="202.46.9.8" addrtype="ipv4"/><ports><port protocol="tcp" portid="5060"><state state="open" reason="syn-ack" reason_ttl="50"/></port></ports></host>
<host endtime="1733433361"><address addr="202.46.252.177" addrtype="ipv4"/><ports><port protocol="tcp" portid="5060"><state state="open" reason="syn-ack" reason_ttl="51"/></port></ports></host>
<host endtime="1733433366"><address addr="202.46.7.254" addrtype="ipv4"/><ports><port protocol="tcp" portid="5060"><state state="open" reason="syn-ack" reason_ttl="50"/></port></ports></host>
<host endtime="1733433366"><address addr="202.46.251.16" addrtype="ipv4"/><ports><port protocol="tcp" portid="5060"><state state="open" reason="syn-ack" reason_ttl="51"/></port></ports></host>
<host endtime="1733433367"><address addr="202.46.13.184" addrtype="ipv4"/><ports><port protocol="tcp" portid="5060"><state state="open" reason="syn-ack" reason_ttl="50"/></port></ports></host>
<host endtime="1733433371"><address addr="202.46.15.165" addrtype="ipv4"/><ports><port protocol="tcp" portid="5060"><state state="open" reason="syn-ack" reason_ttl="50"/></port></ports></host>
<host endtime="1733433372"><address addr="103.110.61.13" addrtype="ipv4"/><ports><port protocol="tcp" portid="5060"><state state="open" reason="syn-ack" reason_ttl="242"/></port></ports></host>
<host endtime="1733433374"><address addr="103.224.214.44" addrtype="ipv4"/><ports><port protocol="tcp" portid="5060"><state state="open" reason="syn-ack" reason_ttl="48"/></port></ports></host>
<host endtime="1733433377"><address addr="202.46.4.222" addrtype="ipv4"/><ports><port protocol="tcp" portid="5060"><state state="open" reason="syn-ack" reason_ttl="51"/></port></ports></host>
<host endtime="1733433379"><address addr="202.46.10.251" addrtype="ipv4"/><ports><port protocol="tcp" portid="5060"><state state="open" reason="syn-ack" reason_ttl="51"/></port></ports></host>
<host endtime="1733433380"><address addr="193.98.229.36" addrtype="ipv4"/><ports><port protocol="tcp" portid="5060"><state state="open" reason="syn-ack" reason_ttl="48"/></port></ports></host>
<host endtime="1733433383"><address addr="199.201.236.207" addrtype="ipv4"/><ports><port protocol="tcp" portid="5060"><state state="open" reason="syn-ack" reason_ttl="47"/></port></ports></host>
<host endtime="1733433384"><address addr="202.46.0.56" addrtype="ipv4"/><ports><port protocol="tcp" portid="5060"><state state="open" reason="syn-ack" reason_ttl="50"/></port></ports></host>
<host endtime="1733433385"><address addr="202.46.251.38" addrtype="ipv4"/><ports><port protocol="tcp" portid="5060"><state state="open" reason="syn-ack" reason_ttl="51"/></port></ports></host>
<host endtime="1733433387"><address addr="202.46.9.29" addrtype="ipv4"/><ports><port protocol="tcp" portid="5060"><state state="open" reason="syn-ack" reason_ttl="51"/></port></ports></host>
<host endtime="1733433389"><address addr="202.46.252.18" addrtype="ipv4"/><ports><port protocol="tcp" portid="5060"><state state="open" reason="syn-ack" reason_ttl="51"/></port></ports></host>
<host endtime="1733433393"><address addr="202.46.0.5" addrtype="ipv4"/><ports><port protocol="tcp" portid="5060"><state state="open" reason="syn-ack" reason_ttl="51"/></port></ports></host>
<host endtime="1733433393"><address addr="193.98.229.121" addrtype="ipv4"/><ports><port protocol="tcp" portid="5060"><state state="open" reason="syn-ack" reason_ttl="44"/></port></ports></host>
<host endtime="1733433395"><address addr="199.123.26.71" addrtype="ipv4"/><ports><port protocol="tcp" portid="5060"><state state="open" reason="syn-ack" reason_ttl="229"/></port></ports></host>
<host endtime="1733433395"><address addr="199.123.26.131" addrtype="ipv4"/><ports><port protocol="tcp" portid="5060"><state state="open" reason="syn-ack" reason_ttl="229"/></port></ports></host>
<host endtime="1733433396"><address addr="202.46.3.177" addrtype="ipv4"/><ports><port protocol="tcp" portid="5060"><state state="open" reason="syn-ack" reason_ttl="51"/></port></ports></host>
<host endtime="1733433397"><address addr="103.83.18.218" addrtype="ipv4"/><ports><port protocol="tcp" portid="5060"><state state="open" reason="syn-ack" reason_ttl="48"/></port></ports></host>
<host endtime="1733433399"><address addr="199.123.24.8" addrtype="ipv4"/><ports><port protocol="tcp" portid="5060"><state state="open" reason="syn-ack" reason_ttl="229"/></port></ports></host>
<host endtime="1733433402"><address addr="202.46.11.45" addrtype="ipv4"/><ports><port protocol="tcp" portid="5060"><state state="open" reason="syn-ack" reason_ttl="50"/></port></ports></host>
<host endtime="1733433403"><address addr="202.46.11.219" addrtype="ipv4"/><ports><port protocol="tcp" portid="5060"><state state="open" reason="syn-ack" reason_ttl="51"/></port></ports></host>
<host endtime="1733433404"><address addr="202.46.8.158" addrtype="ipv4"/><ports><port protocol="tcp" portid="5060"><state state="open" reason="syn-ack" reason_ttl="50"/></port></ports></host>
<host endtime="1733433404"><address addr="202.46.250.2" addrtype="ipv4"/><ports><port protocol="tcp" portid="5060"><state state="open" reason="syn-ack" reason_ttl="50"/></port></ports></host>
<host endtime="1733433410"><address addr="193.98.229.206" addrtype="ipv4"/><ports><port protocol="tcp" portid="5060"><state state="open" reason="syn-ack" reason_ttl="48"/></port></ports></host>
<host endtime="1733433411"><address addr="202.46.2.218" addrtype="ipv4"/><ports><port protocol="tcp" portid="5060"><state state="open" reason="syn-ack" reason_ttl="50"/></port></ports></host>
<host endtime="1733433412"><address addr="202.46.3.79" addrtype="ipv4"/><ports><port protocol="tcp" portid="5060"><state state="open" reason="syn-ack" reason_ttl="50"/></port></ports></host>
<host endtime="1733433413"><address addr="103.83.18.40" addrtype="ipv4"/><ports><port protocol="tcp" portid="5060"><state state="open" reason="syn-ack" reason_ttl="48"/></port></ports></host>
<host endtime="1733433414"><address addr="202.46.255.196" addrtype="ipv4"/><ports><port protocol="tcp" portid="5060"><state state="open" reason="syn-ack" reason_ttl="51"/></port></ports></host>
<host endtime="1733433416"><address addr="202.46.244.140" addrtype="ipv4"/><ports><port protocol="tcp" portid="5060"><state state="open" reason="syn-ack" reason_ttl="50"/></port></ports></host>
<host endtime="1733433417"><address addr="202.46.249.229" addrtype="ipv4"/><ports><port protocol="tcp" portid="5060"><state state="open" reason="syn-ack" reason_ttl="50"/></port></ports></host>
<host endtime="1733433422"><address addr="103.224.214.173" addrtype="ipv4"/><ports><port protocol="tcp" portid="5060"><state state="open" reason="syn-ack" reason_ttl="48"/></port></ports></host>
<host endtime="1733433423"><address addr="193.98.229.164" addrtype="ipv4"/><ports><port protocol="tcp" portid="5060"><state state="open" reason="syn-ack" reason_ttl="47"/></port></ports></host>
<host endtime="1733433426"><address addr="103.224.215.13" addrtype="ipv4"/><ports><port protocol="tcp" portid="5060"><state state="open" reason="syn-ack" reason_ttl="48"/></port></ports></host>
<host endtime="1733433428"><address addr="202.46.5.180" addrtype="ipv4"/><ports><port protocol="tcp" portid="5060"><state state="open" reason="syn-ack" reason_ttl="51"/></port></ports></host>
<host endtime="1733433431"><address addr="202.46.7.136" addrtype="ipv4"/><ports><port protocol="tcp" portid="5060"><state state="open" reason="syn-ack" reason_ttl="50"/></port></ports></host>
<host endtime="1733433431"><address addr="202.46.13.80" addrtype="ipv4"/><ports><port protocol="tcp" portid="5060"><state state="open" reason="syn-ack" reason_ttl="51"/></port></ports></host>
<host endtime="1733433432"><address addr="199.201.237.127" addrtype="ipv4"/><ports><port protocol="tcp" portid="5060"><state state="open" reason="syn-ack" reason_ttl="47"/></port></ports></host>
<host endtime="1733433433"><address addr="202.46.4.38" addrtype="ipv4"/><ports><port protocol="tcp" portid="5060"><state state="open" reason="syn-ack" reason_ttl="50"/></port></ports></host>
<host endtime="1733433434"><address addr="202.46.11.6" addrtype="ipv4"/><ports><port protocol="tcp" portid="5060"><state state="open" reason="syn-ack" reason_ttl="50"/></port></ports></host>
<host endtime="1733433440"><address addr="199.123.24.231" addrtype="ipv4"/><ports><port protocol="tcp" portid="5060"><state state="open" reason="syn-ack" reason_ttl="229"/></port></ports></host>
<host endtime="1733433442"><address addr="202.46.251.168" addrtype="ipv4"/><ports><port protocol="tcp" portid="5060"><state state="open" reason="syn-ack" reason_ttl="51"/></port></ports></host>
<host endtime="1733433453"><address addr="202.46.244.91" addrtype="ipv4"/><ports><port protocol="tcp" portid="5060"><state state="open" reason="syn-ack" reason_ttl="51"/></port></ports></host>
<host endtime="1733433456"><address addr="199.123.26.123" addrtype="ipv4"/><ports><port protocol="tcp" portid="5060"><state state="open" reason="syn-ack" reason_ttl="229"/></port></ports></host>
<host endtime="1733433460"><address addr="193.103.206.34" addrtype="ipv4"/><ports><port protocol="tcp" portid="5060"><state state="open" reason="syn-ack" reason_ttl="52"/></port></ports></host>
<host endtime="1733433462"><address addr="199.201.237.195" addrtype="ipv4"/><ports><port protocol="tcp" portid="5060"><state state="open" reason="syn-ack" reason_ttl="47"/></port></ports></host>
<host endtime="1733433465"><address addr="199.201.237.78" addrtype="ipv4"/><ports><port protocol="tcp" portid="5060"><state state="open" reason="syn-ack" reason_ttl="47"/></port></ports></host>
<host endtime="1733433469"><address addr="202.46.245.39" addrtype="ipv4"/><ports><port protocol="tcp" portid="5060"><state state="open" reason="syn-ack" reason_ttl="51"/></port></ports></host>
<host endtime="1733433471"><address addr="202.46.14.121" addrtype="ipv4"/><ports><port protocol="tcp" portid="5060"><state state="open" reason="syn-ack" reason_ttl="51"/></port></ports></host>
<host endtime="1733433474"><address addr="199.123.26.166" addrtype="ipv4"/><ports><port protocol="tcp" portid="5060"><state state="open" reason="syn-ack" reason_ttl="229"/></port></ports></host>
<host endtime="1733433480"><address addr="202.46.10.22" addrtype="ipv4"/><ports><port protocol="tcp" portid="5061"><state state="open" reason="syn-ack" reason_ttl="50"/></port></ports></host>
<host endtime="1733433481"><address addr="202.46.254.204" addrtype="ipv4"/><ports><port protocol="tcp" portid="5060"><state state="open" reason="syn-ack" reason_ttl="50"/></port></ports></host>
<host endtime="1733433481"><address addr="202.46.6.164" addrtype="ipv4"/><ports><port protocol="tcp" portid="5060"><state state="open" reason="syn-ack" reason_ttl="50"/></port></ports></host>
<host endtime="1733433483"><address addr="103.224.215.136" addrtype="ipv4"/><ports><port protocol="tcp" portid="5060"><state state="open" reason="syn-ack" reason_ttl="48"/></port></ports></host>
<host endtime="1733433483"><address addr="199.123.24.235" addrtype="ipv4"/><ports><port protocol="tcp" portid="5060"><state state="open" reason="syn-ack" reason_ttl="229"/></port></ports></host>
<host endtime="1733433484"><address addr="202.46.10.46" addrtype="ipv4"/><ports><port protocol="tcp" portid="5060"><state state="open" reason="syn-ack" reason_ttl="50"/></port></ports></host>
<host endtime="1733433485"><address addr="103.224.215.49" addrtype="ipv4"/><ports><port protocol="tcp" portid="5060"><state state="open" reason="syn-ack" reason_ttl="48"/></port></ports></host>
<host endtime="1733433486"><address addr="103.83.19.240" addrtype="ipv4"/><ports><port protocol="tcp" portid="5060"><state state="open" reason="syn-ack" reason_ttl="48"/></port></ports></host>
<host endtime="1733433489"><address addr="202.46.15.30" addrtype="ipv4"/><ports><port protocol="tcp" portid="5060"><state state="open" reason="syn-ack" reason_ttl="50"/></port></ports></host>
<host endtime="1733433492"><address addr="202.46.15.226" addrtype="ipv4"/><ports><port protocol="tcp" portid="5060"><state state="open" reason="syn-ack" reason_ttl="50"/></port></ports></host>
<host endtime="1733433493"><address addr="193.98.229.94" addrtype="ipv4"/><ports><port protocol="tcp" portid="5060"><state state="open" reason="syn-ack" reason_ttl="47"/></port></ports></host>
<host endtime="1733433497"><address addr="199.123.24.254" addrtype="ipv4"/><ports><port protocol="tcp" portid="5060"><state state="open" reason="syn-ack" reason_ttl="229"/></port></ports></host>
<host endtime="1733433499"><address addr="199.201.236.10" addrtype="ipv4"/><ports><port protocol="tcp" portid="5060"><state state="open" reason="syn-ack" reason_ttl="47"/></port></ports></host>
<host endtime="1733433505"><address addr="199.201.237.19" addrtype="ipv4"/><ports><port protocol="tcp" portid="5060"><state state="open" reason="syn-ack" reason_ttl="47"/></port></ports></host>
<host endtime="1733433507"><address addr="202.46.251.212" addrtype="ipv4"/><ports><port protocol="tcp" portid="5060"><state state="open" reason="syn-ack" reason_ttl="50"/></port></ports></host>
<host endtime="1733433516"><address addr="202.46.8.11" addrtype="ipv4"/><ports><port protocol="tcp" portid="5060"><state state="open" reason="syn-ack" reason_ttl="50"/></port></ports></host>
<host endtime="1733433518"><address addr="202.46.6.201" addrtype="ipv4"/><ports><port protocol="tcp" portid="5060"><state state="open" reason="syn-ack" reason_ttl="51"/></port></ports></host>
<host endtime="1733433518"><address addr="202.46.5.100" addrtype="ipv4"/><ports><port protocol="tcp" portid="5060"><state state="open" reason="syn-ack" reason_ttl="50"/></port></ports></host>
<host endtime="1733433518"><address addr="202.46.9.90" addrtype="ipv4"/><ports><port protocol="tcp" portid="5060"><state state="open" reason="syn-ack" reason_ttl="51"/></port></ports></host>
<host endtime="1733433522"><address addr="202.46.247.235" addrtype="ipv4"/><ports><port protocol="tcp" portid="5060"><state state="open" reason="syn-ack" reason_ttl="51"/></port></ports></host>
<host endtime="1733433522"><address addr="202.46.241.216" addrtype="ipv4"/><ports><port protocol="tcp" portid="5060"><state state="open" reason="syn-ack" reason_ttl="50"/></port></ports></host>
<host endtime="1733433522"><address addr="202.46.251.193" addrtype="ipv4"/><ports><port protocol="tcp" portid="5060"><state state="open" reason="syn-ack" reason_ttl="51"/></port></ports></host>
<host endtime="1733433523"><address addr="199.201.236.106" addrtype="ipv4"/><ports><port protocol="tcp" portid="5060"><state state="open" reason="syn-ack" reason_ttl="47"/></port></ports></host>
<host endtime="1733433526"><address addr="202.46.244.120" addrtype="ipv4"/><ports><port protocol="tcp" portid="5060"><state state="open" reason="syn-ack" reason_ttl="50"/></port></ports></host>
<host endtime="1733433527"><address addr="202.46.10.214" addrtype="ipv4"/><ports><port protocol="tcp" portid="5060"><state state="open" reason="syn-ack" reason_ttl="50"/></port></ports></host>
<host endtime="1733433527"><address addr="202.46.253.89" addrtype="ipv4"/><ports><port protocol="tcp" portid="5060"><state state="open" reason="syn-ack" reason_ttl="51"/></port></ports></host>
<host endtime="1733433528"><address addr="199.123.26.133" addrtype="ipv4"/><ports><port protocol="tcp" portid="5060"><state state="open" reason="syn-ack" reason_ttl="229"/></port></ports></host>
<host endtime="1733433530"><address addr="202.46.250.136" addrtype="ipv4"/><ports><port protocol="tcp" portid="5060"><state state="open" reason="syn-ack" reason_ttl="51"/></port></ports></host>
<host endtime="1733433530"><address addr="199.123.26.188" addrtype="ipv4"/><ports><port protocol="tcp" portid="5060"><state state="open" reason="syn-ack" reason_ttl="229"/></port></ports></host>
<host endtime="1733433536"><address addr="103.83.18.5" addrtype="ipv4"/><ports><port protocol="tcp" portid="5060"><state state="open" reason="syn-ack" reason_ttl="48"/></port></ports></host>
<host endtime="1733433539"><address addr="199.123.25.209" addrtype="ipv4"/><ports><port protocol="tcp" portid="5060"><state state="open" reason="syn-ack" reason_ttl="229"/></port></ports></host>
<host endtime="1733433542"><address addr="202.46.248.164" addrtype="ipv4"/><ports><port protocol="tcp" portid="5060"><state state="open" reason="syn-ack" reason_ttl="50"/></port></ports></host>
<host endtime="1733433542"><address addr="202.46.10.250" addrtype="ipv4"/><ports><port protocol="tcp" portid="5060"><state state="open" reason="syn-ack" reason_ttl="51"/></port></ports></host>
<host endtime="1733433543"><address addr="103.83.19.57" addrtype="ipv4"/><ports><port protocol="tcp" portid="5060"><state state="open" reason="syn-ack" reason_ttl="48"/></port></ports></host>
<host endtime="1733433549"><address addr="202.46.6.18" addrtype="ipv4"/><ports><port protocol="tcp" portid="5060"><state state="open" reason="syn-ack" reason_ttl="51"/></port></ports></host>
<host endtime="1733433554"><address addr="199.201.236.27" addrtype="ipv4"/><ports><port protocol="tcp" portid="5060"><state state="open" reason="syn-ack" reason_ttl="47"/></port></ports></host>
<host endtime="1733433554"><address addr="193.98.229.246" addrtype="ipv4"/><ports><port protocol="tcp" portid="5061"><state state="open" reason="syn-ack" reason_ttl="48"/></port></ports></host>
<host endtime="1733433556"><address addr="202.46.241.116" addrtype="ipv4"/><ports><port protocol="tcp" portid="5060"><state state="open" reason="syn-ack" reason_ttl="51"/></port></ports></host>
<host endtime="1733433556"><address addr="199.123.24.107" addrtype="ipv4"/><ports><port protocol="tcp" portid="5060"><state state="open" reason="syn-ack" reason_ttl="229"/></port></ports></host>
<host endtime="1733433573"><address addr="202.46.15.168" addrtype="ipv4"/><ports><port protocol="tcp" portid="5060"><state state="open" reason="syn-ack" reason_ttl="51"/></port></ports></host>
<host endtime="1733433574"><address addr="103.83.18.230" addrtype="ipv4"/><ports><port protocol="tcp" portid="5060"><state state="open" reason="syn-ack" reason_ttl="48"/></port></ports></host>
<host endtime="1733433574"><address addr="202.46.2.157" addrtype="ipv4"/><ports><port protocol="tcp" portid="5060"><state state="open" reason="syn-ack" reason_ttl="50"/></port></ports></host>
<host endtime="1733433579"><address addr="202.46.241.213" addrtype="ipv4"/><ports><port protocol="tcp" portid="5060"><state state="open" reason="syn-ack" reason_ttl="51"/></port></ports></host>
<host endtime="1733433579"><address addr="202.46.14.178" addrtype="ipv4"/><ports><port protocol="tcp" portid="5060"><state state="open" reason="syn-ack" reason_ttl="50"/></port></ports></host>
<host endtime="1733433580"><address addr="202.46.2.97" addrtype="ipv4"/><ports><port protocol="tcp" portid="5060"><state state="open" reason="syn-ack" reason_ttl="51"/></port></ports></host>
<host endtime="1733433585"><address addr="202.46.247.70" addrtype="ipv4"/><ports><port protocol="tcp" portid="5060"><state state="open" reason="syn-ack" reason_ttl="51"/></port></ports></host>
<host endtime="1733433586"><address addr="199.201.237.143" addrtype="ipv4"/><ports><port protocol="tcp" portid="5060"><state state="open" reason="syn-ack" reason_ttl="47"/></port></ports></host>
<host endtime="1733433588"><address addr="202.46.254.214" addrtype="ipv4"/><ports><port protocol="tcp" portid="5060"><state state="open" reason="syn-ack" reason_ttl="51"/></port></ports></host>
<host endtime="1733433592"><address addr="202.46.243.130" addrtype="ipv4"/><ports><port protocol="tcp" portid="5060"><state state="open" reason="syn-ack" reason_ttl="50"/></port></ports></host>
<host endtime="1733433596"><address addr="199.123.25.18" addrtype="ipv4"/><ports><port protocol="tcp" portid="5060"><state state="open" reason="syn-ack" reason_ttl="229"/></port></ports></host>
<host endtime="1733433601"><address addr="202.46.11.160" addrtype="ipv4"/><ports><port protocol="tcp" portid="5060"><state state="open" reason="syn-ack" reason_ttl="51"/></port></ports></host>
<host endtime="1733433604"><address addr="202.46.15.41" addrtype="ipv4"/><ports><port protocol="tcp" portid="5060"><state state="open" reason="syn-ack" reason_ttl="50"/></port></ports></host>
<host endtime="1733433604"><address addr="199.201.237.133" addrtype="ipv4"/><ports><port protocol="tcp" portid="5060"><state state="open" reason="syn-ack" reason_ttl="47"/></port></ports></host>
<host endtime="1733433608"><address addr="202.46.14.169" addrtype="ipv4"/><ports><port protocol="tcp" portid="5060"><state state="open" reason="syn-ack" reason_ttl="51"/></port></ports></host>
<host endtime="1733433608"><address addr="202.46.14.180" addrtype="ipv4"/><ports><port protocol="tcp" portid="5060"><state state="open" reason="syn-ack" reason_ttl="51"/></port></ports></host>
<host endtime="1733433610"><address addr="202.46.249.15" addrtype="ipv4"/><ports><port protocol="tcp" portid="5060"><state state="open" reason="syn-ack" reason_ttl="51"/></port></ports></host>
<host endtime="1733433611"><address addr="202.46.7.65" addrtype="ipv4"/><ports><port protocol="tcp" portid="5060"><state state="open" reason="syn-ack" reason_ttl="50"/></port></ports></host>
<host endtime="1733433615"><address addr="202.46.244.213" addrtype="ipv4"/><ports><port protocol="tcp" portid="5060"><state state="open" reason="syn-ack" reason_ttl="51"/></port></ports></host>
<host endtime="1733433617"><address addr="202.46.254.88" addrtype="ipv4"/><ports><port protocol="tcp" portid="5060"><state state="open" reason="syn-ack" reason_ttl="50"/></port></ports></host>
<host endtime="1733433621"><address addr="202.46.254.102" addrtype="ipv4"/><ports><port protocol="tcp" portid="5060"><state state="open" reason="syn-ack" reason_ttl="51"/></port></ports></host>
<host endtime="1733433621"><address addr="193.103.200.187" addrtype="ipv4"/><ports><port protocol="tcp" portid="5060"><state state="open" reason="syn-ack" reason_ttl="54"/></port></ports></host>
<host endtime="1733433622"><address addr="193.103.200.135" addrtype="ipv4"/><ports><port protocol="tcp" portid="5060"><state state="open" reason="syn-ack" reason_ttl="54"/></port></ports></host>
<host endtime="1733433627"><address addr="202.46.255.226" addrtype="ipv4"/><ports><port protocol="tcp" portid="5060"><state state="open" reason="syn-ack" reason_ttl="50"/></port></ports></host>
<host endtime="1733433640"><address addr="103.224.214.68" addrtype="ipv4"/><ports><port protocol="tcp" portid="5060"><state state="open" reason="syn-ack" reason_ttl="48"/></port></ports></host>
<host endtime="1733433640"><address addr="202.46.240.9" addrtype="ipv4"/><ports><port protocol="tcp" portid="5060"><state state="open" reason="syn-ack" reason_ttl="51"/></port></ports></host>
<host endtime="1733433642"><address addr="202.46.243.186" addrtype="ipv4"/><ports><port protocol="tcp" portid="5060"><state state="open" reason="syn-ack" reason_ttl="51"/></port></ports></host>
<host endtime="1733433646"><address addr="103.177.50.76" addrtype="ipv4"/><ports><port protocol="tcp" portid="5060"><state state="open" reason="syn-ack" reason_ttl="120"/></port></ports></host>
<host endtime="1733433647"><address addr="202.46.243.195" addrtype="ipv4"/><ports><port protocol="tcp" portid="5060"><state state="open" reason="syn-ack" reason_ttl="51"/></port></ports></host>
<host endtime="1733433647"><address addr="202.46.245.246" addrtype="ipv4"/><ports><port protocol="tcp" portid="5060"><state state="open" reason="syn-ack" reason_ttl="50"/></port></ports></host>
<host endtime="1733433650"><address addr="199.123.26.152" addrtype="ipv4"/><ports><port protocol="tcp" portid="5060"><state state="open" reason="syn-ack" reason_ttl="229"/></port></ports></host>
<host endtime="1733433651"><address addr="103.177.50.25" addrtype="ipv4"/><ports><port protocol="tcp" portid="5061"><state state="open" reason="syn-ack" reason_ttl="120"/></port></ports></host>
<host endtime="1733433653"><address addr="202.46.14.31" addrtype="ipv4"/><ports><port protocol="tcp" portid="5060"><state state="open" reason="syn-ack" reason_ttl="50"/></port></ports></host>
<host endtime="1733433660"><address addr="202.46.242.109" addrtype="ipv4"/><ports><port protocol="tcp" portid="5060"><state state="open" reason="syn-ack" reason_ttl="51"/></port></ports></host>
<host endtime="1733433665"><address addr="202.46.243.125" addrtype="ipv4"/><ports><port protocol="tcp" portid="5060"><state state="open" reason="syn-ack" reason_ttl="51"/></port></ports></host>
<host endtime="1733433674"><address addr="202.46.4.32" addrtype="ipv4"/><ports><port protocol="tcp" portid="5060"><state state="open" reason="syn-ack" reason_ttl="50"/></port></ports></host>
<host endtime="1733433674"><address addr="202.46.244.27" addrtype="ipv4"/><ports><port protocol="tcp" portid="5060"><state state="open" reason="syn-ack" reason_ttl="50"/></port></ports></host>
<host endtime="1733433675"><address addr="202.46.250.85" addrtype="ipv4"/><ports><port protocol="tcp" portid="5060"><state state="open" reason="syn-ack" reason_ttl="51"/></port></ports></host>
<host endtime="1733433675"><address addr="202.46.8.75" addrtype="ipv4"/><ports><port protocol="tcp" portid="5060"><state state="open" reason="syn-ack" reason_ttl="50"/></port></ports></host>
<host endtime="1733433675"><address addr="199.123.26.245" addrtype="ipv4"/><ports><port protocol="tcp" portid="5060"><state state="open" reason="syn-ack" reason_ttl="229"/></port></ports></host>
<host endtime="1733433680"><address addr="199.123.24.194" addrtype="ipv4"/><ports><port protocol="tcp" portid="5060"><state state="open" reason="syn-ack" reason_ttl="229"/></port></ports></host>
<host endtime="1733433681"><address addr="202.46.244.189" addrtype="ipv4"/><ports><port protocol="tcp" portid="5060"><state state="open" reason="syn-ack" reason_ttl="50"/></port></ports></host>
<host endtime="1733433682"><address addr="199.201.236.78" addrtype="ipv4"/><ports><port protocol="tcp" portid="5060"><state state="open" reason="syn-ack" reason_ttl="47"/></port></ports></host>
<host endtime="1733433683"><address addr="193.103.200.70" addrtype="ipv4"/><ports><port protocol="tcp" portid="5060"><state state="open" reason="syn-ack" reason_ttl="52"/></port></ports></host>
<host endtime="1733433683"><address addr="202.46.6.125" addrtype="ipv4"/><ports><port protocol="tcp" portid="5060"><state state="open" reason="syn-ack" reason_ttl="51"/></port></ports></host>
<host endtime="1733433691"><address addr="193.98.229.100" addrtype="ipv4"/><ports><port protocol="tcp" portid="5061"><state state="open" reason="syn-ack" reason_ttl="44"/></port></ports></host>
<host endtime="1733433693"><address addr="199.201.237.131" addrtype="ipv4"/><ports><port protocol="tcp" portid="5060"><state state="open" reason="syn-ack" reason_ttl="47"/></port></ports></host>
<host endtime="1733433693"><address addr="202.46.243.52" addrtype="ipv4"/><ports><port protocol="tcp" portid="5060"><state state="open" reason="syn-ack" reason_ttl="51"/></port></ports></host>
<host endtime="1733433696"><address addr="202.46.1.43" addrtype="ipv4"/><ports><port protocol="tcp" portid="5061"><state state="open" reason="syn-ack" reason_ttl="50"/></port></ports></host>
<host endtime="1733433696"><address addr="193.98.229.40" addrtype="ipv4"/><ports><port protocol="tcp" portid="5061"><state state="open" reason="syn-ack" reason_ttl="48"/></port></ports></host>
<host endtime="1733433699"><address addr="199.201.236.3" addrtype="ipv4"/><ports><port protocol="tcp" portid="5060"><state state="open" reason="syn-ack" reason_ttl="47"/></port></ports></host>
<host endtime="1733433700"><address addr="202.46.10.10" addrtype="ipv4"/><ports><port protocol="tcp" portid="5060"><state state="open" reason="syn-ack" reason_ttl="50"/></port></ports></host>
<host endtime="1733433701"><address addr="202.46.251.4" addrtype="ipv4"/><ports><port protocol="tcp" portid="5060"><state state="open" reason="syn-ack" reason_ttl="51"/></port></ports></host>
<host endtime="1733433703"><address addr="202.46.2.15" addrtype="ipv4"/><ports><port protocol="tcp" portid="5060"><state state="open" reason="syn-ack" reason_ttl="51"/></port></ports></host>
<host endtime="1733433704"><address addr="41.204.249.26" addrtype="ipv4"/><ports><port protocol="tcp" portid="5060"><state state="open" reason="syn-ack" reason_ttl="48"/></port></ports></host>
<host endtime="1733433705"><address addr="202.46.3.205" addrtype="ipv4"/><ports><port protocol="tcp" portid="5060"><state state="open" reason="syn-ack" reason_ttl="50"/></port></ports></host>
<host endtime="1733433706"><address addr="202.46.247.46" addrtype="ipv4"/><ports><port protocol="tcp" portid="5060"><state state="open" reason="syn-ack" reason_ttl="51"/></port></ports></host>
<host endtime="1733433706"><address addr="202.46.248.192" addrtype="ipv4"/><ports><port protocol="tcp" portid="5060"><state state="open" reason="syn-ack" reason_ttl="51"/></port></ports></host>
<host endtime="1733433711"><address addr="202.46.243.241" addrtype="ipv4"/><ports><port protocol="tcp" portid="5060"><state state="open" reason="syn-ack" reason_ttl="51"/></port></ports></host>
<host endtime="1733433711"><address addr="193.98.229.123" addrtype="ipv4"/><ports><port protocol="tcp" portid="5060"><state state="open" reason="syn-ack" reason_ttl="44"/></port></ports></host>
<host endtime="1733433714"><address addr="199.201.236.75" addrtype="ipv4"/><ports><port protocol="tcp" portid="5060"><state state="open" reason="syn-ack" reason_ttl="47"/></port></ports></host>
<host endtime="1733433715"><address addr="202.46.246.173" addrtype="ipv4"/><ports><port protocol="tcp" portid="5060"><state state="open" reason="syn-ack" reason_ttl="51"/></port></ports></host>
<host endtime="1733433717"><address addr="202.46.255.42" addrtype="ipv4"/><ports><port protocol="tcp" portid="5060"><state state="open" reason="syn-ack" reason_ttl="50"/></port></ports></host>
<host endtime="1733433719"><address addr="193.103.200.205" addrtype="ipv4"/><ports><port protocol="tcp" portid="5060"><state state="open" reason="syn-ack" reason_ttl="54"/></port></ports></host>
<host endtime="1733433720"><address addr="103.177.50.73" addrtype="ipv4"/><ports><port protocol="tcp" portid="5060"><state state="open" reason="syn-ack" reason_ttl="120"/></port></ports></host>
<host endtime="1733433723"><address addr="202.46.246.55" addrtype="ipv4"/><ports><port protocol="tcp" portid="5060"><state state="open" reason="syn-ack" reason_ttl="50"/></port></ports></host>
<host endtime="1733433724"><address addr="202.46.252.22" addrtype="ipv4"/><ports><port protocol="tcp" portid="5060"><state state="open" reason="syn-ack" reason_ttl="51"/></port></ports></host>
<host endtime="1733433725"><address addr="202.46.15.49" addrtype="ipv4"/><ports><port protocol="tcp" portid="5060"><state state="open" reason="syn-ack" reason_ttl="51"/></port></ports></host>
<host endtime="1733433726"><address addr="202.46.1.116" addrtype="ipv4"/><ports><port protocol="tcp" portid="5060"><state state="open" reason="syn-ack" reason_ttl="51"/></port></ports></host>
<host endtime="1733433727"><address addr="103.83.18.6" addrtype="ipv4"/><ports><port protocol="tcp" portid="5060"><state state="open" reason="syn-ack" reason_ttl="48"/></port></ports></host>
<host endtime="1733433729"><address addr="202.46.3.10" addrtype="ipv4"/><ports><port protocol="tcp" portid="5060"><state state="open" reason="syn-ack" reason_ttl="51"/></port></ports></host>
<host endtime="1733433731"><address addr="202.46.3.70" addrtype="ipv4"/><ports><port protocol="tcp" portid="5060"><state state="open" reason="syn-ack" reason_ttl="50"/></port></ports></host>
<host endtime="1733433735"><address addr="202.46.240.107" addrtype="ipv4"/><ports><port protocol="tcp" portid="5060"><state state="open" reason="syn-ack" reason_ttl="51"/></port></ports></host>
<host endtime="1733433736"><address addr="202.46.15.176" addrtype="ipv4"/><ports><port protocol="tcp" portid="5060"><state state="open" reason="syn-ack" reason_ttl="51"/></port></ports></host>
<host endtime="1733433737"><address addr="202.46.240.110" addrtype="ipv4"/><ports><port protocol="tcp" portid="5060"><state state="open" reason="syn-ack" reason_ttl="51"/></port></ports></host>
<host endtime="1733433741"><address addr="202.46.243.219" addrtype="ipv4"/><ports><port protocol="tcp" portid="5060"><state state="open" reason="syn-ack" reason_ttl="50"/></port></ports></host>
<host endtime="1733433741"><address addr="202.46.10.77" addrtype="ipv4"/><ports><port protocol="tcp" portid="5060"><state state="open" reason="syn-ack" reason_ttl="51"/></port></ports></host>
<host endtime="1733433744"><address addr="202.46.13.34" addrtype="ipv4"/><ports><port protocol="tcp" portid="5060"><state state="open" reason="syn-ack" reason_ttl="51"/></port></ports></host>
<host endtime="1733433745"><address addr="202.46.9.230" addrtype="ipv4"/><ports><port protocol="tcp" portid="5060"><state state="open" reason="syn-ack" reason_ttl="51"/></port></ports></host>
<host endtime="1733433755"><address addr="202.46.14.28" addrtype="ipv4"/><ports><port protocol="tcp" portid="5060"><state state="open" reason="syn-ack" reason_ttl="51"/></port></ports></host>
<host endtime="1733433760"><address addr="202.46.6.101" addrtype="ipv4"/><ports><port protocol="tcp" portid="5060"><state state="open" reason="syn-ack" reason_ttl="51"/></port></ports></host>
<host endtime="1733433764"><address addr="103.83.18.104" addrtype="ipv4"/><ports><port protocol="tcp" portid="5060"><state state="open" reason="syn-ack" reason_ttl="48"/></port></ports></host>
<host endtime="1733433765"><address addr="199.201.236.182" addrtype="ipv4"/><ports><port protocol="tcp" portid="5060"><state state="open" reason="syn-ack" reason_ttl="47"/></port></ports></host>
<host endtime="1733433765"><address addr="199.201.237.159" addrtype="ipv4"/><ports><port protocol="tcp" portid="5060"><state state="open" reason="syn-ack" reason_ttl="47"/></port></ports></host>
<host endtime="1733433769"><address addr="199.201.237.170" addrtype="ipv4"/><ports><port protocol="tcp" portid="5060"><state state="open" reason="syn-ack" reason_ttl="47"/></port></ports></host>
<host endtime="1733433770"><address addr="103.83.18.76" addrtype="ipv4"/><ports><port protocol="tcp" portid="5060"><state state="open" reason="syn-ack" reason_ttl="48"/></port></ports></host>
<host endtime="1733433774"><address addr="103.83.18.205" addrtype="ipv4"/><ports><port protocol="tcp" portid="5060"><state state="open" reason="syn-ack" reason_ttl="48"/></port></ports></host>
<host endtime="1733433775"><address addr="103.83.18.127" addrtype="ipv4"/><ports><port protocol="tcp" portid="5060"><state state="open" reason="syn-ack" reason_ttl="48"/></port></ports></host>
<host endtime="1733433778"><address addr="202.46.241.104" addrtype="ipv4"/><ports><port protocol="tcp" portid="5060"><state state="open" reason="syn-ack" reason_ttl="50"/></port></ports></host>
<host endtime="1733433778"><address addr="202.46.241.198" addrtype="ipv4"/><ports><port protocol="tcp" portid="5060"><state state="open" reason="syn-ack" reason_ttl="51"/></port></ports></host>
<host endtime="1733433779"><address addr="199.201.236.107" addrtype="ipv4"/><ports><port protocol="tcp" portid="5060"><state state="open" reason="syn-ack" reason_ttl="47"/></port></ports></host>
<host endtime="1733433784"><address addr="202.46.10.54" addrtype="ipv4"/><ports><port protocol="tcp" portid="5060"><state state="open" reason="syn-ack" reason_ttl="51"/></port></ports></host>
<host endtime="1733433789"><address addr="202.46.5.86" addrtype="ipv4"/><ports><port protocol="tcp" portid="5060"><state state="open" reason="syn-ack" reason_ttl="51"/></port></ports></host>
<host endtime="1733433790"><address addr="103.83.18.146" addrtype="ipv4"/><ports><port protocol="tcp" portid="5060"><state state="open" reason="syn-ack" reason_ttl="48"/></port></ports></host>
<host endtime="1733433794"><address addr="202.46.9.210" addrtype="ipv4"/><ports><port protocol="tcp" portid="5060"><state state="open" reason="syn-ack" reason_ttl="50"/></port></ports></host>
<host endtime="1733433795"><address addr="202.46.255.34" addrtype="ipv4"/><ports><port protocol="tcp" portid="5060"><state state="open" reason="syn-ack" reason_ttl="51"/></port></ports></host>
<host endtime="1733433800"><address addr="202.46.242.246" addrtype="ipv4"/><ports><port protocol="tcp" portid="5060"><state state="open" reason="syn-ack" reason_ttl="51"/></port></ports></host>
<host endtime="1733433803"><address addr="199.201.237.58" addrtype="ipv4"/><ports><port protocol="tcp" portid="5060"><state state="open" reason="syn-ack" reason_ttl="47"/></port></ports></host>
<host endtime="1733433807"><address addr="202.46.242.169" addrtype="ipv4"/><ports><port protocol="tcp" portid="5060"><state state="open" reason="syn-ack" reason_ttl="51"/></port></ports></host>
<host endtime="1733433807"><address addr="202.46.242.184" addrtype="ipv4"/><ports><port protocol="tcp" portid="5060"><state state="open" reason="syn-ack" reason_ttl="51"/></port></ports></host>
<host endtime="1733433807"><address addr="193.98.229.31" addrtype="ipv4"/><ports><port protocol="tcp" portid="5060"><state state="open" reason="syn-ack" reason_ttl="44"/></port></ports></host>
<host endtime="1733433808"><address addr="202.46.251.118" addrtype="ipv4"/><ports><port protocol="tcp" portid="5060"><state state="open" reason="syn-ack" reason_ttl="51"/></port></ports></host>
<host endtime="1733433813"><address addr="193.103.200.145" addrtype="ipv4"/><ports><port protocol="tcp" portid="5060"><state state="open" reason="syn-ack" reason_ttl="54"/></port></ports></host>
<host endtime="1733433816"><address addr="202.46.244.245" addrtype="ipv4"/><ports><port protocol="tcp" portid="5060"><state state="open" reason="syn-ack" reason_ttl="51"/></port></ports></host>
<host endtime="1733433817"><address addr="199.201.237.13" addrtype="ipv4"/><ports><port protocol="tcp" portid="5060"><state state="open" reason="syn-ack" reason_ttl="47"/></port></ports></host>
<host endtime="1733433822"><address addr="202.46.11.11" addrtype="ipv4"/><ports><port protocol="tcp" portid="5060"><state state="open" reason="syn-ack" reason_ttl="51"/></port></ports></host>
<host endtime="1733433825"><address addr="202.46.7.73" addrtype="ipv4"/><ports><port protocol="tcp" portid="5060"><state state="open" reason="syn-ack" reason_ttl="51"/></port></ports></host>
<host endtime="1733433825"><address addr="103.83.18.54" addrtype="ipv4"/><ports><port protocol="tcp" portid="5060"><state state="open" reason="syn-ack" reason_ttl="48"/></port></ports></host>
<host endtime="1733433829"><address addr="199.201.237.112" addrtype="ipv4"/><ports><port protocol="tcp" portid="5060"><state state="open" reason="syn-ack" reason_ttl="47"/></port></ports></host>
<host endtime="1733433831"><address addr="202.46.244.5" addrtype="ipv4"/><ports><port protocol="tcp" portid="5060"><state state="open" reason="syn-ack" reason_ttl="51"/></port></ports></host>
<host endtime="1733433832"><address addr="202.46.10.47" addrtype="ipv4"/><ports><port protocol="tcp" portid="5060"><state state="open" reason="syn-ack" reason_ttl="51"/></port></ports></host>
<host endtime="1733433844"><address addr="202.46.251.251" addrtype="ipv4"/><ports><port protocol="tcp" portid="5060"><state state="open" reason="syn-ack" reason_ttl="51"/></port></ports></host>
<host endtime="1733433845"><address addr="202.46.242.35" addrtype="ipv4"/><ports><port protocol="tcp" portid="5060"><state state="open" reason="syn-ack" reason_ttl="51"/></port></ports></host>
<host endtime="1733433850"><address addr="199.123.24.248" addrtype="ipv4"/><ports><port protocol="tcp" portid="5060"><state state="open" reason="syn-ack" reason_ttl="229"/></port></ports></host>
<host endtime="1733433853"><address addr="199.123.26.208" addrtype="ipv4"/><ports><port protocol="tcp" portid="5060"><state state="open" reason="syn-ack" reason_ttl="229"/></port></ports></host>
<host endtime="1733433861"><address addr="202.46.250.140" addrtype="ipv4"/><ports><port protocol="tcp" portid="5060"><state state="open" reason="syn-ack" reason_ttl="51"/></port></ports></host>
<host endtime="1733433862"><address addr="202.46.11.127" addrtype="ipv4"/><ports><port protocol="tcp" portid="5060"><state state="open" reason="syn-ack" reason_ttl="50"/></port></ports></host>
<host endtime="1733433862"><address addr="202.46.245.5" addrtype="ipv4"/><ports><port protocol="tcp" portid="5060"><state state="open" reason="syn-ack" reason_ttl="51"/></port></ports></host>
<host endtime="1733433863"><address addr="202.46.244.3" addrtype="ipv4"/><ports><port protocol="tcp" portid="5060"><state state="open" reason="syn-ack" reason_ttl="50"/></port></ports></host>
<host endtime="1733433863"><address addr="202.46.240.45" addrtype="ipv4"/><ports><port protocol="tcp" portid="5060"><state state="open" reason="syn-ack" reason_ttl="51"/></port></ports></host>
<host endtime="1733433864"><address addr="202.46.0.247" addrtype="ipv4"/><ports><port protocol="tcp" portid="5060"><state state="open" reason="syn-ack" reason_ttl="51"/></port></ports></host>
<host endtime="1733433865"><address addr="202.46.5.134" addrtype="ipv4"/><ports><port protocol="tcp" portid="5060"><state state="open" reason="syn-ack" reason_ttl="50"/></port></ports></host>
<host endtime="1733433867"><address addr="202.46.3.121" addrtype="ipv4"/><ports><port protocol="tcp" portid="5060"><state state="open" reason="syn-ack" reason_ttl="51"/></port></ports></host>
<host endtime="1733433867"><address addr="202.46.254.74" addrtype="ipv4"/><ports><port protocol="tcp" portid="5060"><state state="open" reason="syn-ack" reason_ttl="50"/></port></ports></host>
<host endtime="1733433868"><address addr="199.201.236.203" addrtype="ipv4"/><ports><port protocol="tcp" portid="5060"><state state="open" reason="syn-ack" reason_ttl="47"/></port></ports></host>
<host endtime="1733433868"><address addr="202.46.246.134" addrtype="ipv4"/><ports><port protocol="tcp" portid="5060"><state state="open" reason="syn-ack" reason_ttl="50"/></port></ports></host>
<host endtime="1733433871"><address addr="103.83.18.73" addrtype="ipv4"/><ports><port protocol="tcp" portid="5060"><state state="open" reason="syn-ack" reason_ttl="48"/></port></ports></host>
<host endtime="1733433871"><address addr="202.46.15.189" addrtype="ipv4"/><ports><port protocol="tcp" portid="5060"><state state="open" reason="syn-ack" reason_ttl="50"/></port></ports></host>
<host endtime="1733433875"><address addr="202.46.244.124" addrtype="ipv4"/><ports><port protocol="tcp" portid="5060"><state state="open" reason="syn-ack" reason_ttl="51"/></port></ports></host>
<host endtime="1733433876"><address addr="202.46.10.82" addrtype="ipv4"/><ports><port protocol="tcp" portid="5060"><state state="open" reason="syn-ack" reason_ttl="50"/></port></ports></host>
<host endtime="1733433878"><address addr="202.46.252.114" addrtype="ipv4"/><ports><port protocol="tcp" portid="5060"><state state="open" reason="syn-ack" reason_ttl="50"/></port></ports></host>
<host endtime="1733433879"><address addr="202.46.7.0" addrtype="ipv4"/><ports><port protocol="tcp" portid="5060"><state state="open" reason="syn-ack" reason_ttl="51"/></port></ports></host>
<host endtime="1733433879"><address addr="199.123.27.155" addrtype="ipv4"/><ports><port protocol="tcp" portid="5060"><state state="open" reason="syn-ack" reason_ttl="229"/></port></ports></host>
<host endtime="1733433880"><address addr="199.123.24.186" addrtype="ipv4"/><ports><port protocol="tcp" portid="5060"><state state="open" reason="syn-ack" reason_ttl="229"/></port></ports></host>
<host endtime="1733433887"><address addr="202.46.14.197" addrtype="ipv4"/><ports><port protocol="tcp" portid="5060"><state state="open" reason="syn-ack" reason_ttl="51"/></port></ports></host>
<host endtime="1733433887"><address addr="199.123.26.97" addrtype="ipv4"/><ports><port protocol="tcp" portid="5060"><state state="open" reason="syn-ack" reason_ttl="229"/></port></ports></host>
<host endtime="1733433888"><address addr="202.46.243.192" addrtype="ipv4"/><ports><port protocol="tcp" portid="5060"><state state="open" reason="syn-ack" reason_ttl="51"/></port></ports></host>
<host endtime="1733433888"><address addr="202.46.7.50" addrtype="ipv4"/><ports><port protocol="tcp" portid="5060"><state state="open" reason="syn-ack" reason_ttl="51"/></port></ports></host>
<host endtime="1733433888"><address addr="193.98.229.174" addrtype="ipv4"/><ports><port protocol="tcp" portid="5061"><state state="open" reason="syn-ack" reason_ttl="48"/></port></ports></host>
<host endtime="1733433889"><address addr="202.46.251.166" addrtype="ipv4"/><ports><port protocol="tcp" portid="5060"><state state="open" reason="syn-ack" reason_ttl="51"/></port></ports></host>
<host endtime="1733433890"><address addr="193.103.200.186" addrtype="ipv4"/><ports><port protocol="tcp" portid="5060"><state state="open" reason="syn-ack" reason_ttl="54"/></port></ports></host>
<host endtime="1733433892"><address addr="202.46.12.223" addrtype="ipv4"/><ports><port protocol="tcp" portid="5060"><state state="open" reason="syn-ack" reason_ttl="51"/></port></ports></host>
<host endtime="1733433894"><address addr="193.98.229.32" addrtype="ipv4"/><ports><port protocol="tcp" portid="5061"><state state="open" reason="syn-ack" reason_ttl="47"/></port></ports></host>
<host endtime="1733433895"><address addr="202.46.15.220" addrtype="ipv4"/><ports><port protocol="tcp" portid="5060"><state state="open" reason="syn-ack" reason_ttl="50"/></port></ports></host>
<host endtime="1733433895"><address addr="202.46.253.134" addrtype="ipv4"/><ports><port protocol="tcp" portid="5060"><state state="open" reason="syn-ack" reason_ttl="50"/></port></ports></host>
<host endtime="1733433897"><address addr="199.201.237.130" addrtype="ipv4"/><ports><port protocol="tcp" portid="5060"><state state="open" reason="syn-ack" reason_ttl="47"/></port></ports></host>
<host endtime="1733433898"><address addr="202.46.254.1" addrtype="ipv4"/><ports><port protocol="tcp" portid="5060"><state state="open" reason="syn-ack" reason_ttl="51"/></port></ports></host>
<host endtime="1733433899"><address addr="202.46.9.4" addrtype="ipv4"/><ports><port protocol="tcp" portid="5060"><state state="open" reason="syn-ack" reason_ttl="51"/></port></ports></host>
<host endtime="1733433900"><address addr="202.46.8.166" addrtype="ipv4"/><ports><port protocol="tcp" portid="5060"><state state="open" reason="syn-ack" reason_ttl="51"/></port></ports></host>
<host endtime="1733433901"><address addr="193.98.229.251" addrtype="ipv4"/><ports><port protocol="tcp" portid="5060"><state state="open" reason="syn-ack" reason_ttl="48"/></port></ports></host>
<host endtime="1733433903"><address addr="202.46.1.204" addrtype="ipv4"/><ports><port protocol="tcp" portid="5060"><state state="open" reason="syn-ack" reason_ttl="50"/></port></ports></host>
<host endtime="1733433903"><address addr="199.123.26.16" addrtype="ipv4"/><ports><port protocol="tcp" portid="5060"><state state="open" reason="syn-ack" reason_ttl="229"/></port></ports></host>
<host endtime="1733433914"><address addr="103.224.214.241" addrtype="ipv4"/><ports><port protocol="tcp" portid="5060"><state state="open" reason="syn-ack" reason_ttl="48"/></port></ports></host>
<host endtime="1733433915"><address addr="202.46.15.84" addrtype="ipv4"/><ports><port protocol="tcp" portid="5060"><state state="open" reason="syn-ack" reason_ttl="51"/></port></ports></host>
<host endtime="1733433916"><address addr="103.224.215.126" addrtype="ipv4"/><ports><port protocol="tcp" portid="5060"><state state="open" reason="syn-ack" reason_ttl="48"/></port></ports></host>
<host endtime="1733433917"><address addr="103.83.19.92" addrtype="ipv4"/><ports><port protocol="tcp" portid="5060"><state state="open" reason="syn-ack" reason_ttl="48"/></port></ports></host>
<host endtime="1733433924"><address addr="202.46.249.159" addrtype="ipv4"/><ports><port protocol="tcp" portid="5060"><state state="open" reason="syn-ack" reason_ttl="51"/></port></ports></host>
<host endtime="1733433924"><address addr="202.46.0.201" addrtype="ipv4"/><ports><port protocol="tcp" portid="5060"><state state="open" reason="syn-ack" reason_ttl="50"/></port></ports></host>
<host endtime="1733433926"><address addr="202.46.245.30" addrtype="ipv4"/><ports><port protocol="tcp" portid="5060"><state state="open" reason="syn-ack" reason_ttl="50"/></port></ports></host>
<host endtime="1733433930"><address addr="202.46.6.85" addrtype="ipv4"/><ports><port protocol="tcp" portid="5060"><state state="open" reason="syn-ack" reason_ttl="51"/></port></ports></host>
<host endtime="1733433931"><address addr="202.46.240.137" addrtype="ipv4"/><ports><port protocol="tcp" portid="5060"><state state="open" reason="syn-ack" reason_ttl="50"/></port></ports></host>
<host endtime="1733433932"><address addr="103.83.19.98" addrtype="ipv4"/><ports><port protocol="tcp" portid="5060"><state state="open" reason="syn-ack" reason_ttl="48"/></port></ports></host>
<host endtime="1733433933"><address addr="202.46.14.19" addrtype="ipv4"/><ports><port protocol="tcp" portid="5060"><state state="open" reason="syn-ack" reason_ttl="51"/></port></ports></host>
<host endtime="1733433934"><address addr="103.224.214.96" addrtype="ipv4"/><ports><port protocol="tcp" portid="5060"><state state="open" reason="syn-ack" reason_ttl="48"/></port></ports></host>
<host endtime="1733433937"><address addr="202.46.249.202" addrtype="ipv4"/><ports><port protocol="tcp" portid="5060"><state state="open" reason="syn-ack" reason_ttl="51"/></port></ports></host>
<host endtime="1733433944"><address addr="199.201.237.163" addrtype="ipv4"/><ports><port protocol="tcp" portid="5060"><state state="open" reason="syn-ack" reason_ttl="47"/></port></ports></host>
<host endtime="1733433945"><address addr="202.46.240.228" addrtype="ipv4"/><ports><port protocol="tcp" portid="5060"><state state="open" reason="syn-ack" reason_ttl="51"/></port></ports></host>
<host endtime="1733433945"><address addr="202.46.10.8" addrtype="ipv4"/><ports><port protocol="tcp" portid="5061"><state state="open" reason="syn-ack" reason_ttl="50"/></port></ports></host>
<host endtime="1733433948"><address addr="193.98.119.142" addrtype="ipv4"/><ports><port protocol="tcp" portid="5060"><state state="open" reason="syn-ack" reason_ttl="48"/></port></ports></host>
<host endtime="1733433948"><address addr="202.46.3.152" addrtype="ipv4"/><ports><port protocol="tcp" portid="5060"><state state="open" reason="syn-ack" reason_ttl="50"/></port></ports></host>
<host endtime="1733433950"><address addr="202.46.13.223" addrtype="ipv4"/><ports><port protocol="tcp" portid="5060"><state state="open" reason="syn-ack" reason_ttl="51"/></port></ports></host>
<host endtime="1733433951"><address addr="202.46.240.221" addrtype="ipv4"/><ports><port protocol="tcp" portid="5060"><state state="open" reason="syn-ack" reason_ttl="51"/></port></ports></host>
<host endtime="1733433952"><address addr="202.46.15.128" addrtype="ipv4"/><ports><port protocol="tcp" portid="5061"><state state="open" reason="syn-ack" reason_ttl="49"/></port></ports></host>
<host endtime="1733433963"><address addr="193.103.200.241" addrtype="ipv4"/><ports><port protocol="tcp" portid="5060"><state state="open" reason="syn-ack" reason_ttl="54"/></port></ports></host>
<host endtime="1733433964"><address addr="199.123.26.113" addrtype="ipv4"/><ports><port protocol="tcp" portid="5060"><state state="open" reason="syn-ack" reason_ttl="229"/></port></ports></host>
<host endtime="1733433965"><address addr="202.46.252.9" addrtype="ipv4"/><ports><port protocol="tcp" portid="5060"><state state="open" reason="syn-ack" reason_ttl="50"/></port></ports></host>
<host endtime="1733433965"><address addr="193.98.116.64" addrtype="ipv4"/><ports><port protocol="tcp" portid="5060"><state state="open" reason="syn-ack" reason_ttl="48"/></port></ports></host>
<host endtime="1733433966"><address addr="199.123.26.234" addrtype="ipv4"/><ports><port protocol="tcp" portid="5060"><state state="open" reason="syn-ack" reason_ttl="229"/></port></ports></host>
<host endtime="1733433966"><address addr="202.46.4.123" addrtype="ipv4"/><ports><port protocol="tcp" portid="5060"><state state="open" reason="syn-ack" reason_ttl="50"/></port></ports></host>
<host endtime="1733433969"><address addr="202.46.9.133" addrtype="ipv4"/><ports><port protocol="tcp" portid="5060"><state state="open" reason="syn-ack" reason_ttl="50"/></port></ports></host>
<host endtime="1733433975"><address addr="202.46.243.210" addrtype="ipv4"/><ports><port protocol="tcp" portid="5060"><state state="open" reason="syn-ack" reason_ttl="50"/></port></ports></host>
<host endtime="1733433978"><address addr="202.46.12.189" addrtype="ipv4"/><ports><port protocol="tcp" portid="5060"><state state="open" reason="syn-ack" reason_ttl="51"/></port></ports></host>
<host endtime="1733433980"><address addr="202.46.12.128" addrtype="ipv4"/><ports><port protocol="tcp" portid="5060"><state state="open" reason="syn-ack" reason_ttl="51"/></port></ports></host>
<host endtime="1733433981"><address addr="202.46.9.171" addrtype="ipv4"/><ports><port protocol="tcp" portid="5060"><state state="open" reason="syn-ack" reason_ttl="51"/></port></ports></host>
<host endtime="1733433981"><address addr="103.224.214.224" addrtype="ipv4"/><ports><port protocol="tcp" portid="5060"><state state="open" reason="syn-ack" reason_ttl="48"/></port></ports></host>
<host endtime="1733433981"><address addr="202.46.254.202" addrtype="ipv4"/><ports><port protocol="tcp" portid="5060"><state state="open" reason="syn-ack" reason_ttl="51"/></port></ports></host>
<host endtime="1733433982"><address addr="202.46.4.23" addrtype="ipv4"/><ports><port protocol="tcp" portid="5060"><state state="open" reason="syn-ack" reason_ttl="51"/></port></ports></host>
<host endtime="1733433986"><address addr="202.46.248.105" addrtype="ipv4"/><ports><port protocol="tcp" portid="5060"><state state="open" reason="syn-ack" reason_ttl="51"/></port></ports></host>
<host endtime="1733433987"><address addr="202.46.2.115" addrtype="ipv4"/><ports><port protocol="tcp" portid="5060"><state state="open" reason="syn-ack" reason_ttl="51"/></port></ports></host>
<host endtime="1733433993"><address addr="103.224.215.218" addrtype="ipv4"/><ports><port protocol="tcp" portid="5060"><state state="open" reason="syn-ack" reason_ttl="48"/></port></ports></host>
<host endtime="1733433997"><address addr="202.46.249.198" addrtype="ipv4"/><ports><port protocol="tcp" portid="5060"><state state="open" reason="syn-ack" reason_ttl="51"/></port></ports></host>
<host endtime="1733434002"><address addr="202.46.6.64" addrtype="ipv4"/><ports><port protocol="tcp" portid="5060"><state state="open" reason="syn-ack" reason_ttl="51"/></port></ports></host>
<host endtime="1733434008"><address addr="202.46.241.151" addrtype="ipv4"/><ports><port protocol="tcp" portid="5060"><state state="open" reason="syn-ack" reason_ttl="50"/></port></ports></host>
<host endtime="1733434010"><address addr="202.46.248.254" addrtype="ipv4"/><ports><port protocol="tcp" portid="5060"><state state="open" reason="syn-ack" reason_ttl="51"/></port></ports></host>
<host endtime="1733434012"><address addr="202.46.3.108" addrtype="ipv4"/><ports><port protocol="tcp" portid="5061"><state state="open" reason="syn-ack" reason_ttl="50"/></port></ports></host>
<host endtime="1733434018"><address addr="202.46.11.147" addrtype="ipv4"/><ports><port protocol="tcp" portid="5060"><state state="open" reason="syn-ack" reason_ttl="51"/></port></ports></host>
<host endtime="1733434019"><address addr="202.46.255.224" addrtype="ipv4"/><ports><port protocol="tcp" portid="5060"><state state="open" reason="syn-ack" reason_ttl="51"/></port></ports></host>
<host endtime="1733434021"><address addr="202.46.1.24" addrtype="ipv4"/><ports><port protocol="tcp" portid="5060"><state state="open" reason="syn-ack" reason_ttl="51"/></port></ports></host>
<host endtime="1733434022"><address addr="202.46.12.86" addrtype="ipv4"/><ports><port protocol="tcp" portid="5060"><state state="open" reason="syn-ack" reason_ttl="51"/></port></ports></host>
<host endtime="1733434023"><address addr="202.46.240.212" addrtype="ipv4"/><ports><port protocol="tcp" portid="5060"><state state="open" reason="syn-ack" reason_ttl="50"/></port></ports></host>
<host endtime="1733434026"><address addr="202.46.245.149" addrtype="ipv4"/><ports><port protocol="tcp" portid="5060"><state state="open" reason="syn-ack" reason_ttl="50"/></port></ports></host>
<host endtime="1733434029"><address addr="103.83.19.246" addrtype="ipv4"/><ports><port protocol="tcp" portid="5060"><state state="open" reason="syn-ack" reason_ttl="48"/></port></ports></host>
<host endtime="1733434032"><address addr="202.46.2.2" addrtype="ipv4"/><ports><port protocol="tcp" portid="5060"><state state="open" reason="syn-ack" reason_ttl="51"/></port></ports></host>
<host endtime="1733434034"><address addr="202.46.249.185" addrtype="ipv4"/><ports><port protocol="tcp" portid="5060"><state state="open" reason="syn-ack" reason_ttl="50"/></port></ports></host>
<host endtime="1733434039"><address addr="202.46.253.159" addrtype="ipv4"/><ports><port protocol="tcp" portid="5060"><state state="open" reason="syn-ack" reason_ttl="51"/></port></ports></host>
<host endtime="1733434043"><address addr="202.46.2.254" addrtype="ipv4"/><ports><port protocol="tcp" portid="5060"><state state="open" reason="syn-ack" reason_ttl="51"/></port></ports></host>
<host endtime="1733434044"><address addr="199.123.24.124" addrtype="ipv4"/><ports><port protocol="tcp" portid="5060"><state state="open" reason="syn-ack" reason_ttl="229"/></port></ports></host>
<host endtime="1733434045"><address addr="202.46.250.117" addrtype="ipv4"/><ports><port protocol="tcp" portid="5060"><state state="open" reason="syn-ack" reason_ttl="50"/></port></ports></host>
<host endtime="1733434047"><address addr="202.46.13.213" addrtype="ipv4"/><ports><port protocol="tcp" portid="5060"><state state="open" reason="syn-ack" reason_ttl="51"/></port></ports></host>
<host endtime="1733434047"><address addr="202.46.1.187" addrtype="ipv4"/><ports><port protocol="tcp" portid="5060"><state state="open" reason="syn-ack" reason_ttl="51"/></port></ports></host>
<host endtime="1733434048"><address addr="202.46.15.147" addrtype="ipv4"/><ports><port protocol="tcp" portid="5061"><state state="open" reason="syn-ack" reason_ttl="50"/></port></ports></host>
<host endtime="1733434050"><address addr="103.83.18.188" addrtype="ipv4"/><ports><port protocol="tcp" portid="5060"><state state="open" reason="syn-ack" reason_ttl="48"/></port></ports></host>
<host endtime="1733434054"><address addr="202.46.10.80" addrtype="ipv4"/><ports><port protocol="tcp" portid="5060"><state state="open" reason="syn-ack" reason_ttl="50"/></port></ports></host>
<host endtime="1733434055"><address addr="202.46.13.150" addrtype="ipv4"/><ports><port protocol="tcp" portid="5060"><state state="open" reason="syn-ack" reason_ttl="51"/></port></ports></host>
<host endtime="1733434058"><address addr="202.46.9.41" addrtype="ipv4"/><ports><port protocol="tcp" portid="5060"><state state="open" reason="syn-ack" reason_ttl="51"/></port></ports></host>
<host endtime="1733434058"><address addr="199.123.24.127" addrtype="ipv4"/><ports><port protocol="tcp" portid="5060"><state state="open" reason="syn-ack" reason_ttl="229"/></port></ports></host>
<host endtime="1733434059"><address addr="103.224.214.202" addrtype="ipv4"/><ports><port protocol="tcp" portid="5060"><state state="open" reason="syn-ack" reason_ttl="48"/></port></ports></host>
<host endtime="1733434060"><address addr="202.46.7.238" addrtype="ipv4"/><ports><port protocol="tcp" portid="5060"><state state="open" reason="syn-ack" reason_ttl="51"/></port></ports></host>
<host endtime="1733434061"><address addr="193.103.206.210" addrtype="ipv4"/><ports><port protocol="tcp" portid="5060"><state state="open" reason="syn-ack" reason_ttl="52"/></port></ports></host>
<host endtime="1733434063"><address addr="202.46.14.192" addrtype="ipv4"/><ports><port protocol="tcp" portid="5060"><state state="open" reason="syn-ack" reason_ttl="51"/></port></ports></host>
<host endtime="1733434064"><address addr="103.83.18.115" addrtype="ipv4"/><ports><port protocol="tcp" portid="5060"><state state="open" reason="syn-ack" reason_ttl="48"/></port></ports></host>
<host endtime="1733434065"><address addr="103.83.18.117" addrtype="ipv4"/><ports><port protocol="tcp" portid="5060"><state state="open" reason="syn-ack" reason_ttl="48"/></port></ports></host>
<host endtime="1733434066"><address addr="202.46.255.201" addrtype="ipv4"/><ports><port protocol="tcp" portid="5060"><state state="open" reason="syn-ack" reason_ttl="51"/></port></ports></host>
<host endtime="1733434068"><address addr="193.103.200.121" addrtype="ipv4"/><ports><port protocol="tcp" portid="5060"><state state="open" reason="syn-ack" reason_ttl="54"/></port></ports></host>
<host endtime="1733434070"><address addr="202.46.245.184" addrtype="ipv4"/><ports><port protocol="tcp" portid="5060"><state state="open" reason="syn-ack" reason_ttl="50"/></port></ports></host>
<host endtime="1733434071"><address addr="202.46.1.34" addrtype="ipv4"/><ports><port protocol="tcp" portid="5061"><state state="open" reason="syn-ack" reason_ttl="49"/></port></ports></host>
<host endtime="1733434072"><address addr="202.46.243.237" addrtype="ipv4"/><ports><port protocol="tcp" portid="5060"><state state="open" reason="syn-ack" reason_ttl="50"/></port></ports></host>
<host endtime="1733434073"><address addr="202.46.253.146" addrtype="ipv4"/><ports><port protocol="tcp" portid="5060"><state state="open" reason="syn-ack" reason_ttl="51"/></port></ports></host>
<host endtime="1733434074"><address addr="199.123.25.115" addrtype="ipv4"/><ports><port protocol="tcp" portid="5060"><state state="open" reason="syn-ack" reason_ttl="229"/></port></ports></host>
<host endtime="1733434076"><address addr="202.46.244.42" addrtype="ipv4"/><ports><port protocol="tcp" portid="5060"><state state="open" reason="syn-ack" reason_ttl="51"/></port></ports></host>
<host endtime="1733434077"><address addr="193.103.200.54" addrtype="ipv4"/><ports><port protocol="tcp" portid="5060"><state state="open" reason="syn-ack" reason_ttl="52"/></port></ports></host>
<host endtime="1733434078"><address addr="202.46.15.66" addrtype="ipv4"/><ports><port protocol="tcp" portid="5060"><state state="open" reason="syn-ack" reason_ttl="51"/></port></ports></host>
<host endtime="1733434082"><address addr="199.201.236.124" addrtype="ipv4"/><ports><port protocol="tcp" portid="5060"><state state="open" reason="syn-ack" reason_ttl="47"/></port></ports></host>
<host endtime="1733434083"><address addr="202.46.11.95" addrtype="ipv4"/><ports><port protocol="tcp" portid="5060"><state state="open" reason="syn-ack" reason_ttl="50"/></port></ports></host>
<host endtime="1733434087"><address addr="202.46.246.236" addrtype="ipv4"/><ports><port protocol="tcp" portid="5060"><state state="open" reason="syn-ack" reason_ttl="50"/></port></ports></host>
<host endtime="1733434089"><address addr="202.46.14.191" addrtype="ipv4"/><ports><port protocol="tcp" portid="5060"><state state="open" reason="syn-ack" reason_ttl="51"/></port></ports></host>
<host endtime="1733434092"><address addr="103.224.215.26" addrtype="ipv4"/><ports><port protocol="tcp" portid="5060"><state state="open" reason="syn-ack" reason_ttl="48"/></port></ports></host>
<host endtime="1733434092"><address addr="199.123.27.71" addrtype="ipv4"/><ports><port protocol="tcp" portid="5060"><state state="open" reason="syn-ack" reason_ttl="229"/></port></ports></host>
<host endtime="1733434096"><address addr="202.46.7.221" addrtype="ipv4"/><ports><port protocol="tcp" portid="5060"><state state="open" reason="syn-ack" reason_ttl="51"/></port></ports></host>
<host endtime="1733434100"><address addr="202.46.15.74" addrtype="ipv4"/><ports><port protocol="tcp" portid="5060"><state state="open" reason="syn-ack" reason_ttl="51"/></port></ports></host>
<host endtime="1733434103"><address addr="202.46.1.144" addrtype="ipv4"/><ports><port protocol="tcp" portid="5060"><state state="open" reason="syn-ack" reason_ttl="50"/></port></ports></host>
<host endtime="1733434106"><address addr="202.46.241.211" addrtype="ipv4"/><ports><port protocol="tcp" portid="5060"><state state="open" reason="syn-ack" reason_ttl="51"/></port></ports></host>
<host endtime="1733434108"><address addr="202.46.2.153" addrtype="ipv4"/><ports><port protocol="tcp" portid="5060"><state state="open" reason="syn-ack" reason_ttl="50"/></port></ports></host>
<host endtime="1733434108"><address addr="202.46.242.149" addrtype="ipv4"/><ports><port protocol="tcp" portid="5060"><state state="open" reason="syn-ack" reason_ttl="51"/></port></ports></host>
<host endtime="1733434108"><address addr="202.46.253.214" addrtype="ipv4"/><ports><port protocol="tcp" portid="5060"><state state="open" reason="syn-ack" reason_ttl="51"/></port></ports></host>
<host endtime="1733434112"><address addr="202.46.11.20" addrtype="ipv4"/><ports><port protocol="tcp" portid="5060"><state state="open" reason="syn-ack" reason_ttl="51"/></port></ports></host>
<host endtime="1733434114"><address addr="199.123.24.100" addrtype="ipv4"/><ports><port protocol="tcp" portid="5060"><state state="open" reason="syn-ack" reason_ttl="229"/></port></ports></host>
<host endtime="1733434115"><address addr="193.98.229.15" addrtype="ipv4"/><ports><port protocol="tcp" portid="5060"><state state="open" reason="syn-ack" reason_ttl="49"/></port></ports></host>
<host endtime="1733434115"><address addr="196.195.4.60" addrtype="ipv4"/><ports><port protocol="tcp" portid="5060"><state state="open" reason="syn-ack" reason_ttl="53"/></port></ports></host>
<host endtime="1733434117"><address addr="193.98.229.38" addrtype="ipv4"/><ports><port protocol="tcp" portid="5060"><state state="open" reason="syn-ack" reason_ttl="44"/></port></ports></host>
<host endtime="1733434117"><address addr="202.46.11.157" addrtype="ipv4"/><ports><port protocol="tcp" portid="5060"><state state="open" reason="syn-ack" reason_ttl="51"/></port></ports></host>
<host endtime="1733434118"><address addr="193.103.200.126" addrtype="ipv4"/><ports><port protocol="tcp" portid="5060"><state state="open" reason="syn-ack" reason_ttl="52"/></port></ports></host>
<host endtime="1733434119"><address addr="103.224.215.181" addrtype="ipv4"/><ports><port protocol="tcp" portid="5060"><state state="open" reason="syn-ack" reason_ttl="48"/></port></ports></host>
<host endtime="1733434125"><address addr="193.103.200.173" addrtype="ipv4"/><ports><port protocol="tcp" portid="5060"><state state="open" reason="syn-ack" reason_ttl="52"/></port></ports></host>
<host endtime="1733434127"><address addr="202.46.13.253" addrtype="ipv4"/><ports><port protocol="tcp" portid="5060"><state state="open" reason="syn-ack" reason_ttl="51"/></port></ports></host>
<host endtime="1733434128"><address addr="202.46.249.110" addrtype="ipv4"/><ports><port protocol="tcp" portid="5060"><state state="open" reason="syn-ack" reason_ttl="51"/></port></ports></host>
<host endtime="1733434129"><address addr="193.98.119.122" addrtype="ipv4"/><ports><port protocol="tcp" portid="5060"><state state="open" reason="syn-ack" reason_ttl="48"/></port></ports></host>
<host endtime="1733434133"><address addr="103.224.215.251" addrtype="ipv4"/><ports><port protocol="tcp" portid="5060"><state state="open" reason="syn-ack" reason_ttl="48"/></port></ports></host>
<host endtime="1733434134"><address addr="202.46.250.118" addrtype="ipv4"/><ports><port protocol="tcp" portid="5060"><state state="open" reason="syn-ack" reason_ttl="50"/></port></ports></host>
<host endtime="1733434135"><address addr="202.46.13.146" addrtype="ipv4"/><ports><port protocol="tcp" portid="5060"><state state="open" reason="syn-ack" reason_ttl="51"/></port></ports></host>
<host endtime="1733434136"><address addr="199.123.26.93" addrtype="ipv4"/><ports><port protocol="tcp" portid="5060"><state state="open" reason="syn-ack" reason_ttl="229"/></port></ports></host>
<host endtime="1733434136"><address addr="103.83.19.38" addrtype="ipv4"/><ports><port protocol="tcp" portid="5060"><state state="open" reason="syn-ack" reason_ttl="48"/></port></ports></host>
<host endtime="1733434136"><address addr="202.46.9.134" addrtype="ipv4"/><ports><port protocol="tcp" portid="5060"><state state="open" reason="syn-ack" reason_ttl="51"/></port></ports></host>
<host endtime="1733434140"><address addr="202.46.245.6" addrtype="ipv4"/><ports><port protocol="tcp" portid="5060"><state state="open" reason="syn-ack" reason_ttl="51"/></port></ports></host>
<host endtime="1733434142"><address addr="202.46.13.183" addrtype="ipv4"/><ports><port protocol="tcp" portid="5060"><state state="open" reason="syn-ack" reason_ttl="50"/></port></ports></host>
<host endtime="1733434146"><address addr="202.46.253.249" addrtype="ipv4"/><ports><port protocol="tcp" portid="5060"><state state="open" reason="syn-ack" reason_ttl="51"/></port></ports></host>
<host endtime="1733434150"><address addr="202.46.251.117" addrtype="ipv4"/><ports><port protocol="tcp" portid="5060"><state state="open" reason="syn-ack" reason_ttl="50"/></port></ports></host>
<host endtime="1733434150"><address addr="202.46.255.145" addrtype="ipv4"/><ports><port protocol="tcp" portid="5060"><state state="open" reason="syn-ack" reason_ttl="51"/></port></ports></host>
<host endtime="1733434152"><address addr="199.123.25.63" addrtype="ipv4"/><ports><port protocol="tcp" portid="5060"><state state="open" reason="syn-ack" reason_ttl="229"/></port></ports></host>
<host endtime="1733434153"><address addr="202.46.249.92" addrtype="ipv4"/><ports><port protocol="tcp" portid="5060"><state state="open" reason="syn-ack" reason_ttl="50"/></port></ports></host>
<host endtime="1733434158"><address addr="199.123.26.251" addrtype="ipv4"/><ports><port protocol="tcp" portid="5060"><state state="open" reason="syn-ack" reason_ttl="229"/></port></ports></host>
<host endtime="1733434160"><address addr="199.123.26.96" addrtype="ipv4"/><ports><port protocol="tcp" portid="5060"><state state="open" reason="syn-ack" reason_ttl="229"/></port></ports></host>
<host endtime="1733434161"><address addr="199.201.236.163" addrtype="ipv4"/><ports><port protocol="tcp" portid="5060"><state state="open" reason="syn-ack" reason_ttl="47"/></port></ports></host>
<host endtime="1733434161"><address addr="193.98.229.128" addrtype="ipv4"/><ports><port protocol="tcp" portid="5060"><state state="open" reason="syn-ack" reason_ttl="44"/></port></ports></host>
<host endtime="1733434162"><address addr="202.46.7.23" addrtype="ipv4"/><ports><port protocol="tcp" portid="5061"><state state="open" reason="syn-ack" reason_ttl="49"/></port></ports></host>
<host endtime="1733434163"><address addr="202.46.243.76" addrtype="ipv4"/><ports><port protocol="tcp" portid="5060"><state state="open" reason="syn-ack" reason_ttl="51"/></port></ports></host>
<host endtime="1733434163"><address addr="202.46.12.183" addrtype="ipv4"/><ports><port protocol="tcp" portid="5060"><state state="open" reason="syn-ack" reason_ttl="50"/></port></ports></host>
<host endtime="1733434163"><address addr="202.46.252.255" addrtype="ipv4"/><ports><port protocol="tcp" portid="5060"><state state="open" reason="syn-ack" reason_ttl="51"/></port></ports></host>
<host endtime="1733434163"><address addr="199.201.236.246" addrtype="ipv4"/><ports><port protocol="tcp" portid="5060"><state state="open" reason="syn-ack" reason_ttl="47"/></port></ports></host>
<host endtime="1733434164"><address addr="193.98.229.191" addrtype="ipv4"/><ports><port protocol="tcp" portid="5061"><state state="open" reason="syn-ack" reason_ttl="44"/></port></ports></host>
<host endtime="1733434169"><address addr="103.83.19.146" addrtype="ipv4"/><ports><port protocol="tcp" portid="5060"><state state="open" reason="syn-ack" reason_ttl="48"/></port></ports></host>
<host endtime="1733434170"><address addr="202.46.10.27" addrtype="ipv4"/><ports><port protocol="tcp" portid="5060"><state state="open" reason="syn-ack" reason_ttl="51"/></port></ports></host>
<host endtime="1733434173"><address addr="202.46.15.73" addrtype="ipv4"/><ports><port protocol="tcp" portid="5060"><state state="open" reason="syn-ack" reason_ttl="51"/></port></ports></host>
<host endtime="1733434174"><address addr="202.46.3.109" addrtype="ipv4"/><ports><port protocol="tcp" portid="5061"><state state="open" reason="syn-ack" reason_ttl="49"/></port></ports></host>
<host endtime="1733434175"><address addr="202.46.247.9" addrtype="ipv4"/><ports><port protocol="tcp" portid="5060"><state state="open" reason="syn-ack" reason_ttl="51"/></port></ports></host>
<host endtime="1733434177"><address addr="202.46.2.197" addrtype="ipv4"/><ports><port protocol="tcp" portid="5060"><state state="open" reason="syn-ack" reason_ttl="51"/></port></ports></host>
<host endtime="1733434179"><address addr="199.123.24.61" addrtype="ipv4"/><ports><port protocol="tcp" portid="5060"><state state="open" reason="syn-ack" reason_ttl="229"/></port></ports></host>
<host endtime="1733434186"><address addr="202.46.243.191" addrtype="ipv4"/><ports><port protocol="tcp" portid="5060"><state state="open" reason="syn-ack" reason_ttl="51"/></port></ports></host>
<host endtime="1733434188"><address addr="199.201.236.22" addrtype="ipv4"/><ports><port protocol="tcp" portid="5060"><state state="open" reason="syn-ack" reason_ttl="47"/></port></ports></host>
<host endtime="1733434188"><address addr="202.46.6.138" addrtype="ipv4"/><ports><port protocol="tcp" portid="5060"><state state="open" reason="syn-ack" reason_ttl="51"/></port></ports></host>
<host endtime="1733434189"><address addr="202.46.5.62" addrtype="ipv4"/><ports><port protocol="tcp" portid="5060"><state state="open" reason="syn-ack" reason_ttl="51"/></port></ports></host>
<host endtime="1733434196"><address addr="202.46.251.177" addrtype="ipv4"/><ports><port protocol="tcp" portid="5060"><state state="open" reason="syn-ack" reason_ttl="50"/></port></ports></host>
<host endtime="1733434196"><address addr="202.46.243.115" addrtype="ipv4"/><ports><port protocol="tcp" portid="5060"><state state="open" reason="syn-ack" reason_ttl="51"/></port></ports></host>
<host endtime="1733434196"><address addr="202.46.12.69" addrtype="ipv4"/><ports><port protocol="tcp" portid="5060"><state state="open" reason="syn-ack" reason_ttl="50"/></port></ports></host>
<host endtime="1733434199"><address addr="202.46.8.131" addrtype="ipv4"/><ports><port protocol="tcp" portid="5060"><state state="open" reason="syn-ack" reason_ttl="51"/></port></ports></host>
<host endtime="1733434209"><address addr="103.83.18.19" addrtype="ipv4"/><ports><port protocol="tcp" portid="5060"><state state="open" reason="syn-ack" reason_ttl="48"/></port></ports></host>
<host endtime="1733434209"><address addr="202.46.255.45" addrtype="ipv4"/><ports><port protocol="tcp" portid="5060"><state state="open" reason="syn-ack" reason_ttl="51"/></port></ports></host>
<host endtime="1733434210"><address addr="193.103.200.97" addrtype="ipv4"/><ports><port protocol="tcp" portid="5060"><state state="open" reason="syn-ack" reason_ttl="54"/></port></ports></host>
<host endtime="1733434211"><address addr="202.46.254.248" addrtype="ipv4"/><ports><port protocol="tcp" portid="5060"><state state="open" reason="syn-ack" reason_ttl="51"/></port></ports></host>
<host endtime="1733434211"><address addr="197.231.249.80" addrtype="ipv4"/><ports><port protocol="tcp" portid="5060"><state state="open" reason="syn-ack" reason_ttl="44"/></port></ports></host>
<host endtime="1733434212"><address addr="202.46.243.4" addrtype="ipv4"/><ports><port protocol="tcp" portid="5060"><state state="open" reason="syn-ack" reason_ttl="51"/></port></ports></host>
<host endtime="1733434213"><address addr="202.46.247.103" addrtype="ipv4"/><ports><port protocol="tcp" portid="5060"><state state="open" reason="syn-ack" reason_ttl="51"/></port></ports></host>
<host endtime="1733434218"><address addr="202.46.250.160" addrtype="ipv4"/><ports><port protocol="tcp" portid="5060"><state state="open" reason="syn-ack" reason_ttl="51"/></port></ports></host>
<host endtime="1733434220"><address addr="202.46.249.131" addrtype="ipv4"/><ports><port protocol="tcp" portid="5060"><state state="open" reason="syn-ack" reason_ttl="51"/></port></ports></host>
<host endtime="1733434221"><address addr="202.46.253.73" addrtype="ipv4"/><ports><port protocol="tcp" portid="5060"><state state="open" reason="syn-ack" reason_ttl="51"/></port></ports></host>
<host endtime="1733434228"><address addr="202.46.2.216" addrtype="ipv4"/><ports><port protocol="tcp" portid="5060"><state state="open" reason="syn-ack" reason_ttl="50"/></port></ports></host>
<host endtime="1733434230"><address addr="103.83.18.214" addrtype="ipv4"/><ports><port protocol="tcp" portid="5060"><state state="open" reason="syn-ack" reason_ttl="48"/></port></ports></host>
<host endtime="1733434231"><address addr="202.46.250.49" addrtype="ipv4"/><ports><port protocol="tcp" portid="5060"><state state="open" reason="syn-ack" reason_ttl="51"/></port></ports></host>
<host endtime="1733434233"><address addr="202.46.2.205" addrtype="ipv4"/><ports><port protocol="tcp" portid="5060"><state state="open" reason="syn-ack" reason_ttl="50"/></port></ports></host>
<host endtime="1733434234"><address addr="202.46.6.140" addrtype="ipv4"/><ports><port protocol="tcp" portid="5060"><state state="open" reason="syn-ack" reason_ttl="50"/></port></ports></host>
<host endtime="1733434235"><address addr="202.46.5.204" addrtype="ipv4"/><ports><port protocol="tcp" portid="5060"><state state="open" reason="syn-ack" reason_ttl="51"/></port></ports></host>
<host endtime="1733434236"><address addr="202.46.9.20" addrtype="ipv4"/><ports><port protocol="tcp" portid="5060"><state state="open" reason="syn-ack" reason_ttl="50"/></port></ports></host>
<host endtime="1733434241"><address addr="193.103.200.148" addrtype="ipv4"/><ports><port protocol="tcp" portid="5060"><state state="open" reason="syn-ack" reason_ttl="52"/></port></ports></host>
<host endtime="1733434243"><address addr="202.46.251.82" addrtype="ipv4"/><ports><port protocol="tcp" portid="5060"><state state="open" reason="syn-ack" reason_ttl="51"/></port></ports></host>
<host endtime="1733434245"><address addr="202.46.245.102" addrtype="ipv4"/><ports><port protocol="tcp" portid="5060"><state state="open" reason="syn-ack" reason_ttl="50"/></port></ports></host>
<host endtime="1733434245"><address addr="202.46.251.152" addrtype="ipv4"/><ports><port protocol="tcp" portid="5060"><state state="open" reason="syn-ack" reason_ttl="51"/></port></ports></host>
<host endtime="1733434247"><address addr="199.123.26.199" addrtype="ipv4"/><ports><port protocol="tcp" portid="5060"><state state="open" reason="syn-ack" reason_ttl="229"/></port></ports></host>
<host endtime="1733434248"><address addr="199.123.24.225" addrtype="ipv4"/><ports><port protocol="tcp" portid="5060"><state state="open" reason="syn-ack" reason_ttl="229"/></port></ports></host>
<host endtime="1733434253"><address addr="202.46.245.159" addrtype="ipv4"/><ports><port protocol="tcp" portid="5060"><state state="open" reason="syn-ack" reason_ttl="51"/></port></ports></host>
<host endtime="1733434253"><address addr="103.177.50.88" addrtype="ipv4"/><ports><port protocol="tcp" portid="5060"><state state="open" reason="syn-ack" reason_ttl="120"/></port></ports></host>
<host endtime="1733434253"><address addr="202.46.246.172" addrtype="ipv4"/><ports><port protocol="tcp" portid="5060"><state state="open" reason="syn-ack" reason_ttl="51"/></port></ports></host>
<host endtime="1733434256"><address addr="202.46.7.104" addrtype="ipv4"/><ports><port protocol="tcp" portid="5060"><state state="open" reason="syn-ack" reason_ttl="50"/></port></ports></host>
<host endtime="1733434257"><address addr="202.46.250.103" addrtype="ipv4"/><ports><port protocol="tcp" portid="5060"><state state="open" reason="syn-ack" reason_ttl="51"/></port></ports></host>
<host endtime="1733434258"><address addr="202.46.14.8" addrtype="ipv4"/><ports><port protocol="tcp" portid="5060"><state state="open" reason="syn-ack" reason_ttl="50"/></port></ports></host>
<host endtime="1733434260"><address addr="199.201.237.124" addrtype="ipv4"/><ports><port protocol="tcp" portid="5060"><state state="open" reason="syn-ack" reason_ttl="47"/></port></ports></host>
<host endtime="1733434260"><address addr="202.46.245.192" addrtype="ipv4"/><ports><port protocol="tcp" portid="5060"><state state="open" reason="syn-ack" reason_ttl="51"/></port></ports></host>
<host endtime="1733434261"><address addr="202.46.249.77" addrtype="ipv4"/><ports><port protocol="tcp" portid="5060"><state state="open" reason="syn-ack" reason_ttl="50"/></port></ports></host>
<host endtime="1733434264"><address addr="202.46.247.225" addrtype="ipv4"/><ports><port protocol="tcp" portid="5060"><state state="open" reason="syn-ack" reason_ttl="50"/></port></ports></host>
<host endtime="1733434265"><address addr="202.46.9.102" addrtype="ipv4"/><ports><port protocol="tcp" portid="5060"><state state="open" reason="syn-ack" reason_ttl="51"/></port></ports></host>
<host endtime="1733434268"><address addr="202.46.248.189" addrtype="ipv4"/><ports><port protocol="tcp" portid="5060"><state state="open" reason="syn-ack" reason_ttl="51"/></port></ports></host>
<host endtime="1733434272"><address addr="199.123.25.182" addrtype="ipv4"/><ports><port protocol="tcp" portid="5060"><state state="open" reason="syn-ack" reason_ttl="229"/></port></ports></host>
<host endtime="1733434272"><address addr="202.46.8.14" addrtype="ipv4"/><ports><port protocol="tcp" portid="5060"><state state="open" reason="syn-ack" reason_ttl="50"/></port></ports></host>
<host endtime="1733434277"><address addr="202.46.1.240" addrtype="ipv4"/><ports><port protocol="tcp" portid="5060"><state state="open" reason="syn-ack" reason_ttl="51"/></port></ports></host>
<host endtime="1733434277"><address addr="202.46.255.55" addrtype="ipv4"/><ports><port protocol="tcp" portid="5060"><state state="open" reason="syn-ack" reason_ttl="51"/></port></ports></host>
<host endtime="1733434280"><address addr="202.46.246.111" addrtype="ipv4"/><ports><port protocol="tcp" portid="5060"><state state="open" reason="syn-ack" reason_ttl="51"/></port></ports></host>
<host endtime="1733434284"><address addr="193.103.200.130" addrtype="ipv4"/><ports><port protocol="tcp" portid="5060"><state state="open" reason="syn-ack" reason_ttl="54"/></port></ports></host>
<host endtime="1733434289"><address addr="199.123.26.18" addrtype="ipv4"/><ports><port protocol="tcp" portid="5060"><state state="open" reason="syn-ack" reason_ttl="229"/></port></ports></host>
<host endtime="1733434290"><address addr="202.46.10.182" addrtype="ipv4"/><ports><port protocol="tcp" portid="5060"><state state="open" reason="syn-ack" reason_ttl="51"/></port></ports></host>
<host endtime="1733434291"><address addr="103.83.19.19" addrtype="ipv4"/><ports><port protocol="tcp" portid="5060"><state state="open" reason="syn-ack" reason_ttl="48"/></port></ports></host>
<host endtime="1733434298"><address addr="199.123.26.184" addrtype="ipv4"/><ports><port protocol="tcp" portid="5060"><state state="open" reason="syn-ack" reason_ttl="229"/></port></ports></host>
<host endtime="1733434299"><address addr="202.46.246.180" addrtype="ipv4"/><ports><port protocol="tcp" portid="5060"><state state="open" reason="syn-ack" reason_ttl="51"/></port></ports></host>
<host endtime="1733434300"><address addr="193.99.246.23" addrtype="ipv4"/><ports><port protocol="tcp" portid="5061"><state state="open" reason="syn-ack" reason_ttl="47"/></port></ports></host>
<host endtime="1733434300"><address addr="202.46.242.160" addrtype="ipv4"/><ports><port protocol="tcp" portid="5060"><state state="open" reason="syn-ack" reason_ttl="51"/></port></ports></host>
<host endtime="1733434303"><address addr="202.46.0.198" addrtype="ipv4"/><ports><port protocol="tcp" portid="5060"><state state="open" reason="syn-ack" reason_ttl="51"/></port></ports></host>
<host endtime="1733434309"><address addr="202.46.247.7" addrtype="ipv4"/><ports><port protocol="tcp" portid="5060"><state state="open" reason="syn-ack" reason_ttl="51"/></port></ports></host>
<host endtime="1733434314"><address addr="202.46.3.92" addrtype="ipv4"/><ports><port protocol="tcp" portid="5060"><state state="open" reason="syn-ack" reason_ttl="50"/></port></ports></host>
<host endtime="1733434315"><address addr="202.46.2.33" addrtype="ipv4"/><ports><port protocol="tcp" portid="5060"><state state="open" reason="syn-ack" reason_ttl="51"/></port></ports></host>
<host endtime="1733434316"><address addr="103.224.215.54" addrtype="ipv4"/><ports><port protocol="tcp" portid="5060"><state state="open" reason="syn-ack" reason_ttl="48"/></port></ports></host>
<host endtime="1733434317"><address addr="202.46.5.22" addrtype="ipv4"/><ports><port protocol="tcp" portid="5060"><state state="open" reason="syn-ack" reason_ttl="51"/></port></ports></host>
<host endtime="1733434322"><address addr="202.46.9.203" addrtype="ipv4"/><ports><port protocol="tcp" portid="5060"><state state="open" reason="syn-ack" reason_ttl="50"/></port></ports></host>
<host endtime="1733434322"><address addr="202.46.1.148" addrtype="ipv4"/><ports><port protocol="tcp" portid="5060"><state state="open" reason="syn-ack" reason_ttl="51"/></port></ports></host>
<host endtime="1733434322"><address addr="202.46.15.136" addrtype="ipv4"/><ports><port protocol="tcp" portid="5061"><state state="open" reason="syn-ack" reason_ttl="50"/></port></ports></host>
<host endtime="1733434323"><address addr="202.46.8.174" addrtype="ipv4"/><ports><port protocol="tcp" portid="5060"><state state="open" reason="syn-ack" reason_ttl="51"/></port></ports></host>
<host endtime="1733434326"><address addr="103.177.50.29" addrtype="ipv4"/><ports><port protocol="tcp" portid="5060"><state state="open" reason="syn-ack" reason_ttl="120"/></port></ports></host>
<host endtime="1733434330"><address addr="199.201.236.188" addrtype="ipv4"/><ports><port protocol="tcp" portid="5060"><state state="open" reason="syn-ack" reason_ttl="47"/></port></ports></host>
<host endtime="1733434331"><address addr="202.46.8.136" addrtype="ipv4"/><ports><port protocol="tcp" portid="5060"><state state="open" reason="syn-ack" reason_ttl="51"/></port></ports></host>
<host endtime="1733434335"><address addr="202.46.13.171" addrtype="ipv4"/><ports><port protocol="tcp" portid="5060"><state state="open" reason="syn-ack" reason_ttl="51"/></port></ports></host>
<host endtime="1733434336"><address addr="202.46.15.164" addrtype="ipv4"/><ports><port protocol="tcp" portid="5060"><state state="open" reason="syn-ack" reason_ttl="51"/></port></ports></host>
<host endtime="1733434336"><address addr="199.123.27.185" addrtype="ipv4"/><ports><port protocol="tcp" portid="5060"><state state="open" reason="syn-ack" reason_ttl="229"/></port></ports></host>
<host endtime="1733434336"><address addr="202.46.8.221" addrtype="ipv4"/><ports><port protocol="tcp" portid="5060"><state state="open" reason="syn-ack" reason_ttl="51"/></port></ports></host>
<host endtime="1733434338"><address addr="202.46.255.180" addrtype="ipv4"/><ports><port protocol="tcp" portid="5060"><state state="open" reason="syn-ack" reason_ttl="51"/></port></ports></host>
<host endtime="1733434340"><address addr="202.46.3.190" addrtype="ipv4"/><ports><port protocol="tcp" portid="5060"><state state="open" reason="syn-ack" reason_ttl="51"/></port></ports></host>
<host endtime="1733434341"><address addr="202.46.2.140" addrtype="ipv4"/><ports><port protocol="tcp" portid="5060"><state state="open" reason="syn-ack" reason_ttl="51"/></port></ports></host>
<host endtime="1733434351"><address addr="202.46.8.251" addrtype="ipv4"/><ports><port protocol="tcp" portid="5060"><state state="open" reason="syn-ack" reason_ttl="51"/></port></ports></host>
<host endtime="1733434351"><address addr="202.46.248.217" addrtype="ipv4"/><ports><port protocol="tcp" portid="5060"><state state="open" reason="syn-ack" reason_ttl="51"/></port></ports></host>
<host endtime="1733434354"><address addr="199.123.27.198" addrtype="ipv4"/><ports><port protocol="tcp" portid="5060"><state state="open" reason="syn-ack" reason_ttl="229"/></port></ports></host>
<host endtime="1733434362"><address addr="202.46.10.187" addrtype="ipv4"/><ports><port protocol="tcp" portid="5060"><state state="open" reason="syn-ack" reason_ttl="51"/></port></ports></host>
<host endtime="1733434364"><address addr="199.123.27.4" addrtype="ipv4"/><ports><port protocol="tcp" portid="5060"><state state="open" reason="syn-ack" reason_ttl="229"/></port></ports></host>
<host endtime="1733434364"><address addr="199.201.236.26" addrtype="ipv4"/><ports><port protocol="tcp" portid="5060"><state state="open" reason="syn-ack" reason_ttl="47"/></port></ports></host>
<host endtime="1733434368"><address addr="202.46.240.244" addrtype="ipv4"/><ports><port protocol="tcp" portid="5060"><state state="open" reason="syn-ack" reason_ttl="50"/></port></ports></host>
<host endtime="1733434370"><address addr="103.177.50.93" addrtype="ipv4"/><ports><port protocol="tcp" portid="5061"><state state="open" reason="syn-ack" reason_ttl="57"/></port></ports></host>
<host endtime="1733434371"><address addr="202.46.6.143" addrtype="ipv4"/><ports><port protocol="tcp" portid="5060"><state state="open" reason="syn-ack" reason_ttl="51"/></port></ports></host>
<host endtime="1733434372"><address addr="202.46.6.151" addrtype="ipv4"/><ports><port protocol="tcp" portid="5060"><state state="open" reason="syn-ack" reason_ttl="51"/></port></ports></host>
<host endtime="1733434374"><address addr="103.224.214.164" addrtype="ipv4"/><ports><port protocol="tcp" portid="5060"><state state="open" reason="syn-ack" reason_ttl="48"/></port></ports></host>
<host endtime="1733434376"><address addr="202.46.250.116" addrtype="ipv4"/><ports><port protocol="tcp" portid="5060"><state state="open" reason="syn-ack" reason_ttl="51"/></port></ports></host>
<host endtime="1733434376"><address addr="202.46.248.11" addrtype="ipv4"/><ports><port protocol="tcp" portid="5060"><state state="open" reason="syn-ack" reason_ttl="51"/></port></ports></host>
<host endtime="1733434380"><address addr="202.46.240.252" addrtype="ipv4"/><ports><port protocol="tcp" portid="5060"><state state="open" reason="syn-ack" reason_ttl="51"/></port></ports></host>
<host endtime="1733434383"><address addr="202.46.245.17" addrtype="ipv4"/><ports><port protocol="tcp" portid="5060"><state state="open" reason="syn-ack" reason_ttl="51"/></port></ports></host>
<host endtime="1733434384"><address addr="202.46.0.244" addrtype="ipv4"/><ports><port protocol="tcp" portid="5060"><state state="open" reason="syn-ack" reason_ttl="51"/></port></ports></host>
<host endtime="1733434387"><address addr="202.46.255.8" addrtype="ipv4"/><ports><port protocol="tcp" portid="5060"><state state="open" reason="syn-ack" reason_ttl="50"/></port></ports></host>
<host endtime="1733434387"><address addr="103.83.19.99" addrtype="ipv4"/><ports><port protocol="tcp" portid="5060"><state state="open" reason="syn-ack" reason_ttl="48"/></port></ports></host>
<host endtime="1733434387"><address addr="202.46.11.40" addrtype="ipv4"/><ports><port protocol="tcp" portid="5060"><state state="open" reason="syn-ack" reason_ttl="51"/></port></ports></host>
<host endtime="1733434397"><address addr="202.46.254.121" addrtype="ipv4"/><ports><port protocol="tcp" portid="5060"><state state="open" reason="syn-ack" reason_ttl="51"/></port></ports></host>
<host endtime="1733434397"><address addr="202.46.2.145" addrtype="ipv4"/><ports><port protocol="tcp" portid="5060"><state state="open" reason="syn-ack" reason_ttl="51"/></port></ports></host>
<host endtime="1733434397"><address addr="103.83.18.196" addrtype="ipv4"/><ports><port protocol="tcp" portid="5060"><state state="open" reason="syn-ack" reason_ttl="48"/></port></ports></host>
<host endtime="1733434397"><address addr="202.46.5.206" addrtype="ipv4"/><ports><port protocol="tcp" portid="5060"><state state="open" reason="syn-ack" reason_ttl="51"/></port></ports></host>
<host endtime="1733434398"><address addr="202.46.5.157" addrtype="ipv4"/><ports><port protocol="tcp" portid="5060"><state state="open" reason="syn-ack" reason_ttl="51"/></port></ports></host>
<host endtime="1733434399"><address addr="202.46.240.249" addrtype="ipv4"/><ports><port protocol="tcp" portid="5060"><state state="open" reason="syn-ack" reason_ttl="51"/></port></ports></host>
<host endtime="1733434403"><address addr="193.103.200.237" addrtype="ipv4"/><ports><port protocol="tcp" portid="5060"><state state="open" reason="syn-ack" reason_ttl="52"/></port></ports></host>
<host endtime="1733434403"><address addr="202.46.247.24" addrtype="ipv4"/><ports><port protocol="tcp" portid="5060"><state state="open" reason="syn-ack" reason_ttl="51"/></port></ports></host>
<host endtime="1733434409"><address addr="199.201.237.237" addrtype="ipv4"/><ports><port protocol="tcp" portid="5060"><state state="open" reason="syn-ack" reason_ttl="47"/></port></ports></host>
<host endtime="1733434422"><address addr="199.201.237.180" addrtype="ipv4"/><ports><port protocol="tcp" portid="5060"><state state="open" reason="syn-ack" reason_ttl="47"/></port></ports></host>
<host endtime="1733434424"><address addr="202.46.14.36" addrtype="ipv4"/><ports><port protocol="tcp" portid="5060"><state state="open" reason="syn-ack" reason_ttl="50"/></port></ports></host>
<host endtime="1733434424"><address addr="199.201.236.135" addrtype="ipv4"/><ports><port protocol="tcp" portid="5060"><state state="open" reason="syn-ack" reason_ttl="47"/></port></ports></host>
<host endtime="1733434431"><address addr="202.46.2.135" addrtype="ipv4"/><ports><port protocol="tcp" portid="5060"><state state="open" reason="syn-ack" reason_ttl="50"/></port></ports></host>
<host endtime="1733434434"><address addr="202.46.242.96" addrtype="ipv4"/><ports><port protocol="tcp" portid="5060"><state state="open" reason="syn-ack" reason_ttl="51"/></port></ports></host>
<host endtime="1733434435"><address addr="202.46.15.117" addrtype="ipv4"/><ports><port protocol="tcp" portid="5060"><state state="open" reason="syn-ack" reason_ttl="50"/></port></ports></host>
<host endtime="1733434435"><address addr="199.123.24.89" addrtype="ipv4"/><ports><port protocol="tcp" portid="5060"><state state="open" reason="syn-ack" reason_ttl="229"/></port></ports></host>
<host endtime="1733434436"><address addr="202.46.252.49" addrtype="ipv4"/><ports><port protocol="tcp" portid="5060"><state state="open" reason="syn-ack" reason_ttl="51"/></port></ports></host>
<host endtime="1733434437"><address addr="202.46.247.185" addrtype="ipv4"/><ports><port protocol="tcp" portid="5060"><state state="open" reason="syn-ack" reason_ttl="51"/></port></ports></host>
<host endtime="1733434439"><address addr="202.46.14.72" addrtype="ipv4"/><ports><port protocol="tcp" portid="5060"><state state="open" reason="syn-ack" reason_ttl="50"/></port></ports></host>
<host endtime="1733434440"><address addr="202.46.1.247" addrtype="ipv4"/><ports><port protocol="tcp" portid="5060"><state state="open" reason="syn-ack" reason_ttl="50"/></port></ports></host>
<host endtime="1733434440"><address addr="202.46.4.228" addrtype="ipv4"/><ports><port protocol="tcp" portid="5060"><state state="open" reason="syn-ack" reason_ttl="51"/></port></ports></host>
<host endtime="1733434442"><address addr="202.46.246.214" addrtype="ipv4"/><ports><port protocol="tcp" portid="5060"><state state="open" reason="syn-ack" reason_ttl="50"/></port></ports></host>
<host endtime="1733434443"><address addr="199.123.26.244" addrtype="ipv4"/><ports><port protocol="tcp" portid="5060"><state state="open" reason="syn-ack" reason_ttl="229"/></port></ports></host>
<host endtime="1733434444"><address addr="202.46.14.61" addrtype="ipv4"/><ports><port protocol="tcp" portid="5060"><state state="open" reason="syn-ack" reason_ttl="51"/></port></ports></host>
<host endtime="1733434445"><address addr="193.103.200.16" addrtype="ipv4"/><ports><port protocol="tcp" portid="5060"><state state="open" reason="syn-ack" reason_ttl="54"/></port></ports></host>
<host endtime="1733434445"><address addr="202.46.241.50" addrtype="ipv4"/><ports><port protocol="tcp" portid="5060"><state state="open" reason="syn-ack" reason_ttl="51"/></port></ports></host>
<host endtime="1733434449"><address addr="199.123.27.77" addrtype="ipv4"/><ports><port protocol="tcp" portid="5060"><state state="open" reason="syn-ack" reason_ttl="229"/></port></ports></host>
<host endtime="1733434450"><address addr="103.83.18.156" addrtype="ipv4"/><ports><port protocol="tcp" portid="5060"><state state="open" reason="syn-ack" reason_ttl="48"/></port></ports></host>
<host endtime="1733434454"><address addr="202.46.13.239" addrtype="ipv4"/><ports><port protocol="tcp" portid="5060"><state state="open" reason="syn-ack" reason_ttl="51"/></port></ports></host>
<host endtime="1733434455"><address addr="202.46.241.19" addrtype="ipv4"/><ports><port protocol="tcp" portid="5060"><state state="open" reason="syn-ack" reason_ttl="51"/></port></ports></host>
<host endtime="1733434464"><address addr="202.46.15.24" addrtype="ipv4"/><ports><port protocol="tcp" portid="5060"><state state="open" reason="syn-ack" reason_ttl="51"/></port></ports></host>
<host endtime="1733434473"><address addr="193.97.171.24" addrtype="ipv4"/><ports><port protocol="tcp" portid="5060"><state state="open" reason="syn-ack" reason_ttl="241"/></port></ports></host>
<host endtime="1733434475"><address addr="199.123.24.159" addrtype="ipv4"/><ports><port protocol="tcp" portid="5060"><state state="open" reason="syn-ack" reason_ttl="229"/></port></ports></host>
<host endtime="1733434478"><address addr="202.46.6.41" addrtype="ipv4"/><ports><port protocol="tcp" portid="5060"><state state="open" reason="syn-ack" reason_ttl="51"/></port></ports></host>
<host endtime="1733434479"><address addr="202.46.0.242" addrtype="ipv4"/><ports><port protocol="tcp" portid="5060"><state state="open" reason="syn-ack" reason_ttl="51"/></port></ports></host>
<host endtime="1733434483"><address addr="202.46.244.214" addrtype="ipv4"/><ports><port protocol="tcp" portid="5060"><state state="open" reason="syn-ack" reason_ttl="50"/></port></ports></host>
<host endtime="1733434489"><address addr="202.46.240.15" addrtype="ipv4"/><ports><port protocol="tcp" portid="5060"><state state="open" reason="syn-ack" reason_ttl="51"/></port></ports></host>
<host endtime="1733434490"><address addr="103.224.214.22" addrtype="ipv4"/><ports><port protocol="tcp" portid="5060"><state state="open" reason="syn-ack" reason_ttl="48"/></port></ports></host>
<host endtime="1733434493"><address addr="202.46.255.3" addrtype="ipv4"/><ports><port protocol="tcp" portid="5060"><state state="open" reason="syn-ack" reason_ttl="51"/></port></ports></host>
<host endtime="1733434494"><address addr="202.46.9.137" addrtype="ipv4"/><ports><port protocol="tcp" portid="5060"><state state="open" reason="syn-ack" reason_ttl="51"/></port></ports></host>
<host endtime="1733434495"><address addr="202.46.246.208" addrtype="ipv4"/><ports><port protocol="tcp" portid="5060"><state state="open" reason="syn-ack" reason_ttl="50"/></port></ports></host>
<host endtime="1733434496"><address addr="202.46.255.142" addrtype="ipv4"/><ports><port protocol="tcp" portid="5060"><state state="open" reason="syn-ack" reason_ttl="50"/></port></ports></host>
<host endtime="1733434498"><address addr="202.46.242.71" addrtype="ipv4"/><ports><port protocol="tcp" portid="5060"><state state="open" reason="syn-ack" reason_ttl="51"/></port></ports></host>
<host endtime="1733434498"><address addr="202.46.15.127" addrtype="ipv4"/><ports><port protocol="tcp" portid="5060"><state state="open" reason="syn-ack" reason_ttl="51"/></port></ports></host>
<host endtime="1733434499"><address addr="202.46.1.212" addrtype="ipv4"/><ports><port protocol="tcp" portid="5060"><state state="open" reason="syn-ack" reason_ttl="50"/></port></ports></host>
<host endtime="1733434499"><address addr="103.83.19.154" addrtype="ipv4"/><ports><port protocol="tcp" portid="5060"><state state="open" reason="syn-ack" reason_ttl="48"/></port></ports></host>
<host endtime="1733434499"><address addr="202.46.6.169" addrtype="ipv4"/><ports><port protocol="tcp" portid="5060"><state state="open" reason="syn-ack" reason_ttl="51"/></port></ports></host>
<host endtime="1733434500"><address addr="103.83.18.179" addrtype="ipv4"/><ports><port protocol="tcp" portid="5060"><state state="open" reason="syn-ack" reason_ttl="48"/></port></ports></host>
<host endtime="1733434507"><address addr="103.110.61.37" addrtype="ipv4"/><ports><port protocol="tcp" portid="5061"><state state="open" reason="syn-ack" reason_ttl="242"/></port></ports></host>
<host endtime="1733434508"><address addr="202.46.245.69" addrtype="ipv4"/><ports><port protocol="tcp" portid="5060"><state state="open" reason="syn-ack" reason_ttl="51"/></port></ports></host>
<host endtime="1733434510"><address addr="202.46.250.224" addrtype="ipv4"/><ports><port protocol="tcp" portid="5060"><state state="open" reason="syn-ack" reason_ttl="50"/></port></ports></host>
<host endtime="1733434514"><address addr="202.46.250.0" addrtype="ipv4"/><ports><port protocol="tcp" portid="5060"><state state="open" reason="syn-ack" reason_ttl="51"/></port></ports></host>
<host endtime="1733434518"><address addr="103.224.214.36" addrtype="ipv4"/><ports><port protocol="tcp" portid="5060"><state state="open" reason="syn-ack" reason_ttl="48"/></port></ports></host>
<host endtime="1733434518"><address addr="202.46.11.96" addrtype="ipv4"/><ports><port protocol="tcp" portid="5060"><state state="open" reason="syn-ack" reason_ttl="50"/></port></ports></host>
<host endtime="1733434519"><address addr="202.46.8.249" addrtype="ipv4"/><ports><port protocol="tcp" portid="5060"><state state="open" reason="syn-ack" reason_ttl="50"/></port></ports></host>
<host endtime="1733434520"><address addr="202.46.249.132" addrtype="ipv4"/><ports><port protocol="tcp" portid="5060"><state state="open" reason="syn-ack" reason_ttl="51"/></port></ports></host>
<host endtime="1733434522"><address addr="202.46.10.28" addrtype="ipv4"/><ports><port protocol="tcp" portid="5060"><state state="open" reason="syn-ack" reason_ttl="50"/></port></ports></host>
<host endtime="1733434525"><address addr="202.46.254.233" addrtype="ipv4"/><ports><port protocol="tcp" portid="5060"><state state="open" reason="syn-ack" reason_ttl="50"/></port></ports></host>
<host endtime="1733434527"><address addr="199.123.24.221" addrtype="ipv4"/><ports><port protocol="tcp" portid="5060"><state state="open" reason="syn-ack" reason_ttl="229"/></port></ports></host>
<host endtime="1733434527"><address addr="199.123.24.243" addrtype="ipv4"/><ports><port protocol="tcp" portid="5060"><state state="open" reason="syn-ack" reason_ttl="229"/></port></ports></host>
<host endtime="1733434528"><address addr="202.46.15.138" addrtype="ipv4"/><ports><port protocol="tcp" portid="5060"><state state="open" reason="syn-ack" reason_ttl="50"/></port></ports></host>
<host endtime="1733434528"><address addr="199.123.24.182" addrtype="ipv4"/><ports><port protocol="tcp" portid="5060"><state state="open" reason="syn-ack" reason_ttl="229"/></port></ports></host>
<host endtime="1733434535"><address addr="202.46.245.79" addrtype="ipv4"/><ports><port protocol="tcp" portid="5060"><state state="open" reason="syn-ack" reason_ttl="51"/></port></ports></host>
<host endtime="1733434535"><address addr="103.224.214.217" addrtype="ipv4"/><ports><port protocol="tcp" portid="5060"><state state="open" reason="syn-ack" reason_ttl="48"/></port></ports></host>
<host endtime="1733434539"><address addr="202.46.3.200" addrtype="ipv4"/><ports><port protocol="tcp" portid="5060"><state state="open" reason="syn-ack" reason_ttl="51"/></port></ports></host>
<host endtime="1733434540"><address addr="202.46.250.5" addrtype="ipv4"/><ports><port protocol="tcp" portid="5060"><state state="open" reason="syn-ack" reason_ttl="51"/></port></ports></host>
<host endtime="1733434550"><address addr="103.224.214.123" addrtype="ipv4"/><ports><port protocol="tcp" portid="5060"><state state="open" reason="syn-ack" reason_ttl="48"/></port></ports></host>
<host endtime="1733434550"><address addr="202.46.11.53" addrtype="ipv4"/><ports><port protocol="tcp" portid="5060"><state state="open" reason="syn-ack" reason_ttl="50"/></port></ports></host>
<host endtime="1733434552"><address addr="202.46.4.27" addrtype="ipv4"/><ports><port protocol="tcp" portid="5060"><state state="open" reason="syn-ack" reason_ttl="51"/></port></ports></host>
<host endtime="1733434554"><address addr="202.46.4.126" addrtype="ipv4"/><ports><port protocol="tcp" portid="5060"><state state="open" reason="syn-ack" reason_ttl="51"/></port></ports></host>
<host endtime="1733434554"><address addr="202.46.12.41" addrtype="ipv4"/><ports><port protocol="tcp" portid="5060"><state state="open" reason="syn-ack" reason_ttl="50"/></port></ports></host>
<host endtime="1733434555"><address addr="202.46.251.148" addrtype="ipv4"/><ports><port protocol="tcp" portid="5060"><state state="open" reason="syn-ack" reason_ttl="51"/></port></ports></host>
<host endtime="1733434561"><address addr="202.46.242.70" addrtype="ipv4"/><ports><port protocol="tcp" portid="5060"><state state="open" reason="syn-ack" reason_ttl="51"/></port></ports></host>
<host endtime="1733434561"><address addr="202.46.245.176" addrtype="ipv4"/><ports><port protocol="tcp" portid="5060"><state state="open" reason="syn-ack" reason_ttl="51"/></port></ports></host>
<host endtime="1733434561"><address addr="202.46.246.192" addrtype="ipv4"/><ports><port protocol="tcp" portid="5060"><state state="open" reason="syn-ack" reason_ttl="51"/></port></ports></host>
<host endtime="1733434564"><address addr="202.46.15.245" addrtype="ipv4"/><ports><port protocol="tcp" portid="5060"><state state="open" reason="syn-ack" reason_ttl="50"/></port></ports></host>
<host endtime="1733434564"><address addr="202.46.243.27" addrtype="ipv4"/><ports><port protocol="tcp" portid="5060"><state state="open" reason="syn-ack" reason_ttl="50"/></port></ports></host>
<host endtime="1733434570"><address addr="202.46.3.86" addrtype="ipv4"/><ports><port protocol="tcp" portid="5060"><state state="open" reason="syn-ack" reason_ttl="50"/></port></ports></host>
<host endtime="1733434571"><address addr="199.123.27.217" addrtype="ipv4"/><ports><port protocol="tcp" portid="5060"><state state="open" reason="syn-ack" reason_ttl="229"/></port></ports></host>
<host endtime="1733434575"><address addr="199.123.24.80" addrtype="ipv4"/><ports><port protocol="tcp" portid="5060"><state state="open" reason="syn-ack" reason_ttl="229"/></port></ports></host>
<host endtime="1733434578"><address addr="202.46.3.221" addrtype="ipv4"/><ports><port protocol="tcp" portid="5060"><state state="open" reason="syn-ack" reason_ttl="50"/></port></ports></host>
<host endtime="1733434581"><address addr="202.46.246.96" addrtype="ipv4"/><ports><port protocol="tcp" portid="5060"><state state="open" reason="syn-ack" reason_ttl="51"/></port></ports></host>
<host endtime="1733434581"><address addr="202.46.243.208" addrtype="ipv4"/><ports><port protocol="tcp" portid="5060"><state state="open" reason="syn-ack" reason_ttl="50"/></port></ports></host>
<host endtime="1733434582"><address addr="202.46.13.226" addrtype="ipv4"/><ports><port protocol="tcp" portid="5060"><state state="open" reason="syn-ack" reason_ttl="50"/></port></ports></host>
<host endtime="1733434586"><address addr="202.46.249.108" addrtype="ipv4"/><ports><port protocol="tcp" portid="5060"><state state="open" reason="syn-ack" reason_ttl="50"/></port></ports></host>
<host endtime="1733434587"><address addr="103.224.215.76" addrtype="ipv4"/><ports><port protocol="tcp" portid="5060"><state state="open" reason="syn-ack" reason_ttl="48"/></port></ports></host>
<host endtime="1733434590"><address addr="103.83.19.70" addrtype="ipv4"/><ports><port protocol="tcp" portid="5060"><state state="open" reason="syn-ack" reason_ttl="48"/></port></ports></host>
<host endtime="1733434591"><address addr="103.224.215.243" addrtype="ipv4"/><ports><port protocol="tcp" portid="5060"><state state="open" reason="syn-ack" reason_ttl="48"/></port></ports></host>
<host endtime="1733434593"><address addr="202.46.1.87" addrtype="ipv4"/><ports><port protocol="tcp" portid="5060"><state state="open" reason="syn-ack" reason_ttl="51"/></port></ports></host>
<host endtime="1733434596"><address addr="103.83.19.177" addrtype="ipv4"/><ports><port protocol="tcp" portid="5060"><state state="open" reason="syn-ack" reason_ttl="48"/></port></ports></host>
<host endtime="1733434597"><address addr="202.46.246.141" addrtype="ipv4"/><ports><port protocol="tcp" portid="5060"><state state="open" reason="syn-ack" reason_ttl="51"/></port></ports></host>
<host endtime="1733434598"><address addr="202.46.1.74" addrtype="ipv4"/><ports><port protocol="tcp" portid="5060"><state state="open" reason="syn-ack" reason_ttl="51"/></port></ports></host>
<host endtime="1733434604"><address addr="103.177.50.88" addrtype="ipv4"/><ports><port protocol="tcp" portid="5061"><state state="open" reason="syn-ack" reason_ttl="120"/></port></ports></host>
<host endtime="1733434606"><address addr="193.103.200.238" addrtype="ipv4"/><ports><port protocol="tcp" portid="5060"><state state="open" reason="syn-ack" reason_ttl="52"/></port></ports></host>
<host endtime="1733434610"><address addr="103.224.214.134" addrtype="ipv4"/><ports><port protocol="tcp" portid="5060"><state state="open" reason="syn-ack" reason_ttl="48"/></port></ports></host>
<host endtime="1733434612"><address addr="199.201.236.131" addrtype="ipv4"/><ports><port protocol="tcp" portid="5060"><state state="open" reason="syn-ack" reason_ttl="47"/></port></ports></host>
<host endtime="1733434613"><address addr="202.46.240.93" addrtype="ipv4"/><ports><port protocol="tcp" portid="5060"><state state="open" reason="syn-ack" reason_ttl="51"/></port></ports></host>
<host endtime="1733434615"><address addr="202.46.0.70" addrtype="ipv4"/><ports><port protocol="tcp" portid="5060"><state state="open" reason="syn-ack" reason_ttl="51"/></port></ports></host>
<host endtime="1733434627"><address addr="103.83.18.254" addrtype="ipv4"/><ports><port protocol="tcp" portid="5060"><state state="open" reason="syn-ack" reason_ttl="48"/></port></ports></host>
<host endtime="1733434633"><address addr="202.46.255.216" addrtype="ipv4"/><ports><port protocol="tcp" portid="5060"><state state="open" reason="syn-ack" reason_ttl="51"/></port></ports></host>
<host endtime="1733434633"><address addr="202.46.15.94" addrtype="ipv4"/><ports><port protocol="tcp" portid="5060"><state state="open" reason="syn-ack" reason_ttl="51"/></port></ports></host>
<host endtime="1733434637"><address addr="202.46.246.121" addrtype="ipv4"/><ports><port protocol="tcp" portid="5060"><state state="open" reason="syn-ack" reason_ttl="51"/></port></ports></host>
<host endtime="1733434643"><address addr="202.46.240.160" addrtype="ipv4"/><ports><port protocol="tcp" portid="5060"><state state="open" reason="syn-ack" reason_ttl="50"/></port></ports></host>
<host endtime="1733434649"><address addr="202.46.13.235" addrtype="ipv4"/><ports><port protocol="tcp" portid="5060"><state state="open" reason="syn-ack" reason_ttl="51"/></port></ports></host>
<host endtime="1733434651"><address addr="202.46.253.229" addrtype="ipv4"/><ports><port protocol="tcp" portid="5060"><state state="open" reason="syn-ack" reason_ttl="50"/></port></ports></host>
<host endtime="1733434654"><address addr="202.46.1.219" addrtype="ipv4"/><ports><port protocol="tcp" portid="5060"><state state="open" reason="syn-ack" reason_ttl="51"/></port></ports></host>
<host endtime="1733434659"><address addr="202.46.252.39" addrtype="ipv4"/><ports><port protocol="tcp" portid="5060"><state state="open" reason="syn-ack" reason_ttl="51"/></port></ports></host>
<host endtime="1733434663"><address addr="202.46.3.7" addrtype="ipv4"/><ports><port protocol="tcp" portid="5060"><state state="open" reason="syn-ack" reason_ttl="51"/></port></ports></host>
<host endtime="1733434664"><address addr="202.46.251.255" addrtype="ipv4"/><ports><port protocol="tcp" portid="5060"><state state="open" reason="syn-ack" reason_ttl="51"/></port></ports></host>
<host endtime="1733434666"><address addr="103.83.18.12" addrtype="ipv4"/><ports><port protocol="tcp" portid="5060"><state state="open" reason="syn-ack" reason_ttl="48"/></port></ports></host>
<host endtime="1733434666"><address addr="202.46.244.104" addrtype="ipv4"/><ports><port protocol="tcp" portid="5060"><state state="open" reason="syn-ack" reason_ttl="51"/></port></ports></host>
<host endtime="1733434669"><address addr="202.46.8.36" addrtype="ipv4"/><ports><port protocol="tcp" portid="5060"><state state="open" reason="syn-ack" reason_ttl="51"/></port></ports></host>
<host endtime="1733434672"><address addr="103.224.215.139" addrtype="ipv4"/><ports><port protocol="tcp" portid="5060"><state state="open" reason="syn-ack" reason_ttl="48"/></port></ports></host>
<host endtime="1733434672"><address addr="202.46.246.155" addrtype="ipv4"/><ports><port protocol="tcp" portid="5060"><state state="open" reason="syn-ack" reason_ttl="50"/></port></ports></host>
<host endtime="1733434674"><address addr="202.46.252.149" addrtype="ipv4"/><ports><port protocol="tcp" portid="5060"><state state="open" reason="syn-ack" reason_ttl="51"/></port></ports></host>
<host endtime="1733434675"><address addr="199.201.237.177" addrtype="ipv4"/><ports><port protocol="tcp" portid="5060"><state state="open" reason="syn-ack" reason_ttl="47"/></port></ports></host>
<host endtime="1733434678"><address addr="199.123.27.223" addrtype="ipv4"/><ports><port protocol="tcp" portid="5060"><state state="open" reason="syn-ack" reason_ttl="229"/></port></ports></host>
<host endtime="1733434680"><address addr="103.83.18.152" addrtype="ipv4"/><ports><port protocol="tcp" portid="5060"><state state="open" reason="syn-ack" reason_ttl="48"/></port></ports></host>
<host endtime="1733434680"><address addr="202.46.15.208" addrtype="ipv4"/><ports><port protocol="tcp" portid="5060"><state state="open" reason="syn-ack" reason_ttl="51"/></port></ports></host>
<host endtime="1733434681"><address addr="202.46.8.180" addrtype="ipv4"/><ports><port protocol="tcp" portid="5060"><state state="open" reason="syn-ack" reason_ttl="51"/></port></ports></host>
<host endtime="1733434683"><address addr="202.46.1.9" addrtype="ipv4"/><ports><port protocol="tcp" portid="5060"><state state="open" reason="syn-ack" reason_ttl="50"/></port></ports></host>
<host endtime="1733434683"><address addr="202.46.251.30" addrtype="ipv4"/><ports><port protocol="tcp" portid="5060"><state state="open" reason="syn-ack" reason_ttl="50"/></port></ports></host>
<host endtime="1733434684"><address addr="202.46.255.154" addrtype="ipv4"/><ports><port protocol="tcp" portid="5060"><state state="open" reason="syn-ack" reason_ttl="51"/></port></ports></host>
<host endtime="1733434687"><address addr="202.46.248.116" addrtype="ipv4"/><ports><port protocol="tcp" portid="5060"><state state="open" reason="syn-ack" reason_ttl="51"/></port></ports></host>
<host endtime="1733434687"><address addr="202.46.7.177" addrtype="ipv4"/><ports><port protocol="tcp" portid="5060"><state state="open" reason="syn-ack" reason_ttl="51"/></port></ports></host>
<host endtime="1733434688"><address addr="202.46.250.15" addrtype="ipv4"/><ports><port protocol="tcp" portid="5060"><state state="open" reason="syn-ack" reason_ttl="50"/></port></ports></host>
<host endtime="1733434690"><address addr="202.46.10.189" addrtype="ipv4"/><ports><port protocol="tcp" portid="5060"><state state="open" reason="syn-ack" reason_ttl="51"/></port></ports></host>
<host endtime="1733434697"><address addr="193.103.200.181" addrtype="ipv4"/><ports><port protocol="tcp" portid="5060"><state state="open" reason="syn-ack" reason_ttl="54"/></port></ports></host>
<host endtime="1733434699"><address addr="202.46.14.158" addrtype="ipv4"/><ports><port protocol="tcp" portid="5060"><state state="open" reason="syn-ack" reason_ttl="51"/></port></ports></host>
<host endtime="1733434701"><address addr="202.46.3.99" addrtype="ipv4"/><ports><port protocol="tcp" portid="5060"><state state="open" reason="syn-ack" reason_ttl="50"/></port></ports></host>
<host endtime="1733434702"><address addr="103.224.214.115" addrtype="ipv4"/><ports><port protocol="tcp" portid="5060"><state state="open" reason="syn-ack" reason_ttl="48"/></port></ports></host>
<host endtime="1733434702"><address addr="202.46.250.124" addrtype="ipv4"/><ports><port protocol="tcp" portid="5060"><state state="open" reason="syn-ack" reason_ttl="51"/></port></ports></host>
<host endtime="1733434706"><address addr="202.46.243.180" addrtype="ipv4"/><ports><port protocol="tcp" portid="5060"><state state="open" reason="syn-ack" reason_ttl="50"/></port></ports></host>
<host endtime="1733434710"><address addr="193.103.200.6" addrtype="ipv4"/><ports><port protocol="tcp" portid="5060"><state state="open" reason="syn-ack" reason_ttl="54"/></port></ports></host>
<host endtime="1733434713"><address addr="202.46.2.99" addrtype="ipv4"/><ports><port protocol="tcp" portid="5060"><state state="open" reason="syn-ack" reason_ttl="51"/></port></ports></host>
<host endtime="1733434717"><address addr="202.46.2.98" addrtype="ipv4"/><ports><port protocol="tcp" portid="5060"><state state="open" reason="syn-ack" reason_ttl="51"/></port></ports></host>
<host endtime="1733434717"><address addr="202.46.251.53" addrtype="ipv4"/><ports><port protocol="tcp" portid="5060"><state state="open" reason="syn-ack" reason_ttl="51"/></port></ports></host>
<host endtime="1733434718"><address addr="202.46.5.16" addrtype="ipv4"/><ports><port protocol="tcp" portid="5060"><state state="open" reason="syn-ack" reason_ttl="51"/></port></ports></host>
<host endtime="1733434720"><address addr="202.46.243.248" addrtype="ipv4"/><ports><port protocol="tcp" portid="5060"><state state="open" reason="syn-ack" reason_ttl="51"/></port></ports></host>
<host endtime="1733434720"><address addr="202.46.3.146" addrtype="ipv4"/><ports><port protocol="tcp" portid="5060"><state state="open" reason="syn-ack" reason_ttl="51"/></port></ports></host>
<host endtime="1733434727"><address addr="202.46.252.57" addrtype="ipv4"/><ports><port protocol="tcp" portid="5060"><state state="open" reason="syn-ack" reason_ttl="50"/></port></ports></host>
<host endtime="1733434729"><address addr="199.201.237.111" addrtype="ipv4"/><ports><port protocol="tcp" portid="5060"><state state="open" reason="syn-ack" reason_ttl="47"/></port></ports></host>
<host endtime="1733434729"><address addr="202.46.246.108" addrtype="ipv4"/><ports><port protocol="tcp" portid="5060"><state state="open" reason="syn-ack" reason_ttl="51"/></port></ports></host>
<host endtime="1733434730"><address addr="202.46.242.165" addrtype="ipv4"/><ports><port protocol="tcp" portid="5060"><state state="open" reason="syn-ack" reason_ttl="51"/></port></ports></host>
<host endtime="1733434734"><address addr="202.46.244.97" addrtype="ipv4"/><ports><port protocol="tcp" portid="5060"><state state="open" reason="syn-ack" reason_ttl="50"/></port></ports></host>
<host endtime="1733434735"><address addr="202.46.8.67" addrtype="ipv4"/><ports><port protocol="tcp" portid="5060"><state state="open" reason="syn-ack" reason_ttl="50"/></port></ports></host>
<host endtime="1733434735"><address addr="202.46.250.41" addrtype="ipv4"/><ports><port protocol="tcp" portid="5060"><state state="open" reason="syn-ack" reason_ttl="50"/></port></ports></host>
<host endtime="1733434742"><address addr="202.46.15.34" addrtype="ipv4"/><ports><port protocol="tcp" portid="5060"><state state="open" reason="syn-ack" reason_ttl="51"/></port></ports></host>
<host endtime="1733434748"><address addr="202.46.240.214" addrtype="ipv4"/><ports><port protocol="tcp" portid="5060"><state state="open" reason="syn-ack" reason_ttl="50"/></port></ports></host>
<host endtime="1733434749"><address addr="202.46.3.12" addrtype="ipv4"/><ports><port protocol="tcp" portid="5060"><state state="open" reason="syn-ack" reason_ttl="51"/></port></ports></host>
<host endtime="1733434749"><address addr="193.103.200.248" addrtype="ipv4"/><ports><port protocol="tcp" portid="5060"><state state="open" reason="syn-ack" reason_ttl="54"/></port></ports></host>
<host endtime="1733434750"><address addr="202.46.1.173" addrtype="ipv4"/><ports><port protocol="tcp" portid="5060"><state state="open" reason="syn-ack" reason_ttl="50"/></port></ports></host>
<host endtime="1733434750"><address addr="202.46.4.7" addrtype="ipv4"/><ports><port protocol="tcp" portid="5060"><state state="open" reason="syn-ack" reason_ttl="51"/></port></ports></host>
<host endtime="1733434751"><address addr="202.46.8.236" addrtype="ipv4"/><ports><port protocol="tcp" portid="5060"><state state="open" reason="syn-ack" reason_ttl="51"/></port></ports></host>
<host endtime="1733434757"><address addr="193.98.229.119" addrtype="ipv4"/><ports><port protocol="tcp" portid="5060"><state state="open" reason="syn-ack" reason_ttl="47"/></port></ports></host>
<host endtime="1733434759"><address addr="103.224.214.20" addrtype="ipv4"/><ports><port protocol="tcp" portid="5060"><state state="open" reason="syn-ack" reason_ttl="48"/></port></ports></host>
<host endtime="1733434759"><address addr="202.46.15.156" addrtype="ipv4"/><ports><port protocol="tcp" portid="5060"><state state="open" reason="syn-ack" reason_ttl="51"/></port></ports></host>
<host endtime="1733434762"><address addr="202.46.252.8" addrtype="ipv4"/><ports><port protocol="tcp" portid="5060"><state state="open" reason="syn-ack" reason_ttl="51"/></port></ports></host>
<host endtime="1733434762"><address addr="202.46.247.248" addrtype="ipv4"/><ports><port protocol="tcp" portid="5060"><state state="open" reason="syn-ack" reason_ttl="51"/></port></ports></host>
<host endtime="1733434768"><address addr="103.177.50.72" addrtype="ipv4"/><ports><port protocol="tcp" portid="5060"><state state="open" reason="syn-ack" reason_ttl="121"/></port></ports></host>
<host endtime="1733434768"><address addr="202.46.5.227" addrtype="ipv4"/><ports><port protocol="tcp" portid="5060"><state state="open" reason="syn-ack" reason_ttl="51"/></port></ports></host>
<host endtime="1733434769"><address addr="194.174.74.122" addrtype="ipv4"/><ports><port protocol="tcp" portid="5060"><state state="open" reason="syn-ack" reason_ttl="238"/></port></ports></host>
<host endtime="1733434773"><address addr="202.46.245.130" addrtype="ipv4"/><ports><port protocol="tcp" portid="5060"><state state="open" reason="syn-ack" reason_ttl="51"/></port></ports></host>
<host endtime="1733434775"><address addr="202.46.241.83" addrtype="ipv4"/><ports><port protocol="tcp" portid="5060"><state state="open" reason="syn-ack" reason_ttl="50"/></port></ports></host>
<host endtime="1733434780"><address addr="202.46.243.94" addrtype="ipv4"/><ports><port protocol="tcp" portid="5060"><state state="open" reason="syn-ack" reason_ttl="51"/></port></ports></host>
<host endtime="1733434780"><address addr="202.46.250.16" addrtype="ipv4"/><ports><port protocol="tcp" portid="5060"><state state="open" reason="syn-ack" reason_ttl="50"/></port></ports></host>
<host endtime="1733434783"><address addr="202.46.245.53" addrtype="ipv4"/><ports><port protocol="tcp" portid="5060"><state state="open" reason="syn-ack" reason_ttl="50"/></port></ports></host>
<host endtime="1733434784"><address addr="202.46.241.229" addrtype="ipv4"/><ports><port protocol="tcp" portid="5060"><state state="open" reason="syn-ack" reason_ttl="51"/></port></ports></host>
<host endtime="1733434786"><address addr="199.123.24.95" addrtype="ipv4"/><ports><port protocol="tcp" portid="5060"><state state="open" reason="syn-ack" reason_ttl="229"/></port></ports></host>
<host endtime="1733434788"><address addr="202.46.241.188" addrtype="ipv4"/><ports><port protocol="tcp" portid="5060"><state state="open" reason="syn-ack" reason_ttl="51"/></port></ports></host>
<host endtime="1733434789"><address addr="199.201.236.17" addrtype="ipv4"/><ports><port protocol="tcp" portid="5060"><state state="open" reason="syn-ack" reason_ttl="47"/></port></ports></host>
<host endtime="1733434789"><address addr="202.46.243.218" addrtype="ipv4"/><ports><port protocol="tcp" portid="5060"><state state="open" reason="syn-ack" reason_ttl="51"/></port></ports></host>
<host endtime="1733434789"><address addr="202.46.3.61" addrtype="ipv4"/><ports><port protocol="tcp" portid="5060"><state state="open" reason="syn-ack" reason_ttl="51"/></port></ports></host>
<host endtime="1733434790"><address addr="199.123.25.150" addrtype="ipv4"/><ports><port protocol="tcp" portid="5060"><state state="open" reason="syn-ack" reason_ttl="229"/></port></ports></host>
<host endtime="1733434798"><address addr="193.103.200.225" addrtype="ipv4"/><ports><port protocol="tcp" portid="5060"><state state="open" reason="syn-ack" reason_ttl="54"/></port></ports></host>
<host endtime="1733434798"><address addr="202.46.242.101" addrtype="ipv4"/><ports><port protocol="tcp" portid="5060"><state state="open" reason="syn-ack" reason_ttl="51"/></port></ports></host>
<host endtime="1733434801"><address addr="202.46.1.152" addrtype="ipv4"/><ports><port protocol="tcp" portid="5060"><state state="open" reason="syn-ack" reason_ttl="51"/></port></ports></host>
<host endtime="1733434804"><address addr="202.46.2.175" addrtype="ipv4"/><ports><port protocol="tcp" portid="5060"><state state="open" reason="syn-ack" reason_ttl="50"/></port></ports></host>
<host endtime="1733434807"><address addr="202.46.250.177" addrtype="ipv4"/><ports><port protocol="tcp" portid="5060"><state state="open" reason="syn-ack" reason_ttl="51"/></port></ports></host>
<host endtime="1733434810"><address addr="202.46.251.150" addrtype="ipv4"/><ports><port protocol="tcp" portid="5060"><state state="open" reason="syn-ack" reason_ttl="50"/></port></ports></host>
<host endtime="1733434811"><address addr="193.98.229.202" addrtype="ipv4"/><ports><port protocol="tcp" portid="5061"><state state="open" reason="syn-ack" reason_ttl="47"/></port></ports></host>
<host endtime="1733434819"><address addr="193.98.229.59" addrtype="ipv4"/><ports><port protocol="tcp" portid="5061"><state state="open" reason="syn-ack" reason_ttl="47"/></port></ports></host>
<host endtime="1733434820"><address addr="103.110.62.52" addrtype="ipv4"/><ports><port protocol="tcp" portid="5061"><state state="open" reason="syn-ack" reason_ttl="242"/></port></ports></host>
<host endtime="1733434821"><address addr="199.123.25.16" addrtype="ipv4"/><ports><port protocol="tcp" portid="5060"><state state="open" reason="syn-ack" reason_ttl="229"/></port></ports></host>
<host endtime="1733434821"><address addr="202.46.8.34" addrtype="ipv4"/><ports><port protocol="tcp" portid="5060"><state state="open" reason="syn-ack" reason_ttl="50"/></port></ports></host>
<host endtime="1733434828"><address addr="202.46.250.64" addrtype="ipv4"/><ports><port protocol="tcp" portid="5060"><state state="open" reason="syn-ack" reason_ttl="51"/></port></ports></host>
<host endtime="1733434830"><address addr="202.46.242.102" addrtype="ipv4"/><ports><port protocol="tcp" portid="5060"><state state="open" reason="syn-ack" reason_ttl="50"/></port></ports></host>
<host endtime="1733434833"><address addr="199.123.25.214" addrtype="ipv4"/><ports><port protocol="tcp" portid="5060"><state state="open" reason="syn-ack" reason_ttl="229"/></port></ports></host>
<host endtime="1733434838"><address addr="202.46.250.218" addrtype="ipv4"/><ports><port protocol="tcp" portid="5060"><state state="open" reason="syn-ack" reason_ttl="51"/></port></ports></host>
<host endtime="1733434840"><address addr="202.46.13.221" addrtype="ipv4"/><ports><port protocol="tcp" portid="5060"><state state="open" reason="syn-ack" reason_ttl="50"/></port></ports></host>
<host endtime="1733434844"><address addr="202.46.244.150" addrtype="ipv4"/><ports><port protocol="tcp" portid="5060"><state state="open" reason="syn-ack" reason_ttl="51"/></port></ports></host>
<host endtime="1733434849"><address addr="103.96.77.2" addrtype="ipv4"/><ports><port protocol="tcp" portid="5060"><state state="open" reason="syn-ack" reason_ttl="45"/></port></ports></host>
<host endtime="1733434850"><address addr="202.46.6.81" addrtype="ipv4"/><ports><port protocol="tcp" portid="5060"><state state="open" reason="syn-ack" reason_ttl="51"/></port></ports></host>
<host endtime="1733434850"><address addr="202.46.248.26" addrtype="ipv4"/><ports><port protocol="tcp" portid="5060"><state state="open" reason="syn-ack" reason_ttl="51"/></port></ports></host>
<host endtime="1733434855"><address addr="41.204.239.106" addrtype="ipv4"/><ports><port protocol="tcp" portid="5061"><state state="open" reason="syn-ack" reason_ttl="47"/></port></ports></host>
<host endtime="1733434856"><address addr="199.123.26.253" addrtype="ipv4"/><ports><port protocol="tcp" portid="5060"><state state="open" reason="syn-ack" reason_ttl="229"/></port></ports></host>
<host endtime="1733434863"><address addr="202.46.10.71" addrtype="ipv4"/><ports><port protocol="tcp" portid="5060"><state state="open" reason="syn-ack" reason_ttl="51"/></port></ports></host>
<host endtime="1733434865"><address addr="199.123.25.132" addrtype="ipv4"/><ports><port protocol="tcp" portid="5060"><state state="open" reason="syn-ack" reason_ttl="229"/></port></ports></host>
<host endtime="1733434867"><address addr="202.46.4.22" addrtype="ipv4"/><ports><port protocol="tcp" portid="5060"><state state="open" reason="syn-ack" reason_ttl="50"/></port></ports></host>
<host endtime="1733434869"><address addr="103.83.18.63" addrtype="ipv4"/><ports><port protocol="tcp" portid="5060"><state state="open" reason="syn-ack" reason_ttl="48"/></port></ports></host>
<host endtime="1733434878"><address addr="202.46.243.131" addrtype="ipv4"/><ports><port protocol="tcp" portid="5060"><state state="open" reason="syn-ack" reason_ttl="50"/></port></ports></host>
<host endtime="1733434880"><address addr="202.46.251.102" addrtype="ipv4"/><ports><port protocol="tcp" portid="5060"><state state="open" reason="syn-ack" reason_ttl="51"/></port></ports></host>
<host endtime="1733434880"><address addr="202.46.242.98" addrtype="ipv4"/><ports><port protocol="tcp" portid="5060"><state state="open" reason="syn-ack" reason_ttl="50"/></port></ports></host>
<host endtime="1733434883"><address addr="202.46.240.63" addrtype="ipv4"/><ports><port protocol="tcp" portid="5060"><state state="open" reason="syn-ack" reason_ttl="51"/></port></ports></host>
<host endtime="1733434886"><address addr="199.123.27.230" addrtype="ipv4"/><ports><port protocol="tcp" portid="5060"><state state="open" reason="syn-ack" reason_ttl="229"/></port></ports></host>
<host endtime="1733434889"><address addr="103.83.19.165" addrtype="ipv4"/><ports><port protocol="tcp" portid="5060"><state state="open" reason="syn-ack" reason_ttl="48"/></port></ports></host>
<host endtime="1733434890"><address addr="202.46.254.240" addrtype="ipv4"/><ports><port protocol="tcp" portid="5060"><state state="open" reason="syn-ack" reason_ttl="50"/></port></ports></host>
<host endtime="1733434891"><address addr="202.46.255.57" addrtype="ipv4"/><ports><port protocol="tcp" portid="5060"><state state="open" reason="syn-ack" reason_ttl="51"/></port></ports></host>
<host endtime="1733434894"><address addr="202.46.8.181" addrtype="ipv4"/><ports><port protocol="tcp" portid="5060"><state state="open" reason="syn-ack" reason_ttl="51"/></port></ports></host>
<host endtime="1733434898"><address addr="202.46.14.11" addrtype="ipv4"/><ports><port protocol="tcp" portid="5060"><state state="open" reason="syn-ack" reason_ttl="50"/></port></ports></host>
<host endtime="1733434900"><address addr="199.201.237.234" addrtype="ipv4"/><ports><port protocol="tcp" portid="5060"><state state="open" reason="syn-ack" reason_ttl="47"/></port></ports></host>
<host endtime="1733434903"><address addr="202.46.13.85" addrtype="ipv4"/><ports><port protocol="tcp" portid="5060"><state state="open" reason="syn-ack" reason_ttl="51"/></port></ports></host>
<host endtime="1733434904"><address addr="199.201.237.60" addrtype="ipv4"/><ports><port protocol="tcp" portid="5060"><state state="open" reason="syn-ack" reason_ttl="47"/></port></ports></host>
<host endtime="1733434916"><address addr="202.46.243.105" addrtype="ipv4"/><ports><port protocol="tcp" portid="5060"><state state="open" reason="syn-ack" reason_ttl="51"/></port></ports></host>
<host endtime="1733434916"><address addr="202.46.3.108" addrtype="ipv4"/><ports><port protocol="tcp" portid="5060"><state state="open" reason="syn-ack" reason_ttl="51"/></port></ports></host>
<host endtime="1733434916"><address addr="202.46.3.232" addrtype="ipv4"/><ports><port protocol="tcp" portid="5060"><state state="open" reason="syn-ack" reason_ttl="50"/></port></ports></host>
<host endtime="1733434917"><address addr="103.224.214.168" addrtype="ipv4"/><ports><port protocol="tcp" portid="5060"><state state="open" reason="syn-ack" reason_ttl="48"/></port></ports></host>
<host endtime="1733434918"><address addr="202.46.240.59" addrtype="ipv4"/><ports><port protocol="tcp" portid="5060"><state state="open" reason="syn-ack" reason_ttl="51"/></port></ports></host>
<host endtime="1733434919"><address addr="103.83.19.7" addrtype="ipv4"/><ports><port protocol="tcp" portid="5060"><state state="open" reason="syn-ack" reason_ttl="48"/></port></ports></host>
<host endtime="1733434922"><address addr="193.98.229.147" addrtype="ipv4"/><ports><port protocol="tcp" portid="5060"><state state="open" reason="syn-ack" reason_ttl="49"/></port></ports></host>
<host endtime="1733434923"><address addr="199.201.237.222" addrtype="ipv4"/><ports><port protocol="tcp" portid="5060"><state state="open" reason="syn-ack" reason_ttl="47"/></port></ports></host>
<host endtime="1733434929"><address addr="202.46.249.74" addrtype="ipv4"/><ports><port protocol="tcp" portid="5060"><state state="open" reason="syn-ack" reason_ttl="51"/></port></ports></host>
<host endtime="1733434930"><address addr="202.46.4.44" addrtype="ipv4"/><ports><port protocol="tcp" portid="5060"><state state="open" reason="syn-ack" reason_ttl="51"/></port></ports></host>
<host endtime="1733434931"><address addr="202.46.249.156" addrtype="ipv4"/><ports><port protocol="tcp" portid="5060"><state state="open" reason="syn-ack" reason_ttl="51"/></port></ports></host>
<host endtime="1733434932"><address addr="199.201.236.176" addrtype="ipv4"/><ports><port protocol="tcp" portid="5060"><state state="open" reason="syn-ack" reason_ttl="47"/></port></ports></host>
<host endtime="1733434935"><address addr="103.83.19.80" addrtype="ipv4"/><ports><port protocol="tcp" portid="5060"><state state="open" reason="syn-ack" reason_ttl="48"/></port></ports></host>
<host endtime="1733434937"><address addr="202.46.242.19" addrtype="ipv4"/><ports><port protocol="tcp" portid="5060"><state state="open" reason="syn-ack" reason_ttl="51"/></port></ports></host>
<host endtime="1733434938"><address addr="197.231.249.13" addrtype="ipv4"/><ports><port protocol="tcp" portid="5060"><state state="open" reason="syn-ack" reason_ttl="44"/></port></ports></host>
<host endtime="1733434941"><address addr="202.46.8.175" addrtype="ipv4"/><ports><port protocol="tcp" portid="5060"><state state="open" reason="syn-ack" reason_ttl="50"/></port></ports></host>
<host endtime="1733434941"><address addr="202.46.13.30" addrtype="ipv4"/><ports><port protocol="tcp" portid="5060"><state state="open" reason="syn-ack" reason_ttl="51"/></port></ports></host>
<host endtime="1733434942"><address addr="202.46.243.98" addrtype="ipv4"/><ports><port protocol="tcp" portid="5060"><state state="open" reason="syn-ack" reason_ttl="50"/></port></ports></host>
<host endtime="1733434944"><address addr="199.123.26.246" addrtype="ipv4"/><ports><port protocol="tcp" portid="5060"><state state="open" reason="syn-ack" reason_ttl="229"/></port></ports></host>
<host endtime="1733434945"><address addr="103.224.215.62" addrtype="ipv4"/><ports><port protocol="tcp" portid="5060"><state state="open" reason="syn-ack" reason_ttl="48"/></port></ports></host>
<host endtime="1733434947"><address addr="202.46.6.148" addrtype="ipv4"/><ports><port protocol="tcp" portid="5060"><state state="open" reason="syn-ack" reason_ttl="50"/></port></ports></host>
<host endtime="1733434949"><address addr="103.224.215.238" addrtype="ipv4"/><ports><port protocol="tcp" portid="5060"><state state="open" reason="syn-ack" reason_ttl="48"/></port></ports></host>
<host endtime="1733434950"><address addr="103.224.214.220" addrtype="ipv4"/><ports><port protocol="tcp" portid="5060"><state state="open" reason="syn-ack" reason_ttl="48"/></port></ports></host>
<host endtime="1733434951"><address addr="41.138.192.53" addrtype="ipv4"/><ports><port protocol="tcp" portid="5060"><state state="open" reason="syn-ack" reason_ttl="43"/></port></ports></host>
<host endtime="1733434952"><address addr="103.83.18.157" addrtype="ipv4"/><ports><port protocol="tcp" portid="5060"><state state="open" reason="syn-ack" reason_ttl="48"/></port></ports></host>
<host endtime="1733434952"><address addr="202.46.255.32" addrtype="ipv4"/><ports><port protocol="tcp" portid="5060"><state state="open" reason="syn-ack" reason_ttl="50"/></port></ports></host>
<host endtime="1733434954"><address addr="193.103.200.157" addrtype="ipv4"/><ports><port protocol="tcp" portid="5060"><state state="open" reason="syn-ack" reason_ttl="54"/></port></ports></host>
<host endtime="1733434954"><address addr="202.46.2.223" addrtype="ipv4"/><ports><port protocol="tcp" portid="5060"><state state="open" reason="syn-ack" reason_ttl="50"/></port></ports></host>
<host endtime="1733434954"><address addr="199.201.237.107" addrtype="ipv4"/><ports><port protocol="tcp" portid="5060"><state state="open" reason="syn-ack" reason_ttl="47"/></port></ports></host>
<host endtime="1733434965"><address addr="193.98.229.60" addrtype="ipv4"/><ports><port protocol="tcp" portid="5060"><state state="open" reason="syn-ack" reason_ttl="44"/></port></ports></host>
<host endtime="1733434971"><address addr="202.46.2.196" addrtype="ipv4"/><ports><port protocol="tcp" portid="5060"><state state="open" reason="syn-ack" reason_ttl="51"/></port></ports></host>
<host endtime="1733434973"><address addr="202.46.15.112" addrtype="ipv4"/><ports><port protocol="tcp" portid="5060"><state state="open" reason="syn-ack" reason_ttl="50"/></port></ports></host>
<host endtime="1733434973"><address addr="202.46.248.65" addrtype="ipv4"/><ports><port protocol="tcp" portid="5060"><state state="open" reason="syn-ack" reason_ttl="51"/></port></ports></host>
<host endtime="1733434976"><address addr="202.46.252.150" addrtype="ipv4"/><ports><port protocol="tcp" portid="5060"><state state="open" reason="syn-ack" reason_ttl="51"/></port></ports></host>
<host endtime="1733434977"><address addr="193.98.116.227" addrtype="ipv4"/><ports><port protocol="tcp" portid="5060"><state state="open" reason="syn-ack" reason_ttl="49"/></port></ports></host>
<host endtime="1733434978"><address addr="202.46.14.136" addrtype="ipv4"/><ports><port protocol="tcp" portid="5060"><state state="open" reason="syn-ack" reason_ttl="51"/></port></ports></host>
<host endtime="1733434979"><address addr="202.46.251.191" addrtype="ipv4"/><ports><port protocol="tcp" portid="5060"><state state="open" reason="syn-ack" reason_ttl="51"/></port></ports></host>
<host endtime="1733434980"><address addr="199.201.237.196" addrtype="ipv4"/><ports><port protocol="tcp" portid="5060"><state state="open" reason="syn-ack" reason_ttl="47"/></port></ports></host>
<host endtime="1733434980"><address addr="103.83.18.120" addrtype="ipv4"/><ports><port protocol="tcp" portid="5060"><state state="open" reason="syn-ack" reason_ttl="48"/></port></ports></host>
<host endtime="1733434981"><address addr="202.46.247.54" addrtype="ipv4"/><ports><port protocol="tcp" portid="5060"><state state="open" reason="syn-ack" reason_ttl="51"/></port></ports></host>
<host endtime="1733434982"><address addr="202.46.8.18" addrtype="ipv4"/><ports><port protocol="tcp" portid="5060"><state state="open" reason="syn-ack" reason_ttl="51"/></port></ports></host>
<host endtime="1733434993"><address addr="202.46.14.51" addrtype="ipv4"/><ports><port protocol="tcp" portid="5060"><state state="open" reason="syn-ack" reason_ttl="51"/></port></ports></host>
<host endtime="1733434996"><address addr="202.46.240.198" addrtype="ipv4"/><ports><port protocol="tcp" portid="5060"><state state="open" reason="syn-ack" reason_ttl="51"/></port></ports></host>
<host endtime="1733434996"><address addr="193.103.200.125" addrtype="ipv4"/><ports><port protocol="tcp" portid="5060"><state state="open" reason="syn-ack" reason_ttl="52"/></port></ports></host>
<host endtime="1733434998"><address addr="202.46.240.98" addrtype="ipv4"/><ports><port protocol="tcp" portid="5060"><state state="open" reason="syn-ack" reason_ttl="50"/></port></ports></host>
<host endtime="1733435002"><address addr="199.201.237.41" addrtype="ipv4"/><ports><port protocol="tcp" portid="5060"><state state="open" reason="syn-ack" reason_ttl="47"/></port></ports></host>
<host endtime="1733435002"><address addr="199.201.236.231" addrtype="ipv4"/><ports><port protocol="tcp" portid="5060"><state state="open" reason="syn-ack" reason_ttl="47"/></port></ports></host>
<host endtime="1733435004"><address addr="193.103.200.223" addrtype="ipv4"/><ports><port protocol="tcp" portid="5060"><state state="open" reason="syn-ack" reason_ttl="52"/></port></ports></host>
<host endtime="1733435004"><address addr="202.46.252.207" addrtype="ipv4"/><ports><port protocol="tcp" portid="5060"><state state="open" reason="syn-ack" reason_ttl="50"/></port></ports></host>
<host endtime="1733435004"><address addr="202.46.252.105" addrtype="ipv4"/><ports><port protocol="tcp" portid="5060"><state state="open" reason="syn-ack" reason_ttl="51"/></port></ports></host>
<host endtime="1733435005"><address addr="199.201.237.185" addrtype="ipv4"/><ports><port protocol="tcp" portid="5060"><state state="open" reason="syn-ack" reason_ttl="47"/></port></ports></host>
<host endtime="1733435008"><address addr="202.46.2.25" addrtype="ipv4"/><ports><port protocol="tcp" portid="5060"><state state="open" reason="syn-ack" reason_ttl="51"/></port></ports></host>
<host endtime="1733435010"><address addr="202.46.3.159" addrtype="ipv4"/><ports><port protocol="tcp" portid="5060"><state state="open" reason="syn-ack" reason_ttl="50"/></port></ports></host>
<host endtime="1733435011"><address addr="202.46.244.82" addrtype="ipv4"/><ports><port protocol="tcp" portid="5060"><state state="open" reason="syn-ack" reason_ttl="51"/></port></ports></host>
<host endtime="1733435013"><address addr="202.46.14.126" addrtype="ipv4"/><ports><port protocol="tcp" portid="5060"><state state="open" reason="syn-ack" reason_ttl="51"/></port></ports></host>
<host endtime="1733435013"><address addr="103.83.19.93" addrtype="ipv4"/><ports><port protocol="tcp" portid="5060"><state state="open" reason="syn-ack" reason_ttl="48"/></port></ports></host>
<host endtime="1733435014"><address addr="202.46.255.27" addrtype="ipv4"/><ports><port protocol="tcp" portid="5060"><state state="open" reason="syn-ack" reason_ttl="51"/></port></ports></host>
<host endtime="1733435015"><address addr="202.46.9.21" addrtype="ipv4"/><ports><port protocol="tcp" portid="5060"><state state="open" reason="syn-ack" reason_ttl="50"/></port></ports></host>
<host endtime="1733435016"><address addr="202.46.13.96" addrtype="ipv4"/><ports><port protocol="tcp" portid="5060"><state state="open" reason="syn-ack" reason_ttl="51"/></port></ports></host>
<host endtime="1733435016"><address addr="103.224.214.31" addrtype="ipv4"/><ports><port protocol="tcp" portid="5060"><state state="open" reason="syn-ack" reason_ttl="48"/></port></ports></host>
<host endtime="1733435017"><address addr="202.46.1.139" addrtype="ipv4"/><ports><port protocol="tcp" portid="5060"><state state="open" reason="syn-ack" reason_ttl="51"/></port></ports></host>
<host endtime="1733435019"><address addr="202.46.13.94" addrtype="ipv4"/><ports><port protocol="tcp" portid="5060"><state state="open" reason="syn-ack" reason_ttl="51"/></port></ports></host>
<host endtime="1733435021"><address addr="199.123.27.94" addrtype="ipv4"/><ports><port protocol="tcp" portid="5060"><state state="open" reason="syn-ack" reason_ttl="229"/></port></ports></host>
<host endtime="1733435025"><address addr="202.46.10.131" addrtype="ipv4"/><ports><port protocol="tcp" portid="5060"><state state="open" reason="syn-ack" reason_ttl="51"/></port></ports></host>
<host endtime="1733435025"><address addr="202.46.248.203" addrtype="ipv4"/><ports><port protocol="tcp" portid="5060"><state state="open" reason="syn-ack" reason_ttl="51"/></port></ports></host>
<host endtime="1733435026"><address addr="202.46.248.243" addrtype="ipv4"/><ports><port protocol="tcp" portid="5060"><state state="open" reason="syn-ack" reason_ttl="51"/></port></ports></host>
<host endtime="1733435028"><address addr="202.46.0.218" addrtype="ipv4"/><ports><port protocol="tcp" portid="5060"><state state="open" reason="syn-ack" reason_ttl="51"/></port></ports></host>
<host endtime="1733435030"><address addr="202.46.243.161" addrtype="ipv4"/><ports><port protocol="tcp" portid="5060"><state state="open" reason="syn-ack" reason_ttl="50"/></port></ports></host>
<host endtime="1733435030"><address addr="199.201.236.155" addrtype="ipv4"/><ports><port protocol="tcp" portid="5060"><state state="open" reason="syn-ack" reason_ttl="47"/></port></ports></host>
<host endtime="1733435032"><address addr="202.46.10.21" addrtype="ipv4"/><ports><port protocol="tcp" portid="5061"><state state="open" reason="syn-ack" reason_ttl="50"/></port></ports></host>
<host endtime="1733435033"><address addr="193.98.229.114" addrtype="ipv4"/><ports><port protocol="tcp" portid="5061"><state state="open" reason="syn-ack" reason_ttl="44"/></port></ports></host>
<host endtime="1733435033"><address addr="202.46.10.29" addrtype="ipv4"/><ports><port protocol="tcp" portid="5060"><state state="open" reason="syn-ack" reason_ttl="51"/></port></ports></host>
<host endtime="1733435035"><address addr="199.123.26.135" addrtype="ipv4"/><ports><port protocol="tcp" portid="5060"><state state="open" reason="syn-ack" reason_ttl="229"/></port></ports></host>
<host endtime="1733435036"><address addr="103.83.18.158" addrtype="ipv4"/><ports><port protocol="tcp" portid="5060"><state state="open" reason="syn-ack" reason_ttl="48"/></port></ports></host>
<host endtime="1733435036"><address addr="199.123.24.203" addrtype="ipv4"/><ports><port protocol="tcp" portid="5060"><state state="open" reason="syn-ack" reason_ttl="229"/></port></ports></host>
<host endtime="1733435038"><address addr="202.46.244.212" addrtype="ipv4"/><ports><port protocol="tcp" portid="5060"><state state="open" reason="syn-ack" reason_ttl="51"/></port></ports></host>
<host endtime="1733435038"><address addr="202.46.5.240" addrtype="ipv4"/><ports><port protocol="tcp" portid="5060"><state state="open" reason="syn-ack" reason_ttl="50"/></port></ports></host>
<host endtime="1733435041"><address addr="202.46.10.173" addrtype="ipv4"/><ports><port protocol="tcp" portid="5060"><state state="open" reason="syn-ack" reason_ttl="51"/></port></ports></host>
<host endtime="1733435043"><address addr="193.98.229.126" addrtype="ipv4"/><ports><port protocol="tcp" portid="5060"><state state="open" reason="syn-ack" reason_ttl="44"/></port></ports></host>
<host endtime="1733435044"><address addr="202.46.254.199" addrtype="ipv4"/><ports><port protocol="tcp" portid="5060"><state state="open" reason="syn-ack" reason_ttl="51"/></port></ports></host>
<host endtime="1733435044"><address addr="103.224.215.42" addrtype="ipv4"/><ports><port protocol="tcp" portid="5060"><state state="open" reason="syn-ack" reason_ttl="48"/></port></ports></host>
<host endtime="1733435044"><address addr="193.98.229.67" addrtype="ipv4"/><ports><port protocol="tcp" portid="5060"><state state="open" reason="syn-ack" reason_ttl="44"/></port></ports></host>
<host endtime="1733435046"><address addr="202.46.251.114" addrtype="ipv4"/><ports><port protocol="tcp" portid="5060"><state state="open" reason="syn-ack" reason_ttl="51"/></port></ports></host>
<host endtime="1733435048"><address addr="202.46.9.26" addrtype="ipv4"/><ports><port protocol="tcp" portid="5060"><state state="open" reason="syn-ack" reason_ttl="50"/></port></ports></host>
<host endtime="1733435058"><address addr="202.46.248.238" addrtype="ipv4"/><ports><port protocol="tcp" portid="5060"><state state="open" reason="syn-ack" reason_ttl="51"/></port></ports></host>
<host endtime="1733435065"><address addr="202.46.241.237" addrtype="ipv4"/><ports><port protocol="tcp" portid="5060"><state state="open" reason="syn-ack" reason_ttl="50"/></port></ports></host>
<host endtime="1733435066"><address addr="193.103.200.144" addrtype="ipv4"/><ports><port protocol="tcp" portid="5060"><state state="open" reason="syn-ack" reason_ttl="52"/></port></ports></host>
<host endtime="1733435069"><address addr="202.46.11.102" addrtype="ipv4"/><ports><port protocol="tcp" portid="5060"><state state="open" reason="syn-ack" reason_ttl="50"/></port></ports></host>
<host endtime="1733435071"><address addr="202.46.246.62" addrtype="ipv4"/><ports><port protocol="tcp" portid="5060"><state state="open" reason="syn-ack" reason_ttl="51"/></port></ports></host>
<host endtime="1733435078"><address addr="202.46.248.69" addrtype="ipv4"/><ports><port protocol="tcp" portid="5060"><state state="open" reason="syn-ack" reason_ttl="51"/></port></ports></host>
<host endtime="1733435079"><address addr="199.123.27.231" addrtype="ipv4"/><ports><port protocol="tcp" portid="5060"><state state="open" reason="syn-ack" reason_ttl="229"/></port></ports></host>
<host endtime="1733435079"><address addr="193.98.229.41" addrtype="ipv4"/><ports><port protocol="tcp" portid="5061"><state state="open" reason="syn-ack" reason_ttl="48"/></port></ports></host>
<host endtime="1733435079"><address addr="202.46.242.155" addrtype="ipv4"/><ports><port protocol="tcp" portid="5060"><state state="open" reason="syn-ack" reason_ttl="50"/></port></ports></host>
<host endtime="1733435080"><address addr="202.46.244.55" addrtype="ipv4"/><ports><port protocol="tcp" portid="5060"><state state="open" reason="syn-ack" reason_ttl="50"/></port></ports></host>
<host endtime="1733435080"><address addr="202.46.241.120" addrtype="ipv4"/><ports><port protocol="tcp" portid="5060"><state state="open" reason="syn-ack" reason_ttl="51"/></port></ports></host>
<host endtime="1733435080"><address addr="103.177.50.31" addrtype="ipv4"/><ports><port protocol="tcp" portid="5061"><state state="open" reason="syn-ack" reason_ttl="57"/></port></ports></host>
<host endtime="1733435083"><address addr="202.46.4.178" addrtype="ipv4"/><ports><port protocol="tcp" portid="5060"><state state="open" reason="syn-ack" reason_ttl="51"/></port></ports></host>
<host endtime="1733435088"><address addr="202.46.15.139" addrtype="ipv4"/><ports><port protocol="tcp" portid="5060"><state state="open" reason="syn-ack" reason_ttl="50"/></port></ports></host>
<host endtime="1733435092"><address addr="202.46.0.253" addrtype="ipv4"/><ports><port protocol="tcp" portid="5060"><state state="open" reason="syn-ack" reason_ttl="51"/></port></ports></host>
<host endtime="1733435092"><address addr="202.46.242.29" addrtype="ipv4"/><ports><port protocol="tcp" portid="5060"><state state="open" reason="syn-ack" reason_ttl="51"/></port></ports></host>
<host endtime="1733435094"><address addr="202.46.240.196" addrtype="ipv4"/><ports><port protocol="tcp" portid="5060"><state state="open" reason="syn-ack" reason_ttl="51"/></port></ports></host>
<host endtime="1733435103"><address addr="199.123.27.74" addrtype="ipv4"/><ports><port protocol="tcp" portid="5060"><state state="open" reason="syn-ack" reason_ttl="229"/></port></ports></host>
<host endtime="1733435104"><address addr="202.46.2.63" addrtype="ipv4"/><ports><port protocol="tcp" portid="5060"><state state="open" reason="syn-ack" reason_ttl="51"/></port></ports></host>
<host endtime="1733435106"><address addr="202.46.4.180" addrtype="ipv4"/><ports><port protocol="tcp" portid="5060"><state state="open" reason="syn-ack" reason_ttl="51"/></port></ports></host>
<host endtime="1733435111"><address addr="202.46.7.117" addrtype="ipv4"/><ports><port protocol="tcp" portid="5060"><state state="open" reason="syn-ack" reason_ttl="51"/></port></ports></host>
<host endtime="1733435112"><address addr="202.46.248.190" addrtype="ipv4"/><ports><port protocol="tcp" portid="5060"><state state="open" reason="syn-ack" reason_ttl="51"/></port></ports></host>
<host endtime="1733435113"><address addr="202.46.253.15" addrtype="ipv4"/><ports><port protocol="tcp" portid="5060"><state state="open" reason="syn-ack" reason_ttl="50"/></port></ports></host>
<host endtime="1733435113"><address addr="202.46.8.60" addrtype="ipv4"/><ports><port protocol="tcp" portid="5060"><state state="open" reason="syn-ack" reason_ttl="51"/></port></ports></host>
<host endtime="1733435115"><address addr="193.98.229.71" addrtype="ipv4"/><ports><port protocol="tcp" portid="5060"><state state="open" reason="syn-ack" reason_ttl="44"/></port></ports></host>
<host endtime="1733435116"><address addr="199.123.25.113" addrtype="ipv4"/><ports><port protocol="tcp" portid="5060"><state state="open" reason="syn-ack" reason_ttl="229"/></port></ports></host>
<host endtime="1733435116"><address addr="103.224.215.190" addrtype="ipv4"/><ports><port protocol="tcp" portid="5060"><state state="open" reason="syn-ack" reason_ttl="48"/></port></ports></host>
<host endtime="1733435117"><address addr="199.123.26.219" addrtype="ipv4"/><ports><port protocol="tcp" portid="5060"><state state="open" reason="syn-ack" reason_ttl="229"/></port></ports></host>
<host endtime="1733435119"><address addr="103.83.18.233" addrtype="ipv4"/><ports><port protocol="tcp" portid="5060"><state state="open" reason="syn-ack" reason_ttl="48"/></port></ports></host>
<host endtime="1733435120"><address addr="199.123.25.5" addrtype="ipv4"/><ports><port protocol="tcp" portid="5060"><state state="open" reason="syn-ack" reason_ttl="229"/></port></ports></host>
<host endtime="1733435121"><address addr="103.83.19.144" addrtype="ipv4"/><ports><port protocol="tcp" portid="5060"><state state="open" reason="syn-ack" reason_ttl="48"/></port></ports></host>
<host endtime="1733435121"><address addr="202.46.250.75" addrtype="ipv4"/><ports><port protocol="tcp" portid="5060"><state state="open" reason="syn-ack" reason_ttl="51"/></port></ports></host>
<host endtime="1733435123"><address addr="202.46.4.149" addrtype="ipv4"/><ports><port protocol="tcp" portid="5060"><state state="open" reason="syn-ack" reason_ttl="50"/></port></ports></host>
<host endtime="1733435125"><address addr="202.46.255.119" addrtype="ipv4"/><ports><port protocol="tcp" portid="5060"><state state="open" reason="syn-ack" reason_ttl="51"/></port></ports></host>
<host endtime="1733435125"><address addr="199.201.237.166" addrtype="ipv4"/><ports><port protocol="tcp" portid="5060"><state state="open" reason="syn-ack" reason_ttl="47"/></port></ports></host>
<host endtime="1733435126"><address addr="202.46.1.58" addrtype="ipv4"/><ports><port protocol="tcp" portid="5060"><state state="open" reason="syn-ack" reason_ttl="51"/></port></ports></host>
<host endtime="1733435127"><address addr="199.123.24.176" addrtype="ipv4"/><ports><port protocol="tcp" portid="5060"><state state="open" reason="syn-ack" reason_ttl="229"/></port></ports></host>
<host endtime="1733435128"><address addr="103.83.18.111" addrtype="ipv4"/><ports><port protocol="tcp" portid="5060"><state state="open" reason="syn-ack" reason_ttl="48"/></port></ports></host>
<host endtime="1733435129"><address addr="202.46.14.111" addrtype="ipv4"/><ports><port protocol="tcp" portid="5060"><state state="open" reason="syn-ack" reason_ttl="50"/></port></ports></host>
<host endtime="1733435132"><address addr="202.46.250.185" addrtype="ipv4"/><ports><port protocol="tcp" portid="5060"><state state="open" reason="syn-ack" reason_ttl="51"/></port></ports></host>
<host endtime="1733435132"><address addr="202.46.254.64" addrtype="ipv4"/><ports><port protocol="tcp" portid="5060"><state state="open" reason="syn-ack" reason_ttl="51"/></port></ports></host>
<host endtime="1733435133"><address addr="202.46.245.43" addrtype="ipv4"/><ports><port protocol="tcp" portid="5060"><state state="open" reason="syn-ack" reason_ttl="51"/></port></ports></host>
<host endtime="1733435133"><address addr="202.46.3.184" addrtype="ipv4"/><ports><port protocol="tcp" portid="5060"><state state="open" reason="syn-ack" reason_ttl="51"/></port></ports></host>
<host endtime="1733435135"><address addr="199.123.24.169" addrtype="ipv4"/><ports><port protocol="tcp" portid="5060"><state state="open" reason="syn-ack" reason_ttl="229"/></port></ports></host>
<host endtime="1733435137"><address addr="199.123.25.56" addrtype="ipv4"/><ports><port protocol="tcp" portid="5060"><state state="open" reason="syn-ack" reason_ttl="229"/></port></ports></host>
<host endtime="1733435137"><address addr="202.46.1.1" addrtype="ipv4"/><ports><port protocol="tcp" portid="5060"><state state="open" reason="syn-ack" reason_ttl="50"/></port></ports></host>
<host endtime="1733435139"><address addr="202.46.241.133" addrtype="ipv4"/><ports><port protocol="tcp" portid="5060"><state state="open" reason="syn-ack" reason_ttl="50"/></port></ports></host>
<host endtime="1733435140"><address addr="103.224.215.102" addrtype="ipv4"/><ports><port protocol="tcp" portid="5060"><state state="open" reason="syn-ack" reason_ttl="48"/></port></ports></host>
<host endtime="1733435145"><address addr="202.46.8.231" addrtype="ipv4"/><ports><port protocol="tcp" portid="5060"><state state="open" reason="syn-ack" reason_ttl="50"/></port></ports></host>
<host endtime="1733435146"><address addr="202.46.242.199" addrtype="ipv4"/><ports><port protocol="tcp" portid="5060"><state state="open" reason="syn-ack" reason_ttl="50"/></port></ports></host>
<host endtime="1733435151"><address addr="202.46.11.204" addrtype="ipv4"/><ports><port protocol="tcp" portid="5060"><state state="open" reason="syn-ack" reason_ttl="51"/></port></ports></host>
<host endtime="1733435155"><address addr="103.83.19.75" addrtype="ipv4"/><ports><port protocol="tcp" portid="5060"><state state="open" reason="syn-ack" reason_ttl="48"/></port></ports></host>
<host endtime="1733435156"><address addr="103.83.18.92" addrtype="ipv4"/><ports><port protocol="tcp" portid="5060"><state state="open" reason="syn-ack" reason_ttl="48"/></port></ports></host>
<host endtime="1733435157"><address addr="202.46.11.183" addrtype="ipv4"/><ports><port protocol="tcp" portid="5060"><state state="open" reason="syn-ack" reason_ttl="51"/></port></ports></host>
<host endtime="1733435158"><address addr="202.46.10.7" addrtype="ipv4"/><ports><port protocol="tcp" portid="5060"><state state="open" reason="syn-ack" reason_ttl="51"/></port></ports></host>
<host endtime="1733435160"><address addr="202.46.14.193" addrtype="ipv4"/><ports><port protocol="tcp" portid="5060"><state state="open" reason="syn-ack" reason_ttl="50"/></port></ports></host>
<host endtime="1733435161"><address addr="202.46.242.60" addrtype="ipv4"/><ports><port protocol="tcp" portid="5060"><state state="open" reason="syn-ack" reason_ttl="51"/></port></ports></host>
<host endtime="1733435161"><address addr="202.46.15.122" addrtype="ipv4"/><ports><port protocol="tcp" portid="5060"><state state="open" reason="syn-ack" reason_ttl="50"/></port></ports></host>
<host endtime="1733435162"><address addr="103.83.19.31" addrtype="ipv4"/><ports><port protocol="tcp" portid="5060"><state state="open" reason="syn-ack" reason_ttl="48"/></port></ports></host>
<host endtime="1733435164"><address addr="202.46.0.228" addrtype="ipv4"/><ports><port protocol="tcp" portid="5060"><state state="open" reason="syn-ack" reason_ttl="51"/></port></ports></host>
<host endtime="1733435166"><address addr="202.46.246.20" addrtype="ipv4"/><ports><port protocol="tcp" portid="5060"><state state="open" reason="syn-ack" reason_ttl="51"/></port></ports></host>
<host endtime="1733435168"><address addr="202.46.2.55" addrtype="ipv4"/><ports><port protocol="tcp" portid="5060"><state state="open" reason="syn-ack" reason_ttl="51"/></port></ports></host>
<host endtime="1733435168"><address addr="202.46.251.123" addrtype="ipv4"/><ports><port protocol="tcp" portid="5060"><state state="open" reason="syn-ack" reason_ttl="51"/></port></ports></host>
<host endtime="1733435169"><address addr="196.195.15.76" addrtype="ipv4"/><ports><port protocol="tcp" portid="5060"><state state="open" reason="syn-ack" reason_ttl="52"/></port></ports></host>
<host endtime="1733435170"><address addr="202.46.13.6" addrtype="ipv4"/><ports><port protocol="tcp" portid="5060"><state state="open" reason="syn-ack" reason_ttl="51"/></port></ports></host>
<host endtime="1733435172"><address addr="202.46.3.34" addrtype="ipv4"/><ports><port protocol="tcp" portid="5060"><state state="open" reason="syn-ack" reason_ttl="51"/></port></ports></host>
<host endtime="1733435172"><address addr="199.123.26.3" addrtype="ipv4"/><ports><port protocol="tcp" portid="5060"><state state="open" reason="syn-ack" reason_ttl="229"/></port></ports></host>
<host endtime="1733435173"><address addr="202.46.4.65" addrtype="ipv4"/><ports><port protocol="tcp" portid="5060"><state state="open" reason="syn-ack" reason_ttl="51"/></port></ports></host>
<host endtime="1733435173"><address addr="202.46.247.237" addrtype="ipv4"/><ports><port protocol="tcp" portid="5060"><state state="open" reason="syn-ack" reason_ttl="50"/></port></ports></host>
<host endtime="1733435174"><address addr="202.46.1.35" addrtype="ipv4"/><ports><port protocol="tcp" portid="5061"><state state="open" reason="syn-ack" reason_ttl="49"/></port></ports></host>
<host endtime="1733435175"><address addr="103.83.19.96" addrtype="ipv4"/><ports><port protocol="tcp" portid="5060"><state state="open" reason="syn-ack" reason_ttl="48"/></port></ports></host>
<host endtime="1733435175"><address addr="193.97.171.22" addrtype="ipv4"/><ports><port protocol="tcp" portid="5060"><state state="open" reason="syn-ack" reason_ttl="240"/></port></ports></host>
<host endtime="1733435177"><address addr="202.46.4.6" addrtype="ipv4"/><ports><port protocol="tcp" portid="5060"><state state="open" reason="syn-ack" reason_ttl="50"/></port></ports></host>
<host endtime="1733435179"><address addr="103.177.50.17" addrtype="ipv4"/><ports><port protocol="tcp" portid="5060"><state state="open" reason="syn-ack" reason_ttl="120"/></port></ports></host>
<host endtime="1733435180"><address addr="199.123.24.93" addrtype="ipv4"/><ports><port protocol="tcp" portid="5060"><state state="open" reason="syn-ack" reason_ttl="229"/></port></ports></host>
<host endtime="1733435181"><address addr="103.224.214.38" addrtype="ipv4"/><ports><port protocol="tcp" portid="5060"><state state="open" reason="syn-ack" reason_ttl="48"/></port></ports></host>
<host endtime="1733435182"><address addr="202.46.1.85" addrtype="ipv4"/><ports><port protocol="tcp" portid="5060"><state state="open" reason="syn-ack" reason_ttl="51"/></port></ports></host>
<host endtime="1733435191"><address addr="202.46.15.39" addrtype="ipv4"/><ports><port protocol="tcp" portid="5060"><state state="open" reason="syn-ack" reason_ttl="50"/></port></ports></host>
<host endtime="1733435191"><address addr="202.46.3.98" addrtype="ipv4"/><ports><port protocol="tcp" portid="5061"><state state="open" reason="syn-ack" reason_ttl="50"/></port></ports></host>
<host endtime="1733435194"><address addr="193.98.229.190" addrtype="ipv4"/><ports><port protocol="tcp" portid="5061"><state state="open" reason="syn-ack" reason_ttl="49"/></port></ports></host>
<host endtime="1733435194"><address addr="193.98.229.220" addrtype="ipv4"/><ports><port protocol="tcp" portid="5061"><state state="open" reason="syn-ack" reason_ttl="47"/></port></ports></host>
<host endtime="1733435197"><address addr="103.224.215.75" addrtype="ipv4"/><ports><port protocol="tcp" portid="5060"><state state="open" reason="syn-ack" reason_ttl="48"/></port></ports></host>
<host endtime="1733435197"><address addr="202.46.253.28" addrtype="ipv4"/><ports><port protocol="tcp" portid="5060"><state state="open" reason="syn-ack" reason_ttl="51"/></port></ports></host>
<host endtime="1733435200"><address addr="202.46.244.45" addrtype="ipv4"/><ports><port protocol="tcp" portid="5060"><state state="open" reason="syn-ack" reason_ttl="51"/></port></ports></host>
<host endtime="1733435200"><address addr="103.224.215.84" addrtype="ipv4"/><ports><port protocol="tcp" portid="5060"><state state="open" reason="syn-ack" reason_ttl="48"/></port></ports></host>
<host endtime="1733435203"><address addr="199.123.27.56" addrtype="ipv4"/><ports><port protocol="tcp" portid="5060"><state state="open" reason="syn-ack" reason_ttl="229"/></port></ports></host>
<host endtime="1733435208"><address addr="202.46.5.201" addrtype="ipv4"/><ports><port protocol="tcp" portid="5060"><state state="open" reason="syn-ack" reason_ttl="51"/></port></ports></host>
<host endtime="1733435210"><address addr="202.46.250.211" addrtype="ipv4"/><ports><port protocol="tcp" portid="5060"><state state="open" reason="syn-ack" reason_ttl="51"/></port></ports></host>
<host endtime="1733435215"><address addr="193.98.229.66" addrtype="ipv4"/><ports><port protocol="tcp" portid="5061"><state state="open" reason="syn-ack" reason_ttl="44"/></port></ports></host>
<host endtime="1733435217"><address addr="202.46.252.120" addrtype="ipv4"/><ports><port protocol="tcp" portid="5060"><state state="open" reason="syn-ack" reason_ttl="50"/></port></ports></host>
<host endtime="1733435218"><address addr="202.46.8.170" addrtype="ipv4"/><ports><port protocol="tcp" portid="5060"><state state="open" reason="syn-ack" reason_ttl="51"/></port></ports></host>
<host endtime="1733435221"><address addr="202.46.251.204" addrtype="ipv4"/><ports><port protocol="tcp" portid="5060"><state state="open" reason="syn-ack" reason_ttl="51"/></port></ports></host>
<host endtime="1733435224"><address addr="199.201.237.149" addrtype="ipv4"/><ports><port protocol="tcp" portid="5060"><state state="open" reason="syn-ack" reason_ttl="47"/></port></ports></host>
<host endtime="1733435225"><address addr="202.46.1.45" addrtype="ipv4"/><ports><port protocol="tcp" portid="5060"><state state="open" reason="syn-ack" reason_ttl="51"/></port></ports></host>
<host endtime="1733435226"><address addr="193.98.229.56" addrtype="ipv4"/><ports><port protocol="tcp" portid="5060"><state state="open" reason="syn-ack" reason_ttl="48"/></port></ports></host>
<host endtime="1733435227"><address addr="202.46.246.152" addrtype="ipv4"/><ports><port protocol="tcp" portid="5060"><state state="open" reason="syn-ack" reason_ttl="51"/></port></ports></host>
<host endtime="1733435233"><address addr="202.46.1.94" addrtype="ipv4"/><ports><port protocol="tcp" portid="5060"><state state="open" reason="syn-ack" reason_ttl="51"/></port></ports></host>
<host endtime="1733435233"><address addr="202.46.14.188" addrtype="ipv4"/><ports><port protocol="tcp" portid="5060"><state state="open" reason="syn-ack" reason_ttl="51"/></port></ports></host>
<host endtime="1733435233"><address addr="202.46.244.239" addrtype="ipv4"/><ports><port protocol="tcp" portid="5060"><state state="open" reason="syn-ack" reason_ttl="51"/></port></ports></host>
<host endtime="1733435240"><address addr="202.46.252.100" addrtype="ipv4"/><ports><port protocol="tcp" portid="5060"><state state="open" reason="syn-ack" reason_ttl="51"/></port></ports></host>
<host endtime="1733435241"><address addr="103.83.18.58" addrtype="ipv4"/><ports><port protocol="tcp" portid="5060"><state state="open" reason="syn-ack" reason_ttl="48"/></port></ports></host>
<host endtime="1733435241"><address addr="202.46.251.141" addrtype="ipv4"/><ports><port protocol="tcp" portid="5060"><state state="open" reason="syn-ack" reason_ttl="50"/></port></ports></host>
<host endtime="1733435243"><address addr="199.123.26.49" addrtype="ipv4"/><ports><port protocol="tcp" portid="5060"><state state="open" reason="syn-ack" reason_ttl="229"/></port></ports></host>
<host endtime="1733435243"><address addr="193.103.200.61" addrtype="ipv4"/><ports><port protocol="tcp" portid="5060"><state state="open" reason="syn-ack" reason_ttl="52"/></port></ports></host>
<host endtime="1733435249"><address addr="202.46.242.132" addrtype="ipv4"/><ports><port protocol="tcp" portid="5060"><state state="open" reason="syn-ack" reason_ttl="51"/></port></ports></host>
<host endtime="1733435249"><address addr="202.46.247.72" addrtype="ipv4"/><ports><port protocol="tcp" portid="5060"><state state="open" reason="syn-ack" reason_ttl="50"/></port></ports></host>
<host endtime="1733435254"><address addr="202.46.10.55" addrtype="ipv4"/><ports><port protocol="tcp" portid="5060"><state state="open" reason="syn-ack" reason_ttl="51"/></port></ports></host>
<host endtime="1733435256"><address addr="199.123.26.155" addrtype="ipv4"/><ports><port protocol="tcp" portid="5060"><state state="open" reason="syn-ack" reason_ttl="229"/></port></ports></host>
<host endtime="1733435256"><address addr="202.46.248.61" addrtype="ipv4"/><ports><port protocol="tcp" portid="5060"><state state="open" reason="syn-ack" reason_ttl="51"/></port></ports></host>
<host endtime="1733435261"><address addr="202.46.252.211" addrtype="ipv4"/><ports><port protocol="tcp" portid="5060"><state state="open" reason="syn-ack" reason_ttl="50"/></port></ports></host>
<host endtime="1733435266"><address addr="202.46.250.221" addrtype="ipv4"/><ports><port protocol="tcp" portid="5060"><state state="open" reason="syn-ack" reason_ttl="51"/></port></ports></host>
<host endtime="1733435269"><address addr="199.123.27.88" addrtype="ipv4"/><ports><port protocol="tcp" portid="5060"><state state="open" reason="syn-ack" reason_ttl="229"/></port></ports></host>
<host endtime="1733435272"><address addr="202.46.245.74" addrtype="ipv4"/><ports><port protocol="tcp" portid="5060"><state state="open" reason="syn-ack" reason_ttl="50"/></port></ports></host>
<host endtime="1733435273"><address addr="202.46.11.155" addrtype="ipv4"/><ports><port protocol="tcp" portid="5060"><state state="open" reason="syn-ack" reason_ttl="50"/></port></ports></host>
<host endtime="1733435275"><address addr="202.46.252.29" addrtype="ipv4"/><ports><port protocol="tcp" portid="5060"><state state="open" reason="syn-ack" reason_ttl="51"/></port></ports></host>
<host endtime="1733435275"><address addr="202.46.241.119" addrtype="ipv4"/><ports><port protocol="tcp" portid="5060"><state state="open" reason="syn-ack" reason_ttl="50"/></port></ports></host>
<host endtime="1733435278"><address addr="202.46.7.228" addrtype="ipv4"/><ports><port protocol="tcp" portid="5060"><state state="open" reason="syn-ack" reason_ttl="50"/></port></ports></host>
<host endtime="1733435278"><address addr="202.46.7.183" addrtype="ipv4"/><ports><port protocol="tcp" portid="5060"><state state="open" reason="syn-ack" reason_ttl="51"/></port></ports></host>
<host endtime="1733435281"><address addr="193.98.229.183" addrtype="ipv4"/><ports><port protocol="tcp" portid="5060"><state state="open" reason="syn-ack" reason_ttl="47"/></port></ports></host>
<host endtime="1733435285"><address addr="202.46.4.26" addrtype="ipv4"/><ports><port protocol="tcp" portid="5060"><state state="open" reason="syn-ack" reason_ttl="50"/></port></ports></host>
<host endtime="1733435285"><address addr="202.46.246.217" addrtype="ipv4"/><ports><port protocol="tcp" portid="5060"><state state="open" reason="syn-ack" reason_ttl="50"/></port></ports></host>
<host endtime="1733435290"><address addr="199.123.26.76" addrtype="ipv4"/><ports><port protocol="tcp" portid="5060"><state state="open" reason="syn-ack" reason_ttl="229"/></port></ports></host>
<host endtime="1733435298"><address addr="103.110.61.14" addrtype="ipv4"/><ports><port protocol="tcp" portid="5061"><state state="open" reason="syn-ack" reason_ttl="242"/></port></ports></host>
<host endtime="1733435300"><address addr="202.46.245.157" addrtype="ipv4"/><ports><port protocol="tcp" portid="5060"><state state="open" reason="syn-ack" reason_ttl="51"/></port></ports></host>
<host endtime="1733435302"><address addr="202.46.10.8" addrtype="ipv4"/><ports><port protocol="tcp" portid="5060"><state state="open" reason="syn-ack" reason_ttl="51"/></port></ports></host>
<host endtime="1733435302"><address addr="202.46.3.210" addrtype="ipv4"/><ports><port protocol="tcp" portid="5060"><state state="open" reason="syn-ack" reason_ttl="51"/></port></ports></host>
<host endtime="1733435306"><address addr="199.201.236.150" addrtype="ipv4"/><ports><port protocol="tcp" portid="5060"><state state="open" reason="syn-ack" reason_ttl="47"/></port></ports></host>
<host endtime="1733435306"><address addr="202.46.10.10" addrtype="ipv4"/><ports><port protocol="tcp" portid="5061"><state state="open" reason="syn-ack" reason_ttl="50"/></port></ports></host>
<host endtime="1733435310"><address addr="202.46.12.38" addrtype="ipv4"/><ports><port protocol="tcp" portid="5060"><state state="open" reason="syn-ack" reason_ttl="50"/></port></ports></host>
<host endtime="1733435316"><address addr="202.46.1.220" addrtype="ipv4"/><ports><port protocol="tcp" portid="5060"><state state="open" reason="syn-ack" reason_ttl="50"/></port></ports></host>
<host endtime="1733435318"><address addr="202.46.253.179" addrtype="ipv4"/><ports><port protocol="tcp" portid="5060"><state state="open" reason="syn-ack" reason_ttl="51"/></port></ports></host>
<host endtime="1733435319"><address addr="103.83.18.45" addrtype="ipv4"/><ports><port protocol="tcp" portid="5060"><state state="open" reason="syn-ack" reason_ttl="48"/></port></ports></host>
<host endtime="1733435320"><address addr="202.46.1.40" addrtype="ipv4"/><ports><port protocol="tcp" portid="5060"><state state="open" reason="syn-ack" reason_ttl="51"/></port></ports></host>
<host endtime="1733435325"><address addr="103.83.19.67" addrtype="ipv4"/><ports><port protocol="tcp" portid="5060"><state state="open" reason="syn-ack" reason_ttl="48"/></port></ports></host>
<host endtime="1733435328"><address addr="103.83.19.82" addrtype="ipv4"/><ports><port protocol="tcp" portid="5060"><state state="open" reason="syn-ack" reason_ttl="48"/></port></ports></host>
<host endtime="1733435331"><address addr="103.83.18.221" addrtype="ipv4"/><ports><port protocol="tcp" portid="5060"><state state="open" reason="syn-ack" reason_ttl="48"/></port></ports></host>
<host endtime="1733435331"><address addr="202.46.9.166" addrtype="ipv4"/><ports><port protocol="tcp" portid="5060"><state state="open" reason="syn-ack" reason_ttl="50"/></port></ports></host>
<host endtime="1733435332"><address addr="202.46.5.119" addrtype="ipv4"/><ports><port protocol="tcp" portid="5060"><state state="open" reason="syn-ack" reason_ttl="51"/></port></ports></host>
<host endtime="1733435334"><address addr="202.46.247.201" addrtype="ipv4"/><ports><port protocol="tcp" portid="5060"><state state="open" reason="syn-ack" reason_ttl="51"/></port></ports></host>
<host endtime="1733435335"><address addr="199.123.27.213" addrtype="ipv4"/><ports><port protocol="tcp" portid="5060"><state state="open" reason="syn-ack" reason_ttl="229"/></port></ports></host>
<host endtime="1733435335"><address addr="202.46.5.12" addrtype="ipv4"/><ports><port protocol="tcp" portid="5060"><state state="open" reason="syn-ack" reason_ttl="50"/></port></ports></host>
<host endtime="1733435335"><address addr="103.83.18.234" addrtype="ipv4"/><ports><port protocol="tcp" portid="5060"><state state="open" reason="syn-ack" reason_ttl="48"/></port></ports></host>
<host endtime="1733435336"><address addr="199.201.236.196" addrtype="ipv4"/><ports><port protocol="tcp" portid="5060"><state state="open" reason="syn-ack" reason_ttl="47"/></port></ports></host>
<host endtime="1733435337"><address addr="202.46.12.195" addrtype="ipv4"/><ports><port protocol="tcp" portid="5060"><state state="open" reason="syn-ack" reason_ttl="51"/></port></ports></host>
<host endtime="1733435337"><address addr="202.46.248.88" addrtype="ipv4"/><ports><port protocol="tcp" portid="5060"><state state="open" reason="syn-ack" reason_ttl="51"/></port></ports></host>
<host endtime="1733435338"><address addr="202.46.249.36" addrtype="ipv4"/><ports><port protocol="tcp" portid="5060"><state state="open" reason="syn-ack" reason_ttl="51"/></port></ports></host>
<host endtime="1733435340"><address addr="199.201.237.204" addrtype="ipv4"/><ports><port protocol="tcp" portid="5060"><state state="open" reason="syn-ack" reason_ttl="47"/></port></ports></host>
<host endtime="1733435341"><address addr="193.103.200.9" addrtype="ipv4"/><ports><port protocol="tcp" portid="5060"><state state="open" reason="syn-ack" reason_ttl="54"/></port></ports></host>
<host endtime="1733435344"><address addr="199.123.27.206" addrtype="ipv4"/><ports><port protocol="tcp" portid="5060"><state state="open" reason="syn-ack" reason_ttl="229"/></port></ports></host>
<host endtime="1733435345"><address addr="202.46.246.193" addrtype="ipv4"/><ports><port protocol="tcp" portid="5060"><state state="open" reason="syn-ack" reason_ttl="50"/></port></ports></host>
<host endtime="1733435348"><address addr="202.46.2.194" addrtype="ipv4"/><ports><port protocol="tcp" portid="5060"><state state="open" reason="syn-ack" reason_ttl="51"/></port></ports></host>
<host endtime="1733435355"><address addr="199.123.25.68" addrtype="ipv4"/><ports><port protocol="tcp" portid="5060"><state state="open" reason="syn-ack" reason_ttl="229"/></port></ports></host>
<host endtime="1733435364"><address addr="202.46.254.137" addrtype="ipv4"/><ports><port protocol="tcp" portid="5060"><state state="open" reason="syn-ack" reason_ttl="51"/></port></ports></host>
<host endtime="1733435365"><address addr="202.46.2.239" addrtype="ipv4"/><ports><port protocol="tcp" portid="5060"><state state="open" reason="syn-ack" reason_ttl="51"/></port></ports></host>
<host endtime="1733435365"><address addr="199.201.236.30" addrtype="ipv4"/><ports><port protocol="tcp" portid="5060"><state state="open" reason="syn-ack" reason_ttl="47"/></port></ports></host>
<host endtime="1733435374"><address addr="202.46.0.238" addrtype="ipv4"/><ports><port protocol="tcp" portid="5060"><state state="open" reason="syn-ack" reason_ttl="51"/></port></ports></host>
<host endtime="1733435377"><address addr="202.46.0.107" addrtype="ipv4"/><ports><port protocol="tcp" portid="5060"><state state="open" reason="syn-ack" reason_ttl="50"/></port></ports></host>
<host endtime="1733435378"><address addr="202.46.0.65" addrtype="ipv4"/><ports><port protocol="tcp" portid="5060"><state state="open" reason="syn-ack" reason_ttl="50"/></port></ports></host>
<host endtime="1733435381"><address addr="202.46.254.205" addrtype="ipv4"/><ports><port protocol="tcp" portid="5060"><state state="open" reason="syn-ack" reason_ttl="51"/></port></ports></host>
<host endtime="1733435382"><address addr="202.46.5.42" addrtype="ipv4"/><ports><port protocol="tcp" portid="5060"><state state="open" reason="syn-ack" reason_ttl="51"/></port></ports></host>
<host endtime="1733435383"><address addr="103.224.215.107" addrtype="ipv4"/><ports><port protocol="tcp" portid="5060"><state state="open" reason="syn-ack" reason_ttl="48"/></port></ports></host>
<host endtime="1733435383"><address addr="202.46.250.19" addrtype="ipv4"/><ports><port protocol="tcp" portid="5060"><state state="open" reason="syn-ack" reason_ttl="51"/></port></ports></host>
<host endtime="1733435383"><address addr="202.46.243.171" addrtype="ipv4"/><ports><port protocol="tcp" portid="5060"><state state="open" reason="syn-ack" reason_ttl="50"/></port></ports></host>
<host endtime="1733435385"><address addr="103.224.214.222" addrtype="ipv4"/><ports><port protocol="tcp" portid="5060"><state state="open" reason="syn-ack" reason_ttl="48"/></port></ports></host>
<host endtime="1733435385"><address addr="202.46.8.94" addrtype="ipv4"/><ports><port protocol="tcp" portid="5060"><state state="open" reason="syn-ack" reason_ttl="51"/></port></ports></host>
<host endtime="1733435386"><address addr="103.83.18.140" addrtype="ipv4"/><ports><port protocol="tcp" portid="5060"><state state="open" reason="syn-ack" reason_ttl="48"/></port></ports></host>
<host endtime="1733435387"><address addr="202.46.6.239" addrtype="ipv4"/><ports><port protocol="tcp" portid="5060"><state state="open" reason="syn-ack" reason_ttl="50"/></port></ports></host>
<host endtime="1733435388"><address addr="202.46.240.200" addrtype="ipv4"/><ports><port protocol="tcp" portid="5060"><state state="open" reason="syn-ack" reason_ttl="51"/></port></ports></host>
<host endtime="1733435389"><address addr="199.201.236.243" addrtype="ipv4"/><ports><port protocol="tcp" portid="5060"><state state="open" reason="syn-ack" reason_ttl="47"/></port></ports></host>
<host endtime="1733435391"><address addr="202.46.2.241" addrtype="ipv4"/><ports><port protocol="tcp" portid="5060"><state state="open" reason="syn-ack" reason_ttl="51"/></port></ports></host>
<host endtime="1733435392"><address addr="202.46.252.203" addrtype="ipv4"/><ports><port protocol="tcp" portid="5060"><state state="open" reason="syn-ack" reason_ttl="50"/></port></ports></host>
<host endtime="1733435395"><address addr="202.46.14.230" addrtype="ipv4"/><ports><port protocol="tcp" portid="5060"><state state="open" reason="syn-ack" reason_ttl="50"/></port></ports></host>
<host endtime="1733435398"><address addr="202.46.242.140" addrtype="ipv4"/><ports><port protocol="tcp" portid="5060"><state state="open" reason="syn-ack" reason_ttl="51"/></port></ports></host>
<host endtime="1733435399"><address addr="202.46.7.137" addrtype="ipv4"/><ports><port protocol="tcp" portid="5060"><state state="open" reason="syn-ack" reason_ttl="51"/></port></ports></host>
<host endtime="1733435400"><address addr="202.46.240.251" addrtype="ipv4"/><ports><port protocol="tcp" portid="5060"><state state="open" reason="syn-ack" reason_ttl="50"/></port></ports></host>
<host endtime="1733435407"><address addr="202.46.245.117" addrtype="ipv4"/><ports><port protocol="tcp" portid="5060"><state state="open" reason="syn-ack" reason_ttl="50"/></port></ports></host>
<host endtime="1733435413"><address addr="199.123.26.70" addrtype="ipv4"/><ports><port protocol="tcp" portid="5060"><state state="open" reason="syn-ack" reason_ttl="229"/></port></ports></host>
<host endtime="1733435415"><address addr="199.201.237.169" addrtype="ipv4"/><ports><port protocol="tcp" portid="5060"><state state="open" reason="syn-ack" reason_ttl="47"/></port></ports></host>
<host endtime="1733435416"><address addr="202.46.250.80" addrtype="ipv4"/><ports><port protocol="tcp" portid="5060"><state state="open" reason="syn-ack" reason_ttl="50"/></port></ports></host>
<host endtime="1733435416"><address addr="103.224.215.203" addrtype="ipv4"/><ports><port protocol="tcp" portid="5060"><state state="open" reason="syn-ack" reason_ttl="48"/></port></ports></host>
<host endtime="1733435419"><address addr="202.46.10.254" addrtype="ipv4"/><ports><port protocol="tcp" portid="5060"><state state="open" reason="syn-ack" reason_ttl="51"/></port></ports></host>
<host endtime="1733435419"><address addr="202.46.240.177" addrtype="ipv4"/><ports><port protocol="tcp" portid="5060"><state state="open" reason="syn-ack" reason_ttl="51"/></port></ports></host>
<host endtime="1733435422"><address addr="202.46.250.200" addrtype="ipv4"/><ports><port protocol="tcp" portid="5060"><state state="open" reason="syn-ack" reason_ttl="51"/></port></ports></host>
<host endtime="1733435422"><address addr="193.98.229.72" addrtype="ipv4"/><ports><port protocol="tcp" portid="5061"><state state="open" reason="syn-ack" reason_ttl="49"/></port></ports></host>
<host endtime="1733435424"><address addr="193.103.200.88" addrtype="ipv4"/><ports><port protocol="tcp" portid="5060"><state state="open" reason="syn-ack" reason_ttl="52"/></port></ports></host>
<host endtime="1733435432"><address addr="202.46.5.73" addrtype="ipv4"/><ports><port protocol="tcp" portid="5060"><state state="open" reason="syn-ack" reason_ttl="51"/></port></ports></host>
<host endtime="1733435434"><address addr="202.46.251.20" addrtype="ipv4"/><ports><port protocol="tcp" portid="5060"><state state="open" reason="syn-ack" reason_ttl="51"/></port></ports></host>
<host endtime="1733435436"><address addr="202.46.14.181" addrtype="ipv4"/><ports><port protocol="tcp" portid="5060"><state state="open" reason="syn-ack" reason_ttl="51"/></port></ports></host>
<host endtime="1733435440"><address addr="202.46.10.2" addrtype="ipv4"/><ports><port protocol="tcp" portid="5060"><state state="open" reason="syn-ack" reason_ttl="51"/></port></ports></host>
<host endtime="1733435440"><address addr="202.46.15.199" addrtype="ipv4"/><ports><port protocol="tcp" portid="5060"><state state="open" reason="syn-ack" reason_ttl="50"/></port></ports></host>
<host endtime="1733435441"><address addr="202.46.245.128" addrtype="ipv4"/><ports><port protocol="tcp" portid="5060"><state state="open" reason="syn-ack" reason_ttl="51"/></port></ports></host>
<host endtime="1733435443"><address addr="202.46.254.132" addrtype="ipv4"/><ports><port protocol="tcp" portid="5060"><state state="open" reason="syn-ack" reason_ttl="50"/></port></ports></host>
<host endtime="1733435446"><address addr="202.46.251.214" addrtype="ipv4"/><ports><port protocol="tcp" portid="5060"><state state="open" reason="syn-ack" reason_ttl="51"/></port></ports></host>
<host endtime="1733435448"><address addr="202.46.4.101" addrtype="ipv4"/><ports><port protocol="tcp" portid="5060"><state state="open" reason="syn-ack" reason_ttl="51"/></port></ports></host>
<host endtime="1733435453"><address addr="202.46.6.72" addrtype="ipv4"/><ports><port protocol="tcp" portid="5060"><state state="open" reason="syn-ack" reason_ttl="51"/></port></ports></host>
<host endtime="1733435453"><address addr="202.46.254.90" addrtype="ipv4"/><ports><port protocol="tcp" portid="5060"><state state="open" reason="syn-ack" reason_ttl="51"/></port></ports></host>
<host endtime="1733435455"><address addr="199.201.237.194" addrtype="ipv4"/><ports><port protocol="tcp" portid="5060"><state state="open" reason="syn-ack" reason_ttl="47"/></port></ports></host>
<host endtime="1733435457"><address addr="199.123.25.231" addrtype="ipv4"/><ports><port protocol="tcp" portid="5060"><state state="open" reason="syn-ack" reason_ttl="229"/></port></ports></host>
<host endtime="1733435459"><address addr="202.46.249.204" addrtype="ipv4"/><ports><port protocol="tcp" portid="5060"><state state="open" reason="syn-ack" reason_ttl="50"/></port></ports></host>
<host endtime="1733435462"><address addr="202.46.254.220" addrtype="ipv4"/><ports><port protocol="tcp" portid="5060"><state state="open" reason="syn-ack" reason_ttl="51"/></port></ports></host>
<host endtime="1733435468"><address addr="202.46.1.120" addrtype="ipv4"/><ports><port protocol="tcp" portid="5060"><state state="open" reason="syn-ack" reason_ttl="50"/></port></ports></host>
<host endtime="1733435470"><address addr="202.46.246.197" addrtype="ipv4"/><ports><port protocol="tcp" portid="5060"><state state="open" reason="syn-ack" reason_ttl="51"/></port></ports></host>
<host endtime="1733435470"><address addr="202.46.15.158" addrtype="ipv4"/><ports><port protocol="tcp" portid="5061"><state state="open" reason="syn-ack" reason_ttl="49"/></port></ports></host>
<host endtime="1733435471"><address addr="199.201.237.25" addrtype="ipv4"/><ports><port protocol="tcp" portid="5060"><state state="open" reason="syn-ack" reason_ttl="47"/></port></ports></host>
<host endtime="1733435477"><address addr="202.46.12.228" addrtype="ipv4"/><ports><port protocol="tcp" portid="5060"><state state="open" reason="syn-ack" reason_ttl="51"/></port></ports></host>
<host endtime="1733435477"><address addr="202.46.5.6" addrtype="ipv4"/><ports><port protocol="tcp" portid="5060"><state state="open" reason="syn-ack" reason_ttl="51"/></port></ports></host>
<host endtime="1733435477"><address addr="202.46.10.151" addrtype="ipv4"/><ports><port protocol="tcp" portid="5060"><state state="open" reason="syn-ack" reason_ttl="51"/></port></ports></host>
<host endtime="1733435479"><address addr="202.46.250.89" addrtype="ipv4"/><ports><port protocol="tcp" portid="5060"><state state="open" reason="syn-ack" reason_ttl="51"/></port></ports></host>
<host endtime="1733435484"><address addr="202.46.9.153" addrtype="ipv4"/><ports><port protocol="tcp" portid="5060"><state state="open" reason="syn-ack" reason_ttl="50"/></port></ports></host>
<host endtime="1733435484"><address addr="199.123.27.131" addrtype="ipv4"/><ports><port protocol="tcp" portid="5060"><state state="open" reason="syn-ack" reason_ttl="229"/></port></ports></host>
<host endtime="1733435485"><address addr="202.46.250.133" addrtype="ipv4"/><ports><port protocol="tcp" portid="5060"><state state="open" reason="syn-ack" reason_ttl="51"/></port></ports></host>
<host endtime="1733435488"><address addr="202.46.8.255" addrtype="ipv4"/><ports><port protocol="tcp" portid="5060"><state state="open" reason="syn-ack" reason_ttl="51"/></port></ports></host>
<host endtime="1733435491"><address addr="103.224.214.142" addrtype="ipv4"/><ports><port protocol="tcp" portid="5060"><state state="open" reason="syn-ack" reason_ttl="48"/></port></ports></host>
<host endtime="1733435491"><address addr="202.46.242.75" addrtype="ipv4"/><ports><port protocol="tcp" portid="5060"><state state="open" reason="syn-ack" reason_ttl="51"/></port></ports></host>
<host endtime="1733435492"><address addr="41.77.65.101" addrtype="ipv4"/><ports><port protocol="tcp" portid="5060"><state state="open" reason="syn-ack" reason_ttl="48"/></port></ports></host>
<host endtime="1733435500"><address addr="202.46.13.131" addrtype="ipv4"/><ports><port protocol="tcp" portid="5060"><state state="open" reason="syn-ack" reason_ttl="50"/></port></ports></host>
<host endtime="1733435503"><address addr="202.46.249.199" addrtype="ipv4"/><ports><port protocol="tcp" portid="5060"><state state="open" reason="syn-ack" reason_ttl="50"/></port></ports></host>
<host endtime="1733435503"><address addr="202.46.2.248" addrtype="ipv4"/><ports><port protocol="tcp" portid="5060"><state state="open" reason="syn-ack" reason_ttl="50"/></port></ports></host>
<host endtime="1733435504"><address addr="202.46.13.69" addrtype="ipv4"/><ports><port protocol="tcp" portid="5060"><state state="open" reason="syn-ack" reason_ttl="50"/></port></ports></host>
<host endtime="1733435506"><address addr="103.83.19.183" addrtype="ipv4"/><ports><port protocol="tcp" portid="5060"><state state="open" reason="syn-ack" reason_ttl="48"/></port></ports></host>
<host endtime="1733435507"><address addr="199.201.236.88" addrtype="ipv4"/><ports><port protocol="tcp" portid="5060"><state state="open" reason="syn-ack" reason_ttl="47"/></port></ports></host>
<host endtime="1733435507"><address addr="202.46.0.226" addrtype="ipv4"/><ports><port protocol="tcp" portid="5060"><state state="open" reason="syn-ack" reason_ttl="50"/></port></ports></host>
<host endtime="1733435509"><address addr="202.46.241.40" addrtype="ipv4"/><ports><port protocol="tcp" portid="5060"><state state="open" reason="syn-ack" reason_ttl="51"/></port></ports></host>
<host endtime="1733435511"><address addr="202.46.9.47" addrtype="ipv4"/><ports><port protocol="tcp" portid="5060"><state state="open" reason="syn-ack" reason_ttl="50"/></port></ports></host>
<host endtime="1733435512"><address addr="202.46.8.63" addrtype="ipv4"/><ports><port protocol="tcp" portid="5060"><state state="open" reason="syn-ack" reason_ttl="50"/></port></ports></host>
<host endtime="1733435521"><address addr="202.46.3.66" addrtype="ipv4"/><ports><port protocol="tcp" portid="5060"><state state="open" reason="syn-ack" reason_ttl="51"/></port></ports></host>
<host endtime="1733435521"><address addr="202.46.255.10" addrtype="ipv4"/><ports><port protocol="tcp" portid="5060"><state state="open" reason="syn-ack" reason_ttl="51"/></port></ports></host>
<host endtime="1733435527"><address addr="202.46.5.215" addrtype="ipv4"/><ports><port protocol="tcp" portid="5060"><state state="open" reason="syn-ack" reason_ttl="50"/></port></ports></host>
<host endtime="1733435531"><address addr="202.46.241.33" addrtype="ipv4"/><ports><port protocol="tcp" portid="5060"><state state="open" reason="syn-ack" reason_ttl="50"/></port></ports></host>
<host endtime="1733435535"><address addr="202.46.243.229" addrtype="ipv4"/><ports><port protocol="tcp" portid="5060"><state state="open" reason="syn-ack" reason_ttl="51"/></port></ports></host>
<host endtime="1733435536"><address addr="202.46.5.236" addrtype="ipv4"/><ports><port protocol="tcp" portid="5060"><state state="open" reason="syn-ack" reason_ttl="51"/></port></ports></host>
<host endtime="1733435540"><address addr="202.46.1.224" addrtype="ipv4"/><ports><port protocol="tcp" portid="5060"><state state="open" reason="syn-ack" reason_ttl="51"/></port></ports></host>
<host endtime="1733435541"><address addr="193.103.206.30" addrtype="ipv4"/><ports><port protocol="tcp" portid="5060"><state state="open" reason="syn-ack" reason_ttl="52"/></port></ports></host>
<host endtime="1733435541"><address addr="202.46.15.102" addrtype="ipv4"/><ports><port protocol="tcp" portid="5060"><state state="open" reason="syn-ack" reason_ttl="50"/></port></ports></host>
<host endtime="1733435542"><address addr="41.242.131.40" addrtype="ipv4"/><ports><port protocol="tcp" portid="5060"><state state="open" reason="syn-ack" reason_ttl="110"/></port></ports></host>
<host endtime="1733435544"><address addr="103.83.18.2" addrtype="ipv4"/><ports><port protocol="tcp" portid="5060"><state state="open" reason="syn-ack" reason_ttl="48"/></port></ports></host>
<host endtime="1733435546"><address addr="202.46.243.15" addrtype="ipv4"/><ports><port protocol="tcp" portid="5060"><state state="open" reason="syn-ack" reason_ttl="51"/></port></ports></host>
<host endtime="1733435547"><address addr="202.46.253.207" addrtype="ipv4"/><ports><port protocol="tcp" portid="5060"><state state="open" reason="syn-ack" reason_ttl="51"/></port></ports></host>
<host endtime="1733435552"><address addr="199.201.237.42" addrtype="ipv4"/><ports><port protocol="tcp" portid="5060"><state state="open" reason="syn-ack" reason_ttl="47"/></port></ports></host>
<host endtime="1733435553"><address addr="202.46.250.189" addrtype="ipv4"/><ports><port protocol="tcp" portid="5060"><state state="open" reason="syn-ack" reason_ttl="50"/></port></ports></host>
<host endtime="1733435554"><address addr="202.46.15.230" addrtype="ipv4"/><ports><port protocol="tcp" portid="5060"><state state="open" reason="syn-ack" reason_ttl="51"/></port></ports></host>
<host endtime="1733435555"><address addr="202.46.247.213" addrtype="ipv4"/><ports><port protocol="tcp" portid="5060"><state state="open" reason="syn-ack" reason_ttl="51"/></port></ports></host>
<host endtime="1733435562"><address addr="103.224.215.180" addrtype="ipv4"/><ports><port protocol="tcp" portid="5060"><state state="open" reason="syn-ack" reason_ttl="48"/></port></ports></host>
<host endtime="1733435564"><address addr="199.123.27.23" addrtype="ipv4"/><ports><port protocol="tcp" portid="5060"><state state="open" reason="syn-ack" reason_ttl="229"/></port></ports></host>
<host endtime="1733435565"><address addr="202.46.255.190" addrtype="ipv4"/><ports><port protocol="tcp" portid="5060"><state state="open" reason="syn-ack" reason_ttl="51"/></port></ports></host>
<host endtime="1733435565"><address addr="202.46.9.130" addrtype="ipv4"/><ports><port protocol="tcp" portid="5060"><state state="open" reason="syn-ack" reason_ttl="50"/></port></ports></host>
<host endtime="1733435566"><address addr="202.46.4.80" addrtype="ipv4"/><ports><port protocol="tcp" portid="5060"><state state="open" reason="syn-ack" reason_ttl="51"/></port></ports></host>
<host endtime="1733435567"><address addr="103.224.214.75" addrtype="ipv4"/><ports><port protocol="tcp" portid="5060"><state state="open" reason="syn-ack" reason_ttl="48"/></port></ports></host>
<host endtime="1733435569"><address addr="199.123.24.15" addrtype="ipv4"/><ports><port protocol="tcp" portid="5060"><state state="open" reason="syn-ack" reason_ttl="229"/></port></ports></host>
<host endtime="1733435570"><address addr="202.46.11.79" addrtype="ipv4"/><ports><port protocol="tcp" portid="5060"><state state="open" reason="syn-ack" reason_ttl="50"/></port></ports></host>
<host endtime="1733435571"><address addr="103.83.19.206" addrtype="ipv4"/><ports><port protocol="tcp" portid="5060"><state state="open" reason="syn-ack" reason_ttl="48"/></port></ports></host>
<host endtime="1733435573"><address addr="196.195.253.58" addrtype="ipv4"/><ports><port protocol="tcp" portid="5060"><state state="open" reason="syn-ack" reason_ttl="53"/></port></ports></host>
<host endtime="1733435576"><address addr="202.46.11.154" addrtype="ipv4"/><ports><port protocol="tcp" portid="5060"><state state="open" reason="syn-ack" reason_ttl="51"/></port></ports></host>
<host endtime="1733435577"><address addr="193.103.206.99" addrtype="ipv4"/><ports><port protocol="tcp" portid="5060"><state state="open" reason="syn-ack" reason_ttl="54"/></port></ports></host>
<host endtime="1733435581"><address addr="202.46.8.178" addrtype="ipv4"/><ports><port protocol="tcp" portid="5060"><state state="open" reason="syn-ack" reason_ttl="50"/></port></ports></host>
<host endtime="1733435581"><address addr="193.98.229.182" addrtype="ipv4"/><ports><port protocol="tcp" portid="5061"><state state="open" reason="syn-ack" reason_ttl="44"/></port></ports></host>
<host endtime="1733435586"><address addr="199.201.236.94" addrtype="ipv4"/><ports><port protocol="tcp" portid="5060"><state state="open" reason="syn-ack" reason_ttl="47"/></port></ports></host>
<host endtime="1733435590"><address addr="202.46.253.21" addrtype="ipv4"/><ports><port protocol="tcp" portid="5060"><state state="open" reason="syn-ack" reason_ttl="50"/></port></ports></host>
<host endtime="1733435600"><address addr="199.201.236.206" addrtype="ipv4"/><ports><port protocol="tcp" portid="5060"><state state="open" reason="syn-ack" reason_ttl="47"/></port></ports></host>
<host endtime="1733435601"><address addr="193.103.200.38" addrtype="ipv4"/><ports><port protocol="tcp" portid="5060"><state state="open" reason="syn-ack" reason_ttl="54"/></port></ports></host>
<host endtime="1733435602"><address addr="202.46.0.189" addrtype="ipv4"/><ports><port protocol="tcp" portid="5060"><state state="open" reason="syn-ack" reason_ttl="51"/></port></ports></host>
<host endtime="1733435603"><address addr="202.46.250.174" addrtype="ipv4"/><ports><port protocol="tcp" portid="5060"><state state="open" reason="syn-ack" reason_ttl="50"/></port></ports></host>
<host endtime="1733435606"><address addr="202.46.255.183" addrtype="ipv4"/><ports><port protocol="tcp" portid="5060"><state state="open" reason="syn-ack" reason_ttl="51"/></port></ports></host>
<host endtime="1733435606"><address addr="202.46.3.24" addrtype="ipv4"/><ports><port protocol="tcp" portid="5060"><state state="open" reason="syn-ack" reason_ttl="50"/></port></ports></host>
<host endtime="1733435608"><address addr="202.46.9.192" addrtype="ipv4"/><ports><port protocol="tcp" portid="5060"><state state="open" reason="syn-ack" reason_ttl="51"/></port></ports></host>
<host endtime="1733435610"><address addr="202.46.248.136" addrtype="ipv4"/><ports><port protocol="tcp" portid="5060"><state state="open" reason="syn-ack" reason_ttl="51"/></port></ports></host>
<host endtime="1733435614"><address addr="202.46.247.45" addrtype="ipv4"/><ports><port protocol="tcp" portid="5060"><state state="open" reason="syn-ack" reason_ttl="51"/></port></ports></host>
<host endtime="1733435616"><address addr="202.46.15.18" addrtype="ipv4"/><ports><port protocol="tcp" portid="5060"><state state="open" reason="syn-ack" reason_ttl="51"/></port></ports></host>
<host endtime="1733435619"><address addr="199.201.236.219" addrtype="ipv4"/><ports><port protocol="tcp" portid="5060"><state state="open" reason="syn-ack" reason_ttl="47"/></port></ports></host>
<host endtime="1733435621"><address addr="202.46.5.166" addrtype="ipv4"/><ports><port protocol="tcp" portid="5060"><state state="open" reason="syn-ack" reason_ttl="51"/></port></ports></host>
<host endtime="1733435625"><address addr="202.46.2.17" addrtype="ipv4"/><ports><port protocol="tcp" portid="5060"><state state="open" reason="syn-ack" reason_ttl="50"/></port></ports></host>
<host endtime="1733435627"><address addr="202.46.6.189" addrtype="ipv4"/><ports><port protocol="tcp" portid="5060"><state state="open" reason="syn-ack" reason_ttl="51"/></port></ports></host>
<host endtime="1733435627"><address addr="199.123.24.7" addrtype="ipv4"/><ports><port protocol="tcp" portid="5060"><state state="open" reason="syn-ack" reason_ttl="229"/></port></ports></host>
<host endtime="1733435630"><address addr="193.98.229.58" addrtype="ipv4"/><ports><port protocol="tcp" portid="5060"><state state="open" reason="syn-ack" reason_ttl="47"/></port></ports></host>
<host endtime="1733435630"><address addr="103.224.215.69" addrtype="ipv4"/><ports><port protocol="tcp" portid="5060"><state state="open" reason="syn-ack" reason_ttl="48"/></port></ports></host>
<host endtime="1733435633"><address addr="202.46.252.1" addrtype="ipv4"/><ports><port protocol="tcp" portid="5060"><state state="open" reason="syn-ack" reason_ttl="50"/></port></ports></host>
<host endtime="1733435635"><address addr="202.46.253.85" addrtype="ipv4"/><ports><port protocol="tcp" portid="5060"><state state="open" reason="syn-ack" reason_ttl="50"/></port></ports></host>
<host endtime="1733435636"><address addr="202.46.252.201" addrtype="ipv4"/><ports><port protocol="tcp" portid="5060"><state state="open" reason="syn-ack" reason_ttl="51"/></port></ports></host>
<host endtime="1733435636"><address addr="202.46.10.255" addrtype="ipv4"/><ports><port protocol="tcp" portid="5060"><state state="open" reason="syn-ack" reason_ttl="51"/></port></ports></host>
<host endtime="1733435636"><address addr="202.46.251.69" addrtype="ipv4"/><ports><port protocol="tcp" portid="5060"><state state="open" reason="syn-ack" reason_ttl="51"/></port></ports></host>
<host endtime="1733435636"><address addr="202.46.255.206" addrtype="ipv4"/><ports><port protocol="tcp" portid="5060"><state state="open" reason="syn-ack" reason_ttl="50"/></port></ports></host>
<host endtime="1733435638"><address addr="202.46.241.0" addrtype="ipv4"/><ports><port protocol="tcp" portid="5060"><state state="open" reason="syn-ack" reason_ttl="50"/></port></ports></host>
<host endtime="1733435646"><address addr="103.83.18.88" addrtype="ipv4"/><ports><port protocol="tcp" portid="5060"><state state="open" reason="syn-ack" reason_ttl="48"/></port></ports></host>
<host endtime="1733435648"><address addr="202.46.249.73" addrtype="ipv4"/><ports><port protocol="tcp" portid="5060"><state state="open" reason="syn-ack" reason_ttl="50"/></port></ports></host>
<host endtime="1733435649"><address addr="202.46.244.90" addrtype="ipv4"/><ports><port protocol="tcp" portid="5060"><state state="open" reason="syn-ack" reason_ttl="50"/></port></ports></host>
<host endtime="1733435650"><address addr="202.46.15.60" addrtype="ipv4"/><ports><port protocol="tcp" portid="5060"><state state="open" reason="syn-ack" reason_ttl="50"/></port></ports></host>
<host endtime="1733435650"><address addr="202.46.8.16" addrtype="ipv4"/><ports><port protocol="tcp" portid="5061"><state state="open" reason="syn-ack" reason_ttl="50"/></port></ports></host>
<host endtime="1733435651"><address addr="199.201.237.80" addrtype="ipv4"/><ports><port protocol="tcp" portid="5060"><state state="open" reason="syn-ack" reason_ttl="47"/></port></ports></host>
<host endtime="1733435652"><address addr="202.46.14.168" addrtype="ipv4"/><ports><port protocol="tcp" portid="5060"><state state="open" reason="syn-ack" reason_ttl="51"/></port></ports></host>
<host endtime="1733435654"><address addr="202.46.252.32" addrtype="ipv4"/><ports><port protocol="tcp" portid="5060"><state state="open" reason="syn-ack" reason_ttl="51"/></port></ports></host>
<host endtime="1733435654"><address addr="202.46.4.71" addrtype="ipv4"/><ports><port protocol="tcp" portid="5060"><state state="open" reason="syn-ack" reason_ttl="51"/></port></ports></host>
<host endtime="1733435654"><address addr="103.224.214.61" addrtype="ipv4"/><ports><port protocol="tcp" portid="5060"><state state="open" reason="syn-ack" reason_ttl="48"/></port></ports></host>
<host endtime="1733435656"><address addr="199.201.237.10" addrtype="ipv4"/><ports><port protocol="tcp" portid="5060"><state state="open" reason="syn-ack" reason_ttl="47"/></port></ports></host>
<host endtime="1733435660"><address addr="103.83.19.89" addrtype="ipv4"/><ports><port protocol="tcp" portid="5060"><state state="open" reason="syn-ack" reason_ttl="48"/></port></ports></host>
<host endtime="1733435663"><address addr="202.46.247.79" addrtype="ipv4"/><ports><port protocol="tcp" portid="5060"><state state="open" reason="syn-ack" reason_ttl="51"/></port></ports></host>
<host endtime="1733435663"><address addr="199.123.24.215" addrtype="ipv4"/><ports><port protocol="tcp" portid="5060"><state state="open" reason="syn-ack" reason_ttl="229"/></port></ports></host>
<host endtime="1733435666"><address addr="202.46.11.182" addrtype="ipv4"/><ports><port protocol="tcp" portid="5060"><state state="open" reason="syn-ack" reason_ttl="50"/></port></ports></host>
<host endtime="1733435667"><address addr="202.46.9.136" addrtype="ipv4"/><ports><port protocol="tcp" portid="5060"><state state="open" reason="syn-ack" reason_ttl="50"/></port></ports></host>
<host endtime="1733435668"><address addr="103.224.214.207" addrtype="ipv4"/><ports><port protocol="tcp" portid="5060"><state state="open" reason="syn-ack" reason_ttl="48"/></port></ports></host>
<host endtime="1733435670"><address addr="202.46.245.164" addrtype="ipv4"/><ports><port protocol="tcp" portid="5060"><state state="open" reason="syn-ack" reason_ttl="51"/></port></ports></host>
<host endtime="1733435671"><address addr="202.46.10.226" addrtype="ipv4"/><ports><port protocol="tcp" portid="5060"><state state="open" reason="syn-ack" reason_ttl="50"/></port></ports></host>
<host endtime="1733435672"><address addr="193.98.229.185" addrtype="ipv4"/><ports><port protocol="tcp" portid="5060"><state state="open" reason="syn-ack" reason_ttl="44"/></port></ports></host>
<host endtime="1733435673"><address addr="103.83.19.87" addrtype="ipv4"/><ports><port protocol="tcp" portid="5060"><state state="open" reason="syn-ack" reason_ttl="48"/></port></ports></host>
<host endtime="1733435676"><address addr="202.46.6.132" addrtype="ipv4"/><ports><port protocol="tcp" portid="5060"><state state="open" reason="syn-ack" reason_ttl="50"/></port></ports></host>
<host endtime="1733435676"><address addr="193.98.229.120" addrtype="ipv4"/><ports><port protocol="tcp" portid="5061"><state state="open" reason="syn-ack" reason_ttl="49"/></port></ports></host>
<host endtime="1733435681"><address addr="202.46.2.207" addrtype="ipv4"/><ports><port protocol="tcp" portid="5060"><state state="open" reason="syn-ack" reason_ttl="51"/></port></ports></host>
<host endtime="1733435684"><address addr="202.46.250.65" addrtype="ipv4"/><ports><port protocol="tcp" portid="5060"><state state="open" reason="syn-ack" reason_ttl="51"/></port></ports></host>
<host endtime="1733435689"><address addr="202.46.252.103" addrtype="ipv4"/><ports><port protocol="tcp" portid="5060"><state state="open" reason="syn-ack" reason_ttl="51"/></port></ports></host>
<host endtime="1733435692"><address addr="202.46.240.143" addrtype="ipv4"/><ports><port protocol="tcp" portid="5060"><state state="open" reason="syn-ack" reason_ttl="51"/></port></ports></host>
<host endtime="1733435692"><address addr="202.46.243.187" addrtype="ipv4"/><ports><port protocol="tcp" portid="5060"><state state="open" reason="syn-ack" reason_ttl="51"/></port></ports></host>
<host endtime="1733435699"><address addr="202.46.5.64" addrtype="ipv4"/><ports><port protocol="tcp" portid="5060"><state state="open" reason="syn-ack" reason_ttl="51"/></port></ports></host>
<host endtime="1733435701"><address addr="103.224.214.6" addrtype="ipv4"/><ports><port protocol="tcp" portid="5060"><state state="open" reason="syn-ack" reason_ttl="48"/></port></ports></host>
<host endtime="1733435701"><address addr="103.224.214.35" addrtype="ipv4"/><ports><port protocol="tcp" portid="5060"><state state="open" reason="syn-ack" reason_ttl="48"/></port></ports></host>
<host endtime="1733435703"><address addr="202.46.8.42" addrtype="ipv4"/><ports><port protocol="tcp" portid="5060"><state state="open" reason="syn-ack" reason_ttl="50"/></port></ports></host>
<host endtime="1733435704"><address addr="202.46.15.145" addrtype="ipv4"/><ports><port protocol="tcp" portid="5061"><state state="open" reason="syn-ack" reason_ttl="50"/></port></ports></host>
<host endtime="1733435706"><address addr="103.110.61.59" addrtype="ipv4"/><ports><port protocol="tcp" portid="5060"><state state="open" reason="syn-ack" reason_ttl="242"/></port></ports></host>
<host endtime="1733435707"><address addr="193.98.229.62" addrtype="ipv4"/><ports><port protocol="tcp" portid="5060"><state state="open" reason="syn-ack" reason_ttl="47"/></port></ports></host>
<host endtime="1733435708"><address addr="202.46.249.116" addrtype="ipv4"/><ports><port protocol="tcp" portid="5060"><state state="open" reason="syn-ack" reason_ttl="50"/></port></ports></host>
<host endtime="1733435710"><address addr="202.46.11.159" addrtype="ipv4"/><ports><port protocol="tcp" portid="5060"><state state="open" reason="syn-ack" reason_ttl="51"/></port></ports></host>
<host endtime="1733435716"><address addr="202.46.246.175" addrtype="ipv4"/><ports><port protocol="tcp" portid="5060"><state state="open" reason="syn-ack" reason_ttl="51"/></port></ports></host>
<host endtime="1733435717"><address addr="202.46.251.130" addrtype="ipv4"/><ports><port protocol="tcp" portid="5060"><state state="open" reason="syn-ack" reason_ttl="51"/></port></ports></host>
<host endtime="1733435718"><address addr="202.46.248.31" addrtype="ipv4"/><ports><port protocol="tcp" portid="5060"><state state="open" reason="syn-ack" reason_ttl="50"/></port></ports></host>
<host endtime="1733435720"><address addr="202.46.247.35" addrtype="ipv4"/><ports><port protocol="tcp" portid="5060"><state state="open" reason="syn-ack" reason_ttl="51"/></port></ports></host>
<host endtime="1733435721"><address addr="202.46.3.97" addrtype="ipv4"/><ports><port protocol="tcp" portid="5060"><state state="open" reason="syn-ack" reason_ttl="50"/></port></ports></host>
<host endtime="1733435721"><address addr="202.46.2.70" addrtype="ipv4"/><ports><port protocol="tcp" portid="5060"><state state="open" reason="syn-ack" reason_ttl="50"/></port></ports></host>
<host endtime="1733435723"><address addr="202.46.251.165" addrtype="ipv4"/><ports><port protocol="tcp" portid="5060"><state state="open" reason="syn-ack" reason_ttl="51"/></port></ports></host>
<host endtime="1733435725"><address addr="193.103.200.250" addrtype="ipv4"/><ports><port protocol="tcp" portid="5060"><state state="open" reason="syn-ack" reason_ttl="52"/></port></ports></host>
<host endtime="1733435729"><address addr="103.224.215.186" addrtype="ipv4"/><ports><port protocol="tcp" portid="5060"><state state="open" reason="syn-ack" reason_ttl="48"/></port></ports></host>
<host endtime="1733435731"><address addr="202.46.245.20" addrtype="ipv4"/><ports><port protocol="tcp" portid="5060"><state state="open" reason="syn-ack" reason_ttl="51"/></port></ports></host>
<host endtime="1733435734"><address addr="103.83.19.179" addrtype="ipv4"/><ports><port protocol="tcp" portid="5060"><state state="open" reason="syn-ack" reason_ttl="48"/></port></ports></host>
<host endtime="1733435734"><address addr="202.46.243.40" addrtype="ipv4"/><ports><port protocol="tcp" portid="5060"><state state="open" reason="syn-ack" reason_ttl="50"/></port></ports></host>
<host endtime="1733435738"><address addr="202.46.1.207" addrtype="ipv4"/><ports><port protocol="tcp" portid="5060"><state state="open" reason="syn-ack" reason_ttl="50"/></port></ports></host>
<host endtime="1733435739"><address addr="202.46.240.163" addrtype="ipv4"/><ports><port protocol="tcp" portid="5060"><state state="open" reason="syn-ack" reason_ttl="50"/></port></ports></host>
<host endtime="1733435741"><address addr="193.103.200.162" addrtype="ipv4"/><ports><port protocol="tcp" portid="5060"><state state="open" reason="syn-ack" reason_ttl="52"/></port></ports></host>
<host endtime="1733435741"><address addr="202.46.11.85" addrtype="ipv4"/><ports><port protocol="tcp" portid="5060"><state state="open" reason="syn-ack" reason_ttl="51"/></port></ports></host>
<host endtime="1733435742"><address addr="202.46.12.233" addrtype="ipv4"/><ports><port protocol="tcp" portid="5060"><state state="open" reason="syn-ack" reason_ttl="51"/></port></ports></host>
<host endtime="1733435747"><address addr="202.46.1.86" addrtype="ipv4"/><ports><port protocol="tcp" portid="5061"><state state="open" reason="syn-ack" reason_ttl="49"/></port></ports></host>
<host endtime="1733435750"><address addr="202.46.2.225" addrtype="ipv4"/><ports><port protocol="tcp" portid="5060"><state state="open" reason="syn-ack" reason_ttl="51"/></port></ports></host>
<host endtime="1733435753"><address addr="103.177.50.67" addrtype="ipv4"/><ports><port protocol="tcp" portid="5060"><state state="open" reason="syn-ack" reason_ttl="121"/></port></ports></host>
<host endtime="1733435754"><address addr="202.46.242.220" addrtype="ipv4"/><ports><port protocol="tcp" portid="5060"><state state="open" reason="syn-ack" reason_ttl="51"/></port></ports></host>
<host endtime="1733435754"><address addr="103.224.215.205" addrtype="ipv4"/><ports><port protocol="tcp" portid="5060"><state state="open" reason="syn-ack" reason_ttl="48"/></port></ports></host>
<host endtime="1733435757"><address addr="202.46.6.103" addrtype="ipv4"/><ports><port protocol="tcp" portid="5060"><state state="open" reason="syn-ack" reason_ttl="51"/></port></ports></host>
<host endtime="1733435758"><address addr="199.201.236.184" addrtype="ipv4"/><ports><port protocol="tcp" portid="5060"><state state="open" reason="syn-ack" reason_ttl="47"/></port></ports></host>
<host endtime="1733435765"><address addr="103.83.18.137" addrtype="ipv4"/><ports><port protocol="tcp" portid="5060"><state state="open" reason="syn-ack" reason_ttl="48"/></port></ports></host>
<host endtime="1733435768"><address addr="202.46.14.242" addrtype="ipv4"/><ports><port protocol="tcp" portid="5060"><state state="open" reason="syn-ack" reason_ttl="50"/></port></ports></host>
<host endtime="1733435768"><address addr="199.201.236.111" addrtype="ipv4"/><ports><port protocol="tcp" portid="5060"><state state="open" reason="syn-ack" reason_ttl="47"/></port></ports></host>
<host endtime="1733435771"><address addr="202.46.244.92" addrtype="ipv4"/><ports><port protocol="tcp" portid="5060"><state state="open" reason="syn-ack" reason_ttl="51"/></port></ports></host>
<host endtime="1733435773"><address addr="202.46.8.15" addrtype="ipv4"/><ports><port protocol="tcp" portid="5060"><state state="open" reason="syn-ack" reason_ttl="51"/></port></ports></host>
<host endtime="1733435778"><address addr="202.46.2.49" addrtype="ipv4"/><ports><port protocol="tcp" portid="5060"><state state="open" reason="syn-ack" reason_ttl="51"/></port></ports></host>
<host endtime="1733435786"><address addr="202.46.252.200" addrtype="ipv4"/><ports><port protocol="tcp" portid="5060"><state state="open" reason="syn-ack" reason_ttl="51"/></port></ports></host>
<host endtime="1733435792"><address addr="202.46.246.78" addrtype="ipv4"/><ports><port protocol="tcp" portid="5060"><state state="open" reason="syn-ack" reason_ttl="50"/></port></ports></host>
<host endtime="1733435795"><address addr="202.46.15.185" addrtype="ipv4"/><ports><port protocol="tcp" portid="5060"><state state="open" reason="syn-ack" reason_ttl="51"/></port></ports></host>
<host endtime="1733435797"><address addr="103.224.214.170" addrtype="ipv4"/><ports><port protocol="tcp" portid="5060"><state state="open" reason="syn-ack" reason_ttl="48"/></port></ports></host>
<host endtime="1733435801"><address addr="199.123.24.11" addrtype="ipv4"/><ports><port protocol="tcp" portid="5060"><state state="open" reason="syn-ack" reason_ttl="229"/></port></ports></host>
<host endtime="1733435802"><address addr="202.46.252.219" addrtype="ipv4"/><ports><port protocol="tcp" portid="5060"><state state="open" reason="syn-ack" reason_ttl="51"/></port></ports></host>
<host endtime="1733435802"><address addr="202.46.243.142" addrtype="ipv4"/><ports><port protocol="tcp" portid="5060"><state state="open" reason="syn-ack" reason_ttl="50"/></port></ports></host>
<host endtime="1733435803"><address addr="202.46.251.253" addrtype="ipv4"/><ports><port protocol="tcp" portid="5060"><state state="open" reason="syn-ack" reason_ttl="51"/></port></ports></host>
<host endtime="1733435805"><address addr="202.46.7.92" addrtype="ipv4"/><ports><port protocol="tcp" portid="5060"><state state="open" reason="syn-ack" reason_ttl="51"/></port></ports></host>
<host endtime="1733435806"><address addr="202.46.247.158" addrtype="ipv4"/><ports><port protocol="tcp" portid="5060"><state state="open" reason="syn-ack" reason_ttl="51"/></port></ports></host>
<host endtime="1733435807"><address addr="199.201.237.142" addrtype="ipv4"/><ports><port protocol="tcp" portid="5060"><state state="open" reason="syn-ack" reason_ttl="47"/></port></ports></host>
<host endtime="1733435807"><address addr="202.46.7.227" addrtype="ipv4"/><ports><port protocol="tcp" portid="5060"><state state="open" reason="syn-ack" reason_ttl="51"/></port></ports></host>
<host endtime="1733435808"><address addr="202.46.15.31" addrtype="ipv4"/><ports><port protocol="tcp" portid="5060"><state state="open" reason="syn-ack" reason_ttl="51"/></port></ports></host>
<host endtime="1733435809"><address addr="193.103.200.83" addrtype="ipv4"/><ports><port protocol="tcp" portid="5060"><state state="open" reason="syn-ack" reason_ttl="54"/></port></ports></host>
<host endtime="1733435811"><address addr="202.46.249.76" addrtype="ipv4"/><ports><port protocol="tcp" portid="5060"><state state="open" reason="syn-ack" reason_ttl="51"/></port></ports></host>
<host endtime="1733435813"><address addr="199.123.24.117" addrtype="ipv4"/><ports><port protocol="tcp" portid="5060"><state state="open" reason="syn-ack" reason_ttl="229"/></port></ports></host>
<host endtime="1733435814"><address addr="202.46.245.187" addrtype="ipv4"/><ports><port protocol="tcp" portid="5060"><state state="open" reason="syn-ack" reason_ttl="50"/></port></ports></host>
<host endtime="1733435815"><address addr="202.46.2.174" addrtype="ipv4"/><ports><port protocol="tcp" portid="5060"><state state="open" reason="syn-ack" reason_ttl="51"/></port></ports></host>
<host endtime="1733435818"><address addr="202.46.241.23" addrtype="ipv4"/><ports><port protocol="tcp" portid="5060"><state state="open" reason="syn-ack" reason_ttl="50"/></port></ports></host>
<host endtime="1733435819"><address addr="202.46.246.153" addrtype="ipv4"/><ports><port protocol="tcp" portid="5060"><state state="open" reason="syn-ack" reason_ttl="50"/></port></ports></host>
<host endtime="1733435821"><address addr="103.177.50.85" addrtype="ipv4"/><ports><port protocol="tcp" portid="5061"><state state="open" reason="syn-ack" reason_ttl="121"/></port></ports></host>
<host endtime="1733435822"><address addr="202.46.9.169" addrtype="ipv4"/><ports><port protocol="tcp" portid="5060"><state state="open" reason="syn-ack" reason_ttl="51"/></port></ports></host>
<host endtime="1733435825"><address addr="199.201.236.44" addrtype="ipv4"/><ports><port protocol="tcp" portid="5060"><state state="open" reason="syn-ack" reason_ttl="47"/></port></ports></host>
<host endtime="1733435828"><address addr="199.123.26.108" addrtype="ipv4"/><ports><port protocol="tcp" portid="5060"><state state="open" reason="syn-ack" reason_ttl="229"/></port></ports></host>
<host endtime="1733435829"><address addr="202.46.255.116" addrtype="ipv4"/><ports><port protocol="tcp" portid="5060"><state state="open" reason="syn-ack" reason_ttl="50"/></port></ports></host>
<host endtime="1733435829"><address addr="202.46.241.118" addrtype="ipv4"/><ports><port protocol="tcp" portid="5060"><state state="open" reason="syn-ack" reason_ttl="51"/></port></ports></host>
<host endtime="1733435831"><address addr="199.201.236.201" addrtype="ipv4"/><ports><port protocol="tcp" portid="5060"><state state="open" reason="syn-ack" reason_ttl="47"/></port></ports></host>
<host endtime="1733435837"><address addr="202.46.247.82" addrtype="ipv4"/><ports><port protocol="tcp" portid="5060"><state state="open" reason="syn-ack" reason_ttl="51"/></port></ports></host>
<host endtime="1733435840"><address addr="196.195.253.63" addrtype="ipv4"/><ports><port protocol="tcp" portid="5060"><state state="open" reason="syn-ack" reason_ttl="51"/></port></ports></host>
<host endtime="1733435843"><address addr="103.177.50.84" addrtype="ipv4"/><ports><port protocol="tcp" portid="5060"><state state="open" reason="syn-ack" reason_ttl="120"/></port></ports></host>
<host endtime="1733435847"><address addr="202.46.1.226" addrtype="ipv4"/><ports><port protocol="tcp" portid="5060"><state state="open" reason="syn-ack" reason_ttl="51"/></port></ports></host>
<host endtime="1733435852"><address addr="103.224.214.253" addrtype="ipv4"/><ports><port protocol="tcp" portid="5060"><state state="open" reason="syn-ack" reason_ttl="48"/></port></ports></host>
<host endtime="1733435858"><address addr="202.46.3.32" addrtype="ipv4"/><ports><port protocol="tcp" portid="5060"><state state="open" reason="syn-ack" reason_ttl="51"/></port></ports></host>
<host endtime="1733435861"><address addr="202.46.3.131" addrtype="ipv4"/><ports><port protocol="tcp" portid="5060"><state state="open" reason="syn-ack" reason_ttl="51"/></port></ports></host>
<host endtime="1733435862"><address addr="202.46.247.93" addrtype="ipv4"/><ports><port protocol="tcp" portid="5060"><state state="open" reason="syn-ack" reason_ttl="51"/></port></ports></host>
<host endtime="1733435865"><address addr="199.201.236.185" addrtype="ipv4"/><ports><port protocol="tcp" portid="5060"><state state="open" reason="syn-ack" reason_ttl="47"/></port></ports></host>
<host endtime="1733435868"><address addr="193.98.119.33" addrtype="ipv4"/><ports><port protocol="tcp" portid="5060"><state state="open" reason="syn-ack" reason_ttl="48"/></port></ports></host>
<host endtime="1733435870"><address addr="202.46.254.30" addrtype="ipv4"/><ports><port protocol="tcp" portid="5060"><state state="open" reason="syn-ack" reason_ttl="51"/></port></ports></host>
<host endtime="1733435872"><address addr="202.46.9.226" addrtype="ipv4"/><ports><port protocol="tcp" portid="5060"><state state="open" reason="syn-ack" reason_ttl="51"/></port></ports></host>
<host endtime="1733435874"><address addr="202.46.252.223" addrtype="ipv4"/><ports><port protocol="tcp" portid="5060"><state state="open" reason="syn-ack" reason_ttl="51"/></port></ports></host>
<host endtime="1733435874"><address addr="199.123.24.45" addrtype="ipv4"/><ports><port protocol="tcp" portid="5060"><state state="open" reason="syn-ack" reason_ttl="229"/></port></ports></host>
<host endtime="1733435880"><address addr="103.83.18.252" addrtype="ipv4"/><ports><port protocol="tcp" portid="5060"><state state="open" reason="syn-ack" reason_ttl="48"/></port></ports></host>
<host endtime="1733435881"><address addr="202.46.246.157" addrtype="ipv4"/><ports><port protocol="tcp" portid="5060"><state state="open" reason="syn-ack" reason_ttl="51"/></port></ports></host>
<host endtime="1733435885"><address addr="103.224.215.246" addrtype="ipv4"/><ports><port protocol="tcp" portid="5060"><state state="open" reason="syn-ack" reason_ttl="48"/></port></ports></host>
<host endtime="1733435886"><address addr="202.46.254.151" addrtype="ipv4"/><ports><port protocol="tcp" portid="5060"><state state="open" reason="syn-ack" reason_ttl="51"/></port></ports></host>
<host endtime="1733435887"><address addr="202.46.13.138" addrtype="ipv4"/><ports><port protocol="tcp" portid="5060"><state state="open" reason="syn-ack" reason_ttl="51"/></port></ports></host>
<host endtime="1733435890"><address addr="202.46.247.246" addrtype="ipv4"/><ports><port protocol="tcp" portid="5060"><state state="open" reason="syn-ack" reason_ttl="50"/></port></ports></host>
<host endtime="1733435894"><address addr="202.46.3.119" addrtype="ipv4"/><ports><port protocol="tcp" portid="5061"><state state="open" reason="syn-ack" reason_ttl="50"/></port></ports></host>
<host endtime="1733435895"><address addr="202.46.255.155" addrtype="ipv4"/><ports><port protocol="tcp" portid="5060"><state state="open" reason="syn-ack" reason_ttl="51"/></port></ports></host>
<host endtime="1733435896"><address addr="193.98.229.16" addrtype="ipv4"/><ports><port protocol="tcp" portid="5060"><state state="open" reason="syn-ack" reason_ttl="44"/></port></ports></host>
<host endtime="1733435900"><address addr="202.46.249.214" addrtype="ipv4"/><ports><port protocol="tcp" portid="5060"><state state="open" reason="syn-ack" reason_ttl="51"/></port></ports></host>
<host endtime="1733435901"><address addr="202.46.1.141" addrtype="ipv4"/><ports><port protocol="tcp" portid="5060"><state state="open" reason="syn-ack" reason_ttl="51"/></port></ports></host>
<host endtime="1733435905"><address addr="202.46.251.19" addrtype="ipv4"/><ports><port protocol="tcp" portid="5060"><state state="open" reason="syn-ack" reason_ttl="51"/></port></ports></host>
<host endtime="1733435906"><address addr="103.224.214.167" addrtype="ipv4"/><ports><port protocol="tcp" portid="5060"><state state="open" reason="syn-ack" reason_ttl="48"/></port></ports></host>
<host endtime="1733435911"><address addr="202.46.14.98" addrtype="ipv4"/><ports><port protocol="tcp" portid="5060"><state state="open" reason="syn-ack" reason_ttl="51"/></port></ports></host>
<host endtime="1733435912"><address addr="202.46.9.91" addrtype="ipv4"/><ports><port protocol="tcp" portid="5060"><state state="open" reason="syn-ack" reason_ttl="51"/></port></ports></host>
<host endtime="1733435912"><address addr="199.201.237.203" addrtype="ipv4"/><ports><port protocol="tcp" portid="5060"><state state="open" reason="syn-ack" reason_ttl="47"/></port></ports></host>
<host endtime="1733435918"><address addr="199.123.25.190" addrtype="ipv4"/><ports><port protocol="tcp" portid="5060"><state state="open" reason="syn-ack" reason_ttl="229"/></port></ports></host>
<host endtime="1733435925"><address addr="199.201.236.237" addrtype="ipv4"/><ports><port protocol="tcp" portid="5060"><state state="open" reason="syn-ack" reason_ttl="47"/></port></ports></host>
<host endtime="1733435931"><address addr="202.46.244.51" addrtype="ipv4"/><ports><port protocol="tcp" portid="5060"><state state="open" reason="syn-ack" reason_ttl="51"/></port></ports></host>
<host endtime="1733435932"><address addr="202.46.246.16" addrtype="ipv4"/><ports><port protocol="tcp" portid="5060"><state state="open" reason="syn-ack" reason_ttl="51"/></port></ports></host>
<host endtime="1733435935"><address addr="202.46.242.247" addrtype="ipv4"/><ports><port protocol="tcp" portid="5060"><state state="open" reason="syn-ack" reason_ttl="51"/></port></ports></host>
<host endtime="1733435936"><address addr="199.201.236.102" addrtype="ipv4"/><ports><port protocol="tcp" portid="5060"><state state="open" reason="syn-ack" reason_ttl="47"/></port></ports></host>
<host endtime="1733435937"><address addr="202.46.14.93" addrtype="ipv4"/><ports><port protocol="tcp" portid="5060"><state state="open" reason="syn-ack" reason_ttl="51"/></port></ports></host>
<host endtime="1733435939"><address addr="202.46.15.191" addrtype="ipv4"/><ports><port protocol="tcp" portid="5060"><state state="open" reason="syn-ack" reason_ttl="51"/></port></ports></host>
<host endtime="1733435939"><address addr="103.177.50.85" addrtype="ipv4"/><ports><port protocol="tcp" portid="5060"><state state="open" reason="syn-ack" reason_ttl="120"/></port></ports></host>
<host endtime="1733435939"><address addr="199.123.25.212" addrtype="ipv4"/><ports><port protocol="tcp" portid="5060"><state state="open" reason="syn-ack" reason_ttl="229"/></port></ports></host>
<host endtime="1733435942"><address addr="202.46.241.56" addrtype="ipv4"/><ports><port protocol="tcp" portid="5060"><state state="open" reason="syn-ack" reason_ttl="50"/></port></ports></host>
<host endtime="1733435942"><address addr="193.98.229.179" addrtype="ipv4"/><ports><port protocol="tcp" portid="5060"><state state="open" reason="syn-ack" reason_ttl="44"/></port></ports></host>
<host endtime="1733435942"><address addr="202.46.241.132" addrtype="ipv4"/><ports><port protocol="tcp" portid="5060"><state state="open" reason="syn-ack" reason_ttl="50"/></port></ports></host>
<host endtime="1733435943"><address addr="202.46.245.174" addrtype="ipv4"/><ports><port protocol="tcp" portid="5060"><state state="open" reason="syn-ack" reason_ttl="50"/></port></ports></host>
<host endtime="1733435945"><address addr="202.46.243.24" addrtype="ipv4"/><ports><port protocol="tcp" portid="5060"><state state="open" reason="syn-ack" reason_ttl="50"/></port></ports></host>
<host endtime="1733435945"><address addr="202.46.247.180" addrtype="ipv4"/><ports><port protocol="tcp" portid="5060"><state state="open" reason="syn-ack" reason_ttl="51"/></port></ports></host>
<host endtime="1733435950"><address addr="199.123.26.141" addrtype="ipv4"/><ports><port protocol="tcp" portid="5060"><state state="open" reason="syn-ack" reason_ttl="229"/></port></ports></host>
<host endtime="1733435951"><address addr="199.123.26.239" addrtype="ipv4"/><ports><port protocol="tcp" portid="5060"><state state="open" reason="syn-ack" reason_ttl="229"/></port></ports></host>
<host endtime="1733435961"><address addr="202.46.11.214" addrtype="ipv4"/><ports><port protocol="tcp" portid="5060"><state state="open" reason="syn-ack" reason_ttl="51"/></port></ports></host>
<host endtime="1733435963"><address addr="202.46.250.4" addrtype="ipv4"/><ports><port protocol="tcp" portid="5060"><state state="open" reason="syn-ack" reason_ttl="51"/></port></ports></host>
<host endtime="1733435967"><address addr="193.98.229.36" addrtype="ipv4"/><ports><port protocol="tcp" portid="5061"><state state="open" reason="syn-ack" reason_ttl="48"/></port></ports></host>
<host endtime="1733435968"><address addr="202.46.253.12" addrtype="ipv4"/><ports><port protocol="tcp" portid="5060"><state state="open" reason="syn-ack" reason_ttl="50"/></port></ports></host>
<host endtime="1733435969"><address addr="202.46.244.110" addrtype="ipv4"/><ports><port protocol="tcp" portid="5060"><state state="open" reason="syn-ack" reason_ttl="51"/></port></ports></host>
<host endtime="1733435972"><address addr="202.46.240.84" addrtype="ipv4"/><ports><port protocol="tcp" portid="5060"><state state="open" reason="syn-ack" reason_ttl="51"/></port></ports></host>
<host endtime="1733435972"><address addr="202.46.0.100" addrtype="ipv4"/><ports><port protocol="tcp" portid="5060"><state state="open" reason="syn-ack" reason_ttl="50"/></port></ports></host>
<host endtime="1733435975"><address addr="199.201.237.134" addrtype="ipv4"/><ports><port protocol="tcp" portid="5060"><state state="open" reason="syn-ack" reason_ttl="47"/></port></ports></host>
<host endtime="1733435977"><address addr="103.224.214.60" addrtype="ipv4"/><ports><port protocol="tcp" portid="5060"><state state="open" reason="syn-ack" reason_ttl="48"/></port></ports></host>
<host endtime="1733435977"><address addr="202.46.251.157" addrtype="ipv4"/><ports><port protocol="tcp" portid="5060"><state state="open" reason="syn-ack" reason_ttl="51"/></port></ports></host>
<host endtime="1733435978"><address addr="202.46.244.178" addrtype="ipv4"/><ports><port protocol="tcp" portid="5060"><state state="open" reason="syn-ack" reason_ttl="50"/></port></ports></host>
<host endtime="1733435979"><address addr="202.46.0.26" addrtype="ipv4"/><ports><port protocol="tcp" portid="5060"><state state="open" reason="syn-ack" reason_ttl="50"/></port></ports></host>
<host endtime="1733435981"><address addr="199.123.25.159" addrtype="ipv4"/><ports><port protocol="tcp" portid="5060"><state state="open" reason="syn-ack" reason_ttl="229"/></port></ports></host>
<host endtime="1733435984"><address addr="202.46.1.108" addrtype="ipv4"/><ports><port protocol="tcp" portid="5060"><state state="open" reason="syn-ack" reason_ttl="50"/></port></ports></host>
<host endtime="1733435985"><address addr="202.46.255.200" addrtype="ipv4"/><ports><port protocol="tcp" portid="5060"><state state="open" reason="syn-ack" reason_ttl="51"/></port></ports></host>
<host endtime="1733435989"><address addr="193.103.200.129" addrtype="ipv4"/><ports><port protocol="tcp" portid="5060"><state state="open" reason="syn-ack" reason_ttl="54"/></port></ports></host>
<host endtime="1733435991"><address addr="202.46.11.201" addrtype="ipv4"/><ports><port protocol="tcp" portid="5060"><state state="open" reason="syn-ack" reason_ttl="50"/></port></ports></host>
<host endtime="1733435992"><address addr="202.46.15.228" addrtype="ipv4"/><ports><port protocol="tcp" portid="5060"><state state="open" reason="syn-ack" reason_ttl="50"/></port></ports></host>
<host endtime="1733435993"><address addr="202.46.249.174" addrtype="ipv4"/><ports><port protocol="tcp" portid="5060"><state state="open" reason="syn-ack" reason_ttl="50"/></port></ports></host>
<host endtime="1733435996"><address addr="202.46.255.84" addrtype="ipv4"/><ports><port protocol="tcp" portid="5060"><state state="open" reason="syn-ack" reason_ttl="51"/></port></ports></host>
<host endtime="1733435998"><address addr="202.46.8.185" addrtype="ipv4"/><ports><port protocol="tcp" portid="5060"><state state="open" reason="syn-ack" reason_ttl="51"/></port></ports></host>
<host endtime="1733436000"><address addr="202.46.247.43" addrtype="ipv4"/><ports><port protocol="tcp" portid="5060"><state state="open" reason="syn-ack" reason_ttl="50"/></port></ports></host>
<host endtime="1733436002"><address addr="202.46.244.49" addrtype="ipv4"/><ports><port protocol="tcp" portid="5060"><state state="open" reason="syn-ack" reason_ttl="51"/></port></ports></host>
<host endtime="1733436004"><address addr="202.46.7.119" addrtype="ipv4"/><ports><port protocol="tcp" portid="5060"><state state="open" reason="syn-ack" reason_ttl="51"/></port></ports></host>
<host endtime="1733436006"><address addr="199.201.237.59" addrtype="ipv4"/><ports><port protocol="tcp" portid="5060"><state state="open" reason="syn-ack" reason_ttl="47"/></port></ports></host>
<host endtime="1733436008"><address addr="202.46.13.220" addrtype="ipv4"/><ports><port protocol="tcp" portid="5060"><state state="open" reason="syn-ack" reason_ttl="50"/></port></ports></host>
<host endtime="1733436010"><address addr="202.46.244.16" addrtype="ipv4"/><ports><port protocol="tcp" portid="5060"><state state="open" reason="syn-ack" reason_ttl="50"/></port></ports></host>
<host endtime="1733436010"><address addr="202.46.245.222" addrtype="ipv4"/><ports><port protocol="tcp" portid="5060"><state state="open" reason="syn-ack" reason_ttl="51"/></port></ports></host>
<host endtime="1733436010"><address addr="202.46.251.231" addrtype="ipv4"/><ports><port protocol="tcp" portid="5060"><state state="open" reason="syn-ack" reason_ttl="51"/></port></ports></host>
<host endtime="1733436012"><address addr="202.46.255.37" addrtype="ipv4"/><ports><port protocol="tcp" portid="5060"><state state="open" reason="syn-ack" reason_ttl="51"/></port></ports></host>
<host endtime="1733436014"><address addr="103.83.18.149" addrtype="ipv4"/><ports><port protocol="tcp" portid="5060"><state state="open" reason="syn-ack" reason_ttl="48"/></port></ports></host>
<host endtime="1733436016"><address addr="202.46.14.58" addrtype="ipv4"/><ports><port protocol="tcp" portid="5060"><state state="open" reason="syn-ack" reason_ttl="50"/></port></ports></host>
<host endtime="1733436019"><address addr="202.46.243.240" addrtype="ipv4"/><ports><port protocol="tcp" portid="5060"><state state="open" reason="syn-ack" reason_ttl="51"/></port></ports></host>
<host endtime="1733436020"><address addr="202.46.248.167" addrtype="ipv4"/><ports><port protocol="tcp" portid="5060"><state state="open" reason="syn-ack" reason_ttl="51"/></port></ports></host>
<host endtime="1733436025"><address addr="202.46.247.109" addrtype="ipv4"/><ports><port protocol="tcp" portid="5060"><state state="open" reason="syn-ack" reason_ttl="50"/></port></ports></host>
<host endtime="1733436033"><address addr="193.98.229.233" addrtype="ipv4"/><ports><port protocol="tcp" portid="5060"><state state="open" reason="syn-ack" reason_ttl="44"/></port></ports></host>
<host endtime="1733436033"><address addr="202.46.250.17" addrtype="ipv4"/><ports><port protocol="tcp" portid="5060"><state state="open" reason="syn-ack" reason_ttl="51"/></port></ports></host>
<host endtime="1733436034"><address addr="202.46.5.198" addrtype="ipv4"/><ports><port protocol="tcp" portid="5060"><state state="open" reason="syn-ack" reason_ttl="50"/></port></ports></host>
<host endtime="1733436035"><address addr="202.46.254.63" addrtype="ipv4"/><ports><port protocol="tcp" portid="5060"><state state="open" reason="syn-ack" reason_ttl="50"/></port></ports></host>
<host endtime="1733436035"><address addr="193.98.116.187" addrtype="ipv4"/><ports><port protocol="tcp" portid="5060"><state state="open" reason="syn-ack" reason_ttl="49"/></port></ports></host>
<host endtime="1733436039"><address addr="202.46.251.6" addrtype="ipv4"/><ports><port protocol="tcp" portid="5060"><state state="open" reason="syn-ack" reason_ttl="51"/></port></ports></host>
<host endtime="1733436040"><address addr="202.46.249.169" addrtype="ipv4"/><ports><port protocol="tcp" portid="5060"><state state="open" reason="syn-ack" reason_ttl="51"/></port></ports></host>
<host endtime="1733436040"><address addr="103.83.18.238" addrtype="ipv4"/><ports><port protocol="tcp" portid="5060"><state state="open" reason="syn-ack" reason_ttl="48"/></port></ports></host>
<host endtime="1733436041"><address addr="202.46.250.252" addrtype="ipv4"/><ports><port protocol="tcp" portid="5060"><state state="open" reason="syn-ack" reason_ttl="51"/></port></ports></host>
<host endtime="1733436044"><address addr="202.46.250.233" addrtype="ipv4"/><ports><port protocol="tcp" portid="5060"><state state="open" reason="syn-ack" reason_ttl="50"/></port></ports></host>
<host endtime="1733436046"><address addr="202.46.10.67" addrtype="ipv4"/><ports><port protocol="tcp" portid="5060"><state state="open" reason="syn-ack" reason_ttl="51"/></port></ports></host>
<host endtime="1733436047"><address addr="202.46.255.77" addrtype="ipv4"/><ports><port protocol="tcp" portid="5060"><state state="open" reason="syn-ack" reason_ttl="51"/></port></ports></host>
<host endtime="1733436048"><address addr="202.46.8.203" addrtype="ipv4"/><ports><port protocol="tcp" portid="5060"><state state="open" reason="syn-ack" reason_ttl="50"/></port></ports></host>
<host endtime="1733436050"><address addr="202.46.13.193" addrtype="ipv4"/><ports><port protocol="tcp" portid="5060"><state state="open" reason="syn-ack" reason_ttl="50"/></port></ports></host>
<host endtime="1733436053"><address addr="202.46.241.240" addrtype="ipv4"/><ports><port protocol="tcp" portid="5060"><state state="open" reason="syn-ack" reason_ttl="51"/></port></ports></host>
<host endtime="1733436056"><address addr="199.123.25.49" addrtype="ipv4"/><ports><port protocol="tcp" portid="5060"><state state="open" reason="syn-ack" reason_ttl="229"/></port></ports></host>
<host endtime="1733436062"><address addr="202.46.250.244" addrtype="ipv4"/><ports><port protocol="tcp" portid="5060"><state state="open" reason="syn-ack" reason_ttl="50"/></port></ports></host>
<host endtime="1733436062"><address addr="202.46.10.184" addrtype="ipv4"/><ports><port protocol="tcp" portid="5060"><state state="open" reason="syn-ack" reason_ttl="50"/></port></ports></host>
<host endtime="1733436063"><address addr="193.103.200.113" addrtype="ipv4"/><ports><port protocol="tcp" portid="5060"><state state="open" reason="syn-ack" reason_ttl="52"/></port></ports></host>
<host endtime="1733436063"><address addr="199.123.24.175" addrtype="ipv4"/><ports><port protocol="tcp" portid="5060"><state state="open" reason="syn-ack" reason_ttl="229"/></port></ports></host>
<host endtime="1733436067"><address addr="202.46.245.182" addrtype="ipv4"/><ports><port protocol="tcp" portid="5060"><state state="open" reason="syn-ack" reason_ttl="51"/></port></ports></host>
<host endtime="1733436069"><address addr="103.224.215.227" addrtype="ipv4"/><ports><port protocol="tcp" portid="5060"><state state="open" reason="syn-ack" reason_ttl="48"/></port></ports></host>
<host endtime="1733436071"><address addr="202.46.243.152" addrtype="ipv4"/><ports><port protocol="tcp" portid="5060"><state state="open" reason="syn-ack" reason_ttl="51"/></port></ports></host>
<host endtime="1733436072"><address addr="193.98.229.188" addrtype="ipv4"/><ports><port protocol="tcp" portid="5060"><state state="open" reason="syn-ack" reason_ttl="49"/></port></ports></host>
<host endtime="1733436073"><address addr="103.177.50.74" addrtype="ipv4"/><ports><port protocol="tcp" portid="5061"><state state="open" reason="syn-ack" reason_ttl="120"/></port></ports></host>
<host endtime="1733436076"><address addr="202.46.5.219" addrtype="ipv4"/><ports><port protocol="tcp" portid="5060"><state state="open" reason="syn-ack" reason_ttl="51"/></port></ports></host>
<host endtime="1733436077"><address addr="103.224.215.116" addrtype="ipv4"/><ports><port protocol="tcp" portid="5060"><state state="open" reason="syn-ack" reason_ttl="48"/></port></ports></host>
<host endtime="1733436080"><address addr="202.46.8.37" addrtype="ipv4"/><ports><port protocol="tcp" portid="5060"><state state="open" reason="syn-ack" reason_ttl="50"/></port></ports></host>
<host endtime="1733436082"><address addr="202.46.11.190" addrtype="ipv4"/><ports><port protocol="tcp" portid="5060"><state state="open" reason="syn-ack" reason_ttl="51"/></port></ports></host>
<host endtime="1733436083"><address addr="202.46.240.148" addrtype="ipv4"/><ports><port protocol="tcp" portid="5060"><state state="open" reason="syn-ack" reason_ttl="50"/></port></ports></host>
<host endtime="1733436084"><address addr="202.46.251.59" addrtype="ipv4"/><ports><port protocol="tcp" portid="5060"><state state="open" reason="syn-ack" reason_ttl="51"/></port></ports></host>
<host endtime="1733436090"><address addr="199.201.236.25" addrtype="ipv4"/><ports><port protocol="tcp" portid="5060"><state state="open" reason="syn-ack" reason_ttl="47"/></port></ports></host>
<host endtime="1733436093"><address addr="202.46.250.184" addrtype="ipv4"/><ports><port protocol="tcp" portid="5060"><state state="open" reason="syn-ack" reason_ttl="51"/></port></ports></host>
<host endtime="1733436093"><address addr="202.46.2.190" addrtype="ipv4"/><ports><port protocol="tcp" portid="5060"><state state="open" reason="syn-ack" reason_ttl="51"/></port></ports></host>
<host endtime="1733436096"><address addr="202.46.15.35" addrtype="ipv4"/><ports><port protocol="tcp" portid="5060"><state state="open" reason="syn-ack" reason_ttl="51"/></port></ports></host>
<host endtime="1733436098"><address addr="202.46.12.55" addrtype="ipv4"/><ports><port protocol="tcp" portid="5060"><state state="open" reason="syn-ack" reason_ttl="51"/></port></ports></host>
<host endtime="1733436098"><address addr="202.46.249.205" addrtype="ipv4"/><ports><port protocol="tcp" portid="5060"><state state="open" reason="syn-ack" reason_ttl="51"/></port></ports></host>
<host endtime="1733436099"><address addr="202.46.13.227" addrtype="ipv4"/><ports><port protocol="tcp" portid="5060"><state state="open" reason="syn-ack" reason_ttl="51"/></port></ports></host>
<host endtime="1733436101"><address addr="103.83.19.134" addrtype="ipv4"/><ports><port protocol="tcp" portid="5060"><state state="open" reason="syn-ack" reason_ttl="48"/></port></ports></host>
<host endtime="1733436101"><address addr="193.103.200.215" addrtype="ipv4"/><ports><port protocol="tcp" portid="5060"><state state="open" reason="syn-ack" reason_ttl="54"/></port></ports></host>
<host endtime="1733436103"><address addr="193.103.206.118" addrtype="ipv4"/><ports><port protocol="tcp" portid="5060"><state state="open" reason="syn-ack" reason_ttl="54"/></port></ports></host>
<host endtime="1733436104"><address addr="202.46.15.201" addrtype="ipv4"/><ports><port protocol="tcp" portid="5060"><state state="open" reason="syn-ack" reason_ttl="51"/></port></ports></host>
<host endtime="1733436104"><address addr="202.46.14.157" addrtype="ipv4"/><ports><port protocol="tcp" portid="5060"><state state="open" reason="syn-ack" reason_ttl="51"/></port></ports></host>
<host endtime="1733436107"><address addr="202.46.254.210" addrtype="ipv4"/><ports><port protocol="tcp" portid="5060"><state state="open" reason="syn-ack" reason_ttl="51"/></port></ports></host>
<host endtime="1733436109"><address addr="202.46.8.3" addrtype="ipv4"/><ports><port protocol="tcp" portid="5060"><state state="open" reason="syn-ack" reason_ttl="51"/></port></ports></host>
<host endtime="1733436110"><address addr="202.46.6.152" addrtype="ipv4"/><ports><port protocol="tcp" portid="5060"><state state="open" reason="syn-ack" reason_ttl="51"/></port></ports></host>
<host endtime="1733436116"><address addr="202.46.252.45" addrtype="ipv4"/><ports><port protocol="tcp" portid="5060"><state state="open" reason="syn-ack" reason_ttl="51"/></port></ports></host>
<host endtime="1733436122"><address addr="199.123.27.169" addrtype="ipv4"/><ports><port protocol="tcp" portid="5060"><state state="open" reason="syn-ack" reason_ttl="229"/></port></ports></host>
<host endtime="1733436124"><address addr="193.98.229.96" addrtype="ipv4"/><ports><port protocol="tcp" portid="5060"><state state="open" reason="syn-ack" reason_ttl="44"/></port></ports></host>
<host endtime="1733436126"><address addr="103.224.215.137" addrtype="ipv4"/><ports><port protocol="tcp" portid="5060"><state state="open" reason="syn-ack" reason_ttl="48"/></port></ports></host>
<host endtime="1733436128"><address addr="202.46.0.1" addrtype="ipv4"/><ports><port protocol="tcp" portid="5060"><state state="open" reason="syn-ack" reason_ttl="51"/></port></ports></host>
<host endtime="1733436132"><address addr="202.46.8.100" addrtype="ipv4"/><ports><port protocol="tcp" portid="5060"><state state="open" reason="syn-ack" reason_ttl="50"/></port></ports></host>
<host endtime="1733436133"><address addr="199.123.27.242" addrtype="ipv4"/><ports><port protocol="tcp" portid="5060"><state state="open" reason="syn-ack" reason_ttl="229"/></port></ports></host>
<host endtime="1733436135"><address addr="202.46.250.182" addrtype="ipv4"/><ports><port protocol="tcp" portid="5060"><state state="open" reason="syn-ack" reason_ttl="50"/></port></ports></host>
<host endtime="1733436137"><address addr="202.46.246.60" addrtype="ipv4"/><ports><port protocol="tcp" portid="5060"><state state="open" reason="syn-ack" reason_ttl="51"/></port></ports></host>
<host endtime="1733436139"><address addr="193.98.229.81" addrtype="ipv4"/><ports><port protocol="tcp" portid="5060"><state state="open" reason="syn-ack" reason_ttl="44"/></port></ports></host>
<host endtime="1733436141"><address addr="199.123.27.229" addrtype="ipv4"/><ports><port protocol="tcp" portid="5060"><state state="open" reason="syn-ack" reason_ttl="229"/></port></ports></host>
<host endtime="1733436142"><address addr="199.123.26.243" addrtype="ipv4"/><ports><port protocol="tcp" portid="5060"><state state="open" reason="syn-ack" reason_ttl="229"/></port></ports></host>
<host endtime="1733436143"><address addr="202.46.241.12" addrtype="ipv4"/><ports><port protocol="tcp" portid="5060"><state state="open" reason="syn-ack" reason_ttl="50"/></port></ports></host>
<host endtime="1733436147"><address addr="193.98.229.24" addrtype="ipv4"/><ports><port protocol="tcp" portid="5060"><state state="open" reason="syn-ack" reason_ttl="44"/></port></ports></host>
<host endtime="1733436149"><address addr="202.46.3.140" addrtype="ipv4"/><ports><port protocol="tcp" portid="5060"><state state="open" reason="syn-ack" reason_ttl="51"/></port></ports></host>
<host endtime="1733436149"><address addr="202.46.3.234" addrtype="ipv4"/><ports><port protocol="tcp" portid="5060"><state state="open" reason="syn-ack" reason_ttl="51"/></port></ports></host>
<host endtime="1733436149"><address addr="193.98.119.98" addrtype="ipv4"/><ports><port protocol="tcp" portid="5060"><state state="open" reason="syn-ack" reason_ttl="49"/></port></ports></host>
<host endtime="1733436149"><address addr="202.46.244.11" addrtype="ipv4"/><ports><port protocol="tcp" portid="5060"><state state="open" reason="syn-ack" reason_ttl="50"/></port></ports></host>
<host endtime="1733436152"><address addr="202.46.244.84" addrtype="ipv4"/><ports><port protocol="tcp" portid="5060"><state state="open" reason="syn-ack" reason_ttl="51"/></port></ports></host>
<host endtime="1733436159"><address addr="196.195.15.79" addrtype="ipv4"/><ports><port protocol="tcp" portid="5060"><state state="open" reason="syn-ack" reason_ttl="52"/></port></ports></host>
<host endtime="1733436161"><address addr="202.46.3.243" addrtype="ipv4"/><ports><port protocol="tcp" portid="5060"><state state="open" reason="syn-ack" reason_ttl="50"/></port></ports></host>
<host endtime="1733436163"><address addr="199.201.237.32" addrtype="ipv4"/><ports><port protocol="tcp" portid="5060"><state state="open" reason="syn-ack" reason_ttl="47"/></port></ports></host>
<host endtime="1733436163"><address addr="202.46.244.225" addrtype="ipv4"/><ports><port protocol="tcp" portid="5060"><state state="open" reason="syn-ack" reason_ttl="51"/></port></ports></host>
<host endtime="1733436164"><address addr="103.83.18.237" addrtype="ipv4"/><ports><port protocol="tcp" portid="5060"><state state="open" reason="syn-ack" reason_ttl="48"/></port></ports></host>
<host endtime="1733436168"><address addr="202.46.245.227" addrtype="ipv4"/><ports><port protocol="tcp" portid="5060"><state state="open" reason="syn-ack" reason_ttl="50"/></port></ports></host>
<host endtime="1733436169"><address addr="103.224.214.218" addrtype="ipv4"/><ports><port protocol="tcp" portid="5060"><state state="open" reason="syn-ack" reason_ttl="48"/></port></ports></host>
<host endtime="1733436169"><address addr="202.46.242.106" addrtype="ipv4"/><ports><port protocol="tcp" portid="5060"><state state="open" reason="syn-ack" reason_ttl="51"/></port></ports></host>
<host endtime="1733436170"><address addr="202.46.12.70" addrtype="ipv4"/><ports><port protocol="tcp" portid="5060"><state state="open" reason="syn-ack" reason_ttl="51"/></port></ports></host>
<host endtime="1733436172"><address addr="202.46.240.36" addrtype="ipv4"/><ports><port protocol="tcp" portid="5060"><state state="open" reason="syn-ack" reason_ttl="51"/></port></ports></host>
<host endtime="1733436173"><address addr="202.46.8.215" addrtype="ipv4"/><ports><port protocol="tcp" portid="5060"><state state="open" reason="syn-ack" reason_ttl="51"/></port></ports></host>
<host endtime="1733436176"><address addr="202.46.9.82" addrtype="ipv4"/><ports><port protocol="tcp" portid="5060"><state state="open" reason="syn-ack" reason_ttl="51"/></port></ports></host>
<host endtime="1733436176"><address addr="202.46.5.246" addrtype="ipv4"/><ports><port protocol="tcp" portid="5060"><state state="open" reason="syn-ack" reason_ttl="51"/></port></ports></host>
<host endtime="1733436177"><address addr="202.46.10.75" addrtype="ipv4"/><ports><port protocol="tcp" portid="5060"><state state="open" reason="syn-ack" reason_ttl="50"/></port></ports></host>
<host endtime="1733436179"><address addr="199.123.27.64" addrtype="ipv4"/><ports><port protocol="tcp" portid="5060"><state state="open" reason="syn-ack" reason_ttl="229"/></port></ports></host>
<host endtime="1733436188"><address addr="199.123.26.183" addrtype="ipv4"/><ports><port protocol="tcp" portid="5060"><state state="open" reason="syn-ack" reason_ttl="229"/></port></ports></host>
<host endtime="1733436192"><address addr="103.83.19.2" addrtype="ipv4"/><ports><port protocol="tcp" portid="5060"><state state="open" reason="syn-ack" reason_ttl="48"/></port></ports></host>
<host endtime="1733436193"><address addr="202.46.5.139" addrtype="ipv4"/><ports><port protocol="tcp" portid="5060"><state state="open" reason="syn-ack" reason_ttl="51"/></port></ports></host>
<host endtime="1733436196"><address addr="202.46.249.69" addrtype="ipv4"/><ports><port protocol="tcp" portid="5060"><state state="open" reason="syn-ack" reason_ttl="51"/></port></ports></host>
<host endtime="1733436202"><address addr="202.46.253.32" addrtype="ipv4"/><ports><port protocol="tcp" portid="5060"><state state="open" reason="syn-ack" reason_ttl="51"/></port></ports></host>
<host endtime="1733436204"><address addr="202.46.2.202" addrtype="ipv4"/><ports><port protocol="tcp" portid="5060"><state state="open" reason="syn-ack" reason_ttl="51"/></port></ports></host>
<host endtime="1733436207"><address addr="202.46.2.75" addrtype="ipv4"/><ports><port protocol="tcp" portid="5060"><state state="open" reason="syn-ack" reason_ttl="50"/></port></ports></host>
<host endtime="1733436208"><address addr="202.46.246.12" addrtype="ipv4"/><ports><port protocol="tcp" portid="5060"><state state="open" reason="syn-ack" reason_ttl="51"/></port></ports></host>
<host endtime="1733436209"><address addr="199.123.24.120" addrtype="ipv4"/><ports><port protocol="tcp" portid="5060"><state state="open" reason="syn-ack" reason_ttl="229"/></port></ports></host>
<host endtime="1733436214"><address addr="202.46.3.189" addrtype="ipv4"/><ports><port protocol="tcp" portid="5060"><state state="open" reason="syn-ack" reason_ttl="51"/></port></ports></host>
<host endtime="1733436215"><address addr="202.46.3.71" addrtype="ipv4"/><ports><port protocol="tcp" portid="5060"><state state="open" reason="syn-ack" reason_ttl="50"/></port></ports></host>
<host endtime="1733436215"><address addr="202.46.9.32" addrtype="ipv4"/><ports><port protocol="tcp" portid="5060"><state state="open" reason="syn-ack" reason_ttl="51"/></port></ports></host>
<host endtime="1733436216"><address addr="202.46.1.79" addrtype="ipv4"/><ports><port protocol="tcp" portid="5060"><state state="open" reason="syn-ack" reason_ttl="51"/></port></ports></host>
<host endtime="1733436216"><address addr="202.46.243.234" addrtype="ipv4"/><ports><port protocol="tcp" portid="5060"><state state="open" reason="syn-ack" reason_ttl="51"/></port></ports></host>
<host endtime="1733436219"><address addr="202.46.243.246" addrtype="ipv4"/><ports><port protocol="tcp" portid="5060"><state state="open" reason="syn-ack" reason_ttl="51"/></port></ports></host>
<host endtime="1733436221"><address addr="193.103.200.131" addrtype="ipv4"/><ports><port protocol="tcp" portid="5060"><state state="open" reason="syn-ack" reason_ttl="54"/></port></ports></host>
<host endtime="1733436227"><address addr="202.46.251.126" addrtype="ipv4"/><ports><port protocol="tcp" portid="5060"><state state="open" reason="syn-ack" reason_ttl="51"/></port></ports></host>
<host endtime="1733436228"><address addr="199.123.25.203" addrtype="ipv4"/><ports><port protocol="tcp" portid="5060"><state state="open" reason="syn-ack" reason_ttl="229"/></port></ports></host>
<host endtime="1733436229"><address addr="202.46.245.100" addrtype="ipv4"/><ports><port protocol="tcp" portid="5060"><state state="open" reason="syn-ack" reason_ttl="51"/></port></ports></host>
<host endtime="1733436231"><address addr="202.46.0.103" addrtype="ipv4"/><ports><port protocol="tcp" portid="5060"><state state="open" reason="syn-ack" reason_ttl="50"/></port></ports></host>
<host endtime="1733436234"><address addr="202.46.3.134" addrtype="ipv4"/><ports><port protocol="tcp" portid="5060"><state state="open" reason="syn-ack" reason_ttl="51"/></port></ports></host>
<host endtime="1733436245"><address addr="202.46.5.162" addrtype="ipv4"/><ports><port protocol="tcp" portid="5060"><state state="open" reason="syn-ack" reason_ttl="51"/></port></ports></host>
<host endtime="1733436248"><address addr="199.123.27.61" addrtype="ipv4"/><ports><port protocol="tcp" portid="5060"><state state="open" reason="syn-ack" reason_ttl="229"/></port></ports></host>
<host endtime="1733436251"><address addr="202.46.249.222" addrtype="ipv4"/><ports><port protocol="tcp" portid="5060"><state state="open" reason="syn-ack" reason_ttl="50"/></port></ports></host>
<host endtime="1733436253"><address addr="202.46.2.9" addrtype="ipv4"/><ports><port protocol="tcp" portid="5060"><state state="open" reason="syn-ack" reason_ttl="51"/></port></ports></host>
<host endtime="1733436254"><address addr="202.46.6.250" addrtype="ipv4"/><ports><port protocol="tcp" portid="5060"><state state="open" reason="syn-ack" reason_ttl="51"/></port></ports></host>
<host endtime="1733436254"><address addr="202.46.1.210" addrtype="ipv4"/><ports><port protocol="tcp" portid="5060"><state state="open" reason="syn-ack" reason_ttl="51"/></port></ports></host>
<host endtime="1733436256"><address addr="199.201.236.211" addrtype="ipv4"/><ports><port protocol="tcp" portid="5060"><state state="open" reason="syn-ack" reason_ttl="47"/></port></ports></host>
<host endtime="1733436256"><address addr="202.46.11.49" addrtype="ipv4"/><ports><port protocol="tcp" portid="5060"><state state="open" reason="syn-ack" reason_ttl="51"/></port></ports></host>
<host endtime="1733436258"><address addr="202.46.8.16" addrtype="ipv4"/><ports><port protocol="tcp" portid="5060"><state state="open" reason="syn-ack" reason_ttl="51"/></port></ports></host>
<host endtime="1733436262"><address addr="202.46.246.230" addrtype="ipv4"/><ports><port protocol="tcp" portid="5060"><state state="open" reason="syn-ack" reason_ttl="51"/></port></ports></host>
<host endtime="1733436264"><address addr="202.46.8.55" addrtype="ipv4"/><ports><port protocol="tcp" portid="5060"><state state="open" reason="syn-ack" reason_ttl="51"/></port></ports></host>
<host endtime="1733436264"><address addr="202.46.250.13" addrtype="ipv4"/><ports><port protocol="tcp" portid="5060"><state state="open" reason="syn-ack" reason_ttl="50"/></port></ports></host>
<host endtime="1733436269"><address addr="202.46.13.181" addrtype="ipv4"/><ports><port protocol="tcp" portid="5060"><state state="open" reason="syn-ack" reason_ttl="51"/></port></ports></host>
<host endtime="1733436270"><address addr="202.46.240.46" addrtype="ipv4"/><ports><port protocol="tcp" portid="5060"><state state="open" reason="syn-ack" reason_ttl="51"/></port></ports></host>
<host endtime="1733436272"><address addr="202.46.1.189" addrtype="ipv4"/><ports><port protocol="tcp" portid="5060"><state state="open" reason="syn-ack" reason_ttl="50"/></port></ports></host>
<host endtime="1733436276"><address addr="202.46.248.102" addrtype="ipv4"/><ports><port protocol="tcp" portid="5060"><state state="open" reason="syn-ack" reason_ttl="50"/></port></ports></host>
<host endtime="1733436282"><address addr="202.46.250.90" addrtype="ipv4"/><ports><port protocol="tcp" portid="5060"><state state="open" reason="syn-ack" reason_ttl="50"/></port></ports></host>
<host endtime="1733436284"><address addr="103.83.18.215" addrtype="ipv4"/><ports><port protocol="tcp" portid="5060"><state state="open" reason="syn-ack" reason_ttl="48"/></port></ports></host>
<host endtime="1733436287"><address addr="202.46.15.78" addrtype="ipv4"/><ports><port protocol="tcp" portid="5060"><state state="open" reason="syn-ack" reason_ttl="51"/></port></ports></host>
<host endtime="1733436290"><address addr="202.46.255.88" addrtype="ipv4"/><ports><port protocol="tcp" portid="5060"><state state="open" reason="syn-ack" reason_ttl="50"/></port></ports></host>
<host endtime="1733436293"><address addr="202.46.6.192" addrtype="ipv4"/><ports><port protocol="tcp" portid="5060"><state state="open" reason="syn-ack" reason_ttl="50"/></port></ports></host>
<host endtime="1733436294"><address addr="202.46.4.205" addrtype="ipv4"/><ports><port protocol="tcp" portid="5060"><state state="open" reason="syn-ack" reason_ttl="51"/></port></ports></host>
<host endtime="1733436296"><address addr="202.46.13.237" addrtype="ipv4"/><ports><port protocol="tcp" portid="5060"><state state="open" reason="syn-ack" reason_ttl="51"/></port></ports></host>
<host endtime="1733436298"><address addr="202.46.241.57" addrtype="ipv4"/><ports><port protocol="tcp" portid="5060"><state state="open" reason="syn-ack" reason_ttl="51"/></port></ports></host>
<host endtime="1733436300"><address addr="202.46.241.167" addrtype="ipv4"/><ports><port protocol="tcp" portid="5060"><state state="open" reason="syn-ack" reason_ttl="51"/></port></ports></host>
<host endtime="1733436303"><address addr="103.83.18.25" addrtype="ipv4"/><ports><port protocol="tcp" portid="5060"><state state="open" reason="syn-ack" reason_ttl="48"/></port></ports></host>
<host endtime="1733436305"><address addr="202.46.9.248" addrtype="ipv4"/><ports><port protocol="tcp" portid="5060"><state state="open" reason="syn-ack" reason_ttl="50"/></port></ports></host>
<host endtime="1733436306"><address addr="202.46.250.100" addrtype="ipv4"/><ports><port protocol="tcp" portid="5060"><state state="open" reason="syn-ack" reason_ttl="51"/></port></ports></host>
<host endtime="1733436307"><address addr="202.46.243.59" addrtype="ipv4"/><ports><port protocol="tcp" portid="5060"><state state="open" reason="syn-ack" reason_ttl="51"/></port></ports></host>
<host endtime="1733436309"><address addr="199.201.236.174" addrtype="ipv4"/><ports><port protocol="tcp" portid="5060"><state state="open" reason="syn-ack" reason_ttl="47"/></port></ports></host>
<host endtime="1733436310"><address addr="199.123.24.108" addrtype="ipv4"/><ports><port protocol="tcp" portid="5060"><state state="open" reason="syn-ack" reason_ttl="229"/></port></ports></host>
<host endtime="1733436314"><address addr="202.46.246.252" addrtype="ipv4"/><ports><port protocol="tcp" portid="5060"><state state="open" reason="syn-ack" reason_ttl="51"/></port></ports></host>
<host endtime="1733436316"><address addr="202.46.242.188" addrtype="ipv4"/><ports><port protocol="tcp" portid="5060"><state state="open" reason="syn-ack" reason_ttl="51"/></port></ports></host>
<host endtime="1733436318"><address addr="202.46.246.224" addrtype="ipv4"/><ports><port protocol="tcp" portid="5060"><state state="open" reason="syn-ack" reason_ttl="50"/></port></ports></host>
<host endtime="1733436318"><address addr="202.46.253.79" addrtype="ipv4"/><ports><port protocol="tcp" portid="5060"><state state="open" reason="syn-ack" reason_ttl="51"/></port></ports></host>
<host endtime="1733436319"><address addr="202.46.255.213" addrtype="ipv4"/><ports><port protocol="tcp" portid="5060"><state state="open" reason="syn-ack" reason_ttl="50"/></port></ports></host>
<host endtime="1733436321"><address addr="199.123.25.64" addrtype="ipv4"/><ports><port protocol="tcp" portid="5060"><state state="open" reason="syn-ack" reason_ttl="229"/></port></ports></host>
<host endtime="1733436323"><address addr="202.46.244.66" addrtype="ipv4"/><ports><port protocol="tcp" portid="5060"><state state="open" reason="syn-ack" reason_ttl="51"/></port></ports></host>
<host endtime="1733436328"><address addr="199.123.27.252" addrtype="ipv4"/><ports><port protocol="tcp" portid="5060"><state state="open" reason="syn-ack" reason_ttl="229"/></port></ports></host>
<host endtime="1733436328"><address addr="199.123.27.220" addrtype="ipv4"/><ports><port protocol="tcp" portid="5060"><state state="open" reason="syn-ack" reason_ttl="229"/></port></ports></host>
<host endtime="1733436332"><address addr="202.46.8.199" addrtype="ipv4"/><ports><port protocol="tcp" portid="5060"><state state="open" reason="syn-ack" reason_ttl="50"/></port></ports></host>
<host endtime="1733436335"><address addr="202.46.10.108" addrtype="ipv4"/><ports><port protocol="tcp" portid="5060"><state state="open" reason="syn-ack" reason_ttl="51"/></port></ports></host>
<host endtime="1733436338"><address addr="199.201.236.205" addrtype="ipv4"/><ports><port protocol="tcp" portid="5060"><state state="open" reason="syn-ack" reason_ttl="47"/></port></ports></host>
<host endtime="1733436339"><address addr="202.46.246.24" addrtype="ipv4"/><ports><port protocol="tcp" portid="5060"><state state="open" reason="syn-ack" reason_ttl="51"/></port></ports></host>
<host endtime="1733436344"><address addr="202.46.249.107" addrtype="ipv4"/><ports><port protocol="tcp" portid="5060"><state state="open" reason="syn-ack" reason_ttl="51"/></port></ports></host>
<host endtime="1733436346"><address addr="202.46.251.178" addrtype="ipv4"/><ports><port protocol="tcp" portid="5060"><state state="open" reason="syn-ack" reason_ttl="50"/></port></ports></host>
<host endtime="1733436350"><address addr="202.46.14.118" addrtype="ipv4"/><ports><port protocol="tcp" portid="5060"><state state="open" reason="syn-ack" reason_ttl="50"/></port></ports></host>
<host endtime="1733436354"><address addr="202.46.250.84" addrtype="ipv4"/><ports><port protocol="tcp" portid="5060"><state state="open" reason="syn-ack" reason_ttl="50"/></port></ports></host>
<host endtime="1733436358"><address addr="193.103.200.41" addrtype="ipv4"/><ports><port protocol="tcp" portid="5060"><state state="open" reason="syn-ack" reason_ttl="54"/></port></ports></host>
<host endtime="1733436360"><address addr="202.46.243.77" addrtype="ipv4"/><ports><port protocol="tcp" portid="5060"><state state="open" reason="syn-ack" reason_ttl="50"/></port></ports></host>
<host endtime="1733436362"><address addr="103.83.18.61" addrtype="ipv4"/><ports><port protocol="tcp" portid="5060"><state state="open" reason="syn-ack" reason_ttl="48"/></port></ports></host>
<host endtime="1733436362"><address addr="199.201.236.118" addrtype="ipv4"/><ports><port protocol="tcp" portid="5060"><state state="open" reason="syn-ack" reason_ttl="47"/></port></ports></host>
<host endtime="1733436368"><address addr="103.83.18.231" addrtype="ipv4"/><ports><port protocol="tcp" portid="5060"><state state="open" reason="syn-ack" reason_ttl="48"/></port></ports></host>
<host endtime="1733436372"><address addr="202.46.8.88" addrtype="ipv4"/><ports><port protocol="tcp" portid="5060"><state state="open" reason="syn-ack" reason_ttl="50"/></port></ports></host>
<host endtime="1733436375"><address addr="202.46.11.57" addrtype="ipv4"/><ports><port protocol="tcp" portid="5060"><state state="open" reason="syn-ack" reason_ttl="51"/></port></ports></host>
<host endtime="1733436377"><address addr="199.201.237.38" addrtype="ipv4"/><ports><port protocol="tcp" portid="5060"><state state="open" reason="syn-ack" reason_ttl="47"/></port></ports></host>
<host endtime="1733436378"><address addr="202.46.244.21" addrtype="ipv4"/><ports><port protocol="tcp" portid="5060"><state state="open" reason="syn-ack" reason_ttl="51"/></port></ports></host>
<host endtime="1733436382"><address addr="199.123.27.129" addrtype="ipv4"/><ports><port protocol="tcp" portid="5060"><state state="open" reason="syn-ack" reason_ttl="229"/></port></ports></host>
<host endtime="1733436386"><address addr="202.46.251.100" addrtype="ipv4"/><ports><port protocol="tcp" portid="5060"><state state="open" reason="syn-ack" reason_ttl="51"/></port></ports></host>
<host endtime="1733436388"><address addr="202.46.4.120" addrtype="ipv4"/><ports><port protocol="tcp" portid="5060"><state state="open" reason="syn-ack" reason_ttl="51"/></port></ports></host>
<host endtime="1733436390"><address addr="202.46.247.62" addrtype="ipv4"/><ports><port protocol="tcp" portid="5060"><state state="open" reason="syn-ack" reason_ttl="51"/></port></ports></host>
<host endtime="1733436391"><address addr="202.46.14.34" addrtype="ipv4"/><ports><port protocol="tcp" portid="5060"><state state="open" reason="syn-ack" reason_ttl="51"/></port></ports></host>
<host endtime="1733436392"><address addr="202.46.7.146" addrtype="ipv4"/><ports><port protocol="tcp" portid="5060"><state state="open" reason="syn-ack" reason_ttl="50"/></port></ports></host>
<host endtime="1733436395"><address addr="202.46.6.59" addrtype="ipv4"/><ports><port protocol="tcp" portid="5060"><state state="open" reason="syn-ack" reason_ttl="51"/></port></ports></host>
<host endtime="1733436395"><address addr="193.103.200.85" addrtype="ipv4"/><ports><port protocol="tcp" portid="5060"><state state="open" reason="syn-ack" reason_ttl="54"/></port></ports></host>
<host endtime="1733436395"><address addr="202.46.6.50" addrtype="ipv4"/><ports><port protocol="tcp" portid="5060"><state state="open" reason="syn-ack" reason_ttl="50"/></port></ports></host>
<host endtime="1733436399"><address addr="193.103.206.212" addrtype="ipv4"/><ports><port protocol="tcp" portid="5060"><state state="open" reason="syn-ack" reason_ttl="52"/></port></ports></host>
<host endtime="1733436399"><address addr="199.123.25.196" addrtype="ipv4"/><ports><port protocol="tcp" portid="5060"><state state="open" reason="syn-ack" reason_ttl="229"/></port></ports></host>
<host endtime="1733436400"><address addr="202.46.5.207" addrtype="ipv4"/><ports><port protocol="tcp" portid="5060"><state state="open" reason="syn-ack" reason_ttl="51"/></port></ports></host>
<host endtime="1733436401"><address addr="202.46.241.226" addrtype="ipv4"/><ports><port protocol="tcp" portid="5060"><state state="open" reason="syn-ack" reason_ttl="50"/></port></ports></host>
<host endtime="1733436402"><address addr="202.46.255.2" addrtype="ipv4"/><ports><port protocol="tcp" portid="5060"><state state="open" reason="syn-ack" reason_ttl="51"/></port></ports></host>
<host endtime="1733436403"><address addr="202.46.3.29" addrtype="ipv4"/><ports><port protocol="tcp" portid="5060"><state state="open" reason="syn-ack" reason_ttl="51"/></port></ports></host>
<host endtime="1733436404"><address addr="202.46.240.96" addrtype="ipv4"/><ports><port protocol="tcp" portid="5060"><state state="open" reason="syn-ack" reason_ttl="51"/></port></ports></host>
<host endtime="1733436405"><address addr="199.123.25.135" addrtype="ipv4"/><ports><port protocol="tcp" portid="5060"><state state="open" reason="syn-ack" reason_ttl="229"/></port></ports></host>
<host endtime="1733436405"><address addr="202.46.6.69" addrtype="ipv4"/><ports><port protocol="tcp" portid="5060"><state state="open" reason="syn-ack" reason_ttl="50"/></port></ports></host>
<host endtime="1733436406"><address addr="202.46.242.167" addrtype="ipv4"/><ports><port protocol="tcp" portid="5060"><state state="open" reason="syn-ack" reason_ttl="51"/></port></ports></host>
<host endtime="1733436407"><address addr="202.46.245.26" addrtype="ipv4"/><ports><port protocol="tcp" portid="5060"><state state="open" reason="syn-ack" reason_ttl="51"/></port></ports></host>
<host endtime="1733436408"><address addr="202.46.13.142" addrtype="ipv4"/><ports><port protocol="tcp" portid="5060"><state state="open" reason="syn-ack" reason_ttl="51"/></port></ports></host>
<host endtime="1733436408"><address addr="202.46.15.11" addrtype="ipv4"/><ports><port protocol="tcp" portid="5060"><state state="open" reason="syn-ack" reason_ttl="50"/></port></ports></host>
<host endtime="1733436410"><address addr="202.46.15.238" addrtype="ipv4"/><ports><port protocol="tcp" portid="5060"><state state="open" reason="syn-ack" reason_ttl="51"/></port></ports></host>
<host endtime="1733436413"><address addr="202.46.2.238" addrtype="ipv4"/><ports><port protocol="tcp" portid="5060"><state state="open" reason="syn-ack" reason_ttl="51"/></port></ports></host>
<host endtime="1733436414"><address addr="202.46.247.171" addrtype="ipv4"/><ports><port protocol="tcp" portid="5060"><state state="open" reason="syn-ack" reason_ttl="51"/></port></ports></host>
<host endtime="1733436414"><address addr="199.123.26.56" addrtype="ipv4"/><ports><port protocol="tcp" portid="5060"><state state="open" reason="syn-ack" reason_ttl="229"/></port></ports></host>
<host endtime="1733436417"><address addr="193.98.119.27" addrtype="ipv4"/><ports><port protocol="tcp" portid="5060"><state state="open" reason="syn-ack" reason_ttl="49"/></port></ports></host>
<host endtime="1733436418"><address addr="202.46.241.45" addrtype="ipv4"/><ports><port protocol="tcp" portid="5060"><state state="open" reason="syn-ack" reason_ttl="51"/></port></ports></host>
<host endtime="1733436419"><address addr="202.46.9.117" addrtype="ipv4"/><ports><port protocol="tcp" portid="5060"><state state="open" reason="syn-ack" reason_ttl="51"/></port></ports></host>
<host endtime="1733436420"><address addr="202.46.3.69" addrtype="ipv4"/><ports><port protocol="tcp" portid="5060"><state state="open" reason="syn-ack" reason_ttl="50"/></port></ports></host>
<host endtime="1733436424"><address addr="202.46.240.103" addrtype="ipv4"/><ports><port protocol="tcp" portid="5060"><state state="open" reason="syn-ack" reason_ttl="51"/></port></ports></host>
<host endtime="1733436424"><address addr="199.123.26.176" addrtype="ipv4"/><ports><port protocol="tcp" portid="5060"><state state="open" reason="syn-ack" reason_ttl="229"/></port></ports></host>
<host endtime="1733436425"><address addr="199.201.236.220" addrtype="ipv4"/><ports><port protocol="tcp" portid="5060"><state state="open" reason="syn-ack" reason_ttl="47"/></port></ports></host>
<host endtime="1733436426"><address addr="202.46.5.37" addrtype="ipv4"/><ports><port protocol="tcp" portid="5060"><state state="open" reason="syn-ack" reason_ttl="51"/></port></ports></host>
<host endtime="1733436436"><address addr="199.201.237.221" addrtype="ipv4"/><ports><port protocol="tcp" portid="5060"><state state="open" reason="syn-ack" reason_ttl="47"/></port></ports></host>
<host endtime="1733436440"><address addr="202.46.9.185" addrtype="ipv4"/><ports><port protocol="tcp" portid="5060"><state state="open" reason="syn-ack" reason_ttl="51"/></port></ports></host>
<host endtime="1733436442"><address addr="202.46.0.215" addrtype="ipv4"/><ports><port protocol="tcp" portid="5060"><state state="open" reason="syn-ack" reason_ttl="51"/></port></ports></host>
<host endtime="1733436442"><address addr="202.46.244.175" addrtype="ipv4"/><ports><port protocol="tcp" portid="5060"><state state="open" reason="syn-ack" reason_ttl="50"/></port></ports></host>
<host endtime="1733436448"><address addr="202.46.248.249" addrtype="ipv4"/><ports><port protocol="tcp" portid="5060"><state state="open" reason="syn-ack" reason_ttl="51"/></port></ports></host>
<host endtime="1733436450"><address addr="202.46.14.173" addrtype="ipv4"/><ports><port protocol="tcp" portid="5060"><state state="open" reason="syn-ack" reason_ttl="51"/></port></ports></host>
<host endtime="1733436450"><address addr="202.46.255.151" addrtype="ipv4"/><ports><port protocol="tcp" portid="5060"><state state="open" reason="syn-ack" reason_ttl="50"/></port></ports></host>
<host endtime="1733436452"><address addr="103.83.19.25" addrtype="ipv4"/><ports><port protocol="tcp" portid="5060"><state state="open" reason="syn-ack" reason_ttl="48"/></port></ports></host>
<host endtime="1733436455"><address addr="202.46.249.114" addrtype="ipv4"/><ports><port protocol="tcp" portid="5060"><state state="open" reason="syn-ack" reason_ttl="51"/></port></ports></host>
<host endtime="1733436458"><address addr="202.46.3.130" addrtype="ipv4"/><ports><port protocol="tcp" portid="5060"><state state="open" reason="syn-ack" reason_ttl="51"/></port></ports></host>
<host endtime="1733436459"><address addr="202.46.246.88" addrtype="ipv4"/><ports><port protocol="tcp" portid="5060"><state state="open" reason="syn-ack" reason_ttl="51"/></port></ports></host>
<host endtime="1733436460"><address addr="199.123.24.113" addrtype="ipv4"/><ports><port protocol="tcp" portid="5060"><state state="open" reason="syn-ack" reason_ttl="229"/></port></ports></host>
<host endtime="1733436461"><address addr="202.46.6.21" addrtype="ipv4"/><ports><port protocol="tcp" portid="5060"><state state="open" reason="syn-ack" reason_ttl="50"/></port></ports></host>
<host endtime="1733436461"><address addr="199.201.236.251" addrtype="ipv4"/><ports><port protocol="tcp" portid="5060"><state state="open" reason="syn-ack" reason_ttl="47"/></port></ports></host>
<host endtime="1733436461"><address addr="202.46.249.128" addrtype="ipv4"/><ports><port protocol="tcp" portid="5060"><state state="open" reason="syn-ack" reason_ttl="51"/></port></ports></host>
<host endtime="1733436465"><address addr="202.46.12.175" addrtype="ipv4"/><ports><port protocol="tcp" portid="5060"><state state="open" reason="syn-ack" reason_ttl="51"/></port></ports></host>
<host endtime="1733436465"><address addr="202.46.246.123" addrtype="ipv4"/><ports><port protocol="tcp" portid="5060"><state state="open" reason="syn-ack" reason_ttl="50"/></port></ports></host>
<host endtime="1733436471"><address addr="202.46.253.48" addrtype="ipv4"/><ports><port protocol="tcp" portid="5060"><state state="open" reason="syn-ack" reason_ttl="51"/></port></ports></host>
<host endtime="1733436473"><address addr="103.83.19.130" addrtype="ipv4"/><ports><port protocol="tcp" portid="5060"><state state="open" reason="syn-ack" reason_ttl="48"/></port></ports></host>
<host endtime="1733436476"><address addr="202.46.250.96" addrtype="ipv4"/><ports><port protocol="tcp" portid="5060"><state state="open" reason="syn-ack" reason_ttl="51"/></port></ports></host>
<host endtime="1733436476"><address addr="202.46.13.51" addrtype="ipv4"/><ports><port protocol="tcp" portid="5060"><state state="open" reason="syn-ack" reason_ttl="51"/></port></ports></host>
<host endtime="1733436477"><address addr="202.46.2.111" addrtype="ipv4"/><ports><port protocol="tcp" portid="5060"><state state="open" reason="syn-ack" reason_ttl="51"/></port></ports></host>
<host endtime="1733436479"><address addr="202.46.1.246" addrtype="ipv4"/><ports><port protocol="tcp" portid="5060"><state state="open" reason="syn-ack" reason_ttl="51"/></port></ports></host>
<host endtime="1733436480"><address addr="202.46.2.35" addrtype="ipv4"/><ports><port protocol="tcp" portid="5060"><state state="open" reason="syn-ack" reason_ttl="50"/></port></ports></host>
<host endtime="1733436482"><address addr="202.46.9.232" addrtype="ipv4"/><ports><port protocol="tcp" portid="5060"><state state="open" reason="syn-ack" reason_ttl="51"/></port></ports></host>
<host endtime="1733436485"><address addr="202.46.249.88" addrtype="ipv4"/><ports><port protocol="tcp" portid="5060"><state state="open" reason="syn-ack" reason_ttl="50"/></port></ports></host>
<host endtime="1733436488"><address addr="103.224.214.17" addrtype="ipv4"/><ports><port protocol="tcp" portid="5060"><state state="open" reason="syn-ack" reason_ttl="48"/></port></ports></host>
<host endtime="1733436492"><address addr="202.46.242.40" addrtype="ipv4"/><ports><port protocol="tcp" portid="5060"><state state="open" reason="syn-ack" reason_ttl="51"/></port></ports></host>
<host endtime="1733436494"><address addr="199.201.236.223" addrtype="ipv4"/><ports><port protocol="tcp" portid="5060"><state state="open" reason="syn-ack" reason_ttl="47"/></port></ports></host>
<host endtime="1733436495"><address addr="202.46.252.82" addrtype="ipv4"/><ports><port protocol="tcp" portid="5060"><state state="open" reason="syn-ack" reason_ttl="51"/></port></ports></host>
<host endtime="1733436500"><address addr="193.103.200.161" addrtype="ipv4"/><ports><port protocol="tcp" portid="5060"><state state="open" reason="syn-ack" reason_ttl="54"/></port></ports></host>
<host endtime="1733436503"><address addr="103.83.19.74" addrtype="ipv4"/><ports><port protocol="tcp" portid="5060"><state state="open" reason="syn-ack" reason_ttl="48"/></port></ports></host>
<host endtime="1733436505"><address addr="103.83.19.51" addrtype="ipv4"/><ports><port protocol="tcp" portid="5060"><state state="open" reason="syn-ack" reason_ttl="48"/></port></ports></host>
<host endtime="1733436512"><address addr="199.123.27.237" addrtype="ipv4"/><ports><port protocol="tcp" portid="5060"><state state="open" reason="syn-ack" reason_ttl="229"/></port></ports></host>
<host endtime="1733436518"><address addr="202.46.243.159" addrtype="ipv4"/><ports><port protocol="tcp" portid="5060"><state state="open" reason="syn-ack" reason_ttl="51"/></port></ports></host>
<host endtime="1733436522"><address addr="103.224.214.177" addrtype="ipv4"/><ports><port protocol="tcp" portid="5060"><state state="open" reason="syn-ack" reason_ttl="48"/></port></ports></host>
<host endtime="1733436528"><address addr="202.46.245.175" addrtype="ipv4"/><ports><port protocol="tcp" portid="5060"><state state="open" reason="syn-ack" reason_ttl="51"/></port></ports></host>
<host endtime="1733436529"><address addr="193.98.229.57" addrtype="ipv4"/><ports><port protocol="tcp" portid="5061"><state state="open" reason="syn-ack" reason_ttl="49"/></port></ports></host>
<host endtime="1733436530"><address addr="202.46.3.94" addrtype="ipv4"/><ports><port protocol="tcp" portid="5060"><state state="open" reason="syn-ack" reason_ttl="50"/></port></ports></host>
<host endtime="1733436531"><address addr="199.201.237.193" addrtype="ipv4"/><ports><port protocol="tcp" portid="5060"><state state="open" reason="syn-ack" reason_ttl="47"/></port></ports></host>
<host endtime="1733436532"><address addr="202.46.249.61" addrtype="ipv4"/><ports><port protocol="tcp" portid="5060"><state state="open" reason="syn-ack" reason_ttl="51"/></port></ports></host>
<host endtime="1733436536"><address addr="202.46.248.124" addrtype="ipv4"/><ports><port protocol="tcp" portid="5060"><state state="open" reason="syn-ack" reason_ttl="51"/></port></ports></host>
<host endtime="1733436537"><address addr="202.46.3.114" addrtype="ipv4"/><ports><port protocol="tcp" portid="5061"><state state="open" reason="syn-ack" reason_ttl="50"/></port></ports></host>
<host endtime="1733436539"><address addr="199.123.25.193" addrtype="ipv4"/><ports><port protocol="tcp" portid="5060"><state state="open" reason="syn-ack" reason_ttl="229"/></port></ports></host>
<host endtime="1733436543"><address addr="199.123.26.51" addrtype="ipv4"/><ports><port protocol="tcp" portid="5060"><state state="open" reason="syn-ack" reason_ttl="229"/></port></ports></host>
<host endtime="1733436545"><address addr="193.103.200.117" addrtype="ipv4"/><ports><port protocol="tcp" portid="5060"><state state="open" reason="syn-ack" reason_ttl="52"/></port></ports></host>
<host endtime="1733436551"><address addr="202.46.244.62" addrtype="ipv4"/><ports><port protocol="tcp" portid="5060"><state state="open" reason="syn-ack" reason_ttl="51"/></port></ports></host>
<host endtime="1733436551"><address addr="103.177.50.20" addrtype="ipv4"/><ports><port protocol="tcp" portid="5060"><state state="open" reason="syn-ack" reason_ttl="57"/></port></ports></host>
<host endtime="1733436553"><address addr="202.46.251.189" addrtype="ipv4"/><ports><port protocol="tcp" portid="5060"><state state="open" reason="syn-ack" reason_ttl="51"/></port></ports></host>
<host endtime="1733436554"><address addr="202.46.0.68" addrtype="ipv4"/><ports><port protocol="tcp" portid="5060"><state state="open" reason="syn-ack" reason_ttl="51"/></port></ports></host>
<host endtime="1733436554"><address addr="103.224.214.63" addrtype="ipv4"/><ports><port protocol="tcp" portid="5060"><state state="open" reason="syn-ack" reason_ttl="48"/></port></ports></host>
<host endtime="1733436556"><address addr="202.46.251.202" addrtype="ipv4"/><ports><port protocol="tcp" portid="5060"><state state="open" reason="syn-ack" reason_ttl="51"/></port></ports></host>
<host endtime="1733436557"><address addr="202.46.253.94" addrtype="ipv4"/><ports><port protocol="tcp" portid="5060"><state state="open" reason="syn-ack" reason_ttl="51"/></port></ports></host>
<host endtime="1733436561"><address addr="202.46.245.8" addrtype="ipv4"/><ports><port protocol="tcp" portid="5060"><state state="open" reason="syn-ack" reason_ttl="51"/></port></ports></host>
<host endtime="1733436563"><address addr="202.46.8.211" addrtype="ipv4"/><ports><port protocol="tcp" portid="5060"><state state="open" reason="syn-ack" reason_ttl="51"/></port></ports></host>
<host endtime="1733436568"><address addr="202.46.15.181" addrtype="ipv4"/><ports><port protocol="tcp" portid="5060"><state state="open" reason="syn-ack" reason_ttl="51"/></port></ports></host>
<host endtime="1733436570"><address addr="199.123.27.249" addrtype="ipv4"/><ports><port protocol="tcp" portid="5060"><state state="open" reason="syn-ack" reason_ttl="229"/></port></ports></host>
<host endtime="1733436571"><address addr="199.201.237.100" addrtype="ipv4"/><ports><port protocol="tcp" portid="5060"><state state="open" reason="syn-ack" reason_ttl="47"/></port></ports></host>
<host endtime="1733436573"><address addr="193.103.200.155" addrtype="ipv4"/><ports><port protocol="tcp" portid="5060"><state state="open" reason="syn-ack" reason_ttl="52"/></port></ports></host>
<host endtime="1733436573"><address addr="202.46.254.140" addrtype="ipv4"/><ports><port protocol="tcp" portid="5060"><state state="open" reason="syn-ack" reason_ttl="51"/></port></ports></host>
<host endtime="1733436579"><address addr="196.195.4.63" addrtype="ipv4"/><ports><port protocol="tcp" portid="5060"><state state="open" reason="syn-ack" reason_ttl="51"/></port></ports></host>
<host endtime="1733436581"><address addr="193.98.229.134" addrtype="ipv4"/><ports><port protocol="tcp" portid="5060"><state state="open" reason="syn-ack" reason_ttl="44"/></port></ports></host>
<host endtime="1733436582"><address addr="202.46.9.64" addrtype="ipv4"/><ports><port protocol="tcp" portid="5060"><state state="open" reason="syn-ack" reason_ttl="51"/></port></ports></host>
<host endtime="1733436583"><address addr="202.46.241.128" addrtype="ipv4"/><ports><port protocol="tcp" portid="5060"><state state="open" reason="syn-ack" reason_ttl="51"/></port></ports></host>
<host endtime="1733436584"><address addr="202.46.240.88" addrtype="ipv4"/><ports><port protocol="tcp" portid="5060"><state state="open" reason="syn-ack" reason_ttl="51"/></port></ports></host>
<host endtime="1733436585"><address addr="202.46.11.43" addrtype="ipv4"/><ports><port protocol="tcp" portid="5060"><state state="open" reason="syn-ack" reason_ttl="50"/></port></ports></host>
<host endtime="1733436586"><address addr="202.46.6.10" addrtype="ipv4"/><ports><port protocol="tcp" portid="5060"><state state="open" reason="syn-ack" reason_ttl="51"/></port></ports></host>
<host endtime="1733436587"><address addr="199.123.27.106" addrtype="ipv4"/><ports><port protocol="tcp" portid="5060"><state state="open" reason="syn-ack" reason_ttl="229"/></port></ports></host>
<host endtime="1733436587"><address addr="202.46.1.36" addrtype="ipv4"/><ports><port protocol="tcp" portid="5060"><state state="open" reason="syn-ack" reason_ttl="50"/></port></ports></host>
<host endtime="1733436589"><address addr="202.46.2.102" addrtype="ipv4"/><ports><port protocol="tcp" portid="5060"><state state="open" reason="syn-ack" reason_ttl="50"/></port></ports></host>
<host endtime="1733436590"><address addr="202.46.249.183" addrtype="ipv4"/><ports><port protocol="tcp" portid="5060"><state state="open" reason="syn-ack" reason_ttl="51"/></port></ports></host>
<host endtime="1733436596"><address addr="202.46.5.220" addrtype="ipv4"/><ports><port protocol="tcp" portid="5060"><state state="open" reason="syn-ack" reason_ttl="50"/></port></ports></host>
<host endtime="1733436597"><address addr="202.46.0.97" addrtype="ipv4"/><ports><port protocol="tcp" portid="5060"><state state="open" reason="syn-ack" reason_ttl="51"/></port></ports></host>
<host endtime="1733436599"><address addr="202.46.245.208" addrtype="ipv4"/><ports><port protocol="tcp" portid="5060"><state state="open" reason="syn-ack" reason_ttl="50"/></port></ports></host>
<host endtime="1733436599"><address addr="202.46.245.146" addrtype="ipv4"/><ports><port protocol="tcp" portid="5060"><state state="open" reason="syn-ack" reason_ttl="51"/></port></ports></host>
<host endtime="1733436600"><address addr="202.46.11.228" addrtype="ipv4"/><ports><port protocol="tcp" portid="5060"><state state="open" reason="syn-ack" reason_ttl="51"/></port></ports></host>
<host endtime="1733436603"><address addr="103.224.215.86" addrtype="ipv4"/><ports><port protocol="tcp" portid="5060"><state state="open" reason="syn-ack" reason_ttl="48"/></port></ports></host>
<host endtime="1733436606"><address addr="193.98.229.132" addrtype="ipv4"/><ports><port protocol="tcp" portid="5060"><state state="open" reason="syn-ack" reason_ttl="49"/></port></ports></host>
<host endtime="1733436609"><address addr="199.201.237.154" addrtype="ipv4"/><ports><port protocol="tcp" portid="5060"><state state="open" reason="syn-ack" reason_ttl="47"/></port></ports></host>
<host endtime="1733436610"><address addr="202.46.240.70" addrtype="ipv4"/><ports><port protocol="tcp" portid="5060"><state state="open" reason="syn-ack" reason_ttl="51"/></port></ports></host>
<host endtime="1733436611"><address addr="202.46.240.21" addrtype="ipv4"/><ports><port protocol="tcp" portid="5060"><state state="open" reason="syn-ack" reason_ttl="51"/></port></ports></host>
<host endtime="1733436613"><address addr="202.46.243.119" addrtype="ipv4"/><ports><port protocol="tcp" portid="5060"><state state="open" reason="syn-ack" reason_ttl="51"/></port></ports></host>
<host endtime="1733436617"><address addr="202.46.245.238" addrtype="ipv4"/><ports><port protocol="tcp" portid="5060"><state state="open" reason="syn-ack" reason_ttl="51"/></port></ports></host>
<host endtime="1733436618"><address addr="202.46.7.157" addrtype="ipv4"/><ports><port protocol="tcp" portid="5060"><state state="open" reason="syn-ack" reason_ttl="50"/></port></ports></host>
<host endtime="1733436619"><address addr="202.46.252.230" addrtype="ipv4"/><ports><port protocol="tcp" portid="5060"><state state="open" reason="syn-ack" reason_ttl="51"/></port></ports></host>
<host endtime="1733436622"><address addr="202.46.2.93" addrtype="ipv4"/><ports><port protocol="tcp" portid="5060"><state state="open" reason="syn-ack" reason_ttl="51"/></port></ports></host>
<host endtime="1733436624"><address addr="202.46.254.44" addrtype="ipv4"/><ports><port protocol="tcp" portid="5060"><state state="open" reason="syn-ack" reason_ttl="51"/></port></ports></host>
<host endtime="1733436630"><address addr="103.224.215.232" addrtype="ipv4"/><ports><port protocol="tcp" portid="5060"><state state="open" reason="syn-ack" reason_ttl="48"/></port></ports></host>
<host endtime="1733436639"><address addr="202.46.250.131" addrtype="ipv4"/><ports><port protocol="tcp" portid="5060"><state state="open" reason="syn-ack" reason_ttl="50"/></port></ports></host>
<host endtime="1733436640"><address addr="199.123.24.137" addrtype="ipv4"/><ports><port protocol="tcp" portid="5060"><state state="open" reason="syn-ack" reason_ttl="229"/></port></ports></host>
<host endtime="1733436640"><address addr="193.98.229.5" addrtype="ipv4"/><ports><port protocol="tcp" portid="5061"><state state="open" reason="syn-ack" reason_ttl="47"/></port></ports></host>
<host endtime="1733436641"><address addr="202.46.5.173" addrtype="ipv4"/><ports><port protocol="tcp" portid="5060"><state state="open" reason="syn-ack" reason_ttl="50"/></port></ports></host>
<host endtime="1733436643"><address addr="202.46.10.23" addrtype="ipv4"/><ports><port protocol="tcp" portid="5060"><state state="open" reason="syn-ack" reason_ttl="51"/></port></ports></host>
<host endtime="1733436644"><address addr="202.46.9.57" addrtype="ipv4"/><ports><port protocol="tcp" portid="5060"><state state="open" reason="syn-ack" reason_ttl="51"/></port></ports></host>
<host endtime="1733436645"><address addr="202.46.12.54" addrtype="ipv4"/><ports><port protocol="tcp" portid="5060"><state state="open" reason="syn-ack" reason_ttl="50"/></port></ports></host>
<host endtime="1733436645"><address addr="202.46.243.157" addrtype="ipv4"/><ports><port protocol="tcp" portid="5060"><state state="open" reason="syn-ack" reason_ttl="51"/></port></ports></host>
<host endtime="1733436647"><address addr="202.46.255.1" addrtype="ipv4"/><ports><port protocol="tcp" portid="5060"><state state="open" reason="syn-ack" reason_ttl="51"/></port></ports></host>
<host endtime="1733436648"><address addr="202.46.10.180" addrtype="ipv4"/><ports><port protocol="tcp" portid="5060"><state state="open" reason="syn-ack" reason_ttl="50"/></port></ports></host>
<host endtime="1733436651"><address addr="103.224.214.182" addrtype="ipv4"/><ports><port protocol="tcp" portid="5060"><state state="open" reason="syn-ack" reason_ttl="48"/></port></ports></host>
<host endtime="1733436651"><address addr="202.46.15.240" addrtype="ipv4"/><ports><port protocol="tcp" portid="5060"><state state="open" reason="syn-ack" reason_ttl="51"/></port></ports></host>
<host endtime="1733436651"><address addr="202.46.5.195" addrtype="ipv4"/><ports><port protocol="tcp" portid="5060"><state state="open" reason="syn-ack" reason_ttl="51"/></port></ports></host>
<host endtime="1733436657"><address addr="202.46.253.199" addrtype="ipv4"/><ports><port protocol="tcp" portid="5060"><state state="open" reason="syn-ack" reason_ttl="51"/></port></ports></host>
<host endtime="1733436657"><address addr="199.201.236.152" addrtype="ipv4"/><ports><port protocol="tcp" portid="5060"><state state="open" reason="syn-ack" reason_ttl="47"/></port></ports></host>
<host endtime="1733436657"><address addr="202.46.252.214" addrtype="ipv4"/><ports><port protocol="tcp" portid="5060"><state state="open" reason="syn-ack" reason_ttl="51"/></port></ports></host>
<host endtime="1733436658"><address addr="202.46.255.232" addrtype="ipv4"/><ports><port protocol="tcp" portid="5060"><state state="open" reason="syn-ack" reason_ttl="51"/></port></ports></host>
<host endtime="1733436661"><address addr="202.46.5.94" addrtype="ipv4"/><ports><port protocol="tcp" portid="5060"><state state="open" reason="syn-ack" reason_ttl="51"/></port></ports></host>
<host endtime="1733436665"><address addr="103.177.50.69" addrtype="ipv4"/><ports><port protocol="tcp" portid="5061"><state state="open" reason="syn-ack" reason_ttl="121"/></port></ports></host>
<host endtime="1733436666"><address addr="199.201.236.74" addrtype="ipv4"/><ports><port protocol="tcp" portid="5060"><state state="open" reason="syn-ack" reason_ttl="47"/></port></ports></host>
<host endtime="1733436672"><address addr="103.83.18.22" addrtype="ipv4"/><ports><port protocol="tcp" portid="5060"><state state="open" reason="syn-ack" reason_ttl="48"/></port></ports></host>
<host endtime="1733436673"><address addr="202.46.10.51" addrtype="ipv4"/><ports><port protocol="tcp" portid="5060"><state state="open" reason="syn-ack" reason_ttl="51"/></port></ports></host>
<host endtime="1733436673"><address addr="103.177.50.70" addrtype="ipv4"/><ports><port protocol="tcp" portid="5061"><state state="open" reason="syn-ack" reason_ttl="120"/></port></ports></host>
<host endtime="1733436678"><address addr="103.224.214.166" addrtype="ipv4"/><ports><port protocol="tcp" portid="5060"><state state="open" reason="syn-ack" reason_ttl="48"/></port></ports></host>
<host endtime="1733436679"><address addr="199.201.237.53" addrtype="ipv4"/><ports><port protocol="tcp" portid="5060"><state state="open" reason="syn-ack" reason_ttl="47"/></port></ports></host>
<host endtime="1733436679"><address addr="202.46.15.101" addrtype="ipv4"/><ports><port protocol="tcp" portid="5060"><state state="open" reason="syn-ack" reason_ttl="51"/></port></ports></host>
<host endtime="1733436681"><address addr="103.224.214.37" addrtype="ipv4"/><ports><port protocol="tcp" portid="5060"><state state="open" reason="syn-ack" reason_ttl="48"/></port></ports></host>
<host endtime="1733436682"><address addr="103.224.214.54" addrtype="ipv4"/><ports><port protocol="tcp" portid="5060"><state state="open" reason="syn-ack" reason_ttl="48"/></port></ports></host>
<host endtime="1733436685"><address addr="103.177.50.25" addrtype="ipv4"/><ports><port protocol="tcp" portid="5060"><state state="open" reason="syn-ack" reason_ttl="57"/></port></ports></host>
<host endtime="1733436690"><address addr="202.46.245.200" addrtype="ipv4"/><ports><port protocol="tcp" portid="5060"><state state="open" reason="syn-ack" reason_ttl="51"/></port></ports></host>
<host endtime="1733436695"><address addr="202.46.249.164" addrtype="ipv4"/><ports><port protocol="tcp" portid="5060"><state state="open" reason="syn-ack" reason_ttl="51"/></port></ports></host>
<host endtime="1733436696"><address addr="202.46.9.154" addrtype="ipv4"/><ports><port protocol="tcp" portid="5060"><state state="open" reason="syn-ack" reason_ttl="51"/></port></ports></host>
<host endtime="1733436700"><address addr="202.46.244.123" addrtype="ipv4"/><ports><port protocol="tcp" portid="5060"><state state="open" reason="syn-ack" reason_ttl="50"/></port></ports></host>
<host endtime="1733436704"><address addr="202.46.0.221" addrtype="ipv4"/><ports><port protocol="tcp" portid="5060"><state state="open" reason="syn-ack" reason_ttl="50"/></port></ports></host>
<host endtime="1733436704"><address addr="202.46.253.175" addrtype="ipv4"/><ports><port protocol="tcp" portid="5060"><state state="open" reason="syn-ack" reason_ttl="51"/></port></ports></host>
<host endtime="1733436705"><address addr="202.46.241.37" addrtype="ipv4"/><ports><port protocol="tcp" portid="5060"><state state="open" reason="syn-ack" reason_ttl="50"/></port></ports></host>
<host endtime="1733436708"><address addr="202.46.245.136" addrtype="ipv4"/><ports><port protocol="tcp" portid="5060"><state state="open" reason="syn-ack" reason_ttl="51"/></port></ports></host>
<host endtime="1733436711"><address addr="202.46.246.194" addrtype="ipv4"/><ports><port protocol="tcp" portid="5060"><state state="open" reason="syn-ack" reason_ttl="51"/></port></ports></host>
<host endtime="1733436712"><address addr="199.201.237.11" addrtype="ipv4"/><ports><port protocol="tcp" portid="5060"><state state="open" reason="syn-ack" reason_ttl="47"/></port></ports></host>
<host endtime="1733436715"><address addr="202.46.9.67" addrtype="ipv4"/><ports><port protocol="tcp" portid="5060"><state state="open" reason="syn-ack" reason_ttl="51"/></port></ports></host>
<host endtime="1733436717"><address addr="193.103.200.234" addrtype="ipv4"/><ports><port protocol="tcp" portid="5060"><state state="open" reason="syn-ack" reason_ttl="54"/></port></ports></host>
<host endtime="1733436723"><address addr="202.46.247.25" addrtype="ipv4"/><ports><port protocol="tcp" portid="5060"><state state="open" reason="syn-ack" reason_ttl="51"/></port></ports></host>
<host endtime="1733436723"><address addr="202.46.243.129" addrtype="ipv4"/><ports><port protocol="tcp" portid="5060"><state state="open" reason="syn-ack" reason_ttl="51"/></port></ports></host>
<host endtime="1733436724"><address addr="202.46.247.89" addrtype="ipv4"/><ports><port protocol="tcp" portid="5060"><state state="open" reason="syn-ack" reason_ttl="50"/></port></ports></host>
<host endtime="1733436727"><address addr="193.98.229.205" addrtype="ipv4"/><ports><port protocol="tcp" portid="5060"><state state="open" reason="syn-ack" reason_ttl="44"/></port></ports></host>
<host endtime="1733436727"><address addr="202.46.253.189" addrtype="ipv4"/><ports><port protocol="tcp" portid="5060"><state state="open" reason="syn-ack" reason_ttl="51"/></port></ports></host>
<host endtime="1733436730"><address addr="202.46.5.65" addrtype="ipv4"/><ports><port protocol="tcp" portid="5060"><state state="open" reason="syn-ack" reason_ttl="51"/></port></ports></host>
<host endtime="1733436734"><address addr="103.83.19.142" addrtype="ipv4"/><ports><port protocol="tcp" portid="5060"><state state="open" reason="syn-ack" reason_ttl="48"/></port></ports></host>
<host endtime="1733436736"><address addr="202.46.245.108" addrtype="ipv4"/><ports><port protocol="tcp" portid="5060"><state state="open" reason="syn-ack" reason_ttl="50"/></port></ports></host>
<host endtime="1733436737"><address addr="202.46.6.225" addrtype="ipv4"/><ports><port protocol="tcp" portid="5060"><state state="open" reason="syn-ack" reason_ttl="51"/></port></ports></host>
<host endtime="1733436737"><address addr="103.224.215.175" addrtype="ipv4"/><ports><port protocol="tcp" portid="5060"><state state="open" reason="syn-ack" reason_ttl="48"/></port></ports></host>
<host endtime="1733436746"><address addr="202.46.246.151" addrtype="ipv4"/><ports><port protocol="tcp" portid="5060"><state state="open" reason="syn-ack" reason_ttl="50"/></port></ports></host>
<host endtime="1733436746"><address addr="199.123.26.89" addrtype="ipv4"/><ports><port protocol="tcp" portid="5060"><state state="open" reason="syn-ack" reason_ttl="229"/></port></ports></host>
<host endtime="1733436751"><address addr="202.46.11.234" addrtype="ipv4"/><ports><port protocol="tcp" portid="5060"><state state="open" reason="syn-ack" reason_ttl="50"/></port></ports></host>
<host endtime="1733436751"><address addr="202.46.10.20" addrtype="ipv4"/><ports><port protocol="tcp" portid="5061"><state state="open" reason="syn-ack" reason_ttl="50"/></port></ports></host>
<host endtime="1733436752"><address addr="103.224.215.5" addrtype="ipv4"/><ports><port protocol="tcp" portid="5060"><state state="open" reason="syn-ack" reason_ttl="48"/></port></ports></host>
<host endtime="1733436752"><address addr="199.201.236.136" addrtype="ipv4"/><ports><port protocol="tcp" portid="5060"><state state="open" reason="syn-ack" reason_ttl="47"/></port></ports></host>
<host endtime="1733436753"><address addr="202.46.252.60" addrtype="ipv4"/><ports><port protocol="tcp" portid="5060"><state state="open" reason="syn-ack" reason_ttl="50"/></port></ports></host>
<host endtime="1733436759"><address addr="199.201.237.91" addrtype="ipv4"/><ports><port protocol="tcp" portid="5060"><state state="open" reason="syn-ack" reason_ttl="47"/></port></ports></host>
<host endtime="1733436760"><address addr="202.46.253.202" addrtype="ipv4"/><ports><port protocol="tcp" portid="5060"><state state="open" reason="syn-ack" reason_ttl="51"/></port></ports></host>
<host endtime="1733436762"><address addr="103.83.19.220" addrtype="ipv4"/><ports><port protocol="tcp" portid="5060"><state state="open" reason="syn-ack" reason_ttl="48"/></port></ports></host>
<host endtime="1733436763"><address addr="202.46.3.251" addrtype="ipv4"/><ports><port protocol="tcp" portid="5060"><state state="open" reason="syn-ack" reason_ttl="50"/></port></ports></host>
<host endtime="1733436764"><address addr="103.224.214.203" addrtype="ipv4"/><ports><port protocol="tcp" portid="5060"><state state="open" reason="syn-ack" reason_ttl="48"/></port></ports></host>
<host endtime="1733436766"><address addr="202.46.240.51" addrtype="ipv4"/><ports><port protocol="tcp" portid="5060"><state state="open" reason="syn-ack" reason_ttl="51"/></port></ports></host>
<host endtime="1733436767"><address addr="199.123.27.47" addrtype="ipv4"/><ports><port protocol="tcp" portid="5060"><state state="open" reason="syn-ack" reason_ttl="229"/></port></ports></host>
<host endtime="1733436769"><address addr="202.46.15.173" addrtype="ipv4"/><ports><port protocol="tcp" portid="5060"><state state="open" reason="syn-ack" reason_ttl="50"/></port></ports></host>
<host endtime="1733436772"><address addr="202.46.251.192" addrtype="ipv4"/><ports><port protocol="tcp" portid="5060"><state state="open" reason="syn-ack" reason_ttl="51"/></port></ports></host>
<host endtime="1733436774"><address addr="199.123.27.248" addrtype="ipv4"/><ports><port protocol="tcp" portid="5060"><state state="open" reason="syn-ack" reason_ttl="229"/></port></ports></host>
<host endtime="1733436774"><address addr="193.98.229.114" addrtype="ipv4"/><ports><port protocol="tcp" portid="5060"><state state="open" reason="syn-ack" reason_ttl="49"/></port></ports></host>
<host endtime="1733436775"><address addr="193.103.200.91" addrtype="ipv4"/><ports><port protocol="tcp" portid="5060"><state state="open" reason="syn-ack" reason_ttl="54"/></port></ports></host>
<host endtime="1733436776"><address addr="202.46.5.98" addrtype="ipv4"/><ports><port protocol="tcp" portid="5060"><state state="open" reason="syn-ack" reason_ttl="51"/></port></ports></host>
<host endtime="1733436777"><address addr="202.46.11.195" addrtype="ipv4"/><ports><port protocol="tcp" portid="5060"><state state="open" reason="syn-ack" reason_ttl="50"/></port></ports></host>
<host endtime="1733436780"><address addr="199.201.237.18" addrtype="ipv4"/><ports><port protocol="tcp" portid="5060"><state state="open" reason="syn-ack" reason_ttl="47"/></port></ports></host>
<host endtime="1733436783"><address addr="202.46.5.187" addrtype="ipv4"/><ports><port protocol="tcp" portid="5060"><state state="open" reason="syn-ack" reason_ttl="51"/></port></ports></host>
<host endtime="1733436787"><address addr="202.46.2.131" addrtype="ipv4"/><ports><port protocol="tcp" portid="5060"><state state="open" reason="syn-ack" reason_ttl="50"/></port></ports></host>
<host endtime="1733436788"><address addr="202.46.6.54" addrtype="ipv4"/><ports><port protocol="tcp" portid="5060"><state state="open" reason="syn-ack" reason_ttl="50"/></port></ports></host>
<host endtime="1733436789"><address addr="202.46.4.148" addrtype="ipv4"/><ports><port protocol="tcp" portid="5060"><state state="open" reason="syn-ack" reason_ttl="50"/></port></ports></host>
<host endtime="1733436796"><address addr="202.46.12.191" addrtype="ipv4"/><ports><port protocol="tcp" portid="5060"><state state="open" reason="syn-ack" reason_ttl="51"/></port></ports></host>
<host endtime="1733436798"><address addr="202.46.242.37" addrtype="ipv4"/><ports><port protocol="tcp" portid="5060"><state state="open" reason="syn-ack" reason_ttl="51"/></port></ports></host>
<host endtime="1733436798"><address addr="202.46.247.26" addrtype="ipv4"/><ports><port protocol="tcp" portid="5060"><state state="open" reason="syn-ack" reason_ttl="51"/></port></ports></host>
<host endtime="1733436801"><address addr="103.83.18.96" addrtype="ipv4"/><ports><port protocol="tcp" portid="5060"><state state="open" reason="syn-ack" reason_ttl="48"/></port></ports></host>
<host endtime="1733436808"><address addr="202.46.11.7" addrtype="ipv4"/><ports><port protocol="tcp" portid="5060"><state state="open" reason="syn-ack" reason_ttl="50"/></port></ports></host>
<host endtime="1733436810"><address addr="199.123.25.240" addrtype="ipv4"/><ports><port protocol="tcp" portid="5060"><state state="open" reason="syn-ack" reason_ttl="229"/></port></ports></host>
<host endtime="1733436810"><address addr="202.46.254.226" addrtype="ipv4"/><ports><port protocol="tcp" portid="5060"><state state="open" reason="syn-ack" reason_ttl="50"/></port></ports></host>
<host endtime="1733436810"><address addr="202.46.7.218" addrtype="ipv4"/><ports><port protocol="tcp" portid="5060"><state state="open" reason="syn-ack" reason_ttl="51"/></port></ports></host>
<host endtime="1733436813"><address addr="202.46.7.18" addrtype="ipv4"/><ports><port protocol="tcp" portid="5060"><state state="open" reason="syn-ack" reason_ttl="51"/></port></ports></host>
<host endtime="1733436816"><address addr="202.46.243.203" addrtype="ipv4"/><ports><port protocol="tcp" portid="5060"><state state="open" reason="syn-ack" reason_ttl="51"/></port></ports></host>
<host endtime="1733436817"><address addr="202.46.244.36" addrtype="ipv4"/><ports><port protocol="tcp" portid="5060"><state state="open" reason="syn-ack" reason_ttl="51"/></port></ports></host>
<host endtime="1733436819"><address addr="202.46.5.2" addrtype="ipv4"/><ports><port protocol="tcp" portid="5060"><state state="open" reason="syn-ack" reason_ttl="51"/></port></ports></host>
<host endtime="1733436822"><address addr="202.46.254.171" addrtype="ipv4"/><ports><port protocol="tcp" portid="5060"><state state="open" reason="syn-ack" reason_ttl="51"/></port></ports></host>
<host endtime="1733436822"><address addr="202.46.5.112" addrtype="ipv4"/><ports><port protocol="tcp" portid="5060"><state state="open" reason="syn-ack" reason_ttl="51"/></port></ports></host>
<host endtime="1733436825"><address addr="202.46.15.158" addrtype="ipv4"/><ports><port protocol="tcp" portid="5060"><state state="open" reason="syn-ack" reason_ttl="50"/></port></ports></host>
<host endtime="1733436826"><address addr="202.46.0.28" addrtype="ipv4"/><ports><port protocol="tcp" portid="5060"><state state="open" reason="syn-ack" reason_ttl="50"/></port></ports></host>
<host endtime="1733436826"><address addr="199.123.27.133" addrtype="ipv4"/><ports><port protocol="tcp" portid="5060"><state state="open" reason="syn-ack" reason_ttl="229"/></port></ports></host>
<host endtime="1733436829"><address addr="193.103.200.203" addrtype="ipv4"/><ports><port protocol="tcp" portid="5060"><state state="open" reason="syn-ack" reason_ttl="54"/></port></ports></host>
<host endtime="1733436830"><address addr="196.195.253.61" addrtype="ipv4"/><ports><port protocol="tcp" portid="5060"><state state="open" reason="syn-ack" reason_ttl="51"/></port></ports></host>
<host endtime="1733436834"><address addr="202.46.242.123" addrtype="ipv4"/><ports><port protocol="tcp" portid="5060"><state state="open" reason="syn-ack" reason_ttl="51"/></port></ports></host>
<host endtime="1733436836"><address addr="202.46.253.58" addrtype="ipv4"/><ports><port protocol="tcp" portid="5060"><state state="open" reason="syn-ack" reason_ttl="50"/></port></ports></host>
<host endtime="1733436836"><address addr="202.46.249.161" addrtype="ipv4"/><ports><port protocol="tcp" portid="5060"><state state="open" reason="syn-ack" reason_ttl="50"/></port></ports></host>
<host endtime="1733436838"><address addr="202.46.4.197" addrtype="ipv4"/><ports><port protocol="tcp" portid="5060"><state state="open" reason="syn-ack" reason_ttl="51"/></port></ports></host>
<host endtime="1733436839"><address addr="202.46.14.233" addrtype="ipv4"/><ports><port protocol="tcp" portid="5060"><state state="open" reason="syn-ack" reason_ttl="51"/></port></ports></host>
<host endtime="1733436841"><address addr="199.201.237.208" addrtype="ipv4"/><ports><port protocol="tcp" portid="5060"><state state="open" reason="syn-ack" reason_ttl="47"/></port></ports></host>
<host endtime="1733436843"><address addr="202.46.13.71" addrtype="ipv4"/><ports><port protocol="tcp" portid="5060"><state state="open" reason="syn-ack" reason_ttl="51"/></port></ports></host>
<host endtime="1733436844"><address addr="202.46.6.46" addrtype="ipv4"/><ports><port protocol="tcp" portid="5060"><state state="open" reason="syn-ack" reason_ttl="50"/></port></ports></host>
<host endtime="1733436845"><address addr="202.46.14.224" addrtype="ipv4"/><ports><port protocol="tcp" portid="5060"><state state="open" reason="syn-ack" reason_ttl="51"/></port></ports></host>
<host endtime="1733436848"><address addr="202.46.0.144" addrtype="ipv4"/><ports><port protocol="tcp" portid="5060"><state state="open" reason="syn-ack" reason_ttl="51"/></port></ports></host>
<host endtime="1733436850"><address addr="202.46.250.197" addrtype="ipv4"/><ports><port protocol="tcp" portid="5060"><state state="open" reason="syn-ack" reason_ttl="50"/></port></ports></host>
<host endtime="1733436853"><address addr="202.46.240.199" addrtype="ipv4"/><ports><port protocol="tcp" portid="5060"><state state="open" reason="syn-ack" reason_ttl="51"/></port></ports></host>
<host endtime="1733436854"><address addr="202.46.10.202" addrtype="ipv4"/><ports><port protocol="tcp" portid="5060"><state state="open" reason="syn-ack" reason_ttl="51"/></port></ports></host>
<host endtime="1733436857"><address addr="202.46.8.117" addrtype="ipv4"/><ports><port protocol="tcp" portid="5060"><state state="open" reason="syn-ack" reason_ttl="51"/></port></ports></host>
<host endtime="1733436859"><address addr="202.46.6.211" addrtype="ipv4"/><ports><port protocol="tcp" portid="5060"><state state="open" reason="syn-ack" reason_ttl="51"/></port></ports></host>
<host endtime="1733436865"><address addr="202.46.6.178" addrtype="ipv4"/><ports><port protocol="tcp" portid="5060"><state state="open" reason="syn-ack" reason_ttl="50"/></port></ports></host>
<host endtime="1733436865"><address addr="202.46.245.205" addrtype="ipv4"/><ports><port protocol="tcp" portid="5060"><state state="open" reason="syn-ack" reason_ttl="51"/></port></ports></host>
<host endtime="1733436868"><address addr="103.110.62.120" addrtype="ipv4"/><ports><port protocol="tcp" portid="5061"><state state="open" reason="syn-ack" reason_ttl="241"/></port></ports></host>
<host endtime="1733436868"><address addr="193.98.119.210" addrtype="ipv4"/><ports><port protocol="tcp" portid="5060"><state state="open" reason="syn-ack" reason_ttl="49"/></port></ports></host>
<host endtime="1733436868"><address addr="199.123.26.242" addrtype="ipv4"/><ports><port protocol="tcp" portid="5060"><state state="open" reason="syn-ack" reason_ttl="229"/></port></ports></host>
<host endtime="1733436870"><address addr="103.83.19.43" addrtype="ipv4"/><ports><port protocol="tcp" portid="5060"><state state="open" reason="syn-ack" reason_ttl="48"/></port></ports></host>
<host endtime="1733436872"><address addr="202.46.242.194" addrtype="ipv4"/><ports><port protocol="tcp" portid="5060"><state state="open" reason="syn-ack" reason_ttl="51"/></port></ports></host>
<host endtime="1733436872"><address addr="202.46.13.1" addrtype="ipv4"/><ports><port protocol="tcp" portid="5060"><state state="open" reason="syn-ack" reason_ttl="50"/></port></ports></host>
<host endtime="1733436872"><address addr="202.46.255.245" addrtype="ipv4"/><ports><port protocol="tcp" portid="5060"><state state="open" reason="syn-ack" reason_ttl="50"/></port></ports></host>
<host endtime="1733436874"><address addr="199.123.26.230" addrtype="ipv4"/><ports><port protocol="tcp" portid="5060"><state state="open" reason="syn-ack" reason_ttl="229"/></port></ports></host>
<host endtime="1733436874"><address addr="202.46.10.218" addrtype="ipv4"/><ports><port protocol="tcp" portid="5060"><state state="open" reason="syn-ack" reason_ttl="51"/></port></ports></host>
<host endtime="1733436876"><address addr="202.46.2.36" addrtype="ipv4"/><ports><port protocol="tcp" portid="5060"><state state="open" reason="syn-ack" reason_ttl="50"/></port></ports></host>
<host endtime="1733436880"><address addr="202.46.13.161" addrtype="ipv4"/><ports><port protocol="tcp" portid="5060"><state state="open" reason="syn-ack" reason_ttl="51"/></port></ports></host>
<host endtime="1733436881"><address addr="202.46.8.134" addrtype="ipv4"/><ports><port protocol="tcp" portid="5060"><state state="open" reason="syn-ack" reason_ttl="51"/></port></ports></host>
<host endtime="1733436881"><address addr="199.201.236.228" addrtype="ipv4"/><ports><port protocol="tcp" portid="5060"><state state="open" reason="syn-ack" reason_ttl="47"/></port></ports></host>
<host endtime="1733436889"><address addr="199.123.25.235" addrtype="ipv4"/><ports><port protocol="tcp" portid="5060"><state state="open" reason="syn-ack" reason_ttl="229"/></port></ports></host>
<host endtime="1733436892"><address addr="202.46.250.94" addrtype="ipv4"/><ports><port protocol="tcp" portid="5060"><state state="open" reason="syn-ack" reason_ttl="51"/></port></ports></host>
<host endtime="1733436899"><address addr="199.201.237.183" addrtype="ipv4"/><ports><port protocol="tcp" portid="5060"><state state="open" reason="syn-ack" reason_ttl="47"/></port></ports></host>
<host endtime="1733436901"><address addr="202.46.14.71" addrtype="ipv4"/><ports><port protocol="tcp" portid="5060"><state state="open" reason="syn-ack" reason_ttl="51"/></port></ports></host>
<host endtime="1733436904"><address addr="202.46.2.143" addrtype="ipv4"/><ports><port protocol="tcp" portid="5060"><state state="open" reason="syn-ack" reason_ttl="50"/></port></ports></host>
<host endtime="1733436909"><address addr="202.46.241.18" addrtype="ipv4"/><ports><port protocol="tcp" portid="5060"><state state="open" reason="syn-ack" reason_ttl="51"/></port></ports></host>
<host endtime="1733436909"><address addr="202.46.3.31" addrtype="ipv4"/><ports><port protocol="tcp" portid="5060"><state state="open" reason="syn-ack" reason_ttl="51"/></port></ports></host>
<host endtime="1733436911"><address addr="202.46.8.80" addrtype="ipv4"/><ports><port protocol="tcp" portid="5060"><state state="open" reason="syn-ack" reason_ttl="51"/></port></ports></host>
<host endtime="1733436912"><address addr="202.46.1.49" addrtype="ipv4"/><ports><port protocol="tcp" portid="5060"><state state="open" reason="syn-ack" reason_ttl="51"/></port></ports></host>
<host endtime="1733436912"><address addr="202.46.4.100" addrtype="ipv4"/><ports><port protocol="tcp" portid="5060"><state state="open" reason="syn-ack" reason_ttl="50"/></port></ports></host>
<host endtime="1733436912"><address addr="199.123.24.70" addrtype="ipv4"/><ports><port protocol="tcp" portid="5060"><state state="open" reason="syn-ack" reason_ttl="229"/></port></ports></host>
<host endtime="1733436914"><address addr="202.46.13.188" addrtype="ipv4"/><ports><port protocol="tcp" portid="5060"><state state="open" reason="syn-ack" reason_ttl="51"/></port></ports></host>
<host endtime="1733436914"><address addr="202.46.2.220" addrtype="ipv4"/><ports><port protocol="tcp" portid="5060"><state state="open" reason="syn-ack" reason_ttl="51"/></port></ports></host>
<host endtime="1733436914"><address addr="202.46.8.177" addrtype="ipv4"/><ports><port protocol="tcp" portid="5060"><state state="open" reason="syn-ack" reason_ttl="51"/></port></ports></host>
<host endtime="1733436916"><address addr="202.46.12.216" addrtype="ipv4"/><ports><port protocol="tcp" portid="5060"><state state="open" reason="syn-ack" reason_ttl="51"/></port></ports></host>
<host endtime="1733436918"><address addr="202.46.245.250" addrtype="ipv4"/><ports><port protocol="tcp" portid="5060"><state state="open" reason="syn-ack" reason_ttl="51"/></port></ports></host>
<host endtime="1733436919"><address addr="202.46.9.114" addrtype="ipv4"/><ports><port protocol="tcp" portid="5060"><state state="open" reason="syn-ack" reason_ttl="51"/></port></ports></host>
<host endtime="1733436925"><address addr="202.46.248.3" addrtype="ipv4"/><ports><port protocol="tcp" portid="5060"><state state="open" reason="syn-ack" reason_ttl="51"/></port></ports></host>
<host endtime="1733436926"><address addr="103.83.19.164" addrtype="ipv4"/><ports><port protocol="tcp" portid="5060"><state state="open" reason="syn-ack" reason_ttl="48"/></port></ports></host>
<host endtime="1733436928"><address addr="103.224.214.148" addrtype="ipv4"/><ports><port protocol="tcp" portid="5060"><state state="open" reason="syn-ack" reason_ttl="48"/></port></ports></host>
<host endtime="1733436929"><address addr="202.46.251.249" addrtype="ipv4"/><ports><port protocol="tcp" portid="5060"><state state="open" reason="syn-ack" reason_ttl="51"/></port></ports></host>
<host endtime="1733436931"><address addr="202.46.247.206" addrtype="ipv4"/><ports><port protocol="tcp" portid="5060"><state state="open" reason="syn-ack" reason_ttl="50"/></port></ports></host>
<host endtime="1733436932"><address addr="202.46.254.181" addrtype="ipv4"/><ports><port protocol="tcp" portid="5060"><state state="open" reason="syn-ack" reason_ttl="50"/></port></ports></host>
<host endtime="1733436933"><address addr="202.46.250.24" addrtype="ipv4"/><ports><port protocol="tcp" portid="5060"><state state="open" reason="syn-ack" reason_ttl="50"/></port></ports></host>
<host endtime="1733436933"><address addr="103.224.214.197" addrtype="ipv4"/><ports><port protocol="tcp" portid="5060"><state state="open" reason="syn-ack" reason_ttl="48"/></port></ports></host>
<host endtime="1733436934"><address addr="202.46.5.126" addrtype="ipv4"/><ports><port protocol="tcp" portid="5060"><state state="open" reason="syn-ack" reason_ttl="51"/></port></ports></host>
<host endtime="1733436938"><address addr="202.46.15.200" addrtype="ipv4"/><ports><port protocol="tcp" portid="5060"><state state="open" reason="syn-ack" reason_ttl="51"/></port></ports></host>
<host endtime="1733436941"><address addr="202.46.251.75" addrtype="ipv4"/><ports><port protocol="tcp" portid="5060"><state state="open" reason="syn-ack" reason_ttl="51"/></port></ports></host>
<host endtime="1733436942"><address addr="202.46.255.129" addrtype="ipv4"/><ports><port protocol="tcp" portid="5060"><state state="open" reason="syn-ack" reason_ttl="51"/></port></ports></host>
<host endtime="1733436945"><address addr="202.46.4.19" addrtype="ipv4"/><ports><port protocol="tcp" portid="5060"><state state="open" reason="syn-ack" reason_ttl="51"/></port></ports></host>
<host endtime="1733436946"><address addr="202.46.246.203" addrtype="ipv4"/><ports><port protocol="tcp" portid="5060"><state state="open" reason="syn-ack" reason_ttl="51"/></port></ports></host>
<host endtime="1733436947"><address addr="202.46.248.173" addrtype="ipv4"/><ports><port protocol="tcp" portid="5060"><state state="open" reason="syn-ack" reason_ttl="50"/></port></ports></host>
<host endtime="1733436950"><address addr="202.46.9.28" addrtype="ipv4"/><ports><port protocol="tcp" portid="5060"><state state="open" reason="syn-ack" reason_ttl="50"/></port></ports></host>
<host endtime="1733436950"><address addr="103.224.214.80" addrtype="ipv4"/><ports><port protocol="tcp" portid="5060"><state state="open" reason="syn-ack" reason_ttl="48"/></port></ports></host>
<host endtime="1733436950"><address addr="202.46.248.9" addrtype="ipv4"/><ports><port protocol="tcp" portid="5060"><state state="open" reason="syn-ack" reason_ttl="50"/></port></ports></host>
<host endtime="1733436951"><address addr="202.46.241.71" addrtype="ipv4"/><ports><port protocol="tcp" portid="5060"><state state="open" reason="syn-ack" reason_ttl="50"/></port></ports></host>
<host endtime="1733436953"><address addr="202.46.242.228" addrtype="ipv4"/><ports><port protocol="tcp" portid="5060"><state state="open" reason="syn-ack" reason_ttl="51"/></port></ports></host>
<host endtime="1733436954"><address addr="202.46.8.149" addrtype="ipv4"/><ports><port protocol="tcp" portid="5060"><state state="open" reason="syn-ack" reason_ttl="51"/></port></ports></host>
<host endtime="1733436956"><address addr="103.83.19.6" addrtype="ipv4"/><ports><port protocol="tcp" portid="5060"><state state="open" reason="syn-ack" reason_ttl="48"/></port></ports></host>
<host endtime="1733436957"><address addr="202.46.253.18" addrtype="ipv4"/><ports><port protocol="tcp" portid="5060"><state state="open" reason="syn-ack" reason_ttl="51"/></port></ports></host>
<host endtime="1733436960"><address addr="103.224.215.211" addrtype="ipv4"/><ports><port protocol="tcp" portid="5060"><state state="open" reason="syn-ack" reason_ttl="48"/></port></ports></host>
<host endtime="1733436965"><address addr="193.98.229.69" addrtype="ipv4"/><ports><port protocol="tcp" portid="5060"><state state="open" reason="syn-ack" reason_ttl="44"/></port></ports></host>
<host endtime="1733436966"><address addr="103.224.214.133" addrtype="ipv4"/><ports><port protocol="tcp" portid="5060"><state state="open" reason="syn-ack" reason_ttl="48"/></port></ports></host>
<host endtime="1733436966"><address addr="202.46.12.143" addrtype="ipv4"/><ports><port protocol="tcp" portid="5060"><state state="open" reason="syn-ack" reason_ttl="50"/></port></ports></host>
<host endtime="1733436969"><address addr="103.83.19.230" addrtype="ipv4"/><ports><port protocol="tcp" portid="5060"><state state="open" reason="syn-ack" reason_ttl="48"/></port></ports></host>
<host endtime="1733436974"><address addr="202.46.249.42" addrtype="ipv4"/><ports><port protocol="tcp" portid="5060"><state state="open" reason="syn-ack" reason_ttl="51"/></port></ports></host>
<host endtime="1733436975"><address addr="103.224.214.146" addrtype="ipv4"/><ports><port protocol="tcp" portid="5060"><state state="open" reason="syn-ack" reason_ttl="48"/></port></ports></host>
<host endtime="1733436978"><address addr="202.46.12.192" addrtype="ipv4"/><ports><port protocol="tcp" portid="5060"><state state="open" reason="syn-ack" reason_ttl="51"/></port></ports></host>
<host endtime="1733436980"><address addr="202.46.12.116" addrtype="ipv4"/><ports><port protocol="tcp" portid="5060"><state state="open" reason="syn-ack" reason_ttl="50"/></port></ports></host>
<host endtime="1733436981"><address addr="202.46.5.208" addrtype="ipv4"/><ports><port protocol="tcp" portid="5060"><state state="open" reason="syn-ack" reason_ttl="51"/></port></ports></host>
<host endtime="1733436982"><address addr="103.224.215.119" addrtype="ipv4"/><ports><port protocol="tcp" portid="5060"><state state="open" reason="syn-ack" reason_ttl="48"/></port></ports></host>
<host endtime="1733436982"><address addr="202.46.248.170" addrtype="ipv4"/><ports><port protocol="tcp" portid="5060"><state state="open" reason="syn-ack" reason_ttl="51"/></port></ports></host>
<host endtime="1733436982"><address addr="202.46.243.149" addrtype="ipv4"/><ports><port protocol="tcp" portid="5060"><state state="open" reason="syn-ack" reason_ttl="51"/></port></ports></host>
<host endtime="1733436982"><address addr="202.46.244.127" addrtype="ipv4"/><ports><port protocol="tcp" portid="5060"><state state="open" reason="syn-ack" reason_ttl="50"/></port></ports></host>
<host endtime="1733436983"><address addr="103.224.214.71" addrtype="ipv4"/><ports><port protocol="tcp" portid="5060"><state state="open" reason="syn-ack" reason_ttl="48"/></port></ports></host>
<host endtime="1733436987"><address addr="193.103.200.13" addrtype="ipv4"/><ports><port protocol="tcp" portid="5060"><state state="open" reason="syn-ack" reason_ttl="52"/></port></ports></host>
<host endtime="1733436988"><address addr="202.46.15.242" addrtype="ipv4"/><ports><port protocol="tcp" portid="5060"><state state="open" reason="syn-ack" reason_ttl="50"/></port></ports></host>
<host endtime="1733436989"><address addr="202.46.245.98" addrtype="ipv4"/><ports><port protocol="tcp" portid="5060"><state state="open" reason="syn-ack" reason_ttl="51"/></port></ports></host>
<host endtime="1733436998"><address addr="202.46.8.198" addrtype="ipv4"/><ports><port protocol="tcp" portid="5060"><state state="open" reason="syn-ack" reason_ttl="50"/></port></ports></host>
<host endtime="1733437000"><address addr="202.46.246.10" addrtype="ipv4"/><ports><port protocol="tcp" portid="5060"><state state="open" reason="syn-ack" reason_ttl="50"/></port></ports></host>
<host endtime="1733437002"><address addr="202.46.245.242" addrtype="ipv4"/><ports><port protocol="tcp" portid="5060"><state state="open" reason="syn-ack" reason_ttl="51"/></port></ports></host>
<host endtime="1733437005"><address addr="199.201.236.153" addrtype="ipv4"/><ports><port protocol="tcp" portid="5060"><state state="open" reason="syn-ack" reason_ttl="47"/></port></ports></host>
<host endtime="1733437010"><address addr="202.46.2.232" addrtype="ipv4"/><ports><port protocol="tcp" portid="5060"><state state="open" reason="syn-ack" reason_ttl="51"/></port></ports></host>
<host endtime="1733437013"><address addr="202.46.240.73" addrtype="ipv4"/><ports><port protocol="tcp" portid="5060"><state state="open" reason="syn-ack" reason_ttl="50"/></port></ports></host>
<host endtime="1733437014"><address addr="202.46.7.96" addrtype="ipv4"/><ports><port protocol="tcp" portid="5060"><state state="open" reason="syn-ack" reason_ttl="50"/></port></ports></host>
<host endtime="1733437014"><address addr="202.46.4.168" addrtype="ipv4"/><ports><port protocol="tcp" portid="5060"><state state="open" reason="syn-ack" reason_ttl="51"/></port></ports></host>
<host endtime="1733437014"><address addr="202.46.246.7" addrtype="ipv4"/><ports><port protocol="tcp" portid="5060"><state state="open" reason="syn-ack" reason_ttl="51"/></port></ports></host>
<host endtime="1733437015"><address addr="202.46.253.250" addrtype="ipv4"/><ports><port protocol="tcp" portid="5060"><state state="open" reason="syn-ack" reason_ttl="50"/></port></ports></host>
<host endtime="1733437018"><address addr="202.46.240.27" addrtype="ipv4"/><ports><port protocol="tcp" portid="5060"><state state="open" reason="syn-ack" reason_ttl="50"/></port></ports></host>
<host endtime="1733437020"><address addr="202.46.241.67" addrtype="ipv4"/><ports><port protocol="tcp" portid="5060"><state state="open" reason="syn-ack" reason_ttl="51"/></port></ports></host>
<host endtime="1733437023"><address addr="202.46.12.85" addrtype="ipv4"/><ports><port protocol="tcp" portid="5060"><state state="open" reason="syn-ack" reason_ttl="51"/></port></ports></host>
<host endtime="1733437024"><address addr="199.123.24.164" addrtype="ipv4"/><ports><port protocol="tcp" portid="5060"><state state="open" reason="syn-ack" reason_ttl="229"/></port></ports></host>
<host endtime="1733437028"><address addr="202.46.252.102" addrtype="ipv4"/><ports><port protocol="tcp" portid="5060"><state state="open" reason="syn-ack" reason_ttl="51"/></port></ports></host>
<host endtime="1733437028"><address addr="202.46.10.149" addrtype="ipv4"/><ports><port protocol="tcp" portid="5060"><state state="open" reason="syn-ack" reason_ttl="51"/></port></ports></host>
<host endtime="1733437035"><address addr="202.46.246.28" addrtype="ipv4"/><ports><port protocol="tcp" portid="5060"><state state="open" reason="syn-ack" reason_ttl="51"/></port></ports></host>
<host endtime="1733437038"><address addr="202.46.244.37" addrtype="ipv4"/><ports><port protocol="tcp" portid="5060"><state state="open" reason="syn-ack" reason_ttl="51"/></port></ports></host>
<host endtime="1733437042"><address addr="202.46.15.137" addrtype="ipv4"/><ports><port protocol="tcp" portid="5061"><state state="open" reason="syn-ack" reason_ttl="50"/></port></ports></host>
<host endtime="1733437043"><address addr="202.46.243.100" addrtype="ipv4"/><ports><port protocol="tcp" portid="5060"><state state="open" reason="syn-ack" reason_ttl="51"/></port></ports></host>
<host endtime="1733437044"><address addr="202.46.242.95" addrtype="ipv4"/><ports><port protocol="tcp" portid="5060"><state state="open" reason="syn-ack" reason_ttl="51"/></port></ports></host>
<host endtime="1733437045"><address addr="202.46.241.112" addrtype="ipv4"/><ports><port protocol="tcp" portid="5060"><state state="open" reason="syn-ack" reason_ttl="50"/></port></ports></host>
<host endtime="1733437047"><address addr="199.123.27.193" addrtype="ipv4"/><ports><port protocol="tcp" portid="5060"><state state="open" reason="syn-ack" reason_ttl="229"/></port></ports></host>
<host endtime="1733437048"><address addr="202.46.255.18" addrtype="ipv4"/><ports><port protocol="tcp" portid="5060"><state state="open" reason="syn-ack" reason_ttl="51"/></port></ports></host>
<host endtime="1733437048"><address addr="202.46.255.62" addrtype="ipv4"/><ports><port protocol="tcp" portid="5060"><state state="open" reason="syn-ack" reason_ttl="51"/></port></ports></host>
<host endtime="1733437049"><address addr="103.224.215.138" addrtype="ipv4"/><ports><port protocol="tcp" portid="5060"><state state="open" reason="syn-ack" reason_ttl="48"/></port></ports></host>
<host endtime="1733437049"><address addr="199.123.26.104" addrtype="ipv4"/><ports><port protocol="tcp" portid="5060"><state state="open" reason="syn-ack" reason_ttl="229"/></port></ports></host>
<host endtime="1733437052"><address addr="202.46.2.186" addrtype="ipv4"/><ports><port protocol="tcp" portid="5060"><state state="open" reason="syn-ack" reason_ttl="50"/></port></ports></host>
<host endtime="1733437053"><address addr="202.46.240.69" addrtype="ipv4"/><ports><port protocol="tcp" portid="5060"><state state="open" reason="syn-ack" reason_ttl="50"/></port></ports></host>
<host endtime="1733437061"><address addr="202.46.246.118" addrtype="ipv4"/><ports><port protocol="tcp" portid="5060"><state state="open" reason="syn-ack" reason_ttl="51"/></port></ports></host>
<host endtime="1733437064"><address addr="202.46.9.215" addrtype="ipv4"/><ports><port protocol="tcp" portid="5060"><state state="open" reason="syn-ack" reason_ttl="50"/></port></ports></host>
<host endtime="1733437068"><address addr="202.46.14.225" addrtype="ipv4"/><ports><port protocol="tcp" portid="5060"><state state="open" reason="syn-ack" reason_ttl="51"/></port></ports></host>
<host endtime="1733437068"><address addr="202.46.245.9" addrtype="ipv4"/><ports><port protocol="tcp" portid="5060"><state state="open" reason="syn-ack" reason_ttl="50"/></port></ports></host>
<host endtime="1733437069"><address addr="202.46.12.190" addrtype="ipv4"/><ports><port protocol="tcp" portid="5060"><state state="open" reason="syn-ack" reason_ttl="51"/></port></ports></host>
<host endtime="1733437072"><address addr="202.46.245.228" addrtype="ipv4"/><ports><port protocol="tcp" portid="5060"><state state="open" reason="syn-ack" reason_ttl="51"/></port></ports></host>
<host endtime="1733437075"><address addr="202.46.15.29" addrtype="ipv4"/><ports><port protocol="tcp" portid="5060"><state state="open" reason="syn-ack" reason_ttl="51"/></port></ports></host>
<host endtime="1733437081"><address addr="193.98.229.205" addrtype="ipv4"/><ports><port protocol="tcp" portid="5061"><state state="open" reason="syn-ack" reason_ttl="48"/></port></ports></host>
<host endtime="1733437083"><address addr="103.224.214.209" addrtype="ipv4"/><ports><port protocol="tcp" portid="5060"><state state="open" reason="syn-ack" reason_ttl="48"/></port></ports></host>
<host endtime="1733437087"><address addr="202.46.15.187" addrtype="ipv4"/><ports><port protocol="tcp" portid="5060"><state state="open" reason="syn-ack" reason_ttl="51"/></port></ports></host>
<host endtime="1733437089"><address addr="202.46.3.124" addrtype="ipv4"/><ports><port protocol="tcp" portid="5061"><state state="open" reason="syn-ack" reason_ttl="50"/></port></ports></host>
<host endtime="1733437089"><address addr="202.46.6.176" addrtype="ipv4"/><ports><port protocol="tcp" portid="5060"><state state="open" reason="syn-ack" reason_ttl="50"/></port></ports></host>
<host endtime="1733437092"><address addr="202.46.245.236" addrtype="ipv4"/><ports><port protocol="tcp" portid="5060"><state state="open" reason="syn-ack" reason_ttl="50"/></port></ports></host>
<host endtime="1733437095"><address addr="202.46.0.23" addrtype="ipv4"/><ports><port protocol="tcp" portid="5060"><state state="open" reason="syn-ack" reason_ttl="51"/></port></ports></host>
<host endtime="1733437096"><address addr="202.46.13.203" addrtype="ipv4"/><ports><port protocol="tcp" portid="5060"><state state="open" reason="syn-ack" reason_ttl="51"/></port></ports></host>
<host endtime="1733437098"><address addr="202.46.4.4" addrtype="ipv4"/><ports><port protocol="tcp" portid="5060"><state state="open" reason="syn-ack" reason_ttl="50"/></port></ports></host>
<host endtime="1733437118"><address addr="202.46.240.155" addrtype="ipv4"/><ports><port protocol="tcp" portid="5060"><state state="open" reason="syn-ack" reason_ttl="50"/></port></ports></host>
<host endtime="1733437122"><address addr="199.123.26.178" addrtype="ipv4"/><ports><port protocol="tcp" portid="5060"><state state="open" reason="syn-ack" reason_ttl="229"/></port></ports></host>
<host endtime="1733437125"><address addr="202.46.249.90" addrtype="ipv4"/><ports><port protocol="tcp" portid="5060"><state state="open" reason="syn-ack" reason_ttl="51"/></port></ports></host>
<host endtime="1733437133"><address addr="193.98.229.52" addrtype="ipv4"/><ports><port protocol="tcp" portid="5060"><state state="open" reason="syn-ack" reason_ttl="48"/></port></ports></host>
<host endtime="1733437135"><address addr="202.46.6.29" addrtype="ipv4"/><ports><port protocol="tcp" portid="5060"><state state="open" reason="syn-ack" reason_ttl="51"/></port></ports></host>
<host endtime="1733437138"><address addr="202.46.251.51" addrtype="ipv4"/><ports><port protocol="tcp" portid="5060"><state state="open" reason="syn-ack" reason_ttl="51"/></port></ports></host>
<host endtime="1733437138"><address addr="202.46.247.27" addrtype="ipv4"/><ports><port protocol="tcp" portid="5060"><state state="open" reason="syn-ack" reason_ttl="51"/></port></ports></host>
<host endtime="1733437139"><address addr="202.46.253.29" addrtype="ipv4"/><ports><port protocol="tcp" portid="5060"><state state="open" reason="syn-ack" reason_ttl="51"/></port></ports></host>
<host endtime="1733437140"><address addr="202.46.10.63" addrtype="ipv4"/><ports><port protocol="tcp" portid="5060"><state state="open" reason="syn-ack" reason_ttl="50"/></port></ports></host>
<host endtime="1733437146"><address addr="103.83.18.49" addrtype="ipv4"/><ports><port protocol="tcp" portid="5060"><state state="open" reason="syn-ack" reason_ttl="48"/></port></ports></host>
<host endtime="1733437146"><address addr="202.46.4.111" addrtype="ipv4"/><ports><port protocol="tcp" portid="5060"><state state="open" reason="syn-ack" reason_ttl="51"/></port></ports></host>
<host endtime="1733437149"><address addr="202.46.253.193" addrtype="ipv4"/><ports><port protocol="tcp" portid="5060"><state state="open" reason="syn-ack" reason_ttl="50"/></port></ports></host>
<host endtime="1733437151"><address addr="103.224.215.25" addrtype="ipv4"/><ports><port protocol="tcp" portid="5060"><state state="open" reason="syn-ack" reason_ttl="48"/></port></ports></host>
<host endtime="1733437151"><address addr="202.46.241.171" addrtype="ipv4"/><ports><port protocol="tcp" portid="5060"><state state="open" reason="syn-ack" reason_ttl="51"/></port></ports></host>
<host endtime="1733437152"><address addr="202.46.14.223" addrtype="ipv4"/><ports><port protocol="tcp" portid="5060"><state state="open" reason="syn-ack" reason_ttl="51"/></port></ports></host>
<host endtime="1733437155"><address addr="103.83.18.172" addrtype="ipv4"/><ports><port protocol="tcp" portid="5060"><state state="open" reason="syn-ack" reason_ttl="48"/></port></ports></host>
<host endtime="1733437157"><address addr="202.46.245.252" addrtype="ipv4"/><ports><port protocol="tcp" portid="5060"><state state="open" reason="syn-ack" reason_ttl="51"/></port></ports></host>
<host endtime="1733437158"><address addr="199.123.26.158" addrtype="ipv4"/><ports><port protocol="tcp" portid="5060"><state state="open" reason="syn-ack" reason_ttl="229"/></port></ports></host>
<host endtime="1733437161"><address addr="202.46.9.60" addrtype="ipv4"/><ports><port protocol="tcp" portid="5060"><state state="open" reason="syn-ack" reason_ttl="50"/></port></ports></host>
<host endtime="1733437166"><address addr="202.46.12.129" addrtype="ipv4"/><ports><port protocol="tcp" portid="5060"><state state="open" reason="syn-ack" reason_ttl="51"/></port></ports></host>
<host endtime="1733437171"><address addr="202.46.253.83" addrtype="ipv4"/><ports><port protocol="tcp" portid="5060"><state state="open" reason="syn-ack" reason_ttl="50"/></port></ports></host>
<host endtime="1733437172"><address addr="202.46.7.109" addrtype="ipv4"/><ports><port protocol="tcp" portid="5060"><state state="open" reason="syn-ack" reason_ttl="51"/></port></ports></host>
<host endtime="1733437173"><address addr="202.46.246.125" addrtype="ipv4"/><ports><port protocol="tcp" portid="5060"><state state="open" reason="syn-ack" reason_ttl="51"/></port></ports></host>
<host endtime="1733437173"><address addr="202.46.13.112" addrtype="ipv4"/><ports><port protocol="tcp" portid="5060"><state state="open" reason="syn-ack" reason_ttl="51"/></port></ports></host>
<host endtime="1733437174"><address addr="202.46.243.34" addrtype="ipv4"/><ports><port protocol="tcp" portid="5060"><state state="open" reason="syn-ack" reason_ttl="50"/></port></ports></host>
<host endtime="1733437175"><address addr="202.46.251.238" addrtype="ipv4"/><ports><port protocol="tcp" portid="5060"><state state="open" reason="syn-ack" reason_ttl="50"/></port></ports></host>
<host endtime="1733437176"><address addr="199.123.25.164" addrtype="ipv4"/><ports><port protocol="tcp" portid="5060"><state state="open" reason="syn-ack" reason_ttl="229"/></port></ports></host>
<host endtime="1733437178"><address addr="199.123.26.59" addrtype="ipv4"/><ports><port protocol="tcp" portid="5060"><state state="open" reason="syn-ack" reason_ttl="229"/></port></ports></host>
<host endtime="1733437179"><address addr="103.83.18.147" addrtype="ipv4"/><ports><port protocol="tcp" portid="5060"><state state="open" reason="syn-ack" reason_ttl="48"/></port></ports></host>
<host endtime="1733437186"><address addr="202.46.1.149" addrtype="ipv4"/><ports><port protocol="tcp" portid="5060"><state state="open" reason="syn-ack" reason_ttl="50"/></port></ports></host>
<host endtime="1733437188"><address addr="202.46.5.181" addrtype="ipv4"/><ports><port protocol="tcp" portid="5060"><state state="open" reason="syn-ack" reason_ttl="50"/></port></ports></host>
<host endtime="1733437193"><address addr="202.46.7.211" addrtype="ipv4"/><ports><port protocol="tcp" portid="5060"><state state="open" reason="syn-ack" reason_ttl="50"/></port></ports></host>
<host endtime="1733437194"><address addr="103.83.19.97" addrtype="ipv4"/><ports><port protocol="tcp" portid="5060"><state state="open" reason="syn-ack" reason_ttl="48"/></port></ports></host>
<host endtime="1733437194"><address addr="202.46.255.66" addrtype="ipv4"/><ports><port protocol="tcp" portid="5060"><state state="open" reason="syn-ack" reason_ttl="50"/></port></ports></host>
<host endtime="1733437195"><address addr="202.46.15.233" addrtype="ipv4"/><ports><port protocol="tcp" portid="5060"><state state="open" reason="syn-ack" reason_ttl="50"/></port></ports></host>
<host endtime="1733437197"><address addr="202.46.253.221" addrtype="ipv4"/><ports><port protocol="tcp" portid="5060"><state state="open" reason="syn-ack" reason_ttl="51"/></port></ports></host>
<host endtime="1733437198"><address addr="202.46.3.19" addrtype="ipv4"/><ports><port protocol="tcp" portid="5060"><state state="open" reason="syn-ack" reason_ttl="51"/></port></ports></host>
<host endtime="1733437200"><address addr="202.46.10.122" addrtype="ipv4"/><ports><port protocol="tcp" portid="5060"><state state="open" reason="syn-ack" reason_ttl="51"/></port></ports></host>
<host endtime="1733437204"><address addr="202.46.240.231" addrtype="ipv4"/><ports><port protocol="tcp" portid="5060"><state state="open" reason="syn-ack" reason_ttl="51"/></port></ports></host>
<host endtime="1733437212"><address addr="202.46.0.120" addrtype="ipv4"/><ports><port protocol="tcp" portid="5060"><state state="open" reason="syn-ack" reason_ttl="51"/></port></ports></host>
<host endtime="1733437214"><address addr="202.46.15.203" addrtype="ipv4"/><ports><port protocol="tcp" portid="5060"><state state="open" reason="syn-ack" reason_ttl="50"/></port></ports></host>
<host endtime="1733437217"><address addr="103.224.214.47" addrtype="ipv4"/><ports><port protocol="tcp" portid="5060"><state state="open" reason="syn-ack" reason_ttl="48"/></port></ports></host>
<host endtime="1733437217"><address addr="202.46.248.187" addrtype="ipv4"/><ports><port protocol="tcp" portid="5060"><state state="open" reason="syn-ack" reason_ttl="51"/></port></ports></host>
<host endtime="1733437220"><address addr="199.123.27.235" addrtype="ipv4"/><ports><port protocol="tcp" portid="5060"><state state="open" reason="syn-ack" reason_ttl="229"/></port></ports></host>
<host endtime="1733437221"><address addr="202.46.240.66" addrtype="ipv4"/><ports><port protocol="tcp" portid="5060"><state state="open" reason="syn-ack" reason_ttl="51"/></port></ports></host>
<host endtime="1733437222"><address addr="199.123.24.110" addrtype="ipv4"/><ports><port protocol="tcp" portid="5060"><state state="open" reason="syn-ack" reason_ttl="229"/></port></ports></host>
<host endtime="1733437222"><address addr="199.201.237.46" addrtype="ipv4"/><ports><port protocol="tcp" portid="5060"><state state="open" reason="syn-ack" reason_ttl="47"/></port></ports></host>
<host endtime="1733437226"><address addr="202.46.8.197" addrtype="ipv4"/><ports><port protocol="tcp" portid="5060"><state state="open" reason="syn-ack" reason_ttl="50"/></port></ports></host>
<host endtime="1733437227"><address addr="202.46.240.133" addrtype="ipv4"/><ports><port protocol="tcp" portid="5060"><state state="open" reason="syn-ack" reason_ttl="51"/></port></ports></host>
<host endtime="1733437228"><address addr="202.46.252.88" addrtype="ipv4"/><ports><port protocol="tcp" portid="5060"><state state="open" reason="syn-ack" reason_ttl="50"/></port></ports></host>
<host endtime="1733437230"><address addr="202.46.254.127" addrtype="ipv4"/><ports><port protocol="tcp" portid="5060"><state state="open" reason="syn-ack" reason_ttl="50"/></port></ports></host>
<host endtime="1733437233"><address addr="202.46.6.243" addrtype="ipv4"/><ports><port protocol="tcp" portid="5060"><state state="open" reason="syn-ack" reason_ttl="51"/></port></ports></host>
<host endtime="1733437234"><address addr="199.201.237.98" addrtype="ipv4"/><ports><port protocol="tcp" portid="5060"><state state="open" reason="syn-ack" reason_ttl="47"/></port></ports></host>
<host endtime="1733437236"><address addr="202.46.14.251" addrtype="ipv4"/><ports><port protocol="tcp" portid="5060"><state state="open" reason="syn-ack" reason_ttl="51"/></port></ports></host>
<host endtime="1733437239"><address addr="202.46.250.137" addrtype="ipv4"/><ports><port protocol="tcp" portid="5060"><state state="open" reason="syn-ack" reason_ttl="50"/></port></ports></host>
<host endtime="1733437240"><address addr="202.46.241.36" addrtype="ipv4"/><ports><port protocol="tcp" portid="5060"><state state="open" reason="syn-ack" reason_ttl="51"/></port></ports></host>
<host endtime="1733437247"><address addr="202.46.248.251" addrtype="ipv4"/><ports><port protocol="tcp" portid="5060"><state state="open" reason="syn-ack" reason_ttl="51"/></port></ports></host>
<host endtime="1733437250"><address addr="202.46.13.151" addrtype="ipv4"/><ports><port protocol="tcp" portid="5060"><state state="open" reason="syn-ack" reason_ttl="51"/></port></ports></host>
<host endtime="1733437250"><address addr="202.46.8.22" addrtype="ipv4"/><ports><port protocol="tcp" portid="5061"><state state="open" reason="syn-ack" reason_ttl="50"/></port></ports></host>
<host endtime="1733437251"><address addr="202.46.245.49" addrtype="ipv4"/><ports><port protocol="tcp" portid="5060"><state state="open" reason="syn-ack" reason_ttl="50"/></port></ports></host>
<host endtime="1733437254"><address addr="202.46.5.159" addrtype="ipv4"/><ports><port protocol="tcp" portid="5060"><state state="open" reason="syn-ack" reason_ttl="51"/></port></ports></host>
<host endtime="1733437255"><address addr="202.46.11.243" addrtype="ipv4"/><ports><port protocol="tcp" portid="5060"><state state="open" reason="syn-ack" reason_ttl="50"/></port></ports></host>
<host endtime="1733437258"><address addr="202.46.0.25" addrtype="ipv4"/><ports><port protocol="tcp" portid="5060"><state state="open" reason="syn-ack" reason_ttl="51"/></port></ports></host>
<host endtime="1733437258"><address addr="202.46.245.190" addrtype="ipv4"/><ports><port protocol="tcp" portid="5060"><state state="open" reason="syn-ack" reason_ttl="51"/></port></ports></host>
<host endtime="1733437260"><address addr="202.46.241.232" addrtype="ipv4"/><ports><port protocol="tcp" portid="5060"><state state="open" reason="syn-ack" reason_ttl="51"/></port></ports></host>
<host endtime="1733437260"><address addr="202.46.240.243" addrtype="ipv4"/><ports><port protocol="tcp" portid="5060"><state state="open" reason="syn-ack" reason_ttl="51"/></port></ports></host>
<host endtime="1733437261"><address addr="193.103.200.58" addrtype="ipv4"/><ports><port protocol="tcp" portid="5060"><state state="open" reason="syn-ack" reason_ttl="54"/></port></ports></host>
<host endtime="1733437263"><address addr="202.46.254.36" addrtype="ipv4"/><ports><port protocol="tcp" portid="5060"><state state="open" reason="syn-ack" reason_ttl="50"/></port></ports></host>
<host endtime="1733437264"><address addr="202.46.5.30" addrtype="ipv4"/><ports><port protocol="tcp" portid="5060"><state state="open" reason="syn-ack" reason_ttl="51"/></port></ports></host>
<host endtime="1733437273"><address addr="202.46.253.164" addrtype="ipv4"/><ports><port protocol="tcp" portid="5060"><state state="open" reason="syn-ack" reason_ttl="50"/></port></ports></host>
<host endtime="1733437276"><address addr="202.46.12.252" addrtype="ipv4"/><ports><port protocol="tcp" portid="5060"><state state="open" reason="syn-ack" reason_ttl="50"/></port></ports></host>
<host endtime="1733437277"><address addr="202.46.14.64" addrtype="ipv4"/><ports><port protocol="tcp" portid="5060"><state state="open" reason="syn-ack" reason_ttl="51"/></port></ports></host>
<host endtime="1733437277"><address addr="202.46.254.11" addrtype="ipv4"/><ports><port protocol="tcp" portid="5060"><state state="open" reason="syn-ack" reason_ttl="50"/></port></ports></host>
<host endtime="1733437278"><address addr="202.46.10.70" addrtype="ipv4"/><ports><port protocol="tcp" portid="5060"><state state="open" reason="syn-ack" reason_ttl="50"/></port></ports></host>
<host endtime="1733437278"><address addr="202.46.240.80" addrtype="ipv4"/><ports><port protocol="tcp" portid="5060"><state state="open" reason="syn-ack" reason_ttl="51"/></port></ports></host>
<host endtime="1733437279"><address addr="202.46.1.48" addrtype="ipv4"/><ports><port protocol="tcp" portid="5060"><state state="open" reason="syn-ack" reason_ttl="50"/></port></ports></host>
<host endtime="1733437280"><address addr="202.46.8.139" addrtype="ipv4"/><ports><port protocol="tcp" portid="5060"><state state="open" reason="syn-ack" reason_ttl="50"/></port></ports></host>
<host endtime="1733437286"><address addr="202.46.251.115" addrtype="ipv4"/><ports><port protocol="tcp" portid="5060"><state state="open" reason="syn-ack" reason_ttl="51"/></port></ports></host>
<host endtime="1733437287"><address addr="202.46.241.147" addrtype="ipv4"/><ports><port protocol="tcp" portid="5060"><state state="open" reason="syn-ack" reason_ttl="51"/></port></ports></host>
<host endtime="1733437287"><address addr="202.46.254.190" addrtype="ipv4"/><ports><port protocol="tcp" portid="5060"><state state="open" reason="syn-ack" reason_ttl="50"/></port></ports></host>
<host endtime="1733437290"><address addr="193.98.229.49" addrtype="ipv4"/><ports><port protocol="tcp" portid="5060"><state state="open" reason="syn-ack" reason_ttl="44"/></port></ports></host>
<host endtime="1733437295"><address addr="199.123.24.196" addrtype="ipv4"/><ports><port protocol="tcp" portid="5060"><state state="open" reason="syn-ack" reason_ttl="229"/></port></ports></host>
<host endtime="1733437296"><address addr="199.201.237.47" addrtype="ipv4"/><ports><port protocol="tcp" portid="5060"><state state="open" reason="syn-ack" reason_ttl="47"/></port></ports></host>
<host endtime="1733437302"><address addr="202.46.248.23" addrtype="ipv4"/><ports><port protocol="tcp" portid="5060"><state state="open" reason="syn-ack" reason_ttl="51"/></port></ports></host>
<host endtime="1733437303"><address addr="202.46.249.191" addrtype="ipv4"/><ports><port protocol="tcp" portid="5060"><state state="open" reason="syn-ack" reason_ttl="51"/></port></ports></host>
<host endtime="1733437306"><address addr="202.46.245.10" addrtype="ipv4"/><ports><port protocol="tcp" portid="5060"><state state="open" reason="syn-ack" reason_ttl="51"/></port></ports></host>
<host endtime="1733437307"><address addr="202.46.14.79" addrtype="ipv4"/><ports><port protocol="tcp" portid="5060"><state state="open" reason="syn-ack" reason_ttl="50"/></port></ports></host>
<host endtime="1733437310"><address addr="199.201.236.194" addrtype="ipv4"/><ports><port protocol="tcp" portid="5060"><state state="open" reason="syn-ack" reason_ttl="47"/></port></ports></host>
<host endtime="1733437320"><address addr="202.46.248.16" addrtype="ipv4"/><ports><port protocol="tcp" portid="5060"><state state="open" reason="syn-ack" reason_ttl="50"/></port></ports></host>
<host endtime="1733437321"><address addr="202.46.6.234" addrtype="ipv4"/><ports><port protocol="tcp" portid="5060"><state state="open" reason="syn-ack" reason_ttl="50"/></port></ports></host>
<host endtime="1733437322"><address addr="199.201.236.123" addrtype="ipv4"/><ports><port protocol="tcp" portid="5060"><state state="open" reason="syn-ack" reason_ttl="47"/></port></ports></host>
<host endtime="1733437322"><address addr="202.46.15.129" addrtype="ipv4"/><ports><port protocol="tcp" portid="5060"><state state="open" reason="syn-ack" reason_ttl="51"/></port></ports></host>
<host endtime="1733437329"><address addr="202.46.254.236" addrtype="ipv4"/><ports><port protocol="tcp" portid="5060"><state state="open" reason="syn-ack" reason_ttl="50"/></port></ports></host>
<host endtime="1733437331"><address addr="103.224.214.163" addrtype="ipv4"/><ports><port protocol="tcp" portid="5060"><state state="open" reason="syn-ack" reason_ttl="48"/></port></ports></host>
<host endtime="1733437332"><address addr="103.83.19.242" addrtype="ipv4"/><ports><port protocol="tcp" portid="5060"><state state="open" reason="syn-ack" reason_ttl="48"/></port></ports></host>
<host endtime="1733437334"><address addr="202.46.14.67" addrtype="ipv4"/><ports><port protocol="tcp" portid="5060"><state state="open" reason="syn-ack" reason_ttl="51"/></port></ports></host>
<host endtime="1733437335"><address addr="202.46.250.66" addrtype="ipv4"/><ports><port protocol="tcp" portid="5060"><state state="open" reason="syn-ack" reason_ttl="51"/></port></ports></host>
<host endtime="1733437338"><address addr="202.46.12.199" addrtype="ipv4"/><ports><port protocol="tcp" portid="5060"><state state="open" reason="syn-ack" reason_ttl="51"/></port></ports></host>
<host endtime="1733437339"><address addr="202.46.240.82" addrtype="ipv4"/><ports><port protocol="tcp" portid="5060"><state state="open" reason="syn-ack" reason_ttl="51"/></port></ports></host>
<host endtime="1733437340"><address addr="202.46.0.36" addrtype="ipv4"/><ports><port protocol="tcp" portid="5060"><state state="open" reason="syn-ack" reason_ttl="51"/></port></ports></host>
<host endtime="1733437344"><address addr="193.103.200.210" addrtype="ipv4"/><ports><port protocol="tcp" portid="5060"><state state="open" reason="syn-ack" reason_ttl="54"/></port></ports></host>
<host endtime="1733437344"><address addr="202.46.15.184" addrtype="ipv4"/><ports><port protocol="tcp" portid="5060"><state state="open" reason="syn-ack" reason_ttl="51"/></port></ports></host>
<host endtime="1733437347"><address addr="202.46.250.227" addrtype="ipv4"/><ports><port protocol="tcp" portid="5060"><state state="open" reason="syn-ack" reason_ttl="50"/></port></ports></host>
<host endtime="1733437349"><address addr="202.46.241.94" addrtype="ipv4"/><ports><port protocol="tcp" portid="5060"><state state="open" reason="syn-ack" reason_ttl="51"/></port></ports></host>
<host endtime="1733437350"><address addr="199.123.25.40" addrtype="ipv4"/><ports><port protocol="tcp" portid="5060"><state state="open" reason="syn-ack" reason_ttl="229"/></port></ports></host>
<host endtime="1733437350"><address addr="202.46.246.181" addrtype="ipv4"/><ports><port protocol="tcp" portid="5060"><state state="open" reason="syn-ack" reason_ttl="50"/></port></ports></host>
<host endtime="1733437351"><address addr="103.83.19.150" addrtype="ipv4"/><ports><port protocol="tcp" portid="5060"><state state="open" reason="syn-ack" reason_ttl="48"/></port></ports></host>
<host endtime="1733437352"><address addr="202.46.250.156" addrtype="ipv4"/><ports><port protocol="tcp" portid="5060"><state state="open" reason="syn-ack" reason_ttl="51"/></port></ports></host>
<host endtime="1733437354"><address addr="202.46.250.202" addrtype="ipv4"/><ports><port protocol="tcp" portid="5060"><state state="open" reason="syn-ack" reason_ttl="51"/></port></ports></host>
<host endtime="1733437355"><address addr="202.46.13.187" addrtype="ipv4"/><ports><port protocol="tcp" portid="5060"><state state="open" reason="syn-ack" reason_ttl="51"/></port></ports></host>
<host endtime="1733437358"><address addr="202.46.254.247" addrtype="ipv4"/><ports><port protocol="tcp" portid="5060"><state state="open" reason="syn-ack" reason_ttl="50"/></port></ports></host>
<host endtime="1733437363"><address addr="202.46.8.191" addrtype="ipv4"/><ports><port protocol="tcp" portid="5060"><state state="open" reason="syn-ack" reason_ttl="51"/></port></ports></host>
<host endtime="1733437365"><address addr="202.46.4.137" addrtype="ipv4"/><ports><port protocol="tcp" portid="5060"><state state="open" reason="syn-ack" reason_ttl="51"/></port></ports></host>
<host endtime="1733437367"><address addr="202.46.2.189" addrtype="ipv4"/><ports><port protocol="tcp" portid="5060"><state state="open" reason="syn-ack" reason_ttl="51"/></port></ports></host>
<host endtime="1733437367"><address addr="199.123.26.63" addrtype="ipv4"/><ports><port protocol="tcp" portid="5060"><state state="open" reason="syn-ack" reason_ttl="229"/></port></ports></host>
<host endtime="1733437368"><address addr="202.46.247.174" addrtype="ipv4"/><ports><port protocol="tcp" portid="5060"><state state="open" reason="syn-ack" reason_ttl="51"/></port></ports></host>
<host endtime="1733437369"><address addr="202.46.13.147" addrtype="ipv4"/><ports><port protocol="tcp" portid="5060"><state state="open" reason="syn-ack" reason_ttl="51"/></port></ports></host>
<host endtime="1733437371"><address addr="199.123.25.59" addrtype="ipv4"/><ports><port protocol="tcp" portid="5060"><state state="open" reason="syn-ack" reason_ttl="229"/></port></ports></host>
<host endtime="1733437372"><address addr="202.46.6.7" addrtype="ipv4"/><ports><port protocol="tcp" portid="5060"><state state="open" reason="syn-ack" reason_ttl="51"/></port></ports></host>
<host endtime="1733437375"><address addr="202.46.10.220" addrtype="ipv4"/><ports><port protocol="tcp" portid="5060"><state state="open" reason="syn-ack" reason_ttl="51"/></port></ports></host>
<host endtime="1733437378"><address addr="202.46.253.162" addrtype="ipv4"/><ports><port protocol="tcp" portid="5060"><state state="open" reason="syn-ack" reason_ttl="51"/></port></ports></host>
<host endtime="1733437384"><address addr="202.46.1.71" addrtype="ipv4"/><ports><port protocol="tcp" portid="5060"><state state="open" reason="syn-ack" reason_ttl="51"/></port></ports></host>
<host endtime="1733437384"><address addr="202.46.2.209" addrtype="ipv4"/><ports><port protocol="tcp" portid="5060"><state state="open" reason="syn-ack" reason_ttl="50"/></port></ports></host>
<host endtime="1733437388"><address addr="202.46.1.98" addrtype="ipv4"/><ports><port protocol="tcp" portid="5060"><state state="open" reason="syn-ack" reason_ttl="50"/></port></ports></host>
<host endtime="1733437391"><address addr="202.46.3.21" addrtype="ipv4"/><ports><port protocol="tcp" portid="5060"><state state="open" reason="syn-ack" reason_ttl="51"/></port></ports></host>
<host endtime="1733437392"><address addr="202.46.5.202" addrtype="ipv4"/><ports><port protocol="tcp" portid="5060"><state state="open" reason="syn-ack" reason_ttl="51"/></port></ports></host>
<host endtime="1733437392"><address addr="103.224.215.24" addrtype="ipv4"/><ports><port protocol="tcp" portid="5060"><state state="open" reason="syn-ack" reason_ttl="48"/></port></ports></host>
<host endtime="1733437395"><address addr="202.46.8.1" addrtype="ipv4"/><ports><port protocol="tcp" portid="5060"><state state="open" reason="syn-ack" reason_ttl="51"/></port></ports></host>
<host endtime="1733437398"><address addr="103.83.19.159" addrtype="ipv4"/><ports><port protocol="tcp" portid="5060"><state state="open" reason="syn-ack" reason_ttl="48"/></port></ports></host>
<host endtime="1733437398"><address addr="202.46.254.238" addrtype="ipv4"/><ports><port protocol="tcp" portid="5060"><state state="open" reason="syn-ack" reason_ttl="51"/></port></ports></host>
<host endtime="1733437401"><address addr="202.46.10.120" addrtype="ipv4"/><ports><port protocol="tcp" portid="5060"><state state="open" reason="syn-ack" reason_ttl="51"/></port></ports></host>
<host endtime="1733437401"><address addr="199.201.237.14" addrtype="ipv4"/><ports><port protocol="tcp" portid="5060"><state state="open" reason="syn-ack" reason_ttl="47"/></port></ports></host>
<host endtime="1733437401"><address addr="202.46.242.41" addrtype="ipv4"/><ports><port protocol="tcp" portid="5060"><state state="open" reason="syn-ack" reason_ttl="51"/></port></ports></host>
<host endtime="1733437402"><address addr="202.46.246.166" addrtype="ipv4"/><ports><port protocol="tcp" portid="5060"><state state="open" reason="syn-ack" reason_ttl="51"/></port></ports></host>
<host endtime="1733437403"><address addr="103.224.214.117" addrtype="ipv4"/><ports><port protocol="tcp" portid="5060"><state state="open" reason="syn-ack" reason_ttl="48"/></port></ports></host>
<host endtime="1733437404"><address addr="202.46.7.28" addrtype="ipv4"/><ports><port protocol="tcp" portid="5060"><state state="open" reason="syn-ack" reason_ttl="51"/></port></ports></host>
<host endtime="1733437408"><address addr="202.46.253.230" addrtype="ipv4"/><ports><port protocol="tcp" portid="5060"><state state="open" reason="syn-ack" reason_ttl="50"/></port></ports></host>
<host endtime="1733437408"><address addr="202.46.240.190" addrtype="ipv4"/><ports><port protocol="tcp" portid="5060"><state state="open" reason="syn-ack" reason_ttl="51"/></port></ports></host>
<host endtime="1733437410"><address addr="202.46.10.163" addrtype="ipv4"/><ports><port protocol="tcp" portid="5060"><state state="open" reason="syn-ack" reason_ttl="51"/></port></ports></host>
<host endtime="1733437416"><address addr="202.46.245.154" addrtype="ipv4"/><ports><port protocol="tcp" portid="5060"><state state="open" reason="syn-ack" reason_ttl="51"/></port></ports></host>
<host endtime="1733437418"><address addr="202.46.254.187" addrtype="ipv4"/><ports><port protocol="tcp" portid="5060"><state state="open" reason="syn-ack" reason_ttl="51"/></port></ports></host>
<host endtime="1733437420"><address addr="202.46.4.165" addrtype="ipv4"/><ports><port protocol="tcp" portid="5060"><state state="open" reason="syn-ack" reason_ttl="51"/></port></ports></host>
<host endtime="1733437420"><address addr="202.46.14.59" addrtype="ipv4"/><ports><port protocol="tcp" portid="5060"><state state="open" reason="syn-ack" reason_ttl="50"/></port></ports></host>
<host endtime="1733437424"><address addr="202.46.4.223" addrtype="ipv4"/><ports><port protocol="tcp" portid="5060"><state state="open" reason="syn-ack" reason_ttl="51"/></port></ports></host>
<host endtime="1733437425"><address addr="199.123.25.151" addrtype="ipv4"/><ports><port protocol="tcp" portid="5060"><state state="open" reason="syn-ack" reason_ttl="229"/></port></ports></host>
<host endtime="1733437430"><address addr="202.46.249.206" addrtype="ipv4"/><ports><port protocol="tcp" portid="5060"><state state="open" reason="syn-ack" reason_ttl="51"/></port></ports></host>
<host endtime="1733437431"><address addr="202.46.243.220" addrtype="ipv4"/><ports><port protocol="tcp" portid="5060"><state state="open" reason="syn-ack" reason_ttl="50"/></port></ports></host>
<host endtime="1733437432"><address addr="103.224.214.114" addrtype="ipv4"/><ports><port protocol="tcp" portid="5060"><state state="open" reason="syn-ack" reason_ttl="48"/></port></ports></host>
<host endtime="1733437435"><address addr="202.46.2.58" addrtype="ipv4"/><ports><port protocol="tcp" portid="5060"><state state="open" reason="syn-ack" reason_ttl="51"/></port></ports></host>
<host endtime="1733437440"><address addr="202.46.11.231" addrtype="ipv4"/><ports><port protocol="tcp" portid="5060"><state state="open" reason="syn-ack" reason_ttl="51"/></port></ports></host>
<host endtime="1733437444"><address addr="202.46.9.2" addrtype="ipv4"/><ports><port protocol="tcp" portid="5060"><state state="open" reason="syn-ack" reason_ttl="50"/></port></ports></host>
<host endtime="1733437446"><address addr="199.201.236.139" addrtype="ipv4"/><ports><port protocol="tcp" portid="5060"><state state="open" reason="syn-ack" reason_ttl="47"/></port></ports></host>
<host endtime="1733437446"><address addr="199.123.27.216" addrtype="ipv4"/><ports><port protocol="tcp" portid="5060"><state state="open" reason="syn-ack" reason_ttl="229"/></port></ports></host>
<host endtime="1733437447"><address addr="202.46.5.124" addrtype="ipv4"/><ports><port protocol="tcp" portid="5060"><state state="open" reason="syn-ack" reason_ttl="51"/></port></ports></host>
<host endtime="1733437451"><address addr="202.46.10.3" addrtype="ipv4"/><ports><port protocol="tcp" portid="5061"><state state="open" reason="syn-ack" reason_ttl="49"/></port></ports></host>
<host endtime="1733437452"><address addr="202.46.12.18" addrtype="ipv4"/><ports><port protocol="tcp" portid="5060"><state state="open" reason="syn-ack" reason_ttl="51"/></port></ports></host>
<host endtime="1733437456"><address addr="202.46.240.122" addrtype="ipv4"/><ports><port protocol="tcp" portid="5060"><state state="open" reason="syn-ack" reason_ttl="50"/></port></ports></host>
<host endtime="1733437459"><address addr="193.98.229.223" addrtype="ipv4"/><ports><port protocol="tcp" portid="5060"><state state="open" reason="syn-ack" reason_ttl="44"/></port></ports></host>
<host endtime="1733437459"><address addr="199.201.237.81" addrtype="ipv4"/><ports><port protocol="tcp" portid="5060"><state state="open" reason="syn-ack" reason_ttl="47"/></port></ports></host>
<host endtime="1733437466"><address addr="199.201.237.116" addrtype="ipv4"/><ports><port protocol="tcp" portid="5060"><state state="open" reason="syn-ack" reason_ttl="47"/></port></ports></host>
<host endtime="1733437467"><address addr="193.98.229.31" addrtype="ipv4"/><ports><port protocol="tcp" portid="5061"><state state="open" reason="syn-ack" reason_ttl="49"/></port></ports></host>
<host endtime="1733437467"><address addr="103.224.215.10" addrtype="ipv4"/><ports><port protocol="tcp" portid="5060"><state state="open" reason="syn-ack" reason_ttl="48"/></port></ports></host>
<host endtime="1733437467"><address addr="199.123.27.158" addrtype="ipv4"/><ports><port protocol="tcp" portid="5060"><state state="open" reason="syn-ack" reason_ttl="229"/></port></ports></host>
<host endtime="1733437472"><address addr="199.123.26.240" addrtype="ipv4"/><ports><port protocol="tcp" portid="5060"><state state="open" reason="syn-ack" reason_ttl="229"/></port></ports></host>
<host endtime="1733437476"><address addr="202.46.8.210" addrtype="ipv4"/><ports><port protocol="tcp" portid="5060"><state state="open" reason="syn-ack" reason_ttl="50"/></port></ports></host>
<host endtime="1733437477"><address addr="202.46.244.114" addrtype="ipv4"/><ports><port protocol="tcp" portid="5060"><state state="open" reason="syn-ack" reason_ttl="50"/></port></ports></host>
<host endtime="1733437479"><address addr="202.46.7.180" addrtype="ipv4"/><ports><port protocol="tcp" portid="5060"><state state="open" reason="syn-ack" reason_ttl="51"/></port></ports></host>
<host endtime="1733437482"><address addr="202.46.251.35" addrtype="ipv4"/><ports><port protocol="tcp" portid="5060"><state state="open" reason="syn-ack" reason_ttl="50"/></port></ports></host>
<host endtime="1733437485"><address addr="202.46.254.48" addrtype="ipv4"/><ports><port protocol="tcp" portid="5060"><state state="open" reason="syn-ack" reason_ttl="51"/></port></ports></host>
<host endtime="1733437485"><address addr="202.46.249.218" addrtype="ipv4"/><ports><port protocol="tcp" portid="5060"><state state="open" reason="syn-ack" reason_ttl="50"/></port></ports></host>
<host endtime="1733437487"><address addr="199.201.237.216" addrtype="ipv4"/><ports><port protocol="tcp" portid="5060"><state state="open" reason="syn-ack" reason_ttl="47"/></port></ports></host>
<host endtime="1733437488"><address addr="202.46.254.138" addrtype="ipv4"/><ports><port protocol="tcp" portid="5060"><state state="open" reason="syn-ack" reason_ttl="51"/></port></ports></host>
<host endtime="1733437495"><address addr="202.46.243.108" addrtype="ipv4"/><ports><port protocol="tcp" portid="5060"><state state="open" reason="syn-ack" reason_ttl="50"/></port></ports></host>
<host endtime="1733437496"><address addr="103.83.18.253" addrtype="ipv4"/><ports><port protocol="tcp" portid="5060"><state state="open" reason="syn-ack" reason_ttl="48"/></port></ports></host>
<host endtime="1733437500"><address addr="202.46.248.255" addrtype="ipv4"/><ports><port protocol="tcp" portid="5060"><state state="open" reason="syn-ack" reason_ttl="51"/></port></ports></host>
<host endtime="1733437502"><address addr="202.46.242.198" addrtype="ipv4"/><ports><port protocol="tcp" portid="5060"><state state="open" reason="syn-ack" reason_ttl="51"/></port></ports></host>
<host endtime="1733437507"><address addr="193.98.229.229" addrtype="ipv4"/><ports><port protocol="tcp" portid="5061"><state state="open" reason="syn-ack" reason_ttl="47"/></port></ports></host>
<host endtime="1733437508"><address addr="202.46.10.98" addrtype="ipv4"/><ports><port protocol="tcp" portid="5060"><state state="open" reason="syn-ack" reason_ttl="51"/></port></ports></host>
<host endtime="1733437511"><address addr="202.46.240.40" addrtype="ipv4"/><ports><port protocol="tcp" portid="5060"><state state="open" reason="syn-ack" reason_ttl="51"/></port></ports></host>
<host endtime="1733437512"><address addr="199.123.25.142" addrtype="ipv4"/><ports><port protocol="tcp" portid="5060"><state state="open" reason="syn-ack" reason_ttl="229"/></port></ports></host>
<host endtime="1733437516"><address addr="202.46.7.90" addrtype="ipv4"/><ports><port protocol="tcp" portid="5060"><state state="open" reason="syn-ack" reason_ttl="51"/></port></ports></host>
<host endtime="1733437517"><address addr="202.46.11.17" addrtype="ipv4"/><ports><port protocol="tcp" portid="5060"><state state="open" reason="syn-ack" reason_ttl="50"/></port></ports></host>
<host endtime="1733437520"><address addr="202.46.245.52" addrtype="ipv4"/><ports><port protocol="tcp" portid="5060"><state state="open" reason="syn-ack" reason_ttl="51"/></port></ports></host>
<host endtime="1733437520"><address addr="202.46.243.88" addrtype="ipv4"/><ports><port protocol="tcp" portid="5060"><state state="open" reason="syn-ack" reason_ttl="50"/></port></ports></host>
<host endtime="1733437521"><address addr="103.224.215.162" addrtype="ipv4"/><ports><port protocol="tcp" portid="5060"><state state="open" reason="syn-ack" reason_ttl="48"/></port></ports></host>
<host endtime="1733437525"><address addr="202.46.10.14" addrtype="ipv4"/><ports><port protocol="tcp" portid="5061"><state state="open" reason="syn-ack" reason_ttl="50"/></port></ports></host>
<host endtime="1733437526"><address addr="199.123.27.5" addrtype="ipv4"/><ports><port protocol="tcp" portid="5060"><state state="open" reason="syn-ack" reason_ttl="229"/></port></ports></host>
<host endtime="1733437527"><address addr="103.224.214.90" addrtype="ipv4"/><ports><port protocol="tcp" portid="5060"><state state="open" reason="syn-ack" reason_ttl="48"/></port></ports></host>
<host endtime="1733437530"><address addr="202.46.5.76" addrtype="ipv4"/><ports><port protocol="tcp" portid="5060"><state state="open" reason="syn-ack" reason_ttl="51"/></port></ports></host>
<host endtime="1733437535"><address addr="202.46.12.71" addrtype="ipv4"/><ports><port protocol="tcp" portid="5060"><state state="open" reason="syn-ack" reason_ttl="51"/></port></ports></host>
<host endtime="1733437537"><address addr="202.46.3.245" addrtype="ipv4"/><ports><port protocol="tcp" portid="5060"><state state="open" reason="syn-ack" reason_ttl="51"/></port></ports></host>
<host endtime="1733437537"><address addr="202.46.7.205" addrtype="ipv4"/><ports><port protocol="tcp" portid="5060"><state state="open" reason="syn-ack" reason_ttl="50"/></port></ports></host>
<host endtime="1733437537"><address addr="202.46.242.221" addrtype="ipv4"/><ports><port protocol="tcp" portid="5060"><state state="open" reason="syn-ack" reason_ttl="51"/></port></ports></host>
<host endtime="1733437539"><address addr="202.46.240.25" addrtype="ipv4"/><ports><port protocol="tcp" portid="5060"><state state="open" reason="syn-ack" reason_ttl="51"/></port></ports></host>
<host endtime="1733437543"><address addr="202.46.249.75" addrtype="ipv4"/><ports><port protocol="tcp" portid="5060"><state state="open" reason="syn-ack" reason_ttl="50"/></port></ports></host>
<host endtime="1733437544"><address addr="202.46.254.209" addrtype="ipv4"/><ports><port protocol="tcp" portid="5060"><state state="open" reason="syn-ack" reason_ttl="51"/></port></ports></host>
<host endtime="1733437545"><address addr="202.46.3.169" addrtype="ipv4"/><ports><port protocol="tcp" portid="5060"><state state="open" reason="syn-ack" reason_ttl="51"/></port></ports></host>
<host endtime="1733437545"><address addr="199.201.236.72" addrtype="ipv4"/><ports><port protocol="tcp" portid="5060"><state state="open" reason="syn-ack" reason_ttl="47"/></port></ports></host>
<host endtime="1733437546"><address addr="199.123.26.149" addrtype="ipv4"/><ports><port protocol="tcp" portid="5060"><state state="open" reason="syn-ack" reason_ttl="229"/></port></ports></host>
<host endtime="1733437547"><address addr="202.46.11.199" addrtype="ipv4"/><ports><port protocol="tcp" portid="5060"><state state="open" reason="syn-ack" reason_ttl="51"/></port></ports></host>
<host endtime="1733437550"><address addr="202.46.240.124" addrtype="ipv4"/><ports><port protocol="tcp" portid="5060"><state state="open" reason="syn-ack" reason_ttl="51"/></port></ports></host>
<host endtime="1733437550"><address addr="193.98.229.9" addrtype="ipv4"/><ports><port protocol="tcp" portid="5061"><state state="open" reason="syn-ack" reason_ttl="49"/></port></ports></host>
<host endtime="1733437551"><address addr="202.46.243.223" addrtype="ipv4"/><ports><port protocol="tcp" portid="5060"><state state="open" reason="syn-ack" reason_ttl="51"/></port></ports></host>
<host endtime="1733437563"><address addr="202.46.1.41" addrtype="ipv4"/><ports><port protocol="tcp" portid="5060"><state state="open" reason="syn-ack" reason_ttl="51"/></port></ports></host>
<host endtime="1733437565"><address addr="202.46.12.11" addrtype="ipv4"/><ports><port protocol="tcp" portid="5060"><state state="open" reason="syn-ack" reason_ttl="51"/></port></ports></host>
<host endtime="1733437568"><address addr="202.46.248.104" addrtype="ipv4"/><ports><port protocol="tcp" portid="5060"><state state="open" reason="syn-ack" reason_ttl="51"/></port></ports></host>
<host endtime="1733437569"><address addr="202.46.252.166" addrtype="ipv4"/><ports><port protocol="tcp" portid="5060"><state state="open" reason="syn-ack" reason_ttl="50"/></port></ports></host>
<host endtime="1733437573"><address addr="193.103.200.68" addrtype="ipv4"/><ports><port protocol="tcp" portid="5060"><state state="open" reason="syn-ack" reason_ttl="52"/></port></ports></host>
<host endtime="1733437577"><address addr="199.201.236.159" addrtype="ipv4"/><ports><port protocol="tcp" portid="5060"><state state="open" reason="syn-ack" reason_ttl="47"/></port></ports></host>
<host endtime="1733437578"><address addr="202.46.12.171" addrtype="ipv4"/><ports><port protocol="tcp" portid="5060"><state state="open" reason="syn-ack" reason_ttl="50"/></port></ports></host>
<host endtime="1733437581"><address addr="202.46.249.230" addrtype="ipv4"/><ports><port protocol="tcp" portid="5060"><state state="open" reason="syn-ack" reason_ttl="51"/></port></ports></host>
<host endtime="1733437582"><address addr="103.177.50.77" addrtype="ipv4"/><ports><port protocol="tcp" portid="5061"><state state="open" reason="syn-ack" reason_ttl="120"/></port></ports></host>
<host endtime="1733437585"><address addr="202.46.250.77" addrtype="ipv4"/><ports><port protocol="tcp" portid="5060"><state state="open" reason="syn-ack" reason_ttl="50"/></port></ports></host>
<host endtime="1733437589"><address addr="103.83.18.51" addrtype="ipv4"/><ports><port protocol="tcp" portid="5060"><state state="open" reason="syn-ack" reason_ttl="48"/></port></ports></host>
<host endtime="1733437593"><address addr="202.46.11.86" addrtype="ipv4"/><ports><port protocol="tcp" portid="5060"><state state="open" reason="syn-ack" reason_ttl="51"/></port></ports></host>
<host endtime="1733437594"><address addr="202.46.4.138" addrtype="ipv4"/><ports><port protocol="tcp" portid="5060"><state state="open" reason="syn-ack" reason_ttl="51"/></port></ports></host>
<host endtime="1733437602"><address addr="202.46.8.111" addrtype="ipv4"/><ports><port protocol="tcp" portid="5060"><state state="open" reason="syn-ack" reason_ttl="51"/></port></ports></host>
<host endtime="1733437605"><address addr="202.46.253.46" addrtype="ipv4"/><ports><port protocol="tcp" portid="5060"><state state="open" reason="syn-ack" reason_ttl="51"/></port></ports></host>
<host endtime="1733437606"><address addr="103.83.19.65" addrtype="ipv4"/><ports><port protocol="tcp" portid="5060"><state state="open" reason="syn-ack" reason_ttl="48"/></port></ports></host>
<host endtime="1733437609"><address addr="202.46.12.218" addrtype="ipv4"/><ports><port protocol="tcp" portid="5060"><state state="open" reason="syn-ack" reason_ttl="50"/></port></ports></host>
<host endtime="1733437610"><address addr="202.46.245.133" addrtype="ipv4"/><ports><port protocol="tcp" portid="5060"><state state="open" reason="syn-ack" reason_ttl="51"/></port></ports></host>
<host endtime="1733437611"><address addr="202.46.10.96" addrtype="ipv4"/><ports><port protocol="tcp" portid="5060"><state state="open" reason="syn-ack" reason_ttl="51"/></port></ports></host>
<host endtime="1733437613"><address addr="202.46.244.107" addrtype="ipv4"/><ports><port protocol="tcp" portid="5060"><state state="open" reason="syn-ack" reason_ttl="50"/></port></ports></host>
<host endtime="1733437613"><address addr="202.46.244.235" addrtype="ipv4"/><ports><port protocol="tcp" portid="5060"><state state="open" reason="syn-ack" reason_ttl="50"/></port></ports></host>
<host endtime="1733437617"><address addr="193.98.229.239" addrtype="ipv4"/><ports><port protocol="tcp" portid="5060"><state state="open" reason="syn-ack" reason_ttl="48"/></port></ports></host>
<host endtime="1733437619"><address addr="199.123.25.237" addrtype="ipv4"/><ports><port protocol="tcp" portid="5060"><state state="open" reason="syn-ack" reason_ttl="229"/></port></ports></host>
<host endtime="1733437620"><address addr="202.46.8.8" addrtype="ipv4"/><ports><port protocol="tcp" portid="5061"><state state="open" reason="syn-ack" reason_ttl="49"/></port></ports></host>
<host endtime="1733437622"><address addr="202.46.240.89" addrtype="ipv4"/><ports><port protocol="tcp" portid="5060"><state state="open" reason="syn-ack" reason_ttl="50"/></port></ports></host>
<host endtime="1733437623"><address addr="202.46.12.164" addrtype="ipv4"/><ports><port protocol="tcp" portid="5060"><state state="open" reason="syn-ack" reason_ttl="51"/></port></ports></host>
<host endtime="1733437628"><address addr="202.46.11.225" addrtype="ipv4"/><ports><port protocol="tcp" portid="5060"><state state="open" reason="syn-ack" reason_ttl="51"/></port></ports></host>
<host endtime="1733437628"><address addr="202.46.249.150" addrtype="ipv4"/><ports><port protocol="tcp" portid="5060"><state state="open" reason="syn-ack" reason_ttl="51"/></port></ports></host>
<host endtime="1733437628"><address addr="202.46.13.169" addrtype="ipv4"/><ports><port protocol="tcp" portid="5060"><state state="open" reason="syn-ack" reason_ttl="51"/></port></ports></host>
<host endtime="1733437629"><address addr="103.224.214.158" addrtype="ipv4"/><ports><port protocol="tcp" portid="5060"><state state="open" reason="syn-ack" reason_ttl="48"/></port></ports></host>
<host endtime="1733437632"><address addr="193.98.229.243" addrtype="ipv4"/><ports><port protocol="tcp" portid="5061"><state state="open" reason="syn-ack" reason_ttl="48"/></port></ports></host>
<host endtime="1733437632"><address addr="202.46.1.177" addrtype="ipv4"/><ports><port protocol="tcp" portid="5060"><state state="open" reason="syn-ack" reason_ttl="51"/></port></ports></host>
<host endtime="1733437633"><address addr="196.195.253.62" addrtype="ipv4"/><ports><port protocol="tcp" portid="5060"><state state="open" reason="syn-ack" reason_ttl="51"/></port></ports></host>
<host endtime="1733437634"><address addr="103.83.19.137" addrtype="ipv4"/><ports><port protocol="tcp" portid="5060"><state state="open" reason="syn-ack" reason_ttl="48"/></port></ports></host>
<host endtime="1733437634"><address addr="202.46.255.103" addrtype="ipv4"/><ports><port protocol="tcp" portid="5060"><state state="open" reason="syn-ack" reason_ttl="51"/></port></ports></host>
<host endtime="1733437636"><address addr="202.46.240.134" addrtype="ipv4"/><ports><port protocol="tcp" portid="5060"><state state="open" reason="syn-ack" reason_ttl="51"/></port></ports></host>
<host endtime="1733437638"><address addr="199.123.26.195" addrtype="ipv4"/><ports><port protocol="tcp" portid="5060"><state state="open" reason="syn-ack" reason_ttl="229"/></port></ports></host>
<host endtime="1733437644"><address addr="202.46.240.174" addrtype="ipv4"/><ports><port protocol="tcp" portid="5060"><state state="open" reason="syn-ack" reason_ttl="51"/></port></ports></host>
<host endtime="1733437646"><address addr="103.83.18.169" addrtype="ipv4"/><ports><port protocol="tcp" portid="5060"><state state="open" reason="syn-ack" reason_ttl="48"/></port></ports></host>
<host endtime="1733437646"><address addr="199.201.236.58" addrtype="ipv4"/><ports><port protocol="tcp" portid="5060"><state state="open" reason="syn-ack" reason_ttl="47"/></port></ports></host>
<host endtime="1733437651"><address addr="202.46.11.24" addrtype="ipv4"/><ports><port protocol="tcp" portid="5060"><state state="open" reason="syn-ack" reason_ttl="50"/></port></ports></host>
<host endtime="1733437652"><address addr="202.46.249.105" addrtype="ipv4"/><ports><port protocol="tcp" portid="5060"><state state="open" reason="syn-ack" reason_ttl="51"/></port></ports></host>
<host endtime="1733437652"><address addr="199.123.25.191" addrtype="ipv4"/><ports><port protocol="tcp" portid="5060"><state state="open" reason="syn-ack" reason_ttl="229"/></port></ports></host>
<host endtime="1733437655"><address addr="202.46.243.163" addrtype="ipv4"/><ports><port protocol="tcp" portid="5060"><state state="open" reason="syn-ack" reason_ttl="51"/></port></ports></host>
<host endtime="1733437655"><address addr="199.201.236.5" addrtype="ipv4"/><ports><port protocol="tcp" portid="5060"><state state="open" reason="syn-ack" reason_ttl="47"/></port></ports></host>
<host endtime="1733437659"><address addr="202.46.249.139" addrtype="ipv4"/><ports><port protocol="tcp" portid="5060"><state state="open" reason="syn-ack" reason_ttl="51"/></port></ports></host>
<host endtime="1733437666"><address addr="202.46.9.243" addrtype="ipv4"/><ports><port protocol="tcp" portid="5060"><state state="open" reason="syn-ack" reason_ttl="51"/></port></ports></host>
<host endtime="1733437667"><address addr="199.123.27.202" addrtype="ipv4"/><ports><port protocol="tcp" portid="5060"><state state="open" reason="syn-ack" reason_ttl="229"/></port></ports></host>
<host endtime="1733437667"><address addr="202.46.245.142" addrtype="ipv4"/><ports><port protocol="tcp" portid="5060"><state state="open" reason="syn-ack" reason_ttl="51"/></port></ports></host>
<host endtime="1733437669"><address addr="202.46.6.87" addrtype="ipv4"/><ports><port protocol="tcp" portid="5060"><state state="open" reason="syn-ack" reason_ttl="51"/></port></ports></host>
<host endtime="1733437672"><address addr="202.46.8.91" addrtype="ipv4"/><ports><port protocol="tcp" portid="5060"><state state="open" reason="syn-ack" reason_ttl="51"/></port></ports></host>
<host endtime="1733437672"><address addr="103.110.62.13" addrtype="ipv4"/><ports><port protocol="tcp" portid="5061"><state state="open" reason="syn-ack" reason_ttl="241"/></port></ports></host>
<host endtime="1733437678"><address addr="202.46.8.128" addrtype="ipv4"/><ports><port protocol="tcp" portid="5060"><state state="open" reason="syn-ack" reason_ttl="50"/></port></ports></host>
<host endtime="1733437680"><address addr="103.224.214.24" addrtype="ipv4"/><ports><port protocol="tcp" portid="5060"><state state="open" reason="syn-ack" reason_ttl="48"/></port></ports></host>
<host endtime="1733437681"><address addr="103.224.214.131" addrtype="ipv4"/><ports><port protocol="tcp" portid="5060"><state state="open" reason="syn-ack" reason_ttl="48"/></port></ports></host>
<host endtime="1733437683"><address addr="103.224.214.67" addrtype="ipv4"/><ports><port protocol="tcp" portid="5060"><state state="open" reason="syn-ack" reason_ttl="48"/></port></ports></host>
<host endtime="1733437684"><address addr="193.98.229.149" addrtype="ipv4"/><ports><port protocol="tcp" portid="5060"><state state="open" reason="syn-ack" reason_ttl="47"/></port></ports></host>
<host endtime="1733437684"><address addr="202.46.243.78" addrtype="ipv4"/><ports><port protocol="tcp" portid="5060"><state state="open" reason="syn-ack" reason_ttl="51"/></port></ports></host>
<host endtime="1733437685"><address addr="202.46.244.6" addrtype="ipv4"/><ports><port protocol="tcp" portid="5060"><state state="open" reason="syn-ack" reason_ttl="50"/></port></ports></host>
<host endtime="1733437690"><address addr="199.201.236.32" addrtype="ipv4"/><ports><port protocol="tcp" portid="5060"><state state="open" reason="syn-ack" reason_ttl="47"/></port></ports></host>
<host endtime="1733437692"><address addr="103.83.19.111" addrtype="ipv4"/><ports><port protocol="tcp" portid="5060"><state state="open" reason="syn-ack" reason_ttl="48"/></port></ports></host>
<host endtime="1733437693"><address addr="199.123.26.170" addrtype="ipv4"/><ports><port protocol="tcp" portid="5060"><state state="open" reason="syn-ack" reason_ttl="229"/></port></ports></host>
<host endtime="1733437696"><address addr="202.46.245.135" addrtype="ipv4"/><ports><port protocol="tcp" portid="5060"><state state="open" reason="syn-ack" reason_ttl="51"/></port></ports></host>
<host endtime="1733437702"><address addr="202.46.249.240" addrtype="ipv4"/><ports><port protocol="tcp" portid="5060"><state state="open" reason="syn-ack" reason_ttl="51"/></port></ports></host>
<host endtime="1733437704"><address addr="202.46.2.181" addrtype="ipv4"/><ports><port protocol="tcp" portid="5060"><state state="open" reason="syn-ack" reason_ttl="51"/></port></ports></host>
<host endtime="1733437707"><address addr="199.123.26.233" addrtype="ipv4"/><ports><port protocol="tcp" portid="5060"><state state="open" reason="syn-ack" reason_ttl="229"/></port></ports></host>
<host endtime="1733437710"><address addr="202.46.14.50" addrtype="ipv4"/><ports><port protocol="tcp" portid="5060"><state state="open" reason="syn-ack" reason_ttl="50"/></port></ports></host>
<host endtime="1733437711"><address addr="103.83.18.242" addrtype="ipv4"/><ports><port protocol="tcp" portid="5060"><state state="open" reason="syn-ack" reason_ttl="48"/></port></ports></host>
<host endtime="1733437712"><address addr="202.46.2.219" addrtype="ipv4"/><ports><port protocol="tcp" portid="5060"><state state="open" reason="syn-ack" reason_ttl="51"/></port></ports></host>
<host endtime="1733437713"><address addr="199.201.237.225" addrtype="ipv4"/><ports><port protocol="tcp" portid="5060"><state state="open" reason="syn-ack" reason_ttl="47"/></port></ports></host>
<host endtime="1733437715"><address addr="202.46.5.210" addrtype="ipv4"/><ports><port protocol="tcp" portid="5060"><state state="open" reason="syn-ack" reason_ttl="51"/></port></ports></host>
<host endtime="1733437718"><address addr="202.46.247.138" addrtype="ipv4"/><ports><port protocol="tcp" portid="5060"><state state="open" reason="syn-ack" reason_ttl="50"/></port></ports></host>
<host endtime="1733437721"><address addr="202.46.0.57" addrtype="ipv4"/><ports><port protocol="tcp" portid="5060"><state state="open" reason="syn-ack" reason_ttl="50"/></port></ports></host>
<host endtime="1733437721"><address addr="193.98.229.241" addrtype="ipv4"/><ports><port protocol="tcp" portid="5060"><state state="open" reason="syn-ack" reason_ttl="49"/></port></ports></host>
<host endtime="1733437723"><address addr="202.46.14.90" addrtype="ipv4"/><ports><port protocol="tcp" portid="5060"><state state="open" reason="syn-ack" reason_ttl="51"/></port></ports></host>
<host endtime="1733437726"><address addr="202.46.241.109" addrtype="ipv4"/><ports><port protocol="tcp" portid="5060"><state state="open" reason="syn-ack" reason_ttl="51"/></port></ports></host>
<host endtime="1733437727"><address addr="202.46.247.178" addrtype="ipv4"/><ports><port protocol="tcp" portid="5060"><state state="open" reason="syn-ack" reason_ttl="51"/></port></ports></host>
<host endtime="1733437729"><address addr="202.46.14.245" addrtype="ipv4"/><ports><port protocol="tcp" portid="5060"><state state="open" reason="syn-ack" reason_ttl="50"/></port></ports></host>
<host endtime="1733437731"><address addr="193.98.229.211" addrtype="ipv4"/><ports><port protocol="tcp" portid="5061"><state state="open" reason="syn-ack" reason_ttl="49"/></port></ports></host>
<host endtime="1733437732"><address addr="103.83.18.27" addrtype="ipv4"/><ports><port protocol="tcp" portid="5060"><state state="open" reason="syn-ack" reason_ttl="48"/></port></ports></host>
<host endtime="1733437732"><address addr="199.123.24.255" addrtype="ipv4"/><ports><port protocol="tcp" portid="5060"><state state="open" reason="syn-ack" reason_ttl="229"/></port></ports></host>
<host endtime="1733437737"><address addr="202.46.2.21" addrtype="ipv4"/><ports><port protocol="tcp" portid="5060"><state state="open" reason="syn-ack" reason_ttl="51"/></port></ports></host>
<host endtime="1733437738"><address addr="103.110.61.69" addrtype="ipv4"/><ports><port protocol="tcp" portid="5060"><state state="open" reason="syn-ack" reason_ttl="242"/></port></ports></host>
<host endtime="1733437742"><address addr="199.123.26.77" addrtype="ipv4"/><ports><port protocol="tcp" portid="5060"><state state="open" reason="syn-ack" reason_ttl="229"/></port></ports></host>
<host endtime="1733437743"><address addr="193.98.229.75" addrtype="ipv4"/><ports><port protocol="tcp" portid="5061"><state state="open" reason="syn-ack" reason_ttl="44"/></port></ports></host>
<host endtime="1733437744"><address addr="103.177.50.21" addrtype="ipv4"/><ports><port protocol="tcp" portid="5060"><state state="open" reason="syn-ack" reason_ttl="57"/></port></ports></host>
<host endtime="1733437748"><address addr="202.46.255.65" addrtype="ipv4"/><ports><port protocol="tcp" portid="5060"><state state="open" reason="syn-ack" reason_ttl="51"/></port></ports></host>
<host endtime="1733437748"><address addr="202.46.254.234" addrtype="ipv4"/><ports><port protocol="tcp" portid="5060"><state state="open" reason="syn-ack" reason_ttl="51"/></port></ports></host>
<host endtime="1733437751"><address addr="202.46.1.90" addrtype="ipv4"/><ports><port protocol="tcp" portid="5060"><state state="open" reason="syn-ack" reason_ttl="51"/></port></ports></host>
<host endtime="1733437755"><address addr="199.123.26.21" addrtype="ipv4"/><ports><port protocol="tcp" portid="5060"><state state="open" reason="syn-ack" reason_ttl="229"/></port></ports></host>
<host endtime="1733437756"><address addr="202.46.15.167" addrtype="ipv4"/><ports><port protocol="tcp" portid="5060"><state state="open" reason="syn-ack" reason_ttl="51"/></port></ports></host>
<host endtime="1733437759"><address addr="202.46.251.128" addrtype="ipv4"/><ports><port protocol="tcp" portid="5060"><state state="open" reason="syn-ack" reason_ttl="51"/></port></ports></host>
<host endtime="1733437760"><address addr="202.46.15.104" addrtype="ipv4"/><ports><port protocol="tcp" portid="5060"><state state="open" reason="syn-ack" reason_ttl="50"/></port></ports></host>
<host endtime="1733437762"><address addr="202.46.255.205" addrtype="ipv4"/><ports><port protocol="tcp" portid="5060"><state state="open" reason="syn-ack" reason_ttl="51"/></port></ports></host>
<host endtime="1733437764"><address addr="202.46.253.251" addrtype="ipv4"/><ports><port protocol="tcp" portid="5060"><state state="open" reason="syn-ack" reason_ttl="51"/></port></ports></host>
<host endtime="1733437764"><address addr="199.123.26.144" addrtype="ipv4"/><ports><port protocol="tcp" portid="5060"><state state="open" reason="syn-ack" reason_ttl="229"/></port></ports></host>
<host endtime="1733437764"><address addr="202.46.249.60" addrtype="ipv4"/><ports><port protocol="tcp" portid="5060"><state state="open" reason="syn-ack" reason_ttl="51"/></port></ports></host>
<host endtime="1733437768"><address addr="202.46.247.41" addrtype="ipv4"/><ports><port protocol="tcp" portid="5060"><state state="open" reason="syn-ack" reason_ttl="50"/></port></ports></host>
<host endtime="1733437770"><address addr="202.46.0.12" addrtype="ipv4"/><ports><port protocol="tcp" portid="5060"><state state="open" reason="syn-ack" reason_ttl="50"/></port></ports></host>
<host endtime="1733437774"><address addr="199.201.237.84" addrtype="ipv4"/><ports><port protocol="tcp" portid="5060"><state state="open" reason="syn-ack" reason_ttl="47"/></port></ports></host>
<host endtime="1733437777"><address addr="202.46.243.17" addrtype="ipv4"/><ports><port protocol="tcp" portid="5060"><state state="open" reason="syn-ack" reason_ttl="51"/></port></ports></host>
<host endtime="1733437777"><address addr="202.46.0.136" addrtype="ipv4"/><ports><port protocol="tcp" portid="5060"><state state="open" reason="syn-ack" reason_ttl="50"/></port></ports></host>
<host endtime="1733437779"><address addr="202.46.11.239" addrtype="ipv4"/><ports><port protocol="tcp" portid="5060"><state state="open" reason="syn-ack" reason_ttl="51"/></port></ports></host>
<host endtime="1733437781"><address addr="202.46.245.59" addrtype="ipv4"/><ports><port protocol="tcp" portid="5060"><state state="open" reason="syn-ack" reason_ttl="50"/></port></ports></host>
<host endtime="1733437783"><address addr="202.46.7.130" addrtype="ipv4"/><ports><port protocol="tcp" portid="5060"><state state="open" reason="syn-ack" reason_ttl="50"/></port></ports></host>
<host endtime="1733437785"><address addr="202.46.248.90" addrtype="ipv4"/><ports><port protocol="tcp" portid="5060"><state state="open" reason="syn-ack" reason_ttl="51"/></port></ports></host>
<host endtime="1733437785"><address addr="103.83.19.167" addrtype="ipv4"/><ports><port protocol="tcp" portid="5060"><state state="open" reason="syn-ack" reason_ttl="48"/></port></ports></host>
<host endtime="1733437786"><address addr="199.123.27.153" addrtype="ipv4"/><ports><port protocol="tcp" portid="5060"><state state="open" reason="syn-ack" reason_ttl="229"/></port></ports></host>
<host endtime="1733437786"><address addr="103.83.19.66" addrtype="ipv4"/><ports><port protocol="tcp" portid="5060"><state state="open" reason="syn-ack" reason_ttl="48"/></port></ports></host>
<host endtime="1733437788"><address addr="202.46.252.167" addrtype="ipv4"/><ports><port protocol="tcp" portid="5060"><state state="open" reason="syn-ack" reason_ttl="51"/></port></ports></host>
<host endtime="1733437802"><address addr="202.46.3.216" addrtype="ipv4"/><ports><port protocol="tcp" portid="5060"><state state="open" reason="syn-ack" reason_ttl="51"/></port></ports></host>
<host endtime="1733437802"><address addr="202.46.241.183" addrtype="ipv4"/><ports><port protocol="tcp" portid="5060"><state state="open" reason="syn-ack" reason_ttl="50"/></port></ports></host>
<host endtime="1733437802"><address addr="103.224.215.149" addrtype="ipv4"/><ports><port protocol="tcp" portid="5060"><state state="open" reason="syn-ack" reason_ttl="48"/></port></ports></host>
<host endtime="1733437803"><address addr="202.46.7.200" addrtype="ipv4"/><ports><port protocol="tcp" portid="5060"><state state="open" reason="syn-ack" reason_ttl="51"/></port></ports></host>
<host endtime="1733437804"><address addr="193.98.229.235" addrtype="ipv4"/><ports><port protocol="tcp" portid="5060"><state state="open" reason="syn-ack" reason_ttl="47"/></port></ports></host>
<host endtime="1733437804"><address addr="103.224.215.0" addrtype="ipv4"/><ports><port protocol="tcp" portid="5060"><state state="open" reason="syn-ack" reason_ttl="48"/></port></ports></host>
<host endtime="1733437812"><address addr="199.201.236.55" addrtype="ipv4"/><ports><port protocol="tcp" portid="5060"><state state="open" reason="syn-ack" reason_ttl="47"/></port></ports></host>
<host endtime="1733437813"><address addr="202.46.11.64" addrtype="ipv4"/><ports><port protocol="tcp" portid="5060"><state state="open" reason="syn-ack" reason_ttl="51"/></port></ports></host>
<host endtime="1733437815"><address addr="193.103.200.166" addrtype="ipv4"/><ports><port protocol="tcp" portid="5060"><state state="open" reason="syn-ack" reason_ttl="54"/></port></ports></host>
<host endtime="1733437816"><address addr="202.46.3.54" addrtype="ipv4"/><ports><port protocol="tcp" portid="5060"><state state="open" reason="syn-ack" reason_ttl="51"/></port></ports></host>
<host endtime="1733437816"><address addr="199.201.237.16" addrtype="ipv4"/><ports><port protocol="tcp" portid="5060"><state state="open" reason="syn-ack" reason_ttl="47"/></port></ports></host>
<host endtime="1733437817"><address addr="202.46.246.31" addrtype="ipv4"/><ports><port protocol="tcp" portid="5060"><state state="open" reason="syn-ack" reason_ttl="51"/></port></ports></host>
<host endtime="1733437820"><address addr="202.46.246.189" addrtype="ipv4"/><ports><port protocol="tcp" portid="5060"><state state="open" reason="syn-ack" reason_ttl="50"/></port></ports></host>
<host endtime="1733437824"><address addr="202.46.11.42" addrtype="ipv4"/><ports><port protocol="tcp" portid="5060"><state state="open" reason="syn-ack" reason_ttl="51"/></port></ports></host>
<host endtime="1733437825"><address addr="199.201.236.128" addrtype="ipv4"/><ports><port protocol="tcp" portid="5060"><state state="open" reason="syn-ack" reason_ttl="47"/></port></ports></host>
<host endtime="1733437826"><address addr="202.46.12.112" addrtype="ipv4"/><ports><port protocol="tcp" portid="5060"><state state="open" reason="syn-ack" reason_ttl="50"/></port></ports></host>
<host endtime="1733437827"><address addr="202.46.245.198" addrtype="ipv4"/><ports><port protocol="tcp" portid="5060"><state state="open" reason="syn-ack" reason_ttl="51"/></port></ports></host>
<host endtime="1733437828"><address addr="202.46.7.138" addrtype="ipv4"/><ports><port protocol="tcp" portid="5060"><state state="open" reason="syn-ack" reason_ttl="50"/></port></ports></host>
<host endtime="1733437828"><address addr="202.46.12.181" addrtype="ipv4"/><ports><port protocol="tcp" portid="5060"><state state="open" reason="syn-ack" reason_ttl="51"/></port></ports></host>
<host endtime="1733437833"><address addr="202.46.241.218" addrtype="ipv4"/><ports><port protocol="tcp" portid="5060"><state state="open" reason="syn-ack" reason_ttl="50"/></port></ports></host>
<host endtime="1733437834"><address addr="202.46.1.3" addrtype="ipv4"/><ports><port protocol="tcp" portid="5061"><state state="open" reason="syn-ack" reason_ttl="50"/></port></ports></host>
<host endtime="1733437834"><address addr="103.83.18.50" addrtype="ipv4"/><ports><port protocol="tcp" portid="5060"><state state="open" reason="syn-ack" reason_ttl="48"/></port></ports></host>
<host endtime="1733437834"><address addr="103.83.19.48" addrtype="ipv4"/><ports><port protocol="tcp" portid="5060"><state state="open" reason="syn-ack" reason_ttl="48"/></port></ports></host>
<host endtime="1733437842"><address addr="202.46.4.62" addrtype="ipv4"/><ports><port protocol="tcp" portid="5060"><state state="open" reason="syn-ack" reason_ttl="51"/></port></ports></host>
<host endtime="1733437843"><address addr="202.46.5.54" addrtype="ipv4"/><ports><port protocol="tcp" portid="5060"><state state="open" reason="syn-ack" reason_ttl="50"/></port></ports></host>
<host endtime="1733437847"><address addr="202.46.243.11" addrtype="ipv4"/><ports><port protocol="tcp" portid="5060"><state state="open" reason="syn-ack" reason_ttl="51"/></port></ports></host>
<host endtime="1733437850"><address addr="202.46.11.246" addrtype="ipv4"/><ports><port protocol="tcp" portid="5060"><state state="open" reason="syn-ack" reason_ttl="51"/></port></ports></host>
<host endtime="1733437850"><address addr="202.46.244.99" addrtype="ipv4"/><ports><port protocol="tcp" portid="5060"><state state="open" reason="syn-ack" reason_ttl="51"/></port></ports></host>
<host endtime="1733437852"><address addr="199.201.236.13" addrtype="ipv4"/><ports><port protocol="tcp" portid="5060"><state state="open" reason="syn-ack" reason_ttl="47"/></port></ports></host>
<host endtime="1733437854"><address addr="202.46.242.50" addrtype="ipv4"/><ports><port protocol="tcp" portid="5060"><state state="open" reason="syn-ack" reason_ttl="51"/></port></ports></host>
<host endtime="1733437854"><address addr="202.46.252.85" addrtype="ipv4"/><ports><port protocol="tcp" portid="5060"><state state="open" reason="syn-ack" reason_ttl="51"/></port></ports></host>
<host endtime="1733437858"><address addr="202.46.9.190" addrtype="ipv4"/><ports><port protocol="tcp" portid="5060"><state state="open" reason="syn-ack" reason_ttl="50"/></port></ports></host>
<host endtime="1733437858"><address addr="202.46.255.85" addrtype="ipv4"/><ports><port protocol="tcp" portid="5060"><state state="open" reason="syn-ack" reason_ttl="51"/></port></ports></host>
<host endtime="1733437867"><address addr="103.110.61.15" addrtype="ipv4"/><ports><port protocol="tcp" portid="5060"><state state="open" reason="syn-ack" reason_ttl="242"/></port></ports></host>
<host endtime="1733437870"><address addr="202.46.243.83" addrtype="ipv4"/><ports><port protocol="tcp" portid="5060"><state state="open" reason="syn-ack" reason_ttl="51"/></port></ports></host>
<host endtime="1733437871"><address addr="202.46.250.163" addrtype="ipv4"/><ports><port protocol="tcp" portid="5060"><state state="open" reason="syn-ack" reason_ttl="51"/></port></ports></host>
<host endtime="1733437874"><address addr="199.123.24.141" addrtype="ipv4"/><ports><port protocol="tcp" portid="5060"><state state="open" reason="syn-ack" reason_ttl="229"/></port></ports></host>
<host endtime="1733437876"><address addr="199.123.26.247" addrtype="ipv4"/><ports><port protocol="tcp" portid="5060"><state state="open" reason="syn-ack" reason_ttl="229"/></port></ports></host>
<host endtime="1733437878"><address addr="202.46.242.137" addrtype="ipv4"/><ports><port protocol="tcp" portid="5060"><state state="open" reason="syn-ack" reason_ttl="50"/></port></ports></host>
<host endtime="1733437879"><address addr="202.46.0.31" addrtype="ipv4"/><ports><port protocol="tcp" portid="5060"><state state="open" reason="syn-ack" reason_ttl="51"/></port></ports></host>
<host endtime="1733437881"><address addr="193.103.200.200" addrtype="ipv4"/><ports><port protocol="tcp" portid="5060"><state state="open" reason="syn-ack" reason_ttl="54"/></port></ports></host>
<host endtime="1733437882"><address addr="202.46.2.71" addrtype="ipv4"/><ports><port protocol="tcp" portid="5060"><state state="open" reason="syn-ack" reason_ttl="51"/></port></ports></host>
<host endtime="1733437882"><address addr="202.46.3.33" addrtype="ipv4"/><ports><port protocol="tcp" portid="5060"><state state="open" reason="syn-ack" reason_ttl="51"/></port></ports></host>
<host endtime="1733437883"><address addr="193.98.119.164" addrtype="ipv4"/><ports><port protocol="tcp" portid="5060"><state state="open" reason="syn-ack" reason_ttl="49"/></port></ports></host>
<host endtime="1733437884"><address addr="202.46.250.26" addrtype="ipv4"/><ports><port protocol="tcp" portid="5060"><state state="open" reason="syn-ack" reason_ttl="51"/></port></ports></host>
<host endtime="1733437884"><address addr="202.46.6.180" addrtype="ipv4"/><ports><port protocol="tcp" portid="5060"><state state="open" reason="syn-ack" reason_ttl="51"/></port></ports></host>
<host endtime="1733437885"><address addr="202.46.245.111" addrtype="ipv4"/><ports><port protocol="tcp" portid="5060"><state state="open" reason="syn-ack" reason_ttl="51"/></port></ports></host>
<host endtime="1733437889"><address addr="202.46.255.146" addrtype="ipv4"/><ports><port protocol="tcp" portid="5060"><state state="open" reason="syn-ack" reason_ttl="51"/></port></ports></host>
<host endtime="1733437890"><address addr="202.46.242.242" addrtype="ipv4"/><ports><port protocol="tcp" portid="5060"><state state="open" reason="syn-ack" reason_ttl="50"/></port></ports></host>
<host endtime="1733437891"><address addr="202.46.1.63" addrtype="ipv4"/><ports><port protocol="tcp" portid="5061"><state state="open" reason="syn-ack" reason_ttl="50"/></port></ports></host>
<host endtime="1733437895"><address addr="202.46.252.109" addrtype="ipv4"/><ports><port protocol="tcp" portid="5060"><state state="open" reason="syn-ack" reason_ttl="51"/></port></ports></host>
<host endtime="1733437896"><address addr="202.46.4.194" addrtype="ipv4"/><ports><port protocol="tcp" portid="5060"><state state="open" reason="syn-ack" reason_ttl="50"/></port></ports></host>
<host endtime="1733437898"><address addr="202.46.3.227" addrtype="ipv4"/><ports><port protocol="tcp" portid="5060"><state state="open" reason="syn-ack" reason_ttl="51"/></port></ports></host>
<host endtime="1733437899"><address addr="202.46.248.100" addrtype="ipv4"/><ports><port protocol="tcp" portid="5060"><state state="open" reason="syn-ack" reason_ttl="51"/></port></ports></host>
<host endtime="1733437899"><address addr="199.123.24.6" addrtype="ipv4"/><ports><port protocol="tcp" portid="5060"><state state="open" reason="syn-ack" reason_ttl="229"/></port></ports></host>
<host endtime="1733437902"><address addr="199.201.237.109" addrtype="ipv4"/><ports><port protocol="tcp" portid="5060"><state state="open" reason="syn-ack" reason_ttl="47"/></port></ports></host>
<host endtime="1733437903"><address addr="202.46.244.203" addrtype="ipv4"/><ports><port protocol="tcp" portid="5060"><state state="open" reason="syn-ack" reason_ttl="50"/></port></ports></host>
<host endtime="1733437904"><address addr="103.224.215.160" addrtype="ipv4"/><ports><port protocol="tcp" portid="5060"><state state="open" reason="syn-ack" reason_ttl="48"/></port></ports></host>
<host endtime="1733437915"><address addr="202.46.252.112" addrtype="ipv4"/><ports><port protocol="tcp" portid="5060"><state state="open" reason="syn-ack" reason_ttl="51"/></port></ports></host>
<host endtime="1733437916"><address addr="202.46.4.78" addrtype="ipv4"/><ports><port protocol="tcp" portid="5060"><state state="open" reason="syn-ack" reason_ttl="51"/></port></ports></host>
<host endtime="1733437916"><address addr="103.83.19.60" addrtype="ipv4"/><ports><port protocol="tcp" portid="5060"><state state="open" reason="syn-ack" reason_ttl="48"/></port></ports></host>
<host endtime="1733437922"><address addr="202.46.14.205" addrtype="ipv4"/><ports><port protocol="tcp" portid="5060"><state state="open" reason="syn-ack" reason_ttl="51"/></port></ports></host>
<host endtime="1733437930"><address addr="202.46.2.64" addrtype="ipv4"/><ports><port protocol="tcp" portid="5060"><state state="open" reason="syn-ack" reason_ttl="51"/></port></ports></host>
<host endtime="1733437931"><address addr="202.46.244.25" addrtype="ipv4"/><ports><port protocol="tcp" portid="5060"><state state="open" reason="syn-ack" reason_ttl="51"/></port></ports></host>
<host endtime="1733437933"><address addr="202.46.3.137" addrtype="ipv4"/><ports><port protocol="tcp" portid="5060"><state state="open" reason="syn-ack" reason_ttl="51"/></port></ports></host>
<host endtime="1733437933"><address addr="202.46.8.230" addrtype="ipv4"/><ports><port protocol="tcp" portid="5060"><state state="open" reason="syn-ack" reason_ttl="51"/></port></ports></host>
<host endtime="1733437934"><address addr="202.46.8.104" addrtype="ipv4"/><ports><port protocol="tcp" portid="5060"><state state="open" reason="syn-ack" reason_ttl="51"/></port></ports></host>
<host endtime="1733437935"><address addr="103.224.214.234" addrtype="ipv4"/><ports><port protocol="tcp" portid="5060"><state state="open" reason="syn-ack" reason_ttl="48"/></port></ports></host>
<host endtime="1733437935"><address addr="202.46.11.54" addrtype="ipv4"/><ports><port protocol="tcp" portid="5060"><state state="open" reason="syn-ack" reason_ttl="51"/></port></ports></host>
<host endtime="1733437939"><address addr="202.46.12.203" addrtype="ipv4"/><ports><port protocol="tcp" portid="5060"><state state="open" reason="syn-ack" reason_ttl="51"/></port></ports></host>
<host endtime="1733437939"><address addr="199.123.27.212" addrtype="ipv4"/><ports><port protocol="tcp" portid="5060"><state state="open" reason="syn-ack" reason_ttl="229"/></port></ports></host>
<host endtime="1733437940"><address addr="202.46.242.77" addrtype="ipv4"/><ports><port protocol="tcp" portid="5060"><state state="open" reason="syn-ack" reason_ttl="50"/></port></ports></host>
<host endtime="1733437944"><address addr="202.46.12.184" addrtype="ipv4"/><ports><port protocol="tcp" portid="5060"><state state="open" reason="syn-ack" reason_ttl="51"/></port></ports></host>
<host endtime="1733437945"><address addr="202.46.10.45" addrtype="ipv4"/><ports><port protocol="tcp" portid="5060"><state state="open" reason="syn-ack" reason_ttl="50"/></port></ports></host>
<host endtime="1733437946"><address addr="202.46.244.78" addrtype="ipv4"/><ports><port protocol="tcp" portid="5060"><state state="open" reason="syn-ack" reason_ttl="50"/></port></ports></host>
<host endtime="1733437947"><address addr="202.46.10.204" addrtype="ipv4"/><ports><port protocol="tcp" portid="5060"><state state="open" reason="syn-ack" reason_ttl="51"/></port></ports></host>
<host endtime="1733437949"><address addr="202.46.242.23" addrtype="ipv4"/><ports><port protocol="tcp" portid="5060"><state state="open" reason="syn-ack" reason_ttl="51"/></port></ports></host>
<host endtime="1733437951"><address addr="202.46.13.82" addrtype="ipv4"/><ports><port protocol="tcp" portid="5060"><state state="open" reason="syn-ack" reason_ttl="51"/></port></ports></host>
<host endtime="1733437957"><address addr="202.46.4.175" addrtype="ipv4"/><ports><port protocol="tcp" portid="5060"><state state="open" reason="syn-ack" reason_ttl="51"/></port></ports></host>
<host endtime="1733437958"><address addr="202.46.251.120" addrtype="ipv4"/><ports><port protocol="tcp" portid="5060"><state state="open" reason="syn-ack" reason_ttl="51"/></port></ports></host>
<host endtime="1733437958"><address addr="202.46.7.129" addrtype="ipv4"/><ports><port protocol="tcp" portid="5060"><state state="open" reason="syn-ack" reason_ttl="50"/></port></ports></host>
<host endtime="1733437960"><address addr="202.46.244.145" addrtype="ipv4"/><ports><port protocol="tcp" portid="5060"><state state="open" reason="syn-ack" reason_ttl="50"/></port></ports></host>
<host endtime="1733437963"><address addr="193.98.229.49" addrtype="ipv4"/><ports><port protocol="tcp" portid="5061"><state state="open" reason="syn-ack" reason_ttl="49"/></port></ports></host>
<host endtime="1733437966"><address addr="202.46.11.178" addrtype="ipv4"/><ports><port protocol="tcp" portid="5060"><state state="open" reason="syn-ack" reason_ttl="51"/></port></ports></host>
<host endtime="1733437967"><address addr="103.224.214.19" addrtype="ipv4"/><ports><port protocol="tcp" portid="5060"><state state="open" reason="syn-ack" reason_ttl="48"/></port></ports></host>
<host endtime="1733437967"><address addr="199.123.24.92" addrtype="ipv4"/><ports><port protocol="tcp" portid="5060"><state state="open" reason="syn-ack" reason_ttl="229"/></port></ports></host>
<host endtime="1733437969"><address addr="202.46.249.210" addrtype="ipv4"/><ports><port protocol="tcp" portid="5060"><state state="open" reason="syn-ack" reason_ttl="50"/></port></ports></host>
<host endtime="1733437975"><address addr="202.46.5.213" addrtype="ipv4"/><ports><port protocol="tcp" portid="5060"><state state="open" reason="syn-ack" reason_ttl="50"/></port></ports></host>
<host endtime="1733437975"><address addr="202.46.3.73" addrtype="ipv4"/><ports><port protocol="tcp" portid="5060"><state state="open" reason="syn-ack" reason_ttl="50"/></port></ports></host>
<host endtime="1733437976"><address addr="202.46.246.42" addrtype="ipv4"/><ports><port protocol="tcp" portid="5060"><state state="open" reason="syn-ack" reason_ttl="51"/></port></ports></host>
<host endtime="1733437976"><address addr="202.46.2.7" addrtype="ipv4"/><ports><port protocol="tcp" portid="5060"><state state="open" reason="syn-ack" reason_ttl="51"/></port></ports></host>
<host endtime="1733437976"><address addr="202.46.4.134" addrtype="ipv4"/><ports><port protocol="tcp" portid="5060"><state state="open" reason="syn-ack" reason_ttl="50"/></port></ports></host>
<host endtime="1733437976"><address addr="202.46.253.174" addrtype="ipv4"/><ports><port protocol="tcp" portid="5060"><state state="open" reason="syn-ack" reason_ttl="50"/></port></ports></host>
<host endtime="1733437976"><address addr="103.224.214.243" addrtype="ipv4"/><ports><port protocol="tcp" portid="5060"><state state="open" reason="syn-ack" reason_ttl="48"/></port></ports></host>
<host endtime="1733437978"><address addr="202.46.3.124" addrtype="ipv4"/><ports><port protocol="tcp" portid="5060"><state state="open" reason="syn-ack" reason_ttl="50"/></port></ports></host>
<host endtime="1733437981"><address addr="199.123.24.138" addrtype="ipv4"/><ports><port protocol="tcp" portid="5060"><state state="open" reason="syn-ack" reason_ttl="229"/></port></ports></host>
<host endtime="1733437984"><address addr="202.46.1.164" addrtype="ipv4"/><ports><port protocol="tcp" portid="5060"><state state="open" reason="syn-ack" reason_ttl="51"/></port></ports></host>
<host endtime="1733437991"><address addr="202.46.249.149" addrtype="ipv4"/><ports><port protocol="tcp" portid="5060"><state state="open" reason="syn-ack" reason_ttl="50"/></port></ports></host>
<host endtime="1733437994"><address addr="202.46.11.252" addrtype="ipv4"/><ports><port protocol="tcp" portid="5060"><state state="open" reason="syn-ack" reason_ttl="51"/></port></ports></host>
<host endtime="1733437996"><address addr="202.46.6.162" addrtype="ipv4"/><ports><port protocol="tcp" portid="5060"><state state="open" reason="syn-ack" reason_ttl="51"/></port></ports></host>
<host endtime="1733437996"><address addr="202.46.4.97" addrtype="ipv4"/><ports><port protocol="tcp" portid="5060"><state state="open" reason="syn-ack" reason_ttl="51"/></port></ports></host>
<host endtime="1733438000"><address addr="202.46.0.106" addrtype="ipv4"/><ports><port protocol="tcp" portid="5060"><state state="open" reason="syn-ack" reason_ttl="51"/></port></ports></host>
<host endtime="1733438002"><address addr="103.177.50.22" addrtype="ipv4"/><ports><port protocol="tcp" portid="5061"><state state="open" reason="syn-ack" reason_ttl="120"/></port></ports></host>
<host endtime="1733438002"><address addr="199.123.25.236" addrtype="ipv4"/><ports><port protocol="tcp" portid="5060"><state state="open" reason="syn-ack" reason_ttl="229"/></port></ports></host>
<host endtime="1733438002"><address addr="202.46.253.200" addrtype="ipv4"/><ports><port protocol="tcp" portid="5060"><state state="open" reason="syn-ack" reason_ttl="50"/></port></ports></host>
<host endtime="1733438006"><address addr="202.46.2.14" addrtype="ipv4"/><ports><port protocol="tcp" portid="5060"><state state="open" reason="syn-ack" reason_ttl="50"/></port></ports></host>
<host endtime="1733438011"><address addr="202.46.11.206" addrtype="ipv4"/><ports><port protocol="tcp" portid="5060"><state state="open" reason="syn-ack" reason_ttl="50"/></port></ports></host>
<host endtime="1733438011"><address addr="202.46.255.74" addrtype="ipv4"/><ports><port protocol="tcp" portid="5060"><state state="open" reason="syn-ack" reason_ttl="50"/></port></ports></host>
<host endtime="1733438015"><address addr="202.46.255.97" addrtype="ipv4"/><ports><port protocol="tcp" portid="5060"><state state="open" reason="syn-ack" reason_ttl="51"/></port></ports></host>
<host endtime="1733438017"><address addr="199.123.27.109" addrtype="ipv4"/><ports><port protocol="tcp" portid="5060"><state state="open" reason="syn-ack" reason_ttl="229"/></port></ports></host>
<host endtime="1733438018"><address addr="202.46.11.31" addrtype="ipv4"/><ports><port protocol="tcp" portid="5060"><state state="open" reason="syn-ack" reason_ttl="51"/></port></ports></host>
<host endtime="1733438023"><address addr="202.46.6.104" addrtype="ipv4"/><ports><port protocol="tcp" portid="5060"><state state="open" reason="syn-ack" reason_ttl="51"/></port></ports></host>
<host endtime="1733438023"><address addr="202.46.241.241" addrtype="ipv4"/><ports><port protocol="tcp" portid="5060"><state state="open" reason="syn-ack" reason_ttl="51"/></port></ports></host>
<host endtime="1733438025"><address addr="202.46.5.151" addrtype="ipv4"/><ports><port protocol="tcp" portid="5060"><state state="open" reason="syn-ack" reason_ttl="51"/></port></ports></host>
<host endtime="1733438028"><address addr="202.46.15.19" addrtype="ipv4"/><ports><port protocol="tcp" portid="5060"><state state="open" reason="syn-ack" reason_ttl="51"/></port></ports></host>
<host endtime="1733438029"><address addr="103.224.215.96" addrtype="ipv4"/><ports><port protocol="tcp" portid="5060"><state state="open" reason="syn-ack" reason_ttl="48"/></port></ports></host>
<host endtime="1733438043"><address addr="202.46.2.221" addrtype="ipv4"/><ports><port protocol="tcp" portid="5060"><state state="open" reason="syn-ack" reason_ttl="50"/></port></ports></host>
<host endtime="1733438045"><address addr="202.46.2.124" addrtype="ipv4"/><ports><port protocol="tcp" portid="5060"><state state="open" reason="syn-ack" reason_ttl="51"/></port></ports></host>
<host endtime="1733438047"><address addr="202.46.246.72" addrtype="ipv4"/><ports><port protocol="tcp" portid="5060"><state state="open" reason="syn-ack" reason_ttl="51"/></port></ports></host>
<host endtime="1733438052"><address addr="199.201.237.228" addrtype="ipv4"/><ports><port protocol="tcp" portid="5060"><state state="open" reason="syn-ack" reason_ttl="47"/></port></ports></host>
<host endtime="1733438054"><address addr="202.46.13.117" addrtype="ipv4"/><ports><port protocol="tcp" portid="5060"><state state="open" reason="syn-ack" reason_ttl="50"/></port></ports></host>
<host endtime="1733438058"><address addr="199.201.236.168" addrtype="ipv4"/><ports><port protocol="tcp" portid="5060"><state state="open" reason="syn-ack" reason_ttl="47"/></port></ports></host>
<host endtime="1733438058"><address addr="202.46.253.42" addrtype="ipv4"/><ports><port protocol="tcp" portid="5060"><state state="open" reason="syn-ack" reason_ttl="50"/></port></ports></host>
<host endtime="1733438059"><address addr="202.46.241.249" addrtype="ipv4"/><ports><port protocol="tcp" portid="5060"><state state="open" reason="syn-ack" reason_ttl="51"/></port></ports></host>
<host endtime="1733438060"><address addr="103.83.18.95" addrtype="ipv4"/><ports><port protocol="tcp" portid="5060"><state state="open" reason="syn-ack" reason_ttl="48"/></port></ports></host>
<host endtime="1733438068"><address addr="202.46.240.235" addrtype="ipv4"/><ports><port protocol="tcp" portid="5060"><state state="open" reason="syn-ack" reason_ttl="50"/></port></ports></host>
<host endtime="1733438069"><address addr="202.46.255.214" addrtype="ipv4"/><ports><port protocol="tcp" portid="5060"><state state="open" reason="syn-ack" reason_ttl="51"/></port></ports></host>
<host endtime="1733438070"><address addr="199.123.27.51" addrtype="ipv4"/><ports><port protocol="tcp" portid="5060"><state state="open" reason="syn-ack" reason_ttl="229"/></port></ports></host>
<host endtime="1733438073"><address addr="202.46.254.193" addrtype="ipv4"/><ports><port protocol="tcp" portid="5060"><state state="open" reason="syn-ack" reason_ttl="51"/></port></ports></host>
<host endtime="1733438077"><address addr="202.46.255.13" addrtype="ipv4"/><ports><port protocol="tcp" portid="5060"><state state="open" reason="syn-ack" reason_ttl="50"/></port></ports></host>
<host endtime="1733438080"><address addr="199.201.237.15" addrtype="ipv4"/><ports><port protocol="tcp" portid="5060"><state state="open" reason="syn-ack" reason_ttl="47"/></port></ports></host>
<host endtime="1733438082"><address addr="202.46.11.168" addrtype="ipv4"/><ports><port protocol="tcp" portid="5060"><state state="open" reason="syn-ack" reason_ttl="51"/></port></ports></host>
<host endtime="1733438085"><address addr="202.46.0.113" addrtype="ipv4"/><ports><port protocol="tcp" portid="5060"><state state="open" reason="syn-ack" reason_ttl="51"/></port></ports></host>
<host endtime="1733438086"><address addr="202.46.247.0" addrtype="ipv4"/><ports><port protocol="tcp" portid="5060"><state state="open" reason="syn-ack" reason_ttl="51"/></port></ports></host>
<host endtime="1733438087"><address addr="103.224.214.122" addrtype="ipv4"/><ports><port protocol="tcp" portid="5060"><state state="open" reason="syn-ack" reason_ttl="48"/></port></ports></host>
<host endtime="1733438087"><address addr="202.46.5.233" addrtype="ipv4"/><ports><port protocol="tcp" portid="5060"><state state="open" reason="syn-ack" reason_ttl="50"/></port></ports></host>
<host endtime="1733438088"><address addr="202.46.14.176" addrtype="ipv4"/><ports><port protocol="tcp" portid="5060"><state state="open" reason="syn-ack" reason_ttl="50"/></port></ports></host>
<host endtime="1733438097"><address addr="202.46.242.68" addrtype="ipv4"/><ports><port protocol="tcp" portid="5060"><state state="open" reason="syn-ack" reason_ttl="51"/></port></ports></host>
<host endtime="1733438098"><address addr="202.46.253.91" addrtype="ipv4"/><ports><port protocol="tcp" portid="5060"><state state="open" reason="syn-ack" reason_ttl="51"/></port></ports></host>
<host endtime="1733438098"><address addr="202.46.251.3" addrtype="ipv4"/><ports><port protocol="tcp" portid="5060"><state state="open" reason="syn-ack" reason_ttl="50"/></port></ports></host>
<host endtime="1733438098"><address addr="103.224.215.37" addrtype="ipv4"/><ports><port protocol="tcp" portid="5060"><state state="open" reason="syn-ack" reason_ttl="48"/></port></ports></host>
<host endtime="1733438101"><address addr="202.46.252.140" addrtype="ipv4"/><ports><port protocol="tcp" portid="5060"><state state="open" reason="syn-ack" reason_ttl="50"/></port></ports></host>
<host endtime="1733438103"><address addr="202.46.13.9" addrtype="ipv4"/><ports><port protocol="tcp" portid="5060"><state state="open" reason="syn-ack" reason_ttl="51"/></port></ports></host>
<host endtime="1733438105"><address addr="103.83.18.10" addrtype="ipv4"/><ports><port protocol="tcp" portid="5060"><state state="open" reason="syn-ack" reason_ttl="48"/></port></ports></host>
<host endtime="1733438107"><address addr="202.46.1.232" addrtype="ipv4"/><ports><port protocol="tcp" portid="5060"><state state="open" reason="syn-ack" reason_ttl="50"/></port></ports></host>
<host endtime="1733438108"><address addr="202.46.6.240" addrtype="ipv4"/><ports><port protocol="tcp" portid="5060"><state state="open" reason="syn-ack" reason_ttl="51"/></port></ports></host>
<host endtime="1733438108"><address addr="202.46.2.123" addrtype="ipv4"/><ports><port protocol="tcp" portid="5060"><state state="open" reason="syn-ack" reason_ttl="51"/></port></ports></host>
<host endtime="1733438109"><address addr="202.46.9.159" addrtype="ipv4"/><ports><port protocol="tcp" portid="5060"><state state="open" reason="syn-ack" reason_ttl="51"/></port></ports></host>
<host endtime="1733438110"><address addr="202.46.9.223" addrtype="ipv4"/><ports><port protocol="tcp" portid="5060"><state state="open" reason="syn-ack" reason_ttl="50"/></port></ports></host>
<host endtime="1733438110"><address addr="202.46.7.1" addrtype="ipv4"/><ports><port protocol="tcp" portid="5060"><state state="open" reason="syn-ack" reason_ttl="51"/></port></ports></host>
<host endtime="1733438113"><address addr="202.46.6.227" addrtype="ipv4"/><ports><port protocol="tcp" portid="5060"><state state="open" reason="syn-ack" reason_ttl="51"/></port></ports></host>
<host endtime="1733438113"><address addr="202.46.9.24" addrtype="ipv4"/><ports><port protocol="tcp" portid="5060"><state state="open" reason="syn-ack" reason_ttl="51"/></port></ports></host>
<host endtime="1733438115"><address addr="202.46.253.183" addrtype="ipv4"/><ports><port protocol="tcp" portid="5060"><state state="open" reason="syn-ack" reason_ttl="51"/></port></ports></host>
<host endtime="1733438115"><address addr="202.46.7.11" addrtype="ipv4"/><ports><port protocol="tcp" portid="5060"><state state="open" reason="syn-ack" reason_ttl="50"/></port></ports></host>
<host endtime="1733438116"><address addr="193.103.200.74" addrtype="ipv4"/><ports><port protocol="tcp" portid="5060"><state state="open" reason="syn-ack" reason_ttl="54"/></port></ports></host>
<host endtime="1733438117"><address addr="41.77.65.17" addrtype="ipv4"/><ports><port protocol="tcp" portid="5060"><state state="open" reason="syn-ack" reason_ttl="48"/></port></ports></host>
<host endtime="1733438117"><address addr="202.46.8.35" addrtype="ipv4"/><ports><port protocol="tcp" portid="5060"><state state="open" reason="syn-ack" reason_ttl="51"/></port></ports></host>
<host endtime="1733438121"><address addr="202.46.246.191" addrtype="ipv4"/><ports><port protocol="tcp" portid="5060"><state state="open" reason="syn-ack" reason_ttl="50"/></port></ports></host>
<host endtime="1733438122"><address addr="202.46.253.126" addrtype="ipv4"/><ports><port protocol="tcp" portid="5060"><state state="open" reason="syn-ack" reason_ttl="51"/></port></ports></host>
<host endtime="1733438123"><address addr="202.46.243.58" addrtype="ipv4"/><ports><port protocol="tcp" portid="5060"><state state="open" reason="syn-ack" reason_ttl="50"/></port></ports></host>
<host endtime="1733438127"><address addr="202.46.255.233" addrtype="ipv4"/><ports><port protocol="tcp" portid="5060"><state state="open" reason="syn-ack" reason_ttl="50"/></port></ports></host>
<host endtime="1733438128"><address addr="202.46.251.239" addrtype="ipv4"/><ports><port protocol="tcp" portid="5060"><state state="open" reason="syn-ack" reason_ttl="50"/></port></ports></host>
<host endtime="1733438131"><address addr="103.224.215.97" addrtype="ipv4"/><ports><port protocol="tcp" portid="5060"><state state="open" reason="syn-ack" reason_ttl="48"/></port></ports></host>
<host endtime="1733438131"><address addr="202.46.248.252" addrtype="ipv4"/><ports><port protocol="tcp" portid="5060"><state state="open" reason="syn-ack" reason_ttl="51"/></port></ports></host>
<host endtime="1733438136"><address addr="202.46.253.50" addrtype="ipv4"/><ports><port protocol="tcp" portid="5060"><state state="open" reason="syn-ack" reason_ttl="50"/></port></ports></host>
<host endtime="1733438141"><address addr="202.46.253.213" addrtype="ipv4"/><ports><port protocol="tcp" portid="5060"><state state="open" reason="syn-ack" reason_ttl="50"/></port></ports></host>
<host endtime="1733438143"><address addr="202.46.10.147" addrtype="ipv4"/><ports><port protocol="tcp" portid="5060"><state state="open" reason="syn-ack" reason_ttl="51"/></port></ports></host>
<host endtime="1733438145"><address addr="202.46.244.146" addrtype="ipv4"/><ports><port protocol="tcp" portid="5060"><state state="open" reason="syn-ack" reason_ttl="51"/></port></ports></host>
<host endtime="1733438146"><address addr="202.46.7.21" addrtype="ipv4"/><ports><port protocol="tcp" portid="5061"><state state="open" reason="syn-ack" reason_ttl="49"/></port></ports></host>
<host endtime="1733438147"><address addr="193.103.200.179" addrtype="ipv4"/><ports><port protocol="tcp" portid="5060"><state state="open" reason="syn-ack" reason_ttl="52"/></port></ports></host>
<host endtime="1733438147"><address addr="202.46.13.178" addrtype="ipv4"/><ports><port protocol="tcp" portid="5060"><state state="open" reason="syn-ack" reason_ttl="51"/></port></ports></host>
<host endtime="1733438148"><address addr="193.98.116.137" addrtype="ipv4"/><ports><port protocol="tcp" portid="5060"><state state="open" reason="syn-ack" reason_ttl="48"/></port></ports></host>
<host endtime="1733438154"><address addr="202.46.4.201" addrtype="ipv4"/><ports><port protocol="tcp" portid="5060"><state state="open" reason="syn-ack" reason_ttl="50"/></port></ports></host>
<host endtime="1733438155"><address addr="103.83.18.52" addrtype="ipv4"/><ports><port protocol="tcp" portid="5060"><state state="open" reason="syn-ack" reason_ttl="48"/></port></ports></host>
<host endtime="1733438160"><address addr="202.46.245.94" addrtype="ipv4"/><ports><port protocol="tcp" portid="5060"><state state="open" reason="syn-ack" reason_ttl="51"/></port></ports></host>
<host endtime="1733438161"><address addr="202.46.1.132" addrtype="ipv4"/><ports><port protocol="tcp" portid="5060"><state state="open" reason="syn-ack" reason_ttl="51"/></port></ports></host>
<host endtime="1733438165"><address addr="202.46.11.8" addrtype="ipv4"/><ports><port protocol="tcp" portid="5060"><state state="open" reason="syn-ack" reason_ttl="50"/></port></ports></host>
<host endtime="1733438165"><address addr="202.46.10.137" addrtype="ipv4"/><ports><port protocol="tcp" portid="5060"><state state="open" reason="syn-ack" reason_ttl="50"/></port></ports></host>
<host endtime="1733438167"><address addr="103.83.19.49" addrtype="ipv4"/><ports><port protocol="tcp" portid="5060"><state state="open" reason="syn-ack" reason_ttl="48"/></port></ports></host>
<host endtime="1733438170"><address addr="202.46.250.164" addrtype="ipv4"/><ports><port protocol="tcp" portid="5060"><state state="open" reason="syn-ack" reason_ttl="51"/></port></ports></host>
<host endtime="1733438173"><address addr="103.224.214.184" addrtype="ipv4"/><ports><port protocol="tcp" portid="5060"><state state="open" reason="syn-ack" reason_ttl="48"/></port></ports></host>
<host endtime="1733438174"><address addr="199.201.237.136" addrtype="ipv4"/><ports><port protocol="tcp" portid="5060"><state state="open" reason="syn-ack" reason_ttl="47"/></port></ports></host>
<host endtime="1733438175"><address addr="202.46.2.139" addrtype="ipv4"/><ports><port protocol="tcp" portid="5060"><state state="open" reason="syn-ack" reason_ttl="50"/></port></ports></host>
<host endtime="1733438176"><address addr="202.46.249.21" addrtype="ipv4"/><ports><port protocol="tcp" portid="5060"><state state="open" reason="syn-ack" reason_ttl="50"/></port></ports></host>
<host endtime="1733438177"><address addr="202.46.251.145" addrtype="ipv4"/><ports><port protocol="tcp" portid="5060"><state state="open" reason="syn-ack" reason_ttl="50"/></port></ports></host>
<host endtime="1733438182"><address addr="199.123.27.25" addrtype="ipv4"/><ports><port protocol="tcp" portid="5060"><state state="open" reason="syn-ack" reason_ttl="229"/></port></ports></host>
<host endtime="1733438183"><address addr="202.46.13.145" addrtype="ipv4"/><ports><port protocol="tcp" portid="5060"><state state="open" reason="syn-ack" reason_ttl="51"/></port></ports></host>
<host endtime="1733438183"><address addr="202.46.244.28" addrtype="ipv4"/><ports><port protocol="tcp" portid="5060"><state state="open" reason="syn-ack" reason_ttl="51"/></port></ports></host>
<host endtime="1733438187"><address addr="193.98.116.74" addrtype="ipv4"/><ports><port protocol="tcp" portid="5060"><state state="open" reason="syn-ack" reason_ttl="48"/></port></ports></host>
<host endtime="1733438188"><address addr="202.46.7.67" addrtype="ipv4"/><ports><port protocol="tcp" portid="5060"><state state="open" reason="syn-ack" reason_ttl="50"/></port></ports></host>
<host endtime="1733438188"><address addr="199.123.24.170" addrtype="ipv4"/><ports><port protocol="tcp" portid="5060"><state state="open" reason="syn-ack" reason_ttl="229"/></port></ports></host>
<host endtime="1733438188"><address addr="202.46.6.253" addrtype="ipv4"/><ports><port protocol="tcp" portid="5060"><state state="open" reason="syn-ack" reason_ttl="50"/></port></ports></host>
<host endtime="1733438188"><address addr="202.46.0.21" addrtype="ipv4"/><ports><port protocol="tcp" portid="5060"><state state="open" reason="syn-ack" reason_ttl="51"/></port></ports></host>
<host endtime="1733438191"><address addr="202.46.240.3" addrtype="ipv4"/><ports><port protocol="tcp" portid="5060"><state state="open" reason="syn-ack" reason_ttl="51"/></port></ports></host>
<host endtime="1733438191"><address addr="202.46.248.95" addrtype="ipv4"/><ports><port protocol="tcp" portid="5060"><state state="open" reason="syn-ack" reason_ttl="50"/></port></ports></host>
<host endtime="1733438191"><address addr="202.46.243.65" addrtype="ipv4"/><ports><port protocol="tcp" portid="5060"><state state="open" reason="syn-ack" reason_ttl="50"/></port></ports></host>
<host endtime="1733438192"><address addr="202.46.240.57" addrtype="ipv4"/><ports><port protocol="tcp" portid="5060"><state state="open" reason="syn-ack" reason_ttl="51"/></port></ports></host>
<host endtime="1733438197"><address addr="202.46.5.193" addrtype="ipv4"/><ports><port protocol="tcp" portid="5060"><state state="open" reason="syn-ack" reason_ttl="50"/></port></ports></host>
<host endtime="1733438197"><address addr="103.224.214.0" addrtype="ipv4"/><ports><port protocol="tcp" portid="5060"><state state="open" reason="syn-ack" reason_ttl="48"/></port></ports></host>
<host endtime="1733438200"><address addr="202.46.4.143" addrtype="ipv4"/><ports><port protocol="tcp" portid="5060"><state state="open" reason="syn-ack" reason_ttl="51"/></port></ports></host>
<host endtime="1733438205"><address addr="202.46.14.236" addrtype="ipv4"/><ports><port protocol="tcp" portid="5060"><state state="open" reason="syn-ack" reason_ttl="50"/></port></ports></host>
<host endtime="1733438206"><address addr="202.46.9.204" addrtype="ipv4"/><ports><port protocol="tcp" portid="5060"><state state="open" reason="syn-ack" reason_ttl="51"/></port></ports></host>
<host endtime="1733438206"><address addr="202.46.255.127" addrtype="ipv4"/><ports><port protocol="tcp" portid="5060"><state state="open" reason="syn-ack" reason_ttl="50"/></port></ports></host>
<host endtime="1733438207"><address addr="199.201.236.198" addrtype="ipv4"/><ports><port protocol="tcp" portid="5060"><state state="open" reason="syn-ack" reason_ttl="47"/></port></ports></host>
<host endtime="1733438208"><address addr="202.46.245.235" addrtype="ipv4"/><ports><port protocol="tcp" portid="5060"><state state="open" reason="syn-ack" reason_ttl="51"/></port></ports></host>
<host endtime="1733438210"><address addr="202.46.246.65" addrtype="ipv4"/><ports><port protocol="tcp" portid="5060"><state state="open" reason="syn-ack" reason_ttl="51"/></port></ports></host>
<host endtime="1733438216"><address addr="202.46.249.235" addrtype="ipv4"/><ports><port protocol="tcp" portid="5060"><state state="open" reason="syn-ack" reason_ttl="51"/></port></ports></host>
<host endtime="1733438216"><address addr="202.46.254.219" addrtype="ipv4"/><ports><port protocol="tcp" portid="5060"><state state="open" reason="syn-ack" reason_ttl="51"/></port></ports></host>
<host endtime="1733438218"><address addr="199.201.237.247" addrtype="ipv4"/><ports><port protocol="tcp" portid="5060"><state state="open" reason="syn-ack" reason_ttl="47"/></port></ports></host>
<host endtime="1733438220"><address addr="202.46.251.200" addrtype="ipv4"/><ports><port protocol="tcp" portid="5060"><state state="open" reason="syn-ack" reason_ttl="51"/></port></ports></host>
<host endtime="1733438220"><address addr="199.123.25.218" addrtype="ipv4"/><ports><port protocol="tcp" portid="5060"><state state="open" reason="syn-ack" reason_ttl="229"/></port></ports></host>
<host endtime="1733438222"><address addr="199.123.27.172" addrtype="ipv4"/><ports><port protocol="tcp" portid="5060"><state state="open" reason="syn-ack" reason_ttl="229"/></port></ports></host>
<host endtime="1733438223"><address addr="103.224.215.58" addrtype="ipv4"/><ports><port protocol="tcp" portid="5060"><state state="open" reason="syn-ack" reason_ttl="48"/></port></ports></host>
<host endtime="1733438223"><address addr="193.103.200.170" addrtype="ipv4"/><ports><port protocol="tcp" portid="5060"><state state="open" reason="syn-ack" reason_ttl="52"/></port></ports></host>
<host endtime="1733438224"><address addr="103.177.50.18" addrtype="ipv4"/><ports><port protocol="tcp" portid="5060"><state state="open" reason="syn-ack" reason_ttl="57"/></port></ports></host>
<host endtime="1733438231"><address addr="202.46.13.114" addrtype="ipv4"/><ports><port protocol="tcp" portid="5060"><state state="open" reason="syn-ack" reason_ttl="51"/></port></ports></host>
<host endtime="1733438232"><address addr="202.46.6.136" addrtype="ipv4"/><ports><port protocol="tcp" portid="5060"><state state="open" reason="syn-ack" reason_ttl="51"/></port></ports></host>
<host endtime="1733438235"><address addr="202.46.250.220" addrtype="ipv4"/><ports><port protocol="tcp" portid="5060"><state state="open" reason="syn-ack" reason_ttl="51"/></port></ports></host>
<host endtime="1733438236"><address addr="199.123.24.21" addrtype="ipv4"/><ports><port protocol="tcp" portid="5060"><state state="open" reason="syn-ack" reason_ttl="229"/></port></ports></host>
<host endtime="1733438237"><address addr="202.46.6.137" addrtype="ipv4"/><ports><port protocol="tcp" portid="5060"><state state="open" reason="syn-ack" reason_ttl="50"/></port></ports></host>
<host endtime="1733438237"><address addr="199.123.26.106" addrtype="ipv4"/><ports><port protocol="tcp" portid="5060"><state state="open" reason="syn-ack" reason_ttl="229"/></port></ports></host>
<host endtime="1733438239"><address addr="202.46.8.30" addrtype="ipv4"/><ports><port protocol="tcp" portid="5061"><state state="open" reason="syn-ack" reason_ttl="50"/></port></ports></host>
<host endtime="1733438243"><address addr="202.46.255.12" addrtype="ipv4"/><ports><port protocol="tcp" portid="5060"><state state="open" reason="syn-ack" reason_ttl="50"/></port></ports></host>
<host endtime="1733438244"><address addr="202.46.10.26" addrtype="ipv4"/><ports><port protocol="tcp" portid="5060"><state state="open" reason="syn-ack" reason_ttl="51"/></port></ports></host>
<host endtime="1733438249"><address addr="202.46.6.9" addrtype="ipv4"/><ports><port protocol="tcp" portid="5060"><state state="open" reason="syn-ack" reason_ttl="51"/></port></ports></host>
<host endtime="1733438250"><address addr="202.46.248.174" addrtype="ipv4"/><ports><port protocol="tcp" portid="5060"><state state="open" reason="syn-ack" reason_ttl="51"/></port></ports></host>
<host endtime="1733438251"><address addr="193.98.229.7" addrtype="ipv4"/><ports><port protocol="tcp" portid="5061"><state state="open" reason="syn-ack" reason_ttl="47"/></port></ports></host>
<host endtime="1733438254"><address addr="202.46.8.242" addrtype="ipv4"/><ports><port protocol="tcp" portid="5060"><state state="open" reason="syn-ack" reason_ttl="51"/></port></ports></host>
<host endtime="1733438257"><address addr="202.46.9.216" addrtype="ipv4"/><ports><port protocol="tcp" portid="5060"><state state="open" reason="syn-ack" reason_ttl="50"/></port></ports></host>
<host endtime="1733438259"><address addr="103.224.215.27" addrtype="ipv4"/><ports><port protocol="tcp" portid="5060"><state state="open" reason="syn-ack" reason_ttl="48"/></port></ports></host>
<host endtime="1733438261"><address addr="202.46.245.34" addrtype="ipv4"/><ports><port protocol="tcp" portid="5060"><state state="open" reason="syn-ack" reason_ttl="51"/></port></ports></host>
<host endtime="1733438261"><address addr="193.103.200.209" addrtype="ipv4"/><ports><port protocol="tcp" portid="5060"><state state="open" reason="syn-ack" reason_ttl="52"/></port></ports></host>
<host endtime="1733438265"><address addr="202.46.15.124" addrtype="ipv4"/><ports><port protocol="tcp" portid="5060"><state state="open" reason="syn-ack" reason_ttl="50"/></port></ports></host>
<host endtime="1733438265"><address addr="202.46.252.228" addrtype="ipv4"/><ports><port protocol="tcp" portid="5060"><state state="open" reason="syn-ack" reason_ttl="51"/></port></ports></host>
<host endtime="1733438267"><address addr="202.46.247.151" addrtype="ipv4"/><ports><port protocol="tcp" portid="5060"><state state="open" reason="syn-ack" reason_ttl="50"/></port></ports></host>
<host endtime="1733438267"><address addr="193.103.200.10" addrtype="ipv4"/><ports><port protocol="tcp" portid="5060"><state state="open" reason="syn-ack" reason_ttl="54"/></port></ports></host>
<host endtime="1733438269"><address addr="202.46.0.98" addrtype="ipv4"/><ports><port protocol="tcp" portid="5060"><state state="open" reason="syn-ack" reason_ttl="50"/></port></ports></host>
<host endtime="1733438271"><address addr="202.46.247.2" addrtype="ipv4"/><ports><port protocol="tcp" portid="5060"><state state="open" reason="syn-ack" reason_ttl="50"/></port></ports></host>
<host endtime="1733438271"><address addr="202.46.251.26" addrtype="ipv4"/><ports><port protocol="tcp" portid="5060"><state state="open" reason="syn-ack" reason_ttl="51"/></port></ports></host>
<host endtime="1733438274"><address addr="103.224.215.130" addrtype="ipv4"/><ports><port protocol="tcp" portid="5060"><state state="open" reason="syn-ack" reason_ttl="48"/></port></ports></host>
<host endtime="1733438275"><address addr="202.46.0.219" addrtype="ipv4"/><ports><port protocol="tcp" portid="5060"><state state="open" reason="syn-ack" reason_ttl="51"/></port></ports></host>
<host endtime="1733438278"><address addr="103.83.18.29" addrtype="ipv4"/><ports><port protocol="tcp" portid="5060"><state state="open" reason="syn-ack" reason_ttl="48"/></port></ports></host>
<host endtime="1733438282"><address addr="202.46.249.11" addrtype="ipv4"/><ports><port protocol="tcp" portid="5060"><state state="open" reason="syn-ack" reason_ttl="51"/></port></ports></host>
<host endtime="1733438283"><address addr="193.101.24.42" addrtype="ipv4"/><ports><port protocol="tcp" portid="5060"><state state="open" reason="syn-ack" reason_ttl="50"/></port></ports></host>
<host endtime="1733438283"><address addr="199.201.237.206" addrtype="ipv4"/><ports><port protocol="tcp" portid="5060"><state state="open" reason="syn-ack" reason_ttl="47"/></port></ports></host>
<host endtime="1733438283"><address addr="103.224.215.4" addrtype="ipv4"/><ports><port protocol="tcp" portid="5060"><state state="open" reason="syn-ack" reason_ttl="48"/></port></ports></host>
<host endtime="1733438284"><address addr="202.46.243.25" addrtype="ipv4"/><ports><port protocol="tcp" portid="5060"><state state="open" reason="syn-ack" reason_ttl="50"/></port></ports></host>
<host endtime="1733438285"><address addr="202.46.243.151" addrtype="ipv4"/><ports><port protocol="tcp" portid="5060"><state state="open" reason="syn-ack" reason_ttl="50"/></port></ports></host>
<host endtime="1733438285"><address addr="202.46.243.121" addrtype="ipv4"/><ports><port protocol="tcp" portid="5060"><state state="open" reason="syn-ack" reason_ttl="51"/></port></ports></host>
<host endtime="1733438287"><address addr="103.83.19.166" addrtype="ipv4"/><ports><port protocol="tcp" portid="5060"><state state="open" reason="syn-ack" reason_ttl="48"/></port></ports></host>
<host endtime="1733438289"><address addr="202.46.2.67" addrtype="ipv4"/><ports><port protocol="tcp" portid="5060"><state state="open" reason="syn-ack" reason_ttl="51"/></port></ports></host>
<host endtime="1733438291"><address addr="202.46.15.231" addrtype="ipv4"/><ports><port protocol="tcp" portid="5060"><state state="open" reason="syn-ack" reason_ttl="51"/></port></ports></host>
<host endtime="1733438291"><address addr="103.83.19.62" addrtype="ipv4"/><ports><port protocol="tcp" portid="5060"><state state="open" reason="syn-ack" reason_ttl="48"/></port></ports></host>
<host endtime="1733438293"><address addr="202.46.11.94" addrtype="ipv4"/><ports><port protocol="tcp" portid="5060"><state state="open" reason="syn-ack" reason_ttl="50"/></port></ports></host>
<host endtime="1733438294"><address addr="202.46.13.216" addrtype="ipv4"/><ports><port protocol="tcp" portid="5060"><state state="open" reason="syn-ack" reason_ttl="51"/></port></ports></host>
<host endtime="1733438296"><address addr="202.46.255.109" addrtype="ipv4"/><ports><port protocol="tcp" portid="5060"><state state="open" reason="syn-ack" reason_ttl="51"/></port></ports></host>
<host endtime="1733438297"><address addr="103.224.215.20" addrtype="ipv4"/><ports><port protocol="tcp" portid="5060"><state state="open" reason="syn-ack" reason_ttl="48"/></port></ports></host>
<host endtime="1733438301"><address addr="199.123.27.119" addrtype="ipv4"/><ports><port protocol="tcp" portid="5060"><state state="open" reason="syn-ack" reason_ttl="229"/></port></ports></host>
<host endtime="1733438306"><address addr="202.46.240.30" addrtype="ipv4"/><ports><port protocol="tcp" portid="5060"><state state="open" reason="syn-ack" reason_ttl="51"/></port></ports></host>
<host endtime="1733438307"><address addr="202.46.251.95" addrtype="ipv4"/><ports><port protocol="tcp" portid="5060"><state state="open" reason="syn-ack" reason_ttl="51"/></port></ports></host>
<host endtime="1733438310"><address addr="202.46.243.249" addrtype="ipv4"/><ports><port protocol="tcp" portid="5060"><state state="open" reason="syn-ack" reason_ttl="51"/></port></ports></host>
<host endtime="1733438313"><address addr="202.46.246.188" addrtype="ipv4"/><ports><port protocol="tcp" portid="5060"><state state="open" reason="syn-ack" reason_ttl="51"/></port></ports></host>
<host endtime="1733438318"><address addr="202.46.2.100" addrtype="ipv4"/><ports><port protocol="tcp" portid="5060"><state state="open" reason="syn-ack" reason_ttl="50"/></port></ports></host>
<host endtime="1733438321"><address addr="202.46.0.178" addrtype="ipv4"/><ports><port protocol="tcp" portid="5060"><state state="open" reason="syn-ack" reason_ttl="50"/></port></ports></host>
<host endtime="1733438323"><address addr="103.83.19.174" addrtype="ipv4"/><ports><port protocol="tcp" portid="5060"><state state="open" reason="syn-ack" reason_ttl="48"/></port></ports></host>
<host endtime="1733438324"><address addr="193.98.229.251" addrtype="ipv4"/><ports><port protocol="tcp" portid="5061"><state state="open" reason="syn-ack" reason_ttl="49"/></port></ports></host>
<host endtime="1733438326"><address addr="202.46.2.177" addrtype="ipv4"/><ports><port protocol="tcp" portid="5060"><state state="open" reason="syn-ack" reason_ttl="51"/></port></ports></host>
<host endtime="1733438327"><address addr="202.46.250.162" addrtype="ipv4"/><ports><port protocol="tcp" portid="5060"><state state="open" reason="syn-ack" reason_ttl="50"/></port></ports></host>
<host endtime="1733438330"><address addr="202.46.250.223" addrtype="ipv4"/><ports><port protocol="tcp" portid="5060"><state state="open" reason="syn-ack" reason_ttl="51"/></port></ports></host>
<host endtime="1733438335"><address addr="202.46.15.157" addrtype="ipv4"/><ports><port protocol="tcp" portid="5061"><state state="open" reason="syn-ack" reason_ttl="50"/></port></ports></host>
<host endtime="1733438335"><address addr="202.46.4.1" addrtype="ipv4"/><ports><port protocol="tcp" portid="5060"><state state="open" reason="syn-ack" reason_ttl="51"/></port></ports></host>
<host endtime="1733438336"><address addr="199.123.24.27" addrtype="ipv4"/><ports><port protocol="tcp" portid="5060"><state state="open" reason="syn-ack" reason_ttl="229"/></port></ports></host>
<host endtime="1733438337"><address addr="202.46.13.113" addrtype="ipv4"/><ports><port protocol="tcp" portid="5060"><state state="open" reason="syn-ack" reason_ttl="50"/></port></ports></host>
<host endtime="1733438338"><address addr="103.224.214.57" addrtype="ipv4"/><ports><port protocol="tcp" portid="5060"><state state="open" reason="syn-ack" reason_ttl="48"/></port></ports></host>
<host endtime="1733438340"><address addr="202.46.251.8" addrtype="ipv4"/><ports><port protocol="tcp" portid="5060"><state state="open" reason="syn-ack" reason_ttl="51"/></port></ports></host>
<host endtime="1733438345"><address addr="202.46.3.115" addrtype="ipv4"/><ports><port protocol="tcp" portid="5061"><state state="open" reason="syn-ack" reason_ttl="50"/></port></ports></host>
<host endtime="1733438347"><address addr="202.46.9.220" addrtype="ipv4"/><ports><port protocol="tcp" portid="5060"><state state="open" reason="syn-ack" reason_ttl="50"/></port></ports></host>
<host endtime="1733438349"><address addr="202.46.240.11" addrtype="ipv4"/><ports><port protocol="tcp" portid="5060"><state state="open" reason="syn-ack" reason_ttl="51"/></port></ports></host>
<host endtime="1733438349"><address addr="193.98.229.189" addrtype="ipv4"/><ports><port protocol="tcp" portid="5061"><state state="open" reason="syn-ack" reason_ttl="44"/></port></ports></host>
<host endtime="1733438351"><address addr="103.224.214.99" addrtype="ipv4"/><ports><port protocol="tcp" portid="5060"><state state="open" reason="syn-ack" reason_ttl="48"/></port></ports></host>
<host endtime="1733438351"><address addr="199.123.24.78" addrtype="ipv4"/><ports><port protocol="tcp" portid="5060"><state state="open" reason="syn-ack" reason_ttl="229"/></port></ports></host>
<host endtime="1733438352"><address addr="202.46.249.233" addrtype="ipv4"/><ports><port protocol="tcp" portid="5060"><state state="open" reason="syn-ack" reason_ttl="51"/></port></ports></host>
<host endtime="1733438353"><address addr="199.201.237.5" addrtype="ipv4"/><ports><port protocol="tcp" portid="5060"><state state="open" reason="syn-ack" reason_ttl="47"/></port></ports></host>
<host endtime="1733438358"><address addr="103.224.214.180" addrtype="ipv4"/><ports><port protocol="tcp" portid="5060"><state state="open" reason="syn-ack" reason_ttl="48"/></port></ports></host>
<host endtime="1733438359"><address addr="202.46.253.38" addrtype="ipv4"/><ports><port protocol="tcp" portid="5060"><state state="open" reason="syn-ack" reason_ttl="51"/></port></ports></host>
<host endtime="1733438359"><address addr="103.83.19.176" addrtype="ipv4"/><ports><port protocol="tcp" portid="5060"><state state="open" reason="syn-ack" reason_ttl="48"/></port></ports></host>
<host endtime="1733438359"><address addr="202.46.14.144" addrtype="ipv4"/><ports><port protocol="tcp" portid="5060"><state state="open" reason="syn-ack" reason_ttl="51"/></port></ports></host>
<host endtime="1733438360"><address addr="202.46.251.108" addrtype="ipv4"/><ports><port protocol="tcp" portid="5060"><state state="open" reason="syn-ack" reason_ttl="50"/></port></ports></host>
<host endtime="1733438364"><address addr="202.46.7.3" addrtype="ipv4"/><ports><port protocol="tcp" portid="5060"><state state="open" reason="syn-ack" reason_ttl="51"/></port></ports></host>
<host endtime="1733438366"><address addr="202.46.1.78" addrtype="ipv4"/><ports><port protocol="tcp" portid="5060"><state state="open" reason="syn-ack" reason_ttl="51"/></port></ports></host>
<host endtime="1733438368"><address addr="103.110.61.64" addrtype="ipv4"/><ports><port protocol="tcp" portid="5060"><state state="open" reason="syn-ack" reason_ttl="242"/></port></ports></host>
<host endtime="1733438369"><address addr="103.224.214.11" addrtype="ipv4"/><ports><port protocol="tcp" portid="5060"><state state="open" reason="syn-ack" reason_ttl="48"/></port></ports></host>
<host endtime="1733438369"><address addr="202.46.246.238" addrtype="ipv4"/><ports><port protocol="tcp" portid="5060"><state state="open" reason="syn-ack" reason_ttl="51"/></port></ports></host>
<host endtime="1733438370"><address addr="202.46.253.208" addrtype="ipv4"/><ports><port protocol="tcp" portid="5060"><state state="open" reason="syn-ack" reason_ttl="50"/></port></ports></host>
<host endtime="1733438371"><address addr="103.224.215.29" addrtype="ipv4"/><ports><port protocol="tcp" portid="5060"><state state="open" reason="syn-ack" reason_ttl="48"/></port></ports></host>
<host endtime="1733438374"><address addr="202.46.12.122" addrtype="ipv4"/><ports><port protocol="tcp" portid="5060"><state state="open" reason="syn-ack" reason_ttl="51"/></port></ports></host>
<host endtime="1733438375"><address addr="202.46.247.159" addrtype="ipv4"/><ports><port protocol="tcp" portid="5060"><state state="open" reason="syn-ack" reason_ttl="50"/></port></ports></host>
<host endtime="1733438377"><address addr="193.98.229.130" addrtype="ipv4"/><ports><port protocol="tcp" portid="5061"><state state="open" reason="syn-ack" reason_ttl="48"/></port></ports></host>
<host endtime="1733438380"><address addr="202.46.2.158" addrtype="ipv4"/><ports><port protocol="tcp" portid="5060"><state state="open" reason="syn-ack" reason_ttl="51"/></port></ports></host>
<host endtime="1733438383"><address addr="202.46.249.119" addrtype="ipv4"/><ports><port protocol="tcp" portid="5060"><state state="open" reason="syn-ack" reason_ttl="50"/></port></ports></host>
<host endtime="1733438383"><address addr="193.103.206.117" addrtype="ipv4"/><ports><port protocol="tcp" portid="5060"><state state="open" reason="syn-ack" reason_ttl="54"/></port></ports></host>
<host endtime="1733438383"><address addr="199.123.25.89" addrtype="ipv4"/><ports><port protocol="tcp" portid="5060"><state state="open" reason="syn-ack" reason_ttl="229"/></port></ports></host>
<host endtime="1733438385"><address addr="202.46.255.253" addrtype="ipv4"/><ports><port protocol="tcp" portid="5060"><state state="open" reason="syn-ack" reason_ttl="50"/></port></ports></host>
<host endtime="1733438386"><address addr="202.46.4.54" addrtype="ipv4"/><ports><port protocol="tcp" portid="5060"><state state="open" reason="syn-ack" reason_ttl="51"/></port></ports></host>
<host endtime="1733438386"><address addr="202.46.247.123" addrtype="ipv4"/><ports><port protocol="tcp" portid="5060"><state state="open" reason="syn-ack" reason_ttl="51"/></port></ports></host>
<host endtime="1733438388"><address addr="202.46.9.236" addrtype="ipv4"/><ports><port protocol="tcp" portid="5060"><state state="open" reason="syn-ack" reason_ttl="51"/></port></ports></host>
<host endtime="1733438388"><address addr="193.98.229.163" addrtype="ipv4"/><ports><port protocol="tcp" portid="5060"><state state="open" reason="syn-ack" reason_ttl="44"/></port></ports></host>
<host endtime="1733438394"><address addr="199.123.25.219" addrtype="ipv4"/><ports><port protocol="tcp" portid="5060"><state state="open" reason="syn-ack" reason_ttl="229"/></port></ports></host>
<host endtime="1733438394"><address addr="103.110.61.3" addrtype="ipv4"/><ports><port protocol="tcp" portid="5060"><state state="open" reason="syn-ack" reason_ttl="242"/></port></ports></host>
<host endtime="1733438398"><address addr="202.46.254.23" addrtype="ipv4"/><ports><port protocol="tcp" portid="5060"><state state="open" reason="syn-ack" reason_ttl="51"/></port></ports></host>
<host endtime="1733438398"><address addr="193.98.229.183" addrtype="ipv4"/><ports><port protocol="tcp" portid="5061"><state state="open" reason="syn-ack" reason_ttl="49"/></port></ports></host>
<host endtime="1733438398"><address addr="202.46.245.206" addrtype="ipv4"/><ports><port protocol="tcp" portid="5060"><state state="open" reason="syn-ack" reason_ttl="51"/></port></ports></host>
<host endtime="1733438399"><address addr="202.46.11.162" addrtype="ipv4"/><ports><port protocol="tcp" portid="5060"><state state="open" reason="syn-ack" reason_ttl="51"/></port></ports></host>
<host endtime="1733438401"><address addr="199.123.26.215" addrtype="ipv4"/><ports><port protocol="tcp" portid="5060"><state state="open" reason="syn-ack" reason_ttl="229"/></port></ports></host>
<host endtime="1733438403"><address addr="202.46.243.99" addrtype="ipv4"/><ports><port protocol="tcp" portid="5060"><state state="open" reason="syn-ack" reason_ttl="51"/></port></ports></host>
<host endtime="1733438403"><address addr="202.46.246.52" addrtype="ipv4"/><ports><port protocol="tcp" portid="5060"><state state="open" reason="syn-ack" reason_ttl="50"/></port></ports></host>
<host endtime="1733438404"><address addr="202.46.0.59" addrtype="ipv4"/><ports><port protocol="tcp" portid="5060"><state state="open" reason="syn-ack" reason_ttl="50"/></port></ports></host>
<host endtime="1733438406"><address addr="202.46.10.117" addrtype="ipv4"/><ports><port protocol="tcp" portid="5060"><state state="open" reason="syn-ack" reason_ttl="51"/></port></ports></host>
<host endtime="1733438408"><address addr="202.46.5.250" addrtype="ipv4"/><ports><port protocol="tcp" portid="5060"><state state="open" reason="syn-ack" reason_ttl="51"/></port></ports></host>
<host endtime="1733438411"><address addr="202.46.242.245" addrtype="ipv4"/><ports><port protocol="tcp" portid="5060"><state state="open" reason="syn-ack" reason_ttl="50"/></port></ports></host>
<host endtime="1733438411"><address addr="199.123.24.38" addrtype="ipv4"/><ports><port protocol="tcp" portid="5060"><state state="open" reason="syn-ack" reason_ttl="229"/></port></ports></host>
<host endtime="1733438413"><address addr="202.46.2.120" addrtype="ipv4"/><ports><port protocol="tcp" portid="5060"><state state="open" reason="syn-ack" reason_ttl="51"/></port></ports></host>
<host endtime="1733438413"><address addr="103.83.19.106" addrtype="ipv4"/><ports><port protocol="tcp" portid="5060"><state state="open" reason="syn-ack" reason_ttl="48"/></port></ports></host>
<host endtime="1733438414"><address addr="202.46.12.106" addrtype="ipv4"/><ports><port protocol="tcp" portid="5060"><state state="open" reason="syn-ack" reason_ttl="50"/></port></ports></host>
<host endtime="1733438414"><address addr="202.46.246.119" addrtype="ipv4"/><ports><port protocol="tcp" portid="5060"><state state="open" reason="syn-ack" reason_ttl="51"/></port></ports></host>
<host endtime="1733438420"><address addr="199.201.236.193" addrtype="ipv4"/><ports><port protocol="tcp" portid="5060"><state state="open" reason="syn-ack" reason_ttl="47"/></port></ports></host>
<host endtime="1733438421"><address addr="202.46.254.86" addrtype="ipv4"/><ports><port protocol="tcp" portid="5060"><state state="open" reason="syn-ack" reason_ttl="50"/></port></ports></host>
<host endtime="1733438422"><address addr="202.46.14.83" addrtype="ipv4"/><ports><port protocol="tcp" portid="5060"><state state="open" reason="syn-ack" reason_ttl="50"/></port></ports></host>
<host endtime="1733438425"><address addr="202.46.2.226" addrtype="ipv4"/><ports><port protocol="tcp" portid="5060"><state state="open" reason="syn-ack" reason_ttl="50"/></port></ports></host>
<host endtime="1733438432"><address addr="202.46.0.112" addrtype="ipv4"/><ports><port protocol="tcp" portid="5060"><state state="open" reason="syn-ack" reason_ttl="50"/></port></ports></host>
<host endtime="1733438434"><address addr="202.46.252.127" addrtype="ipv4"/><ports><port protocol="tcp" portid="5060"><state state="open" reason="syn-ack" reason_ttl="51"/></port></ports></host>
<host endtime="1733438436"><address addr="202.46.253.138" addrtype="ipv4"/><ports><port protocol="tcp" portid="5060"><state state="open" reason="syn-ack" reason_ttl="51"/></port></ports></host>
<host endtime="1733438436"><address addr="202.46.242.94" addrtype="ipv4"/><ports><port protocol="tcp" portid="5060"><state state="open" reason="syn-ack" reason_ttl="51"/></port></ports></host>
<host endtime="1733438437"><address addr="193.103.200.220" addrtype="ipv4"/><ports><port protocol="tcp" portid="5060"><state state="open" reason="syn-ack" reason_ttl="54"/></port></ports></host>
<host endtime="1733438438"><address addr="202.46.244.63" addrtype="ipv4"/><ports><port protocol="tcp" portid="5060"><state state="open" reason="syn-ack" reason_ttl="50"/></port></ports></host>
<host endtime="1733438439"><address addr="202.46.244.85" addrtype="ipv4"/><ports><port protocol="tcp" portid="5060"><state state="open" reason="syn-ack" reason_ttl="51"/></port></ports></host>
<host endtime="1733438440"><address addr="202.46.9.38" addrtype="ipv4"/><ports><port protocol="tcp" portid="5060"><state state="open" reason="syn-ack" reason_ttl="50"/></port></ports></host>
<host endtime="1733438443"><address addr="202.46.5.13" addrtype="ipv4"/><ports><port protocol="tcp" portid="5060"><state state="open" reason="syn-ack" reason_ttl="51"/></port></ports></host>
<host endtime="1733438444"><address addr="202.46.13.140" addrtype="ipv4"/><ports><port protocol="tcp" portid="5060"><state state="open" reason="syn-ack" reason_ttl="50"/></port></ports></host>
<host endtime="1733438445"><address addr="202.46.249.189" addrtype="ipv4"/><ports><port protocol="tcp" portid="5060"><state state="open" reason="syn-ack" reason_ttl="51"/></port></ports></host>
<host endtime="1733438446"><address addr="202.46.8.33" addrtype="ipv4"/><ports><port protocol="tcp" portid="5060"><state state="open" reason="syn-ack" reason_ttl="51"/></port></ports></host>
<host endtime="1733438447"><address addr="199.201.236.120" addrtype="ipv4"/><ports><port protocol="tcp" portid="5060"><state state="open" reason="syn-ack" reason_ttl="47"/></port></ports></host>
<host endtime="1733438450"><address addr="199.123.26.224" addrtype="ipv4"/><ports><port protocol="tcp" portid="5060"><state state="open" reason="syn-ack" reason_ttl="229"/></port></ports></host>
<host endtime="1733438451"><address addr="202.46.5.182" addrtype="ipv4"/><ports><port protocol="tcp" portid="5060"><state state="open" reason="syn-ack" reason_ttl="51"/></port></ports></host>
<host endtime="1733438452"><address addr="202.46.247.64" addrtype="ipv4"/><ports><port protocol="tcp" portid="5060"><state state="open" reason="syn-ack" reason_ttl="50"/></port></ports></host>
<host endtime="1733438453"><address addr="202.46.251.213" addrtype="ipv4"/><ports><port protocol="tcp" portid="5060"><state state="open" reason="syn-ack" reason_ttl="51"/></port></ports></host>
<host endtime="1733438455"><address addr="202.46.1.137" addrtype="ipv4"/><ports><port protocol="tcp" portid="5060"><state state="open" reason="syn-ack" reason_ttl="51"/></port></ports></host>
<host endtime="1733438456"><address addr="193.98.229.182" addrtype="ipv4"/><ports><port protocol="tcp" portid="5060"><state state="open" reason="syn-ack" reason_ttl="49"/></port></ports></host>
<host endtime="1733438458"><address addr="202.46.251.29" addrtype="ipv4"/><ports><port protocol="tcp" portid="5060"><state state="open" reason="syn-ack" reason_ttl="51"/></port></ports></host>
<host endtime="1733438462"><address addr="202.46.12.151" addrtype="ipv4"/><ports><port protocol="tcp" portid="5060"><state state="open" reason="syn-ack" reason_ttl="51"/></port></ports></host>
<host endtime="1733438466"><address addr="202.46.253.13" addrtype="ipv4"/><ports><port protocol="tcp" portid="5060"><state state="open" reason="syn-ack" reason_ttl="51"/></port></ports></host>
<host endtime="1733438467"><address addr="193.98.116.16" addrtype="ipv4"/><ports><port protocol="tcp" portid="5060"><state state="open" reason="syn-ack" reason_ttl="48"/></port></ports></host>
<host endtime="1733438471"><address addr="202.46.253.23" addrtype="ipv4"/><ports><port protocol="tcp" portid="5060"><state state="open" reason="syn-ack" reason_ttl="51"/></port></ports></host>
<host endtime="1733438474"><address addr="199.123.25.103" addrtype="ipv4"/><ports><port protocol="tcp" portid="5060"><state state="open" reason="syn-ack" reason_ttl="229"/></port></ports></host>
<host endtime="1733438475"><address addr="202.46.248.213" addrtype="ipv4"/><ports><port protocol="tcp" portid="5060"><state state="open" reason="syn-ack" reason_ttl="50"/></port></ports></host>
<host endtime="1733438476"><address addr="199.123.26.9" addrtype="ipv4"/><ports><port protocol="tcp" portid="5060"><state state="open" reason="syn-ack" reason_ttl="229"/></port></ports></host>
<host endtime="1733438476"><address addr="202.46.4.182" addrtype="ipv4"/><ports><port protocol="tcp" portid="5060"><state state="open" reason="syn-ack" reason_ttl="50"/></port></ports></host>
<host endtime="1733438481"><address addr="202.46.252.28" addrtype="ipv4"/><ports><port protocol="tcp" portid="5060"><state state="open" reason="syn-ack" reason_ttl="51"/></port></ports></host>
<host endtime="1733438485"><address addr="202.46.1.242" addrtype="ipv4"/><ports><port protocol="tcp" portid="5060"><state state="open" reason="syn-ack" reason_ttl="51"/></port></ports></host>
<host endtime="1733438485"><address addr="202.46.241.97" addrtype="ipv4"/><ports><port protocol="tcp" portid="5060"><state state="open" reason="syn-ack" reason_ttl="51"/></port></ports></host>
<host endtime="1733438486"><address addr="202.46.244.170" addrtype="ipv4"/><ports><port protocol="tcp" portid="5060"><state state="open" reason="syn-ack" reason_ttl="51"/></port></ports></host>
<host endtime="1733438487"><address addr="202.46.12.179" addrtype="ipv4"/><ports><port protocol="tcp" portid="5060"><state state="open" reason="syn-ack" reason_ttl="50"/></port></ports></host>
<host endtime="1733438493"><address addr="202.46.249.160" addrtype="ipv4"/><ports><port protocol="tcp" portid="5060"><state state="open" reason="syn-ack" reason_ttl="50"/></port></ports></host>
<host endtime="1733438494"><address addr="202.46.11.68" addrtype="ipv4"/><ports><port protocol="tcp" portid="5060"><state state="open" reason="syn-ack" reason_ttl="50"/></port></ports></host>
<host endtime="1733438496"><address addr="202.46.7.201" addrtype="ipv4"/><ports><port protocol="tcp" portid="5060"><state state="open" reason="syn-ack" reason_ttl="51"/></port></ports></host>
<host endtime="1733438500"><address addr="202.46.4.116" addrtype="ipv4"/><ports><port protocol="tcp" portid="5060"><state state="open" reason="syn-ack" reason_ttl="51"/></port></ports></host>
<host endtime="1733438505"><address addr="202.46.14.48" addrtype="ipv4"/><ports><port protocol="tcp" portid="5060"><state state="open" reason="syn-ack" reason_ttl="50"/></port></ports></host>
<host endtime="1733438508"><address addr="103.177.50.66" addrtype="ipv4"/><ports><port protocol="tcp" portid="5061"><state state="open" reason="syn-ack" reason_ttl="120"/></port></ports></host>
<host endtime="1733438508"><address addr="202.46.243.148" addrtype="ipv4"/><ports><port protocol="tcp" portid="5060"><state state="open" reason="syn-ack" reason_ttl="51"/></port></ports></host>
<host endtime="1733438511"><address addr="202.46.3.99" addrtype="ipv4"/><ports><port protocol="tcp" portid="5061"><state state="open" reason="syn-ack" reason_ttl="50"/></port></ports></host>
<host endtime="1733438511"><address addr="103.83.19.139" addrtype="ipv4"/><ports><port protocol="tcp" portid="5060"><state state="open" reason="syn-ack" reason_ttl="48"/></port></ports></host>
<host endtime="1733438512"><address addr="202.46.10.36" addrtype="ipv4"/><ports><port protocol="tcp" portid="5060"><state state="open" reason="syn-ack" reason_ttl="50"/></port></ports></host>
<host endtime="1733438514"><address addr="202.46.255.43" addrtype="ipv4"/><ports><port protocol="tcp" portid="5060"><state state="open" reason="syn-ack" reason_ttl="51"/></port></ports></host>
<host endtime="1733438517"><address addr="193.98.116.178" addrtype="ipv4"/><ports><port protocol="tcp" portid="5060"><state state="open" reason="syn-ack" reason_ttl="48"/></port></ports></host>
<host endtime="1733438518"><address addr="202.46.244.115" addrtype="ipv4"/><ports><port protocol="tcp" portid="5060"><state state="open" reason="syn-ack" reason_ttl="51"/></port></ports></host>
<host endtime="1733438521"><address addr="202.46.244.188" addrtype="ipv4"/><ports><port protocol="tcp" portid="5060"><state state="open" reason="syn-ack" reason_ttl="50"/></port></ports></host>
<host endtime="1733438522"><address addr="103.224.214.74" addrtype="ipv4"/><ports><port protocol="tcp" portid="5060"><state state="open" reason="syn-ack" reason_ttl="48"/></port></ports></host>
<host endtime="1733438527"><address addr="202.46.15.227" addrtype="ipv4"/><ports><port protocol="tcp" portid="5060"><state state="open" reason="syn-ack" reason_ttl="51"/></port></ports></host>
<host endtime="1733438528"><address addr="202.46.15.53" addrtype="ipv4"/><ports><port protocol="tcp" portid="5060"><state state="open" reason="syn-ack" reason_ttl="51"/></port></ports></host>
<host endtime="1733438529"><address addr="202.46.252.245" addrtype="ipv4"/><ports><port protocol="tcp" portid="5060"><state state="open" reason="syn-ack" reason_ttl="51"/></port></ports></host>
<host endtime="1733438535"><address addr="103.83.18.91" addrtype="ipv4"/><ports><port protocol="tcp" portid="5060"><state state="open" reason="syn-ack" reason_ttl="48"/></port></ports></host>
<host endtime="1733438538"><address addr="103.83.18.70" addrtype="ipv4"/><ports><port protocol="tcp" portid="5060"><state state="open" reason="syn-ack" reason_ttl="48"/></port></ports></host>
<host endtime="1733438539"><address addr="202.46.254.198" addrtype="ipv4"/><ports><port protocol="tcp" portid="5060"><state state="open" reason="syn-ack" reason_ttl="51"/></port></ports></host>
<host endtime="1733438540"><address addr="202.46.242.46" addrtype="ipv4"/><ports><port protocol="tcp" portid="5060"><state state="open" reason="syn-ack" reason_ttl="51"/></port></ports></host>
<host endtime="1733438543"><address addr="103.83.19.197" addrtype="ipv4"/><ports><port protocol="tcp" portid="5060"><state state="open" reason="syn-ack" reason_ttl="48"/></port></ports></host>
<host endtime="1733438545"><address addr="202.46.6.43" addrtype="ipv4"/><ports><port protocol="tcp" portid="5060"><state state="open" reason="syn-ack" reason_ttl="50"/></port></ports></host>
<host endtime="1733438547"><address addr="199.123.24.234" addrtype="ipv4"/><ports><port protocol="tcp" portid="5060"><state state="open" reason="syn-ack" reason_ttl="229"/></port></ports></host>
<host endtime="1733438548"><address addr="202.46.240.92" addrtype="ipv4"/><ports><port protocol="tcp" portid="5060"><state state="open" reason="syn-ack" reason_ttl="50"/></port></ports></host>
<host endtime="1733438554"><address addr="202.46.241.136" addrtype="ipv4"/><ports><port protocol="tcp" portid="5060"><state state="open" reason="syn-ack" reason_ttl="51"/></port></ports></host>
<host endtime="1733438556"><address addr="202.46.4.204" addrtype="ipv4"/><ports><port protocol="tcp" portid="5060"><state state="open" reason="syn-ack" reason_ttl="51"/></port></ports></host>
<host endtime="1733438558"><address addr="202.46.245.145" addrtype="ipv4"/><ports><port protocol="tcp" portid="5060"><state state="open" reason="syn-ack" reason_ttl="51"/></port></ports></host>
<host endtime="1733438562"><address addr="202.46.253.54" addrtype="ipv4"/><ports><port protocol="tcp" portid="5060"><state state="open" reason="syn-ack" reason_ttl="51"/></port></ports></host>
<host endtime="1733438562"><address addr="199.123.27.55" addrtype="ipv4"/><ports><port protocol="tcp" portid="5060"><state state="open" reason="syn-ack" reason_ttl="229"/></port></ports></host>
<host endtime="1733438563"><address addr="199.123.26.237" addrtype="ipv4"/><ports><port protocol="tcp" portid="5060"><state state="open" reason="syn-ack" reason_ttl="229"/></port></ports></host>
<host endtime="1733438563"><address addr="103.83.18.186" addrtype="ipv4"/><ports><port protocol="tcp" portid="5060"><state state="open" reason="syn-ack" reason_ttl="48"/></port></ports></host>
<host endtime="1733438564"><address addr="202.46.15.133" addrtype="ipv4"/><ports><port protocol="tcp" portid="5060"><state state="open" reason="syn-ack" reason_ttl="50"/></port></ports></host>
<host endtime="1733438566"><address addr="199.123.27.97" addrtype="ipv4"/><ports><port protocol="tcp" portid="5060"><state state="open" reason="syn-ack" reason_ttl="229"/></port></ports></host>
<host endtime="1733438566"><address addr="202.46.252.34" addrtype="ipv4"/><ports><port protocol="tcp" portid="5060"><state state="open" reason="syn-ack" reason_ttl="51"/></port></ports></host>
<host endtime="1733438571"><address addr="199.123.27.255" addrtype="ipv4"/><ports><port protocol="tcp" portid="5060"><state state="open" reason="syn-ack" reason_ttl="229"/></port></ports></host>
<host endtime="1733438576"><address addr="193.103.200.195" addrtype="ipv4"/><ports><port protocol="tcp" portid="5060"><state state="open" reason="syn-ack" reason_ttl="52"/></port></ports></host>
<host endtime="1733438577"><address addr="202.46.2.40" addrtype="ipv4"/><ports><port protocol="tcp" portid="5060"><state state="open" reason="syn-ack" reason_ttl="50"/></port></ports></host>
<host endtime="1733438578"><address addr="202.46.250.11" addrtype="ipv4"/><ports><port protocol="tcp" portid="5060"><state state="open" reason="syn-ack" reason_ttl="51"/></port></ports></host>
<host endtime="1733438580"><address addr="202.46.249.57" addrtype="ipv4"/><ports><port protocol="tcp" portid="5060"><state state="open" reason="syn-ack" reason_ttl="51"/></port></ports></host>
<host endtime="1733438580"><address addr="202.46.251.99" addrtype="ipv4"/><ports><port protocol="tcp" portid="5060"><state state="open" reason="syn-ack" reason_ttl="50"/></port></ports></host>
<host endtime="1733438584"><address addr="202.46.11.1" addrtype="ipv4"/><ports><port protocol="tcp" portid="5060"><state state="open" reason="syn-ack" reason_ttl="50"/></port></ports></host>
<host endtime="1733438585"><address addr="202.46.255.164" addrtype="ipv4"/><ports><port protocol="tcp" portid="5060"><state state="open" reason="syn-ack" reason_ttl="51"/></port></ports></host>
<host endtime="1733438587"><address addr="193.98.229.209" addrtype="ipv4"/><ports><port protocol="tcp" portid="5061"><state state="open" reason="syn-ack" reason_ttl="44"/></port></ports></host>
<host endtime="1733438593"><address addr="202.46.13.205" addrtype="ipv4"/><ports><port protocol="tcp" portid="5060"><state state="open" reason="syn-ack" reason_ttl="50"/></port></ports></host>
<host endtime="1733438594"><address addr="199.123.26.23" addrtype="ipv4"/><ports><port protocol="tcp" portid="5060"><state state="open" reason="syn-ack" reason_ttl="229"/></port></ports></host>
<host endtime="1733438595"><address addr="202.46.0.95" addrtype="ipv4"/><ports><port protocol="tcp" portid="5060"><state state="open" reason="syn-ack" reason_ttl="50"/></port></ports></host>
<host endtime="1733438596"><address addr="202.46.246.56" addrtype="ipv4"/><ports><port protocol="tcp" portid="5060"><state state="open" reason="syn-ack" reason_ttl="51"/></port></ports></host>
<host endtime="1733438597"><address addr="202.46.13.136" addrtype="ipv4"/><ports><port protocol="tcp" portid="5060"><state state="open" reason="syn-ack" reason_ttl="50"/></port></ports></host>
<host endtime="1733438600"><address addr="202.46.12.22" addrtype="ipv4"/><ports><port protocol="tcp" portid="5060"><state state="open" reason="syn-ack" reason_ttl="50"/></port></ports></host>
<host endtime="1733438601"><address addr="202.46.251.211" addrtype="ipv4"/><ports><port protocol="tcp" portid="5060"><state state="open" reason="syn-ack" reason_ttl="51"/></port></ports></host>
<host endtime="1733438603"><address addr="202.46.255.152" addrtype="ipv4"/><ports><port protocol="tcp" portid="5060"><state state="open" reason="syn-ack" reason_ttl="51"/></port></ports></host>
<host endtime="1733438603"><address addr="202.46.249.239" addrtype="ipv4"/><ports><port protocol="tcp" portid="5060"><state state="open" reason="syn-ack" reason_ttl="51"/></port></ports></host>
<host endtime="1733438603"><address addr="202.46.8.119" addrtype="ipv4"/><ports><port protocol="tcp" portid="5060"><state state="open" reason="syn-ack" reason_ttl="51"/></port></ports></host>
<host endtime="1733438604"><address addr="202.46.255.14" addrtype="ipv4"/><ports><port protocol="tcp" portid="5060"><state state="open" reason="syn-ack" reason_ttl="51"/></port></ports></host>
<host endtime="1733438605"><address addr="202.46.244.191" addrtype="ipv4"/><ports><port protocol="tcp" portid="5060"><state state="open" reason="syn-ack" reason_ttl="51"/></port></ports></host>
<host endtime="1733438606"><address addr="202.46.13.228" addrtype="ipv4"/><ports><port protocol="tcp" portid="5060"><state state="open" reason="syn-ack" reason_ttl="50"/></port></ports></host>
<host endtime="1733438615"><address addr="202.46.5.77" addrtype="ipv4"/><ports><port protocol="tcp" portid="5060"><state state="open" reason="syn-ack" reason_ttl="51"/></port></ports></host>
<host endtime="1733438615"><address addr="202.46.242.172" addrtype="ipv4"/><ports><port protocol="tcp" portid="5060"><state state="open" reason="syn-ack" reason_ttl="51"/></port></ports></host>
<host endtime="1733438617"><address addr="202.46.2.224" addrtype="ipv4"/><ports><port protocol="tcp" portid="5060"><state state="open" reason="syn-ack" reason_ttl="51"/></port></ports></host>
<host endtime="1733438619"><address addr="202.46.240.19" addrtype="ipv4"/><ports><port protocol="tcp" portid="5060"><state state="open" reason="syn-ack" reason_ttl="50"/></port></ports></host>
<host endtime="1733438620"><address addr="202.46.243.255" addrtype="ipv4"/><ports><port protocol="tcp" portid="5060"><state state="open" reason="syn-ack" reason_ttl="50"/></port></ports></host>
<host endtime="1733438622"><address addr="202.46.13.231" addrtype="ipv4"/><ports><port protocol="tcp" portid="5060"><state state="open" reason="syn-ack" reason_ttl="51"/></port></ports></host>
<host endtime="1733438623"><address addr="202.46.243.57" addrtype="ipv4"/><ports><port protocol="tcp" portid="5060"><state state="open" reason="syn-ack" reason_ttl="51"/></port></ports></host>
<host endtime="1733438633"><address addr="202.46.14.153" addrtype="ipv4"/><ports><port protocol="tcp" portid="5060"><state state="open" reason="syn-ack" reason_ttl="51"/></port></ports></host>
<host endtime="1733438635"><address addr="202.46.10.66" addrtype="ipv4"/><ports><port protocol="tcp" portid="5060"><state state="open" reason="syn-ack" reason_ttl="51"/></port></ports></host>
<host endtime="1733438635"><address addr="202.46.7.68" addrtype="ipv4"/><ports><port protocol="tcp" portid="5060"><state state="open" reason="syn-ack" reason_ttl="51"/></port></ports></host>
<host endtime="1733438635"><address addr="193.103.200.100" addrtype="ipv4"/><ports><port protocol="tcp" portid="5060"><state state="open" reason="syn-ack" reason_ttl="52"/></port></ports></host>
<host endtime="1733438637"><address addr="103.83.19.68" addrtype="ipv4"/><ports><port protocol="tcp" portid="5060"><state state="open" reason="syn-ack" reason_ttl="48"/></port></ports></host>
<host endtime="1733438638"><address addr="202.46.251.116" addrtype="ipv4"/><ports><port protocol="tcp" portid="5060"><state state="open" reason="syn-ack" reason_ttl="51"/></port></ports></host>
<host endtime="1733438639"><address addr="202.46.6.47" addrtype="ipv4"/><ports><port protocol="tcp" portid="5060"><state state="open" reason="syn-ack" reason_ttl="51"/></port></ports></host>
<host endtime="1733438643"><address addr="202.46.9.255" addrtype="ipv4"/><ports><port protocol="tcp" portid="5060"><state state="open" reason="syn-ack" reason_ttl="51"/></port></ports></host>
<host endtime="1733438644"><address addr="202.46.251.132" addrtype="ipv4"/><ports><port protocol="tcp" portid="5060"><state state="open" reason="syn-ack" reason_ttl="50"/></port></ports></host>
<host endtime="1733438644"><address addr="202.46.250.165" addrtype="ipv4"/><ports><port protocol="tcp" portid="5060"><state state="open" reason="syn-ack" reason_ttl="51"/></port></ports></host>
<host endtime="1733438648"><address addr="202.46.250.53" addrtype="ipv4"/><ports><port protocol="tcp" portid="5060"><state state="open" reason="syn-ack" reason_ttl="51"/></port></ports></host>
<host endtime="1733438650"><address addr="202.46.6.49" addrtype="ipv4"/><ports><port protocol="tcp" portid="5060"><state state="open" reason="syn-ack" reason_ttl="51"/></port></ports></host>
<host endtime="1733438653"><address addr="202.46.2.121" addrtype="ipv4"/><ports><port protocol="tcp" portid="5060"><state state="open" reason="syn-ack" reason_ttl="51"/></port></ports></host>
<host endtime="1733438662"><address addr="202.46.2.108" addrtype="ipv4"/><ports><port protocol="tcp" portid="5060"><state state="open" reason="syn-ack" reason_ttl="51"/></port></ports></host>
<host endtime="1733438663"><address addr="202.46.249.195" addrtype="ipv4"/><ports><port protocol="tcp" portid="5060"><state state="open" reason="syn-ack" reason_ttl="51"/></port></ports></host>
<host endtime="1733438663"><address addr="202.46.255.78" addrtype="ipv4"/><ports><port protocol="tcp" portid="5060"><state state="open" reason="syn-ack" reason_ttl="51"/></port></ports></host>
<host endtime="1733438663"><address addr="199.123.25.131" addrtype="ipv4"/><ports><port protocol="tcp" portid="5060"><state state="open" reason="syn-ack" reason_ttl="229"/></port></ports></host>
<host endtime="1733438664"><address addr="202.46.244.168" addrtype="ipv4"/><ports><port protocol="tcp" portid="5060"><state state="open" reason="syn-ack" reason_ttl="51"/></port></ports></host>
<host endtime="1733438666"><address addr="202.46.246.219" addrtype="ipv4"/><ports><port protocol="tcp" portid="5060"><state state="open" reason="syn-ack" reason_ttl="51"/></port></ports></host>
<host endtime="1733438668"><address addr="202.46.9.231" addrtype="ipv4"/><ports><port protocol="tcp" portid="5060"><state state="open" reason="syn-ack" reason_ttl="50"/></port></ports></host>
<host endtime="1733438668"><address addr="202.46.249.67" addrtype="ipv4"/><ports><port protocol="tcp" portid="5060"><state state="open" reason="syn-ack" reason_ttl="51"/></port></ports></host>
<host endtime="1733438670"><address addr="103.224.214.244" addrtype="ipv4"/><ports><port protocol="tcp" portid="5060"><state state="open" reason="syn-ack" reason_ttl="48"/></port></ports></host>
<host endtime="1733438670"><address addr="202.46.10.83" addrtype="ipv4"/><ports><port protocol="tcp" portid="5060"><state state="open" reason="syn-ack" reason_ttl="50"/></port></ports></host>
<host endtime="1733438671"><address addr="103.224.214.121" addrtype="ipv4"/><ports><port protocol="tcp" portid="5060"><state state="open" reason="syn-ack" reason_ttl="48"/></port></ports></host>
<host endtime="1733438671"><address addr="199.123.24.131" addrtype="ipv4"/><ports><port protocol="tcp" portid="5060"><state state="open" reason="syn-ack" reason_ttl="229"/></port></ports></host>
<host endtime="1733438674"><address addr="202.46.255.178" addrtype="ipv4"/><ports><port protocol="tcp" portid="5060"><state state="open" reason="syn-ack" reason_ttl="50"/></port></ports></host>
<host endtime="1733438675"><address addr="193.98.229.189" addrtype="ipv4"/><ports><port protocol="tcp" portid="5060"><state state="open" reason="syn-ack" reason_ttl="49"/></port></ports></host>
<host endtime="1733438677"><address addr="202.46.244.60" addrtype="ipv4"/><ports><port protocol="tcp" portid="5060"><state state="open" reason="syn-ack" reason_ttl="51"/></port></ports></host>
<host endtime="1733438681"><address addr="199.123.27.118" addrtype="ipv4"/><ports><port protocol="tcp" portid="5060"><state state="open" reason="syn-ack" reason_ttl="229"/></port></ports></host>
<host endtime="1733438684"><address addr="202.46.4.206" addrtype="ipv4"/><ports><port protocol="tcp" portid="5060"><state state="open" reason="syn-ack" reason_ttl="50"/></port></ports></host>
<host endtime="1733438687"><address addr="202.46.12.104" addrtype="ipv4"/><ports><port protocol="tcp" portid="5060"><state state="open" reason="syn-ack" reason_ttl="51"/></port></ports></host>
<host endtime="1733438687"><address addr="103.224.215.228" addrtype="ipv4"/><ports><port protocol="tcp" portid="5060"><state state="open" reason="syn-ack" reason_ttl="48"/></port></ports></host>
<host endtime="1733438687"><address addr="193.103.200.236" addrtype="ipv4"/><ports><port protocol="tcp" portid="5060"><state state="open" reason="syn-ack" reason_ttl="54"/></port></ports></host>
<host endtime="1733438690"><address addr="202.46.249.103" addrtype="ipv4"/><ports><port protocol="tcp" portid="5060"><state state="open" reason="syn-ack" reason_ttl="51"/></port></ports></host>
<host endtime="1733438692"><address addr="202.46.7.15" addrtype="ipv4"/><ports><port protocol="tcp" portid="5060"><state state="open" reason="syn-ack" reason_ttl="51"/></port></ports></host>
<host endtime="1733438693"><address addr="202.46.12.196" addrtype="ipv4"/><ports><port protocol="tcp" portid="5060"><state state="open" reason="syn-ack" reason_ttl="51"/></port></ports></host>
<host endtime="1733438693"><address addr="103.224.215.148" addrtype="ipv4"/><ports><port protocol="tcp" portid="5060"><state state="open" reason="syn-ack" reason_ttl="48"/></port></ports></host>
<host endtime="1733438694"><address addr="103.177.50.16" addrtype="ipv4"/><ports><port protocol="tcp" portid="5061"><state state="open" reason="syn-ack" reason_ttl="121"/></port></ports></host>
<host endtime="1733438694"><address addr="199.123.26.8" addrtype="ipv4"/><ports><port protocol="tcp" portid="5060"><state state="open" reason="syn-ack" reason_ttl="229"/></port></ports></host>
<host endtime="1733438696"><address addr="202.46.2.230" addrtype="ipv4"/><ports><port protocol="tcp" portid="5060"><state state="open" reason="syn-ack" reason_ttl="50"/></port></ports></host>
<host endtime="1733438702"><address addr="202.46.244.206" addrtype="ipv4"/><ports><port protocol="tcp" portid="5060"><state state="open" reason="syn-ack" reason_ttl="51"/></port></ports></host>
<host endtime="1733438703"><address addr="202.46.253.33" addrtype="ipv4"/><ports><port protocol="tcp" portid="5060"><state state="open" reason="syn-ack" reason_ttl="50"/></port></ports></host>
<host endtime="1733438706"><address addr="202.46.252.210" addrtype="ipv4"/><ports><port protocol="tcp" portid="5060"><state state="open" reason="syn-ack" reason_ttl="51"/></port></ports></host>
<host endtime="1733438710"><address addr="202.46.3.88" addrtype="ipv4"/><ports><port protocol="tcp" portid="5060"><state state="open" reason="syn-ack" reason_ttl="51"/></port></ports></host>
<host endtime="1733438712"><address addr="202.46.247.29" addrtype="ipv4"/><ports><port protocol="tcp" portid="5060"><state state="open" reason="syn-ack" reason_ttl="51"/></port></ports></host>
<host endtime="1733438714"><address addr="202.46.5.99" addrtype="ipv4"/><ports><port protocol="tcp" portid="5060"><state state="open" reason="syn-ack" reason_ttl="51"/></port></ports></host>
<host endtime="1733438716"><address addr="202.46.255.176" addrtype="ipv4"/><ports><port protocol="tcp" portid="5060"><state state="open" reason="syn-ack" reason_ttl="50"/></port></ports></host>
<host endtime="1733438723"><address addr="202.46.251.180" addrtype="ipv4"/><ports><port protocol="tcp" portid="5060"><state state="open" reason="syn-ack" reason_ttl="51"/></port></ports></host>
<host endtime="1733438724"><address addr="202.46.246.199" addrtype="ipv4"/><ports><port protocol="tcp" portid="5060"><state state="open" reason="syn-ack" reason_ttl="51"/></port></ports></host>
<host endtime="1733438725"><address addr="199.123.25.25" addrtype="ipv4"/><ports><port protocol="tcp" portid="5060"><state state="open" reason="syn-ack" reason_ttl="229"/></port></ports></host>
<host endtime="1733438725"><address addr="202.46.244.50" addrtype="ipv4"/><ports><port protocol="tcp" portid="5060"><state state="open" reason="syn-ack" reason_ttl="51"/></port></ports></host>
<host endtime="1733438726"><address addr="199.201.237.200" addrtype="ipv4"/><ports><port protocol="tcp" portid="5060"><state state="open" reason="syn-ack" reason_ttl="47"/></port></ports></host>
<host endtime="1733438735"><address addr="202.46.14.103" addrtype="ipv4"/><ports><port protocol="tcp" portid="5060"><state state="open" reason="syn-ack" reason_ttl="51"/></port></ports></host>
<host endtime="1733438736"><address addr="202.46.2.72" addrtype="ipv4"/><ports><port protocol="tcp" portid="5061"><state state="open" reason="syn-ack" reason_ttl="50"/></port></ports></host>
<host endtime="1733438738"><address addr="202.46.11.116" addrtype="ipv4"/><ports><port protocol="tcp" portid="5060"><state state="open" reason="syn-ack" reason_ttl="51"/></port></ports></host>
<host endtime="1733438738"><address addr="202.46.0.172" addrtype="ipv4"/><ports><port protocol="tcp" portid="5060"><state state="open" reason="syn-ack" reason_ttl="51"/></port></ports></host>
<host endtime="1733438744"><address addr="202.46.245.170" addrtype="ipv4"/><ports><port protocol="tcp" portid="5060"><state state="open" reason="syn-ack" reason_ttl="50"/></port></ports></host>
<host endtime="1733438746"><address addr="202.46.247.120" addrtype="ipv4"/><ports><port protocol="tcp" portid="5060"><state state="open" reason="syn-ack" reason_ttl="50"/></port></ports></host>
<host endtime="1733438747"><address addr="103.224.214.251" addrtype="ipv4"/><ports><port protocol="tcp" portid="5060"><state state="open" reason="syn-ack" reason_ttl="48"/></port></ports></host>
<host endtime="1733438748"><address addr="103.177.50.81" addrtype="ipv4"/><ports><port protocol="tcp" portid="5061"><state state="open" reason="syn-ack" reason_ttl="120"/></port></ports></host>
<host endtime="1733438751"><address addr="202.46.253.128" addrtype="ipv4"/><ports><port protocol="tcp" portid="5060"><state state="open" reason="syn-ack" reason_ttl="51"/></port></ports></host>
<host endtime="1733438752"><address addr="202.46.254.228" addrtype="ipv4"/><ports><port protocol="tcp" portid="5060"><state state="open" reason="syn-ack" reason_ttl="51"/></port></ports></host>
<host endtime="1733438753"><address addr="202.46.12.165" addrtype="ipv4"/><ports><port protocol="tcp" portid="5060"><state state="open" reason="syn-ack" reason_ttl="51"/></port></ports></host>
<host endtime="1733438754"><address addr="103.224.215.79" addrtype="ipv4"/><ports><port protocol="tcp" portid="5060"><state state="open" reason="syn-ack" reason_ttl="48"/></port></ports></host>
<host endtime="1733438756"><address addr="202.46.251.62" addrtype="ipv4"/><ports><port protocol="tcp" portid="5060"><state state="open" reason="syn-ack" reason_ttl="51"/></port></ports></host>
<host endtime="1733438765"><address addr="202.46.12.135" addrtype="ipv4"/><ports><port protocol="tcp" portid="5060"><state state="open" reason="syn-ack" reason_ttl="50"/></port></ports></host>
<host endtime="1733438768"><address addr="199.201.236.46" addrtype="ipv4"/><ports><port protocol="tcp" portid="5060"><state state="open" reason="syn-ack" reason_ttl="47"/></port></ports></host>
<host endtime="1733438768"><address addr="202.46.12.25" addrtype="ipv4"/><ports><port protocol="tcp" portid="5060"><state state="open" reason="syn-ack" reason_ttl="51"/></port></ports></host>
<host endtime="1733438771"><address addr="202.46.249.246" addrtype="ipv4"/><ports><port protocol="tcp" portid="5060"><state state="open" reason="syn-ack" reason_ttl="51"/></port></ports></host>
<host endtime="1733438772"><address addr="199.201.236.21" addrtype="ipv4"/><ports><port protocol="tcp" portid="5060"><state state="open" reason="syn-ack" reason_ttl="47"/></port></ports></host>
<host endtime="1733438774"><address addr="193.103.200.231" addrtype="ipv4"/><ports><port protocol="tcp" portid="5060"><state state="open" reason="syn-ack" reason_ttl="54"/></port></ports></host>
<host endtime="1733438776"><address addr="202.46.2.62" addrtype="ipv4"/><ports><port protocol="tcp" portid="5060"><state state="open" reason="syn-ack" reason_ttl="50"/></port></ports></host>
<host endtime="1733438780"><address addr="202.46.11.21" addrtype="ipv4"/><ports><port protocol="tcp" portid="5060"><state state="open" reason="syn-ack" reason_ttl="51"/></port></ports></host>
<host endtime="1733438780"><address addr="202.46.244.240" addrtype="ipv4"/><ports><port protocol="tcp" portid="5060"><state state="open" reason="syn-ack" reason_ttl="50"/></port></ports></host>
<host endtime="1733438780"><address addr="202.46.242.187" addrtype="ipv4"/><ports><port protocol="tcp" portid="5060"><state state="open" reason="syn-ack" reason_ttl="51"/></port></ports></host>
<host endtime="1733438782"><address addr="202.46.241.54" addrtype="ipv4"/><ports><port protocol="tcp" portid="5060"><state state="open" reason="syn-ack" reason_ttl="51"/></port></ports></host>
<host endtime="1733438783"><address addr="103.224.214.55" addrtype="ipv4"/><ports><port protocol="tcp" portid="5060"><state state="open" reason="syn-ack" reason_ttl="48"/></port></ports></host>
<host endtime="1733438785"><address addr="202.46.12.243" addrtype="ipv4"/><ports><port protocol="tcp" portid="5060"><state state="open" reason="syn-ack" reason_ttl="50"/></port></ports></host>
<host endtime="1733438792"><address addr="199.123.26.138" addrtype="ipv4"/><ports><port protocol="tcp" portid="5060"><state state="open" reason="syn-ack" reason_ttl="229"/></port></ports></host>
<host endtime="1733438794"><address addr="199.123.24.86" addrtype="ipv4"/><ports><port protocol="tcp" portid="5060"><state state="open" reason="syn-ack" reason_ttl="229"/></port></ports></host>
<host endtime="1733438797"><address addr="103.224.214.32" addrtype="ipv4"/><ports><port protocol="tcp" portid="5060"><state state="open" reason="syn-ack" reason_ttl="48"/></port></ports></host>
<host endtime="1733438798"><address addr="202.46.0.248" addrtype="ipv4"/><ports><port protocol="tcp" portid="5060"><state state="open" reason="syn-ack" reason_ttl="51"/></port></ports></host>
<host endtime="1733438803"><address addr="202.46.249.140" addrtype="ipv4"/><ports><port protocol="tcp" portid="5060"><state state="open" reason="syn-ack" reason_ttl="51"/></port></ports></host>
<host endtime="1733438806"><address addr="193.98.229.171" addrtype="ipv4"/><ports><port protocol="tcp" portid="5061"><state state="open" reason="syn-ack" reason_ttl="49"/></port></ports></host>
<host endtime="1733438807"><address addr="202.46.251.134" addrtype="ipv4"/><ports><port protocol="tcp" portid="5060"><state state="open" reason="syn-ack" reason_ttl="50"/></port></ports></host>
<host endtime="1733438810"><address addr="202.46.249.142" addrtype="ipv4"/><ports><port protocol="tcp" portid="5060"><state state="open" reason="syn-ack" reason_ttl="51"/></port></ports></host>
<host endtime="1733438810"><address addr="202.46.7.57" addrtype="ipv4"/><ports><port protocol="tcp" portid="5061"><state state="open" reason="syn-ack" reason_ttl="49"/></port></ports></host>
<host endtime="1733438814"><address addr="202.46.248.191" addrtype="ipv4"/><ports><port protocol="tcp" portid="5060"><state state="open" reason="syn-ack" reason_ttl="50"/></port></ports></host>
<host endtime="1733438816"><address addr="199.123.24.156" addrtype="ipv4"/><ports><port protocol="tcp" portid="5060"><state state="open" reason="syn-ack" reason_ttl="229"/></port></ports></host>
<host endtime="1733438816"><address addr="202.46.8.182" addrtype="ipv4"/><ports><port protocol="tcp" portid="5060"><state state="open" reason="syn-ack" reason_ttl="51"/></port></ports></host>
<host endtime="1733438816"><address addr="202.46.249.33" addrtype="ipv4"/><ports><port protocol="tcp" portid="5060"><state state="open" reason="syn-ack" reason_ttl="51"/></port></ports></host>
<host endtime="1733438818"><address addr="202.46.6.118" addrtype="ipv4"/><ports><port protocol="tcp" portid="5060"><state state="open" reason="syn-ack" reason_ttl="50"/></port></ports></host>
<host endtime="1733438820"><address addr="193.98.229.41" addrtype="ipv4"/><ports><port protocol="tcp" portid="5060"><state state="open" reason="syn-ack" reason_ttl="44"/></port></ports></host>
<host endtime="1733438821"><address addr="202.46.241.31" addrtype="ipv4"/><ports><port protocol="tcp" portid="5060"><state state="open" reason="syn-ack" reason_ttl="50"/></port></ports></host>
<host endtime="1733438823"><address addr="202.46.12.130" addrtype="ipv4"/><ports><port protocol="tcp" portid="5060"><state state="open" reason="syn-ack" reason_ttl="50"/></port></ports></host>
<host endtime="1733438825"><address addr="202.46.7.63" addrtype="ipv4"/><ports><port protocol="tcp" portid="5060"><state state="open" reason="syn-ack" reason_ttl="51"/></port></ports></host>
<host endtime="1733438825"><address addr="202.46.254.55" addrtype="ipv4"/><ports><port protocol="tcp" portid="5060"><state state="open" reason="syn-ack" reason_ttl="50"/></port></ports></host>
<host endtime="1733438825"><address addr="103.224.215.146" addrtype="ipv4"/><ports><port protocol="tcp" portid="5060"><state state="open" reason="syn-ack" reason_ttl="48"/></port></ports></host>
<host endtime="1733438832"><address addr="199.201.236.179" addrtype="ipv4"/><ports><port protocol="tcp" portid="5060"><state state="open" reason="syn-ack" reason_ttl="47"/></port></ports></host>
<host endtime="1733438834"><address addr="199.201.237.102" addrtype="ipv4"/><ports><port protocol="tcp" portid="5060"><state state="open" reason="syn-ack" reason_ttl="47"/></port></ports></host>
<host endtime="1733438839"><address addr="199.201.237.174" addrtype="ipv4"/><ports><port protocol="tcp" portid="5060"><state state="open" reason="syn-ack" reason_ttl="47"/></port></ports></host>
<host endtime="1733438840"><address addr="202.46.255.247" addrtype="ipv4"/><ports><port protocol="tcp" portid="5060"><state state="open" reason="syn-ack" reason_ttl="50"/></port></ports></host>
<host endtime="1733438845"><address addr="202.46.251.201" addrtype="ipv4"/><ports><port protocol="tcp" portid="5060"><state state="open" reason="syn-ack" reason_ttl="51"/></port></ports></host>
<host endtime="1733438845"><address addr="202.46.1.175" addrtype="ipv4"/><ports><port protocol="tcp" portid="5060"><state state="open" reason="syn-ack" reason_ttl="51"/></port></ports></host>
<host endtime="1733438850"><address addr="202.46.245.226" addrtype="ipv4"/><ports><port protocol="tcp" portid="5060"><state state="open" reason="syn-ack" reason_ttl="50"/></port></ports></host>
<host endtime="1733438852"><address addr="199.201.237.115" addrtype="ipv4"/><ports><port protocol="tcp" portid="5060"><state state="open" reason="syn-ack" reason_ttl="47"/></port></ports></host>
<host endtime="1733438855"><address addr="202.46.254.26" addrtype="ipv4"/><ports><port protocol="tcp" portid="5060"><state state="open" reason="syn-ack" reason_ttl="51"/></port></ports></host>
<host endtime="1733438856"><address addr="202.46.240.150" addrtype="ipv4"/><ports><port protocol="tcp" portid="5060"><state state="open" reason="syn-ack" reason_ttl="51"/></port></ports></host>
<host endtime="1733438859"><address addr="103.110.61.94" addrtype="ipv4"/><ports><port protocol="tcp" portid="5060"><state state="open" reason="syn-ack" reason_ttl="241"/></port></ports></host>
<host endtime="1733438860"><address addr="202.46.255.118" addrtype="ipv4"/><ports><port protocol="tcp" portid="5060"><state state="open" reason="syn-ack" reason_ttl="51"/></port></ports></host>
<host endtime="1733438863"><address addr="196.50.21.4" addrtype="ipv4"/><ports><port protocol="tcp" portid="5061"><state state="open" reason="syn-ack" reason_ttl="47"/></port></ports></host>
<host endtime="1733438863"><address addr="202.46.251.93" addrtype="ipv4"/><ports><port protocol="tcp" portid="5060"><state state="open" reason="syn-ack" reason_ttl="51"/></port></ports></host>
<host endtime="1733438864"><address addr="202.46.1.80" addrtype="ipv4"/><ports><port protocol="tcp" portid="5060"><state state="open" reason="syn-ack" reason_ttl="50"/></port></ports></host>
<host endtime="1733438864"><address addr="202.46.15.81" addrtype="ipv4"/><ports><port protocol="tcp" portid="5060"><state state="open" reason="syn-ack" reason_ttl="51"/></port></ports></host>
<host endtime="1733438866"><address addr="202.46.241.193" addrtype="ipv4"/><ports><port protocol="tcp" portid="5060"><state state="open" reason="syn-ack" reason_ttl="50"/></port></ports></host>
<host endtime="1733438867"><address addr="202.46.6.107" addrtype="ipv4"/><ports><port protocol="tcp" portid="5060"><state state="open" reason="syn-ack" reason_ttl="51"/></port></ports></host>
<host endtime="1733438867"><address addr="202.46.15.244" addrtype="ipv4"/><ports><port protocol="tcp" portid="5060"><state state="open" reason="syn-ack" reason_ttl="51"/></port></ports></host>
<host endtime="1733438868"><address addr="199.123.25.94" addrtype="ipv4"/><ports><port protocol="tcp" portid="5060"><state state="open" reason="syn-ack" reason_ttl="229"/></port></ports></host>
<host endtime="1733438875"><address addr="199.201.236.68" addrtype="ipv4"/><ports><port protocol="tcp" portid="5060"><state state="open" reason="syn-ack" reason_ttl="47"/></port></ports></host>
<host endtime="1733438877"><address addr="193.98.229.233" addrtype="ipv4"/><ports><port protocol="tcp" portid="5061"><state state="open" reason="syn-ack" reason_ttl="47"/></port></ports></host>
<host endtime="1733438877"><address addr="202.46.242.223" addrtype="ipv4"/><ports><port protocol="tcp" portid="5060"><state state="open" reason="syn-ack" reason_ttl="51"/></port></ports></host>
<host endtime="1733438882"><address addr="202.46.1.25" addrtype="ipv4"/><ports><port protocol="tcp" portid="5060"><state state="open" reason="syn-ack" reason_ttl="51"/></port></ports></host>
<host endtime="1733438883"><address addr="202.46.5.238" addrtype="ipv4"/><ports><port protocol="tcp" portid="5060"><state state="open" reason="syn-ack" reason_ttl="51"/></port></ports></host>
<host endtime="1733438884"><address addr="202.46.12.92" addrtype="ipv4"/><ports><port protocol="tcp" portid="5060"><state state="open" reason="syn-ack" reason_ttl="51"/></port></ports></host>
<host endtime="1733438885"><address addr="202.46.243.16" addrtype="ipv4"/><ports><port protocol="tcp" portid="5060"><state state="open" reason="syn-ack" reason_ttl="51"/></port></ports></host>
<host endtime="1733438890"><address addr="202.46.11.247" addrtype="ipv4"/><ports><port protocol="tcp" portid="5060"><state state="open" reason="syn-ack" reason_ttl="51"/></port></ports></host>
<host endtime="1733438898"><address addr="202.46.10.154" addrtype="ipv4"/><ports><port protocol="tcp" portid="5060"><state state="open" reason="syn-ack" reason_ttl="51"/></port></ports></host>
<host endtime="1733438900"><address addr="202.46.3.100" addrtype="ipv4"/><ports><port protocol="tcp" portid="5061"><state state="open" reason="syn-ack" reason_ttl="50"/></port></ports></host>
<host endtime="1733438901"><address addr="202.46.3.112" addrtype="ipv4"/><ports><port protocol="tcp" portid="5060"><state state="open" reason="syn-ack" reason_ttl="51"/></port></ports></host>
<host endtime="1733438903"><address addr="202.46.251.176" addrtype="ipv4"/><ports><port protocol="tcp" portid="5060"><state state="open" reason="syn-ack" reason_ttl="51"/></port></ports></host>
<host endtime="1733438905"><address addr="202.46.246.3" addrtype="ipv4"/><ports><port protocol="tcp" portid="5060"><state state="open" reason="syn-ack" reason_ttl="50"/></port></ports></host>
<host endtime="1733438905"><address addr="103.83.19.232" addrtype="ipv4"/><ports><port protocol="tcp" portid="5060"><state state="open" reason="syn-ack" reason_ttl="48"/></port></ports></host>
<host endtime="1733438909"><address addr="103.224.215.213" addrtype="ipv4"/><ports><port protocol="tcp" portid="5060"><state state="open" reason="syn-ack" reason_ttl="48"/></port></ports></host>
<host endtime="1733438911"><address addr="202.46.249.83" addrtype="ipv4"/><ports><port protocol="tcp" portid="5060"><state state="open" reason="syn-ack" reason_ttl="51"/></port></ports></host>
<host endtime="1733438919"><address addr="193.103.200.213" addrtype="ipv4"/><ports><port protocol="tcp" portid="5060"><state state="open" reason="syn-ack" reason_ttl="54"/></port></ports></host>
<host endtime="1733438919"><address addr="202.46.254.79" addrtype="ipv4"/><ports><port protocol="tcp" portid="5060"><state state="open" reason="syn-ack" reason_ttl="50"/></port></ports></host>
<host endtime="1733438928"><address addr="202.46.3.116" addrtype="ipv4"/><ports><port protocol="tcp" portid="5061"><state state="open" reason="syn-ack" reason_ttl="49"/></port></ports></host>
<host endtime="1733438928"><address addr="202.46.6.109" addrtype="ipv4"/><ports><port protocol="tcp" portid="5060"><state state="open" reason="syn-ack" reason_ttl="50"/></port></ports></host>
<host endtime="1733438929"><address addr="202.46.241.234" addrtype="ipv4"/><ports><port protocol="tcp" portid="5060"><state state="open" reason="syn-ack" reason_ttl="51"/></port></ports></host>
<host endtime="1733438930"><address addr="202.46.12.2" addrtype="ipv4"/><ports><port protocol="tcp" portid="5060"><state state="open" reason="syn-ack" reason_ttl="50"/></port></ports></host>
<host endtime="1733438931"><address addr="103.83.18.247" addrtype="ipv4"/><ports><port protocol="tcp" portid="5060"><state state="open" reason="syn-ack" reason_ttl="48"/></port></ports></host>
<host endtime="1733438936"><address addr="202.46.242.61" addrtype="ipv4"/><ports><port protocol="tcp" portid="5060"><state state="open" reason="syn-ack" reason_ttl="51"/></port></ports></host>
<host endtime="1733438939"><address addr="202.46.7.32" addrtype="ipv4"/><ports><port protocol="tcp" portid="5060"><state state="open" reason="syn-ack" reason_ttl="50"/></port></ports></host>
<host endtime="1733438940"><address addr="202.46.250.134" addrtype="ipv4"/><ports><port protocol="tcp" portid="5060"><state state="open" reason="syn-ack" reason_ttl="51"/></port></ports></host>
<host endtime="1733438947"><address addr="202.46.240.127" addrtype="ipv4"/><ports><port protocol="tcp" portid="5060"><state state="open" reason="syn-ack" reason_ttl="51"/></port></ports></host>
<host endtime="1733438948"><address addr="202.46.6.114" addrtype="ipv4"/><ports><port protocol="tcp" portid="5060"><state state="open" reason="syn-ack" reason_ttl="51"/></port></ports></host>
<host endtime="1733438948"><address addr="202.46.5.69" addrtype="ipv4"/><ports><port protocol="tcp" portid="5060"><state state="open" reason="syn-ack" reason_ttl="51"/></port></ports></host>
<host endtime="1733438950"><address addr="202.46.15.63" addrtype="ipv4"/><ports><port protocol="tcp" portid="5060"><state state="open" reason="syn-ack" reason_ttl="50"/></port></ports></host>
<host endtime="1733438954"><address addr="202.46.244.139" addrtype="ipv4"/><ports><port protocol="tcp" portid="5060"><state state="open" reason="syn-ack" reason_ttl="51"/></port></ports></host>
<host endtime="1733438954"><address addr="202.46.8.190" addrtype="ipv4"/><ports><port protocol="tcp" portid="5060"><state state="open" reason="syn-ack" reason_ttl="50"/></port></ports></host>
<host endtime="1733438954"><address addr="202.46.241.63" addrtype="ipv4"/><ports><port protocol="tcp" portid="5060"><state state="open" reason="syn-ack" reason_ttl="51"/></port></ports></host>
<host endtime="1733438955"><address addr="202.46.10.213" addrtype="ipv4"/><ports><port protocol="tcp" portid="5060"><state state="open" reason="syn-ack" reason_ttl="51"/></port></ports></host>
<host endtime="1733438960"><address addr="202.46.247.147" addrtype="ipv4"/><ports><port protocol="tcp" portid="5060"><state state="open" reason="syn-ack" reason_ttl="51"/></port></ports></host>
<host endtime="1733438960"><address addr="202.46.248.64" addrtype="ipv4"/><ports><port protocol="tcp" portid="5060"><state state="open" reason="syn-ack" reason_ttl="51"/></port></ports></host>
<host endtime="1733438961"><address addr="202.46.9.135" addrtype="ipv4"/><ports><port protocol="tcp" portid="5060"><state state="open" reason="syn-ack" reason_ttl="50"/></port></ports></host>
<host endtime="1733438966"><address addr="202.46.251.216" addrtype="ipv4"/><ports><port protocol="tcp" portid="5060"><state state="open" reason="syn-ack" reason_ttl="50"/></port></ports></host>
<host endtime="1733438968"><address addr="193.103.200.59" addrtype="ipv4"/><ports><port protocol="tcp" portid="5060"><state state="open" reason="syn-ack" reason_ttl="54"/></port></ports></host>
<host endtime="1733438972"><address addr="199.123.24.55" addrtype="ipv4"/><ports><port protocol="tcp" portid="5060"><state state="open" reason="syn-ack" reason_ttl="229"/></port></ports></host>
<host endtime="1733438975"><address addr="196.195.253.114" addrtype="ipv4"/><ports><port protocol="tcp" portid="5060"><state state="open" reason="syn-ack" reason_ttl="53"/></port></ports></host>
<host endtime="1733438975"><address addr="202.46.14.150" addrtype="ipv4"/><ports><port protocol="tcp" portid="5060"><state state="open" reason="syn-ack" reason_ttl="51"/></port></ports></host>
<host endtime="1733438977"><address addr="202.46.254.42" addrtype="ipv4"/><ports><port protocol="tcp" portid="5060"><state state="open" reason="syn-ack" reason_ttl="51"/></port></ports></host>
<host endtime="1733438978"><address addr="103.224.215.157" addrtype="ipv4"/><ports><port protocol="tcp" portid="5060"><state state="open" reason="syn-ack" reason_ttl="48"/></port></ports></host>
<host endtime="1733438980"><address addr="202.46.243.42" addrtype="ipv4"/><ports><port protocol="tcp" portid="5060"><state state="open" reason="syn-ack" reason_ttl="51"/></port></ports></host>
<host endtime="1733438983"><address addr="202.46.251.163" addrtype="ipv4"/><ports><port protocol="tcp" portid="5060"><state state="open" reason="syn-ack" reason_ttl="51"/></port></ports></host>
<host endtime="1733438984"><address addr="193.98.229.37" addrtype="ipv4"/><ports><port protocol="tcp" portid="5060"><state state="open" reason="syn-ack" reason_ttl="44"/></port></ports></host>
<host endtime="1733438987"><address addr="202.46.7.20" addrtype="ipv4"/><ports><port protocol="tcp" portid="5060"><state state="open" reason="syn-ack" reason_ttl="51"/></port></ports></host>
<host endtime="1733438987"><address addr="202.46.9.239" addrtype="ipv4"/><ports><port protocol="tcp" portid="5060"><state state="open" reason="syn-ack" reason_ttl="51"/></port></ports></host>
<host endtime="1733438987"><address addr="202.46.10.84" addrtype="ipv4"/><ports><port protocol="tcp" portid="5060"><state state="open" reason="syn-ack" reason_ttl="50"/></port></ports></host>
<host endtime="1733438988"><address addr="202.46.6.161" addrtype="ipv4"/><ports><port protocol="tcp" portid="5060"><state state="open" reason="syn-ack" reason_ttl="51"/></port></ports></host>
<host endtime="1733438990"><address addr="199.201.236.108" addrtype="ipv4"/><ports><port protocol="tcp" portid="5060"><state state="open" reason="syn-ack" reason_ttl="47"/></port></ports></host>
<host endtime="1733438990"><address addr="202.46.15.180" addrtype="ipv4"/><ports><port protocol="tcp" portid="5060"><state state="open" reason="syn-ack" reason_ttl="51"/></port></ports></host>
<host endtime="1733438992"><address addr="202.46.245.93" addrtype="ipv4"/><ports><port protocol="tcp" portid="5060"><state state="open" reason="syn-ack" reason_ttl="51"/></port></ports></host>
<host endtime="1733438997"><address addr="202.46.13.10" addrtype="ipv4"/><ports><port protocol="tcp" portid="5060"><state state="open" reason="syn-ack" reason_ttl="51"/></port></ports></host>
<host endtime="1733438998"><address addr="199.123.27.49" addrtype="ipv4"/><ports><port protocol="tcp" portid="5060"><state state="open" reason="syn-ack" reason_ttl="229"/></port></ports></host>
<host endtime="1733438998"><address addr="202.46.7.194" addrtype="ipv4"/><ports><port protocol="tcp" portid="5060"><state state="open" reason="syn-ack" reason_ttl="51"/></port></ports></host>
<host endtime="1733438999"><address addr="199.123.26.17" addrtype="ipv4"/><ports><port protocol="tcp" portid="5060"><state state="open" reason="syn-ack" reason_ttl="229"/></port></ports></host>
<host endtime="1733439011"><address addr="202.46.3.231" addrtype="ipv4"/><ports><port protocol="tcp" portid="5060"><state state="open" reason="syn-ack" reason_ttl="50"/></port></ports></host>
<host endtime="1733439015"><address addr="202.46.2.180" addrtype="ipv4"/><ports><port protocol="tcp" portid="5060"><state state="open" reason="syn-ack" reason_ttl="51"/></port></ports></host>
<host endtime="1733439016"><address addr="202.46.3.255" addrtype="ipv4"/><ports><port protocol="tcp" portid="5060"><state state="open" reason="syn-ack" reason_ttl="51"/></port></ports></host>
<host endtime="1733439016"><address addr="202.46.7.214" addrtype="ipv4"/><ports><port protocol="tcp" portid="5060"><state state="open" reason="syn-ack" reason_ttl="51"/></port></ports></host>
<host endtime="1733439017"><address addr="202.46.251.46" addrtype="ipv4"/><ports><port protocol="tcp" portid="5060"><state state="open" reason="syn-ack" reason_ttl="51"/></port></ports></host>
<host endtime="1733439017"><address addr="202.46.1.149" addrtype="ipv4"/><ports><port protocol="tcp" portid="5061"><state state="open" reason="syn-ack" reason_ttl="49"/></port></ports></host>
<host endtime="1733439022"><address addr="103.83.19.100" addrtype="ipv4"/><ports><port protocol="tcp" portid="5060"><state state="open" reason="syn-ack" reason_ttl="48"/></port></ports></host>
<host endtime="1733439022"><address addr="202.46.244.117" addrtype="ipv4"/><ports><port protocol="tcp" portid="5060"><state state="open" reason="syn-ack" reason_ttl="51"/></port></ports></host>
<host endtime="1733439022"><address addr="103.224.214.187" addrtype="ipv4"/><ports><port protocol="tcp" portid="5060"><state state="open" reason="syn-ack" reason_ttl="48"/></port></ports></host>
<host endtime="1733439022"><address addr="103.224.215.85" addrtype="ipv4"/><ports><port protocol="tcp" portid="5060"><state state="open" reason="syn-ack" reason_ttl="48"/></port></ports></host>
<host endtime="1733439026"><address addr="199.123.24.227" addrtype="ipv4"/><ports><port protocol="tcp" portid="5060"><state state="open" reason="syn-ack" reason_ttl="229"/></port></ports></host>
<host endtime="1733439028"><address addr="199.123.24.58" addrtype="ipv4"/><ports><port protocol="tcp" portid="5060"><state state="open" reason="syn-ack" reason_ttl="229"/></port></ports></host>
<host endtime="1733439031"><address addr="193.98.119.94" addrtype="ipv4"/><ports><port protocol="tcp" portid="5060"><state state="open" reason="syn-ack" reason_ttl="49"/></port></ports></host>
<host endtime="1733439031"><address addr="202.46.242.141" addrtype="ipv4"/><ports><port protocol="tcp" portid="5060"><state state="open" reason="syn-ack" reason_ttl="51"/></port></ports></host>
<host endtime="1733439032"><address addr="202.46.2.56" addrtype="ipv4"/><ports><port protocol="tcp" portid="5060"><state state="open" reason="syn-ack" reason_ttl="51"/></port></ports></host>
<host endtime="1733439034"><address addr="202.46.249.223" addrtype="ipv4"/><ports><port protocol="tcp" portid="5060"><state state="open" reason="syn-ack" reason_ttl="51"/></port></ports></host>
<host endtime="1733439036"><address addr="202.46.245.45" addrtype="ipv4"/><ports><port protocol="tcp" portid="5060"><state state="open" reason="syn-ack" reason_ttl="51"/></port></ports></host>
<host endtime="1733439036"><address addr="193.103.200.118" addrtype="ipv4"/><ports><port protocol="tcp" portid="5060"><state state="open" reason="syn-ack" reason_ttl="54"/></port></ports></host>
<host endtime="1733439038"><address addr="202.46.244.207" addrtype="ipv4"/><ports><port protocol="tcp" portid="5060"><state state="open" reason="syn-ack" reason_ttl="50"/></port></ports></host>
<host endtime="1733439038"><address addr="202.46.3.183" addrtype="ipv4"/><ports><port protocol="tcp" portid="5060"><state state="open" reason="syn-ack" reason_ttl="51"/></port></ports></host>
<host endtime="1733439039"><address addr="202.46.6.5" addrtype="ipv4"/><ports><port protocol="tcp" portid="5060"><state state="open" reason="syn-ack" reason_ttl="50"/></port></ports></host>
<host endtime="1733439039"><address addr="202.46.6.188" addrtype="ipv4"/><ports><port protocol="tcp" portid="5060"><state state="open" reason="syn-ack" reason_ttl="50"/></port></ports></host>
<host endtime="1733439041"><address addr="202.46.249.125" addrtype="ipv4"/><ports><port protocol="tcp" portid="5060"><state state="open" reason="syn-ack" reason_ttl="51"/></port></ports></host>
<host endtime="1733439047"><address addr="202.46.1.188" addrtype="ipv4"/><ports><port protocol="tcp" portid="5060"><state state="open" reason="syn-ack" reason_ttl="50"/></port></ports></host>
<host endtime="1733439047"><address addr="202.46.248.133" addrtype="ipv4"/><ports><port protocol="tcp" portid="5060"><state state="open" reason="syn-ack" reason_ttl="51"/></port></ports></host>
<host endtime="1733439053"><address addr="202.46.11.200" addrtype="ipv4"/><ports><port protocol="tcp" portid="5060"><state state="open" reason="syn-ack" reason_ttl="51"/></port></ports></host>
<host endtime="1733439053"><address addr="202.46.253.129" addrtype="ipv4"/><ports><port protocol="tcp" portid="5060"><state state="open" reason="syn-ack" reason_ttl="50"/></port></ports></host>
<host endtime="1733439055"><address addr="202.46.13.137" addrtype="ipv4"/><ports><port protocol="tcp" portid="5060"><state state="open" reason="syn-ack" reason_ttl="50"/></port></ports></host>
<host endtime="1733439058"><address addr="202.46.244.83" addrtype="ipv4"/><ports><port protocol="tcp" portid="5060"><state state="open" reason="syn-ack" reason_ttl="51"/></port></ports></host>
<host endtime="1733439060"><address addr="199.201.237.214" addrtype="ipv4"/><ports><port protocol="tcp" portid="5060"><state state="open" reason="syn-ack" reason_ttl="47"/></port></ports></host>
<host endtime="1733439062"><address addr="199.201.236.41" addrtype="ipv4"/><ports><port protocol="tcp" portid="5060"><state state="open" reason="syn-ack" reason_ttl="47"/></port></ports></host>
<host endtime="1733439064"><address addr="202.46.253.108" addrtype="ipv4"/><ports><port protocol="tcp" portid="5060"><state state="open" reason="syn-ack" reason_ttl="50"/></port></ports></host>
<host endtime="1733439066"><address addr="202.46.0.115" addrtype="ipv4"/><ports><port protocol="tcp" portid="5060"><state state="open" reason="syn-ack" reason_ttl="51"/></port></ports></host>
<host endtime="1733439067"><address addr="202.46.3.46" addrtype="ipv4"/><ports><port protocol="tcp" portid="5060"><state state="open" reason="syn-ack" reason_ttl="51"/></port></ports></host>
<host endtime="1733439073"><address addr="202.46.240.250" addrtype="ipv4"/><ports><port protocol="tcp" portid="5060"><state state="open" reason="syn-ack" reason_ttl="51"/></port></ports></host>
<host endtime="1733439079"><address addr="202.46.251.32" addrtype="ipv4"/><ports><port protocol="tcp" portid="5060"><state state="open" reason="syn-ack" reason_ttl="51"/></port></ports></host>
<host endtime="1733439080"><address addr="202.46.12.4" addrtype="ipv4"/><ports><port protocol="tcp" portid="5060"><state state="open" reason="syn-ack" reason_ttl="50"/></port></ports></host>
<host endtime="1733439080"><address addr="202.46.2.0" addrtype="ipv4"/><ports><port protocol="tcp" portid="5060"><state state="open" reason="syn-ack" reason_ttl="51"/></port></ports></host>
<host endtime="1733439083"><address addr="202.46.12.77" addrtype="ipv4"/><ports><port protocol="tcp" portid="5060"><state state="open" reason="syn-ack" reason_ttl="51"/></port></ports></host>
<host endtime="1733439095"><address addr="202.46.15.95" addrtype="ipv4"/><ports><port protocol="tcp" portid="5060"><state state="open" reason="syn-ack" reason_ttl="51"/></port></ports></host>
<host endtime="1733439097"><address addr="103.224.215.74" addrtype="ipv4"/><ports><port protocol="tcp" portid="5060"><state state="open" reason="syn-ack" reason_ttl="48"/></port></ports></host>
<host endtime="1733439099"><address addr="202.46.242.210" addrtype="ipv4"/><ports><port protocol="tcp" portid="5060"><state state="open" reason="syn-ack" reason_ttl="51"/></port></ports></host>
<host endtime="1733439101"><address addr="202.46.251.125" addrtype="ipv4"/><ports><port protocol="tcp" portid="5060"><state state="open" reason="syn-ack" reason_ttl="51"/></port></ports></host>
<host endtime="1733439104"><address addr="202.46.241.247" addrtype="ipv4"/><ports><port protocol="tcp" portid="5060"><state state="open" reason="syn-ack" reason_ttl="51"/></port></ports></host>
<host endtime="1733439105"><address addr="202.46.14.137" addrtype="ipv4"/><ports><port protocol="tcp" portid="5060"><state state="open" reason="syn-ack" reason_ttl="50"/></port></ports></host>
<host endtime="1733439110"><address addr="202.46.12.229" addrtype="ipv4"/><ports><port protocol="tcp" portid="5060"><state state="open" reason="syn-ack" reason_ttl="51"/></port></ports></host>
<host endtime="1733439111"><address addr="202.46.3.82" addrtype="ipv4"/><ports><port protocol="tcp" portid="5060"><state state="open" reason="syn-ack" reason_ttl="51"/></port></ports></host>
<host endtime="1733439111"><address addr="193.98.229.44" addrtype="ipv4"/><ports><port protocol="tcp" portid="5061"><state state="open" reason="syn-ack" reason_ttl="47"/></port></ports></host>
<host endtime="1733439113"><address addr="202.46.243.63" addrtype="ipv4"/><ports><port protocol="tcp" portid="5060"><state state="open" reason="syn-ack" reason_ttl="51"/></port></ports></host>
<host endtime="1733439113"><address addr="202.46.240.56" addrtype="ipv4"/><ports><port protocol="tcp" portid="5060"><state state="open" reason="syn-ack" reason_ttl="51"/></port></ports></host>
<host endtime="1733439115"><address addr="202.46.248.8" addrtype="ipv4"/><ports><port protocol="tcp" portid="5060"><state state="open" reason="syn-ack" reason_ttl="51"/></port></ports></host>
<host endtime="1733439120"><address addr="193.98.229.33" addrtype="ipv4"/><ports><port protocol="tcp" portid="5060"><state state="open" reason="syn-ack" reason_ttl="47"/></port></ports></host>
<host endtime="1733439122"><address addr="202.46.249.55" addrtype="ipv4"/><ports><port protocol="tcp" portid="5060"><state state="open" reason="syn-ack" reason_ttl="51"/></port></ports></host>
<host endtime="1733439125"><address addr="202.46.253.30" addrtype="ipv4"/><ports><port protocol="tcp" portid="5060"><state state="open" reason="syn-ack" reason_ttl="50"/></port></ports></host>
<host endtime="1733439125"><address addr="193.98.119.92" addrtype="ipv4"/><ports><port protocol="tcp" portid="5060"><state state="open" reason="syn-ack" reason_ttl="48"/></port></ports></host>
<host endtime="1733439126"><address addr="202.46.0.69" addrtype="ipv4"/><ports><port protocol="tcp" portid="5060"><state state="open" reason="syn-ack" reason_ttl="51"/></port></ports></host>
<host endtime="1733439128"><address addr="103.83.19.162" addrtype="ipv4"/><ports><port protocol="tcp" portid="5060"><state state="open" reason="syn-ack" reason_ttl="48"/></port></ports></host>
<host endtime="1733439129"><address addr="202.46.9.249" addrtype="ipv4"/><ports><port protocol="tcp" portid="5060"><state state="open" reason="syn-ack" reason_ttl="51"/></port></ports></host>
<host endtime="1733439131"><address addr="202.46.244.9" addrtype="ipv4"/><ports><port protocol="tcp" portid="5060"><state state="open" reason="syn-ack" reason_ttl="51"/></port></ports></host>
<host endtime="1733439131"><address addr="202.46.245.121" addrtype="ipv4"/><ports><port protocol="tcp" portid="5060"><state state="open" reason="syn-ack" reason_ttl="51"/></port></ports></host>
<host endtime="1733439133"><address addr="202.46.246.6" addrtype="ipv4"/><ports><port protocol="tcp" portid="5060"><state state="open" reason="syn-ack" reason_ttl="50"/></port></ports></host>
<host endtime="1733439135"><address addr="193.98.229.199" addrtype="ipv4"/><ports><port protocol="tcp" portid="5061"><state state="open" reason="syn-ack" reason_ttl="48"/></port></ports></host>
<host endtime="1733439139"><address addr="202.46.253.139" addrtype="ipv4"/><ports><port protocol="tcp" portid="5060"><state state="open" reason="syn-ack" reason_ttl="51"/></port></ports></host>
<host endtime="1733439147"><address addr="202.46.1.27" addrtype="ipv4"/><ports><port protocol="tcp" portid="5060"><state state="open" reason="syn-ack" reason_ttl="51"/></port></ports></host>
<host endtime="1733439152"><address addr="103.224.214.92" addrtype="ipv4"/><ports><port protocol="tcp" portid="5060"><state state="open" reason="syn-ack" reason_ttl="48"/></port></ports></host>
<host endtime="1733439154"><address addr="202.46.242.20" addrtype="ipv4"/><ports><port protocol="tcp" portid="5060"><state state="open" reason="syn-ack" reason_ttl="51"/></port></ports></host>
<host endtime="1733439154"><address addr="202.46.11.235" addrtype="ipv4"/><ports><port protocol="tcp" portid="5060"><state state="open" reason="syn-ack" reason_ttl="50"/></port></ports></host>
<host endtime="1733439154"><address addr="202.46.1.144" addrtype="ipv4"/><ports><port protocol="tcp" portid="5061"><state state="open" reason="syn-ack" reason_ttl="49"/></port></ports></host>
<host endtime="1733439156"><address addr="199.123.27.123" addrtype="ipv4"/><ports><port protocol="tcp" portid="5060"><state state="open" reason="syn-ack" reason_ttl="229"/></port></ports></host>
<host endtime="1733439158"><address addr="103.224.214.186" addrtype="ipv4"/><ports><port protocol="tcp" portid="5060"><state state="open" reason="syn-ack" reason_ttl="48"/></port></ports></host>
<host endtime="1733439158"><address addr="202.46.247.14" addrtype="ipv4"/><ports><port protocol="tcp" portid="5060"><state state="open" reason="syn-ack" reason_ttl="51"/></port></ports></host>
<host endtime="1733439160"><address addr="202.46.9.84" addrtype="ipv4"/><ports><port protocol="tcp" portid="5060"><state state="open" reason="syn-ack" reason_ttl="50"/></port></ports></host>
<host endtime="1733439161"><address addr="202.46.15.251" addrtype="ipv4"/><ports><port protocol="tcp" portid="5060"><state state="open" reason="syn-ack" reason_ttl="51"/></port></ports></host>
<host endtime="1733439162"><address addr="199.123.26.98" addrtype="ipv4"/><ports><port protocol="tcp" portid="5060"><state state="open" reason="syn-ack" reason_ttl="229"/></port></ports></host>
<host endtime="1733439163"><address addr="202.46.11.156" addrtype="ipv4"/><ports><port protocol="tcp" portid="5060"><state state="open" reason="syn-ack" reason_ttl="50"/></port></ports></host>
<host endtime="1733439163"><address addr="202.46.252.195" addrtype="ipv4"/><ports><port protocol="tcp" portid="5060"><state state="open" reason="syn-ack" reason_ttl="51"/></port></ports></host>
<host endtime="1733439164"><address addr="202.46.254.101" addrtype="ipv4"/><ports><port protocol="tcp" portid="5060"><state state="open" reason="syn-ack" reason_ttl="51"/></port></ports></host>
<host endtime="1733439169"><address addr="199.123.27.177" addrtype="ipv4"/><ports><port protocol="tcp" portid="5060"><state state="open" reason="syn-ack" reason_ttl="229"/></port></ports></host>
<host endtime="1733439171"><address addr="202.46.4.227" addrtype="ipv4"/><ports><port protocol="tcp" portid="5060"><state state="open" reason="syn-ack" reason_ttl="51"/></port></ports></host>
<host endtime="1733439171"><address addr="202.46.247.37" addrtype="ipv4"/><ports><port protocol="tcp" portid="5060"><state state="open" reason="syn-ack" reason_ttl="51"/></port></ports></host>
<host endtime="1733439171"><address addr="202.46.244.94" addrtype="ipv4"/><ports><port protocol="tcp" portid="5060"><state state="open" reason="syn-ack" reason_ttl="50"/></port></ports></host>
<host endtime="1733439173"><address addr="193.103.40.10" addrtype="ipv4"/><ports><port protocol="tcp" portid="5060"><state state="open" reason="syn-ack" reason_ttl="48"/></port></ports></host>
<host endtime="1733439176"><address addr="202.46.254.216" addrtype="ipv4"/><ports><port protocol="tcp" portid="5060"><state state="open" reason="syn-ack" reason_ttl="50"/></port></ports></host>
<host endtime="1733439177"><address addr="202.46.15.32" addrtype="ipv4"/><ports><port protocol="tcp" portid="5060"><state state="open" reason="syn-ack" reason_ttl="51"/></port></ports></host>
<host endtime="1733439180"><address addr="202.46.10.128" addrtype="ipv4"/><ports><port protocol="tcp" portid="5060"><state state="open" reason="syn-ack" reason_ttl="51"/></port></ports></host>
<host endtime="1733439182"><address addr="202.46.240.132" addrtype="ipv4"/><ports><port protocol="tcp" portid="5060"><state state="open" reason="syn-ack" reason_ttl="51"/></port></ports></host>
<host endtime="1733439183"><address addr="202.46.251.240" addrtype="ipv4"/><ports><port protocol="tcp" portid="5060"><state state="open" reason="syn-ack" reason_ttl="51"/></port></ports></host>
<host endtime="1733439196"><address addr="199.123.27.168" addrtype="ipv4"/><ports><port protocol="tcp" portid="5060"><state state="open" reason="syn-ack" reason_ttl="229"/></port></ports></host>
<host endtime="1733439197"><address addr="202.46.6.70" addrtype="ipv4"/><ports><port protocol="tcp" portid="5060"><state state="open" reason="syn-ack" reason_ttl="51"/></port></ports></host>
<host endtime="1733439198"><address addr="199.201.237.246" addrtype="ipv4"/><ports><port protocol="tcp" portid="5060"><state state="open" reason="syn-ack" reason_ttl="47"/></port></ports></host>
<host endtime="1733439201"><address addr="199.123.24.211" addrtype="ipv4"/><ports><port protocol="tcp" portid="5060"><state state="open" reason="syn-ack" reason_ttl="229"/></port></ports></host>
<host endtime="1733439206"><address addr="202.46.254.245" addrtype="ipv4"/><ports><port protocol="tcp" portid="5060"><state state="open" reason="syn-ack" reason_ttl="51"/></port></ports></host>
<host endtime="1733439206"><address addr="202.46.14.60" addrtype="ipv4"/><ports><port protocol="tcp" portid="5060"><state state="open" reason="syn-ack" reason_ttl="50"/></port></ports></host>
<host endtime="1733439209"><address addr="202.46.243.183" addrtype="ipv4"/><ports><port protocol="tcp" portid="5060"><state state="open" reason="syn-ack" reason_ttl="51"/></port></ports></host>
<host endtime="1733439210"><address addr="202.46.12.230" addrtype="ipv4"/><ports><port protocol="tcp" portid="5060"><state state="open" reason="syn-ack" reason_ttl="50"/></port></ports></host>
<host endtime="1733439211"><address addr="202.46.3.45" addrtype="ipv4"/><ports><port protocol="tcp" portid="5060"><state state="open" reason="syn-ack" reason_ttl="51"/></port></ports></host>
<host endtime="1733439212"><address addr="199.123.26.167" addrtype="ipv4"/><ports><port protocol="tcp" portid="5060"><state state="open" reason="syn-ack" reason_ttl="229"/></port></ports></host>
<host endtime="1733439212"><address addr="202.46.249.122" addrtype="ipv4"/><ports><port protocol="tcp" portid="5060"><state state="open" reason="syn-ack" reason_ttl="51"/></port></ports></host>
<host endtime="1733439215"><address addr="202.46.8.163" addrtype="ipv4"/><ports><port protocol="tcp" portid="5060"><state state="open" reason="syn-ack" reason_ttl="51"/></port></ports></host>
<host endtime="1733439217"><address addr="199.123.24.207" addrtype="ipv4"/><ports><port protocol="tcp" portid="5060"><state state="open" reason="syn-ack" reason_ttl="229"/></port></ports></host>
<host endtime="1733439220"><address addr="103.224.214.58" addrtype="ipv4"/><ports><port protocol="tcp" portid="5060"><state state="open" reason="syn-ack" reason_ttl="48"/></port></ports></host>
<host endtime="1733439223"><address addr="202.46.13.180" addrtype="ipv4"/><ports><port protocol="tcp" portid="5060"><state state="open" reason="syn-ack" reason_ttl="51"/></port></ports></host>
<host endtime="1733439224"><address addr="103.83.19.3" addrtype="ipv4"/><ports><port protocol="tcp" portid="5060"><state state="open" reason="syn-ack" reason_ttl="48"/></port></ports></host>
<host endtime="1733439226"><address addr="202.46.246.240" addrtype="ipv4"/><ports><port protocol="tcp" portid="5060"><state state="open" reason="syn-ack" reason_ttl="50"/></port></ports></host>
<host endtime="1733439229"><address addr="202.46.254.157" addrtype="ipv4"/><ports><port protocol="tcp" portid="5060"><state state="open" reason="syn-ack" reason_ttl="51"/></port></ports></host>
<host endtime="1733439229"><address addr="202.46.5.216" addrtype="ipv4"/><ports><port protocol="tcp" portid="5060"><state state="open" reason="syn-ack" reason_ttl="51"/></port></ports></host>
<host endtime="1733439231"><address addr="202.46.249.104" addrtype="ipv4"/><ports><port protocol="tcp" portid="5060"><state state="open" reason="syn-ack" reason_ttl="50"/></port></ports></host>
<host endtime="1733439232"><address addr="202.46.240.87" addrtype="ipv4"/><ports><port protocol="tcp" portid="5060"><state state="open" reason="syn-ack" reason_ttl="51"/></port></ports></host>
<host endtime="1733439232"><address addr="103.83.19.54" addrtype="ipv4"/><ports><port protocol="tcp" portid="5060"><state state="open" reason="syn-ack" reason_ttl="48"/></port></ports></host>
<host endtime="1733439233"><address addr="193.103.200.115" addrtype="ipv4"/><ports><port protocol="tcp" portid="5060"><state state="open" reason="syn-ack" reason_ttl="54"/></port></ports></host>
<host endtime="1733439234"><address addr="202.46.251.129" addrtype="ipv4"/><ports><port protocol="tcp" portid="5060"><state state="open" reason="syn-ack" reason_ttl="50"/></port></ports></host>
<host endtime="1733439238"><address addr="193.103.200.76" addrtype="ipv4"/><ports><port protocol="tcp" portid="5060"><state state="open" reason="syn-ack" reason_ttl="54"/></port></ports></host>
<host endtime="1733439239"><address addr="202.46.252.63" addrtype="ipv4"/><ports><port protocol="tcp" portid="5060"><state state="open" reason="syn-ack" reason_ttl="50"/></port></ports></host>
<host endtime="1733439243"><address addr="202.46.241.101" addrtype="ipv4"/><ports><port protocol="tcp" portid="5060"><state state="open" reason="syn-ack" reason_ttl="51"/></port></ports></host>
<host endtime="1733439254"><address addr="202.46.8.107" addrtype="ipv4"/><ports><port protocol="tcp" portid="5060"><state state="open" reason="syn-ack" reason_ttl="51"/></port></ports></host>
<host endtime="1733439254"><address addr="202.46.244.217" addrtype="ipv4"/><ports><port protocol="tcp" portid="5060"><state state="open" reason="syn-ack" reason_ttl="50"/></port></ports></host>
<host endtime="1733439255"><address addr="202.46.6.17" addrtype="ipv4"/><ports><port protocol="tcp" portid="5060"><state state="open" reason="syn-ack" reason_ttl="51"/></port></ports></host>
<host endtime="1733439257"><address addr="202.46.248.27" addrtype="ipv4"/><ports><port protocol="tcp" portid="5060"><state state="open" reason="syn-ack" reason_ttl="50"/></port></ports></host>
<host endtime="1733439258"><address addr="202.46.11.29" addrtype="ipv4"/><ports><port protocol="tcp" portid="5060"><state state="open" reason="syn-ack" reason_ttl="51"/></port></ports></host>
<host endtime="1733439262"><address addr="202.46.255.230" addrtype="ipv4"/><ports><port protocol="tcp" portid="5060"><state state="open" reason="syn-ack" reason_ttl="50"/></port></ports></host>
<host endtime="1733439263"><address addr="103.83.18.203" addrtype="ipv4"/><ports><port protocol="tcp" portid="5060"><state state="open" reason="syn-ack" reason_ttl="48"/></port></ports></host>
<host endtime="1733439264"><address addr="202.46.14.96" addrtype="ipv4"/><ports><port protocol="tcp" portid="5060"><state state="open" reason="syn-ack" reason_ttl="50"/></port></ports></host>
<host endtime="1733439265"><address addr="103.224.215.57" addrtype="ipv4"/><ports><port protocol="tcp" portid="5060"><state state="open" reason="syn-ack" reason_ttl="48"/></port></ports></host>
<host endtime="1733439270"><address addr="202.46.254.13" addrtype="ipv4"/><ports><port protocol="tcp" portid="5060"><state state="open" reason="syn-ack" reason_ttl="51"/></port></ports></host>
<host endtime="1733439271"><address addr="202.46.248.13" addrtype="ipv4"/><ports><port protocol="tcp" portid="5060"><state state="open" reason="syn-ack" reason_ttl="50"/></port></ports></host>
<host endtime="1733439272"><address addr="202.46.0.137" addrtype="ipv4"/><ports><port protocol="tcp" portid="5060"><state state="open" reason="syn-ack" reason_ttl="51"/></port></ports></host>
<host endtime="1733439275"><address addr="202.46.247.197" addrtype="ipv4"/><ports><port protocol="tcp" portid="5060"><state state="open" reason="syn-ack" reason_ttl="50"/></port></ports></host>
<host endtime="1733439276"><address addr="202.46.7.70" addrtype="ipv4"/><ports><port protocol="tcp" portid="5060"><state state="open" reason="syn-ack" reason_ttl="50"/></port></ports></host>
<host endtime="1733439279"><address addr="202.46.12.201" addrtype="ipv4"/><ports><port protocol="tcp" portid="5060"><state state="open" reason="syn-ack" reason_ttl="50"/></port></ports></host>
<host endtime="1733439281"><address addr="202.46.3.153" addrtype="ipv4"/><ports><port protocol="tcp" portid="5060"><state state="open" reason="syn-ack" reason_ttl="50"/></port></ports></host>
<host endtime="1733439281"><address addr="202.46.247.242" addrtype="ipv4"/><ports><port protocol="tcp" portid="5060"><state state="open" reason="syn-ack" reason_ttl="51"/></port></ports></host>
<host endtime="1733439282"><address addr="202.46.254.95" addrtype="ipv4"/><ports><port protocol="tcp" portid="5060"><state state="open" reason="syn-ack" reason_ttl="51"/></port></ports></host>
<host endtime="1733439283"><address addr="202.46.5.58" addrtype="ipv4"/><ports><port protocol="tcp" portid="5060"><state state="open" reason="syn-ack" reason_ttl="51"/></port></ports></host>
<host endtime="1733439283"><address addr="103.177.50.75" addrtype="ipv4"/><ports><port protocol="tcp" portid="5061"><state state="open" reason="syn-ack" reason_ttl="121"/></port></ports></host>
<host endtime="1733439284"><address addr="202.46.247.58" addrtype="ipv4"/><ports><port protocol="tcp" portid="5060"><state state="open" reason="syn-ack" reason_ttl="50"/></port></ports></host>
<host endtime="1733439284"><address addr="199.201.237.56" addrtype="ipv4"/><ports><port protocol="tcp" portid="5060"><state state="open" reason="syn-ack" reason_ttl="47"/></port></ports></host>
<host endtime="1733439289"><address addr="202.46.5.25" addrtype="ipv4"/><ports><port protocol="tcp" portid="5060"><state state="open" reason="syn-ack" reason_ttl="51"/></port></ports></host>
<host endtime="1733439290"><address addr="199.123.26.19" addrtype="ipv4"/><ports><port protocol="tcp" portid="5060"><state state="open" reason="syn-ack" reason_ttl="229"/></port></ports></host>
<host endtime="1733439294"><address addr="202.46.251.181" addrtype="ipv4"/><ports><port protocol="tcp" portid="5060"><state state="open" reason="syn-ack" reason_ttl="50"/></port></ports></host>
<host endtime="1733439297"><address addr="202.46.245.144" addrtype="ipv4"/><ports><port protocol="tcp" portid="5060"><state state="open" reason="syn-ack" reason_ttl="51"/></port></ports></host>
<host endtime="1733439299"><address addr="202.46.15.148" addrtype="ipv4"/><ports><port protocol="tcp" portid="5061"><state state="open" reason="syn-ack" reason_ttl="49"/></port></ports></host>
<host endtime="1733439302"><address addr="199.123.24.106" addrtype="ipv4"/><ports><port protocol="tcp" portid="5060"><state state="open" reason="syn-ack" reason_ttl="229"/></port></ports></host>
<host endtime="1733439302"><address addr="202.46.251.146" addrtype="ipv4"/><ports><port protocol="tcp" portid="5060"><state state="open" reason="syn-ack" reason_ttl="51"/></port></ports></host>
<host endtime="1733439305"><address addr="202.46.15.213" addrtype="ipv4"/><ports><port protocol="tcp" portid="5060"><state state="open" reason="syn-ack" reason_ttl="51"/></port></ports></host>
<host endtime="1733439309"><address addr="202.46.11.36" addrtype="ipv4"/><ports><port protocol="tcp" portid="5060"><state state="open" reason="syn-ack" reason_ttl="51"/></port></ports></host>
<host endtime="1733439309"><address addr="199.201.236.4" addrtype="ipv4"/><ports><port protocol="tcp" portid="5060"><state state="open" reason="syn-ack" reason_ttl="47"/></port></ports></host>
<host endtime="1733439310"><address addr="193.103.200.217" addrtype="ipv4"/><ports><port protocol="tcp" portid="5060"><state state="open" reason="syn-ack" reason_ttl="54"/></port></ports></host>
<host endtime="1733439311"><address addr="202.46.6.206" addrtype="ipv4"/><ports><port protocol="tcp" portid="5060"><state state="open" reason="syn-ack" reason_ttl="51"/></port></ports></host>
<host endtime="1733439312"><address addr="199.123.25.239" addrtype="ipv4"/><ports><port protocol="tcp" portid="5060"><state state="open" reason="syn-ack" reason_ttl="229"/></port></ports></host>
<host endtime="1733439320"><address addr="202.46.242.51" addrtype="ipv4"/><ports><port protocol="tcp" portid="5060"><state state="open" reason="syn-ack" reason_ttl="51"/></port></ports></host>
<host endtime="1733439320"><address addr="103.224.214.145" addrtype="ipv4"/><ports><port protocol="tcp" portid="5060"><state state="open" reason="syn-ack" reason_ttl="48"/></port></ports></host>
<host endtime="1733439322"><address addr="202.46.252.72" addrtype="ipv4"/><ports><port protocol="tcp" portid="5060"><state state="open" reason="syn-ack" reason_ttl="51"/></port></ports></host>
<host endtime="1733439327"><address addr="103.83.19.141" addrtype="ipv4"/><ports><port protocol="tcp" portid="5060"><state state="open" reason="syn-ack" reason_ttl="48"/></port></ports></host>
<host endtime="1733439333"><address addr="202.46.11.177" addrtype="ipv4"/><ports><port protocol="tcp" portid="5060"><state state="open" reason="syn-ack" reason_ttl="51"/></port></ports></host>
<host endtime="1733439334"><address addr="202.46.252.66" addrtype="ipv4"/><ports><port protocol="tcp" portid="5060"><state state="open" reason="syn-ack" reason_ttl="51"/></port></ports></host>
<host endtime="1733439335"><address addr="202.46.248.50" addrtype="ipv4"/><ports><port protocol="tcp" portid="5060"><state state="open" reason="syn-ack" reason_ttl="51"/></port></ports></host>
<host endtime="1733439336"><address addr="202.46.3.3" addrtype="ipv4"/><ports><port protocol="tcp" portid="5060"><state state="open" reason="syn-ack" reason_ttl="51"/></port></ports></host>
<host endtime="1733439338"><address addr="202.46.248.158" addrtype="ipv4"/><ports><port protocol="tcp" portid="5060"><state state="open" reason="syn-ack" reason_ttl="51"/></port></ports></host>
<host endtime="1733439341"><address addr="199.123.24.183" addrtype="ipv4"/><ports><port protocol="tcp" portid="5060"><state state="open" reason="syn-ack" reason_ttl="229"/></port></ports></host>
<host endtime="1733439344"><address addr="202.46.251.60" addrtype="ipv4"/><ports><port protocol="tcp" portid="5060"><state state="open" reason="syn-ack" reason_ttl="51"/></port></ports></host>
<host endtime="1733439345"><address addr="202.46.249.127" addrtype="ipv4"/><ports><port protocol="tcp" portid="5060"><state state="open" reason="syn-ack" reason_ttl="51"/></port></ports></host>
<host endtime="1733439345"><address addr="202.46.7.244" addrtype="ipv4"/><ports><port protocol="tcp" portid="5060"><state state="open" reason="syn-ack" reason_ttl="50"/></port></ports></host>
<host endtime="1733439347"><address addr="202.46.253.204" addrtype="ipv4"/><ports><port protocol="tcp" portid="5060"><state state="open" reason="syn-ack" reason_ttl="50"/></port></ports></host>
<host endtime="1733439348"><address addr="202.46.11.52" addrtype="ipv4"/><ports><port protocol="tcp" portid="5060"><state state="open" reason="syn-ack" reason_ttl="51"/></port></ports></host>
<host endtime="1733439348"><address addr="202.46.243.212" addrtype="ipv4"/><ports><port protocol="tcp" portid="5060"><state state="open" reason="syn-ack" reason_ttl="51"/></port></ports></host>
<host endtime="1733439350"><address addr="103.83.19.140" addrtype="ipv4"/><ports><port protocol="tcp" portid="5060"><state state="open" reason="syn-ack" reason_ttl="48"/></port></ports></host>
<host endtime="1733439350"><address addr="202.46.245.216" addrtype="ipv4"/><ports><port protocol="tcp" portid="5060"><state state="open" reason="syn-ack" reason_ttl="50"/></port></ports></host>
<host endtime="1733439353"><address addr="202.46.241.100" addrtype="ipv4"/><ports><port protocol="tcp" portid="5060"><state state="open" reason="syn-ack" reason_ttl="51"/></port></ports></host>
<host endtime="1733439353"><address addr="202.46.248.86" addrtype="ipv4"/><ports><port protocol="tcp" portid="5060"><state state="open" reason="syn-ack" reason_ttl="50"/></port></ports></host>
<host endtime="1733439355"><address addr="202.46.13.123" addrtype="ipv4"/><ports><port protocol="tcp" portid="5060"><state state="open" reason="syn-ack" reason_ttl="50"/></port></ports></host>
<host endtime="1733439360"><address addr="202.46.12.115" addrtype="ipv4"/><ports><port protocol="tcp" portid="5060"><state state="open" reason="syn-ack" reason_ttl="50"/></port></ports></host>
<host endtime="1733439363"><address addr="202.46.254.246" addrtype="ipv4"/><ports><port protocol="tcp" portid="5060"><state state="open" reason="syn-ack" reason_ttl="51"/></port></ports></host>
<host endtime="1733439365"><address addr="202.46.253.255" addrtype="ipv4"/><ports><port protocol="tcp" portid="5060"><state state="open" reason="syn-ack" reason_ttl="50"/></port></ports></host>
<host endtime="1733439365"><address addr="202.46.8.233" addrtype="ipv4"/><ports><port protocol="tcp" portid="5060"><state state="open" reason="syn-ack" reason_ttl="50"/></port></ports></host>
<host endtime="1733439366"><address addr="202.46.5.224" addrtype="ipv4"/><ports><port protocol="tcp" portid="5060"><state state="open" reason="syn-ack" reason_ttl="50"/></port></ports></host>
<host endtime="1733439368"><address addr="202.46.12.147" addrtype="ipv4"/><ports><port protocol="tcp" portid="5060"><state state="open" reason="syn-ack" reason_ttl="50"/></port></ports></host>
<host endtime="1733439370"><address addr="202.46.5.87" addrtype="ipv4"/><ports><port protocol="tcp" portid="5060"><state state="open" reason="syn-ack" reason_ttl="51"/></port></ports></host>
<host endtime="1733439373"><address addr="202.46.250.14" addrtype="ipv4"/><ports><port protocol="tcp" portid="5060"><state state="open" reason="syn-ack" reason_ttl="51"/></port></ports></host>
<host endtime="1733439380"><address addr="202.46.246.140" addrtype="ipv4"/><ports><port protocol="tcp" portid="5060"><state state="open" reason="syn-ack" reason_ttl="50"/></port></ports></host>
<host endtime="1733439382"><address addr="202.46.255.115" addrtype="ipv4"/><ports><port protocol="tcp" portid="5060"><state state="open" reason="syn-ack" reason_ttl="51"/></port></ports></host>
<host endtime="1733439383"><address addr="103.83.19.32" addrtype="ipv4"/><ports><port protocol="tcp" portid="5060"><state state="open" reason="syn-ack" reason_ttl="48"/></port></ports></host>
<host endtime="1733439384"><address addr="202.46.13.67" addrtype="ipv4"/><ports><port protocol="tcp" portid="5060"><state state="open" reason="syn-ack" reason_ttl="51"/></port></ports></host>
<host endtime="1733439386"><address addr="202.46.249.102" addrtype="ipv4"/><ports><port protocol="tcp" portid="5060"><state state="open" reason="syn-ack" reason_ttl="51"/></port></ports></host>
<host endtime="1733439386"><address addr="202.46.253.117" addrtype="ipv4"/><ports><port protocol="tcp" portid="5060"><state state="open" reason="syn-ack" reason_ttl="50"/></port></ports></host>
<host endtime="1733439387"><address addr="199.123.24.77" addrtype="ipv4"/><ports><port protocol="tcp" portid="5060"><state state="open" reason="syn-ack" reason_ttl="229"/></port></ports></host>
<host endtime="1733439388"><address addr="202.46.244.172" addrtype="ipv4"/><ports><port protocol="tcp" portid="5060"><state state="open" reason="syn-ack" reason_ttl="51"/></port></ports></host>
<host endtime="1733439388"><address addr="202.46.248.24" addrtype="ipv4"/><ports><port protocol="tcp" portid="5060"><state state="open" reason="syn-ack" reason_ttl="51"/></port></ports></host>
<host endtime="1733439389"><address addr="202.46.247.177" addrtype="ipv4"/><ports><port protocol="tcp" portid="5060"><state state="open" reason="syn-ack" reason_ttl="50"/></port></ports></host>
<host endtime="1733439391"><address addr="202.46.8.202" addrtype="ipv4"/><ports><port protocol="tcp" portid="5060"><state state="open" reason="syn-ack" reason_ttl="51"/></port></ports></host>
<host endtime="1733439398"><address addr="202.46.241.154" addrtype="ipv4"/><ports><port protocol="tcp" portid="5060"><state state="open" reason="syn-ack" reason_ttl="50"/></port></ports></host>
<host endtime="1733439399"><address addr="196.195.253.57" addrtype="ipv4"/><ports><port protocol="tcp" portid="5060"><state state="open" reason="syn-ack" reason_ttl="51"/></port></ports></host>
<host endtime="1733439401"><address addr="193.98.229.112" addrtype="ipv4"/><ports><port protocol="tcp" portid="5061"><state state="open" reason="syn-ack" reason_ttl="47"/></port></ports></host>
<host endtime="1733439401"><address addr="202.46.11.93" addrtype="ipv4"/><ports><port protocol="tcp" portid="5060"><state state="open" reason="syn-ack" reason_ttl="51"/></port></ports></host>
<host endtime="1733439401"><address addr="193.98.229.4" addrtype="ipv4"/><ports><port protocol="tcp" portid="5061"><state state="open" reason="syn-ack" reason_ttl="44"/></port></ports></host>
<host endtime="1733439402"><address addr="202.46.251.77" addrtype="ipv4"/><ports><port protocol="tcp" portid="5060"><state state="open" reason="syn-ack" reason_ttl="51"/></port></ports></host>
<host endtime="1733439404"><address addr="202.46.245.89" addrtype="ipv4"/><ports><port protocol="tcp" portid="5060"><state state="open" reason="syn-ack" reason_ttl="51"/></port></ports></host>
<host endtime="1733439404"><address addr="202.46.2.41" addrtype="ipv4"/><ports><port protocol="tcp" portid="5060"><state state="open" reason="syn-ack" reason_ttl="50"/></port></ports></host>
<host endtime="1733439405"><address addr="202.46.244.23" addrtype="ipv4"/><ports><port protocol="tcp" portid="5060"><state state="open" reason="syn-ack" reason_ttl="50"/></port></ports></host>
<host endtime="1733439406"><address addr="193.98.229.62" addrtype="ipv4"/><ports><port protocol="tcp" portid="5061"><state state="open" reason="syn-ack" reason_ttl="48"/></port></ports></host>
<host endtime="1733439407"><address addr="103.224.215.59" addrtype="ipv4"/><ports><port protocol="tcp" portid="5060"><state state="open" reason="syn-ack" reason_ttl="48"/></port></ports></host>
<host endtime="1733439408"><address addr="193.98.229.167" addrtype="ipv4"/><ports><port protocol="tcp" portid="5061"><state state="open" reason="syn-ack" reason_ttl="44"/></port></ports></host>
<host endtime="1733439409"><address addr="202.46.243.215" addrtype="ipv4"/><ports><port protocol="tcp" portid="5060"><state state="open" reason="syn-ack" reason_ttl="50"/></port></ports></host>
<host endtime="1733439409"><address addr="202.46.5.71" addrtype="ipv4"/><ports><port protocol="tcp" portid="5060"><state state="open" reason="syn-ack" reason_ttl="51"/></port></ports></host>
<host endtime="1733439409"><address addr="202.46.12.114" addrtype="ipv4"/><ports><port protocol="tcp" portid="5060"><state state="open" reason="syn-ack" reason_ttl="51"/></port></ports></host>
<host endtime="1733439416"><address addr="202.46.0.169" addrtype="ipv4"/><ports><port protocol="tcp" portid="5060"><state state="open" reason="syn-ack" reason_ttl="51"/></port></ports></host>
<host endtime="1733439417"><address addr="202.46.13.158" addrtype="ipv4"/><ports><port protocol="tcp" portid="5060"><state state="open" reason="syn-ack" reason_ttl="51"/></port></ports></host>
<host endtime="1733439418"><address addr="202.46.255.231" addrtype="ipv4"/><ports><port protocol="tcp" portid="5060"><state state="open" reason="syn-ack" reason_ttl="51"/></port></ports></host>
<host endtime="1733439418"><address addr="202.46.13.70" addrtype="ipv4"/><ports><port protocol="tcp" portid="5060"><state state="open" reason="syn-ack" reason_ttl="50"/></port></ports></host>
<host endtime="1733439419"><address addr="202.46.247.68" addrtype="ipv4"/><ports><port protocol="tcp" portid="5060"><state state="open" reason="syn-ack" reason_ttl="51"/></port></ports></host>
<host endtime="1733439421"><address addr="202.46.253.216" addrtype="ipv4"/><ports><port protocol="tcp" portid="5060"><state state="open" reason="syn-ack" reason_ttl="50"/></port></ports></host>
<host endtime="1733439422"><address addr="202.46.243.179" addrtype="ipv4"/><ports><port protocol="tcp" portid="5060"><state state="open" reason="syn-ack" reason_ttl="50"/></port></ports></host>
<host endtime="1733439424"><address addr="193.98.229.197" addrtype="ipv4"/><ports><port protocol="tcp" portid="5060"><state state="open" reason="syn-ack" reason_ttl="44"/></port></ports></host>
<host endtime="1733439425"><address addr="202.46.244.134" addrtype="ipv4"/><ports><port protocol="tcp" portid="5060"><state state="open" reason="syn-ack" reason_ttl="51"/></port></ports></host>
<host endtime="1733439434"><address addr="202.46.2.73" addrtype="ipv4"/><ports><port protocol="tcp" portid="5060"><state state="open" reason="syn-ack" reason_ttl="51"/></port></ports></host>
<host endtime="1733439434"><address addr="202.46.255.117" addrtype="ipv4"/><ports><port protocol="tcp" portid="5060"><state state="open" reason="syn-ack" reason_ttl="50"/></port></ports></host>
<host endtime="1733439436"><address addr="202.46.11.99" addrtype="ipv4"/><ports><port protocol="tcp" portid="5060"><state state="open" reason="syn-ack" reason_ttl="50"/></port></ports></host>
<host endtime="1733439437"><address addr="202.46.254.152" addrtype="ipv4"/><ports><port protocol="tcp" portid="5060"><state state="open" reason="syn-ack" reason_ttl="51"/></port></ports></host>
<host endtime="1733439445"><address addr="199.201.236.122" addrtype="ipv4"/><ports><port protocol="tcp" portid="5060"><state state="open" reason="syn-ack" reason_ttl="47"/></port></ports></host>
<host endtime="1733439446"><address addr="199.201.236.84" addrtype="ipv4"/><ports><port protocol="tcp" portid="5060"><state state="open" reason="syn-ack" reason_ttl="47"/></port></ports></host>
<host endtime="1733439446"><address addr="202.46.2.3" addrtype="ipv4"/><ports><port protocol="tcp" portid="5060"><state state="open" reason="syn-ack" reason_ttl="51"/></port></ports></host>
<host endtime="1733439447"><address addr="202.46.254.39" addrtype="ipv4"/><ports><port protocol="tcp" portid="5060"><state state="open" reason="syn-ack" reason_ttl="50"/></port></ports></host>
<host endtime="1733439447"><address addr="202.46.249.193" addrtype="ipv4"/><ports><port protocol="tcp" portid="5060"><state state="open" reason="syn-ack" reason_ttl="50"/></port></ports></host>
<host endtime="1733439448"><address addr="202.46.0.179" addrtype="ipv4"/><ports><port protocol="tcp" portid="5060"><state state="open" reason="syn-ack" reason_ttl="50"/></port></ports></host>
<host endtime="1733439449"><address addr="193.103.200.71" addrtype="ipv4"/><ports><port protocol="tcp" portid="5060"><state state="open" reason="syn-ack" reason_ttl="54"/></port></ports></host>
<host endtime="1733439449"><address addr="202.46.248.96" addrtype="ipv4"/><ports><port protocol="tcp" portid="5060"><state state="open" reason="syn-ack" reason_ttl="50"/></port></ports></host>
<host endtime="1733439451"><address addr="202.46.13.58" addrtype="ipv4"/><ports><port protocol="tcp" portid="5060"><state state="open" reason="syn-ack" reason_ttl="51"/></port></ports></host>
<host endtime="1733439451"><address addr="202.46.243.106" addrtype="ipv4"/><ports><port protocol="tcp" portid="5060"><state state="open" reason="syn-ack" reason_ttl="51"/></port></ports></host>
<host endtime="1733439451"><address addr="193.103.200.245" addrtype="ipv4"/><ports><port protocol="tcp" portid="5060"><state state="open" reason="syn-ack" reason_ttl="54"/></port></ports></host>
<host endtime="1733439452"><address addr="202.46.245.96" addrtype="ipv4"/><ports><port protocol="tcp" portid="5060"><state state="open" reason="syn-ack" reason_ttl="51"/></port></ports></host>
<host endtime="1733439453"><address addr="199.123.25.13" addrtype="ipv4"/><ports><port protocol="tcp" portid="5060"><state state="open" reason="syn-ack" reason_ttl="229"/></port></ports></host>
<host endtime="1733439458"><address addr="202.46.5.118" addrtype="ipv4"/><ports><port protocol="tcp" portid="5060"><state state="open" reason="syn-ack" reason_ttl="51"/></port></ports></host>
<host endtime="1733439459"><address addr="103.83.18.177" addrtype="ipv4"/><ports><port protocol="tcp" portid="5060"><state state="open" reason="syn-ack" reason_ttl="48"/></port></ports></host>
<host endtime="1733439459"><address addr="202.46.1.109" addrtype="ipv4"/><ports><port protocol="tcp" portid="5060"><state state="open" reason="syn-ack" reason_ttl="51"/></port></ports></host>
<host endtime="1733439462"><address addr="193.103.206.119" addrtype="ipv4"/><ports><port protocol="tcp" portid="5060"><state state="open" reason="syn-ack" reason_ttl="54"/></port></ports></host>
<host endtime="1733439464"><address addr="202.46.240.204" addrtype="ipv4"/><ports><port protocol="tcp" portid="5060"><state state="open" reason="syn-ack" reason_ttl="51"/></port></ports></host>
<host endtime="1733439464"><address addr="199.201.237.68" addrtype="ipv4"/><ports><port protocol="tcp" portid="5060"><state state="open" reason="syn-ack" reason_ttl="47"/></port></ports></host>
<host endtime="1733439467"><address addr="103.83.19.149" addrtype="ipv4"/><ports><port protocol="tcp" portid="5060"><state state="open" reason="syn-ack" reason_ttl="48"/></port></ports></host>
<host endtime="1733439469"><address addr="202.46.252.191" addrtype="ipv4"/><ports><port protocol="tcp" portid="5060"><state state="open" reason="syn-ack" reason_ttl="51"/></port></ports></host>
<host endtime="1733439470"><address addr="202.46.15.219" addrtype="ipv4"/><ports><port protocol="tcp" portid="5060"><state state="open" reason="syn-ack" reason_ttl="51"/></port></ports></host>
<host endtime="1733439470"><address addr="202.46.8.126" addrtype="ipv4"/><ports><port protocol="tcp" portid="5060"><state state="open" reason="syn-ack" reason_ttl="50"/></port></ports></host>
<host endtime="1733439471"><address addr="202.46.244.163" addrtype="ipv4"/><ports><port protocol="tcp" portid="5060"><state state="open" reason="syn-ack" reason_ttl="51"/></port></ports></host>
<host endtime="1733439473"><address addr="199.201.236.140" addrtype="ipv4"/><ports><port protocol="tcp" portid="5060"><state state="open" reason="syn-ack" reason_ttl="47"/></port></ports></host>
<host endtime="1733439474"><address addr="202.46.245.195" addrtype="ipv4"/><ports><port protocol="tcp" portid="5060"><state state="open" reason="syn-ack" reason_ttl="51"/></port></ports></host>
<host endtime="1733439476"><address addr="202.46.247.96" addrtype="ipv4"/><ports><port protocol="tcp" portid="5060"><state state="open" reason="syn-ack" reason_ttl="51"/></port></ports></host>
<host endtime="1733439479"><address addr="199.123.26.52" addrtype="ipv4"/><ports><port protocol="tcp" portid="5060"><state state="open" reason="syn-ack" reason_ttl="229"/></port></ports></host>
<host endtime="1733439481"><address addr="202.46.248.137" addrtype="ipv4"/><ports><port protocol="tcp" portid="5060"><state state="open" reason="syn-ack" reason_ttl="50"/></port></ports></host>
<host endtime="1733439482"><address addr="103.83.19.9" addrtype="ipv4"/><ports><port protocol="tcp" portid="5060"><state state="open" reason="syn-ack" reason_ttl="48"/></port></ports></host>
<host endtime="1733439484"><address addr="199.123.27.188" addrtype="ipv4"/><ports><port protocol="tcp" portid="5060"><state state="open" reason="syn-ack" reason_ttl="229"/></port></ports></host>
<host endtime="1733439488"><address addr="193.98.229.38" addrtype="ipv4"/><ports><port protocol="tcp" portid="5061"><state state="open" reason="syn-ack" reason_ttl="44"/></port></ports></host>
<host endtime="1733439491"><address addr="202.46.248.127" addrtype="ipv4"/><ports><port protocol="tcp" portid="5060"><state state="open" reason="syn-ack" reason_ttl="51"/></port></ports></host>
<host endtime="1733439495"><address addr="202.46.249.163" addrtype="ipv4"/><ports><port protocol="tcp" portid="5060"><state state="open" reason="syn-ack" reason_ttl="50"/></port></ports></host>
<host endtime="1733439499"><address addr="202.46.3.155" addrtype="ipv4"/><ports><port protocol="tcp" portid="5060"><state state="open" reason="syn-ack" reason_ttl="51"/></port></ports></host>
<host endtime="1733439500"><address addr="202.46.251.243" addrtype="ipv4"/><ports><port protocol="tcp" portid="5060"><state state="open" reason="syn-ack" reason_ttl="51"/></port></ports></host>
<host endtime="1733439500"><address addr="199.201.237.76" addrtype="ipv4"/><ports><port protocol="tcp" portid="5060"><state state="open" reason="syn-ack" reason_ttl="47"/></port></ports></host>
<host endtime="1733439503"><address addr="199.123.27.219" addrtype="ipv4"/><ports><port protocol="tcp" portid="5060"><state state="open" reason="syn-ack" reason_ttl="229"/></port></ports></host>
<host endtime="1733439506"><address addr="199.123.25.201" addrtype="ipv4"/><ports><port protocol="tcp" portid="5060"><state state="open" reason="syn-ack" reason_ttl="229"/></port></ports></host>
<host endtime="1733439509"><address addr="202.46.13.43" addrtype="ipv4"/><ports><port protocol="tcp" portid="5060"><state state="open" reason="syn-ack" reason_ttl="51"/></port></ports></host>
<host endtime="1733439511"><address addr="202.46.11.244" addrtype="ipv4"/><ports><port protocol="tcp" portid="5060"><state state="open" reason="syn-ack" reason_ttl="50"/></port></ports></host>
<host endtime="1733439515"><address addr="202.46.0.60" addrtype="ipv4"/><ports><port protocol="tcp" portid="5060"><state state="open" reason="syn-ack" reason_ttl="51"/></port></ports></host>
<host endtime="1733439515"><address addr="202.46.240.208" addrtype="ipv4"/><ports><port protocol="tcp" portid="5060"><state state="open" reason="syn-ack" reason_ttl="51"/></port></ports></host>
<host endtime="1733439515"><address addr="199.123.26.88" addrtype="ipv4"/><ports><port protocol="tcp" portid="5060"><state state="open" reason="syn-ack" reason_ttl="229"/></port></ports></host>
<host endtime="1733439522"><address addr="193.103.200.63" addrtype="ipv4"/><ports><port protocol="tcp" portid="5060"><state state="open" reason="syn-ack" reason_ttl="54"/></port></ports></host>
<host endtime="1733439523"><address addr="202.46.245.90" addrtype="ipv4"/><ports><port protocol="tcp" portid="5060"><state state="open" reason="syn-ack" reason_ttl="51"/></port></ports></host>
<host endtime="1733439524"><address addr="202.46.248.178" addrtype="ipv4"/><ports><port protocol="tcp" portid="5060"><state state="open" reason="syn-ack" reason_ttl="51"/></port></ports></host>
<host endtime="1733439526"><address addr="103.177.50.30" addrtype="ipv4"/><ports><port protocol="tcp" portid="5061"><state state="open" reason="syn-ack" reason_ttl="120"/></port></ports></host>
<host endtime="1733439526"><address addr="199.123.25.21" addrtype="ipv4"/><ports><port protocol="tcp" portid="5060"><state state="open" reason="syn-ack" reason_ttl="229"/></port></ports></host>
<host endtime="1733439527"><address addr="103.83.19.77" addrtype="ipv4"/><ports><port protocol="tcp" portid="5060"><state state="open" reason="syn-ack" reason_ttl="48"/></port></ports></host>
<host endtime="1733439527"><address addr="202.46.0.142" addrtype="ipv4"/><ports><port protocol="tcp" portid="5060"><state state="open" reason="syn-ack" reason_ttl="51"/></port></ports></host>
<host endtime="1733439527"><address addr="202.46.13.42" addrtype="ipv4"/><ports><port protocol="tcp" portid="5060"><state state="open" reason="syn-ack" reason_ttl="51"/></port></ports></host>
<host endtime="1733439530"><address addr="202.46.254.82" addrtype="ipv4"/><ports><port protocol="tcp" portid="5060"><state state="open" reason="syn-ack" reason_ttl="51"/></port></ports></host>
<host endtime="1733439531"><address addr="199.123.26.20" addrtype="ipv4"/><ports><port protocol="tcp" portid="5060"><state state="open" reason="syn-ack" reason_ttl="229"/></port></ports></host>
<host endtime="1733439532"><address addr="103.224.214.229" addrtype="ipv4"/><ports><port protocol="tcp" portid="5060"><state state="open" reason="syn-ack" reason_ttl="48"/></port></ports></host>
<host endtime="1733439533"><address addr="202.46.10.138" addrtype="ipv4"/><ports><port protocol="tcp" portid="5060"><state state="open" reason="syn-ack" reason_ttl="51"/></port></ports></host>
<host endtime="1733439536"><address addr="202.46.1.206" addrtype="ipv4"/><ports><port protocol="tcp" portid="5060"><state state="open" reason="syn-ack" reason_ttl="51"/></port></ports></host>
<host endtime="1733439537"><address addr="103.83.19.118" addrtype="ipv4"/><ports><port protocol="tcp" portid="5060"><state state="open" reason="syn-ack" reason_ttl="48"/></port></ports></host>
<host endtime="1733439538"><address addr="202.46.254.6" addrtype="ipv4"/><ports><port protocol="tcp" portid="5060"><state state="open" reason="syn-ack" reason_ttl="50"/></port></ports></host>
<host endtime="1733439538"><address addr="202.46.10.86" addrtype="ipv4"/><ports><port protocol="tcp" portid="5060"><state state="open" reason="syn-ack" reason_ttl="51"/></port></ports></host>
<host endtime="1733439539"><address addr="202.46.1.191" addrtype="ipv4"/><ports><port protocol="tcp" portid="5060"><state state="open" reason="syn-ack" reason_ttl="51"/></port></ports></host>
<host endtime="1733439540"><address addr="202.46.242.57" addrtype="ipv4"/><ports><port protocol="tcp" portid="5060"><state state="open" reason="syn-ack" reason_ttl="51"/></port></ports></host>
<host endtime="1733439542"><address addr="202.46.11.75" addrtype="ipv4"/><ports><port protocol="tcp" portid="5060"><state state="open" reason="syn-ack" reason_ttl="51"/></port></ports></host>
<host endtime="1733439545"><address addr="202.46.3.78" addrtype="ipv4"/><ports><port protocol="tcp" portid="5060"><state state="open" reason="syn-ack" reason_ttl="51"/></port></ports></host>
<host endtime="1733439546"><address addr="193.98.229.33" addrtype="ipv4"/><ports><port protocol="tcp" portid="5061"><state state="open" reason="syn-ack" reason_ttl="49"/></port></ports></host>
<host endtime="1733439546"><address addr="202.46.3.98" addrtype="ipv4"/><ports><port protocol="tcp" portid="5060"><state state="open" reason="syn-ack" reason_ttl="50"/></port></ports></host>
<host endtime="1733439548"><address addr="202.46.243.221" addrtype="ipv4"/><ports><port protocol="tcp" portid="5060"><state state="open" reason="syn-ack" reason_ttl="51"/></port></ports></host>
<host endtime="1733439551"><address addr="202.46.2.235" addrtype="ipv4"/><ports><port protocol="tcp" portid="5060"><state state="open" reason="syn-ack" reason_ttl="51"/></port></ports></host>
<host endtime="1733439551"><address addr="202.46.13.128" addrtype="ipv4"/><ports><port protocol="tcp" portid="5060"><state state="open" reason="syn-ack" reason_ttl="50"/></port></ports></host>
<host endtime="1733439553"><address addr="193.103.207.6" addrtype="ipv4"/><ports><port protocol="tcp" portid="5060"><state state="open" reason="syn-ack" reason_ttl="52"/></port></ports></host>
<host endtime="1733439557"><address addr="202.46.2.245" addrtype="ipv4"/><ports><port protocol="tcp" portid="5060"><state state="open" reason="syn-ack" reason_ttl="51"/></port></ports></host>
<host endtime="1733439558"><address addr="202.46.240.94" addrtype="ipv4"/><ports><port protocol="tcp" portid="5060"><state state="open" reason="syn-ack" reason_ttl="50"/></port></ports></host>
<host endtime="1733439560"><address addr="202.46.8.26" addrtype="ipv4"/><ports><port protocol="tcp" portid="5061"><state state="open" reason="syn-ack" reason_ttl="49"/></port></ports></host>
<host endtime="1733439561"><address addr="103.83.18.7" addrtype="ipv4"/><ports><port protocol="tcp" portid="5060"><state state="open" reason="syn-ack" reason_ttl="48"/></port></ports></host>
<host endtime="1733439563"><address addr="202.46.14.237" addrtype="ipv4"/><ports><port protocol="tcp" portid="5060"><state state="open" reason="syn-ack" reason_ttl="51"/></port></ports></host>
<host endtime="1733439564"><address addr="202.46.242.97" addrtype="ipv4"/><ports><port protocol="tcp" portid="5060"><state state="open" reason="syn-ack" reason_ttl="50"/></port></ports></host>
<host endtime="1733439566"><address addr="202.46.5.131" addrtype="ipv4"/><ports><port protocol="tcp" portid="5060"><state state="open" reason="syn-ack" reason_ttl="51"/></port></ports></host>
<host endtime="1733439567"><address addr="103.83.18.62" addrtype="ipv4"/><ports><port protocol="tcp" portid="5060"><state state="open" reason="syn-ack" reason_ttl="48"/></port></ports></host>
<host endtime="1733439569"><address addr="202.46.8.235" addrtype="ipv4"/><ports><port protocol="tcp" portid="5060"><state state="open" reason="syn-ack" reason_ttl="51"/></port></ports></host>
<host endtime="1733439571"><address addr="202.46.9.36" addrtype="ipv4"/><ports><port protocol="tcp" portid="5060"><state state="open" reason="syn-ack" reason_ttl="50"/></port></ports></host>
<host endtime="1733439572"><address addr="202.46.246.129" addrtype="ipv4"/><ports><port protocol="tcp" portid="5060"><state state="open" reason="syn-ack" reason_ttl="50"/></port></ports></host>
<host endtime="1733439572"><address addr="202.46.8.122" addrtype="ipv4"/><ports><port protocol="tcp" portid="5060"><state state="open" reason="syn-ack" reason_ttl="51"/></port></ports></host>
<host endtime="1733439573"><address addr="202.46.6.181" addrtype="ipv4"/><ports><port protocol="tcp" portid="5060"><state state="open" reason="syn-ack" reason_ttl="51"/></port></ports></host>
<host endtime="1733439574"><address addr="202.46.249.117" addrtype="ipv4"/><ports><port protocol="tcp" portid="5060"><state state="open" reason="syn-ack" reason_ttl="50"/></port></ports></host>
<host endtime="1733439577"><address addr="103.83.19.72" addrtype="ipv4"/><ports><port protocol="tcp" portid="5060"><state state="open" reason="syn-ack" reason_ttl="48"/></port></ports></host>
<host endtime="1733439578"><address addr="202.46.1.193" addrtype="ipv4"/><ports><port protocol="tcp" portid="5060"><state state="open" reason="syn-ack" reason_ttl="51"/></port></ports></host>
<host endtime="1733439580"><address addr="199.201.237.218" addrtype="ipv4"/><ports><port protocol="tcp" portid="5060"><state state="open" reason="syn-ack" reason_ttl="47"/></port></ports></host>
<host endtime="1733439580"><address addr="103.83.18.240" addrtype="ipv4"/><ports><port protocol="tcp" portid="5060"><state state="open" reason="syn-ack" reason_ttl="48"/></port></ports></host>
<host endtime="1733439580"><address addr="202.46.242.190" addrtype="ipv4"/><ports><port protocol="tcp" portid="5060"><state state="open" reason="syn-ack" reason_ttl="51"/></port></ports></host>
<host endtime="1733439581"><address addr="202.46.3.244" addrtype="ipv4"/><ports><port protocol="tcp" portid="5060"><state state="open" reason="syn-ack" reason_ttl="50"/></port></ports></host>
<host endtime="1733439581"><address addr="202.46.1.154" addrtype="ipv4"/><ports><port protocol="tcp" portid="5060"><state state="open" reason="syn-ack" reason_ttl="50"/></port></ports></host>
<host endtime="1733439581"><address addr="193.98.229.226" addrtype="ipv4"/><ports><port protocol="tcp" portid="5061"><state state="open" reason="syn-ack" reason_ttl="47"/></port></ports></host>
<host endtime="1733439584"><address addr="202.46.13.126" addrtype="ipv4"/><ports><port protocol="tcp" portid="5060"><state state="open" reason="syn-ack" reason_ttl="51"/></port></ports></host>
<host endtime="1733439588"><address addr="202.46.6.166" addrtype="ipv4"/><ports><port protocol="tcp" portid="5060"><state state="open" reason="syn-ack" reason_ttl="51"/></port></ports></host>
<host endtime="1733439590"><address addr="202.46.13.101" addrtype="ipv4"/><ports><port protocol="tcp" portid="5060"><state state="open" reason="syn-ack" reason_ttl="50"/></port></ports></host>
<host endtime="1733439591"><address addr="202.46.250.123" addrtype="ipv4"/><ports><port protocol="tcp" portid="5060"><state state="open" reason="syn-ack" reason_ttl="50"/></port></ports></host>
<host endtime="1733439591"><address addr="202.46.248.97" addrtype="ipv4"/><ports><port protocol="tcp" portid="5060"><state state="open" reason="syn-ack" reason_ttl="50"/></port></ports></host>
<host endtime="1733439594"><address addr="202.46.254.164" addrtype="ipv4"/><ports><port protocol="tcp" portid="5060"><state state="open" reason="syn-ack" reason_ttl="51"/></port></ports></host>
<host endtime="1733439595"><address addr="103.177.50.81" addrtype="ipv4"/><ports><port protocol="tcp" portid="5060"><state state="open" reason="syn-ack" reason_ttl="121"/></port></ports></host>
<host endtime="1733439596"><address addr="103.224.215.176" addrtype="ipv4"/><ports><port protocol="tcp" portid="5060"><state state="open" reason="syn-ack" reason_ttl="48"/></port></ports></host>
<host endtime="1733439600"><address addr="202.46.253.96" addrtype="ipv4"/><ports><port protocol="tcp" portid="5060"><state state="open" reason="syn-ack" reason_ttl="51"/></port></ports></host>
<host endtime="1733439607"><address addr="202.46.251.15" addrtype="ipv4"/><ports><port protocol="tcp" portid="5060"><state state="open" reason="syn-ack" reason_ttl="51"/></port></ports></host>
<host endtime="1733439610"><address addr="202.46.248.180" addrtype="ipv4"/><ports><port protocol="tcp" portid="5060"><state state="open" reason="syn-ack" reason_ttl="51"/></port></ports></host>
<host endtime="1733439618"><address addr="202.46.245.33" addrtype="ipv4"/><ports><port protocol="tcp" portid="5060"><state state="open" reason="syn-ack" reason_ttl="51"/></port></ports></host>
<host endtime="1733439622"><address addr="202.46.4.209" addrtype="ipv4"/><ports><port protocol="tcp" portid="5060"><state state="open" reason="syn-ack" reason_ttl="51"/></port></ports></host>
<host endtime="1733439625"><address addr="202.46.6.31" addrtype="ipv4"/><ports><port protocol="tcp" portid="5060"><state state="open" reason="syn-ack" reason_ttl="50"/></port></ports></host>
<host endtime="1733439625"><address addr="202.46.240.181" addrtype="ipv4"/><ports><port protocol="tcp" portid="5060"><state state="open" reason="syn-ack" reason_ttl="51"/></port></ports></host>
<host endtime="1733439626"><address addr="193.98.229.200" addrtype="ipv4"/><ports><port protocol="tcp" portid="5061"><state state="open" reason="syn-ack" reason_ttl="49"/></port></ports></host>
<host endtime="1733439627"><address addr="199.201.236.146" addrtype="ipv4"/><ports><port protocol="tcp" portid="5060"><state state="open" reason="syn-ack" reason_ttl="47"/></port></ports></host>
<host endtime="1733439627"><address addr="202.46.10.209" addrtype="ipv4"/><ports><port protocol="tcp" portid="5060"><state state="open" reason="syn-ack" reason_ttl="50"/></port></ports></host>
<host endtime="1733439639"><address addr="202.46.13.255" addrtype="ipv4"/><ports><port protocol="tcp" portid="5060"><state state="open" reason="syn-ack" reason_ttl="51"/></port></ports></host>
<host endtime="1733439641"><address addr="193.103.200.255" addrtype="ipv4"/><ports><port protocol="tcp" portid="5060"><state state="open" reason="syn-ack" reason_ttl="54"/></port></ports></host>
<host endtime="1733439642"><address addr="202.46.6.30" addrtype="ipv4"/><ports><port protocol="tcp" portid="5060"><state state="open" reason="syn-ack" reason_ttl="51"/></port></ports></host>
<host endtime="1733439643"><address addr="103.83.18.229" addrtype="ipv4"/><ports><port protocol="tcp" portid="5060"><state state="open" reason="syn-ack" reason_ttl="48"/></port></ports></host>
<host endtime="1733439644"><address addr="202.46.253.17" addrtype="ipv4"/><ports><port protocol="tcp" portid="5060"><state state="open" reason="syn-ack" reason_ttl="51"/></port></ports></host>
<host endtime="1733439645"><address addr="202.46.8.165" addrtype="ipv4"/><ports><port protocol="tcp" portid="5060"><state state="open" reason="syn-ack" reason_ttl="50"/></port></ports></host>
<host endtime="1733439647"><address addr="103.83.18.56" addrtype="ipv4"/><ports><port protocol="tcp" portid="5060"><state state="open" reason="syn-ack" reason_ttl="48"/></port></ports></host>
<host endtime="1733439651"><address addr="193.103.206.213" addrtype="ipv4"/><ports><port protocol="tcp" portid="5060"><state state="open" reason="syn-ack" reason_ttl="52"/></port></ports></host>
<host endtime="1733439657"><address addr="199.201.236.36" addrtype="ipv4"/><ports><port protocol="tcp" portid="5060"><state state="open" reason="syn-ack" reason_ttl="47"/></port></ports></host>
<host endtime="1733439658"><address addr="193.98.229.95" addrtype="ipv4"/><ports><port protocol="tcp" portid="5061"><state state="open" reason="syn-ack" reason_ttl="48"/></port></ports></host>
<host endtime="1733439659"><address addr="202.46.8.153" addrtype="ipv4"/><ports><port protocol="tcp" portid="5060"><state state="open" reason="syn-ack" reason_ttl="51"/></port></ports></host>
<host endtime="1733439661"><address addr="193.98.229.7" addrtype="ipv4"/><ports><port protocol="tcp" portid="5060"><state state="open" reason="syn-ack" reason_ttl="44"/></port></ports></host>
<host endtime="1733439662"><address addr="202.46.249.232" addrtype="ipv4"/><ports><port protocol="tcp" portid="5060"><state state="open" reason="syn-ack" reason_ttl="51"/></port></ports></host>
<host endtime="1733439663"><address addr="202.46.9.123" addrtype="ipv4"/><ports><port protocol="tcp" portid="5060"><state state="open" reason="syn-ack" reason_ttl="51"/></port></ports></host>
<host endtime="1733439664"><address addr="103.224.214.103" addrtype="ipv4"/><ports><port protocol="tcp" portid="5060"><state state="open" reason="syn-ack" reason_ttl="48"/></port></ports></host>
<host endtime="1733439665"><address addr="202.46.251.37" addrtype="ipv4"/><ports><port protocol="tcp" portid="5060"><state state="open" reason="syn-ack" reason_ttl="50"/></port></ports></host>
<host endtime="1733439668"><address addr="193.103.200.73" addrtype="ipv4"/><ports><port protocol="tcp" portid="5060"><state state="open" reason="syn-ack" reason_ttl="52"/></port></ports></host>
<host endtime="1733439669"><address addr="202.46.255.91" addrtype="ipv4"/><ports><port protocol="tcp" portid="5060"><state state="open" reason="syn-ack" reason_ttl="51"/></port></ports></host>
<host endtime="1733439671"><address addr="202.46.252.40" addrtype="ipv4"/><ports><port protocol="tcp" portid="5060"><state state="open" reason="syn-ack" reason_ttl="51"/></port></ports></host>
<host endtime="1733439677"><address addr="202.46.251.188" addrtype="ipv4"/><ports><port protocol="tcp" portid="5060"><state state="open" reason="syn-ack" reason_ttl="51"/></port></ports></host>
<host endtime="1733439679"><address addr="202.46.240.108" addrtype="ipv4"/><ports><port protocol="tcp" portid="5060"><state state="open" reason="syn-ack" reason_ttl="51"/></port></ports></host>
<host endtime="1733439680"><address addr="202.46.244.205" addrtype="ipv4"/><ports><port protocol="tcp" portid="5060"><state state="open" reason="syn-ack" reason_ttl="50"/></port></ports></host>
<host endtime="1733439683"><address addr="202.46.6.146" addrtype="ipv4"/><ports><port protocol="tcp" portid="5060"><state state="open" reason="syn-ack" reason_ttl="51"/></port></ports></host>
<host endtime="1733439686"><address addr="199.123.27.53" addrtype="ipv4"/><ports><port protocol="tcp" portid="5060"><state state="open" reason="syn-ack" reason_ttl="229"/></port></ports></host>
<host endtime="1733439687"><address addr="202.46.3.36" addrtype="ipv4"/><ports><port protocol="tcp" portid="5060"><state state="open" reason="syn-ack" reason_ttl="50"/></port></ports></host>
<host endtime="1733439688"><address addr="202.46.1.124" addrtype="ipv4"/><ports><port protocol="tcp" portid="5060"><state state="open" reason="syn-ack" reason_ttl="51"/></port></ports></host>
<host endtime="1733439688"><address addr="199.201.236.59" addrtype="ipv4"/><ports><port protocol="tcp" portid="5060"><state state="open" reason="syn-ack" reason_ttl="47"/></port></ports></host>
<host endtime="1733439690"><address addr="199.201.236.230" addrtype="ipv4"/><ports><port protocol="tcp" portid="5060"><state state="open" reason="syn-ack" reason_ttl="47"/></port></ports></host>
<host endtime="1733439697"><address addr="202.46.241.155" addrtype="ipv4"/><ports><port protocol="tcp" portid="5060"><state state="open" reason="syn-ack" reason_ttl="50"/></port></ports></host>
<host endtime="1733439705"><address addr="202.46.2.247" addrtype="ipv4"/><ports><port protocol="tcp" portid="5060"><state state="open" reason="syn-ack" reason_ttl="51"/></port></ports></host>
<host endtime="1733439707"><address addr="196.195.15.78" addrtype="ipv4"/><ports><port protocol="tcp" portid="5060"><state state="open" reason="syn-ack" reason_ttl="52"/></port></ports></host>
<host endtime="1733439710"><address addr="202.46.247.247" addrtype="ipv4"/><ports><port protocol="tcp" portid="5060"><state state="open" reason="syn-ack" reason_ttl="50"/></port></ports></host>
<host endtime="1733439710"><address addr="202.46.241.210" addrtype="ipv4"/><ports><port protocol="tcp" portid="5060"><state state="open" reason="syn-ack" reason_ttl="51"/></port></ports></host>
<host endtime="1733439712"><address addr="103.224.214.28" addrtype="ipv4"/><ports><port protocol="tcp" portid="5060"><state state="open" reason="syn-ack" reason_ttl="48"/></port></ports></host>
<host endtime="1733439714"><address addr="202.46.7.84" addrtype="ipv4"/><ports><port protocol="tcp" portid="5060"><state state="open" reason="syn-ack" reason_ttl="50"/></port></ports></host>
<host endtime="1733439714"><address addr="202.46.12.47" addrtype="ipv4"/><ports><port protocol="tcp" portid="5060"><state state="open" reason="syn-ack" reason_ttl="51"/></port></ports></host>
<host endtime="1733439719"><address addr="202.46.240.180" addrtype="ipv4"/><ports><port protocol="tcp" portid="5060"><state state="open" reason="syn-ack" reason_ttl="50"/></port></ports></host>
<host endtime="1733439719"><address addr="199.123.27.76" addrtype="ipv4"/><ports><port protocol="tcp" portid="5060"><state state="open" reason="syn-ack" reason_ttl="229"/></port></ports></host>
<host endtime="1733439720"><address addr="202.46.252.205" addrtype="ipv4"/><ports><port protocol="tcp" portid="5060"><state state="open" reason="syn-ack" reason_ttl="51"/></port></ports></host>
<host endtime="1733439721"><address addr="193.98.229.238" addrtype="ipv4"/><ports><port protocol="tcp" portid="5061"><state state="open" reason="syn-ack" reason_ttl="44"/></port></ports></host>
<host endtime="1733439721"><address addr="202.46.4.183" addrtype="ipv4"/><ports><port protocol="tcp" portid="5060"><state state="open" reason="syn-ack" reason_ttl="50"/></port></ports></host>
<host endtime="1733439721"><address addr="103.224.214.248" addrtype="ipv4"/><ports><port protocol="tcp" portid="5060"><state state="open" reason="syn-ack" reason_ttl="48"/></port></ports></host>
<host endtime="1733439725"><address addr="202.46.12.21" addrtype="ipv4"/><ports><port protocol="tcp" portid="5060"><state state="open" reason="syn-ack" reason_ttl="51"/></port></ports></host>
<host endtime="1733439728"><address addr="202.46.248.139" addrtype="ipv4"/><ports><port protocol="tcp" portid="5060"><state state="open" reason="syn-ack" reason_ttl="51"/></port></ports></host>
<host endtime="1733439729"><address addr="202.46.0.117" addrtype="ipv4"/><ports><port protocol="tcp" portid="5060"><state state="open" reason="syn-ack" reason_ttl="51"/></port></ports></host>
<host endtime="1733439730"><address addr="202.46.244.229" addrtype="ipv4"/><ports><port protocol="tcp" portid="5060"><state state="open" reason="syn-ack" reason_ttl="51"/></port></ports></host>
<host endtime="1733439730"><address addr="193.98.229.18" addrtype="ipv4"/><ports><port protocol="tcp" portid="5060"><state state="open" reason="syn-ack" reason_ttl="47"/></port></ports></host>
<host endtime="1733439733"><address addr="202.46.10.50" addrtype="ipv4"/><ports><port protocol="tcp" portid="5060"><state state="open" reason="syn-ack" reason_ttl="50"/></port></ports></host>
<host endtime="1733439734"><address addr="202.46.251.139" addrtype="ipv4"/><ports><port protocol="tcp" portid="5060"><state state="open" reason="syn-ack" reason_ttl="51"/></port></ports></host>
<host endtime="1733439736"><address addr="202.46.14.129" addrtype="ipv4"/><ports><port protocol="tcp" portid="5060"><state state="open" reason="syn-ack" reason_ttl="51"/></port></ports></host>
<host endtime="1733439740"><address addr="103.177.50.64" addrtype="ipv4"/><ports><port protocol="tcp" portid="5061"><state state="open" reason="syn-ack" reason_ttl="120"/></port></ports></host>
<host endtime="1733439741"><address addr="103.83.18.48" addrtype="ipv4"/><ports><port protocol="tcp" portid="5060"><state state="open" reason="syn-ack" reason_ttl="48"/></port></ports></host>
<host endtime="1733439741"><address addr="199.201.236.80" addrtype="ipv4"/><ports><port protocol="tcp" portid="5060"><state state="open" reason="syn-ack" reason_ttl="47"/></port></ports></host>
<host endtime="1733439743"><address addr="103.224.215.108" addrtype="ipv4"/><ports><port protocol="tcp" portid="5060"><state state="open" reason="syn-ack" reason_ttl="48"/></port></ports></host>
<host endtime="1733439743"><address addr="202.46.251.34" addrtype="ipv4"/><ports><port protocol="tcp" portid="5060"><state state="open" reason="syn-ack" reason_ttl="51"/></port></ports></host>
<host endtime="1733439745"><address addr="202.46.251.252" addrtype="ipv4"/><ports><port protocol="tcp" portid="5060"><state state="open" reason="syn-ack" reason_ttl="50"/></port></ports></host>
<host endtime="1733439752"><address addr="202.46.15.22" addrtype="ipv4"/><ports><port protocol="tcp" portid="5060"><state state="open" reason="syn-ack" reason_ttl="51"/></port></ports></host>
<host endtime="1733439754"><address addr="202.46.247.47" addrtype="ipv4"/><ports><port protocol="tcp" portid="5060"><state state="open" reason="syn-ack" reason_ttl="51"/></port></ports></host>
<host endtime="1733439756"><address addr="202.46.3.107" addrtype="ipv4"/><ports><port protocol="tcp" portid="5061"><state state="open" reason="syn-ack" reason_ttl="50"/></port></ports></host>
<host endtime="1733439759"><address addr="202.46.1.161" addrtype="ipv4"/><ports><port protocol="tcp" portid="5060"><state state="open" reason="syn-ack" reason_ttl="50"/></port></ports></host>
<host endtime="1733439761"><address addr="202.46.0.173" addrtype="ipv4"/><ports><port protocol="tcp" portid="5060"><state state="open" reason="syn-ack" reason_ttl="51"/></port></ports></host>
<host endtime="1733439762"><address addr="193.98.229.101" addrtype="ipv4"/><ports><port protocol="tcp" portid="5060"><state state="open" reason="syn-ack" reason_ttl="44"/></port></ports></host>
<host endtime="1733439770"><address addr="199.123.26.30" addrtype="ipv4"/><ports><port protocol="tcp" portid="5060"><state state="open" reason="syn-ack" reason_ttl="229"/></port></ports></host>
<host endtime="1733439770"><address addr="202.46.246.95" addrtype="ipv4"/><ports><port protocol="tcp" portid="5060"><state state="open" reason="syn-ack" reason_ttl="50"/></port></ports></host>
<host endtime="1733439773"><address addr="202.46.255.125" addrtype="ipv4"/><ports><port protocol="tcp" portid="5060"><state state="open" reason="syn-ack" reason_ttl="50"/></port></ports></host>
<host endtime="1733439776"><address addr="202.46.249.228" addrtype="ipv4"/><ports><port protocol="tcp" portid="5060"><state state="open" reason="syn-ack" reason_ttl="51"/></port></ports></host>
<host endtime="1733439777"><address addr="199.123.27.225" addrtype="ipv4"/><ports><port protocol="tcp" portid="5060"><state state="open" reason="syn-ack" reason_ttl="229"/></port></ports></host>
<host endtime="1733439782"><address addr="202.46.7.45" addrtype="ipv4"/><ports><port protocol="tcp" portid="5060"><state state="open" reason="syn-ack" reason_ttl="51"/></port></ports></host>
<host endtime="1733439784"><address addr="202.46.1.244" addrtype="ipv4"/><ports><port protocol="tcp" portid="5060"><state state="open" reason="syn-ack" reason_ttl="51"/></port></ports></host>
<host endtime="1733439786"><address addr="202.46.242.254" addrtype="ipv4"/><ports><port protocol="tcp" portid="5060"><state state="open" reason="syn-ack" reason_ttl="51"/></port></ports></host>
<host endtime="1733439788"><address addr="202.46.4.92" addrtype="ipv4"/><ports><port protocol="tcp" portid="5060"><state state="open" reason="syn-ack" reason_ttl="51"/></port></ports></host>
<host endtime="1733439788"><address addr="202.46.246.14" addrtype="ipv4"/><ports><port protocol="tcp" portid="5060"><state state="open" reason="syn-ack" reason_ttl="51"/></port></ports></host>
<host endtime="1733439792"><address addr="202.46.10.159" addrtype="ipv4"/><ports><port protocol="tcp" portid="5060"><state state="open" reason="syn-ack" reason_ttl="50"/></port></ports></host>
<host endtime="1733439794"><address addr="202.46.243.51" addrtype="ipv4"/><ports><port protocol="tcp" portid="5060"><state state="open" reason="syn-ack" reason_ttl="51"/></port></ports></host>
<host endtime="1733439801"><address addr="202.46.7.216" addrtype="ipv4"/><ports><port protocol="tcp" portid="5060"><state state="open" reason="syn-ack" reason_ttl="51"/></port></ports></host>
<host endtime="1733439803"><address addr="202.46.250.29" addrtype="ipv4"/><ports><port protocol="tcp" portid="5060"><state state="open" reason="syn-ack" reason_ttl="51"/></port></ports></host>
<host endtime="1733439804"><address addr="202.46.255.22" addrtype="ipv4"/><ports><port protocol="tcp" portid="5060"><state state="open" reason="syn-ack" reason_ttl="51"/></port></ports></host>
<host endtime="1733439804"><address addr="103.83.19.219" addrtype="ipv4"/><ports><port protocol="tcp" portid="5060"><state state="open" reason="syn-ack" reason_ttl="48"/></port></ports></host>
<host endtime="1733439804"><address addr="202.46.240.191" addrtype="ipv4"/><ports><port protocol="tcp" portid="5060"><state state="open" reason="syn-ack" reason_ttl="51"/></port></ports></host>
<host endtime="1733439806"><address addr="202.46.10.150" addrtype="ipv4"/><ports><port protocol="tcp" portid="5060"><state state="open" reason="syn-ack" reason_ttl="51"/></port></ports></host>
<host endtime="1733439807"><address addr="193.98.229.79" addrtype="ipv4"/><ports><port protocol="tcp" portid="5061"><state state="open" reason="syn-ack" reason_ttl="44"/></port></ports></host>
<host endtime="1733439809"><address addr="199.123.26.217" addrtype="ipv4"/><ports><port protocol="tcp" portid="5060"><state state="open" reason="syn-ack" reason_ttl="229"/></port></ports></host>
<host endtime="1733439814"><address addr="202.46.11.207" addrtype="ipv4"/><ports><port protocol="tcp" portid="5060"><state state="open" reason="syn-ack" reason_ttl="51"/></port></ports></host>
<host endtime="1733439816"><address addr="202.46.245.123" addrtype="ipv4"/><ports><port protocol="tcp" portid="5060"><state state="open" reason="syn-ack" reason_ttl="51"/></port></ports></host>
<host endtime="1733439818"><address addr="103.83.18.200" addrtype="ipv4"/><ports><port protocol="tcp" portid="5060"><state state="open" reason="syn-ack" reason_ttl="48"/></port></ports></host>
<host endtime="1733439828"><address addr="193.98.116.46" addrtype="ipv4"/><ports><port protocol="tcp" portid="5060"><state state="open" reason="syn-ack" reason_ttl="48"/></port></ports></host>
<host endtime="1733439831"><address addr="202.46.0.83" addrtype="ipv4"/><ports><port protocol="tcp" portid="5060"><state state="open" reason="syn-ack" reason_ttl="50"/></port></ports></host>
<host endtime="1733439831"><address addr="202.46.9.125" addrtype="ipv4"/><ports><port protocol="tcp" portid="5060"><state state="open" reason="syn-ack" reason_ttl="51"/></port></ports></host>
<host endtime="1733439834"><address addr="202.46.5.186" addrtype="ipv4"/><ports><port protocol="tcp" portid="5060"><state state="open" reason="syn-ack" reason_ttl="51"/></port></ports></host>
<host endtime="1733439836"><address addr="199.123.24.144" addrtype="ipv4"/><ports><port protocol="tcp" portid="5060"><state state="open" reason="syn-ack" reason_ttl="229"/></port></ports></host>
<host endtime="1733439837"><address addr="199.123.26.105" addrtype="ipv4"/><ports><port protocol="tcp" portid="5060"><state state="open" reason="syn-ack" reason_ttl="229"/></port></ports></host>
<host endtime="1733439837"><address addr="202.46.15.68" addrtype="ipv4"/><ports><port protocol="tcp" portid="5060"><state state="open" reason="syn-ack" reason_ttl="51"/></port></ports></host>
<host endtime="1733439840"><address addr="202.46.0.43" addrtype="ipv4"/><ports><port protocol="tcp" portid="5060"><state state="open" reason="syn-ack" reason_ttl="50"/></port></ports></host>
<host endtime="1733439843"><address addr="202.46.243.95" addrtype="ipv4"/><ports><port protocol="tcp" portid="5060"><state state="open" reason="syn-ack" reason_ttl="51"/></port></ports></host>
<host endtime="1733439844"><address addr="202.46.248.67" addrtype="ipv4"/><ports><port protocol="tcp" portid="5060"><state state="open" reason="syn-ack" reason_ttl="51"/></port></ports></host>
<host endtime="1733439846"><address addr="202.46.15.141" addrtype="ipv4"/><ports><port protocol="tcp" portid="5060"><state state="open" reason="syn-ack" reason_ttl="51"/></port></ports></host>
<host endtime="1733439849"><address addr="199.123.24.180" addrtype="ipv4"/><ports><port protocol="tcp" portid="5060"><state state="open" reason="syn-ack" reason_ttl="229"/></port></ports></host>
<host endtime="1733439850"><address addr="202.46.252.165" addrtype="ipv4"/><ports><port protocol="tcp" portid="5060"><state state="open" reason="syn-ack" reason_ttl="51"/></port></ports></host>
<host endtime="1733439851"><address addr="202.46.244.69" addrtype="ipv4"/><ports><port protocol="tcp" portid="5060"><state state="open" reason="syn-ack" reason_ttl="51"/></port></ports></host>
<host endtime="1733439851"><address addr="202.46.5.127" addrtype="ipv4"/><ports><port protocol="tcp" portid="5060"><state state="open" reason="syn-ack" reason_ttl="50"/></port></ports></host>
<host endtime="1733439854"><address addr="202.46.10.42" addrtype="ipv4"/><ports><port protocol="tcp" portid="5060"><state state="open" reason="syn-ack" reason_ttl="50"/></port></ports></host>
<host endtime="1733439856"><address addr="202.46.250.153" addrtype="ipv4"/><ports><port protocol="tcp" portid="5060"><state state="open" reason="syn-ack" reason_ttl="50"/></port></ports></host>
<host endtime="1733439858"><address addr="202.46.6.160" addrtype="ipv4"/><ports><port protocol="tcp" portid="5060"><state state="open" reason="syn-ack" reason_ttl="51"/></port></ports></host>
<host endtime="1733439863"><address addr="103.224.214.124" addrtype="ipv4"/><ports><port protocol="tcp" portid="5060"><state state="open" reason="syn-ack" reason_ttl="48"/></port></ports></host>
<host endtime="1733439864"><address addr="202.46.6.121" addrtype="ipv4"/><ports><port protocol="tcp" portid="5060"><state state="open" reason="syn-ack" reason_ttl="51"/></port></ports></host>
<host endtime="1733439865"><address addr="202.46.245.178" addrtype="ipv4"/><ports><port protocol="tcp" portid="5060"><state state="open" reason="syn-ack" reason_ttl="51"/></port></ports></host>
<host endtime="1733439866"><address addr="202.46.241.141" addrtype="ipv4"/><ports><port protocol="tcp" portid="5060"><state state="open" reason="syn-ack" reason_ttl="51"/></port></ports></host>
<host endtime="1733439867"><address addr="199.123.27.105" addrtype="ipv4"/><ports><port protocol="tcp" portid="5060"><state state="open" reason="syn-ack" reason_ttl="229"/></port></ports></host>
<host endtime="1733439868"><address addr="202.46.253.87" addrtype="ipv4"/><ports><port protocol="tcp" portid="5060"><state state="open" reason="syn-ack" reason_ttl="50"/></port></ports></host>
<host endtime="1733439869"><address addr="202.46.8.118" addrtype="ipv4"/><ports><port protocol="tcp" portid="5060"><state state="open" reason="syn-ack" reason_ttl="50"/></port></ports></host>
<host endtime="1733439872"><address addr="202.46.254.68" addrtype="ipv4"/><ports><port protocol="tcp" portid="5060"><state state="open" reason="syn-ack" reason_ttl="50"/></port></ports></host>
<host endtime="1733439873"><address addr="202.46.251.227" addrtype="ipv4"/><ports><port protocol="tcp" portid="5060"><state state="open" reason="syn-ack" reason_ttl="51"/></port></ports></host>
<host endtime="1733439877"><address addr="202.46.10.95" addrtype="ipv4"/><ports><port protocol="tcp" portid="5060"><state state="open" reason="syn-ack" reason_ttl="50"/></port></ports></host>
<host endtime="1733439879"><address addr="202.46.3.187" addrtype="ipv4"/><ports><port protocol="tcp" portid="5060"><state state="open" reason="syn-ack" reason_ttl="51"/></port></ports></host>
<host endtime="1733439885"><address addr="103.224.214.252" addrtype="ipv4"/><ports><port protocol="tcp" portid="5060"><state state="open" reason="syn-ack" reason_ttl="48"/></port></ports></host>
<host endtime="1733439889"><address addr="202.46.9.112" addrtype="ipv4"/><ports><port protocol="tcp" portid="5060"><state state="open" reason="syn-ack" reason_ttl="50"/></port></ports></host>
<host endtime="1733439890"><address addr="199.201.236.18" addrtype="ipv4"/><ports><port protocol="tcp" portid="5060"><state state="open" reason="syn-ack" reason_ttl="47"/></port></ports></host>
<host endtime="1733439891"><address addr="202.46.247.253" addrtype="ipv4"/><ports><port protocol="tcp" portid="5060"><state state="open" reason="syn-ack" reason_ttl="51"/></port></ports></host>
<host endtime="1733439894"><address addr="202.46.7.82" addrtype="ipv4"/><ports><port protocol="tcp" portid="5060"><state state="open" reason="syn-ack" reason_ttl="51"/></port></ports></host>
<host endtime="1733439897"><address addr="193.98.229.137" addrtype="ipv4"/><ports><port protocol="tcp" portid="5061"><state state="open" reason="syn-ack" reason_ttl="49"/></port></ports></host>
<host endtime="1733439898"><address addr="202.46.12.15" addrtype="ipv4"/><ports><port protocol="tcp" portid="5060"><state state="open" reason="syn-ack" reason_ttl="51"/></port></ports></host>
<host endtime="1733439898"><address addr="103.224.215.201" addrtype="ipv4"/><ports><port protocol="tcp" portid="5060"><state state="open" reason="syn-ack" reason_ttl="48"/></port></ports></host>
<host endtime="1733439900"><address addr="202.46.252.94" addrtype="ipv4"/><ports><port protocol="tcp" portid="5060"><state state="open" reason="syn-ack" reason_ttl="51"/></port></ports></host>
<host endtime="1733439900"><address addr="202.46.248.154" addrtype="ipv4"/><ports><port protocol="tcp" portid="5060"><state state="open" reason="syn-ack" reason_ttl="50"/></port></ports></host>
<host endtime="1733439901"><address addr="103.224.215.28" addrtype="ipv4"/><ports><port protocol="tcp" portid="5060"><state state="open" reason="syn-ack" reason_ttl="48"/></port></ports></host>
<host endtime="1733439901"><address addr="202.46.5.123" addrtype="ipv4"/><ports><port protocol="tcp" portid="5060"><state state="open" reason="syn-ack" reason_ttl="50"/></port></ports></host>
<host endtime="1733439902"><address addr="202.46.248.72" addrtype="ipv4"/><ports><port protocol="tcp" portid="5060"><state state="open" reason="syn-ack" reason_ttl="51"/></port></ports></host>
<host endtime="1733439905"><address addr="199.123.26.5" addrtype="ipv4"/><ports><port protocol="tcp" portid="5060"><state state="open" reason="syn-ack" reason_ttl="229"/></port></ports></host>
<host endtime="1733439907"><address addr="202.46.249.46" addrtype="ipv4"/><ports><port protocol="tcp" portid="5060"><state state="open" reason="syn-ack" reason_ttl="50"/></port></ports></host>
<host endtime="1733439909"><address addr="199.201.237.12" addrtype="ipv4"/><ports><port protocol="tcp" portid="5060"><state state="open" reason="syn-ack" reason_ttl="47"/></port></ports></host>
<host endtime="1733439911"><address addr="202.46.12.39" addrtype="ipv4"/><ports><port protocol="tcp" portid="5060"><state state="open" reason="syn-ack" reason_ttl="51"/></port></ports></host>
<host endtime="1733439916"><address addr="103.177.50.21" addrtype="ipv4"/><ports><port protocol="tcp" portid="5061"><state state="open" reason="syn-ack" reason_ttl="120"/></port></ports></host>
<host endtime="1733439917"><address addr="202.46.246.71" addrtype="ipv4"/><ports><port protocol="tcp" portid="5060"><state state="open" reason="syn-ack" reason_ttl="50"/></port></ports></host>
<host endtime="1733439918"><address addr="202.46.6.229" addrtype="ipv4"/><ports><port protocol="tcp" portid="5060"><state state="open" reason="syn-ack" reason_ttl="50"/></port></ports></host>
<host endtime="1733439921"><address addr="202.46.8.47" addrtype="ipv4"/><ports><port protocol="tcp" portid="5060"><state state="open" reason="syn-ack" reason_ttl="50"/></port></ports></host>
<host endtime="1733439922"><address addr="193.103.200.242" addrtype="ipv4"/><ports><port protocol="tcp" portid="5060"><state state="open" reason="syn-ack" reason_ttl="54"/></port></ports></host>
<host endtime="1733439924"><address addr="193.98.229.169" addrtype="ipv4"/><ports><port protocol="tcp" portid="5060"><state state="open" reason="syn-ack" reason_ttl="49"/></port></ports></host>
<host endtime="1733439927"><address addr="202.46.2.95" addrtype="ipv4"/><ports><port protocol="tcp" portid="5060"><state state="open" reason="syn-ack" reason_ttl="51"/></port></ports></host>
<host endtime="1733439930"><address addr="202.46.251.207" addrtype="ipv4"/><ports><port protocol="tcp" portid="5060"><state state="open" reason="syn-ack" reason_ttl="51"/></port></ports></host>
<host endtime="1733439932"><address addr="103.224.214.246" addrtype="ipv4"/><ports><port protocol="tcp" portid="5060"><state state="open" reason="syn-ack" reason_ttl="48"/></port></ports></host>
<host endtime="1733439933"><address addr="202.46.253.65" addrtype="ipv4"/><ports><port protocol="tcp" portid="5060"><state state="open" reason="syn-ack" reason_ttl="50"/></port></ports></host>
<host endtime="1733439934"><address addr="199.123.27.117" addrtype="ipv4"/><ports><port protocol="tcp" portid="5060"><state state="open" reason="syn-ack" reason_ttl="229"/></port></ports></host>
<host endtime="1733439941"><address addr="202.46.248.62" addrtype="ipv4"/><ports><port protocol="tcp" portid="5060"><state state="open" reason="syn-ack" reason_ttl="50"/></port></ports></host>
<host endtime="1733439941"><address addr="202.46.244.165" addrtype="ipv4"/><ports><port protocol="tcp" portid="5060"><state state="open" reason="syn-ack" reason_ttl="50"/></port></ports></host>
<host endtime="1733439944"><address addr="202.46.8.121" addrtype="ipv4"/><ports><port protocol="tcp" portid="5060"><state state="open" reason="syn-ack" reason_ttl="51"/></port></ports></host>
<host endtime="1733439945"><address addr="202.46.243.45" addrtype="ipv4"/><ports><port protocol="tcp" portid="5060"><state state="open" reason="syn-ack" reason_ttl="51"/></port></ports></host>
<host endtime="1733439945"><address addr="202.46.4.72" addrtype="ipv4"/><ports><port protocol="tcp" portid="5060"><state state="open" reason="syn-ack" reason_ttl="50"/></port></ports></host>
<host endtime="1733439948"><address addr="202.46.3.103" addrtype="ipv4"/><ports><port protocol="tcp" portid="5061"><state state="open" reason="syn-ack" reason_ttl="50"/></port></ports></host>
<host endtime="1733439948"><address addr="202.46.252.87" addrtype="ipv4"/><ports><port protocol="tcp" portid="5060"><state state="open" reason="syn-ack" reason_ttl="51"/></port></ports></host>
<host endtime="1733439951"><address addr="202.46.249.144" addrtype="ipv4"/><ports><port protocol="tcp" portid="5060"><state state="open" reason="syn-ack" reason_ttl="51"/></port></ports></host>
<host endtime="1733439955"><address addr="202.46.8.85" addrtype="ipv4"/><ports><port protocol="tcp" portid="5060"><state state="open" reason="syn-ack" reason_ttl="51"/></port></ports></host>
<host endtime="1733439957"><address addr="202.46.12.29" addrtype="ipv4"/><ports><port protocol="tcp" portid="5060"><state state="open" reason="syn-ack" reason_ttl="50"/></port></ports></host>
<host endtime="1733439957"><address addr="199.123.27.70" addrtype="ipv4"/><ports><port protocol="tcp" portid="5060"><state state="open" reason="syn-ack" reason_ttl="229"/></port></ports></host>
<host endtime="1733439960"><address addr="202.46.242.73" addrtype="ipv4"/><ports><port protocol="tcp" portid="5060"><state state="open" reason="syn-ack" reason_ttl="51"/></port></ports></host>
<host endtime="1733439966"><address addr="202.46.1.39" addrtype="ipv4"/><ports><port protocol="tcp" portid="5060"><state state="open" reason="syn-ack" reason_ttl="51"/></port></ports></host>
<host endtime="1733439966"><address addr="199.123.25.172" addrtype="ipv4"/><ports><port protocol="tcp" portid="5060"><state state="open" reason="syn-ack" reason_ttl="229"/></port></ports></host>
<host endtime="1733439969"><address addr="202.46.241.38" addrtype="ipv4"/><ports><port protocol="tcp" portid="5060"><state state="open" reason="syn-ack" reason_ttl="51"/></port></ports></host>
<host endtime="1733439971"><address addr="202.46.9.66" addrtype="ipv4"/><ports><port protocol="tcp" portid="5060"><state state="open" reason="syn-ack" reason_ttl="51"/></port></ports></host>
<host endtime="1733439976"><address addr="202.46.4.176" addrtype="ipv4"/><ports><port protocol="tcp" portid="5060"><state state="open" reason="syn-ack" reason_ttl="50"/></port></ports></host>
<host endtime="1733439980"><address addr="202.46.241.156" addrtype="ipv4"/><ports><port protocol="tcp" portid="5060"><state state="open" reason="syn-ack" reason_ttl="50"/></port></ports></host>
<host endtime="1733439980"><address addr="199.123.24.228" addrtype="ipv4"/><ports><port protocol="tcp" portid="5060"><state state="open" reason="syn-ack" reason_ttl="229"/></port></ports></host>
<host endtime="1733439981"><address addr="199.123.25.249" addrtype="ipv4"/><ports><port protocol="tcp" portid="5060"><state state="open" reason="syn-ack" reason_ttl="229"/></port></ports></host>
<host endtime="1733439982"><address addr="202.46.253.60" addrtype="ipv4"/><ports><port protocol="tcp" portid="5060"><state state="open" reason="syn-ack" reason_ttl="51"/></port></ports></host>
<host endtime="1733439989"><address addr="202.46.247.80" addrtype="ipv4"/><ports><port protocol="tcp" portid="5060"><state state="open" reason="syn-ack" reason_ttl="51"/></port></ports></host>
<host endtime="1733439990"><address addr="193.103.200.201" addrtype="ipv4"/><ports><port protocol="tcp" portid="5060"><state state="open" reason="syn-ack" reason_ttl="52"/></port></ports></host>
<host endtime="1733439993"><address addr="103.83.19.157" addrtype="ipv4"/><ports><port protocol="tcp" portid="5060"><state state="open" reason="syn-ack" reason_ttl="48"/></port></ports></host>
<host endtime="1733439993"><address addr="202.46.5.183" addrtype="ipv4"/><ports><port protocol="tcp" portid="5060"><state state="open" reason="syn-ack" reason_ttl="50"/></port></ports></host>
<host endtime="1733439994"><address addr="202.46.13.238" addrtype="ipv4"/><ports><port protocol="tcp" portid="5060"><state state="open" reason="syn-ack" reason_ttl="51"/></port></ports></host>
<host endtime="1733439998"><address addr="202.46.13.102" addrtype="ipv4"/><ports><port protocol="tcp" portid="5060"><state state="open" reason="syn-ack" reason_ttl="50"/></port></ports></host>
<host endtime="1733440000"><address addr="202.46.254.7" addrtype="ipv4"/><ports><port protocol="tcp" portid="5060"><state state="open" reason="syn-ack" reason_ttl="51"/></port></ports></host>
<host endtime="1733440002"><address addr="202.46.0.96" addrtype="ipv4"/><ports><port protocol="tcp" portid="5060"><state state="open" reason="syn-ack" reason_ttl="51"/></port></ports></host>
<host endtime="1733440002"><address addr="199.123.26.220" addrtype="ipv4"/><ports><port protocol="tcp" portid="5060"><state state="open" reason="syn-ack" reason_ttl="229"/></port></ports></host>
<host endtime="1733440002"><address addr="202.46.255.4" addrtype="ipv4"/><ports><port protocol="tcp" portid="5060"><state state="open" reason="syn-ack" reason_ttl="51"/></port></ports></host>
<host endtime="1733440003"><address addr="193.103.206.136" addrtype="ipv4"/><ports><port protocol="tcp" portid="5060"><state state="open" reason="syn-ack" reason_ttl="52"/></port></ports></host>
<host endtime="1733440003"><address addr="202.46.1.65" addrtype="ipv4"/><ports><port protocol="tcp" portid="5060"><state state="open" reason="syn-ack" reason_ttl="51"/></port></ports></host>
<host endtime="1733440006"><address addr="199.123.25.195" addrtype="ipv4"/><ports><port protocol="tcp" portid="5060"><state state="open" reason="syn-ack" reason_ttl="229"/></port></ports></host>
<host endtime="1733440006"><address addr="202.46.240.171" addrtype="ipv4"/><ports><port protocol="tcp" portid="5060"><state state="open" reason="syn-ack" reason_ttl="50"/></port></ports></host>
<host endtime="1733440008"><address addr="202.46.240.35" addrtype="ipv4"/><ports><port protocol="tcp" portid="5060"><state state="open" reason="syn-ack" reason_ttl="51"/></port></ports></host>
<host endtime="1733440009"><address addr="202.46.7.85" addrtype="ipv4"/><ports><port protocol="tcp" portid="5060"><state state="open" reason="syn-ack" reason_ttl="50"/></port></ports></host>
<host endtime="1733440009"><address addr="202.46.15.88" addrtype="ipv4"/><ports><port protocol="tcp" portid="5060"><state state="open" reason="syn-ack" reason_ttl="51"/></port></ports></host>
<host endtime="1733440010"><address addr="199.123.24.167" addrtype="ipv4"/><ports><port protocol="tcp" portid="5060"><state state="open" reason="syn-ack" reason_ttl="229"/></port></ports></host>
<host endtime="1733440010"><address addr="202.46.1.18" addrtype="ipv4"/><ports><port protocol="tcp" portid="5060"><state state="open" reason="syn-ack" reason_ttl="50"/></port></ports></host>
<host endtime="1733440011"><address addr="202.46.2.159" addrtype="ipv4"/><ports><port protocol="tcp" portid="5060"><state state="open" reason="syn-ack" reason_ttl="50"/></port></ports></host>
<host endtime="1733440012"><address addr="103.83.19.125" addrtype="ipv4"/><ports><port protocol="tcp" portid="5060"><state state="open" reason="syn-ack" reason_ttl="48"/></port></ports></host>
<host endtime="1733440012"><address addr="199.201.237.184" addrtype="ipv4"/><ports><port protocol="tcp" portid="5060"><state state="open" reason="syn-ack" reason_ttl="47"/></port></ports></host>
<host endtime="1733440017"><address addr="202.46.9.155" addrtype="ipv4"/><ports><port protocol="tcp" portid="5060"><state state="open" reason="syn-ack" reason_ttl="51"/></port></ports></host>
<host endtime="1733440017"><address addr="202.46.245.42" addrtype="ipv4"/><ports><port protocol="tcp" portid="5060"><state state="open" reason="syn-ack" reason_ttl="50"/></port></ports></host>
<host endtime="1733440021"><address addr="202.46.11.78" addrtype="ipv4"/><ports><port protocol="tcp" portid="5060"><state state="open" reason="syn-ack" reason_ttl="51"/></port></ports></host>
<host endtime="1733440023"><address addr="202.46.247.65" addrtype="ipv4"/><ports><port protocol="tcp" portid="5060"><state state="open" reason="syn-ack" reason_ttl="50"/></port></ports></host>
<host endtime="1733440026"><address addr="202.46.249.249" addrtype="ipv4"/><ports><port protocol="tcp" portid="5060"><state state="open" reason="syn-ack" reason_ttl="51"/></port></ports></host>
<host endtime="1733440029"><address addr="202.46.12.37" addrtype="ipv4"/><ports><port protocol="tcp" portid="5060"><state state="open" reason="syn-ack" reason_ttl="51"/></port></ports></host>
<host endtime="1733440030"><address addr="202.46.249.44" addrtype="ipv4"/><ports><port protocol="tcp" portid="5060"><state state="open" reason="syn-ack" reason_ttl="50"/></port></ports></host>
<host endtime="1733440032"><address addr="202.46.8.40" addrtype="ipv4"/><ports><port protocol="tcp" portid="5060"><state state="open" reason="syn-ack" reason_ttl="50"/></port></ports></host>
<host endtime="1733440035"><address addr="193.103.200.60" addrtype="ipv4"/><ports><port protocol="tcp" portid="5060"><state state="open" reason="syn-ack" reason_ttl="52"/></port></ports></host>
<host endtime="1733440041"><address addr="202.46.250.8" addrtype="ipv4"/><ports><port protocol="tcp" portid="5060"><state state="open" reason="syn-ack" reason_ttl="50"/></port></ports></host>
<host endtime="1733440042"><address addr="202.46.247.141" addrtype="ipv4"/><ports><port protocol="tcp" portid="5060"><state state="open" reason="syn-ack" reason_ttl="51"/></port></ports></host>
<host endtime="1733440042"><address addr="202.46.243.177" addrtype="ipv4"/><ports><port protocol="tcp" portid="5060"><state state="open" reason="syn-ack" reason_ttl="50"/></port></ports></host>
<host endtime="1733440045"><address addr="193.98.229.229" addrtype="ipv4"/><ports><port protocol="tcp" portid="5060"><state state="open" reason="syn-ack" reason_ttl="47"/></port></ports></host>
<host endtime="1733440046"><address addr="202.46.13.174" addrtype="ipv4"/><ports><port protocol="tcp" portid="5060"><state state="open" reason="syn-ack" reason_ttl="51"/></port></ports></host>
<host endtime="1733440048"><address addr="202.46.6.154" addrtype="ipv4"/><ports><port protocol="tcp" portid="5060"><state state="open" reason="syn-ack" reason_ttl="51"/></port></ports></host>
<host endtime="1733440053"><address addr="202.46.249.97" addrtype="ipv4"/><ports><port protocol="tcp" portid="5060"><state state="open" reason="syn-ack" reason_ttl="51"/></port></ports></host>
<host endtime="1733440054"><address addr="202.46.0.204" addrtype="ipv4"/><ports><port protocol="tcp" portid="5060"><state state="open" reason="syn-ack" reason_ttl="51"/></port></ports></host>
<host endtime="1733440055"><address addr="202.46.248.89" addrtype="ipv4"/><ports><port protocol="tcp" portid="5060"><state state="open" reason="syn-ack" reason_ttl="50"/></port></ports></host>
<host endtime="1733440056"><address addr="202.46.245.12" addrtype="ipv4"/><ports><port protocol="tcp" portid="5060"><state state="open" reason="syn-ack" reason_ttl="50"/></port></ports></host>
<host endtime="1733440057"><address addr="202.46.2.242" addrtype="ipv4"/><ports><port protocol="tcp" portid="5060"><state state="open" reason="syn-ack" reason_ttl="51"/></port></ports></host>
<host endtime="1733440058"><address addr="199.201.237.215" addrtype="ipv4"/><ports><port protocol="tcp" portid="5060"><state state="open" reason="syn-ack" reason_ttl="47"/></port></ports></host>
<host endtime="1733440059"><address addr="202.46.5.239" addrtype="ipv4"/><ports><port protocol="tcp" portid="5060"><state state="open" reason="syn-ack" reason_ttl="51"/></port></ports></host>
<host endtime="1733440061"><address addr="196.195.4.58" addrtype="ipv4"/><ports><port protocol="tcp" portid="5060"><state state="open" reason="syn-ack" reason_ttl="51"/></port></ports></host>
<host endtime="1733440063"><address addr="202.46.0.156" addrtype="ipv4"/><ports><port protocol="tcp" portid="5060"><state state="open" reason="syn-ack" reason_ttl="50"/></port></ports></host>
<host endtime="1733440066"><address addr="202.46.248.229" addrtype="ipv4"/><ports><port protocol="tcp" portid="5060"><state state="open" reason="syn-ack" reason_ttl="51"/></port></ports></host>
<host endtime="1733440069"><address addr="202.46.11.104" addrtype="ipv4"/><ports><port protocol="tcp" portid="5060"><state state="open" reason="syn-ack" reason_ttl="50"/></port></ports></host>
<host endtime="1733440070"><address addr="202.46.254.146" addrtype="ipv4"/><ports><port protocol="tcp" portid="5060"><state state="open" reason="syn-ack" reason_ttl="51"/></port></ports></host>
<host endtime="1733440071"><address addr="202.46.11.220" addrtype="ipv4"/><ports><port protocol="tcp" portid="5060"><state state="open" reason="syn-ack" reason_ttl="50"/></port></ports></host>
<host endtime="1733440074"><address addr="202.46.244.173" addrtype="ipv4"/><ports><port protocol="tcp" portid="5060"><state state="open" reason="syn-ack" reason_ttl="51"/></port></ports></host>
<host endtime="1733440076"><address addr="202.46.12.60" addrtype="ipv4"/><ports><port protocol="tcp" portid="5060"><state state="open" reason="syn-ack" reason_ttl="50"/></port></ports></host>
<host endtime="1733440077"><address addr="202.46.15.152" addrtype="ipv4"/><ports><port protocol="tcp" portid="5061"><state state="open" reason="syn-ack" reason_ttl="49"/></port></ports></host>
<host endtime="1733440080"><address addr="202.46.241.30" addrtype="ipv4"/><ports><port protocol="tcp" portid="5060"><state state="open" reason="syn-ack" reason_ttl="50"/></port></ports></host>
<host endtime="1733440083"><address addr="202.46.248.224" addrtype="ipv4"/><ports><port protocol="tcp" portid="5060"><state state="open" reason="syn-ack" reason_ttl="51"/></port></ports></host>
<host endtime="1733440083"><address addr="202.46.4.113" addrtype="ipv4"/><ports><port protocol="tcp" portid="5060"><state state="open" reason="syn-ack" reason_ttl="51"/></port></ports></host>
<host endtime="1733440086"><address addr="193.103.200.168" addrtype="ipv4"/><ports><port protocol="tcp" portid="5060"><state state="open" reason="syn-ack" reason_ttl="54"/></port></ports></host>
<host endtime="1733440088"><address addr="103.83.18.9" addrtype="ipv4"/><ports><port protocol="tcp" portid="5060"><state state="open" reason="syn-ack" reason_ttl="48"/></port></ports></host>
<host endtime="1733440091"><address addr="202.46.240.185" addrtype="ipv4"/><ports><port protocol="tcp" portid="5060"><state state="open" reason="syn-ack" reason_ttl="51"/></port></ports></host>
<host endtime="1733440097"><address addr="202.46.240.50" addrtype="ipv4"/><ports><port protocol="tcp" portid="5060"><state state="open" reason="syn-ack" reason_ttl="51"/></port></ports></host>
<host endtime="1733440099"><address addr="202.46.12.232" addrtype="ipv4"/><ports><port protocol="tcp" portid="5060"><state state="open" reason="syn-ack" reason_ttl="50"/></port></ports></host>
<host endtime="1733440103"><address addr="103.177.50.23" addrtype="ipv4"/><ports><port protocol="tcp" portid="5060"><state state="open" reason="syn-ack" reason_ttl="120"/></port></ports></host>
<host endtime="1733440103"><address addr="193.103.200.232" addrtype="ipv4"/><ports><port protocol="tcp" portid="5060"><state state="open" reason="syn-ack" reason_ttl="52"/></port></ports></host>
<host endtime="1733440103"><address addr="202.46.15.42" addrtype="ipv4"/><ports><port protocol="tcp" portid="5060"><state state="open" reason="syn-ack" reason_ttl="50"/></port></ports></host>
<host endtime="1733440104"><address addr="202.46.252.131" addrtype="ipv4"/><ports><port protocol="tcp" portid="5060"><state state="open" reason="syn-ack" reason_ttl="51"/></port></ports></host>
<host endtime="1733440104"><address addr="202.46.0.92" addrtype="ipv4"/><ports><port protocol="tcp" portid="5060"><state state="open" reason="syn-ack" reason_ttl="51"/></port></ports></host>
<host endtime="1733440105"><address addr="202.46.254.165" addrtype="ipv4"/><ports><port protocol="tcp" portid="5060"><state state="open" reason="syn-ack" reason_ttl="50"/></port></ports></host>
<host endtime="1733440105"><address addr="103.224.214.151" addrtype="ipv4"/><ports><port protocol="tcp" portid="5060"><state state="open" reason="syn-ack" reason_ttl="48"/></port></ports></host>
<host endtime="1733440105"><address addr="202.46.241.206" addrtype="ipv4"/><ports><port protocol="tcp" portid="5060"><state state="open" reason="syn-ack" reason_ttl="51"/></port></ports></host>
<host endtime="1733440106"><address addr="202.46.250.128" addrtype="ipv4"/><ports><port protocol="tcp" portid="5060"><state state="open" reason="syn-ack" reason_ttl="51"/></port></ports></host>
<host endtime="1733440106"><address addr="202.46.4.186" addrtype="ipv4"/><ports><port protocol="tcp" portid="5060"><state state="open" reason="syn-ack" reason_ttl="51"/></port></ports></host>
<host endtime="1733440110"><address addr="202.46.1.85" addrtype="ipv4"/><ports><port protocol="tcp" portid="5061"><state state="open" reason="syn-ack" reason_ttl="49"/></port></ports></host>
<host endtime="1733440111"><address addr="193.103.206.214" addrtype="ipv4"/><ports><port protocol="tcp" portid="5060"><state state="open" reason="syn-ack" reason_ttl="52"/></port></ports></host>
<host endtime="1733440112"><address addr="202.46.14.39" addrtype="ipv4"/><ports><port protocol="tcp" portid="5060"><state state="open" reason="syn-ack" reason_ttl="51"/></port></ports></host>
<host endtime="1733440114"><address addr="202.46.248.4" addrtype="ipv4"/><ports><port protocol="tcp" portid="5060"><state state="open" reason="syn-ack" reason_ttl="51"/></port></ports></host>
<host endtime="1733440116"><address addr="103.224.214.46" addrtype="ipv4"/><ports><port protocol="tcp" portid="5060"><state state="open" reason="syn-ack" reason_ttl="48"/></port></ports></host>
<host endtime="1733440119"><address addr="202.46.14.78" addrtype="ipv4"/><ports><port protocol="tcp" portid="5060"><state state="open" reason="syn-ack" reason_ttl="51"/></port></ports></host>
<host endtime="1733440120"><address addr="202.46.10.41" addrtype="ipv4"/><ports><port protocol="tcp" portid="5060"><state state="open" reason="syn-ack" reason_ttl="50"/></port></ports></host>
<host endtime="1733440120"><address addr="199.201.237.211" addrtype="ipv4"/><ports><port protocol="tcp" portid="5060"><state state="open" reason="syn-ack" reason_ttl="47"/></port></ports></host>
<host endtime="1733440121"><address addr="103.224.215.156" addrtype="ipv4"/><ports><port protocol="tcp" portid="5060"><state state="open" reason="syn-ack" reason_ttl="48"/></port></ports></host>
<host endtime="1733440122"><address addr="202.46.0.45" addrtype="ipv4"/><ports><port protocol="tcp" portid="5060"><state state="open" reason="syn-ack" reason_ttl="51"/></port></ports></host>
<host endtime="1733440123"><address addr="202.46.252.71" addrtype="ipv4"/><ports><port protocol="tcp" portid="5060"><state state="open" reason="syn-ack" reason_ttl="51"/></port></ports></host>
<host endtime="1733440126"><address addr="202.46.2.38" addrtype="ipv4"/><ports><port protocol="tcp" portid="5060"><state state="open" reason="syn-ack" reason_ttl="51"/></port></ports></host>
<host endtime="1733440134"><address addr="193.103.200.235" addrtype="ipv4"/><ports><port protocol="tcp" portid="5060"><state state="open" reason="syn-ack" reason_ttl="52"/></port></ports></host>
<host endtime="1733440135"><address addr="202.46.8.27" addrtype="ipv4"/><ports><port protocol="tcp" portid="5060"><state state="open" reason="syn-ack" reason_ttl="50"/></port></ports></host>
<host endtime="1733440135"><address addr="202.46.253.34" addrtype="ipv4"/><ports><port protocol="tcp" portid="5060"><state state="open" reason="syn-ack" reason_ttl="51"/></port></ports></host>
<host endtime="1733440135"><address addr="202.46.247.16" addrtype="ipv4"/><ports><port protocol="tcp" portid="5060"><state state="open" reason="syn-ack" reason_ttl="51"/></port></ports></host>
<host endtime="1733440137"><address addr="202.46.12.142" addrtype="ipv4"/><ports><port protocol="tcp" portid="5060"><state state="open" reason="syn-ack" reason_ttl="51"/></port></ports></host>
<host endtime="1733440139"><address addr="202.46.11.100" addrtype="ipv4"/><ports><port protocol="tcp" portid="5060"><state state="open" reason="syn-ack" reason_ttl="51"/></port></ports></host>
<host endtime="1733440140"><address addr="202.46.248.196" addrtype="ipv4"/><ports><port protocol="tcp" portid="5060"><state state="open" reason="syn-ack" reason_ttl="51"/></port></ports></host>
<host endtime="1733440142"><address addr="103.224.215.101" addrtype="ipv4"/><ports><port protocol="tcp" portid="5060"><state state="open" reason="syn-ack" reason_ttl="48"/></port></ports></host>
<host endtime="1733440143"><address addr="202.46.243.170" addrtype="ipv4"/><ports><port protocol="tcp" portid="5060"><state state="open" reason="syn-ack" reason_ttl="50"/></port></ports></host>
<host endtime="1733440143"><address addr="202.46.250.6" addrtype="ipv4"/><ports><port protocol="tcp" portid="5060"><state state="open" reason="syn-ack" reason_ttl="51"/></port></ports></host>
<host endtime="1733440152"><address addr="202.46.248.172" addrtype="ipv4"/><ports><port protocol="tcp" portid="5060"><state state="open" reason="syn-ack" reason_ttl="50"/></port></ports></host>
<host endtime="1733440152"><address addr="199.201.236.195" addrtype="ipv4"/><ports><port protocol="tcp" portid="5060"><state state="open" reason="syn-ack" reason_ttl="47"/></port></ports></host>
<host endtime="1733440152"><address addr="193.98.229.195" addrtype="ipv4"/><ports><port protocol="tcp" portid="5060"><state state="open" reason="syn-ack" reason_ttl="44"/></port></ports></host>
<host endtime="1733440154"><address addr="103.224.214.249" addrtype="ipv4"/><ports><port protocol="tcp" portid="5060"><state state="open" reason="syn-ack" reason_ttl="48"/></port></ports></host>
<host endtime="1733440154"><address addr="202.46.13.206" addrtype="ipv4"/><ports><port protocol="tcp" portid="5060"><state state="open" reason="syn-ack" reason_ttl="50"/></port></ports></host>
<host endtime="1733440158"><address addr="202.46.13.241" addrtype="ipv4"/><ports><port protocol="tcp" portid="5060"><state state="open" reason="syn-ack" reason_ttl="50"/></port></ports></host>
<host endtime="1733440160"><address addr="199.123.25.28" addrtype="ipv4"/><ports><port protocol="tcp" portid="5060"><state state="open" reason="syn-ack" reason_ttl="229"/></port></ports></host>
<host endtime="1733440161"><address addr="202.46.250.12" addrtype="ipv4"/><ports><port protocol="tcp" portid="5060"><state state="open" reason="syn-ack" reason_ttl="50"/></port></ports></host>
<host endtime="1733440163"><address addr="202.46.10.237" addrtype="ipv4"/><ports><port protocol="tcp" portid="5060"><state state="open" reason="syn-ack" reason_ttl="51"/></port></ports></host>
<host endtime="1733440166"><address addr="193.103.200.191" addrtype="ipv4"/><ports><port protocol="tcp" portid="5060"><state state="open" reason="syn-ack" reason_ttl="54"/></port></ports></host>
<host endtime="1733440168"><address addr="202.46.4.191" addrtype="ipv4"/><ports><port protocol="tcp" portid="5060"><state state="open" reason="syn-ack" reason_ttl="50"/></port></ports></host>
<host endtime="1733440169"><address addr="202.46.253.37" addrtype="ipv4"/><ports><port protocol="tcp" portid="5060"><state state="open" reason="syn-ack" reason_ttl="51"/></port></ports></host>
<host endtime="1733440169"><address addr="103.83.19.122" addrtype="ipv4"/><ports><port protocol="tcp" portid="5060"><state state="open" reason="syn-ack" reason_ttl="48"/></port></ports></host>
<host endtime="1733440170"><address addr="202.46.12.42" addrtype="ipv4"/><ports><port protocol="tcp" portid="5060"><state state="open" reason="syn-ack" reason_ttl="51"/></port></ports></host>
<host endtime="1733440170"><address addr="202.46.249.58" addrtype="ipv4"/><ports><port protocol="tcp" portid="5060"><state state="open" reason="syn-ack" reason_ttl="51"/></port></ports></host>
<host endtime="1733440171"><address addr="103.224.215.18" addrtype="ipv4"/><ports><port protocol="tcp" portid="5060"><state state="open" reason="syn-ack" reason_ttl="48"/></port></ports></host>
<host endtime="1733440176"><address addr="202.46.242.200" addrtype="ipv4"/><ports><port protocol="tcp" portid="5060"><state state="open" reason="syn-ack" reason_ttl="51"/></port></ports></host>
<host endtime="1733440180"><address addr="202.46.4.30" addrtype="ipv4"/><ports><port protocol="tcp" portid="5060"><state state="open" reason="syn-ack" reason_ttl="50"/></port></ports></host>
<host endtime="1733440181"><address addr="202.46.8.70" addrtype="ipv4"/><ports><port protocol="tcp" portid="5061"><state state="open" reason="syn-ack" reason_ttl="50"/></port></ports></host>
<host endtime="1733440183"><address addr="193.98.119.158" addrtype="ipv4"/><ports><port protocol="tcp" portid="5060"><state state="open" reason="syn-ack" reason_ttl="48"/></port></ports></host>
<host endtime="1733440186"><address addr="202.46.9.202" addrtype="ipv4"/><ports><port protocol="tcp" portid="5060"><state state="open" reason="syn-ack" reason_ttl="51"/></port></ports></host>
<host endtime="1733440188"><address addr="202.46.243.236" addrtype="ipv4"/><ports><port protocol="tcp" portid="5060"><state state="open" reason="syn-ack" reason_ttl="51"/></port></ports></host>
<host endtime="1733440189"><address addr="202.46.1.235" addrtype="ipv4"/><ports><port protocol="tcp" portid="5060"><state state="open" reason="syn-ack" reason_ttl="50"/></port></ports></host>
<host endtime="1733440193"><address addr="199.123.26.249" addrtype="ipv4"/><ports><port protocol="tcp" portid="5060"><state state="open" reason="syn-ack" reason_ttl="229"/></port></ports></host>
<host endtime="1733440194"><address addr="202.46.252.233" addrtype="ipv4"/><ports><port protocol="tcp" portid="5060"><state state="open" reason="syn-ack" reason_ttl="51"/></port></ports></host>
<host endtime="1733440194"><address addr="202.46.242.227" addrtype="ipv4"/><ports><port protocol="tcp" portid="5060"><state state="open" reason="syn-ack" reason_ttl="51"/></port></ports></host>
<host endtime="1733440194"><address addr="202.46.244.250" addrtype="ipv4"/><ports><port protocol="tcp" portid="5060"><state state="open" reason="syn-ack" reason_ttl="50"/></port></ports></host>
<host endtime="1733440195"><address addr="202.46.243.126" addrtype="ipv4"/><ports><port protocol="tcp" portid="5060"><state state="open" reason="syn-ack" reason_ttl="51"/></port></ports></host>
<host endtime="1733440196"><address addr="202.46.249.98" addrtype="ipv4"/><ports><port protocol="tcp" portid="5060"><state state="open" reason="syn-ack" reason_ttl="51"/></port></ports></host>
<host endtime="1733440197"><address addr="199.123.25.147" addrtype="ipv4"/><ports><port protocol="tcp" portid="5060"><state state="open" reason="syn-ack" reason_ttl="229"/></port></ports></host>
<host endtime="1733440197"><address addr="202.46.15.132" addrtype="ipv4"/><ports><port protocol="tcp" portid="5060"><state state="open" reason="syn-ack" reason_ttl="50"/></port></ports></host>
<host endtime="1733440198"><address addr="199.123.26.197" addrtype="ipv4"/><ports><port protocol="tcp" portid="5060"><state state="open" reason="syn-ack" reason_ttl="229"/></port></ports></host>
<host endtime="1733440201"><address addr="202.46.246.49" addrtype="ipv4"/><ports><port protocol="tcp" portid="5060"><state state="open" reason="syn-ack" reason_ttl="51"/></port></ports></host>
<host endtime="1733440201"><address addr="202.46.15.138" addrtype="ipv4"/><ports><port protocol="tcp" portid="5061"><state state="open" reason="syn-ack" reason_ttl="50"/></port></ports></host>
<host endtime="1733440201"><address addr="199.123.27.205" addrtype="ipv4"/><ports><port protocol="tcp" portid="5060"><state state="open" reason="syn-ack" reason_ttl="229"/></port></ports></host>
<host endtime="1733440205"><address addr="202.46.244.46" addrtype="ipv4"/><ports><port protocol="tcp" portid="5060"><state state="open" reason="syn-ack" reason_ttl="51"/></port></ports></host>
<host endtime="1733440206"><address addr="199.123.24.181" addrtype="ipv4"/><ports><port protocol="tcp" portid="5060"><state state="open" reason="syn-ack" reason_ttl="229"/></port></ports></host>
<host endtime="1733440206"><address addr="199.123.27.19" addrtype="ipv4"/><ports><port protocol="tcp" portid="5060"><state state="open" reason="syn-ack" reason_ttl="229"/></port></ports></host>
<host endtime="1733440212"><address addr="199.123.26.250" addrtype="ipv4"/><ports><port protocol="tcp" portid="5060"><state state="open" reason="syn-ack" reason_ttl="229"/></port></ports></host>
<host endtime="1733440215"><address addr="41.138.192.42" addrtype="ipv4"/><ports><port protocol="tcp" portid="5060"><state state="open" reason="syn-ack" reason_ttl="43"/></port></ports></host>
<host endtime="1733440218"><address addr="199.123.26.41" addrtype="ipv4"/><ports><port protocol="tcp" portid="5060"><state state="open" reason="syn-ack" reason_ttl="229"/></port></ports></host>
<host endtime="1733440221"><address addr="202.46.8.223" addrtype="ipv4"/><ports><port protocol="tcp" portid="5060"><state state="open" reason="syn-ack" reason_ttl="51"/></port></ports></host>
<host endtime="1733440224"><address addr="202.46.253.80" addrtype="ipv4"/><ports><port protocol="tcp" portid="5060"><state state="open" reason="syn-ack" reason_ttl="51"/></port></ports></host>
<host endtime="1733440225"><address addr="202.46.249.152" addrtype="ipv4"/><ports><port protocol="tcp" portid="5060"><state state="open" reason="syn-ack" reason_ttl="51"/></port></ports></host>
<host endtime="1733440225"><address addr="202.46.250.158" addrtype="ipv4"/><ports><port protocol="tcp" portid="5060"><state state="open" reason="syn-ack" reason_ttl="51"/></port></ports></host>
<host endtime="1733440226"><address addr="202.46.248.231" addrtype="ipv4"/><ports><port protocol="tcp" portid="5060"><state state="open" reason="syn-ack" reason_ttl="51"/></port></ports></host>
<host endtime="1733440228"><address addr="202.46.251.221" addrtype="ipv4"/><ports><port protocol="tcp" portid="5060"><state state="open" reason="syn-ack" reason_ttl="51"/></port></ports></host>
<host endtime="1733440228"><address addr="202.46.10.78" addrtype="ipv4"/><ports><port protocol="tcp" portid="5060"><state state="open" reason="syn-ack" reason_ttl="51"/></port></ports></host>
<host endtime="1733440229"><address addr="202.46.240.18" addrtype="ipv4"/><ports><port protocol="tcp" portid="5060"><state state="open" reason="syn-ack" reason_ttl="50"/></port></ports></host>
<host endtime="1733440229"><address addr="202.46.8.44" addrtype="ipv4"/><ports><port protocol="tcp" portid="5060"><state state="open" reason="syn-ack" reason_ttl="51"/></port></ports></host>
<host endtime="1733440232"><address addr="202.46.4.164" addrtype="ipv4"/><ports><port protocol="tcp" portid="5060"><state state="open" reason="syn-ack" reason_ttl="51"/></port></ports></host>
<host endtime="1733440235"><address addr="199.123.24.43" addrtype="ipv4"/><ports><port protocol="tcp" portid="5060"><state state="open" reason="syn-ack" reason_ttl="229"/></port></ports></host>
<host endtime="1733440239"><address addr="202.46.242.231" addrtype="ipv4"/><ports><port protocol="tcp" portid="5060"><state state="open" reason="syn-ack" reason_ttl="51"/></port></ports></host>
<host endtime="1733440243"><address addr="103.224.214.171" addrtype="ipv4"/><ports><port protocol="tcp" portid="5060"><state state="open" reason="syn-ack" reason_ttl="48"/></port></ports></host>
<host endtime="1733440247"><address addr="202.46.255.64" addrtype="ipv4"/><ports><port protocol="tcp" portid="5060"><state state="open" reason="syn-ack" reason_ttl="50"/></port></ports></host>
<host endtime="1733440249"><address addr="202.46.253.113" addrtype="ipv4"/><ports><port protocol="tcp" portid="5060"><state state="open" reason="syn-ack" reason_ttl="50"/></port></ports></host>
<host endtime="1733440250"><address addr="103.224.214.26" addrtype="ipv4"/><ports><port protocol="tcp" portid="5060"><state state="open" reason="syn-ack" reason_ttl="48"/></port></ports></host>
<host endtime="1733440251"><address addr="202.46.244.169" addrtype="ipv4"/><ports><port protocol="tcp" portid="5060"><state state="open" reason="syn-ack" reason_ttl="51"/></port></ports></host>
<host endtime="1733440254"><address addr="202.46.244.220" addrtype="ipv4"/><ports><port protocol="tcp" portid="5060"><state state="open" reason="syn-ack" reason_ttl="50"/></port></ports></host>
<host endtime="1733440257"><address addr="193.103.206.61" addrtype="ipv4"/><ports><port protocol="tcp" portid="5060"><state state="open" reason="syn-ack" reason_ttl="52"/></port></ports></host>
<host endtime="1733440259"><address addr="202.46.252.141" addrtype="ipv4"/><ports><port protocol="tcp" portid="5060"><state state="open" reason="syn-ack" reason_ttl="51"/></port></ports></host>
<host endtime="1733440260"><address addr="202.46.245.247" addrtype="ipv4"/><ports><port protocol="tcp" portid="5060"><state state="open" reason="syn-ack" reason_ttl="51"/></port></ports></host>
<host endtime="1733440263"><address addr="202.46.245.217" addrtype="ipv4"/><ports><port protocol="tcp" portid="5060"><state state="open" reason="syn-ack" reason_ttl="50"/></port></ports></host>
<host endtime="1733440263"><address addr="202.46.243.26" addrtype="ipv4"/><ports><port protocol="tcp" portid="5060"><state state="open" reason="syn-ack" reason_ttl="51"/></port></ports></host>
<host endtime="1733440264"><address addr="199.123.24.49" addrtype="ipv4"/><ports><port protocol="tcp" portid="5060"><state state="open" reason="syn-ack" reason_ttl="229"/></port></ports></host>
<host endtime="1733440267"><address addr="202.46.247.254" addrtype="ipv4"/><ports><port protocol="tcp" portid="5060"><state state="open" reason="syn-ack" reason_ttl="50"/></port></ports></host>
<host endtime="1733440270"><address addr="202.46.242.79" addrtype="ipv4"/><ports><port protocol="tcp" portid="5060"><state state="open" reason="syn-ack" reason_ttl="50"/></port></ports></host>
<host endtime="1733440271"><address addr="202.46.7.252" addrtype="ipv4"/><ports><port protocol="tcp" portid="5060"><state state="open" reason="syn-ack" reason_ttl="50"/></port></ports></host>
<host endtime="1733440275"><address addr="202.46.246.206" addrtype="ipv4"/><ports><port protocol="tcp" portid="5060"><state state="open" reason="syn-ack" reason_ttl="50"/></port></ports></host>
<host endtime="1733440278"><address addr="202.46.253.61" addrtype="ipv4"/><ports><port protocol="tcp" portid="5060"><state state="open" reason="syn-ack" reason_ttl="51"/></port></ports></host>
<host endtime="1733440279"><address addr="202.46.254.92" addrtype="ipv4"/><ports><port protocol="tcp" portid="5060"><state state="open" reason="syn-ack" reason_ttl="51"/></port></ports></host>
<host endtime="1733440279"><address addr="202.46.252.184" addrtype="ipv4"/><ports><port protocol="tcp" portid="5060"><state state="open" reason="syn-ack" reason_ttl="51"/></port></ports></host>
<host endtime="1733440284"><address addr="103.83.18.64" addrtype="ipv4"/><ports><port protocol="tcp" portid="5060"><state state="open" reason="syn-ack" reason_ttl="48"/></port></ports></host>
<host endtime="1733440285"><address addr="103.83.19.123" addrtype="ipv4"/><ports><port protocol="tcp" portid="5060"><state state="open" reason="syn-ack" reason_ttl="48"/></port></ports></host>
<host endtime="1733440286"><address addr="202.46.247.175" addrtype="ipv4"/><ports><port protocol="tcp" portid="5060"><state state="open" reason="syn-ack" reason_ttl="51"/></port></ports></host>
<host endtime="1733440290"><address addr="199.201.237.176" addrtype="ipv4"/><ports><port protocol="tcp" portid="5060"><state state="open" reason="syn-ack" reason_ttl="47"/></port></ports></host>
<host endtime="1733440290"><address addr="202.46.241.215" addrtype="ipv4"/><ports><port protocol="tcp" portid="5060"><state state="open" reason="syn-ack" reason_ttl="51"/></port></ports></host>
<host endtime="1733440298"><address addr="193.103.200.149" addrtype="ipv4"/><ports><port protocol="tcp" portid="5060"><state state="open" reason="syn-ack" reason_ttl="52"/></port></ports></host>
<host endtime="1733440302"><address addr="202.46.14.175" addrtype="ipv4"/><ports><port protocol="tcp" portid="5060"><state state="open" reason="syn-ack" reason_ttl="51"/></port></ports></host>
<host endtime="1733440302"><address addr="199.123.26.24" addrtype="ipv4"/><ports><port protocol="tcp" portid="5060"><state state="open" reason="syn-ack" reason_ttl="229"/></port></ports></host>
<host endtime="1733440305"><address addr="202.46.250.225" addrtype="ipv4"/><ports><port protocol="tcp" portid="5060"><state state="open" reason="syn-ack" reason_ttl="50"/></port></ports></host>
<host endtime="1733440305"><address addr="202.46.3.6" addrtype="ipv4"/><ports><port protocol="tcp" portid="5060"><state state="open" reason="syn-ack" reason_ttl="50"/></port></ports></host>
<host endtime="1733440309"><address addr="202.46.244.72" addrtype="ipv4"/><ports><port protocol="tcp" portid="5060"><state state="open" reason="syn-ack" reason_ttl="51"/></port></ports></host>
<host endtime="1733440310"><address addr="193.98.229.19" addrtype="ipv4"/><ports><port protocol="tcp" portid="5061"><state state="open" reason="syn-ack" reason_ttl="49"/></port></ports></host>
<host endtime="1733440311"><address addr="193.103.200.136" addrtype="ipv4"/><ports><port protocol="tcp" portid="5060"><state state="open" reason="syn-ack" reason_ttl="54"/></port></ports></host>
<host endtime="1733440311"><address addr="202.46.246.178" addrtype="ipv4"/><ports><port protocol="tcp" portid="5060"><state state="open" reason="syn-ack" reason_ttl="50"/></port></ports></host>
<host endtime="1733440312"><address addr="202.46.253.155" addrtype="ipv4"/><ports><port protocol="tcp" portid="5060"><state state="open" reason="syn-ack" reason_ttl="51"/></port></ports></host>
<host endtime="1733440312"><address addr="202.46.244.186" addrtype="ipv4"/><ports><port protocol="tcp" portid="5060"><state state="open" reason="syn-ack" reason_ttl="51"/></port></ports></host>
<host endtime="1733440313"><address addr="193.98.229.186" addrtype="ipv4"/><ports><port protocol="tcp" portid="5060"><state state="open" reason="syn-ack" reason_ttl="49"/></port></ports></host>
<host endtime="1733440313"><address addr="202.46.247.251" addrtype="ipv4"/><ports><port protocol="tcp" portid="5060"><state state="open" reason="syn-ack" reason_ttl="50"/></port></ports></host>
<host endtime="1733440318"><address addr="202.46.12.14" addrtype="ipv4"/><ports><port protocol="tcp" portid="5060"><state state="open" reason="syn-ack" reason_ttl="51"/></port></ports></host>
<host endtime="1733440320"><address addr="199.123.25.163" addrtype="ipv4"/><ports><port protocol="tcp" portid="5060"><state state="open" reason="syn-ack" reason_ttl="229"/></port></ports></host>
<host endtime="1733440320"><address addr="193.103.200.160" addrtype="ipv4"/><ports><port protocol="tcp" portid="5060"><state state="open" reason="syn-ack" reason_ttl="54"/></port></ports></host>
<host endtime="1733440324"><address addr="199.123.24.48" addrtype="ipv4"/><ports><port protocol="tcp" portid="5060"><state state="open" reason="syn-ack" reason_ttl="229"/></port></ports></host>
<host endtime="1733440325"><address addr="202.46.248.74" addrtype="ipv4"/><ports><port protocol="tcp" portid="5060"><state state="open" reason="syn-ack" reason_ttl="51"/></port></ports></host>
<host endtime="1733440325"><address addr="202.46.244.17" addrtype="ipv4"/><ports><port protocol="tcp" portid="5060"><state state="open" reason="syn-ack" reason_ttl="51"/></port></ports></host>
<host endtime="1733440326"><address addr="202.46.2.240" addrtype="ipv4"/><ports><port protocol="tcp" portid="5060"><state state="open" reason="syn-ack" reason_ttl="50"/></port></ports></host>
<host endtime="1733440329"><address addr="202.46.240.118" addrtype="ipv4"/><ports><port protocol="tcp" portid="5060"><state state="open" reason="syn-ack" reason_ttl="50"/></port></ports></host>
<host endtime="1733440331"><address addr="199.201.236.200" addrtype="ipv4"/><ports><port protocol="tcp" portid="5060"><state state="open" reason="syn-ack" reason_ttl="47"/></port></ports></host>
<host endtime="1733440333"><address addr="202.46.7.116" addrtype="ipv4"/><ports><port protocol="tcp" portid="5060"><state state="open" reason="syn-ack" reason_ttl="51"/></port></ports></host>
<host endtime="1733440335"><address addr="202.46.246.18" addrtype="ipv4"/><ports><port protocol="tcp" portid="5060"><state state="open" reason="syn-ack" reason_ttl="50"/></port></ports></host>
<host endtime="1733440335"><address addr="202.46.9.142" addrtype="ipv4"/><ports><port protocol="tcp" portid="5060"><state state="open" reason="syn-ack" reason_ttl="51"/></port></ports></host>
<host endtime="1733440335"><address addr="202.46.246.21" addrtype="ipv4"/><ports><port protocol="tcp" portid="5060"><state state="open" reason="syn-ack" reason_ttl="51"/></port></ports></host>
<host endtime="1733440335"><address addr="103.110.62.115" addrtype="ipv4"/><ports><port protocol="tcp" portid="5061"><state state="open" reason="syn-ack" reason_ttl="242"/></port></ports></host>
<host endtime="1733440336"><address addr="202.46.3.250" addrtype="ipv4"/><ports><port protocol="tcp" portid="5060"><state state="open" reason="syn-ack" reason_ttl="50"/></port></ports></host>
<host endtime="1733440336"><address addr="202.46.10.92" addrtype="ipv4"/><ports><port protocol="tcp" portid="5060"><state state="open" reason="syn-ack" reason_ttl="51"/></port></ports></host>
<host endtime="1733440337"><address addr="199.123.25.116" addrtype="ipv4"/><ports><port protocol="tcp" portid="5060"><state state="open" reason="syn-ack" reason_ttl="229"/></port></ports></host>
<host endtime="1733440338"><address addr="202.46.243.214" addrtype="ipv4"/><ports><port protocol="tcp" portid="5060"><state state="open" reason="syn-ack" reason_ttl="51"/></port></ports></host>
<host endtime="1733440343"><address addr="202.46.13.199" addrtype="ipv4"/><ports><port protocol="tcp" portid="5060"><state state="open" reason="syn-ack" reason_ttl="50"/></port></ports></host>
<host endtime="1733440344"><address addr="202.46.12.13" addrtype="ipv4"/><ports><port protocol="tcp" portid="5060"><state state="open" reason="syn-ack" reason_ttl="51"/></port></ports></host>
<host endtime="1733440349"><address addr="202.46.245.63" addrtype="ipv4"/><ports><port protocol="tcp" portid="5060"><state state="open" reason="syn-ack" reason_ttl="51"/></port></ports></host>
<host endtime="1733440349"><address addr="202.46.10.81" addrtype="ipv4"/><ports><port protocol="tcp" portid="5060"><state state="open" reason="syn-ack" reason_ttl="50"/></port></ports></host>
<host endtime="1733440350"><address addr="199.201.236.35" addrtype="ipv4"/><ports><port protocol="tcp" portid="5060"><state state="open" reason="syn-ack" reason_ttl="47"/></port></ports></host>
<host endtime="1733440351"><address addr="202.46.7.234" addrtype="ipv4"/><ports><port protocol="tcp" portid="5060"><state state="open" reason="syn-ack" reason_ttl="50"/></port></ports></host>
<host endtime="1733440353"><address addr="202.46.5.34" addrtype="ipv4"/><ports><port protocol="tcp" portid="5060"><state state="open" reason="syn-ack" reason_ttl="51"/></port></ports></host>
<host endtime="1733440354"><address addr="202.46.249.201" addrtype="ipv4"/><ports><port protocol="tcp" portid="5060"><state state="open" reason="syn-ack" reason_ttl="51"/></port></ports></host>
<host endtime="1733440354"><address addr="202.46.9.81" addrtype="ipv4"/><ports><port protocol="tcp" portid="5060"><state state="open" reason="syn-ack" reason_ttl="50"/></port></ports></host>
<host endtime="1733440354"><address addr="202.46.7.57" addrtype="ipv4"/><ports><port protocol="tcp" portid="5060"><state state="open" reason="syn-ack" reason_ttl="50"/></port></ports></host>
<host endtime="1733440355"><address addr="202.46.10.238" addrtype="ipv4"/><ports><port protocol="tcp" portid="5060"><state state="open" reason="syn-ack" reason_ttl="51"/></port></ports></host>
<host endtime="1733440356"><address addr="199.123.27.92" addrtype="ipv4"/><ports><port protocol="tcp" portid="5060"><state state="open" reason="syn-ack" reason_ttl="229"/></port></ports></host>
<host endtime="1733440357"><address addr="202.46.6.252" addrtype="ipv4"/><ports><port protocol="tcp" portid="5060"><state state="open" reason="syn-ack" reason_ttl="50"/></port></ports></host>
<host endtime="1733440360"><address addr="202.46.245.86" addrtype="ipv4"/><ports><port protocol="tcp" portid="5060"><state state="open" reason="syn-ack" reason_ttl="50"/></port></ports></host>
<host endtime="1733440361"><address addr="202.46.12.53" addrtype="ipv4"/><ports><port protocol="tcp" portid="5060"><state state="open" reason="syn-ack" reason_ttl="51"/></port></ports></host>
<host endtime="1733440361"><address addr="103.224.215.51" addrtype="ipv4"/><ports><port protocol="tcp" portid="5060"><state state="open" reason="syn-ack" reason_ttl="48"/></port></ports></host>
<host endtime="1733440370"><address addr="202.46.5.121" addrtype="ipv4"/><ports><port protocol="tcp" portid="5060"><state state="open" reason="syn-ack" reason_ttl="50"/></port></ports></host>
<host endtime="1733440372"><address addr="202.46.13.129" addrtype="ipv4"/><ports><port protocol="tcp" portid="5060"><state state="open" reason="syn-ack" reason_ttl="51"/></port></ports></host>
<host endtime="1733440373"><address addr="202.46.12.27" addrtype="ipv4"/><ports><port protocol="tcp" portid="5060"><state state="open" reason="syn-ack" reason_ttl="51"/></port></ports></host>
<host endtime="1733440375"><address addr="202.46.245.169" addrtype="ipv4"/><ports><port protocol="tcp" portid="5060"><state state="open" reason="syn-ack" reason_ttl="51"/></port></ports></host>
<host endtime="1733440377"><address addr="103.83.18.255" addrtype="ipv4"/><ports><port protocol="tcp" portid="5060"><state state="open" reason="syn-ack" reason_ttl="48"/></port></ports></host>
<host endtime="1733440378"><address addr="202.46.248.143" addrtype="ipv4"/><ports><port protocol="tcp" portid="5060"><state state="open" reason="syn-ack" reason_ttl="51"/></port></ports></host>
<host endtime="1733440381"><address addr="202.46.247.208" addrtype="ipv4"/><ports><port protocol="tcp" portid="5060"><state state="open" reason="syn-ack" reason_ttl="51"/></port></ports></host>
<host endtime="1733440384"><address addr="202.46.244.89" addrtype="ipv4"/><ports><port protocol="tcp" portid="5060"><state state="open" reason="syn-ack" reason_ttl="50"/></port></ports></host>
<host endtime="1733440387"><address addr="202.46.241.51" addrtype="ipv4"/><ports><port protocol="tcp" portid="5060"><state state="open" reason="syn-ack" reason_ttl="51"/></port></ports></host>
<host endtime="1733440389"><address addr="202.46.252.86" addrtype="ipv4"/><ports><port protocol="tcp" portid="5060"><state state="open" reason="syn-ack" reason_ttl="51"/></port></ports></host>
<host endtime="1733440390"><address addr="103.83.18.213" addrtype="ipv4"/><ports><port protocol="tcp" portid="5060"><state state="open" reason="syn-ack" reason_ttl="48"/></port></ports></host>
<host endtime="1733440394"><address addr="193.98.229.247" addrtype="ipv4"/><ports><port protocol="tcp" portid="5061"><state state="open" reason="syn-ack" reason_ttl="48"/></port></ports></host>
<host endtime="1733440395"><address addr="202.46.240.79" addrtype="ipv4"/><ports><port protocol="tcp" portid="5060"><state state="open" reason="syn-ack" reason_ttl="50"/></port></ports></host>
<host endtime="1733440397"><address addr="202.46.15.128" addrtype="ipv4"/><ports><port protocol="tcp" portid="5060"><state state="open" reason="syn-ack" reason_ttl="50"/></port></ports></host>
<host endtime="1733440399"><address addr="202.46.1.117" addrtype="ipv4"/><ports><port protocol="tcp" portid="5060"><state state="open" reason="syn-ack" reason_ttl="51"/></port></ports></host>
<host endtime="1733440401"><address addr="199.201.236.253" addrtype="ipv4"/><ports><port protocol="tcp" portid="5060"><state state="open" reason="syn-ack" reason_ttl="47"/></port></ports></host>
<host endtime="1733440402"><address addr="199.123.24.132" addrtype="ipv4"/><ports><port protocol="tcp" portid="5060"><state state="open" reason="syn-ack" reason_ttl="229"/></port></ports></host>
<host endtime="1733440404"><address addr="202.46.243.252" addrtype="ipv4"/><ports><port protocol="tcp" portid="5060"><state state="open" reason="syn-ack" reason_ttl="51"/></port></ports></host>
<host endtime="1733440407"><address addr="202.46.251.169" addrtype="ipv4"/><ports><port protocol="tcp" portid="5060"><state state="open" reason="syn-ack" reason_ttl="51"/></port></ports></host>
<host endtime="1733440408"><address addr="202.46.2.10" addrtype="ipv4"/><ports><port protocol="tcp" portid="5060"><state state="open" reason="syn-ack" reason_ttl="51"/></port></ports></host>
<host endtime="1733440409"><address addr="202.46.3.171" addrtype="ipv4"/><ports><port protocol="tcp" portid="5060"><state state="open" reason="syn-ack" reason_ttl="50"/></port></ports></host>
<host endtime="1733440411"><address addr="202.46.244.177" addrtype="ipv4"/><ports><port protocol="tcp" portid="5060"><state state="open" reason="syn-ack" reason_ttl="51"/></port></ports></host>
<host endtime="1733440413"><address addr="202.46.253.69" addrtype="ipv4"/><ports><port protocol="tcp" portid="5060"><state state="open" reason="syn-ack" reason_ttl="51"/></port></ports></host>
<host endtime="1733440416"><address addr="202.46.5.143" addrtype="ipv4"/><ports><port protocol="tcp" portid="5060"><state state="open" reason="syn-ack" reason_ttl="51"/></port></ports></host>
<host endtime="1733440419"><address addr="202.46.252.115" addrtype="ipv4"/><ports><port protocol="tcp" portid="5060"><state state="open" reason="syn-ack" reason_ttl="51"/></port></ports></host>
<host endtime="1733440421"><address addr="202.46.4.173" addrtype="ipv4"/><ports><port protocol="tcp" portid="5060"><state state="open" reason="syn-ack" reason_ttl="51"/></port></ports></host>
<host endtime="1733440426"><address addr="202.46.1.172" addrtype="ipv4"/><ports><port protocol="tcp" portid="5060"><state state="open" reason="syn-ack" reason_ttl="51"/></port></ports></host>
<host endtime="1733440428"><address addr="202.46.6.57" addrtype="ipv4"/><ports><port protocol="tcp" portid="5060"><state state="open" reason="syn-ack" reason_ttl="50"/></port></ports></host>
<host endtime="1733440428"><address addr="202.46.252.158" addrtype="ipv4"/><ports><port protocol="tcp" portid="5060"><state state="open" reason="syn-ack" reason_ttl="51"/></port></ports></host>
<host endtime="1733440430"><address addr="202.46.1.134" addrtype="ipv4"/><ports><port protocol="tcp" portid="5060"><state state="open" reason="syn-ack" reason_ttl="50"/></port></ports></host>
<host endtime="1733440432"><address addr="202.46.249.141" addrtype="ipv4"/><ports><port protocol="tcp" portid="5060"><state state="open" reason="syn-ack" reason_ttl="51"/></port></ports></host>
<host endtime="1733440434"><address addr="202.46.244.39" addrtype="ipv4"/><ports><port protocol="tcp" portid="5060"><state state="open" reason="syn-ack" reason_ttl="50"/></port></ports></host>
<host endtime="1733440435"><address addr="202.46.248.140" addrtype="ipv4"/><ports><port protocol="tcp" portid="5060"><state state="open" reason="syn-ack" reason_ttl="51"/></port></ports></host>
<host endtime="1733440439"><address addr="202.46.250.161" addrtype="ipv4"/><ports><port protocol="tcp" portid="5060"><state state="open" reason="syn-ack" reason_ttl="51"/></port></ports></host>
<host endtime="1733440440"><address addr="202.46.1.111" addrtype="ipv4"/><ports><port protocol="tcp" portid="5060"><state state="open" reason="syn-ack" reason_ttl="51"/></port></ports></host>
<host endtime="1733440440"><address addr="202.46.252.30" addrtype="ipv4"/><ports><port protocol="tcp" portid="5060"><state state="open" reason="syn-ack" reason_ttl="51"/></port></ports></host>
<host endtime="1733440442"><address addr="199.201.236.109" addrtype="ipv4"/><ports><port protocol="tcp" portid="5060"><state state="open" reason="syn-ack" reason_ttl="47"/></port></ports></host>
<host endtime="1733440445"><address addr="202.46.243.181" addrtype="ipv4"/><ports><port protocol="tcp" portid="5060"><state state="open" reason="syn-ack" reason_ttl="51"/></port></ports></host>
<host endtime="1733440448"><address addr="193.98.229.118" addrtype="ipv4"/><ports><port protocol="tcp" portid="5061"><state state="open" reason="syn-ack" reason_ttl="49"/></port></ports></host>
<host endtime="1733440449"><address addr="103.224.215.109" addrtype="ipv4"/><ports><port protocol="tcp" portid="5060"><state state="open" reason="syn-ack" reason_ttl="48"/></port></ports></host>
<host endtime="1733440450"><address addr="202.46.248.163" addrtype="ipv4"/><ports><port protocol="tcp" portid="5060"><state state="open" reason="syn-ack" reason_ttl="50"/></port></ports></host>
<host endtime="1733440451"><address addr="202.46.240.175" addrtype="ipv4"/><ports><port protocol="tcp" portid="5060"><state state="open" reason="syn-ack" reason_ttl="50"/></port></ports></host>
<host endtime="1733440451"><address addr="202.46.0.234" addrtype="ipv4"/><ports><port protocol="tcp" portid="5060"><state state="open" reason="syn-ack" reason_ttl="51"/></port></ports></host>
<host endtime="1733440453"><address addr="202.46.240.179" addrtype="ipv4"/><ports><port protocol="tcp" portid="5060"><state state="open" reason="syn-ack" reason_ttl="51"/></port></ports></host>
<host endtime="1733440453"><address addr="202.46.7.248" addrtype="ipv4"/><ports><port protocol="tcp" portid="5060"><state state="open" reason="syn-ack" reason_ttl="51"/></port></ports></host>
<host endtime="1733440457"><address addr="202.46.253.167" addrtype="ipv4"/><ports><port protocol="tcp" portid="5060"><state state="open" reason="syn-ack" reason_ttl="51"/></port></ports></host>
<host endtime="1733440458"><address addr="202.46.247.226" addrtype="ipv4"/><ports><port protocol="tcp" portid="5060"><state state="open" reason="syn-ack" reason_ttl="50"/></port></ports></host>
<host endtime="1733440458"><address addr="199.123.27.204" addrtype="ipv4"/><ports><port protocol="tcp" portid="5060"><state state="open" reason="syn-ack" reason_ttl="229"/></port></ports></host>
<host endtime="1733440463"><address addr="202.46.240.64" addrtype="ipv4"/><ports><port protocol="tcp" portid="5060"><state state="open" reason="syn-ack" reason_ttl="50"/></port></ports></host>
<host endtime="1733440466"><address addr="202.46.8.17" addrtype="ipv4"/><ports><port protocol="tcp" portid="5060"><state state="open" reason="syn-ack" reason_ttl="51"/></port></ports></host>
<host endtime="1733440467"><address addr="202.46.14.99" addrtype="ipv4"/><ports><port protocol="tcp" portid="5060"><state state="open" reason="syn-ack" reason_ttl="51"/></port></ports></host>
<host endtime="1733440468"><address addr="202.46.9.80" addrtype="ipv4"/><ports><port protocol="tcp" portid="5060"><state state="open" reason="syn-ack" reason_ttl="51"/></port></ports></host>
<host endtime="1733440469"><address addr="202.46.4.230" addrtype="ipv4"/><ports><port protocol="tcp" portid="5060"><state state="open" reason="syn-ack" reason_ttl="50"/></port></ports></host>
<host endtime="1733440472"><address addr="103.224.215.89" addrtype="ipv4"/><ports><port protocol="tcp" portid="5060"><state state="open" reason="syn-ack" reason_ttl="48"/></port></ports></host>
<host endtime="1733440477"><address addr="202.46.12.176" addrtype="ipv4"/><ports><port protocol="tcp" portid="5060"><state state="open" reason="syn-ack" reason_ttl="50"/></port></ports></host>
<host endtime="1733440478"><address addr="199.123.27.32" addrtype="ipv4"/><ports><port protocol="tcp" portid="5060"><state state="open" reason="syn-ack" reason_ttl="229"/></port></ports></host>
<host endtime="1733440480"><address addr="202.46.11.123" addrtype="ipv4"/><ports><port protocol="tcp" portid="5060"><state state="open" reason="syn-ack" reason_ttl="51"/></port></ports></host>
<host endtime="1733440480"><address addr="193.98.229.50" addrtype="ipv4"/><ports><port protocol="tcp" portid="5060"><state state="open" reason="syn-ack" reason_ttl="48"/></port></ports></host>
<host endtime="1733440482"><address addr="202.46.254.46" addrtype="ipv4"/><ports><port protocol="tcp" portid="5060"><state state="open" reason="syn-ack" reason_ttl="50"/></port></ports></host>
<host endtime="1733440482"><address addr="199.123.27.236" addrtype="ipv4"/><ports><port protocol="tcp" portid="5060"><state state="open" reason="syn-ack" reason_ttl="229"/></port></ports></host>
<host endtime="1733440482"><address addr="199.123.25.41" addrtype="ipv4"/><ports><port protocol="tcp" portid="5060"><state state="open" reason="syn-ack" reason_ttl="229"/></port></ports></host>
<host endtime="1733440484"><address addr="202.46.9.138" addrtype="ipv4"/><ports><port protocol="tcp" portid="5060"><state state="open" reason="syn-ack" reason_ttl="50"/></port></ports></host>
<host endtime="1733440484"><address addr="103.224.215.208" addrtype="ipv4"/><ports><port protocol="tcp" portid="5060"><state state="open" reason="syn-ack" reason_ttl="48"/></port></ports></host>
<host endtime="1733440486"><address addr="202.46.4.74" addrtype="ipv4"/><ports><port protocol="tcp" portid="5060"><state state="open" reason="syn-ack" reason_ttl="50"/></port></ports></host>
<host endtime="1733440488"><address addr="202.46.12.44" addrtype="ipv4"/><ports><port protocol="tcp" portid="5060"><state state="open" reason="syn-ack" reason_ttl="51"/></port></ports></host>
<host endtime="1733440491"><address addr="199.123.26.32" addrtype="ipv4"/><ports><port protocol="tcp" portid="5060"><state state="open" reason="syn-ack" reason_ttl="229"/></port></ports></host>
<host endtime="1733440492"><address addr="202.46.14.62" addrtype="ipv4"/><ports><port protocol="tcp" portid="5060"><state state="open" reason="syn-ack" reason_ttl="51"/></port></ports></host>
<host endtime="1733440493"><address addr="199.123.25.144" addrtype="ipv4"/><ports><port protocol="tcp" portid="5060"><state state="open" reason="syn-ack" reason_ttl="229"/></port></ports></host>
<host endtime="1733440493"><address addr="202.46.7.197" addrtype="ipv4"/><ports><port protocol="tcp" portid="5060"><state state="open" reason="syn-ack" reason_ttl="50"/></port></ports></host>
<host endtime="1733440494"><address addr="202.46.12.210" addrtype="ipv4"/><ports><port protocol="tcp" portid="5060"><state state="open" reason="syn-ack" reason_ttl="50"/></port></ports></host>
<host endtime="1733440494"><address addr="199.201.236.254" addrtype="ipv4"/><ports><port protocol="tcp" portid="5060"><state state="open" reason="syn-ack" reason_ttl="47"/></port></ports></host>
<host endtime="1733440496"><address addr="202.46.7.72" addrtype="ipv4"/><ports><port protocol="tcp" portid="5060"><state state="open" reason="syn-ack" reason_ttl="51"/></port></ports></host>
<host endtime="1733440496"><address addr="202.46.6.25" addrtype="ipv4"/><ports><port protocol="tcp" portid="5060"><state state="open" reason="syn-ack" reason_ttl="50"/></port></ports></host>
<host endtime="1733440497"><address addr="202.46.255.36" addrtype="ipv4"/><ports><port protocol="tcp" portid="5060"><state state="open" reason="syn-ack" reason_ttl="51"/></port></ports></host>
<host endtime="1733440499"><address addr="193.98.229.11" addrtype="ipv4"/><ports><port protocol="tcp" portid="5061"><state state="open" reason="syn-ack" reason_ttl="49"/></port></ports></host>
<host endtime="1733440500"><address addr="199.123.27.59" addrtype="ipv4"/><ports><port protocol="tcp" portid="5060"><state state="open" reason="syn-ack" reason_ttl="229"/></port></ports></host>
<host endtime="1733440502"><address addr="202.46.3.47" addrtype="ipv4"/><ports><port protocol="tcp" portid="5060"><state state="open" reason="syn-ack" reason_ttl="50"/></port></ports></host>
<host endtime="1733440502"><address addr="103.83.18.66" addrtype="ipv4"/><ports><port protocol="tcp" portid="5060"><state state="open" reason="syn-ack" reason_ttl="48"/></port></ports></host>
<host endtime="1733440506"><address addr="202.46.241.245" addrtype="ipv4"/><ports><port protocol="tcp" portid="5060"><state state="open" reason="syn-ack" reason_ttl="50"/></port></ports></host>
<host endtime="1733440507"><address addr="202.46.247.111" addrtype="ipv4"/><ports><port protocol="tcp" portid="5060"><state state="open" reason="syn-ack" reason_ttl="51"/></port></ports></host>
<host endtime="1733440508"><address addr="199.123.27.29" addrtype="ipv4"/><ports><port protocol="tcp" portid="5060"><state state="open" reason="syn-ack" reason_ttl="229"/></port></ports></host>
<host endtime="1733440512"><address addr="202.46.8.31" addrtype="ipv4"/><ports><port protocol="tcp" portid="5060"><state state="open" reason="syn-ack" reason_ttl="51"/></port></ports></host>
<host endtime="1733440513"><address addr="202.46.240.169" addrtype="ipv4"/><ports><port protocol="tcp" portid="5060"><state state="open" reason="syn-ack" reason_ttl="51"/></port></ports></host>
<host endtime="1733440513"><address addr="202.46.250.42" addrtype="ipv4"/><ports><port protocol="tcp" portid="5060"><state state="open" reason="syn-ack" reason_ttl="51"/></port></ports></host>
<host endtime="1733440514"><address addr="202.46.243.169" addrtype="ipv4"/><ports><port protocol="tcp" portid="5060"><state state="open" reason="syn-ack" reason_ttl="50"/></port></ports></host>
<host endtime="1733440514"><address addr="199.123.26.64" addrtype="ipv4"/><ports><port protocol="tcp" portid="5060"><state state="open" reason="syn-ack" reason_ttl="229"/></port></ports></host>
<host endtime="1733440515"><address addr="199.201.236.234" addrtype="ipv4"/><ports><port protocol="tcp" portid="5060"><state state="open" reason="syn-ack" reason_ttl="47"/></port></ports></host>
<host endtime="1733440516"><address addr="202.46.241.150" addrtype="ipv4"/><ports><port protocol="tcp" portid="5060"><state state="open" reason="syn-ack" reason_ttl="50"/></port></ports></host>
<host endtime="1733440516"><address addr="202.46.250.222" addrtype="ipv4"/><ports><port protocol="tcp" portid="5060"><state state="open" reason="syn-ack" reason_ttl="51"/></port></ports></host>
<host endtime="1733440518"><address addr="202.46.248.58" addrtype="ipv4"/><ports><port protocol="tcp" portid="5060"><state state="open" reason="syn-ack" reason_ttl="51"/></port></ports></host>
<host endtime="1733440518"><address addr="103.224.215.170" addrtype="ipv4"/><ports><port protocol="tcp" portid="5060"><state state="open" reason="syn-ack" reason_ttl="48"/></port></ports></host>
<host endtime="1733440518"><address addr="202.46.1.0" addrtype="ipv4"/><ports><port protocol="tcp" portid="5060"><state state="open" reason="syn-ack" reason_ttl="50"/></port></ports></host>
<host endtime="1733440519"><address addr="202.46.243.112" addrtype="ipv4"/><ports><port protocol="tcp" portid="5060"><state state="open" reason="syn-ack" reason_ttl="51"/></port></ports></host>
<host endtime="1733440521"><address addr="202.46.4.161" addrtype="ipv4"/><ports><port protocol="tcp" portid="5060"><state state="open" reason="syn-ack" reason_ttl="51"/></port></ports></host>
<host endtime="1733440521"><address addr="202.46.4.207" addrtype="ipv4"/><ports><port protocol="tcp" portid="5060"><state state="open" reason="syn-ack" reason_ttl="50"/></port></ports></host>
<host endtime="1733440522"><address addr="199.123.27.167" addrtype="ipv4"/><ports><port protocol="tcp" portid="5060"><state state="open" reason="syn-ack" reason_ttl="229"/></port></ports></host>
<host endtime="1733440524"><address addr="193.98.229.46" addrtype="ipv4"/><ports><port protocol="tcp" portid="5060"><state state="open" reason="syn-ack" reason_ttl="49"/></port></ports></host>
<host endtime="1733440524"><address addr="202.46.9.173" addrtype="ipv4"/><ports><port protocol="tcp" portid="5060"><state state="open" reason="syn-ack" reason_ttl="51"/></port></ports></host>
<host endtime="1733440526"><address addr="202.46.13.17" addrtype="ipv4"/><ports><port protocol="tcp" portid="5060"><state state="open" reason="syn-ack" reason_ttl="50"/></port></ports></host>
<host endtime="1733440527"><address addr="202.46.254.66" addrtype="ipv4"/><ports><port protocol="tcp" portid="5060"><state state="open" reason="syn-ack" reason_ttl="51"/></port></ports></host>
<host endtime="1733440531"><address addr="202.46.5.60" addrtype="ipv4"/><ports><port protocol="tcp" portid="5060"><state state="open" reason="syn-ack" reason_ttl="51"/></port></ports></host>
<host endtime="1733440533"><address addr="202.46.241.16" addrtype="ipv4"/><ports><port protocol="tcp" portid="5060"><state state="open" reason="syn-ack" reason_ttl="50"/></port></ports></host>
<host endtime="1733440534"><address addr="202.46.246.19" addrtype="ipv4"/><ports><port protocol="tcp" portid="5060"><state state="open" reason="syn-ack" reason_ttl="51"/></port></ports></host>
<host endtime="1733440535"><address addr="202.46.3.228" addrtype="ipv4"/><ports><port protocol="tcp" portid="5060"><state state="open" reason="syn-ack" reason_ttl="51"/></port></ports></host>
<host endtime="1733440541"><address addr="202.46.11.111" addrtype="ipv4"/><ports><port protocol="tcp" portid="5060"><state state="open" reason="syn-ack" reason_ttl="51"/></port></ports></host>
<host endtime="1733440543"><address addr="202.46.253.10" addrtype="ipv4"/><ports><port protocol="tcp" portid="5060"><state state="open" reason="syn-ack" reason_ttl="50"/></port></ports></host>
<host endtime="1733440547"><address addr="202.46.247.104" addrtype="ipv4"/><ports><port protocol="tcp" portid="5060"><state state="open" reason="syn-ack" reason_ttl="51"/></port></ports></host>
<host endtime="1733440548"><address addr="202.46.7.103" addrtype="ipv4"/><ports><port protocol="tcp" portid="5060"><state state="open" reason="syn-ack" reason_ttl="51"/></port></ports></host>
<host endtime="1733440551"><address addr="202.46.246.146" addrtype="ipv4"/><ports><port protocol="tcp" portid="5060"><state state="open" reason="syn-ack" reason_ttl="50"/></port></ports></host>
<host endtime="1733440551"><address addr="199.123.24.13" addrtype="ipv4"/><ports><port protocol="tcp" portid="5060"><state state="open" reason="syn-ack" reason_ttl="229"/></port></ports></host>
<host endtime="1733440551"><address addr="202.46.241.95" addrtype="ipv4"/><ports><port protocol="tcp" portid="5060"><state state="open" reason="syn-ack" reason_ttl="51"/></port></ports></host>
<host endtime="1733440552"><address addr="202.46.247.223" addrtype="ipv4"/><ports><port protocol="tcp" portid="5060"><state state="open" reason="syn-ack" reason_ttl="51"/></port></ports></host>
<host endtime="1733440552"><address addr="202.46.6.32" addrtype="ipv4"/><ports><port protocol="tcp" portid="5060"><state state="open" reason="syn-ack" reason_ttl="50"/></port></ports></host>
<host endtime="1733440555"><address addr="202.46.254.168" addrtype="ipv4"/><ports><port protocol="tcp" portid="5060"><state state="open" reason="syn-ack" reason_ttl="51"/></port></ports></host>
<host endtime="1733440555"><address addr="202.46.5.148" addrtype="ipv4"/><ports><port protocol="tcp" portid="5060"><state state="open" reason="syn-ack" reason_ttl="51"/></port></ports></host>
<host endtime="1733440556"><address addr="202.46.251.199" addrtype="ipv4"/><ports><port protocol="tcp" portid="5060"><state state="open" reason="syn-ack" reason_ttl="51"/></port></ports></host>
<host endtime="1733440557"><address addr="202.46.11.187" addrtype="ipv4"/><ports><port protocol="tcp" portid="5060"><state state="open" reason="syn-ack" reason_ttl="51"/></port></ports></host>
<host endtime="1733440558"><address addr="202.46.254.17" addrtype="ipv4"/><ports><port protocol="tcp" portid="5060"><state state="open" reason="syn-ack" reason_ttl="50"/></port></ports></host>
<host endtime="1733440560"><address addr="202.46.254.12" addrtype="ipv4"/><ports><port protocol="tcp" portid="5060"><state state="open" reason="syn-ack" reason_ttl="51"/></port></ports></host>
<host endtime="1733440560"><address addr="103.224.215.113" addrtype="ipv4"/><ports><port protocol="tcp" portid="5060"><state state="open" reason="syn-ack" reason_ttl="48"/></port></ports></host>
<host endtime="1733440561"><address addr="103.83.19.115" addrtype="ipv4"/><ports><port protocol="tcp" portid="5060"><state state="open" reason="syn-ack" reason_ttl="48"/></port></ports></host>
<host endtime="1733440562"><address addr="202.46.250.50" addrtype="ipv4"/><ports><port protocol="tcp" portid="5060"><state state="open" reason="syn-ack" reason_ttl="51"/></port></ports></host>
<host endtime="1733440562"><address addr="103.110.61.21" addrtype="ipv4"/><ports><port protocol="tcp" portid="5060"><state state="open" reason="syn-ack" reason_ttl="241"/></port></ports></host>
<host endtime="1733440566"><address addr="202.46.4.13" addrtype="ipv4"/><ports><port protocol="tcp" portid="5060"><state state="open" reason="syn-ack" reason_ttl="51"/></port></ports></host>
<host endtime="1733440567"><address addr="202.46.13.179" addrtype="ipv4"/><ports><port protocol="tcp" portid="5060"><state state="open" reason="syn-ack" reason_ttl="51"/></port></ports></host>
<host endtime="1733440567"><address addr="202.46.253.57" addrtype="ipv4"/><ports><port protocol="tcp" portid="5060"><state state="open" reason="syn-ack" reason_ttl="50"/></port></ports></host>
<host endtime="1733440572"><address addr="103.83.19.110" addrtype="ipv4"/><ports><port protocol="tcp" portid="5060"><state state="open" reason="syn-ack" reason_ttl="48"/></port></ports></host>
<host endtime="1733440573"><address addr="202.46.2.52" addrtype="ipv4"/><ports><port protocol="tcp" portid="5060"><state state="open" reason="syn-ack" reason_ttl="51"/></port></ports></host>
<host endtime="1733440574"><address addr="202.46.240.101" addrtype="ipv4"/><ports><port protocol="tcp" portid="5060"><state state="open" reason="syn-ack" reason_ttl="51"/></port></ports></host>
<host endtime="1733440575"><address addr="103.224.215.6" addrtype="ipv4"/><ports><port protocol="tcp" portid="5060"><state state="open" reason="syn-ack" reason_ttl="48"/></port></ports></host>
<host endtime="1733440575"><address addr="202.46.252.33" addrtype="ipv4"/><ports><port protocol="tcp" portid="5060"><state state="open" reason="syn-ack" reason_ttl="51"/></port></ports></host>
<host endtime="1733440575"><address addr="202.46.4.202" addrtype="ipv4"/><ports><port protocol="tcp" portid="5060"><state state="open" reason="syn-ack" reason_ttl="50"/></port></ports></host>
<host endtime="1733440576"><address addr="199.123.24.99" addrtype="ipv4"/><ports><port protocol="tcp" portid="5060"><state state="open" reason="syn-ack" reason_ttl="229"/></port></ports></host>
<host endtime="1733440579"><address addr="199.123.25.220" addrtype="ipv4"/><ports><port protocol="tcp" portid="5060"><state state="open" reason="syn-ack" reason_ttl="229"/></port></ports></host>
<host endtime="1733440583"><address addr="202.46.246.76" addrtype="ipv4"/><ports><port protocol="tcp" portid="5060"><state state="open" reason="syn-ack" reason_ttl="50"/></port></ports></host>
<host endtime="1733440588"><address addr="202.46.10.99" addrtype="ipv4"/><ports><port protocol="tcp" portid="5060"><state state="open" reason="syn-ack" reason_ttl="51"/></port></ports></host>
<host endtime="1733440590"><address addr="202.46.15.222" addrtype="ipv4"/><ports><port protocol="tcp" portid="5060"><state state="open" reason="syn-ack" reason_ttl="51"/></port></ports></host>
<host endtime="1733440596"><address addr="103.224.215.32" addrtype="ipv4"/><ports><port protocol="tcp" portid="5060"><state state="open" reason="syn-ack" reason_ttl="48"/></port></ports></host>
<host endtime="1733440597"><address addr="103.110.62.11" addrtype="ipv4"/><ports><port protocol="tcp" portid="5061"><state state="open" reason="syn-ack" reason_ttl="242"/></port></ports></host>
<host endtime="1733440599"><address addr="193.98.229.244" addrtype="ipv4"/><ports><port protocol="tcp" portid="5061"><state state="open" reason="syn-ack" reason_ttl="48"/></port></ports></host>
<host endtime="1733440602"><address addr="199.123.26.229" addrtype="ipv4"/><ports><port protocol="tcp" portid="5060"><state state="open" reason="syn-ack" reason_ttl="229"/></port></ports></host>
<host endtime="1733440603"><address addr="202.46.13.212" addrtype="ipv4"/><ports><port protocol="tcp" portid="5060"><state state="open" reason="syn-ack" reason_ttl="51"/></port></ports></host>
<host endtime="1733440604"><address addr="103.224.215.249" addrtype="ipv4"/><ports><port protocol="tcp" portid="5060"><state state="open" reason="syn-ack" reason_ttl="48"/></port></ports></host>
<host endtime="1733440604"><address addr="202.46.1.209" addrtype="ipv4"/><ports><port protocol="tcp" portid="5060"><state state="open" reason="syn-ack" reason_ttl="51"/></port></ports></host>
<host endtime="1733440605"><address addr="202.46.246.164" addrtype="ipv4"/><ports><port protocol="tcp" portid="5060"><state state="open" reason="syn-ack" reason_ttl="51"/></port></ports></host>
<host endtime="1733440613"><address addr="103.83.19.1" addrtype="ipv4"/><ports><port protocol="tcp" portid="5060"><state state="open" reason="syn-ack" reason_ttl="48"/></port></ports></host>
<host endtime="1733440622"><address addr="103.83.18.228" addrtype="ipv4"/><ports><port protocol="tcp" portid="5060"><state state="open" reason="syn-ack" reason_ttl="48"/></port></ports></host>
<host endtime="1733440629"><address addr="103.224.214.138" addrtype="ipv4"/><ports><port protocol="tcp" portid="5060"><state state="open" reason="syn-ack" reason_ttl="48"/></port></ports></host>
<host endtime="1733440632"><address addr="202.46.250.214" addrtype="ipv4"/><ports><port protocol="tcp" portid="5060"><state state="open" reason="syn-ack" reason_ttl="50"/></port></ports></host>
<host endtime="1733440632"><address addr="202.46.1.248" addrtype="ipv4"/><ports><port protocol="tcp" portid="5060"><state state="open" reason="syn-ack" reason_ttl="51"/></port></ports></host>
<host endtime="1733440633"><address addr="202.46.5.156" addrtype="ipv4"/><ports><port protocol="tcp" portid="5060"><state state="open" reason="syn-ack" reason_ttl="51"/></port></ports></host>
<host endtime="1733440634"><address addr="202.46.250.57" addrtype="ipv4"/><ports><port protocol="tcp" portid="5060"><state state="open" reason="syn-ack" reason_ttl="51"/></port></ports></host>
<host endtime="1733440635"><address addr="202.46.9.62" addrtype="ipv4"/><ports><port protocol="tcp" portid="5060"><state state="open" reason="syn-ack" reason_ttl="51"/></port></ports></host>
<host endtime="1733440637"><address addr="202.46.6.42" addrtype="ipv4"/><ports><port protocol="tcp" portid="5060"><state state="open" reason="syn-ack" reason_ttl="51"/></port></ports></host>
<host endtime="1733440641"><address addr="202.46.244.133" addrtype="ipv4"/><ports><port protocol="tcp" portid="5060"><state state="open" reason="syn-ack" reason_ttl="51"/></port></ports></host>
<host endtime="1733440642"><address addr="202.46.8.156" addrtype="ipv4"/><ports><port protocol="tcp" portid="5060"><state state="open" reason="syn-ack" reason_ttl="50"/></port></ports></host>
<host endtime="1733440644"><address addr="103.83.19.168" addrtype="ipv4"/><ports><port protocol="tcp" portid="5060"><state state="open" reason="syn-ack" reason_ttl="48"/></port></ports></host>
<host endtime="1733440644"><address addr="199.123.25.208" addrtype="ipv4"/><ports><port protocol="tcp" portid="5060"><state state="open" reason="syn-ack" reason_ttl="229"/></port></ports></host>
<host endtime="1733440645"><address addr="199.201.237.123" addrtype="ipv4"/><ports><port protocol="tcp" portid="5060"><state state="open" reason="syn-ack" reason_ttl="47"/></port></ports></host>
<host endtime="1733440645"><address addr="202.46.250.195" addrtype="ipv4"/><ports><port protocol="tcp" portid="5060"><state state="open" reason="syn-ack" reason_ttl="50"/></port></ports></host>
<host endtime="1733440648"><address addr="202.46.255.67" addrtype="ipv4"/><ports><port protocol="tcp" portid="5060"><state state="open" reason="syn-ack" reason_ttl="50"/></port></ports></host>
<host endtime="1733440650"><address addr="202.46.7.91" addrtype="ipv4"/><ports><port protocol="tcp" portid="5060"><state state="open" reason="syn-ack" reason_ttl="51"/></port></ports></host>
<host endtime="1733440651"><address addr="202.46.0.8" addrtype="ipv4"/><ports><port protocol="tcp" portid="5060"><state state="open" reason="syn-ack" reason_ttl="50"/></port></ports></host>
<host endtime="1733440652"><address addr="202.46.255.173" addrtype="ipv4"/><ports><port protocol="tcp" portid="5060"><state state="open" reason="syn-ack" reason_ttl="51"/></port></ports></host>
<host endtime="1733440653"><address addr="202.46.7.170" addrtype="ipv4"/><ports><port protocol="tcp" portid="5060"><state state="open" reason="syn-ack" reason_ttl="51"/></port></ports></host>
<host endtime="1733440654"><address addr="202.46.243.136" addrtype="ipv4"/><ports><port protocol="tcp" portid="5060"><state state="open" reason="syn-ack" reason_ttl="51"/></port></ports></host>
<host endtime="1733440654"><address addr="202.46.253.1" addrtype="ipv4"/><ports><port protocol="tcp" portid="5060"><state state="open" reason="syn-ack" reason_ttl="51"/></port></ports></host>
<host endtime="1733440656"><address addr="199.123.26.165" addrtype="ipv4"/><ports><port protocol="tcp" portid="5060"><state state="open" reason="syn-ack" reason_ttl="229"/></port></ports></host>
<host endtime="1733440661"><address addr="202.46.242.131" addrtype="ipv4"/><ports><port protocol="tcp" portid="5060"><state state="open" reason="syn-ack" reason_ttl="50"/></port></ports></host>
<host endtime="1733440662"><address addr="202.46.8.15" addrtype="ipv4"/><ports><port protocol="tcp" portid="5061"><state state="open" reason="syn-ack" reason_ttl="50"/></port></ports></host>
<host endtime="1733440665"><address addr="202.46.1.176" addrtype="ipv4"/><ports><port protocol="tcp" portid="5060"><state state="open" reason="syn-ack" reason_ttl="51"/></port></ports></host>
<host endtime="1733440667"><address addr="202.46.3.204" addrtype="ipv4"/><ports><port protocol="tcp" portid="5060"><state state="open" reason="syn-ack" reason_ttl="50"/></port></ports></host>
<host endtime="1733440674"><address addr="202.46.247.243" addrtype="ipv4"/><ports><port protocol="tcp" portid="5060"><state state="open" reason="syn-ack" reason_ttl="51"/></port></ports></host>
<host endtime="1733440674"><address addr="103.224.215.194" addrtype="ipv4"/><ports><port protocol="tcp" portid="5060"><state state="open" reason="syn-ack" reason_ttl="48"/></port></ports></host>
<host endtime="1733440676"><address addr="202.46.2.74" addrtype="ipv4"/><ports><port protocol="tcp" portid="5060"><state state="open" reason="syn-ack" reason_ttl="51"/></port></ports></host>
<host endtime="1733440676"><address addr="202.46.242.43" addrtype="ipv4"/><ports><port protocol="tcp" portid="5060"><state state="open" reason="syn-ack" reason_ttl="50"/></port></ports></host>
<host endtime="1733440677"><address addr="202.46.255.181" addrtype="ipv4"/><ports><port protocol="tcp" portid="5060"><state state="open" reason="syn-ack" reason_ttl="50"/></port></ports></host>
<host endtime="1733440681"><address addr="202.46.5.75" addrtype="ipv4"/><ports><port protocol="tcp" portid="5060"><state state="open" reason="syn-ack" reason_ttl="50"/></port></ports></host>
<host endtime="1733440682"><address addr="202.46.7.17" addrtype="ipv4"/><ports><port protocol="tcp" portid="5060"><state state="open" reason="syn-ack" reason_ttl="50"/></port></ports></host>
<host endtime="1733440682"><address addr="202.46.254.61" addrtype="ipv4"/><ports><port protocol="tcp" portid="5060"><state state="open" reason="syn-ack" reason_ttl="50"/></port></ports></host>
<host endtime="1733440688"><address addr="202.46.14.211" addrtype="ipv4"/><ports><port protocol="tcp" portid="5060"><state state="open" reason="syn-ack" reason_ttl="51"/></port></ports></host>
<host endtime="1733440689"><address addr="202.46.245.230" addrtype="ipv4"/><ports><port protocol="tcp" portid="5060"><state state="open" reason="syn-ack" reason_ttl="51"/></port></ports></host>
<host endtime="1733440694"><address addr="199.123.27.194" addrtype="ipv4"/><ports><port protocol="tcp" portid="5060"><state state="open" reason="syn-ack" reason_ttl="229"/></port></ports></host>
<host endtime="1733440694"><address addr="202.46.2.144" addrtype="ipv4"/><ports><port protocol="tcp" portid="5060"><state state="open" reason="syn-ack" reason_ttl="50"/></port></ports></host>
<host endtime="1733440695"><address addr="202.46.248.107" addrtype="ipv4"/><ports><port protocol="tcp" portid="5060"><state state="open" reason="syn-ack" reason_ttl="50"/></port></ports></host>
<host endtime="1733440696"><address addr="202.46.1.42" addrtype="ipv4"/><ports><port protocol="tcp" portid="5060"><state state="open" reason="syn-ack" reason_ttl="51"/></port></ports></host>
<host endtime="1733440698"><address addr="202.46.255.192" addrtype="ipv4"/><ports><port protocol="tcp" portid="5060"><state state="open" reason="syn-ack" reason_ttl="51"/></port></ports></host>
<host endtime="1733440699"><address addr="199.123.25.97" addrtype="ipv4"/><ports><port protocol="tcp" portid="5060"><state state="open" reason="syn-ack" reason_ttl="229"/></port></ports></host>
<host endtime="1733440701"><address addr="202.46.248.226" addrtype="ipv4"/><ports><port protocol="tcp" portid="5060"><state state="open" reason="syn-ack" reason_ttl="50"/></port></ports></host>
<host endtime="1733440706"><address addr="199.123.25.156" addrtype="ipv4"/><ports><port protocol="tcp" portid="5060"><state state="open" reason="syn-ack" reason_ttl="229"/></port></ports></host>
<host endtime="1733440707"><address addr="202.46.245.167" addrtype="ipv4"/><ports><port protocol="tcp" portid="5060"><state state="open" reason="syn-ack" reason_ttl="51"/></port></ports></host>
<host endtime="1733440707"><address addr="202.46.0.236" addrtype="ipv4"/><ports><port protocol="tcp" portid="5060"><state state="open" reason="syn-ack" reason_ttl="51"/></port></ports></host>
<host endtime="1733440719"><address addr="202.46.7.121" addrtype="ipv4"/><ports><port protocol="tcp" portid="5060"><state state="open" reason="syn-ack" reason_ttl="51"/></port></ports></host>
<host endtime="1733440723"><address addr="193.98.229.204" addrtype="ipv4"/><ports><port protocol="tcp" portid="5060"><state state="open" reason="syn-ack" reason_ttl="44"/></port></ports></host>
<host endtime="1733440723"><address addr="202.46.244.19" addrtype="ipv4"/><ports><port protocol="tcp" portid="5060"><state state="open" reason="syn-ack" reason_ttl="51"/></port></ports></host>
<host endtime="1733440727"><address addr="202.46.241.74" addrtype="ipv4"/><ports><port protocol="tcp" portid="5060"><state state="open" reason="syn-ack" reason_ttl="51"/></port></ports></host>
<host endtime="1733440730"><address addr="202.46.11.26" addrtype="ipv4"/><ports><port protocol="tcp" portid="5060"><state state="open" reason="syn-ack" reason_ttl="51"/></port></ports></host>
<host endtime="1733440735"><address addr="202.46.251.25" addrtype="ipv4"/><ports><port protocol="tcp" portid="5060"><state state="open" reason="syn-ack" reason_ttl="50"/></port></ports></host>
<host endtime="1733440736"><address addr="202.46.4.50" addrtype="ipv4"/><ports><port protocol="tcp" portid="5060"><state state="open" reason="syn-ack" reason_ttl="51"/></port></ports></host>
<host endtime="1733440740"><address addr="199.123.26.225" addrtype="ipv4"/><ports><port protocol="tcp" portid="5060"><state state="open" reason="syn-ack" reason_ttl="229"/></port></ports></host>
<host endtime="1733440741"><address addr="202.46.8.66" addrtype="ipv4"/><ports><port protocol="tcp" portid="5060"><state state="open" reason="syn-ack" reason_ttl="51"/></port></ports></host>
<host endtime="1733440742"><address addr="202.46.4.42" addrtype="ipv4"/><ports><port protocol="tcp" portid="5060"><state state="open" reason="syn-ack" reason_ttl="51"/></port></ports></host>
<host endtime="1733440748"><address addr="202.46.0.4" addrtype="ipv4"/><ports><port protocol="tcp" portid="5060"><state state="open" reason="syn-ack" reason_ttl="51"/></port></ports></host>
<host endtime="1733440753"><address addr="202.46.249.37" addrtype="ipv4"/><ports><port protocol="tcp" portid="5060"><state state="open" reason="syn-ack" reason_ttl="51"/></port></ports></host>
<host endtime="1733440755"><address addr="202.46.2.103" addrtype="ipv4"/><ports><port protocol="tcp" portid="5060"><state state="open" reason="syn-ack" reason_ttl="50"/></port></ports></host>
<host endtime="1733440756"><address addr="202.46.254.9" addrtype="ipv4"/><ports><port protocol="tcp" portid="5060"><state state="open" reason="syn-ack" reason_ttl="51"/></port></ports></host>
<host endtime="1733440757"><address addr="199.123.25.180" addrtype="ipv4"/><ports><port protocol="tcp" portid="5060"><state state="open" reason="syn-ack" reason_ttl="229"/></port></ports></host>
<host endtime="1733440757"><address addr="202.46.9.200" addrtype="ipv4"/><ports><port protocol="tcp" portid="5060"><state state="open" reason="syn-ack" reason_ttl="51"/></port></ports></host>
<host endtime="1733440760"><address addr="202.46.4.132" addrtype="ipv4"/><ports><port protocol="tcp" portid="5060"><state state="open" reason="syn-ack" reason_ttl="51"/></port></ports></host>
<host endtime="1733440761"><address addr="103.83.19.15" addrtype="ipv4"/><ports><port protocol="tcp" portid="5060"><state state="open" reason="syn-ack" reason_ttl="48"/></port></ports></host>
<host endtime="1733440766"><address addr="193.98.229.99" addrtype="ipv4"/><ports><port protocol="tcp" portid="5060"><state state="open" reason="syn-ack" reason_ttl="44"/></port></ports></host>
<host endtime="1733440767"><address addr="202.46.7.155" addrtype="ipv4"/><ports><port protocol="tcp" portid="5060"><state state="open" reason="syn-ack" reason_ttl="51"/></port></ports></host>
<host endtime="1733440767"><address addr="199.201.237.26" addrtype="ipv4"/><ports><port protocol="tcp" portid="5060"><state state="open" reason="syn-ack" reason_ttl="47"/></port></ports></host>
<host endtime="1733440768"><address addr="202.46.6.106" addrtype="ipv4"/><ports><port protocol="tcp" portid="5060"><state state="open" reason="syn-ack" reason_ttl="51"/></port></ports></host>
<host endtime="1733440769"><address addr="199.123.24.65" addrtype="ipv4"/><ports><port protocol="tcp" portid="5060"><state state="open" reason="syn-ack" reason_ttl="229"/></port></ports></host>
<host endtime="1733440769"><address addr="202.46.249.111" addrtype="ipv4"/><ports><port protocol="tcp" portid="5060"><state state="open" reason="syn-ack" reason_ttl="50"/></port></ports></host>
<host endtime="1733440770"><address addr="202.46.3.123" addrtype="ipv4"/><ports><port protocol="tcp" portid="5061"><state state="open" reason="syn-ack" reason_ttl="50"/></port></ports></host>
<host endtime="1733440771"><address addr="202.46.15.204" addrtype="ipv4"/><ports><port protocol="tcp" portid="5060"><state state="open" reason="syn-ack" reason_ttl="50"/></port></ports></host>
<host endtime="1733440771"><address addr="193.103.200.228" addrtype="ipv4"/><ports><port protocol="tcp" portid="5060"><state state="open" reason="syn-ack" reason_ttl="52"/></port></ports></host>
<host endtime="1733440773"><address addr="199.123.25.86" addrtype="ipv4"/><ports><port protocol="tcp" portid="5060"><state state="open" reason="syn-ack" reason_ttl="229"/></port></ports></host>
<host endtime="1733440773"><address addr="103.224.215.155" addrtype="ipv4"/><ports><port protocol="tcp" portid="5060"><state state="open" reason="syn-ack" reason_ttl="48"/></port></ports></host>
<host endtime="1733440778"><address addr="202.46.6.149" addrtype="ipv4"/><ports><port protocol="tcp" portid="5060"><state state="open" reason="syn-ack" reason_ttl="51"/></port></ports></host>
<host endtime="1733440778"><address addr="199.201.237.48" addrtype="ipv4"/><ports><port protocol="tcp" portid="5060"><state state="open" reason="syn-ack" reason_ttl="47"/></port></ports></host>
<host endtime="1733440785"><address addr="202.46.6.218" addrtype="ipv4"/><ports><port protocol="tcp" portid="5060"><state state="open" reason="syn-ack" reason_ttl="51"/></port></ports></host>
<host endtime="1733440785"><address addr="199.201.236.171" addrtype="ipv4"/><ports><port protocol="tcp" portid="5060"><state state="open" reason="syn-ack" reason_ttl="47"/></port></ports></host>
<host endtime="1733440787"><address addr="202.46.240.119" addrtype="ipv4"/><ports><port protocol="tcp" portid="5060"><state state="open" reason="syn-ack" reason_ttl="51"/></port></ports></host>
<host endtime="1733440787"><address addr="202.46.248.144" addrtype="ipv4"/><ports><port protocol="tcp" portid="5060"><state state="open" reason="syn-ack" reason_ttl="51"/></port></ports></host>
<host endtime="1733440788"><address addr="202.46.245.245" addrtype="ipv4"/><ports><port protocol="tcp" portid="5060"><state state="open" reason="syn-ack" reason_ttl="50"/></port></ports></host>
<host endtime="1733440790"><address addr="202.46.6.182" addrtype="ipv4"/><ports><port protocol="tcp" portid="5060"><state state="open" reason="syn-ack" reason_ttl="51"/></port></ports></host>
<host endtime="1733440793"><address addr="202.46.255.113" addrtype="ipv4"/><ports><port protocol="tcp" portid="5060"><state state="open" reason="syn-ack" reason_ttl="51"/></port></ports></host>
<host endtime="1733440794"><address addr="202.46.249.19" addrtype="ipv4"/><ports><port protocol="tcp" portid="5060"><state state="open" reason="syn-ack" reason_ttl="50"/></port></ports></host>
<host endtime="1733440796"><address addr="202.46.6.4" addrtype="ipv4"/><ports><port protocol="tcp" portid="5060"><state state="open" reason="syn-ack" reason_ttl="51"/></port></ports></host>
<host endtime="1733440797"><address addr="202.46.7.106" addrtype="ipv4"/><ports><port protocol="tcp" portid="5060"><state state="open" reason="syn-ack" reason_ttl="51"/></port></ports></host>
<host endtime="1733440801"><address addr="202.46.242.17" addrtype="ipv4"/><ports><port protocol="tcp" portid="5060"><state state="open" reason="syn-ack" reason_ttl="50"/></port></ports></host>
<host endtime="1733440804"><address addr="202.46.245.253" addrtype="ipv4"/><ports><port protocol="tcp" portid="5060"><state state="open" reason="syn-ack" reason_ttl="50"/></port></ports></host>
<host endtime="1733440808"><address addr="202.46.247.245" addrtype="ipv4"/><ports><port protocol="tcp" portid="5060"><state state="open" reason="syn-ack" reason_ttl="50"/></port></ports></host>
<host endtime="1733440811"><address addr="103.224.215.233" addrtype="ipv4"/><ports><port protocol="tcp" portid="5060"><state state="open" reason="syn-ack" reason_ttl="48"/></port></ports></host>
<host endtime="1733440812"><address addr="202.46.14.159" addrtype="ipv4"/><ports><port protocol="tcp" portid="5060"><state state="open" reason="syn-ack" reason_ttl="50"/></port></ports></host>
<host endtime="1733440813"><address addr="193.98.229.51" addrtype="ipv4"/><ports><port protocol="tcp" portid="5061"><state state="open" reason="syn-ack" reason_ttl="49"/></port></ports></host>
<host endtime="1733440814"><address addr="103.83.19.107" addrtype="ipv4"/><ports><port protocol="tcp" portid="5060"><state state="open" reason="syn-ack" reason_ttl="48"/></port></ports></host>
<host endtime="1733440815"><address addr="103.83.19.39" addrtype="ipv4"/><ports><port protocol="tcp" portid="5060"><state state="open" reason="syn-ack" reason_ttl="48"/></port></ports></host>
<host endtime="1733440815"><address addr="103.83.18.224" addrtype="ipv4"/><ports><port protocol="tcp" portid="5060"><state state="open" reason="syn-ack" reason_ttl="48"/></port></ports></host>
<host endtime="1733440821"><address addr="202.46.14.177" addrtype="ipv4"/><ports><port protocol="tcp" portid="5060"><state state="open" reason="syn-ack" reason_ttl="50"/></port></ports></host>
<host endtime="1733440821"><address addr="202.46.255.171" addrtype="ipv4"/><ports><port protocol="tcp" portid="5060"><state state="open" reason="syn-ack" reason_ttl="50"/></port></ports></host>
<host endtime="1733440824"><address addr="202.46.12.185" addrtype="ipv4"/><ports><port protocol="tcp" portid="5060"><state state="open" reason="syn-ack" reason_ttl="50"/></port></ports></host>
<host endtime="1733440824"><address addr="202.46.249.251" addrtype="ipv4"/><ports><port protocol="tcp" portid="5060"><state state="open" reason="syn-ack" reason_ttl="51"/></port></ports></host>
<host endtime="1733440826"><address addr="202.46.244.216" addrtype="ipv4"/><ports><port protocol="tcp" portid="5060"><state state="open" reason="syn-ack" reason_ttl="51"/></port></ports></host>
<host endtime="1733440830"><address addr="202.46.242.186" addrtype="ipv4"/><ports><port protocol="tcp" portid="5060"><state state="open" reason="syn-ack" reason_ttl="51"/></port></ports></host>
<host endtime="1733440833"><address addr="202.46.8.186" addrtype="ipv4"/><ports><port protocol="tcp" portid="5060"><state state="open" reason="syn-ack" reason_ttl="51"/></port></ports></host>
<host endtime="1733440835"><address addr="202.46.254.96" addrtype="ipv4"/><ports><port protocol="tcp" portid="5060"><state state="open" reason="syn-ack" reason_ttl="51"/></port></ports></host>
<host endtime="1733440837"><address addr="202.46.244.77" addrtype="ipv4"/><ports><port protocol="tcp" portid="5060"><state state="open" reason="syn-ack" reason_ttl="50"/></port></ports></host>
<host endtime="1733440839"><address addr="202.46.0.121" addrtype="ipv4"/><ports><port protocol="tcp" portid="5060"><state state="open" reason="syn-ack" reason_ttl="51"/></port></ports></host>
<host endtime="1733440846"><address addr="202.46.240.130" addrtype="ipv4"/><ports><port protocol="tcp" portid="5060"><state state="open" reason="syn-ack" reason_ttl="50"/></port></ports></host>
<host endtime="1733440848"><address addr="202.46.250.212" addrtype="ipv4"/><ports><port protocol="tcp" portid="5060"><state state="open" reason="syn-ack" reason_ttl="51"/></port></ports></host>
<host endtime="1733440855"><address addr="202.46.251.244" addrtype="ipv4"/><ports><port protocol="tcp" portid="5060"><state state="open" reason="syn-ack" reason_ttl="50"/></port></ports></host>
<host endtime="1733440855"><address addr="199.201.236.133" addrtype="ipv4"/><ports><port protocol="tcp" portid="5060"><state state="open" reason="syn-ack" reason_ttl="47"/></port></ports></host>
<host endtime="1733440856"><address addr="202.46.9.167" addrtype="ipv4"/><ports><port protocol="tcp" portid="5060"><state state="open" reason="syn-ack" reason_ttl="51"/></port></ports></host>
<host endtime="1733440867"><address addr="202.46.11.221" addrtype="ipv4"/><ports><port protocol="tcp" portid="5060"><state state="open" reason="syn-ack" reason_ttl="51"/></port></ports></host>
<host endtime="1733440868"><address addr="202.46.11.14" addrtype="ipv4"/><ports><port protocol="tcp" portid="5060"><state state="open" reason="syn-ack" reason_ttl="51"/></port></ports></host>
<host endtime="1733440869"><address addr="202.46.6.19" addrtype="ipv4"/><ports><port protocol="tcp" portid="5060"><state state="open" reason="syn-ack" reason_ttl="51"/></port></ports></host>
<host endtime="1733440869"><address addr="202.46.6.84" addrtype="ipv4"/><ports><port protocol="tcp" portid="5060"><state state="open" reason="syn-ack" reason_ttl="51"/></port></ports></host>
<host endtime="1733440872"><address addr="103.224.215.185" addrtype="ipv4"/><ports><port protocol="tcp" portid="5060"><state state="open" reason="syn-ack" reason_ttl="48"/></port></ports></host>
<host endtime="1733440876"><address addr="202.46.245.162" addrtype="ipv4"/><ports><port protocol="tcp" portid="5060"><state state="open" reason="syn-ack" reason_ttl="51"/></port></ports></host>
<host endtime="1733440877"><address addr="202.46.245.189" addrtype="ipv4"/><ports><port protocol="tcp" portid="5060"><state state="open" reason="syn-ack" reason_ttl="51"/></port></ports></host>
<host endtime="1733440878"><address addr="202.46.9.79" addrtype="ipv4"/><ports><port protocol="tcp" portid="5060"><state state="open" reason="syn-ack" reason_ttl="50"/></port></ports></host>
<host endtime="1733440879"><address addr="103.177.50.68" addrtype="ipv4"/><ports><port protocol="tcp" portid="5060"><state state="open" reason="syn-ack" reason_ttl="57"/></port></ports></host>
<host endtime="1733440883"><address addr="202.46.4.83" addrtype="ipv4"/><ports><port protocol="tcp" portid="5060"><state state="open" reason="syn-ack" reason_ttl="51"/></port></ports></host>
<host endtime="1733440888"><address addr="202.46.14.253" addrtype="ipv4"/><ports><port protocol="tcp" portid="5060"><state state="open" reason="syn-ack" reason_ttl="50"/></port></ports></host>
<host endtime="1733440891"><address addr="202.46.10.52" addrtype="ipv4"/><ports><port protocol="tcp" portid="5060"><state state="open" reason="syn-ack" reason_ttl="51"/></port></ports></host>
<host endtime="1733440892"><address addr="202.46.245.188" addrtype="ipv4"/><ports><port protocol="tcp" portid="5060"><state state="open" reason="syn-ack" reason_ttl="50"/></port></ports></host>
<host endtime="1733440893"><address addr="202.46.250.151" addrtype="ipv4"/><ports><port protocol="tcp" portid="5060"><state state="open" reason="syn-ack" reason_ttl="51"/></port></ports></host>
<host endtime="1733440894"><address addr="199.123.26.73" addrtype="ipv4"/><ports><port protocol="tcp" portid="5060"><state state="open" reason="syn-ack" reason_ttl="229"/></port></ports></host>
<host endtime="1733440894"><address addr="199.123.25.109" addrtype="ipv4"/><ports><port protocol="tcp" portid="5060"><state state="open" reason="syn-ack" reason_ttl="229"/></port></ports></host>
<host endtime="1733440898"><address addr="103.83.18.167" addrtype="ipv4"/><ports><port protocol="tcp" portid="5060"><state state="open" reason="syn-ack" reason_ttl="48"/></port></ports></host>
<host endtime="1733440898"><address addr="202.46.253.116" addrtype="ipv4"/><ports><port protocol="tcp" portid="5060"><state state="open" reason="syn-ack" reason_ttl="51"/></port></ports></host>
<host endtime="1733440899"><address addr="202.46.10.201" addrtype="ipv4"/><ports><port protocol="tcp" portid="5060"><state state="open" reason="syn-ack" reason_ttl="51"/></port></ports></host>
<host endtime="1733440900"><address addr="202.46.247.214" addrtype="ipv4"/><ports><port protocol="tcp" portid="5060"><state state="open" reason="syn-ack" reason_ttl="51"/></port></ports></host>
<host endtime="1733440901"><address addr="202.46.7.115" addrtype="ipv4"/><ports><port protocol="tcp" portid="5060"><state state="open" reason="syn-ack" reason_ttl="51"/></port></ports></host>
<host endtime="1733440903"><address addr="199.201.236.93" addrtype="ipv4"/><ports><port protocol="tcp" portid="5060"><state state="open" reason="syn-ack" reason_ttl="47"/></port></ports></host>
<host endtime="1733440904"><address addr="199.123.25.106" addrtype="ipv4"/><ports><port protocol="tcp" portid="5060"><state state="open" reason="syn-ack" reason_ttl="229"/></port></ports></host>
<host endtime="1733440904"><address addr="202.46.14.0" addrtype="ipv4"/><ports><port protocol="tcp" portid="5060"><state state="open" reason="syn-ack" reason_ttl="51"/></port></ports></host>
<host endtime="1733440906"><address addr="202.46.241.187" addrtype="ipv4"/><ports><port protocol="tcp" portid="5060"><state state="open" reason="syn-ack" reason_ttl="50"/></port></ports></host>
<host endtime="1733440906"><address addr="202.46.5.184" addrtype="ipv4"/><ports><port protocol="tcp" portid="5060"><state state="open" reason="syn-ack" reason_ttl="50"/></port></ports></host>
<host endtime="1733440910"><address addr="202.46.242.197" addrtype="ipv4"/><ports><port protocol="tcp" portid="5060"><state state="open" reason="syn-ack" reason_ttl="51"/></port></ports></host>
<host endtime="1733440912"><address addr="103.224.215.123" addrtype="ipv4"/><ports><port protocol="tcp" portid="5060"><state state="open" reason="syn-ack" reason_ttl="48"/></port></ports></host>
<host endtime="1733440912"><address addr="202.46.250.228" addrtype="ipv4"/><ports><port protocol="tcp" portid="5060"><state state="open" reason="syn-ack" reason_ttl="51"/></port></ports></host>
<host endtime="1733440912"><address addr="202.46.242.156" addrtype="ipv4"/><ports><port protocol="tcp" portid="5060"><state state="open" reason="syn-ack" reason_ttl="51"/></port></ports></host>
<host endtime="1733440915"><address addr="202.46.4.243" addrtype="ipv4"/><ports><port protocol="tcp" portid="5060"><state state="open" reason="syn-ack" reason_ttl="51"/></port></ports></host>
<host endtime="1733440916"><address addr="202.46.254.188" addrtype="ipv4"/><ports><port protocol="tcp" portid="5060"><state state="open" reason="syn-ack" reason_ttl="51"/></port></ports></host>
<host endtime="1733440916"><address addr="199.123.26.169" addrtype="ipv4"/><ports><port protocol="tcp" portid="5060"><state state="open" reason="syn-ack" reason_ttl="229"/></port></ports></host>
<host endtime="1733440917"><address addr="202.46.248.242" addrtype="ipv4"/><ports><port protocol="tcp" portid="5060"><state state="open" reason="syn-ack" reason_ttl="50"/></port></ports></host>
<host endtime="1733440918"><address addr="202.46.15.4" addrtype="ipv4"/><ports><port protocol="tcp" portid="5060"><state state="open" reason="syn-ack" reason_ttl="51"/></port></ports></host>
<host endtime="1733440918"><address addr="202.46.11.180" addrtype="ipv4"/><ports><port protocol="tcp" portid="5060"><state state="open" reason="syn-ack" reason_ttl="50"/></port></ports></host>
<host endtime="1733440919"><address addr="199.123.25.19" addrtype="ipv4"/><ports><port protocol="tcp" portid="5060"><state state="open" reason="syn-ack" reason_ttl="229"/></port></ports></host>
<host endtime="1733440925"><address addr="202.46.13.120" addrtype="ipv4"/><ports><port protocol="tcp" portid="5060"><state state="open" reason="syn-ack" reason_ttl="51"/></port></ports></host>
<host endtime="1733440926"><address addr="193.99.246.22" addrtype="ipv4"/><ports><port protocol="tcp" portid="5061"><state state="open" reason="syn-ack" reason_ttl="48"/></port></ports></host>
<host endtime="1733440927"><address addr="202.46.254.81" addrtype="ipv4"/><ports><port protocol="tcp" portid="5060"><state state="open" reason="syn-ack" reason_ttl="51"/></port></ports></host>
<host endtime="1733440928"><address addr="202.46.12.149" addrtype="ipv4"/><ports><port protocol="tcp" portid="5060"><state state="open" reason="syn-ack" reason_ttl="51"/></port></ports></host>
<host endtime="1733440930"><address addr="202.46.252.138" addrtype="ipv4"/><ports><port protocol="tcp" portid="5060"><state state="open" reason="syn-ack" reason_ttl="51"/></port></ports></host>
<host endtime="1733440936"><address addr="202.46.0.138" addrtype="ipv4"/><ports><port protocol="tcp" portid="5060"><state state="open" reason="syn-ack" reason_ttl="51"/></port></ports></host>
<host endtime="1733440939"><address addr="193.98.229.244" addrtype="ipv4"/><ports><port protocol="tcp" portid="5060"><state state="open" reason="syn-ack" reason_ttl="47"/></port></ports></host>
<host endtime="1733440939"><address addr="202.46.11.48" addrtype="ipv4"/><ports><port protocol="tcp" portid="5060"><state state="open" reason="syn-ack" reason_ttl="50"/></port></ports></host>
<host endtime="1733440942"><address addr="103.224.214.178" addrtype="ipv4"/><ports><port protocol="tcp" portid="5060"><state state="open" reason="syn-ack" reason_ttl="48"/></port></ports></host>
<host endtime="1733440942"><address addr="202.46.248.194" addrtype="ipv4"/><ports><port protocol="tcp" portid="5060"><state state="open" reason="syn-ack" reason_ttl="51"/></port></ports></host>
<host endtime="1733440942"><address addr="202.46.15.80" addrtype="ipv4"/><ports><port protocol="tcp" portid="5060"><state state="open" reason="syn-ack" reason_ttl="50"/></port></ports></host>
<host endtime="1733440942"><address addr="202.46.245.215" addrtype="ipv4"/><ports><port protocol="tcp" portid="5060"><state state="open" reason="syn-ack" reason_ttl="51"/></port></ports></host>
<host endtime="1733440947"><address addr="202.46.255.147" addrtype="ipv4"/><ports><port protocol="tcp" portid="5060"><state state="open" reason="syn-ack" reason_ttl="51"/></port></ports></host>
<host endtime="1733440948"><address addr="202.46.6.96" addrtype="ipv4"/><ports><port protocol="tcp" portid="5060"><state state="open" reason="syn-ack" reason_ttl="50"/></port></ports></host>
<host endtime="1733440950"><address addr="199.123.26.255" addrtype="ipv4"/><ports><port protocol="tcp" portid="5060"><state state="open" reason="syn-ack" reason_ttl="229"/></port></ports></host>
<host endtime="1733440951"><address addr="202.46.241.163" addrtype="ipv4"/><ports><port protocol="tcp" portid="5060"><state state="open" reason="syn-ack" reason_ttl="50"/></port></ports></host>
<host endtime="1733440952"><address addr="103.224.215.242" addrtype="ipv4"/><ports><port protocol="tcp" portid="5060"><state state="open" reason="syn-ack" reason_ttl="48"/></port></ports></host>
<host endtime="1733440957"><address addr="202.46.255.148" addrtype="ipv4"/><ports><port protocol="tcp" portid="5060"><state state="open" reason="syn-ack" reason_ttl="50"/></port></ports></host>
<host endtime="1733440959"><address addr="202.46.254.169" addrtype="ipv4"/><ports><port protocol="tcp" portid="5060"><state state="open" reason="syn-ack" reason_ttl="50"/></port></ports></host>
<host endtime="1733440960"><address addr="199.201.237.135" addrtype="ipv4"/><ports><port protocol="tcp" portid="5060"><state state="open" reason="syn-ack" reason_ttl="47"/></port></ports></host>
<host endtime="1733440960"><address addr="202.46.242.80" addrtype="ipv4"/><ports><port protocol="tcp" portid="5060"><state state="open" reason="syn-ack" reason_ttl="50"/></port></ports></host>
<host endtime="1733440960"><address addr="193.103.200.169" addrtype="ipv4"/><ports><port protocol="tcp" portid="5060"><state state="open" reason="syn-ack" reason_ttl="52"/></port></ports></host>
<host endtime="1733440961"><address addr="202.46.1.2" addrtype="ipv4"/><ports><port protocol="tcp" portid="5060"><state state="open" reason="syn-ack" reason_ttl="51"/></port></ports></host>
<host endtime="1733440962"><address addr="202.46.248.183" addrtype="ipv4"/><ports><port protocol="tcp" portid="5060"><state state="open" reason="syn-ack" reason_ttl="51"/></port></ports></host>
<host endtime="1733440963"><address addr="202.46.2.151" addrtype="ipv4"/><ports><port protocol="tcp" portid="5060"><state state="open" reason="syn-ack" reason_ttl="50"/></port></ports></host>
<host endtime="1733440963"><address addr="202.46.11.136" addrtype="ipv4"/><ports><port protocol="tcp" portid="5060"><state state="open" reason="syn-ack" reason_ttl="50"/></port></ports></host>
<host endtime="1733440968"><address addr="199.201.236.252" addrtype="ipv4"/><ports><port protocol="tcp" portid="5060"><state state="open" reason="syn-ack" reason_ttl="47"/></port></ports></host>
<host endtime="1733440971"><address addr="202.46.254.2" addrtype="ipv4"/><ports><port protocol="tcp" portid="5060"><state state="open" reason="syn-ack" reason_ttl="50"/></port></ports></host>
<host endtime="1733440972"><address addr="202.46.242.224" addrtype="ipv4"/><ports><port protocol="tcp" portid="5060"><state state="open" reason="syn-ack" reason_ttl="50"/></port></ports></host>
<host endtime="1733440975"><address addr="202.46.4.193" addrtype="ipv4"/><ports><port protocol="tcp" portid="5060"><state state="open" reason="syn-ack" reason_ttl="51"/></port></ports></host>
<host endtime="1733440977"><address addr="199.123.24.109" addrtype="ipv4"/><ports><port protocol="tcp" portid="5060"><state state="open" reason="syn-ack" reason_ttl="229"/></port></ports></host>
<host endtime="1733440978"><address addr="23.139.32.238" addrtype="ipv4"/><ports><port protocol="tcp" portid="5060"><state state="open" reason="syn-ack" reason_ttl="50"/></port></ports></host>
<host endtime="1733440979"><address addr="202.46.252.145" addrtype="ipv4"/><ports><port protocol="tcp" portid="5060"><state state="open" reason="syn-ack" reason_ttl="51"/></port></ports></host>
<host endtime="1733440984"><address addr="202.46.11.251" addrtype="ipv4"/><ports><port protocol="tcp" portid="5060"><state state="open" reason="syn-ack" reason_ttl="50"/></port></ports></host>
<host endtime="1733440990"><address addr="202.46.252.11" addrtype="ipv4"/><ports><port protocol="tcp" portid="5060"><state state="open" reason="syn-ack" reason_ttl="51"/></port></ports></host>
<host endtime="1733440991"><address addr="202.46.7.253" addrtype="ipv4"/><ports><port protocol="tcp" portid="5060"><state state="open" reason="syn-ack" reason_ttl="50"/></port></ports></host>
<host endtime="1733440994"><address addr="202.46.15.82" addrtype="ipv4"/><ports><port protocol="tcp" portid="5060"><state state="open" reason="syn-ack" reason_ttl="51"/></port></ports></host>
<host endtime="1733440996"><address addr="202.46.10.1" addrtype="ipv4"/><ports><port protocol="tcp" portid="5060"><state state="open" reason="syn-ack" reason_ttl="51"/></port></ports></host>
<host endtime="1733440999"><address addr="199.123.24.114" addrtype="ipv4"/><ports><port protocol="tcp" portid="5060"><state state="open" reason="syn-ack" reason_ttl="229"/></port></ports></host>
<host endtime="1733441001"><address addr="103.224.215.21" addrtype="ipv4"/><ports><port protocol="tcp" portid="5060"><state state="open" reason="syn-ack" reason_ttl="48"/></port></ports></host>
<host endtime="1733441002"><address addr="202.46.243.41" addrtype="ipv4"/><ports><port protocol="tcp" portid="5060"><state state="open" reason="syn-ack" reason_ttl="51"/></port></ports></host>
<host endtime="1733441004"><address addr="202.46.11.224" addrtype="ipv4"/><ports><port protocol="tcp" portid="5060"><state state="open" reason="syn-ack" reason_ttl="51"/></port></ports></host>
<host endtime="1733441008"><address addr="193.98.229.28" addrtype="ipv4"/><ports><port protocol="tcp" portid="5061"><state state="open" reason="syn-ack" reason_ttl="47"/></port></ports></host>
<host endtime="1733441008"><address addr="202.46.13.65" addrtype="ipv4"/><ports><port protocol="tcp" portid="5060"><state state="open" reason="syn-ack" reason_ttl="50"/></port></ports></host>
<host endtime="1733441011"><address addr="202.46.253.211" addrtype="ipv4"/><ports><port protocol="tcp" portid="5060"><state state="open" reason="syn-ack" reason_ttl="51"/></port></ports></host>
<host endtime="1733441011"><address addr="202.46.4.39" addrtype="ipv4"/><ports><port protocol="tcp" portid="5060"><state state="open" reason="syn-ack" reason_ttl="51"/></port></ports></host>
<host endtime="1733441012"><address addr="199.201.236.99" addrtype="ipv4"/><ports><port protocol="tcp" portid="5060"><state state="open" reason="syn-ack" reason_ttl="47"/></port></ports></host>
<host endtime="1733441017"><address addr="202.46.10.9" addrtype="ipv4"/><ports><port protocol="tcp" portid="5060"><state state="open" reason="syn-ack" reason_ttl="50"/></port></ports></host>
<host endtime="1733441017"><address addr="202.46.241.178" addrtype="ipv4"/><ports><port protocol="tcp" portid="5060"><state state="open" reason="syn-ack" reason_ttl="51"/></port></ports></host>
<host endtime="1733441020"><address addr="202.46.6.254" addrtype="ipv4"/><ports><port protocol="tcp" portid="5060"><state state="open" reason="syn-ack" reason_ttl="51"/></port></ports></host>
<host endtime="1733441021"><address addr="103.224.215.207" addrtype="ipv4"/><ports><port protocol="tcp" portid="5060"><state state="open" reason="syn-ack" reason_ttl="48"/></port></ports></host>
<host endtime="1733441021"><address addr="202.46.249.100" addrtype="ipv4"/><ports><port protocol="tcp" portid="5060"><state state="open" reason="syn-ack" reason_ttl="51"/></port></ports></host>
<host endtime="1733441022"><address addr="202.46.250.248" addrtype="ipv4"/><ports><port protocol="tcp" portid="5060"><state state="open" reason="syn-ack" reason_ttl="51"/></port></ports></host>
<host endtime="1733441024"><address addr="202.46.0.140" addrtype="ipv4"/><ports><port protocol="tcp" portid="5060"><state state="open" reason="syn-ack" reason_ttl="51"/></port></ports></host>
<host endtime="1733441027"><address addr="202.46.248.155" addrtype="ipv4"/><ports><port protocol="tcp" portid="5060"><state state="open" reason="syn-ack" reason_ttl="50"/></port></ports></host>
<host endtime="1733441029"><address addr="202.46.2.72" addrtype="ipv4"/><ports><port protocol="tcp" portid="5060"><state state="open" reason="syn-ack" reason_ttl="50"/></port></ports></host>
<host endtime="1733441032"><address addr="202.46.14.208" addrtype="ipv4"/><ports><port protocol="tcp" portid="5060"><state state="open" reason="syn-ack" reason_ttl="51"/></port></ports></host>
<host endtime="1733441033"><address addr="202.46.244.2" addrtype="ipv4"/><ports><port protocol="tcp" portid="5060"><state state="open" reason="syn-ack" reason_ttl="50"/></port></ports></host>
<host endtime="1733441035"><address addr="202.46.247.182" addrtype="ipv4"/><ports><port protocol="tcp" portid="5060"><state state="open" reason="syn-ack" reason_ttl="50"/></port></ports></host>
<host endtime="1733441036"><address addr="193.98.229.30" addrtype="ipv4"/><ports><port protocol="tcp" portid="5060"><state state="open" reason="syn-ack" reason_ttl="44"/></port></ports></host>
<host endtime="1733441038"><address addr="202.46.252.216" addrtype="ipv4"/><ports><port protocol="tcp" portid="5060"><state state="open" reason="syn-ack" reason_ttl="51"/></port></ports></host>
<host endtime="1733441038"><address addr="202.46.3.126" addrtype="ipv4"/><ports><port protocol="tcp" portid="5061"><state state="open" reason="syn-ack" reason_ttl="49"/></port></ports></host>
<host endtime="1733441040"><address addr="103.224.214.91" addrtype="ipv4"/><ports><port protocol="tcp" portid="5060"><state state="open" reason="syn-ack" reason_ttl="48"/></port></ports></host>
<host endtime="1733441041"><address addr="202.46.240.121" addrtype="ipv4"/><ports><port protocol="tcp" portid="5060"><state state="open" reason="syn-ack" reason_ttl="50"/></port></ports></host>
<host endtime="1733441044"><address addr="199.123.27.21" addrtype="ipv4"/><ports><port protocol="tcp" portid="5060"><state state="open" reason="syn-ack" reason_ttl="229"/></port></ports></host>
<host endtime="1733441047"><address addr="202.46.8.164" addrtype="ipv4"/><ports><port protocol="tcp" portid="5060"><state state="open" reason="syn-ack" reason_ttl="51"/></port></ports></host>
<host endtime="1733441049"><address addr="199.201.237.114" addrtype="ipv4"/><ports><port protocol="tcp" portid="5060"><state state="open" reason="syn-ack" reason_ttl="47"/></port></ports></host>
<host endtime="1733441049"><address addr="202.46.242.127" addrtype="ipv4"/><ports><port protocol="tcp" portid="5060"><state state="open" reason="syn-ack" reason_ttl="51"/></port></ports></host>
<host endtime="1733441054"><address addr="199.123.24.232" addrtype="ipv4"/><ports><port protocol="tcp" portid="5060"><state state="open" reason="syn-ack" reason_ttl="229"/></port></ports></host>
<host endtime="1733441056"><address addr="202.46.7.110" addrtype="ipv4"/><ports><port protocol="tcp" portid="5060"><state state="open" reason="syn-ack" reason_ttl="51"/></port></ports></host>
<host endtime="1733441059"><address addr="202.46.12.62" addrtype="ipv4"/><ports><port protocol="tcp" portid="5060"><state state="open" reason="syn-ack" reason_ttl="50"/></port></ports></host>
<host endtime="1733441060"><address addr="202.46.255.166" addrtype="ipv4"/><ports><port protocol="tcp" portid="5060"><state state="open" reason="syn-ack" reason_ttl="51"/></port></ports></host>
<host endtime="1733441062"><address addr="202.46.244.174" addrtype="ipv4"/><ports><port protocol="tcp" portid="5060"><state state="open" reason="syn-ack" reason_ttl="51"/></port></ports></host>
<host endtime="1733441067"><address addr="199.201.236.97" addrtype="ipv4"/><ports><port protocol="tcp" portid="5060"><state state="open" reason="syn-ack" reason_ttl="47"/></port></ports></host>
<host endtime="1733441068"><address addr="202.46.2.198" addrtype="ipv4"/><ports><port protocol="tcp" portid="5060"><state state="open" reason="syn-ack" reason_ttl="51"/></port></ports></host>
<host endtime="1733441071"><address addr="202.46.6.196" addrtype="ipv4"/><ports><port protocol="tcp" portid="5060"><state state="open" reason="syn-ack" reason_ttl="51"/></port></ports></host>
<host endtime="1733441074"><address addr="202.46.12.20" addrtype="ipv4"/><ports><port protocol="tcp" portid="5060"><state state="open" reason="syn-ack" reason_ttl="51"/></port></ports></host>
<host endtime="1733441078"><address addr="202.46.15.37" addrtype="ipv4"/><ports><port protocol="tcp" portid="5060"><state state="open" reason="syn-ack" reason_ttl="50"/></port></ports></host>
<host endtime="1733441086"><address addr="202.46.250.22" addrtype="ipv4"/><ports><port protocol="tcp" portid="5060"><state state="open" reason="syn-ack" reason_ttl="51"/></port></ports></host>
<host endtime="1733441086"><address addr="193.98.229.48" addrtype="ipv4"/><ports><port protocol="tcp" portid="5060"><state state="open" reason="syn-ack" reason_ttl="47"/></port></ports></host>
<host endtime="1733441087"><address addr="202.46.248.66" addrtype="ipv4"/><ports><port protocol="tcp" portid="5060"><state state="open" reason="syn-ack" reason_ttl="51"/></port></ports></host>
<host endtime="1733441090"><address addr="199.123.25.255" addrtype="ipv4"/><ports><port protocol="tcp" portid="5060"><state state="open" reason="syn-ack" reason_ttl="229"/></port></ports></host>
<host endtime="1733441091"><address addr="202.46.246.211" addrtype="ipv4"/><ports><port protocol="tcp" portid="5060"><state state="open" reason="syn-ack" reason_ttl="51"/></port></ports></host>
<host endtime="1733441092"><address addr="202.46.250.130" addrtype="ipv4"/><ports><port protocol="tcp" portid="5060"><state state="open" reason="syn-ack" reason_ttl="50"/></port></ports></host>
<host endtime="1733441094"><address addr="202.46.244.247" addrtype="ipv4"/><ports><port protocol="tcp" portid="5060"><state state="open" reason="syn-ack" reason_ttl="51"/></port></ports></host>
<host endtime="1733441095"><address addr="202.46.7.2" addrtype="ipv4"/><ports><port protocol="tcp" portid="5060"><state state="open" reason="syn-ack" reason_ttl="50"/></port></ports></host>
<host endtime="1733441095"><address addr="202.46.1.61" addrtype="ipv4"/><ports><port protocol="tcp" portid="5060"><state state="open" reason="syn-ack" reason_ttl="50"/></port></ports></host>
<host endtime="1733441102"><address addr="199.123.27.218" addrtype="ipv4"/><ports><port protocol="tcp" portid="5060"><state state="open" reason="syn-ack" reason_ttl="229"/></port></ports></host>
<host endtime="1733441108"><address addr="202.46.249.134" addrtype="ipv4"/><ports><port protocol="tcp" portid="5060"><state state="open" reason="syn-ack" reason_ttl="51"/></port></ports></host>
<host endtime="1733441112"><address addr="202.46.1.143" addrtype="ipv4"/><ports><port protocol="tcp" portid="5060"><state state="open" reason="syn-ack" reason_ttl="51"/></port></ports></host>
<host endtime="1733441114"><address addr="202.46.6.90" addrtype="ipv4"/><ports><port protocol="tcp" portid="5060"><state state="open" reason="syn-ack" reason_ttl="50"/></port></ports></host>
<host endtime="1733441115"><address addr="199.123.24.118" addrtype="ipv4"/><ports><port protocol="tcp" portid="5060"><state state="open" reason="syn-ack" reason_ttl="229"/></port></ports></host>
<host endtime="1733441115"><address addr="202.46.14.243" addrtype="ipv4"/><ports><port protocol="tcp" portid="5060"><state state="open" reason="syn-ack" reason_ttl="51"/></port></ports></host>
<host endtime="1733441119"><address addr="202.46.243.68" addrtype="ipv4"/><ports><port protocol="tcp" portid="5060"><state state="open" reason="syn-ack" reason_ttl="51"/></port></ports></host>
<host endtime="1733441122"><address addr="196.195.4.59" addrtype="ipv4"/><ports><port protocol="tcp" portid="5060"><state state="open" reason="syn-ack" reason_ttl="51"/></port></ports></host>
<host endtime="1733441125"><address addr="202.46.1.180" addrtype="ipv4"/><ports><port protocol="tcp" portid="5060"><state state="open" reason="syn-ack" reason_ttl="51"/></port></ports></host>
<host endtime="1733441127"><address addr="103.224.215.67" addrtype="ipv4"/><ports><port protocol="tcp" portid="5060"><state state="open" reason="syn-ack" reason_ttl="48"/></port></ports></host>
<host endtime="1733441128"><address addr="66.43.89.126" addrtype="ipv4"/><ports><port protocol="tcp" portid="5060"><state state="open" reason="syn-ack" reason_ttl="48"/></port></ports></host>
<host endtime="1733441128"><address addr="202.46.2.167" addrtype="ipv4"/><ports><port protocol="tcp" portid="5060"><state state="open" reason="syn-ack" reason_ttl="50"/></port></ports></host>
<host endtime="1733441129"><address addr="202.46.252.113" addrtype="ipv4"/><ports><port protocol="tcp" portid="5060"><state state="open" reason="syn-ack" reason_ttl="50"/></port></ports></host>
<host endtime="1733441131"><address addr="202.46.1.32" addrtype="ipv4"/><ports><port protocol="tcp" portid="5060"><state state="open" reason="syn-ack" reason_ttl="51"/></port></ports></host>
<host endtime="1733441134"><address addr="202.46.12.209" addrtype="ipv4"/><ports><port protocol="tcp" portid="5060"><state state="open" reason="syn-ack" reason_ttl="51"/></port></ports></host>
<host endtime="1733441135"><address addr="103.224.215.36" addrtype="ipv4"/><ports><port protocol="tcp" portid="5060"><state state="open" reason="syn-ack" reason_ttl="48"/></port></ports></host>
<host endtime="1733441138"><address addr="199.123.26.120" addrtype="ipv4"/><ports><port protocol="tcp" portid="5060"><state state="open" reason="syn-ack" reason_ttl="229"/></port></ports></host>
<host endtime="1733441142"><address addr="202.46.10.246" addrtype="ipv4"/><ports><port protocol="tcp" portid="5060"><state state="open" reason="syn-ack" reason_ttl="50"/></port></ports></host>
<host endtime="1733441153"><address addr="202.46.240.147" addrtype="ipv4"/><ports><port protocol="tcp" portid="5060"><state state="open" reason="syn-ack" reason_ttl="51"/></port></ports></host>
<host endtime="1733441154"><address addr="202.46.247.127" addrtype="ipv4"/><ports><port protocol="tcp" portid="5060"><state state="open" reason="syn-ack" reason_ttl="51"/></port></ports></host>
<host endtime="1733441155"><address addr="202.46.0.80" addrtype="ipv4"/><ports><port protocol="tcp" portid="5060"><state state="open" reason="syn-ack" reason_ttl="51"/></port></ports></host>
<host endtime="1733441158"><address addr="193.99.165.210" addrtype="ipv4"/><ports><port protocol="tcp" portid="5061"><state state="open" reason="syn-ack" reason_ttl="46"/></port></ports></host>
<host endtime="1733441160"><address addr="202.46.11.254" addrtype="ipv4"/><ports><port protocol="tcp" portid="5060"><state state="open" reason="syn-ack" reason_ttl="50"/></port></ports></host>
<host endtime="1733441162"><address addr="202.46.6.142" addrtype="ipv4"/><ports><port protocol="tcp" portid="5060"><state state="open" reason="syn-ack" reason_ttl="50"/></port></ports></host>
<host endtime="1733441166"><address addr="103.83.19.63" addrtype="ipv4"/><ports><port protocol="tcp" portid="5060"><state state="open" reason="syn-ack" reason_ttl="48"/></port></ports></host>
<host endtime="1733441168"><address addr="202.46.15.87" addrtype="ipv4"/><ports><port protocol="tcp" portid="5060"><state state="open" reason="syn-ack" reason_ttl="50"/></port></ports></host>
<host endtime="1733441169"><address addr="202.46.3.16" addrtype="ipv4"/><ports><port protocol="tcp" portid="5060"><state state="open" reason="syn-ack" reason_ttl="50"/></port></ports></host>
<host endtime="1733441170"><address addr="202.46.10.127" addrtype="ipv4"/><ports><port protocol="tcp" portid="5060"><state state="open" reason="syn-ack" reason_ttl="50"/></port></ports></host>
<host endtime="1733441177"><address addr="103.83.19.11" addrtype="ipv4"/><ports><port protocol="tcp" portid="5060"><state state="open" reason="syn-ack" reason_ttl="48"/></port></ports></host>
<host endtime="1733441178"><address addr="202.46.246.116" addrtype="ipv4"/><ports><port protocol="tcp" portid="5060"><state state="open" reason="syn-ack" reason_ttl="51"/></port></ports></host>
<host endtime="1733441178"><address addr="202.46.2.118" addrtype="ipv4"/><ports><port protocol="tcp" portid="5060"><state state="open" reason="syn-ack" reason_ttl="50"/></port></ports></host>
<host endtime="1733441179"><address addr="103.83.18.100" addrtype="ipv4"/><ports><port protocol="tcp" portid="5060"><state state="open" reason="syn-ack" reason_ttl="48"/></port></ports></host>
<host endtime="1733441180"><address addr="202.46.4.117" addrtype="ipv4"/><ports><port protocol="tcp" portid="5060"><state state="open" reason="syn-ack" reason_ttl="51"/></port></ports></host>
<host endtime="1733441183"><address addr="193.98.229.55" addrtype="ipv4"/><ports><port protocol="tcp" portid="5061"><state state="open" reason="syn-ack" reason_ttl="48"/></port></ports></host>
<host endtime="1733441183"><address addr="202.46.247.198" addrtype="ipv4"/><ports><port protocol="tcp" portid="5060"><state state="open" reason="syn-ack" reason_ttl="51"/></port></ports></host>
<host endtime="1733441184"><address addr="199.123.24.90" addrtype="ipv4"/><ports><port protocol="tcp" portid="5060"><state state="open" reason="syn-ack" reason_ttl="229"/></port></ports></host>
<host endtime="1733441191"><address addr="202.46.15.33" addrtype="ipv4"/><ports><port protocol="tcp" portid="5060"><state state="open" reason="syn-ack" reason_ttl="51"/></port></ports></host>
<host endtime="1733441193"><address addr="202.46.244.67" addrtype="ipv4"/><ports><port protocol="tcp" portid="5060"><state state="open" reason="syn-ack" reason_ttl="51"/></port></ports></host>
<host endtime="1733441193"><address addr="202.46.243.173" addrtype="ipv4"/><ports><port protocol="tcp" portid="5060"><state state="open" reason="syn-ack" reason_ttl="51"/></port></ports></host>
<host endtime="1733441194"><address addr="202.46.4.225" addrtype="ipv4"/><ports><port protocol="tcp" portid="5060"><state state="open" reason="syn-ack" reason_ttl="51"/></port></ports></host>
<host endtime="1733441194"><address addr="199.201.237.52" addrtype="ipv4"/><ports><port protocol="tcp" portid="5060"><state state="open" reason="syn-ack" reason_ttl="47"/></port></ports></host>
<host endtime="1733441197"><address addr="202.46.13.124" addrtype="ipv4"/><ports><port protocol="tcp" portid="5060"><state state="open" reason="syn-ack" reason_ttl="51"/></port></ports></host>
<host endtime="1733441198"><address addr="202.46.7.10" addrtype="ipv4"/><ports><port protocol="tcp" portid="5060"><state state="open" reason="syn-ack" reason_ttl="51"/></port></ports></host>
<host endtime="1733441204"><address addr="202.46.10.60" addrtype="ipv4"/><ports><port protocol="tcp" portid="5060"><state state="open" reason="syn-ack" reason_ttl="51"/></port></ports></host>
<host endtime="1733441205"><address addr="202.46.251.81" addrtype="ipv4"/><ports><port protocol="tcp" portid="5060"><state state="open" reason="syn-ack" reason_ttl="51"/></port></ports></host>
<host endtime="1733441205"><address addr="103.83.18.110" addrtype="ipv4"/><ports><port protocol="tcp" portid="5060"><state state="open" reason="syn-ack" reason_ttl="48"/></port></ports></host>
<host endtime="1733441206"><address addr="199.123.27.24" addrtype="ipv4"/><ports><port protocol="tcp" portid="5060"><state state="open" reason="syn-ack" reason_ttl="229"/></port></ports></host>
<host endtime="1733441206"><address addr="103.224.215.248" addrtype="ipv4"/><ports><port protocol="tcp" portid="5060"><state state="open" reason="syn-ack" reason_ttl="48"/></port></ports></host>
<host endtime="1733441208"><address addr="103.83.19.243" addrtype="ipv4"/><ports><port protocol="tcp" portid="5060"><state state="open" reason="syn-ack" reason_ttl="48"/></port></ports></host>
<host endtime="1733441209"><address addr="199.123.26.101" addrtype="ipv4"/><ports><port protocol="tcp" portid="5060"><state state="open" reason="syn-ack" reason_ttl="229"/></port></ports></host>
<host endtime="1733441211"><address addr="193.103.200.114" addrtype="ipv4"/><ports><port protocol="tcp" portid="5060"><state state="open" reason="syn-ack" reason_ttl="54"/></port></ports></host>
<host endtime="1733441215"><address addr="202.46.4.8" addrtype="ipv4"/><ports><port protocol="tcp" portid="5060"><state state="open" reason="syn-ack" reason_ttl="51"/></port></ports></host>
<host endtime="1733441218"><address addr="199.123.25.204" addrtype="ipv4"/><ports><port protocol="tcp" portid="5060"><state state="open" reason="syn-ack" reason_ttl="229"/></port></ports></host>
<host endtime="1733441224"><address addr="202.46.245.21" addrtype="ipv4"/><ports><port protocol="tcp" portid="5060"><state state="open" reason="syn-ack" reason_ttl="50"/></port></ports></host>
<host endtime="1733441225"><address addr="202.46.12.82" addrtype="ipv4"/><ports><port protocol="tcp" portid="5060"><state state="open" reason="syn-ack" reason_ttl="51"/></port></ports></host>
<host endtime="1733441226"><address addr="202.46.5.177" addrtype="ipv4"/><ports><port protocol="tcp" portid="5060"><state state="open" reason="syn-ack" reason_ttl="51"/></port></ports></host>
<host endtime="1733441226"><address addr="202.46.247.168" addrtype="ipv4"/><ports><port protocol="tcp" portid="5060"><state state="open" reason="syn-ack" reason_ttl="50"/></port></ports></host>
<host endtime="1733441229"><address addr="199.123.24.20" addrtype="ipv4"/><ports><port protocol="tcp" portid="5060"><state state="open" reason="syn-ack" reason_ttl="229"/></port></ports></host>
<host endtime="1733441231"><address addr="199.123.24.149" addrtype="ipv4"/><ports><port protocol="tcp" portid="5060"><state state="open" reason="syn-ack" reason_ttl="229"/></port></ports></host>
<host endtime="1733441231"><address addr="202.46.241.142" addrtype="ipv4"/><ports><port protocol="tcp" portid="5060"><state state="open" reason="syn-ack" reason_ttl="51"/></port></ports></host>
<host endtime="1733441232"><address addr="202.46.10.194" addrtype="ipv4"/><ports><port protocol="tcp" portid="5060"><state state="open" reason="syn-ack" reason_ttl="50"/></port></ports></host>
<host endtime="1733441233"><address addr="202.46.15.91" addrtype="ipv4"/><ports><port protocol="tcp" portid="5060"><state state="open" reason="syn-ack" reason_ttl="51"/></port></ports></host>
<host endtime="1733441234"><address addr="202.46.247.221" addrtype="ipv4"/><ports><port protocol="tcp" portid="5060"><state state="open" reason="syn-ack" reason_ttl="51"/></port></ports></host>
<host endtime="1733441236"><address addr="202.46.255.31" addrtype="ipv4"/><ports><port protocol="tcp" portid="5060"><state state="open" reason="syn-ack" reason_ttl="51"/></port></ports></host>
<host endtime="1733441239"><address addr="202.46.4.67" addrtype="ipv4"/><ports><port protocol="tcp" portid="5060"><state state="open" reason="syn-ack" reason_ttl="51"/></port></ports></host>
<host endtime="1733441242"><address addr="202.46.4.60" addrtype="ipv4"/><ports><port protocol="tcp" portid="5060"><state state="open" reason="syn-ack" reason_ttl="50"/></port></ports></host>
<host endtime="1733441242"><address addr="202.46.245.55" addrtype="ipv4"/><ports><port protocol="tcp" portid="5060"><state state="open" reason="syn-ack" reason_ttl="51"/></port></ports></host>
<host endtime="1733441244"><address addr="202.46.243.92" addrtype="ipv4"/><ports><port protocol="tcp" portid="5060"><state state="open" reason="syn-ack" reason_ttl="50"/></port></ports></host>
<host endtime="1733441244"><address addr="202.46.11.196" addrtype="ipv4"/><ports><port protocol="tcp" portid="5060"><state state="open" reason="syn-ack" reason_ttl="51"/></port></ports></host>
<host endtime="1733441251"><address addr="202.46.249.248" addrtype="ipv4"/><ports><port protocol="tcp" portid="5060"><state state="open" reason="syn-ack" reason_ttl="51"/></port></ports></host>
<host endtime="1733441253"><address addr="202.46.254.40" addrtype="ipv4"/><ports><port protocol="tcp" portid="5060"><state state="open" reason="syn-ack" reason_ttl="51"/></port></ports></host>
<host endtime="1733441255"><address addr="103.83.19.216" addrtype="ipv4"/><ports><port protocol="tcp" portid="5060"><state state="open" reason="syn-ack" reason_ttl="48"/></port></ports></host>
<host endtime="1733441257"><address addr="103.224.214.136" addrtype="ipv4"/><ports><port protocol="tcp" portid="5060"><state state="open" reason="syn-ack" reason_ttl="48"/></port></ports></host>
<host endtime="1733441263"><address addr="103.83.19.128" addrtype="ipv4"/><ports><port protocol="tcp" portid="5060"><state state="open" reason="syn-ack" reason_ttl="48"/></port></ports></host>
<host endtime="1733441264"><address addr="202.46.4.232" addrtype="ipv4"/><ports><port protocol="tcp" portid="5060"><state state="open" reason="syn-ack" reason_ttl="50"/></port></ports></host>
<host endtime="1733441265"><address addr="202.46.15.149" addrtype="ipv4"/><ports><port protocol="tcp" portid="5060"><state state="open" reason="syn-ack" reason_ttl="51"/></port></ports></host>
<host endtime="1733441266"><address addr="202.46.7.22" addrtype="ipv4"/><ports><port protocol="tcp" portid="5060"><state state="open" reason="syn-ack" reason_ttl="51"/></port></ports></host>
<host endtime="1733441268"><address addr="103.83.18.90" addrtype="ipv4"/><ports><port protocol="tcp" portid="5060"><state state="open" reason="syn-ack" reason_ttl="48"/></port></ports></host>
<host endtime="1733441268"><address addr="103.224.215.17" addrtype="ipv4"/><ports><port protocol="tcp" portid="5060"><state state="open" reason="syn-ack" reason_ttl="48"/></port></ports></host>
<host endtime="1733441270"><address addr="202.46.8.45" addrtype="ipv4"/><ports><port protocol="tcp" portid="5060"><state state="open" reason="syn-ack" reason_ttl="51"/></port></ports></host>
<host endtime="1733441272"><address addr="202.46.12.213" addrtype="ipv4"/><ports><port protocol="tcp" portid="5060"><state state="open" reason="syn-ack" reason_ttl="51"/></port></ports></host>
<host endtime="1733441272"><address addr="199.123.26.206" addrtype="ipv4"/><ports><port protocol="tcp" portid="5060"><state state="open" reason="syn-ack" reason_ttl="229"/></port></ports></host>
<host endtime="1733441275"><address addr="202.46.253.245" addrtype="ipv4"/><ports><port protocol="tcp" portid="5060"><state state="open" reason="syn-ack" reason_ttl="51"/></port></ports></host>
<host endtime="1733441278"><address addr="199.123.26.95" addrtype="ipv4"/><ports><port protocol="tcp" portid="5060"><state state="open" reason="syn-ack" reason_ttl="229"/></port></ports></host>
<host endtime="1733441280"><address addr="193.98.229.190" addrtype="ipv4"/><ports><port protocol="tcp" portid="5060"><state state="open" reason="syn-ack" reason_ttl="44"/></port></ports></host>
<host endtime="1733441287"><address addr="202.46.10.103" addrtype="ipv4"/><ports><port protocol="tcp" portid="5060"><state state="open" reason="syn-ack" reason_ttl="50"/></port></ports></host>
<host endtime="1733441290"><address addr="202.46.255.236" addrtype="ipv4"/><ports><port protocol="tcp" portid="5060"><state state="open" reason="syn-ack" reason_ttl="50"/></port></ports></host>
<host endtime="1733441294"><address addr="193.98.229.201" addrtype="ipv4"/><ports><port protocol="tcp" portid="5061"><state state="open" reason="syn-ack" reason_ttl="49"/></port></ports></host>
<host endtime="1733441296"><address addr="199.201.237.182" addrtype="ipv4"/><ports><port protocol="tcp" portid="5060"><state state="open" reason="syn-ack" reason_ttl="47"/></port></ports></host>
<host endtime="1733441297"><address addr="202.46.1.201" addrtype="ipv4"/><ports><port protocol="tcp" portid="5060"><state state="open" reason="syn-ack" reason_ttl="51"/></port></ports></host>
<host endtime="1733441297"><address addr="199.123.25.152" addrtype="ipv4"/><ports><port protocol="tcp" portid="5060"><state state="open" reason="syn-ack" reason_ttl="229"/></port></ports></host>
<host endtime="1733441305"><address addr="202.46.243.209" addrtype="ipv4"/><ports><port protocol="tcp" portid="5060"><state state="open" reason="syn-ack" reason_ttl="51"/></port></ports></host>
<host endtime="1733441306"><address addr="199.123.27.196" addrtype="ipv4"/><ports><port protocol="tcp" portid="5060"><state state="open" reason="syn-ack" reason_ttl="229"/></port></ports></host>
<host endtime="1733441307"><address addr="202.46.0.175" addrtype="ipv4"/><ports><port protocol="tcp" portid="5060"><state state="open" reason="syn-ack" reason_ttl="50"/></port></ports></host>
<host endtime="1733441308"><address addr="103.224.214.12" addrtype="ipv4"/><ports><port protocol="tcp" portid="5060"><state state="open" reason="syn-ack" reason_ttl="48"/></port></ports></host>
<host endtime="1733441309"><address addr="202.46.10.244" addrtype="ipv4"/><ports><port protocol="tcp" portid="5060"><state state="open" reason="syn-ack" reason_ttl="51"/></port></ports></host>
<host endtime="1733441310"><address addr="199.123.27.111" addrtype="ipv4"/><ports><port protocol="tcp" portid="5060"><state state="open" reason="syn-ack" reason_ttl="229"/></port></ports></host>
<host endtime="1733441313"><address addr="202.46.13.21" addrtype="ipv4"/><ports><port protocol="tcp" portid="5060"><state state="open" reason="syn-ack" reason_ttl="51"/></port></ports></host>
<host endtime="1733441316"><address addr="193.98.229.25" addrtype="ipv4"/><ports><port protocol="tcp" portid="5061"><state state="open" reason="syn-ack" reason_ttl="44"/></port></ports></host>
<host endtime="1733441316"><address addr="202.46.242.139" addrtype="ipv4"/><ports><port protocol="tcp" portid="5060"><state state="open" reason="syn-ack" reason_ttl="50"/></port></ports></host>
<host endtime="1733441318"><address addr="199.201.236.90" addrtype="ipv4"/><ports><port protocol="tcp" portid="5060"><state state="open" reason="syn-ack" reason_ttl="47"/></port></ports></host>
<host endtime="1733441324"><address addr="193.98.229.14" addrtype="ipv4"/><ports><port protocol="tcp" portid="5061"><state state="open" reason="syn-ack" reason_ttl="47"/></port></ports></host>
<host endtime="1733441327"><address addr="202.46.254.129" addrtype="ipv4"/><ports><port protocol="tcp" portid="5060"><state state="open" reason="syn-ack" reason_ttl="50"/></port></ports></host>
<host endtime="1733441327"><address addr="199.123.24.245" addrtype="ipv4"/><ports><port protocol="tcp" portid="5060"><state state="open" reason="syn-ack" reason_ttl="229"/></port></ports></host>
<host endtime="1733441332"><address addr="199.123.25.65" addrtype="ipv4"/><ports><port protocol="tcp" portid="5060"><state state="open" reason="syn-ack" reason_ttl="229"/></port></ports></host>
<host endtime="1733441335"><address addr="199.123.27.52" addrtype="ipv4"/><ports><port protocol="tcp" portid="5060"><state state="open" reason="syn-ack" reason_ttl="229"/></port></ports></host>
<host endtime="1733441335"><address addr="202.46.251.142" addrtype="ipv4"/><ports><port protocol="tcp" portid="5060"><state state="open" reason="syn-ack" reason_ttl="51"/></port></ports></host>
<host endtime="1733441336"><address addr="103.83.18.71" addrtype="ipv4"/><ports><port protocol="tcp" portid="5060"><state state="open" reason="syn-ack" reason_ttl="48"/></port></ports></host>
<host endtime="1733441338"><address addr="202.46.242.166" addrtype="ipv4"/><ports><port protocol="tcp" portid="5060"><state state="open" reason="syn-ack" reason_ttl="51"/></port></ports></host>
<host endtime="1733441339"><address addr="202.46.242.201" addrtype="ipv4"/><ports><port protocol="tcp" portid="5060"><state state="open" reason="syn-ack" reason_ttl="51"/></port></ports></host>
<host endtime="1733441339"><address addr="199.201.236.238" addrtype="ipv4"/><ports><port protocol="tcp" portid="5060"><state state="open" reason="syn-ack" reason_ttl="47"/></port></ports></host>
<host endtime="1733441339"><address addr="202.46.12.66" addrtype="ipv4"/><ports><port protocol="tcp" portid="5060"><state state="open" reason="syn-ack" reason_ttl="51"/></port></ports></host>
<host endtime="1733441343"><address addr="202.46.8.222" addrtype="ipv4"/><ports><port protocol="tcp" portid="5060"><state state="open" reason="syn-ack" reason_ttl="50"/></port></ports></host>
<host endtime="1733441345"><address addr="202.46.251.87" addrtype="ipv4"/><ports><port protocol="tcp" portid="5060"><state state="open" reason="syn-ack" reason_ttl="51"/></port></ports></host>
<host endtime="1733441349"><address addr="202.46.245.168" addrtype="ipv4"/><ports><port protocol="tcp" portid="5060"><state state="open" reason="syn-ack" reason_ttl="51"/></port></ports></host>
<host endtime="1733441353"><address addr="202.46.245.244" addrtype="ipv4"/><ports><port protocol="tcp" portid="5060"><state state="open" reason="syn-ack" reason_ttl="51"/></port></ports></host>
<host endtime="1733441354"><address addr="202.46.12.61" addrtype="ipv4"/><ports><port protocol="tcp" portid="5060"><state state="open" reason="syn-ack" reason_ttl="51"/></port></ports></host>
<host endtime="1733441354"><address addr="103.224.215.154" addrtype="ipv4"/><ports><port protocol="tcp" portid="5060"><state state="open" reason="syn-ack" reason_ttl="48"/></port></ports></host>
<host endtime="1733441355"><address addr="202.46.244.251" addrtype="ipv4"/><ports><port protocol="tcp" portid="5060"><state state="open" reason="syn-ack" reason_ttl="50"/></port></ports></host>
<host endtime="1733441356"><address addr="202.46.12.240" addrtype="ipv4"/><ports><port protocol="tcp" portid="5060"><state state="open" reason="syn-ack" reason_ttl="50"/></port></ports></host>
<host endtime="1733441357"><address addr="202.46.241.127" addrtype="ipv4"/><ports><port protocol="tcp" portid="5060"><state state="open" reason="syn-ack" reason_ttl="51"/></port></ports></host>
<host endtime="1733441361"><address addr="202.46.247.74" addrtype="ipv4"/><ports><port protocol="tcp" portid="5060"><state state="open" reason="syn-ack" reason_ttl="50"/></port></ports></host>
<host endtime="1733441363"><address addr="193.103.200.24" addrtype="ipv4"/><ports><port protocol="tcp" portid="5060"><state state="open" reason="syn-ack" reason_ttl="52"/></port></ports></host>
<host endtime="1733441364"><address addr="103.83.19.209" addrtype="ipv4"/><ports><port protocol="tcp" portid="5060"><state state="open" reason="syn-ack" reason_ttl="48"/></port></ports></host>
<host endtime="1733441364"><address addr="199.201.237.39" addrtype="ipv4"/><ports><port protocol="tcp" portid="5060"><state state="open" reason="syn-ack" reason_ttl="47"/></port></ports></host>
<host endtime="1733441369"><address addr="202.46.243.147" addrtype="ipv4"/><ports><port protocol="tcp" portid="5060"><state state="open" reason="syn-ack" reason_ttl="51"/></port></ports></host>
<host endtime="1733441371"><address addr="202.46.15.225" addrtype="ipv4"/><ports><port protocol="tcp" portid="5060"><state state="open" reason="syn-ack" reason_ttl="50"/></port></ports></host>
<host endtime="1733441371"><address addr="103.110.62.26" addrtype="ipv4"/><ports><port protocol="tcp" portid="5060"><state state="open" reason="syn-ack" reason_ttl="242"/></port></ports></host>
<host endtime="1733441372"><address addr="202.46.5.110" addrtype="ipv4"/><ports><port protocol="tcp" portid="5060"><state state="open" reason="syn-ack" reason_ttl="51"/></port></ports></host>
<host endtime="1733441377"><address addr="202.46.244.47" addrtype="ipv4"/><ports><port protocol="tcp" portid="5060"><state state="open" reason="syn-ack" reason_ttl="50"/></port></ports></host>
<host endtime="1733441378"><address addr="202.46.11.126" addrtype="ipv4"/><ports><port protocol="tcp" portid="5060"><state state="open" reason="syn-ack" reason_ttl="50"/></port></ports></host>
<host endtime="1733441380"><address addr="199.123.26.90" addrtype="ipv4"/><ports><port protocol="tcp" portid="5060"><state state="open" reason="syn-ack" reason_ttl="229"/></port></ports></host>
<host endtime="1733441386"><address addr="202.46.249.231" addrtype="ipv4"/><ports><port protocol="tcp" portid="5060"><state state="open" reason="syn-ack" reason_ttl="50"/></port></ports></host>
<host endtime="1733441386"><address addr="202.46.7.204" addrtype="ipv4"/><ports><port protocol="tcp" portid="5060"><state state="open" reason="syn-ack" reason_ttl="50"/></port></ports></host>
<host endtime="1733441389"><address addr="202.46.10.33" addrtype="ipv4"/><ports><port protocol="tcp" portid="5060"><state state="open" reason="syn-ack" reason_ttl="50"/></port></ports></host>
<host endtime="1733441390"><address addr="202.46.11.175" addrtype="ipv4"/><ports><port protocol="tcp" portid="5060"><state state="open" reason="syn-ack" reason_ttl="51"/></port></ports></host>
<host endtime="1733441395"><address addr="199.123.24.173" addrtype="ipv4"/><ports><port protocol="tcp" portid="5060"><state state="open" reason="syn-ack" reason_ttl="229"/></port></ports></host>
<host endtime="1733441395"><address addr="202.46.13.243" addrtype="ipv4"/><ports><port protocol="tcp" portid="5060"><state state="open" reason="syn-ack" reason_ttl="51"/></port></ports></host>
<host endtime="1733441396"><address addr="202.46.14.13" addrtype="ipv4"/><ports><port protocol="tcp" portid="5060"><state state="open" reason="syn-ack" reason_ttl="51"/></port></ports></host>
<host endtime="1733441397"><address addr="202.46.8.46" addrtype="ipv4"/><ports><port protocol="tcp" portid="5060"><state state="open" reason="syn-ack" reason_ttl="51"/></port></ports></host>
<host endtime="1733441397"><address addr="202.46.242.226" addrtype="ipv4"/><ports><port protocol="tcp" portid="5060"><state state="open" reason="syn-ack" reason_ttl="51"/></port></ports></host>
<host endtime="1733441397"><address addr="103.224.215.235" addrtype="ipv4"/><ports><port protocol="tcp" portid="5060"><state state="open" reason="syn-ack" reason_ttl="48"/></port></ports></host>
<host endtime="1733441398"><address addr="202.46.5.191" addrtype="ipv4"/><ports><port protocol="tcp" portid="5060"><state state="open" reason="syn-ack" reason_ttl="50"/></port></ports></host>
<host endtime="1733441399"><address addr="202.46.246.69" addrtype="ipv4"/><ports><port protocol="tcp" portid="5060"><state state="open" reason="syn-ack" reason_ttl="50"/></port></ports></host>
<host endtime="1733441401"><address addr="199.123.25.138" addrtype="ipv4"/><ports><port protocol="tcp" portid="5060"><state state="open" reason="syn-ack" reason_ttl="229"/></port></ports></host>
<host endtime="1733441402"><address addr="202.46.244.197" addrtype="ipv4"/><ports><port protocol="tcp" portid="5060"><state state="open" reason="syn-ack" reason_ttl="51"/></port></ports></host>
<host endtime="1733441403"><address addr="202.46.8.253" addrtype="ipv4"/><ports><port protocol="tcp" portid="5060"><state state="open" reason="syn-ack" reason_ttl="50"/></port></ports></host>
<host endtime="1733441403"><address addr="199.123.24.101" addrtype="ipv4"/><ports><port protocol="tcp" portid="5060"><state state="open" reason="syn-ack" reason_ttl="229"/></port></ports></host>
<host endtime="1733441404"><address addr="202.46.251.86" addrtype="ipv4"/><ports><port protocol="tcp" portid="5060"><state state="open" reason="syn-ack" reason_ttl="50"/></port></ports></host>
<host endtime="1733441407"><address addr="202.46.1.129" addrtype="ipv4"/><ports><port protocol="tcp" portid="5060"><state state="open" reason="syn-ack" reason_ttl="50"/></port></ports></host>
<host endtime="1733441417"><address addr="202.46.248.28" addrtype="ipv4"/><ports><port protocol="tcp" portid="5060"><state state="open" reason="syn-ack" reason_ttl="51"/></port></ports></host>
<host endtime="1733441423"><address addr="103.83.18.159" addrtype="ipv4"/><ports><port protocol="tcp" portid="5060"><state state="open" reason="syn-ack" reason_ttl="48"/></port></ports></host>
<host endtime="1733441425"><address addr="199.123.24.193" addrtype="ipv4"/><ports><port protocol="tcp" portid="5060"><state state="open" reason="syn-ack" reason_ttl="229"/></port></ports></host>
<host endtime="1733441426"><address addr="202.46.1.138" addrtype="ipv4"/><ports><port protocol="tcp" portid="5060"><state state="open" reason="syn-ack" reason_ttl="50"/></port></ports></host>
<host endtime="1733441426"><address addr="202.46.14.113" addrtype="ipv4"/><ports><port protocol="tcp" portid="5060"><state state="open" reason="syn-ack" reason_ttl="51"/></port></ports></host>
<host endtime="1733441433"><address addr="202.46.254.200" addrtype="ipv4"/><ports><port protocol="tcp" portid="5060"><state state="open" reason="syn-ack" reason_ttl="51"/></port></ports></host>
<host endtime="1733441439"><address addr="202.46.3.90" addrtype="ipv4"/><ports><port protocol="tcp" portid="5060"><state state="open" reason="syn-ack" reason_ttl="51"/></port></ports></host>
<host endtime="1733441442"><address addr="202.46.254.8" addrtype="ipv4"/><ports><port protocol="tcp" portid="5060"><state state="open" reason="syn-ack" reason_ttl="50"/></port></ports></host>
<host endtime="1733441443"><address addr="193.103.200.124" addrtype="ipv4"/><ports><port protocol="tcp" portid="5060"><state state="open" reason="syn-ack" reason_ttl="54"/></port></ports></host>
<host endtime="1733441444"><address addr="199.123.27.58" addrtype="ipv4"/><ports><port protocol="tcp" portid="5060"><state state="open" reason="syn-ack" reason_ttl="229"/></port></ports></host>
<host endtime="1733441445"><address addr="202.46.248.38" addrtype="ipv4"/><ports><port protocol="tcp" portid="5060"><state state="open" reason="syn-ack" reason_ttl="51"/></port></ports></host>
<host endtime="1733441445"><address addr="199.201.237.181" addrtype="ipv4"/><ports><port protocol="tcp" portid="5060"><state state="open" reason="syn-ack" reason_ttl="47"/></port></ports></host>
<host endtime="1733441445"><address addr="202.46.241.26" addrtype="ipv4"/><ports><port protocol="tcp" portid="5060"><state state="open" reason="syn-ack" reason_ttl="51"/></port></ports></host>
<host endtime="1733441446"><address addr="202.46.252.4" addrtype="ipv4"/><ports><port protocol="tcp" portid="5060"><state state="open" reason="syn-ack" reason_ttl="51"/></port></ports></host>
<host endtime="1733441448"><address addr="202.46.243.38" addrtype="ipv4"/><ports><port protocol="tcp" portid="5060"><state state="open" reason="syn-ack" reason_ttl="51"/></port></ports></host>
<host endtime="1733441451"><address addr="103.83.18.46" addrtype="ipv4"/><ports><port protocol="tcp" portid="5060"><state state="open" reason="syn-ack" reason_ttl="48"/></port></ports></host>
<host endtime="1733441452"><address addr="103.110.62.124" addrtype="ipv4"/><ports><port protocol="tcp" portid="5060"><state state="open" reason="syn-ack" reason_ttl="242"/></port></ports></host>
<host endtime="1733441455"><address addr="199.123.24.209" addrtype="ipv4"/><ports><port protocol="tcp" portid="5060"><state state="open" reason="syn-ack" reason_ttl="229"/></port></ports></host>
<host endtime="1733441456"><address addr="202.46.12.87" addrtype="ipv4"/><ports><port protocol="tcp" portid="5060"><state state="open" reason="syn-ack" reason_ttl="51"/></port></ports></host>
<host endtime="1733441457"><address addr="202.46.253.68" addrtype="ipv4"/><ports><port protocol="tcp" portid="5060"><state state="open" reason="syn-ack" reason_ttl="51"/></port></ports></host>
<host endtime="1733441458"><address addr="193.103.200.216" addrtype="ipv4"/><ports><port protocol="tcp" portid="5060"><state state="open" reason="syn-ack" reason_ttl="54"/></port></ports></host>
<host endtime="1733441458"><address addr="202.46.246.120" addrtype="ipv4"/><ports><port protocol="tcp" portid="5060"><state state="open" reason="syn-ack" reason_ttl="50"/></port></ports></host>
<host endtime="1733441458"><address addr="202.46.247.23" addrtype="ipv4"/><ports><port protocol="tcp" portid="5060"><state state="open" reason="syn-ack" reason_ttl="51"/></port></ports></host>
<host endtime="1733441460"><address addr="202.46.14.80" addrtype="ipv4"/><ports><port protocol="tcp" portid="5060"><state state="open" reason="syn-ack" reason_ttl="50"/></port></ports></host>
<host endtime="1733441464"><address addr="202.46.246.84" addrtype="ipv4"/><ports><port protocol="tcp" portid="5060"><state state="open" reason="syn-ack" reason_ttl="50"/></port></ports></host>
<host endtime="1733441466"><address addr="199.201.237.69" addrtype="ipv4"/><ports><port protocol="tcp" portid="5060"><state state="open" reason="syn-ack" reason_ttl="47"/></port></ports></host>
<host endtime="1733441469"><address addr="193.98.229.139" addrtype="ipv4"/><ports><port protocol="tcp" portid="5060"><state state="open" reason="syn-ack" reason_ttl="47"/></port></ports></host>
<host endtime="1733441470"><address addr="202.46.244.29" addrtype="ipv4"/><ports><port protocol="tcp" portid="5060"><state state="open" reason="syn-ack" reason_ttl="51"/></port></ports></host>
<host endtime="1733441473"><address addr="199.201.237.179" addrtype="ipv4"/><ports><port protocol="tcp" portid="5060"><state state="open" reason="syn-ack" reason_ttl="47"/></port></ports></host>
<host endtime="1733441473"><address addr="202.46.241.194" addrtype="ipv4"/><ports><port protocol="tcp" portid="5060"><state state="open" reason="syn-ack" reason_ttl="51"/></port></ports></host>
<host endtime="1733441474"><address addr="193.103.200.111" addrtype="ipv4"/><ports><port protocol="tcp" portid="5060"><state state="open" reason="syn-ack" reason_ttl="52"/></port></ports></host>
<host endtime="1733441475"><address addr="199.123.26.112" addrtype="ipv4"/><ports><port protocol="tcp" portid="5060"><state state="open" reason="syn-ack" reason_ttl="229"/></port></ports></host>
<host endtime="1733441476"><address addr="202.46.5.179" addrtype="ipv4"/><ports><port protocol="tcp" portid="5060"><state state="open" reason="syn-ack" reason_ttl="50"/></port></ports></host>
<host endtime="1733441479"><address addr="202.46.12.139" addrtype="ipv4"/><ports><port protocol="tcp" portid="5060"><state state="open" reason="syn-ack" reason_ttl="51"/></port></ports></host>
<host endtime="1733441480"><address addr="199.201.237.209" addrtype="ipv4"/><ports><port protocol="tcp" portid="5060"><state state="open" reason="syn-ack" reason_ttl="47"/></port></ports></host>
<host endtime="1733441480"><address addr="202.46.248.166" addrtype="ipv4"/><ports><port protocol="tcp" portid="5060"><state state="open" reason="syn-ack" reason_ttl="51"/></port></ports></host>
<host endtime="1733441484"><address addr="203.7.226.103" addrtype="ipv4"/><ports><port protocol="tcp" portid="5060"><state state="open" reason="syn-ack" reason_ttl="43"/></port></ports></host>
<host endtime="1733441484"><address addr="199.201.237.121" addrtype="ipv4"/><ports><port protocol="tcp" portid="5060"><state state="open" reason="syn-ack" reason_ttl="47"/></port></ports></host>
<host endtime="1733441484"><address addr="202.46.12.148" addrtype="ipv4"/><ports><port protocol="tcp" portid="5060"><state state="open" reason="syn-ack" reason_ttl="50"/></port></ports></host>
<host endtime="1733441485"><address addr="199.201.236.73" addrtype="ipv4"/><ports><port protocol="tcp" portid="5060"><state state="open" reason="syn-ack" reason_ttl="47"/></port></ports></host>
<host endtime="1733441485"><address addr="199.201.236.232" addrtype="ipv4"/><ports><port protocol="tcp" portid="5060"><state state="open" reason="syn-ack" reason_ttl="47"/></port></ports></host>
<host endtime="1733441486"><address addr="202.46.10.152" addrtype="ipv4"/><ports><port protocol="tcp" portid="5060"><state state="open" reason="syn-ack" reason_ttl="51"/></port></ports></host>
<host endtime="1733441486"><address addr="202.46.242.235" addrtype="ipv4"/><ports><port protocol="tcp" portid="5060"><state state="open" reason="syn-ack" reason_ttl="51"/></port></ports></host>
<host endtime="1733441486"><address addr="193.98.119.247" addrtype="ipv4"/><ports><port protocol="tcp" portid="5060"><state state="open" reason="syn-ack" reason_ttl="48"/></port></ports></host>
<host endtime="1733441488"><address addr="103.224.214.169" addrtype="ipv4"/><ports><port protocol="tcp" portid="5060"><state state="open" reason="syn-ack" reason_ttl="48"/></port></ports></host>
<host endtime="1733441488"><address addr="199.201.237.252" addrtype="ipv4"/><ports><port protocol="tcp" portid="5060"><state state="open" reason="syn-ack" reason_ttl="47"/></port></ports></host>
<host endtime="1733441491"><address addr="103.224.214.111" addrtype="ipv4"/><ports><port protocol="tcp" portid="5060"><state state="open" reason="syn-ack" reason_ttl="48"/></port></ports></host>
<host endtime="1733441492"><address addr="202.46.245.225" addrtype="ipv4"/><ports><port protocol="tcp" portid="5060"><state state="open" reason="syn-ack" reason_ttl="51"/></port></ports></host>
<host endtime="1733441492"><address addr="199.123.26.66" addrtype="ipv4"/><ports><port protocol="tcp" portid="5060"><state state="open" reason="syn-ack" reason_ttl="229"/></port></ports></host>
<host endtime="1733441492"><address addr="202.46.243.90" addrtype="ipv4"/><ports><port protocol="tcp" portid="5060"><state state="open" reason="syn-ack" reason_ttl="51"/></port></ports></host>
<host endtime="1733441493"><address addr="202.46.246.221" addrtype="ipv4"/><ports><port protocol="tcp" portid="5060"><state state="open" reason="syn-ack" reason_ttl="51"/></port></ports></host>
<host endtime="1733441493"><address addr="202.46.255.47" addrtype="ipv4"/><ports><port protocol="tcp" portid="5060"><state state="open" reason="syn-ack" reason_ttl="51"/></port></ports></host>
<host endtime="1733441494"><address addr="202.46.6.220" addrtype="ipv4"/><ports><port protocol="tcp" portid="5060"><state state="open" reason="syn-ack" reason_ttl="51"/></port></ports></host>
<host endtime="1733441497"><address addr="202.46.3.20" addrtype="ipv4"/><ports><port protocol="tcp" portid="5060"><state state="open" reason="syn-ack" reason_ttl="51"/></port></ports></host>
<host endtime="1733441500"><address addr="202.46.245.165" addrtype="ipv4"/><ports><port protocol="tcp" portid="5060"><state state="open" reason="syn-ack" reason_ttl="51"/></port></ports></host>
<host endtime="1733441503"><address addr="202.46.6.40" addrtype="ipv4"/><ports><port protocol="tcp" portid="5060"><state state="open" reason="syn-ack" reason_ttl="51"/></port></ports></host>
<host endtime="1733441505"><address addr="193.98.229.218" addrtype="ipv4"/><ports><port protocol="tcp" portid="5061"><state state="open" reason="syn-ack" reason_ttl="44"/></port></ports></host>
<host endtime="1733441507"><address addr="202.46.4.128" addrtype="ipv4"/><ports><port protocol="tcp" portid="5060"><state state="open" reason="syn-ack" reason_ttl="51"/></port></ports></host>
<host endtime="1733441508"><address addr="202.46.255.211" addrtype="ipv4"/><ports><port protocol="tcp" portid="5060"><state state="open" reason="syn-ack" reason_ttl="51"/></port></ports></host>
<host endtime="1733441508"><address addr="202.46.254.97" addrtype="ipv4"/><ports><port protocol="tcp" portid="5060"><state state="open" reason="syn-ack" reason_ttl="51"/></port></ports></host>
<host endtime="1733441509"><address addr="193.98.229.23" addrtype="ipv4"/><ports><port protocol="tcp" portid="5060"><state state="open" reason="syn-ack" reason_ttl="49"/></port></ports></host>
<host endtime="1733441509"><address addr="202.46.13.48" addrtype="ipv4"/><ports><port protocol="tcp" portid="5060"><state state="open" reason="syn-ack" reason_ttl="50"/></port></ports></host>
<host endtime="1733441512"><address addr="202.46.242.118" addrtype="ipv4"/><ports><port protocol="tcp" portid="5060"><state state="open" reason="syn-ack" reason_ttl="50"/></port></ports></host>
<host endtime="1733441513"><address addr="103.83.18.250" addrtype="ipv4"/><ports><port protocol="tcp" portid="5060"><state state="open" reason="syn-ack" reason_ttl="48"/></port></ports></host>
<host endtime="1733441515"><address addr="202.46.8.151" addrtype="ipv4"/><ports><port protocol="tcp" portid="5060"><state state="open" reason="syn-ack" reason_ttl="51"/></port></ports></host>
<host endtime="1733441516"><address addr="199.201.236.89" addrtype="ipv4"/><ports><port protocol="tcp" portid="5060"><state state="open" reason="syn-ack" reason_ttl="47"/></port></ports></host>
<host endtime="1733441516"><address addr="103.224.215.23" addrtype="ipv4"/><ports><port protocol="tcp" portid="5060"><state state="open" reason="syn-ack" reason_ttl="48"/></port></ports></host>
<host endtime="1733441517"><address addr="199.123.24.18" addrtype="ipv4"/><ports><port protocol="tcp" portid="5060"><state state="open" reason="syn-ack" reason_ttl="229"/></port></ports></host>
<host endtime="1733441519"><address addr="193.103.200.190" addrtype="ipv4"/><ports><port protocol="tcp" portid="5060"><state state="open" reason="syn-ack" reason_ttl="52"/></port></ports></host>
<host endtime="1733441526"><address addr="202.46.9.54" addrtype="ipv4"/><ports><port protocol="tcp" portid="5060"><state state="open" reason="syn-ack" reason_ttl="50"/></port></ports></host>
<host endtime="1733441529"><address addr="199.123.24.19" addrtype="ipv4"/><ports><port protocol="tcp" portid="5060"><state state="open" reason="syn-ack" reason_ttl="229"/></port></ports></host>
<host endtime="1733441531"><address addr="202.46.2.173" addrtype="ipv4"/><ports><port protocol="tcp" portid="5060"><state state="open" reason="syn-ack" reason_ttl="51"/></port></ports></host>
<host endtime="1733441533"><address addr="202.46.243.224" addrtype="ipv4"/><ports><port protocol="tcp" portid="5060"><state state="open" reason="syn-ack" reason_ttl="51"/></port></ports></host>
<host endtime="1733441533"><address addr="202.46.13.25" addrtype="ipv4"/><ports><port protocol="tcp" portid="5060"><state state="open" reason="syn-ack" reason_ttl="51"/></port></ports></host>
<host endtime="1733441536"><address addr="199.123.27.246" addrtype="ipv4"/><ports><port protocol="tcp" portid="5060"><state state="open" reason="syn-ack" reason_ttl="229"/></port></ports></host>
<host endtime="1733441537"><address addr="202.46.4.81" addrtype="ipv4"/><ports><port protocol="tcp" portid="5060"><state state="open" reason="syn-ack" reason_ttl="51"/></port></ports></host>
<host endtime="1733441537"><address addr="202.46.249.162" addrtype="ipv4"/><ports><port protocol="tcp" portid="5060"><state state="open" reason="syn-ack" reason_ttl="50"/></port></ports></host>
<host endtime="1733441538"><address addr="202.46.10.58" addrtype="ipv4"/><ports><port protocol="tcp" portid="5060"><state state="open" reason="syn-ack" reason_ttl="51"/></port></ports></host>
<host endtime="1733441539"><address addr="202.46.10.197" addrtype="ipv4"/><ports><port protocol="tcp" portid="5060"><state state="open" reason="syn-ack" reason_ttl="51"/></port></ports></host>
<host endtime="1733441541"><address addr="202.46.15.154" addrtype="ipv4"/><ports><port protocol="tcp" portid="5060"><state state="open" reason="syn-ack" reason_ttl="50"/></port></ports></host>
<host endtime="1733441543"><address addr="202.46.252.157" addrtype="ipv4"/><ports><port protocol="tcp" portid="5060"><state state="open" reason="syn-ack" reason_ttl="50"/></port></ports></host>
<host endtime="1733441543"><address addr="202.46.10.141" addrtype="ipv4"/><ports><port protocol="tcp" portid="5060"><state state="open" reason="syn-ack" reason_ttl="51"/></port></ports></host>
<host endtime="1733441544"><address addr="202.46.3.136" addrtype="ipv4"/><ports><port protocol="tcp" portid="5060"><state state="open" reason="syn-ack" reason_ttl="50"/></port></ports></host>
<host endtime="1733441545"><address addr="202.46.9.242" addrtype="ipv4"/><ports><port protocol="tcp" portid="5060"><state state="open" reason="syn-ack" reason_ttl="51"/></port></ports></host>
<host endtime="1733441546"><address addr="202.46.250.81" addrtype="ipv4"/><ports><port protocol="tcp" portid="5060"><state state="open" reason="syn-ack" reason_ttl="51"/></port></ports></host>
<host endtime="1733441546"><address addr="202.46.12.43" addrtype="ipv4"/><ports><port protocol="tcp" portid="5060"><state state="open" reason="syn-ack" reason_ttl="51"/></port></ports></host>
<host endtime="1733441552"><address addr="202.46.13.13" addrtype="ipv4"/><ports><port protocol="tcp" portid="5060"><state state="open" reason="syn-ack" reason_ttl="51"/></port></ports></host>
<host endtime="1733441558"><address addr="202.46.253.149" addrtype="ipv4"/><ports><port protocol="tcp" portid="5060"><state state="open" reason="syn-ack" reason_ttl="50"/></port></ports></host>
<host endtime="1733441562"><address addr="202.46.15.54" addrtype="ipv4"/><ports><port protocol="tcp" portid="5060"><state state="open" reason="syn-ack" reason_ttl="50"/></port></ports></host>
<host endtime="1733441566"><address addr="103.83.19.109" addrtype="ipv4"/><ports><port protocol="tcp" portid="5060"><state state="open" reason="syn-ack" reason_ttl="48"/></port></ports></host>
<host endtime="1733441566"><address addr="199.123.27.34" addrtype="ipv4"/><ports><port protocol="tcp" portid="5060"><state state="open" reason="syn-ack" reason_ttl="229"/></port></ports></host>
<host endtime="1733441567"><address addr="202.46.6.26" addrtype="ipv4"/><ports><port protocol="tcp" portid="5060"><state state="open" reason="syn-ack" reason_ttl="51"/></port></ports></host>
<host endtime="1733441567"><address addr="202.46.251.218" addrtype="ipv4"/><ports><port protocol="tcp" portid="5060"><state state="open" reason="syn-ack" reason_ttl="51"/></port></ports></host>
<host endtime="1733441567"><address addr="202.46.0.148" addrtype="ipv4"/><ports><port protocol="tcp" portid="5060"><state state="open" reason="syn-ack" reason_ttl="51"/></port></ports></host>
<host endtime="1733441569"><address addr="202.46.248.85" addrtype="ipv4"/><ports><port protocol="tcp" portid="5060"><state state="open" reason="syn-ack" reason_ttl="50"/></port></ports></host>
<host endtime="1733441572"><address addr="193.98.229.59" addrtype="ipv4"/><ports><port protocol="tcp" portid="5060"><state state="open" reason="syn-ack" reason_ttl="49"/></port></ports></host>
<host endtime="1733441572"><address addr="202.46.11.98" addrtype="ipv4"/><ports><port protocol="tcp" portid="5060"><state state="open" reason="syn-ack" reason_ttl="51"/></port></ports></host>
<host endtime="1733441572"><address addr="202.46.4.10" addrtype="ipv4"/><ports><port protocol="tcp" portid="5060"><state state="open" reason="syn-ack" reason_ttl="51"/></port></ports></host>
<host endtime="1733441573"><address addr="199.201.237.226" addrtype="ipv4"/><ports><port protocol="tcp" portid="5060"><state state="open" reason="syn-ack" reason_ttl="47"/></port></ports></host>
<host endtime="1733441574"><address addr="199.201.237.175" addrtype="ipv4"/><ports><port protocol="tcp" portid="5060"><state state="open" reason="syn-ack" reason_ttl="47"/></port></ports></host>
<host endtime="1733441581"><address addr="202.46.244.34" addrtype="ipv4"/><ports><port protocol="tcp" portid="5060"><state state="open" reason="syn-ack" reason_ttl="50"/></port></ports></host>
<host endtime="1733441585"><address addr="202.46.253.191" addrtype="ipv4"/><ports><port protocol="tcp" portid="5060"><state state="open" reason="syn-ack" reason_ttl="51"/></port></ports></host>
<host endtime="1733441585"><address addr="202.46.15.56" addrtype="ipv4"/><ports><port protocol="tcp" portid="5060"><state state="open" reason="syn-ack" reason_ttl="50"/></port></ports></host>
<host endtime="1733441587"><address addr="202.46.3.121" addrtype="ipv4"/><ports><port protocol="tcp" portid="5061"><state state="open" reason="syn-ack" reason_ttl="50"/></port></ports></host>
<host endtime="1733441588"><address addr="202.46.0.82" addrtype="ipv4"/><ports><port protocol="tcp" portid="5060"><state state="open" reason="syn-ack" reason_ttl="50"/></port></ports></host>
<host endtime="1733441590"><address addr="202.46.240.206" addrtype="ipv4"/><ports><port protocol="tcp" portid="5060"><state state="open" reason="syn-ack" reason_ttl="51"/></port></ports></host>
<host endtime="1733441593"><address addr="202.46.253.225" addrtype="ipv4"/><ports><port protocol="tcp" portid="5060"><state state="open" reason="syn-ack" reason_ttl="51"/></port></ports></host>
<host endtime="1733441598"><address addr="199.123.24.157" addrtype="ipv4"/><ports><port protocol="tcp" portid="5060"><state state="open" reason="syn-ack" reason_ttl="229"/></port></ports></host>
<host endtime="1733441599"><address addr="202.46.255.38" addrtype="ipv4"/><ports><port protocol="tcp" portid="5060"><state state="open" reason="syn-ack" reason_ttl="51"/></port></ports></host>
<host endtime="1733441602"><address addr="202.46.254.43" addrtype="ipv4"/><ports><port protocol="tcp" portid="5060"><state state="open" reason="syn-ack" reason_ttl="51"/></port></ports></host>
<host endtime="1733441603"><address addr="193.98.119.4" addrtype="ipv4"/><ports><port protocol="tcp" portid="5060"><state state="open" reason="syn-ack" reason_ttl="49"/></port></ports></host>
<host endtime="1733441605"><address addr="193.98.229.108" addrtype="ipv4"/><ports><port protocol="tcp" portid="5061"><state state="open" reason="syn-ack" reason_ttl="49"/></port></ports></host>
<host endtime="1733441607"><address addr="202.46.241.52" addrtype="ipv4"/><ports><port protocol="tcp" portid="5060"><state state="open" reason="syn-ack" reason_ttl="51"/></port></ports></host>
<host endtime="1733441608"><address addr="202.46.2.125" addrtype="ipv4"/><ports><port protocol="tcp" portid="5060"><state state="open" reason="syn-ack" reason_ttl="51"/></port></ports></host>
<host endtime="1733441609"><address addr="199.123.26.57" addrtype="ipv4"/><ports><port protocol="tcp" portid="5060"><state state="open" reason="syn-ack" reason_ttl="229"/></port></ports></host>
<host endtime="1733441610"><address addr="202.46.2.117" addrtype="ipv4"/><ports><port protocol="tcp" portid="5060"><state state="open" reason="syn-ack" reason_ttl="51"/></port></ports></host>
<host endtime="1733441610"><address addr="202.46.10.179" addrtype="ipv4"/><ports><port protocol="tcp" portid="5060"><state state="open" reason="syn-ack" reason_ttl="51"/></port></ports></host>
<host endtime="1733441611"><address addr="202.46.6.126" addrtype="ipv4"/><ports><port protocol="tcp" portid="5060"><state state="open" reason="syn-ack" reason_ttl="51"/></port></ports></host>
<host endtime="1733441611"><address addr="103.177.50.67" addrtype="ipv4"/><ports><port protocol="tcp" portid="5061"><state state="open" reason="syn-ack" reason_ttl="121"/></port></ports></host>
<host endtime="1733441615"><address addr="199.201.236.236" addrtype="ipv4"/><ports><port protocol="tcp" portid="5060"><state state="open" reason="syn-ack" reason_ttl="47"/></port></ports></host>
<host endtime="1733441617"><address addr="202.46.7.164" addrtype="ipv4"/><ports><port protocol="tcp" portid="5060"><state state="open" reason="syn-ack" reason_ttl="51"/></port></ports></host>
<host endtime="1733441618"><address addr="199.123.24.30" addrtype="ipv4"/><ports><port protocol="tcp" portid="5060"><state state="open" reason="syn-ack" reason_ttl="229"/></port></ports></host>
<host endtime="1733441623"><address addr="103.177.50.69" addrtype="ipv4"/><ports><port protocol="tcp" portid="5060"><state state="open" reason="syn-ack" reason_ttl="57"/></port></ports></host>
<host endtime="1733441623"><address addr="202.46.3.18" addrtype="ipv4"/><ports><port protocol="tcp" portid="5060"><state state="open" reason="syn-ack" reason_ttl="51"/></port></ports></host>
<host endtime="1733441628"><address addr="202.46.249.180" addrtype="ipv4"/><ports><port protocol="tcp" portid="5060"><state state="open" reason="syn-ack" reason_ttl="50"/></port></ports></host>
<host endtime="1733441633"><address addr="103.83.19.136" addrtype="ipv4"/><ports><port protocol="tcp" portid="5060"><state state="open" reason="syn-ack" reason_ttl="48"/></port></ports></host>
<host endtime="1733441635"><address addr="199.123.27.40" addrtype="ipv4"/><ports><port protocol="tcp" portid="5060"><state state="open" reason="syn-ack" reason_ttl="229"/></port></ports></host>
<host endtime="1733441636"><address addr="202.46.3.77" addrtype="ipv4"/><ports><port protocol="tcp" portid="5060"><state state="open" reason="syn-ack" reason_ttl="51"/></port></ports></host>
<host endtime="1733441637"><address addr="199.201.237.36" addrtype="ipv4"/><ports><port protocol="tcp" portid="5060"><state state="open" reason="syn-ack" reason_ttl="47"/></port></ports></host>
<host endtime="1733441638"><address addr="193.98.229.146" addrtype="ipv4"/><ports><port protocol="tcp" portid="5060"><state state="open" reason="syn-ack" reason_ttl="47"/></port></ports></host>
<host endtime="1733441639"><address addr="202.46.242.72" addrtype="ipv4"/><ports><port protocol="tcp" portid="5060"><state state="open" reason="syn-ack" reason_ttl="51"/></port></ports></host>
<host endtime="1733441640"><address addr="202.46.9.35" addrtype="ipv4"/><ports><port protocol="tcp" portid="5060"><state state="open" reason="syn-ack" reason_ttl="51"/></port></ports></host>
<host endtime="1733441641"><address addr="202.46.248.216" addrtype="ipv4"/><ports><port protocol="tcp" portid="5060"><state state="open" reason="syn-ack" reason_ttl="51"/></port></ports></host>
<host endtime="1733441644"><address addr="202.46.254.252" addrtype="ipv4"/><ports><port protocol="tcp" portid="5060"><state state="open" reason="syn-ack" reason_ttl="51"/></port></ports></host>
<host endtime="1733441645"><address addr="202.46.247.234" addrtype="ipv4"/><ports><port protocol="tcp" portid="5060"><state state="open" reason="syn-ack" reason_ttl="51"/></port></ports></host>
<host endtime="1733441649"><address addr="202.46.6.184" addrtype="ipv4"/><ports><port protocol="tcp" portid="5060"><state state="open" reason="syn-ack" reason_ttl="51"/></port></ports></host>
<host endtime="1733441650"><address addr="202.46.11.15" addrtype="ipv4"/><ports><port protocol="tcp" portid="5060"><state state="open" reason="syn-ack" reason_ttl="51"/></port></ports></host>
<host endtime="1733441650"><address addr="202.46.243.238" addrtype="ipv4"/><ports><port protocol="tcp" portid="5060"><state state="open" reason="syn-ack" reason_ttl="50"/></port></ports></host>
<host endtime="1733441652"><address addr="103.224.215.77" addrtype="ipv4"/><ports><port protocol="tcp" portid="5060"><state state="open" reason="syn-ack" reason_ttl="48"/></port></ports></host>
<host endtime="1733441653"><address addr="103.83.19.237" addrtype="ipv4"/><ports><port protocol="tcp" portid="5060"><state state="open" reason="syn-ack" reason_ttl="48"/></port></ports></host>
<host endtime="1733441656"><address addr="202.46.1.60" addrtype="ipv4"/><ports><port protocol="tcp" portid="5061"><state state="open" reason="syn-ack" reason_ttl="49"/></port></ports></host>
<host endtime="1733441664"><address addr="202.46.10.174" addrtype="ipv4"/><ports><port protocol="tcp" portid="5060"><state state="open" reason="syn-ack" reason_ttl="51"/></port></ports></host>
<host endtime="1733441664"><address addr="199.201.236.172" addrtype="ipv4"/><ports><port protocol="tcp" portid="5060"><state state="open" reason="syn-ack" reason_ttl="47"/></port></ports></host>
<host endtime="1733441670"><address addr="202.46.6.37" addrtype="ipv4"/><ports><port protocol="tcp" portid="5060"><state state="open" reason="syn-ack" reason_ttl="51"/></port></ports></host>
<host endtime="1733441680"><address addr="202.46.243.79" addrtype="ipv4"/><ports><port protocol="tcp" portid="5060"><state state="open" reason="syn-ack" reason_ttl="51"/></port></ports></host>
<host endtime="1733441682"><address addr="202.46.4.46" addrtype="ipv4"/><ports><port protocol="tcp" portid="5060"><state state="open" reason="syn-ack" reason_ttl="51"/></port></ports></host>
<host endtime="1733441682"><address addr="202.46.244.132" addrtype="ipv4"/><ports><port protocol="tcp" portid="5060"><state state="open" reason="syn-ack" reason_ttl="51"/></port></ports></host>
<host endtime="1733441684"><address addr="202.46.242.173" addrtype="ipv4"/><ports><port protocol="tcp" portid="5060"><state state="open" reason="syn-ack" reason_ttl="51"/></port></ports></host>
<host endtime="1733441686"><address addr="199.201.237.8" addrtype="ipv4"/><ports><port protocol="tcp" portid="5060"><state state="open" reason="syn-ack" reason_ttl="47"/></port></ports></host>
<host endtime="1733441686"><address addr="202.46.2.106" addrtype="ipv4"/><ports><port protocol="tcp" portid="5060"><state state="open" reason="syn-ack" reason_ttl="51"/></port></ports></host>
<host endtime="1733441687"><address addr="199.123.27.44" addrtype="ipv4"/><ports><port protocol="tcp" portid="5060"><state state="open" reason="syn-ack" reason_ttl="229"/></port></ports></host>
<host endtime="1733441688"><address addr="202.46.4.169" addrtype="ipv4"/><ports><port protocol="tcp" portid="5060"><state state="open" reason="syn-ack" reason_ttl="50"/></port></ports></host>
<host endtime="1733441691"><address addr="202.46.244.255" addrtype="ipv4"/><ports><port protocol="tcp" portid="5060"><state state="open" reason="syn-ack" reason_ttl="51"/></port></ports></host>
<host endtime="1733441693"><address addr="202.46.2.112" addrtype="ipv4"/><ports><port protocol="tcp" portid="5060"><state state="open" reason="syn-ack" reason_ttl="50"/></port></ports></host>
<host endtime="1733441700"><address addr="202.46.241.177" addrtype="ipv4"/><ports><port protocol="tcp" portid="5060"><state state="open" reason="syn-ack" reason_ttl="50"/></port></ports></host>
<host endtime="1733441704"><address addr="202.46.254.179" addrtype="ipv4"/><ports><port protocol="tcp" portid="5060"><state state="open" reason="syn-ack" reason_ttl="51"/></port></ports></host>
<host endtime="1733441705"><address addr="202.46.8.173" addrtype="ipv4"/><ports><port protocol="tcp" portid="5060"><state state="open" reason="syn-ack" reason_ttl="50"/></port></ports></host>
<host endtime="1733441706"><address addr="202.46.10.135" addrtype="ipv4"/><ports><port protocol="tcp" portid="5060"><state state="open" reason="syn-ack" reason_ttl="51"/></port></ports></host>
<host endtime="1733441708"><address addr="199.123.24.220" addrtype="ipv4"/><ports><port protocol="tcp" portid="5060"><state state="open" reason="syn-ack" reason_ttl="229"/></port></ports></host>
<host endtime="1733441710"><address addr="202.46.245.54" addrtype="ipv4"/><ports><port protocol="tcp" portid="5060"><state state="open" reason="syn-ack" reason_ttl="50"/></port></ports></host>
<host endtime="1733441713"><address addr="202.46.8.135" addrtype="ipv4"/><ports><port protocol="tcp" portid="5060"><state state="open" reason="syn-ack" reason_ttl="51"/></port></ports></host>
<host endtime="1733441715"><address addr="202.46.7.41" addrtype="ipv4"/><ports><port protocol="tcp" portid="5060"><state state="open" reason="syn-ack" reason_ttl="51"/></port></ports></host>
<host endtime="1733441716"><address addr="202.46.2.47" addrtype="ipv4"/><ports><port protocol="tcp" portid="5060"><state state="open" reason="syn-ack" reason_ttl="50"/></port></ports></host>
<host endtime="1733441717"><address addr="103.177.50.26" addrtype="ipv4"/><ports><port protocol="tcp" portid="5060"><state state="open" reason="syn-ack" reason_ttl="121"/></port></ports></host>
<host endtime="1733441729"><address addr="199.201.236.177" addrtype="ipv4"/><ports><port protocol="tcp" portid="5060"><state state="open" reason="syn-ack" reason_ttl="47"/></port></ports></host>
<host endtime="1733441730"><address addr="202.46.0.210" addrtype="ipv4"/><ports><port protocol="tcp" portid="5060"><state state="open" reason="syn-ack" reason_ttl="50"/></port></ports></host>
<host endtime="1733441730"><address addr="202.46.8.193" addrtype="ipv4"/><ports><port protocol="tcp" portid="5060"><state state="open" reason="syn-ack" reason_ttl="51"/></port></ports></host>
<host endtime="1733441730"><address addr="202.46.0.241" addrtype="ipv4"/><ports><port protocol="tcp" portid="5060"><state state="open" reason="syn-ack" reason_ttl="50"/></port></ports></host>
<host endtime="1733441731"><address addr="202.46.248.41" addrtype="ipv4"/><ports><port protocol="tcp" portid="5060"><state state="open" reason="syn-ack" reason_ttl="51"/></port></ports></host>
<host endtime="1733441732"><address addr="199.123.25.225" addrtype="ipv4"/><ports><port protocol="tcp" portid="5060"><state state="open" reason="syn-ack" reason_ttl="229"/></port></ports></host>
<host endtime="1733441732"><address addr="202.46.241.7" addrtype="ipv4"/><ports><port protocol="tcp" portid="5060"><state state="open" reason="syn-ack" reason_ttl="50"/></port></ports></host>
<host endtime="1733441738"><address addr="199.123.26.39" addrtype="ipv4"/><ports><port protocol="tcp" portid="5060"><state state="open" reason="syn-ack" reason_ttl="229"/></port></ports></host>
<host endtime="1733441740"><address addr="202.46.254.242" addrtype="ipv4"/><ports><port protocol="tcp" portid="5060"><state state="open" reason="syn-ack" reason_ttl="51"/></port></ports></host>
<host endtime="1733441740"><address addr="202.46.4.139" addrtype="ipv4"/><ports><port protocol="tcp" portid="5060"><state state="open" reason="syn-ack" reason_ttl="50"/></port></ports></host>
<host endtime="1733441744"><address addr="199.123.27.79" addrtype="ipv4"/><ports><port protocol="tcp" portid="5060"><state state="open" reason="syn-ack" reason_ttl="229"/></port></ports></host>
<host endtime="1733441746"><address addr="199.201.236.145" addrtype="ipv4"/><ports><port protocol="tcp" portid="5060"><state state="open" reason="syn-ack" reason_ttl="47"/></port></ports></host>
<host endtime="1733441747"><address addr="199.201.237.191" addrtype="ipv4"/><ports><port protocol="tcp" portid="5060"><state state="open" reason="syn-ack" reason_ttl="47"/></port></ports></host>
<host endtime="1733441749"><address addr="202.46.254.227" addrtype="ipv4"/><ports><port protocol="tcp" portid="5060"><state state="open" reason="syn-ack" reason_ttl="50"/></port></ports></host>
<host endtime="1733441756"><address addr="202.46.242.117" addrtype="ipv4"/><ports><port protocol="tcp" portid="5060"><state state="open" reason="syn-ack" reason_ttl="51"/></port></ports></host>
<host endtime="1733441759"><address addr="199.201.237.125" addrtype="ipv4"/><ports><port protocol="tcp" portid="5060"><state state="open" reason="syn-ack" reason_ttl="47"/></port></ports></host>
<host endtime="1733441762"><address addr="202.46.251.55" addrtype="ipv4"/><ports><port protocol="tcp" portid="5060"><state state="open" reason="syn-ack" reason_ttl="51"/></port></ports></host>
<host endtime="1733441762"><address addr="202.46.5.209" addrtype="ipv4"/><ports><port protocol="tcp" portid="5060"><state state="open" reason="syn-ack" reason_ttl="51"/></port></ports></host>
<host endtime="1733441763"><address addr="202.46.6.153" addrtype="ipv4"/><ports><port protocol="tcp" portid="5060"><state state="open" reason="syn-ack" reason_ttl="51"/></port></ports></host>
<host endtime="1733441764"><address addr="202.46.13.88" addrtype="ipv4"/><ports><port protocol="tcp" portid="5060"><state state="open" reason="syn-ack" reason_ttl="51"/></port></ports></host>
<host endtime="1733441767"><address addr="199.123.27.239" addrtype="ipv4"/><ports><port protocol="tcp" portid="5060"><state state="open" reason="syn-ack" reason_ttl="229"/></port></ports></host>
<host endtime="1733441768"><address addr="202.46.5.199" addrtype="ipv4"/><ports><port protocol="tcp" portid="5060"><state state="open" reason="syn-ack" reason_ttl="50"/></port></ports></host>
<host endtime="1733441768"><address addr="202.46.1.92" addrtype="ipv4"/><ports><port protocol="tcp" portid="5060"><state state="open" reason="syn-ack" reason_ttl="50"/></port></ports></host>
<host endtime="1733441769"><address addr="103.224.214.8" addrtype="ipv4"/><ports><port protocol="tcp" portid="5060"><state state="open" reason="syn-ack" reason_ttl="48"/></port></ports></host>
<host endtime="1733441776"><address addr="202.46.3.147" addrtype="ipv4"/><ports><port protocol="tcp" portid="5060"><state state="open" reason="syn-ack" reason_ttl="50"/></port></ports></host>
<host endtime="1733441776"><address addr="202.46.247.149" addrtype="ipv4"/><ports><port protocol="tcp" portid="5060"><state state="open" reason="syn-ack" reason_ttl="50"/></port></ports></host>
<host endtime="1733441777"><address addr="202.46.243.60" addrtype="ipv4"/><ports><port protocol="tcp" portid="5060"><state state="open" reason="syn-ack" reason_ttl="51"/></port></ports></host>
<host endtime="1733441782"><address addr="202.46.250.232" addrtype="ipv4"/><ports><port protocol="tcp" portid="5060"><state state="open" reason="syn-ack" reason_ttl="51"/></port></ports></host>
<host endtime="1733441782"><address addr="193.98.229.228" addrtype="ipv4"/><ports><port protocol="tcp" portid="5060"><state state="open" reason="syn-ack" reason_ttl="49"/></port></ports></host>
<host endtime="1733441783"><address addr="103.224.215.254" addrtype="ipv4"/><ports><port protocol="tcp" portid="5060"><state state="open" reason="syn-ack" reason_ttl="48"/></port></ports></host>
<host endtime="1733441784"><address addr="202.46.15.145" addrtype="ipv4"/><ports><port protocol="tcp" portid="5060"><state state="open" reason="syn-ack" reason_ttl="50"/></port></ports></host>
<host endtime="1733441787"><address addr="202.46.243.70" addrtype="ipv4"/><ports><port protocol="tcp" portid="5060"><state state="open" reason="syn-ack" reason_ttl="51"/></port></ports></host>
<host endtime="1733441788"><address addr="202.46.246.170" addrtype="ipv4"/><ports><port protocol="tcp" portid="5060"><state state="open" reason="syn-ack" reason_ttl="51"/></port></ports></host>
<host endtime="1733441789"><address addr="202.46.10.123" addrtype="ipv4"/><ports><port protocol="tcp" portid="5060"><state state="open" reason="syn-ack" reason_ttl="51"/></port></ports></host>
<host endtime="1733441790"><address addr="202.46.1.202" addrtype="ipv4"/><ports><port protocol="tcp" portid="5060"><state state="open" reason="syn-ack" reason_ttl="51"/></port></ports></host>
<host endtime="1733441791"><address addr="103.110.61.37" addrtype="ipv4"/><ports><port protocol="tcp" portid="5060"><state state="open" reason="syn-ack" reason_ttl="242"/></port></ports></host>
<host endtime="1733441791"><address addr="202.46.13.204" addrtype="ipv4"/><ports><port protocol="tcp" portid="5060"><state state="open" reason="syn-ack" reason_ttl="51"/></port></ports></host>
<host endtime="1733441792"><address addr="202.46.7.145" addrtype="ipv4"/><ports><port protocol="tcp" portid="5060"><state state="open" reason="syn-ack" reason_ttl="50"/></port></ports></host>
<host endtime="1733441793"><address addr="193.103.200.140" addrtype="ipv4"/><ports><port protocol="tcp" portid="5060"><state state="open" reason="syn-ack" reason_ttl="52"/></port></ports></host>
<host endtime="1733441796"><address addr="202.46.4.254" addrtype="ipv4"/><ports><port protocol="tcp" portid="5060"><state state="open" reason="syn-ack" reason_ttl="50"/></port></ports></host>
<host endtime="1733441798"><address addr="199.123.26.168" addrtype="ipv4"/><ports><port protocol="tcp" portid="5060"><state state="open" reason="syn-ack" reason_ttl="229"/></port></ports></host>
<host endtime="1733441798"><address addr="202.46.240.176" addrtype="ipv4"/><ports><port protocol="tcp" portid="5060"><state state="open" reason="syn-ack" reason_ttl="51"/></port></ports></host>
<host endtime="1733441798"><address addr="202.46.4.99" addrtype="ipv4"/><ports><port protocol="tcp" portid="5060"><state state="open" reason="syn-ack" reason_ttl="50"/></port></ports></host>
<host endtime="1733441800"><address addr="202.46.2.233" addrtype="ipv4"/><ports><port protocol="tcp" portid="5060"><state state="open" reason="syn-ack" reason_ttl="51"/></port></ports></host>
<host endtime="1733441800"><address addr="202.46.241.246" addrtype="ipv4"/><ports><port protocol="tcp" portid="5060"><state state="open" reason="syn-ack" reason_ttl="51"/></port></ports></host>
<host endtime="1733441801"><address addr="202.46.242.27" addrtype="ipv4"/><ports><port protocol="tcp" portid="5060"><state state="open" reason="syn-ack" reason_ttl="51"/></port></ports></host>
<host endtime="1733441802"><address addr="202.46.4.49" addrtype="ipv4"/><ports><port protocol="tcp" portid="5060"><state state="open" reason="syn-ack" reason_ttl="50"/></port></ports></host>
<host endtime="1733441803"><address addr="202.46.15.192" addrtype="ipv4"/><ports><port protocol="tcp" portid="5060"><state state="open" reason="syn-ack" reason_ttl="51"/></port></ports></host>
<host endtime="1733441808"><address addr="103.224.214.156" addrtype="ipv4"/><ports><port protocol="tcp" portid="5060"><state state="open" reason="syn-ack" reason_ttl="48"/></port></ports></host>
<host endtime="1733441809"><address addr="202.46.254.145" addrtype="ipv4"/><ports><port protocol="tcp" portid="5060"><state state="open" reason="syn-ack" reason_ttl="50"/></port></ports></host>
<host endtime="1733441811"><address addr="202.46.15.116" addrtype="ipv4"/><ports><port protocol="tcp" portid="5060"><state state="open" reason="syn-ack" reason_ttl="51"/></port></ports></host>
<host endtime="1733441813"><address addr="202.46.246.36" addrtype="ipv4"/><ports><port protocol="tcp" portid="5060"><state state="open" reason="syn-ack" reason_ttl="50"/></port></ports></host>
<host endtime="1733441817"><address addr="202.46.3.14" addrtype="ipv4"/><ports><port protocol="tcp" portid="5060"><state state="open" reason="syn-ack" reason_ttl="51"/></port></ports></host>
<host endtime="1733441818"><address addr="202.46.249.51" addrtype="ipv4"/><ports><port protocol="tcp" portid="5060"><state state="open" reason="syn-ack" reason_ttl="51"/></port></ports></host>
<host endtime="1733441819"><address addr="202.46.13.176" addrtype="ipv4"/><ports><port protocol="tcp" portid="5060"><state state="open" reason="syn-ack" reason_ttl="51"/></port></ports></host>
<host endtime="1733441821"><address addr="202.46.255.243" addrtype="ipv4"/><ports><port protocol="tcp" portid="5060"><state state="open" reason="syn-ack" reason_ttl="50"/></port></ports></host>
<host endtime="1733441821"><address addr="202.46.4.91" addrtype="ipv4"/><ports><port protocol="tcp" portid="5060"><state state="open" reason="syn-ack" reason_ttl="51"/></port></ports></host>
<host endtime="1733441828"><address addr="202.46.1.140" addrtype="ipv4"/><ports><port protocol="tcp" portid="5061"><state state="open" reason="syn-ack" reason_ttl="49"/></port></ports></host>
<host endtime="1733441828"><address addr="103.83.18.225" addrtype="ipv4"/><ports><port protocol="tcp" portid="5060"><state state="open" reason="syn-ack" reason_ttl="48"/></port></ports></host>
<host endtime="1733441829"><address addr="202.46.242.202" addrtype="ipv4"/><ports><port protocol="tcp" portid="5060"><state state="open" reason="syn-ack" reason_ttl="51"/></port></ports></host>
<host endtime="1733441829"><address addr="202.46.249.71" addrtype="ipv4"/><ports><port protocol="tcp" portid="5060"><state state="open" reason="syn-ack" reason_ttl="51"/></port></ports></host>
<host endtime="1733441830"><address addr="202.46.241.53" addrtype="ipv4"/><ports><port protocol="tcp" portid="5060"><state state="open" reason="syn-ack" reason_ttl="51"/></port></ports></host>
<host endtime="1733441831"><address addr="103.224.215.237" addrtype="ipv4"/><ports><port protocol="tcp" portid="5060"><state state="open" reason="syn-ack" reason_ttl="48"/></port></ports></host>
<host endtime="1733441831"><address addr="202.46.5.15" addrtype="ipv4"/><ports><port protocol="tcp" portid="5060"><state state="open" reason="syn-ack" reason_ttl="51"/></port></ports></host>
<host endtime="1733441837"><address addr="202.46.243.36" addrtype="ipv4"/><ports><port protocol="tcp" portid="5060"><state state="open" reason="syn-ack" reason_ttl="51"/></port></ports></host>
<host endtime="1733441839"><address addr="202.46.15.59" addrtype="ipv4"/><ports><port protocol="tcp" portid="5060"><state state="open" reason="syn-ack" reason_ttl="51"/></port></ports></host>
<host endtime="1733441843"><address addr="199.123.26.15" addrtype="ipv4"/><ports><port protocol="tcp" portid="5060"><state state="open" reason="syn-ack" reason_ttl="229"/></port></ports></host>
<host endtime="1733441851"><address addr="103.83.18.35" addrtype="ipv4"/><ports><port protocol="tcp" portid="5060"><state state="open" reason="syn-ack" reason_ttl="48"/></port></ports></host>
<host endtime="1733441852"><address addr="202.46.15.6" addrtype="ipv4"/><ports><port protocol="tcp" portid="5060"><state state="open" reason="syn-ack" reason_ttl="51"/></port></ports></host>
<host endtime="1733441852"><address addr="202.46.251.94" addrtype="ipv4"/><ports><port protocol="tcp" portid="5060"><state state="open" reason="syn-ack" reason_ttl="50"/></port></ports></host>
<host endtime="1733441857"><address addr="202.46.255.96" addrtype="ipv4"/><ports><port protocol="tcp" portid="5060"><state state="open" reason="syn-ack" reason_ttl="51"/></port></ports></host>
<host endtime="1733441861"><address addr="202.46.250.144" addrtype="ipv4"/><ports><port protocol="tcp" portid="5060"><state state="open" reason="syn-ack" reason_ttl="50"/></port></ports></host>
<host endtime="1733441861"><address addr="202.46.10.200" addrtype="ipv4"/><ports><port protocol="tcp" portid="5060"><state state="open" reason="syn-ack" reason_ttl="51"/></port></ports></host>
<host endtime="1733441861"><address addr="202.46.2.113" addrtype="ipv4"/><ports><port protocol="tcp" portid="5060"><state state="open" reason="syn-ack" reason_ttl="50"/></port></ports></host>
<host endtime="1733441864"><address addr="199.201.237.151" addrtype="ipv4"/><ports><port protocol="tcp" portid="5060"><state state="open" reason="syn-ack" reason_ttl="47"/></port></ports></host>
<host endtime="1733441866"><address addr="103.83.19.114" addrtype="ipv4"/><ports><port protocol="tcp" portid="5060"><state state="open" reason="syn-ack" reason_ttl="48"/></port></ports></host>
<host endtime="1733441867"><address addr="202.46.255.95" addrtype="ipv4"/><ports><port protocol="tcp" portid="5060"><state state="open" reason="syn-ack" reason_ttl="51"/></port></ports></host>
<host endtime="1733441869"><address addr="202.46.249.25" addrtype="ipv4"/><ports><port protocol="tcp" portid="5060"><state state="open" reason="syn-ack" reason_ttl="51"/></port></ports></host>
<host endtime="1733441870"><address addr="199.123.25.43" addrtype="ipv4"/><ports><port protocol="tcp" portid="5060"><state state="open" reason="syn-ack" reason_ttl="229"/></port></ports></host>
<host endtime="1733441873"><address addr="202.46.254.175" addrtype="ipv4"/><ports><port protocol="tcp" portid="5060"><state state="open" reason="syn-ack" reason_ttl="50"/></port></ports></host>
<host endtime="1733441873"><address addr="202.46.255.63" addrtype="ipv4"/><ports><port protocol="tcp" portid="5060"><state state="open" reason="syn-ack" reason_ttl="51"/></port></ports></host>
<host endtime="1733441878"><address addr="202.46.12.235" addrtype="ipv4"/><ports><port protocol="tcp" portid="5060"><state state="open" reason="syn-ack" reason_ttl="51"/></port></ports></host>
<host endtime="1733441879"><address addr="103.177.50.76" addrtype="ipv4"/><ports><port protocol="tcp" portid="5061"><state state="open" reason="syn-ack" reason_ttl="120"/></port></ports></host>
<host endtime="1733441883"><address addr="193.103.200.156" addrtype="ipv4"/><ports><port protocol="tcp" portid="5060"><state state="open" reason="syn-ack" reason_ttl="54"/></port></ports></host>
<host endtime="1733441886"><address addr="199.201.237.37" addrtype="ipv4"/><ports><port protocol="tcp" portid="5060"><state state="open" reason="syn-ack" reason_ttl="47"/></port></ports></host>
<host endtime="1733441888"><address addr="202.46.10.229" addrtype="ipv4"/><ports><port protocol="tcp" portid="5060"><state state="open" reason="syn-ack" reason_ttl="51"/></port></ports></host>
<host endtime="1733441891"><address addr="202.46.240.22" addrtype="ipv4"/><ports><port protocol="tcp" portid="5060"><state state="open" reason="syn-ack" reason_ttl="51"/></port></ports></host>
<host endtime="1733441892"><address addr="202.46.240.207" addrtype="ipv4"/><ports><port protocol="tcp" portid="5060"><state state="open" reason="syn-ack" reason_ttl="50"/></port></ports></host>
<host endtime="1733441893"><address addr="202.46.5.194" addrtype="ipv4"/><ports><port protocol="tcp" portid="5060"><state state="open" reason="syn-ack" reason_ttl="51"/></port></ports></host>
<host endtime="1733441893"><address addr="103.224.214.33" addrtype="ipv4"/><ports><port protocol="tcp" portid="5060"><state state="open" reason="syn-ack" reason_ttl="48"/></port></ports></host>
<host endtime="1733441894"><address addr="103.83.19.5" addrtype="ipv4"/><ports><port protocol="tcp" portid="5060"><state state="open" reason="syn-ack" reason_ttl="48"/></port></ports></host>
<host endtime="1733441895"><address addr="202.46.7.58" addrtype="ipv4"/><ports><port protocol="tcp" portid="5060"><state state="open" reason="syn-ack" reason_ttl="51"/></port></ports></host>
<host endtime="1733441897"><address addr="199.123.27.66" addrtype="ipv4"/><ports><port protocol="tcp" portid="5060"><state state="open" reason="syn-ack" reason_ttl="229"/></port></ports></host>
<host endtime="1733441899"><address addr="103.224.215.184" addrtype="ipv4"/><ports><port protocol="tcp" portid="5060"><state state="open" reason="syn-ack" reason_ttl="48"/></port></ports></host>
<host endtime="1733441900"><address addr="202.46.254.163" addrtype="ipv4"/><ports><port protocol="tcp" portid="5060"><state state="open" reason="syn-ack" reason_ttl="51"/></port></ports></host>
<host endtime="1733441900"><address addr="202.46.13.208" addrtype="ipv4"/><ports><port protocol="tcp" portid="5060"><state state="open" reason="syn-ack" reason_ttl="51"/></port></ports></host>
<host endtime="1733441902"><address addr="202.46.254.22" addrtype="ipv4"/><ports><port protocol="tcp" portid="5060"><state state="open" reason="syn-ack" reason_ttl="51"/></port></ports></host>
<host endtime="1733441903"><address addr="202.46.8.176" addrtype="ipv4"/><ports><port protocol="tcp" portid="5060"><state state="open" reason="syn-ack" reason_ttl="50"/></port></ports></host>
<host endtime="1733441904"><address addr="103.224.215.219" addrtype="ipv4"/><ports><port protocol="tcp" portid="5060"><state state="open" reason="syn-ack" reason_ttl="48"/></port></ports></host>
<host endtime="1733441906"><address addr="202.46.248.253" addrtype="ipv4"/><ports><port protocol="tcp" portid="5060"><state state="open" reason="syn-ack" reason_ttl="51"/></port></ports></host>
<host endtime="1733441907"><address addr="202.46.242.230" addrtype="ipv4"/><ports><port protocol="tcp" portid="5060"><state state="open" reason="syn-ack" reason_ttl="50"/></port></ports></host>
<host endtime="1733441908"><address addr="202.46.15.98" addrtype="ipv4"/><ports><port protocol="tcp" portid="5060"><state state="open" reason="syn-ack" reason_ttl="51"/></port></ports></host>
<host endtime="1733441909"><address addr="202.46.253.93" addrtype="ipv4"/><ports><port protocol="tcp" portid="5060"><state state="open" reason="syn-ack" reason_ttl="51"/></port></ports></host>
<host endtime="1733441912"><address addr="202.46.7.233" addrtype="ipv4"/><ports><port protocol="tcp" portid="5060"><state state="open" reason="syn-ack" reason_ttl="50"/></port></ports></host>
<host endtime="1733441912"><address addr="202.46.4.156" addrtype="ipv4"/><ports><port protocol="tcp" portid="5060"><state state="open" reason="syn-ack" reason_ttl="51"/></port></ports></host>
<host endtime="1733441913"><address addr="202.46.240.104" addrtype="ipv4"/><ports><port protocol="tcp" portid="5060"><state state="open" reason="syn-ack" reason_ttl="51"/></port></ports></host>
<host endtime="1733441915"><address addr="202.46.13.23" addrtype="ipv4"/><ports><port protocol="tcp" portid="5060"><state state="open" reason="syn-ack" reason_ttl="51"/></port></ports></host>
<host endtime="1733441917"><address addr="202.46.246.177" addrtype="ipv4"/><ports><port protocol="tcp" portid="5060"><state state="open" reason="syn-ack" reason_ttl="51"/></port></ports></host>
<host endtime="1733441921"><address addr="202.46.247.51" addrtype="ipv4"/><ports><port protocol="tcp" portid="5060"><state state="open" reason="syn-ack" reason_ttl="51"/></port></ports></host>
<host endtime="1733441921"><address addr="193.98.229.151" addrtype="ipv4"/><ports><port protocol="tcp" portid="5060"><state state="open" reason="syn-ack" reason_ttl="49"/></port></ports></host>
<host endtime="1733441930"><address addr="202.46.12.221" addrtype="ipv4"/><ports><port protocol="tcp" portid="5060"><state state="open" reason="syn-ack" reason_ttl="50"/></port></ports></host>
<host endtime="1733441930"><address addr="202.46.251.96" addrtype="ipv4"/><ports><port protocol="tcp" portid="5060"><state state="open" reason="syn-ack" reason_ttl="50"/></port></ports></host>
<host endtime="1733441930"><address addr="202.46.6.195" addrtype="ipv4"/><ports><port protocol="tcp" portid="5060"><state state="open" reason="syn-ack" reason_ttl="51"/></port></ports></host>
<host endtime="1733441932"><address addr="199.201.237.88" addrtype="ipv4"/><ports><port protocol="tcp" portid="5060"><state state="open" reason="syn-ack" reason_ttl="47"/></port></ports></host>
<host endtime="1733441939"><address addr="202.46.254.54" addrtype="ipv4"/><ports><port protocol="tcp" portid="5060"><state state="open" reason="syn-ack" reason_ttl="50"/></port></ports></host>
<host endtime="1733441939"><address addr="202.46.10.212" addrtype="ipv4"/><ports><port protocol="tcp" portid="5060"><state state="open" reason="syn-ack" reason_ttl="51"/></port></ports></host>
<host endtime="1733441940"><address addr="199.201.237.3" addrtype="ipv4"/><ports><port protocol="tcp" portid="5060"><state state="open" reason="syn-ack" reason_ttl="47"/></port></ports></host>
<host endtime="1733441940"><address addr="202.46.248.223" addrtype="ipv4"/><ports><port protocol="tcp" portid="5060"><state state="open" reason="syn-ack" reason_ttl="51"/></port></ports></host>
<host endtime="1733441946"><address addr="202.46.10.144" addrtype="ipv4"/><ports><port protocol="tcp" portid="5060"><state state="open" reason="syn-ack" reason_ttl="50"/></port></ports></host>
<host endtime="1733441947"><address addr="193.103.200.78" addrtype="ipv4"/><ports><port protocol="tcp" portid="5060"><state state="open" reason="syn-ack" reason_ttl="54"/></port></ports></host>
<host endtime="1733441954"><address addr="199.123.25.241" addrtype="ipv4"/><ports><port protocol="tcp" portid="5060"><state state="open" reason="syn-ack" reason_ttl="229"/></port></ports></host>
<host endtime="1733441954"><address addr="202.46.5.163" addrtype="ipv4"/><ports><port protocol="tcp" portid="5060"><state state="open" reason="syn-ack" reason_ttl="51"/></port></ports></host>
<host endtime="1733441955"><address addr="202.46.254.119" addrtype="ipv4"/><ports><port protocol="tcp" portid="5060"><state state="open" reason="syn-ack" reason_ttl="51"/></port></ports></host>
<host endtime="1733441955"><address addr="202.46.9.27" addrtype="ipv4"/><ports><port protocol="tcp" portid="5060"><state state="open" reason="syn-ack" reason_ttl="51"/></port></ports></host>
<host endtime="1733441956"><address addr="202.46.242.153" addrtype="ipv4"/><ports><port protocol="tcp" portid="5060"><state state="open" reason="syn-ack" reason_ttl="50"/></port></ports></host>
<host endtime="1733441960"><address addr="199.123.24.204" addrtype="ipv4"/><ports><port protocol="tcp" portid="5060"><state state="open" reason="syn-ack" reason_ttl="229"/></port></ports></host>
<host endtime="1733441963"><address addr="202.46.245.179" addrtype="ipv4"/><ports><port protocol="tcp" portid="5060"><state state="open" reason="syn-ack" reason_ttl="51"/></port></ports></host>
<host endtime="1733441965"><address addr="202.46.9.129" addrtype="ipv4"/><ports><port protocol="tcp" portid="5060"><state state="open" reason="syn-ack" reason_ttl="50"/></port></ports></host>
<host endtime="1733441968"><address addr="202.46.12.251" addrtype="ipv4"/><ports><port protocol="tcp" portid="5060"><state state="open" reason="syn-ack" reason_ttl="51"/></port></ports></host>
<host endtime="1733441969"><address addr="202.46.10.198" addrtype="ipv4"/><ports><port protocol="tcp" portid="5060"><state state="open" reason="syn-ack" reason_ttl="51"/></port></ports></host>
<host endtime="1733441969"><address addr="202.46.243.103" addrtype="ipv4"/><ports><port protocol="tcp" portid="5060"><state state="open" reason="syn-ack" reason_ttl="51"/></port></ports></host>
<host endtime="1733441970"><address addr="202.46.13.0" addrtype="ipv4"/><ports><port protocol="tcp" portid="5060"><state state="open" reason="syn-ack" reason_ttl="50"/></port></ports></host>
<host endtime="1733441972"><address addr="202.46.247.164" addrtype="ipv4"/><ports><port protocol="tcp" portid="5060"><state state="open" reason="syn-ack" reason_ttl="51"/></port></ports></host>
<host endtime="1733441975"><address addr="202.46.2.191" addrtype="ipv4"/><ports><port protocol="tcp" portid="5060"><state state="open" reason="syn-ack" reason_ttl="51"/></port></ports></host>
<host endtime="1733441976"><address addr="199.123.26.216" addrtype="ipv4"/><ports><port protocol="tcp" portid="5060"><state state="open" reason="syn-ack" reason_ttl="229"/></port></ports></host>
<host endtime="1733441977"><address addr="202.46.255.70" addrtype="ipv4"/><ports><port protocol="tcp" portid="5060"><state state="open" reason="syn-ack" reason_ttl="51"/></port></ports></host>
<host endtime="1733441977"><address addr="202.46.13.245" addrtype="ipv4"/><ports><port protocol="tcp" portid="5060"><state state="open" reason="syn-ack" reason_ttl="50"/></port></ports></host>
<host endtime="1733441978"><address addr="202.46.8.116" addrtype="ipv4"/><ports><port protocol="tcp" portid="5060"><state state="open" reason="syn-ack" reason_ttl="50"/></port></ports></host>
<host endtime="1733441978"><address addr="199.123.25.149" addrtype="ipv4"/><ports><port protocol="tcp" portid="5060"><state state="open" reason="syn-ack" reason_ttl="229"/></port></ports></host>
<host endtime="1733441980"><address addr="199.201.236.117" addrtype="ipv4"/><ports><port protocol="tcp" portid="5060"><state state="open" reason="syn-ack" reason_ttl="47"/></port></ports></host>
<host endtime="1733441980"><address addr="202.46.3.111" addrtype="ipv4"/><ports><port protocol="tcp" portid="5061"><state state="open" reason="syn-ack" reason_ttl="50"/></port></ports></host>
<host endtime="1733441982"><address addr="202.46.15.58" addrtype="ipv4"/><ports><port protocol="tcp" portid="5060"><state state="open" reason="syn-ack" reason_ttl="50"/></port></ports></host>
<host endtime="1733441989"><address addr="103.224.214.165" addrtype="ipv4"/><ports><port protocol="tcp" portid="5060"><state state="open" reason="syn-ack" reason_ttl="48"/></port></ports></host>
<host endtime="1733441990"><address addr="199.123.26.65" addrtype="ipv4"/><ports><port protocol="tcp" portid="5060"><state state="open" reason="syn-ack" reason_ttl="229"/></port></ports></host>
<host endtime="1733441999"><address addr="202.46.3.117" addrtype="ipv4"/><ports><port protocol="tcp" portid="5060"><state state="open" reason="syn-ack" reason_ttl="51"/></port></ports></host>
<host endtime="1733441999"><address addr="202.46.6.56" addrtype="ipv4"/><ports><port protocol="tcp" portid="5060"><state state="open" reason="syn-ack" reason_ttl="51"/></port></ports></host>
<host endtime="1733441999"><address addr="202.46.252.54" addrtype="ipv4"/><ports><port protocol="tcp" portid="5060"><state state="open" reason="syn-ack" reason_ttl="50"/></port></ports></host>
<host endtime="1733441999"><address addr="199.201.237.106" addrtype="ipv4"/><ports><port protocol="tcp" portid="5060"><state state="open" reason="syn-ack" reason_ttl="47"/></port></ports></host>
<host endtime="1733442003"><address addr="202.46.250.10" addrtype="ipv4"/><ports><port protocol="tcp" portid="5060"><state state="open" reason="syn-ack" reason_ttl="50"/></port></ports></host>
<host endtime="1733442004"><address addr="103.83.19.175" addrtype="ipv4"/><ports><port protocol="tcp" portid="5060"><state state="open" reason="syn-ack" reason_ttl="48"/></port></ports></host>
<host endtime="1733442004"><address addr="193.98.229.234" addrtype="ipv4"/><ports><port protocol="tcp" portid="5060"><state state="open" reason="syn-ack" reason_ttl="47"/></port></ports></host>
<host endtime="1733442004"><address addr="202.46.6.6" addrtype="ipv4"/><ports><port protocol="tcp" portid="5060"><state state="open" reason="syn-ack" reason_ttl="50"/></port></ports></host>
<host endtime="1733442005"><address addr="202.46.11.189" addrtype="ipv4"/><ports><port protocol="tcp" portid="5060"><state state="open" reason="syn-ack" reason_ttl="51"/></port></ports></host>
<host endtime="1733442010"><address addr="202.46.7.102" addrtype="ipv4"/><ports><port protocol="tcp" portid="5060"><state state="open" reason="syn-ack" reason_ttl="51"/></port></ports></host>
<host endtime="1733442014"><address addr="202.46.4.158" addrtype="ipv4"/><ports><port protocol="tcp" portid="5060"><state state="open" reason="syn-ack" reason_ttl="50"/></port></ports></host>
<host endtime="1733442014"><address addr="103.83.18.38" addrtype="ipv4"/><ports><port protocol="tcp" portid="5060"><state state="open" reason="syn-ack" reason_ttl="48"/></port></ports></host>
<host endtime="1733442014"><address addr="202.46.8.32" addrtype="ipv4"/><ports><port protocol="tcp" portid="5060"><state state="open" reason="syn-ack" reason_ttl="51"/></port></ports></host>
<host endtime="1733442019"><address addr="199.123.24.208" addrtype="ipv4"/><ports><port protocol="tcp" portid="5060"><state state="open" reason="syn-ack" reason_ttl="229"/></port></ports></host>
<host endtime="1733442023"><address addr="202.46.254.31" addrtype="ipv4"/><ports><port protocol="tcp" portid="5060"><state state="open" reason="syn-ack" reason_ttl="51"/></port></ports></host>
<host endtime="1733442024"><address addr="202.46.0.164" addrtype="ipv4"/><ports><port protocol="tcp" portid="5060"><state state="open" reason="syn-ack" reason_ttl="50"/></port></ports></host>
<host endtime="1733442025"><address addr="199.123.24.134" addrtype="ipv4"/><ports><port protocol="tcp" portid="5060"><state state="open" reason="syn-ack" reason_ttl="229"/></port></ports></host>
<host endtime="1733442026"><address addr="193.103.200.37" addrtype="ipv4"/><ports><port protocol="tcp" portid="5060"><state state="open" reason="syn-ack" reason_ttl="54"/></port></ports></host>
<host endtime="1733442027"><address addr="202.46.246.138" addrtype="ipv4"/><ports><port protocol="tcp" portid="5060"><state state="open" reason="syn-ack" reason_ttl="51"/></port></ports></host>
<host endtime="1733442029"><address addr="199.201.237.29" addrtype="ipv4"/><ports><port protocol="tcp" portid="5060"><state state="open" reason="syn-ack" reason_ttl="47"/></port></ports></host>
<host endtime="1733442029"><address addr="202.46.15.193" addrtype="ipv4"/><ports><port protocol="tcp" portid="5060"><state state="open" reason="syn-ack" reason_ttl="51"/></port></ports></host>
<host endtime="1733442030"><address addr="202.46.10.64" addrtype="ipv4"/><ports><port protocol="tcp" portid="5060"><state state="open" reason="syn-ack" reason_ttl="51"/></port></ports></host>
<host endtime="1733442032"><address addr="103.224.215.82" addrtype="ipv4"/><ports><port protocol="tcp" portid="5060"><state state="open" reason="syn-ack" reason_ttl="48"/></port></ports></host>
<host endtime="1733442038"><address addr="202.46.253.166" addrtype="ipv4"/><ports><port protocol="tcp" portid="5060"><state state="open" reason="syn-ack" reason_ttl="51"/></port></ports></host>
<host endtime="1733442038"><address addr="202.46.248.68" addrtype="ipv4"/><ports><port protocol="tcp" portid="5060"><state state="open" reason="syn-ack" reason_ttl="51"/></port></ports></host>
<host endtime="1733442041"><address addr="202.46.1.215" addrtype="ipv4"/><ports><port protocol="tcp" portid="5060"><state state="open" reason="syn-ack" reason_ttl="50"/></port></ports></host>
<host endtime="1733442042"><address addr="202.46.252.215" addrtype="ipv4"/><ports><port protocol="tcp" portid="5060"><state state="open" reason="syn-ack" reason_ttl="51"/></port></ports></host>
<host endtime="1733442044"><address addr="202.46.241.15" addrtype="ipv4"/><ports><port protocol="tcp" portid="5060"><state state="open" reason="syn-ack" reason_ttl="51"/></port></ports></host>
<host endtime="1733442045"><address addr="202.46.3.191" addrtype="ipv4"/><ports><port protocol="tcp" portid="5060"><state state="open" reason="syn-ack" reason_ttl="51"/></port></ports></host>
<host endtime="1733442050"><address addr="103.83.18.202" addrtype="ipv4"/><ports><port protocol="tcp" portid="5060"><state state="open" reason="syn-ack" reason_ttl="48"/></port></ports></host>
<host endtime="1733442050"><address addr="202.46.253.102" addrtype="ipv4"/><ports><port protocol="tcp" portid="5060"><state state="open" reason="syn-ack" reason_ttl="50"/></port></ports></host>
<host endtime="1733442051"><address addr="202.46.9.53" addrtype="ipv4"/><ports><port protocol="tcp" portid="5060"><state state="open" reason="syn-ack" reason_ttl="51"/></port></ports></host>
<host endtime="1733442053"><address addr="199.201.237.45" addrtype="ipv4"/><ports><port protocol="tcp" portid="5060"><state state="open" reason="syn-ack" reason_ttl="47"/></port></ports></host>
<host endtime="1733442053"><address addr="202.46.250.23" addrtype="ipv4"/><ports><port protocol="tcp" portid="5060"><state state="open" reason="syn-ack" reason_ttl="50"/></port></ports></host>
<host endtime="1733442056"><address addr="202.46.255.228" addrtype="ipv4"/><ports><port protocol="tcp" portid="5060"><state state="open" reason="syn-ack" reason_ttl="51"/></port></ports></host>
<host endtime="1733442062"><address addr="199.123.27.89" addrtype="ipv4"/><ports><port protocol="tcp" portid="5060"><state state="open" reason="syn-ack" reason_ttl="229"/></port></ports></host>
<host endtime="1733442062"><address addr="202.46.1.105" addrtype="ipv4"/><ports><port protocol="tcp" portid="5060"><state state="open" reason="syn-ack" reason_ttl="51"/></port></ports></host>
<host endtime="1733442064"><address addr="202.46.14.49" addrtype="ipv4"/><ports><port protocol="tcp" portid="5060"><state state="open" reason="syn-ack" reason_ttl="51"/></port></ports></host>
<host endtime="1733442071"><address addr="202.46.250.99" addrtype="ipv4"/><ports><port protocol="tcp" portid="5060"><state state="open" reason="syn-ack" reason_ttl="50"/></port></ports></host>
<host endtime="1733442072"><address addr="199.201.236.31" addrtype="ipv4"/><ports><port protocol="tcp" portid="5060"><state state="open" reason="syn-ack" reason_ttl="47"/></port></ports></host>
<host endtime="1733442077"><address addr="202.46.6.97" addrtype="ipv4"/><ports><port protocol="tcp" portid="5060"><state state="open" reason="syn-ack" reason_ttl="51"/></port></ports></host>
<host endtime="1733442077"><address addr="202.46.248.214" addrtype="ipv4"/><ports><port protocol="tcp" portid="5060"><state state="open" reason="syn-ack" reason_ttl="50"/></port></ports></host>
<host endtime="1733442078"><address addr="202.46.3.106" addrtype="ipv4"/><ports><port protocol="tcp" portid="5061"><state state="open" reason="syn-ack" reason_ttl="50"/></port></ports></host>
<host endtime="1733442081"><address addr="202.46.11.191" addrtype="ipv4"/><ports><port protocol="tcp" portid="5060"><state state="open" reason="syn-ack" reason_ttl="51"/></port></ports></host>
<host endtime="1733442082"><address addr="202.46.243.30" addrtype="ipv4"/><ports><port protocol="tcp" portid="5060"><state state="open" reason="syn-ack" reason_ttl="51"/></port></ports></host>
<host endtime="1733442084"><address addr="202.46.243.165" addrtype="ipv4"/><ports><port protocol="tcp" portid="5060"><state state="open" reason="syn-ack" reason_ttl="51"/></port></ports></host>
<host endtime="1733442084"><address addr="202.46.251.112" addrtype="ipv4"/><ports><port protocol="tcp" portid="5060"><state state="open" reason="syn-ack" reason_ttl="51"/></port></ports></host>
<host endtime="1733442085"><address addr="202.46.0.150" addrtype="ipv4"/><ports><port protocol="tcp" portid="5060"><state state="open" reason="syn-ack" reason_ttl="50"/></port></ports></host>
<host endtime="1733442089"><address addr="202.46.4.248" addrtype="ipv4"/><ports><port protocol="tcp" portid="5060"><state state="open" reason="syn-ack" reason_ttl="51"/></port></ports></host>
<host endtime="1733442091"><address addr="199.123.26.4" addrtype="ipv4"/><ports><port protocol="tcp" portid="5060"><state state="open" reason="syn-ack" reason_ttl="229"/></port></ports></host>
<host endtime="1733442092"><address addr="202.46.249.172" addrtype="ipv4"/><ports><port protocol="tcp" portid="5060"><state state="open" reason="syn-ack" reason_ttl="51"/></port></ports></host>
<host endtime="1733442093"><address addr="202.46.10.191" addrtype="ipv4"/><ports><port protocol="tcp" portid="5060"><state state="open" reason="syn-ack" reason_ttl="51"/></port></ports></host>
<host endtime="1733442095"><address addr="202.46.15.26" addrtype="ipv4"/><ports><port protocol="tcp" portid="5060"><state state="open" reason="syn-ack" reason_ttl="51"/></port></ports></host>
<host endtime="1733442097"><address addr="202.46.6.219" addrtype="ipv4"/><ports><port protocol="tcp" portid="5060"><state state="open" reason="syn-ack" reason_ttl="50"/></port></ports></host>
<host endtime="1733442098"><address addr="202.46.240.128" addrtype="ipv4"/><ports><port protocol="tcp" portid="5060"><state state="open" reason="syn-ack" reason_ttl="51"/></port></ports></host>
<host endtime="1733442102"><address addr="202.46.5.190" addrtype="ipv4"/><ports><port protocol="tcp" portid="5060"><state state="open" reason="syn-ack" reason_ttl="50"/></port></ports></host>
<host endtime="1733442103"><address addr="202.46.13.39" addrtype="ipv4"/><ports><port protocol="tcp" portid="5060"><state state="open" reason="syn-ack" reason_ttl="51"/></port></ports></host>
<host endtime="1733442104"><address addr="202.46.7.230" addrtype="ipv4"/><ports><port protocol="tcp" portid="5060"><state state="open" reason="syn-ack" reason_ttl="51"/></port></ports></host>
<host endtime="1733442104"><address addr="202.46.254.83" addrtype="ipv4"/><ports><port protocol="tcp" portid="5060"><state state="open" reason="syn-ack" reason_ttl="51"/></port></ports></host>
<host endtime="1733442105"><address addr="202.46.9.241" addrtype="ipv4"/><ports><port protocol="tcp" portid="5060"><state state="open" reason="syn-ack" reason_ttl="51"/></port></ports></host>
<host endtime="1733442106"><address addr="199.123.26.99" addrtype="ipv4"/><ports><port protocol="tcp" portid="5060"><state state="open" reason="syn-ack" reason_ttl="229"/></port></ports></host>
<host endtime="1733442107"><address addr="199.123.27.150" addrtype="ipv4"/><ports><port protocol="tcp" portid="5060"><state state="open" reason="syn-ack" reason_ttl="229"/></port></ports></host>
<host endtime="1733442107"><address addr="202.46.244.141" addrtype="ipv4"/><ports><port protocol="tcp" portid="5060"><state state="open" reason="syn-ack" reason_ttl="50"/></port></ports></host>
<host endtime="1733442109"><address addr="202.46.8.113" addrtype="ipv4"/><ports><port protocol="tcp" portid="5060"><state state="open" reason="syn-ack" reason_ttl="50"/></port></ports></host>
<host endtime="1733442114"><address addr="199.123.25.174" addrtype="ipv4"/><ports><port protocol="tcp" portid="5060"><state state="open" reason="syn-ack" reason_ttl="229"/></port></ports></host>
<host endtime="1733442115"><address addr="202.46.0.246" addrtype="ipv4"/><ports><port protocol="tcp" portid="5060"><state state="open" reason="syn-ack" reason_ttl="51"/></port></ports></host>
<host endtime="1733442116"><address addr="202.46.10.94" addrtype="ipv4"/><ports><port protocol="tcp" portid="5060"><state state="open" reason="syn-ack" reason_ttl="51"/></port></ports></host>
<host endtime="1733442120"><address addr="202.46.1.162" addrtype="ipv4"/><ports><port protocol="tcp" portid="5060"><state state="open" reason="syn-ack" reason_ttl="51"/></port></ports></host>
<host endtime="1733442123"><address addr="103.83.19.78" addrtype="ipv4"/><ports><port protocol="tcp" portid="5060"><state state="open" reason="syn-ack" reason_ttl="48"/></port></ports></host>
<host endtime="1733442124"><address addr="202.46.243.35" addrtype="ipv4"/><ports><port protocol="tcp" portid="5060"><state state="open" reason="syn-ack" reason_ttl="51"/></port></ports></host>
<host endtime="1733442128"><address addr="202.46.5.155" addrtype="ipv4"/><ports><port protocol="tcp" portid="5060"><state state="open" reason="syn-ack" reason_ttl="50"/></port></ports></host>
<host endtime="1733442130"><address addr="202.46.7.48" addrtype="ipv4"/><ports><port protocol="tcp" portid="5060"><state state="open" reason="syn-ack" reason_ttl="51"/></port></ports></host>
<host endtime="1733442131"><address addr="202.46.246.251" addrtype="ipv4"/><ports><port protocol="tcp" portid="5060"><state state="open" reason="syn-ack" reason_ttl="50"/></port></ports></host>
<host endtime="1733442132"><address addr="199.201.236.105" addrtype="ipv4"/><ports><port protocol="tcp" portid="5060"><state state="open" reason="syn-ack" reason_ttl="47"/></port></ports></host>
<host endtime="1733442134"><address addr="193.98.229.186" addrtype="ipv4"/><ports><port protocol="tcp" portid="5061"><state state="open" reason="syn-ack" reason_ttl="48"/></port></ports></host>
<host endtime="1733442135"><address addr="202.46.6.230" addrtype="ipv4"/><ports><port protocol="tcp" portid="5060"><state state="open" reason="syn-ack" reason_ttl="50"/></port></ports></host>
<host endtime="1733442136"><address addr="202.46.15.92" addrtype="ipv4"/><ports><port protocol="tcp" portid="5060"><state state="open" reason="syn-ack" reason_ttl="51"/></port></ports></host>
<host endtime="1733442140"><address addr="202.46.254.183" addrtype="ipv4"/><ports><port protocol="tcp" portid="5060"><state state="open" reason="syn-ack" reason_ttl="50"/></port></ports></host>
<host endtime="1733442140"><address addr="202.46.3.112" addrtype="ipv4"/><ports><port protocol="tcp" portid="5061"><state state="open" reason="syn-ack" reason_ttl="50"/></port></ports></host>
<host endtime="1733442141"><address addr="103.224.215.68" addrtype="ipv4"/><ports><port protocol="tcp" portid="5060"><state state="open" reason="syn-ack" reason_ttl="48"/></port></ports></host>
<host endtime="1733442143"><address addr="202.46.254.194" addrtype="ipv4"/><ports><port protocol="tcp" portid="5060"><state state="open" reason="syn-ack" reason_ttl="50"/></port></ports></host>
<host endtime="1733442143"><address addr="202.46.14.154" addrtype="ipv4"/><ports><port protocol="tcp" portid="5060"><state state="open" reason="syn-ack" reason_ttl="51"/></port></ports></host>
<host endtime="1733442144"><address addr="202.46.5.17" addrtype="ipv4"/><ports><port protocol="tcp" portid="5060"><state state="open" reason="syn-ack" reason_ttl="50"/></port></ports></host>
<host endtime="1733442144"><address addr="202.46.9.237" addrtype="ipv4"/><ports><port protocol="tcp" portid="5060"><state state="open" reason="syn-ack" reason_ttl="51"/></port></ports></host>
<host endtime="1733442146"><address addr="103.83.18.123" addrtype="ipv4"/><ports><port protocol="tcp" portid="5060"><state state="open" reason="syn-ack" reason_ttl="48"/></port></ports></host>
<host endtime="1733442146"><address addr="202.46.251.2" addrtype="ipv4"/><ports><port protocol="tcp" portid="5060"><state state="open" reason="syn-ack" reason_ttl="50"/></port></ports></host>
<host endtime="1733442147"><address addr="202.46.249.190" addrtype="ipv4"/><ports><port protocol="tcp" portid="5060"><state state="open" reason="syn-ack" reason_ttl="51"/></port></ports></host>
<host endtime="1733442147"><address addr="202.46.0.151" addrtype="ipv4"/><ports><port protocol="tcp" portid="5060"><state state="open" reason="syn-ack" reason_ttl="50"/></port></ports></host>
<host endtime="1733442154"><address addr="202.46.10.169" addrtype="ipv4"/><ports><port protocol="tcp" portid="5060"><state state="open" reason="syn-ack" reason_ttl="51"/></port></ports></host>
<host endtime="1733442158"><address addr="199.201.236.103" addrtype="ipv4"/><ports><port protocol="tcp" portid="5060"><state state="open" reason="syn-ack" reason_ttl="47"/></port></ports></host>
<host endtime="1733442162"><address addr="202.46.254.98" addrtype="ipv4"/><ports><port protocol="tcp" portid="5060"><state state="open" reason="syn-ack" reason_ttl="51"/></port></ports></host>
<host endtime="1733442162"><address addr="202.46.247.75" addrtype="ipv4"/><ports><port protocol="tcp" portid="5060"><state state="open" reason="syn-ack" reason_ttl="51"/></port></ports></host>
<host endtime="1733442162"><address addr="202.46.242.111" addrtype="ipv4"/><ports><port protocol="tcp" portid="5060"><state state="open" reason="syn-ack" reason_ttl="51"/></port></ports></host>
<host endtime="1733442163"><address addr="202.46.247.12" addrtype="ipv4"/><ports><port protocol="tcp" portid="5060"><state state="open" reason="syn-ack" reason_ttl="50"/></port></ports></host>
<host endtime="1733442163"><address addr="202.46.250.243" addrtype="ipv4"/><ports><port protocol="tcp" portid="5060"><state state="open" reason="syn-ack" reason_ttl="51"/></port></ports></host>
<host endtime="1733442164"><address addr="202.46.12.74" addrtype="ipv4"/><ports><port protocol="tcp" portid="5060"><state state="open" reason="syn-ack" reason_ttl="50"/></port></ports></host>
<host endtime="1733442165"><address addr="202.46.5.85" addrtype="ipv4"/><ports><port protocol="tcp" portid="5060"><state state="open" reason="syn-ack" reason_ttl="51"/></port></ports></host>
<host endtime="1733442166"><address addr="202.46.242.136" addrtype="ipv4"/><ports><port protocol="tcp" portid="5060"><state state="open" reason="syn-ack" reason_ttl="50"/></port></ports></host>
<host endtime="1733442167"><address addr="202.46.14.202" addrtype="ipv4"/><ports><port protocol="tcp" portid="5060"><state state="open" reason="syn-ack" reason_ttl="50"/></port></ports></host>
<host endtime="1733442170"><address addr="202.46.2.16" addrtype="ipv4"/><ports><port protocol="tcp" portid="5060"><state state="open" reason="syn-ack" reason_ttl="50"/></port></ports></host>
<host endtime="1733442173"><address addr="202.46.3.168" addrtype="ipv4"/><ports><port protocol="tcp" portid="5060"><state state="open" reason="syn-ack" reason_ttl="50"/></port></ports></host>
<host endtime="1733442175"><address addr="199.123.25.244" addrtype="ipv4"/><ports><port protocol="tcp" portid="5060"><state state="open" reason="syn-ack" reason_ttl="229"/></port></ports></host>
<host endtime="1733442175"><address addr="202.46.247.131" addrtype="ipv4"/><ports><port protocol="tcp" portid="5060"><state state="open" reason="syn-ack" reason_ttl="50"/></port></ports></host>
<host endtime="1733442179"><address addr="199.123.25.213" addrtype="ipv4"/><ports><port protocol="tcp" portid="5060"><state state="open" reason="syn-ack" reason_ttl="229"/></port></ports></host>
<host endtime="1733442180"><address addr="202.46.13.91" addrtype="ipv4"/><ports><port protocol="tcp" portid="5060"><state state="open" reason="syn-ack" reason_ttl="51"/></port></ports></host>
<host endtime="1733442181"><address addr="202.46.0.14" addrtype="ipv4"/><ports><port protocol="tcp" portid="5060"><state state="open" reason="syn-ack" reason_ttl="50"/></port></ports></host>
<host endtime="1733442184"><address addr="202.46.10.124" addrtype="ipv4"/><ports><port protocol="tcp" portid="5060"><state state="open" reason="syn-ack" reason_ttl="51"/></port></ports></host>
<host endtime="1733442185"><address addr="202.46.6.199" addrtype="ipv4"/><ports><port protocol="tcp" portid="5060"><state state="open" reason="syn-ack" reason_ttl="51"/></port></ports></host>
<host endtime="1733442186"><address addr="202.46.255.126" addrtype="ipv4"/><ports><port protocol="tcp" portid="5060"><state state="open" reason="syn-ack" reason_ttl="51"/></port></ports></host>
<host endtime="1733442187"><address addr="202.46.241.184" addrtype="ipv4"/><ports><port protocol="tcp" portid="5060"><state state="open" reason="syn-ack" reason_ttl="50"/></port></ports></host>
<host endtime="1733442190"><address addr="202.46.6.156" addrtype="ipv4"/><ports><port protocol="tcp" portid="5060"><state state="open" reason="syn-ack" reason_ttl="50"/></port></ports></host>
<host endtime="1733442191"><address addr="202.46.4.218" addrtype="ipv4"/><ports><port protocol="tcp" portid="5060"><state state="open" reason="syn-ack" reason_ttl="51"/></port></ports></host>
<host endtime="1733442192"><address addr="202.46.11.0" addrtype="ipv4"/><ports><port protocol="tcp" portid="5060"><state state="open" reason="syn-ack" reason_ttl="51"/></port></ports></host>
<host endtime="1733442192"><address addr="202.46.254.160" addrtype="ipv4"/><ports><port protocol="tcp" portid="5060"><state state="open" reason="syn-ack" reason_ttl="51"/></port></ports></host>
<host endtime="1733442193"><address addr="202.46.240.91" addrtype="ipv4"/><ports><port protocol="tcp" portid="5060"><state state="open" reason="syn-ack" reason_ttl="51"/></port></ports></host>
<host endtime="1733442194"><address addr="193.98.229.0" addrtype="ipv4"/><ports><port protocol="tcp" portid="5061"><state state="open" reason="syn-ack" reason_ttl="49"/></port></ports></host>
<host endtime="1733442197"><address addr="199.123.25.155" addrtype="ipv4"/><ports><port protocol="tcp" portid="5060"><state state="open" reason="syn-ack" reason_ttl="229"/></port></ports></host>
<host endtime="1733442198"><address addr="103.83.18.83" addrtype="ipv4"/><ports><port protocol="tcp" portid="5060"><state state="open" reason="syn-ack" reason_ttl="48"/></port></ports></host>
<host endtime="1733442200"><address addr="41.72.60.240" addrtype="ipv4"/><ports><port protocol="tcp" portid="5061"><state state="open" reason="syn-ack" reason_ttl="233"/></port></ports></host>
<host endtime="1733442200"><address addr="202.46.253.187" addrtype="ipv4"/><ports><port protocol="tcp" portid="5060"><state state="open" reason="syn-ack" reason_ttl="50"/></port></ports></host>
<host endtime="1733442203"><address addr="202.46.246.92" addrtype="ipv4"/><ports><port protocol="tcp" portid="5060"><state state="open" reason="syn-ack" reason_ttl="51"/></port></ports></host>
<host endtime="1733442203"><address addr="202.46.255.174" addrtype="ipv4"/><ports><port protocol="tcp" portid="5060"><state state="open" reason="syn-ack" reason_ttl="51"/></port></ports></host>
<host endtime="1733442205"><address addr="202.46.251.61" addrtype="ipv4"/><ports><port protocol="tcp" portid="5060"><state state="open" reason="syn-ack" reason_ttl="50"/></port></ports></host>
<host endtime="1733442205"><address addr="103.83.19.20" addrtype="ipv4"/><ports><port protocol="tcp" portid="5060"><state state="open" reason="syn-ack" reason_ttl="48"/></port></ports></host>
<host endtime="1733442209"><address addr="103.83.18.178" addrtype="ipv4"/><ports><port protocol="tcp" portid="5060"><state state="open" reason="syn-ack" reason_ttl="48"/></port></ports></host>
<host endtime="1733442210"><address addr="202.46.10.253" addrtype="ipv4"/><ports><port protocol="tcp" portid="5060"><state state="open" reason="syn-ack" reason_ttl="51"/></port></ports></host>
<host endtime="1733442212"><address addr="202.46.3.52" addrtype="ipv4"/><ports><port protocol="tcp" portid="5060"><state state="open" reason="syn-ack" reason_ttl="51"/></port></ports></host>
<host endtime="1733442213"><address addr="199.123.26.241" addrtype="ipv4"/><ports><port protocol="tcp" portid="5060"><state state="open" reason="syn-ack" reason_ttl="229"/></port></ports></host>
<host endtime="1733442214"><address addr="202.46.248.94" addrtype="ipv4"/><ports><port protocol="tcp" portid="5060"><state state="open" reason="syn-ack" reason_ttl="51"/></port></ports></host>
<host endtime="1733442217"><address addr="103.224.215.221" addrtype="ipv4"/><ports><port protocol="tcp" portid="5060"><state state="open" reason="syn-ack" reason_ttl="48"/></port></ports></host>
<host endtime="1733442218"><address addr="202.46.3.214" addrtype="ipv4"/><ports><port protocol="tcp" portid="5060"><state state="open" reason="syn-ack" reason_ttl="51"/></port></ports></host>
<host endtime="1733442218"><address addr="202.46.12.242" addrtype="ipv4"/><ports><port protocol="tcp" portid="5060"><state state="open" reason="syn-ack" reason_ttl="51"/></port></ports></host>
<host endtime="1733442218"><address addr="193.103.200.33" addrtype="ipv4"/><ports><port protocol="tcp" portid="5060"><state state="open" reason="syn-ack" reason_ttl="52"/></port></ports></host>
<host endtime="1733442219"><address addr="202.46.245.254" addrtype="ipv4"/><ports><port protocol="tcp" portid="5060"><state state="open" reason="syn-ack" reason_ttl="50"/></port></ports></host>
<host endtime="1733442219"><address addr="202.46.4.90" addrtype="ipv4"/><ports><port protocol="tcp" portid="5060"><state state="open" reason="syn-ack" reason_ttl="50"/></port></ports></host>
<host endtime="1733442219"><address addr="66.43.119.156" addrtype="ipv4"/><ports><port protocol="tcp" portid="5060"><state state="open" reason="syn-ack" reason_ttl="50"/></port></ports></host>
<host endtime="1733442222"><address addr="202.46.12.241" addrtype="ipv4"/><ports><port protocol="tcp" portid="5060"><state state="open" reason="syn-ack" reason_ttl="50"/></port></ports></host>
<host endtime="1733442224"><address addr="202.46.242.250" addrtype="ipv4"/><ports><port protocol="tcp" portid="5060"><state state="open" reason="syn-ack" reason_ttl="50"/></port></ports></host>
<host endtime="1733442224"><address addr="199.201.236.40" addrtype="ipv4"/><ports><port protocol="tcp" portid="5060"><state state="open" reason="syn-ack" reason_ttl="47"/></port></ports></host>
<host endtime="1733442227"><address addr="202.46.0.195" addrtype="ipv4"/><ports><port protocol="tcp" portid="5060"><state state="open" reason="syn-ack" reason_ttl="51"/></port></ports></host>
<host endtime="1733442231"><address addr="103.83.19.85" addrtype="ipv4"/><ports><port protocol="tcp" portid="5060"><state state="open" reason="syn-ack" reason_ttl="48"/></port></ports></host>
<host endtime="1733442231"><address addr="202.46.2.6" addrtype="ipv4"/><ports><port protocol="tcp" portid="5060"><state state="open" reason="syn-ack" reason_ttl="50"/></port></ports></host>
<host endtime="1733442231"><address addr="199.123.26.109" addrtype="ipv4"/><ports><port protocol="tcp" portid="5060"><state state="open" reason="syn-ack" reason_ttl="229"/></port></ports></host>
<host endtime="1733442231"><address addr="103.224.215.14" addrtype="ipv4"/><ports><port protocol="tcp" portid="5060"><state state="open" reason="syn-ack" reason_ttl="48"/></port></ports></host>
<host endtime="1733442232"><address addr="202.46.3.102" addrtype="ipv4"/><ports><port protocol="tcp" portid="5060"><state state="open" reason="syn-ack" reason_ttl="51"/></port></ports></host>
<host endtime="1733442232"><address addr="202.46.250.154" addrtype="ipv4"/><ports><port protocol="tcp" portid="5060"><state state="open" reason="syn-ack" reason_ttl="50"/></port></ports></host>
<host endtime="1733442233"><address addr="193.98.229.172" addrtype="ipv4"/><ports><port protocol="tcp" portid="5061"><state state="open" reason="syn-ack" reason_ttl="48"/></port></ports></host>
<host endtime="1733442236"><address addr="202.46.247.170" addrtype="ipv4"/><ports><port protocol="tcp" portid="5060"><state state="open" reason="syn-ack" reason_ttl="50"/></port></ports></host>
<host endtime="1733442238"><address addr="199.123.27.238" addrtype="ipv4"/><ports><port protocol="tcp" portid="5060"><state state="open" reason="syn-ack" reason_ttl="229"/></port></ports></host>
<host endtime="1733442241"><address addr="103.224.214.132" addrtype="ipv4"/><ports><port protocol="tcp" portid="5060"><state state="open" reason="syn-ack" reason_ttl="48"/></port></ports></host>
<host endtime="1733442241"><address addr="202.46.246.46" addrtype="ipv4"/><ports><port protocol="tcp" portid="5060"><state state="open" reason="syn-ack" reason_ttl="50"/></port></ports></host>
<host endtime="1733442241"><address addr="202.46.12.136" addrtype="ipv4"/><ports><port protocol="tcp" portid="5060"><state state="open" reason="syn-ack" reason_ttl="50"/></port></ports></host>
<host endtime="1733442242"><address addr="202.46.12.7" addrtype="ipv4"/><ports><port protocol="tcp" portid="5060"><state state="open" reason="syn-ack" reason_ttl="51"/></port></ports></host>
<host endtime="1733442242"><address addr="202.46.252.17" addrtype="ipv4"/><ports><port protocol="tcp" portid="5060"><state state="open" reason="syn-ack" reason_ttl="51"/></port></ports></host>
<host endtime="1733442242"><address addr="202.46.243.199" addrtype="ipv4"/><ports><port protocol="tcp" portid="5060"><state state="open" reason="syn-ack" reason_ttl="51"/></port></ports></host>
<host endtime="1733442243"><address addr="202.46.4.36" addrtype="ipv4"/><ports><port protocol="tcp" portid="5060"><state state="open" reason="syn-ack" reason_ttl="50"/></port></ports></host>
<host endtime="1733442243"><address addr="202.46.246.195" addrtype="ipv4"/><ports><port protocol="tcp" portid="5060"><state state="open" reason="syn-ack" reason_ttl="50"/></port></ports></host>
<host endtime="1733442243"><address addr="199.123.24.5" addrtype="ipv4"/><ports><port protocol="tcp" portid="5060"><state state="open" reason="syn-ack" reason_ttl="229"/></port></ports></host>
<host endtime="1733442244"><address addr="202.46.9.139" addrtype="ipv4"/><ports><port protocol="tcp" portid="5060"><state state="open" reason="syn-ack" reason_ttl="51"/></port></ports></host>
<host endtime="1733442249"><address addr="202.46.14.5" addrtype="ipv4"/><ports><port protocol="tcp" portid="5060"><state state="open" reason="syn-ack" reason_ttl="50"/></port></ports></host>
<host endtime="1733442249"><address addr="202.46.9.254" addrtype="ipv4"/><ports><port protocol="tcp" portid="5060"><state state="open" reason="syn-ack" reason_ttl="51"/></port></ports></host>
<host endtime="1733442250"><address addr="202.46.2.29" addrtype="ipv4"/><ports><port protocol="tcp" portid="5060"><state state="open" reason="syn-ack" reason_ttl="51"/></port></ports></host>
<host endtime="1733442251"><address addr="202.46.245.191" addrtype="ipv4"/><ports><port protocol="tcp" portid="5060"><state state="open" reason="syn-ack" reason_ttl="51"/></port></ports></host>
<host endtime="1733442252"><address addr="202.46.12.170" addrtype="ipv4"/><ports><port protocol="tcp" portid="5060"><state state="open" reason="syn-ack" reason_ttl="50"/></port></ports></host>
<host endtime="1733442253"><address addr="199.123.24.146" addrtype="ipv4"/><ports><port protocol="tcp" portid="5060"><state state="open" reason="syn-ack" reason_ttl="229"/></port></ports></host>
<host endtime="1733442253"><address addr="202.46.14.138" addrtype="ipv4"/><ports><port protocol="tcp" portid="5060"><state state="open" reason="syn-ack" reason_ttl="51"/></port></ports></host>
<host endtime="1733442258"><address addr="196.195.253.118" addrtype="ipv4"/><ports><port protocol="tcp" portid="5060"><state state="open" reason="syn-ack" reason_ttl="53"/></port></ports></host>
<host endtime="1733442260"><address addr="202.46.15.249" addrtype="ipv4"/><ports><port protocol="tcp" portid="5060"><state state="open" reason="syn-ack" reason_ttl="51"/></port></ports></host>
<host endtime="1733442260"><address addr="202.46.13.20" addrtype="ipv4"/><ports><port protocol="tcp" portid="5060"><state state="open" reason="syn-ack" reason_ttl="51"/></port></ports></host>
<host endtime="1733442263"><address addr="202.46.254.94" addrtype="ipv4"/><ports><port protocol="tcp" portid="5060"><state state="open" reason="syn-ack" reason_ttl="51"/></port></ports></host>
<host endtime="1733442270"><address addr="202.46.8.30" addrtype="ipv4"/><ports><port protocol="tcp" portid="5060"><state state="open" reason="syn-ack" reason_ttl="51"/></port></ports></host>
<host endtime="1733442270"><address addr="199.123.25.221" addrtype="ipv4"/><ports><port protocol="tcp" portid="5060"><state state="open" reason="syn-ack" reason_ttl="229"/></port></ports></host>
<host endtime="1733442270"><address addr="202.46.250.47" addrtype="ipv4"/><ports><port protocol="tcp" portid="5060"><state state="open" reason="syn-ack" reason_ttl="50"/></port></ports></host>
<host endtime="1733442271"><address addr="193.103.200.167" addrtype="ipv4"/><ports><port protocol="tcp" portid="5060"><state state="open" reason="syn-ack" reason_ttl="52"/></port></ports></host>
<host endtime="1733442271"><address addr="199.201.236.183" addrtype="ipv4"/><ports><port protocol="tcp" portid="5060"><state state="open" reason="syn-ack" reason_ttl="47"/></port></ports></host>
<host endtime="1733442272"><address addr="202.46.248.248" addrtype="ipv4"/><ports><port protocol="tcp" portid="5060"><state state="open" reason="syn-ack" reason_ttl="51"/></port></ports></host>
<host endtime="1733442273"><address addr="202.46.252.251" addrtype="ipv4"/><ports><port protocol="tcp" portid="5060"><state state="open" reason="syn-ack" reason_ttl="51"/></port></ports></host>
<host endtime="1733442278"><address addr="202.46.254.184" addrtype="ipv4"/><ports><port protocol="tcp" portid="5060"><state state="open" reason="syn-ack" reason_ttl="50"/></port></ports></host>
<host endtime="1733442279"><address addr="202.46.244.248" addrtype="ipv4"/><ports><port protocol="tcp" portid="5060"><state state="open" reason="syn-ack" reason_ttl="50"/></port></ports></host>
<host endtime="1733442280"><address addr="202.46.250.166" addrtype="ipv4"/><ports><port protocol="tcp" portid="5060"><state state="open" reason="syn-ack" reason_ttl="51"/></port></ports></host>
<host endtime="1733442282"><address addr="202.46.254.49" addrtype="ipv4"/><ports><port protocol="tcp" portid="5060"><state state="open" reason="syn-ack" reason_ttl="51"/></port></ports></host>
<host endtime="1733442282"><address addr="103.224.214.238" addrtype="ipv4"/><ports><port protocol="tcp" portid="5060"><state state="open" reason="syn-ack" reason_ttl="48"/></port></ports></host>
<host endtime="1733442286"><address addr="199.201.237.9" addrtype="ipv4"/><ports><port protocol="tcp" portid="5060"><state state="open" reason="syn-ack" reason_ttl="47"/></port></ports></host>
<host endtime="1733442289"><address addr="202.46.15.143" addrtype="ipv4"/><ports><port protocol="tcp" portid="5061"><state state="open" reason="syn-ack" reason_ttl="50"/></port></ports></host>
<host endtime="1733442293"><address addr="202.46.250.48" addrtype="ipv4"/><ports><port protocol="tcp" portid="5060"><state state="open" reason="syn-ack" reason_ttl="51"/></port></ports></host>
<host endtime="1733442293"><address addr="202.46.243.118" addrtype="ipv4"/><ports><port protocol="tcp" portid="5060"><state state="open" reason="syn-ack" reason_ttl="51"/></port></ports></host>
<host endtime="1733442296"><address addr="103.110.62.124" addrtype="ipv4"/><ports><port protocol="tcp" portid="5061"><state state="open" reason="syn-ack" reason_ttl="242"/></port></ports></host>
<host endtime="1733442297"><address addr="202.46.3.182" addrtype="ipv4"/><ports><port protocol="tcp" portid="5060"><state state="open" reason="syn-ack" reason_ttl="50"/></port></ports></host>
<host endtime="1733442299"><address addr="193.103.200.56" addrtype="ipv4"/><ports><port protocol="tcp" portid="5060"><state state="open" reason="syn-ack" reason_ttl="52"/></port></ports></host>
<host endtime="1733442300"><address addr="202.46.245.61" addrtype="ipv4"/><ports><port protocol="tcp" portid="5060"><state state="open" reason="syn-ack" reason_ttl="51"/></port></ports></host>
<host endtime="1733442300"><address addr="202.46.254.224" addrtype="ipv4"/><ports><port protocol="tcp" portid="5060"><state state="open" reason="syn-ack" reason_ttl="50"/></port></ports></host>
<host endtime="1733442301"><address addr="202.46.5.214" addrtype="ipv4"/><ports><port protocol="tcp" portid="5060"><state state="open" reason="syn-ack" reason_ttl="51"/></port></ports></host>
<host endtime="1733442302"><address addr="202.46.13.159" addrtype="ipv4"/><ports><port protocol="tcp" portid="5060"><state state="open" reason="syn-ack" reason_ttl="51"/></port></ports></host>
<host endtime="1733442302"><address addr="202.46.1.250" addrtype="ipv4"/><ports><port protocol="tcp" portid="5060"><state state="open" reason="syn-ack" reason_ttl="51"/></port></ports></host>
<host endtime="1733442309"><address addr="202.46.253.14" addrtype="ipv4"/><ports><port protocol="tcp" portid="5060"><state state="open" reason="syn-ack" reason_ttl="50"/></port></ports></host>
<host endtime="1733442311"><address addr="103.224.214.188" addrtype="ipv4"/><ports><port protocol="tcp" portid="5060"><state state="open" reason="syn-ack" reason_ttl="48"/></port></ports></host>
<host endtime="1733442312"><address addr="202.46.0.88" addrtype="ipv4"/><ports><port protocol="tcp" portid="5060"><state state="open" reason="syn-ack" reason_ttl="51"/></port></ports></host>
<host endtime="1733442314"><address addr="202.46.244.98" addrtype="ipv4"/><ports><port protocol="tcp" portid="5060"><state state="open" reason="syn-ack" reason_ttl="50"/></port></ports></host>
<host endtime="1733442320"><address addr="202.46.252.84" addrtype="ipv4"/><ports><port protocol="tcp" portid="5060"><state state="open" reason="syn-ack" reason_ttl="51"/></port></ports></host>
<host endtime="1733442321"><address addr="202.46.241.117" addrtype="ipv4"/><ports><port protocol="tcp" portid="5060"><state state="open" reason="syn-ack" reason_ttl="50"/></port></ports></host>
<host endtime="1733442321"><address addr="202.46.13.12" addrtype="ipv4"/><ports><port protocol="tcp" portid="5060"><state state="open" reason="syn-ack" reason_ttl="50"/></port></ports></host>
<host endtime="1733442325"><address addr="202.46.7.95" addrtype="ipv4"/><ports><port protocol="tcp" portid="5060"><state state="open" reason="syn-ack" reason_ttl="51"/></port></ports></host>
<host endtime="1733442327"><address addr="202.46.12.137" addrtype="ipv4"/><ports><port protocol="tcp" portid="5060"><state state="open" reason="syn-ack" reason_ttl="51"/></port></ports></host>
<host endtime="1733442329"><address addr="202.46.247.222" addrtype="ipv4"/><ports><port protocol="tcp" portid="5060"><state state="open" reason="syn-ack" reason_ttl="51"/></port></ports></host>
<host endtime="1733442331"><address addr="193.98.229.180" addrtype="ipv4"/><ports><port protocol="tcp" portid="5060"><state state="open" reason="syn-ack" reason_ttl="48"/></port></ports></host>
<host endtime="1733442335"><address addr="193.103.200.174" addrtype="ipv4"/><ports><port protocol="tcp" portid="5060"><state state="open" reason="syn-ack" reason_ttl="52"/></port></ports></host>
<host endtime="1733442335"><address addr="199.123.25.216" addrtype="ipv4"/><ports><port protocol="tcp" portid="5060"><state state="open" reason="syn-ack" reason_ttl="229"/></port></ports></host>
<host endtime="1733442335"><address addr="202.46.12.140" addrtype="ipv4"/><ports><port protocol="tcp" portid="5060"><state state="open" reason="syn-ack" reason_ttl="51"/></port></ports></host>
<host endtime="1733442335"><address addr="202.46.251.226" addrtype="ipv4"/><ports><port protocol="tcp" portid="5060"><state state="open" reason="syn-ack" reason_ttl="51"/></port></ports></host>
<host endtime="1733442336"><address addr="193.98.229.211" addrtype="ipv4"/><ports><port protocol="tcp" portid="5060"><state state="open" reason="syn-ack" reason_ttl="48"/></port></ports></host>
<host endtime="1733442342"><address addr="199.201.236.173" addrtype="ipv4"/><ports><port protocol="tcp" portid="5060"><state state="open" reason="syn-ack" reason_ttl="47"/></port></ports></host>
<host endtime="1733442343"><address addr="202.46.13.209" addrtype="ipv4"/><ports><port protocol="tcp" portid="5060"><state state="open" reason="syn-ack" reason_ttl="51"/></port></ports></host>
<host endtime="1733442344"><address addr="202.46.241.207" addrtype="ipv4"/><ports><port protocol="tcp" portid="5060"><state state="open" reason="syn-ack" reason_ttl="51"/></port></ports></host>
<host endtime="1733442344"><address addr="202.46.0.75" addrtype="ipv4"/><ports><port protocol="tcp" portid="5060"><state state="open" reason="syn-ack" reason_ttl="51"/></port></ports></host>
<host endtime="1733442345"><address addr="202.46.242.88" addrtype="ipv4"/><ports><port protocol="tcp" portid="5060"><state state="open" reason="syn-ack" reason_ttl="51"/></port></ports></host>
<host endtime="1733442345"><address addr="202.46.0.76" addrtype="ipv4"/><ports><port protocol="tcp" portid="5060"><state state="open" reason="syn-ack" reason_ttl="51"/></port></ports></host>
<host endtime="1733442349"><address addr="202.46.15.89" addrtype="ipv4"/><ports><port protocol="tcp" portid="5060"><state state="open" reason="syn-ack" reason_ttl="51"/></port></ports></host>
<host endtime="1733442350"><address addr="103.224.214.226" addrtype="ipv4"/><ports><port protocol="tcp" portid="5060"><state state="open" reason="syn-ack" reason_ttl="48"/></port></ports></host>
<host endtime="1733442351"><address addr="202.46.6.74" addrtype="ipv4"/><ports><port protocol="tcp" portid="5060"><state state="open" reason="syn-ack" reason_ttl="51"/></port></ports></host>
<host endtime="1733442353"><address addr="199.201.236.76" addrtype="ipv4"/><ports><port protocol="tcp" portid="5060"><state state="open" reason="syn-ack" reason_ttl="47"/></port></ports></host>
<host endtime="1733442355"><address addr="202.46.255.29" addrtype="ipv4"/><ports><port protocol="tcp" portid="5060"><state state="open" reason="syn-ack" reason_ttl="51"/></port></ports></host>
<host endtime="1733442357"><address addr="193.98.229.231" addrtype="ipv4"/><ports><port protocol="tcp" portid="5060"><state state="open" reason="syn-ack" reason_ttl="49"/></port></ports></host>
<host endtime="1733442359"><address addr="103.110.62.39" addrtype="ipv4"/><ports><port protocol="tcp" portid="5061"><state state="open" reason="syn-ack" reason_ttl="241"/></port></ports></host>
<host endtime="1733442361"><address addr="202.46.7.79" addrtype="ipv4"/><ports><port protocol="tcp" portid="5060"><state state="open" reason="syn-ack" reason_ttl="51"/></port></ports></host>
<host endtime="1733442366"><address addr="202.46.246.226" addrtype="ipv4"/><ports><port protocol="tcp" portid="5060"><state state="open" reason="syn-ack" reason_ttl="50"/></port></ports></host>
<host endtime="1733442366"><address addr="193.98.229.53" addrtype="ipv4"/><ports><port protocol="tcp" portid="5060"><state state="open" reason="syn-ack" reason_ttl="48"/></port></ports></host>
<host endtime="1733442367"><address addr="202.46.4.121" addrtype="ipv4"/><ports><port protocol="tcp" portid="5060"><state state="open" reason="syn-ack" reason_ttl="51"/></port></ports></host>
<host endtime="1733442367"><address addr="103.177.50.80" addrtype="ipv4"/><ports><port protocol="tcp" portid="5060"><state state="open" reason="syn-ack" reason_ttl="57"/></port></ports></host>
<host endtime="1733442368"><address addr="202.46.242.243" addrtype="ipv4"/><ports><port protocol="tcp" portid="5060"><state state="open" reason="syn-ack" reason_ttl="51"/></port></ports></host>
<host endtime="1733442369"><address addr="202.46.11.38" addrtype="ipv4"/><ports><port protocol="tcp" portid="5060"><state state="open" reason="syn-ack" reason_ttl="50"/></port></ports></host>
<host endtime="1733442371"><address addr="202.46.13.37" addrtype="ipv4"/><ports><port protocol="tcp" portid="5060"><state state="open" reason="syn-ack" reason_ttl="51"/></port></ports></host>
<host endtime="1733442372"><address addr="199.123.25.71" addrtype="ipv4"/><ports><port protocol="tcp" portid="5060"><state state="open" reason="syn-ack" reason_ttl="229"/></port></ports></host>
<host endtime="1733442373"><address addr="202.46.240.33" addrtype="ipv4"/><ports><port protocol="tcp" portid="5060"><state state="open" reason="syn-ack" reason_ttl="51"/></port></ports></host>
<host endtime="1733442374"><address addr="103.224.214.196" addrtype="ipv4"/><ports><port protocol="tcp" portid="5060"><state state="open" reason="syn-ack" reason_ttl="48"/></port></ports></host>
<host endtime="1733442376"><address addr="202.46.12.182" addrtype="ipv4"/><ports><port protocol="tcp" portid="5060"><state state="open" reason="syn-ack" reason_ttl="50"/></port></ports></host>
<host endtime="1733442379"><address addr="202.46.241.42" addrtype="ipv4"/><ports><port protocol="tcp" portid="5060"><state state="open" reason="syn-ack" reason_ttl="51"/></port></ports></host>
<host endtime="1733442380"><address addr="202.46.12.59" addrtype="ipv4"/><ports><port protocol="tcp" portid="5060"><state state="open" reason="syn-ack" reason_ttl="51"/></port></ports></host>
<host endtime="1733442381"><address addr="202.46.247.71" addrtype="ipv4"/><ports><port protocol="tcp" portid="5060"><state state="open" reason="syn-ack" reason_ttl="51"/></port></ports></host>
<host endtime="1733442382"><address addr="202.46.6.119" addrtype="ipv4"/><ports><port protocol="tcp" portid="5060"><state state="open" reason="syn-ack" reason_ttl="50"/></port></ports></host>
<host endtime="1733442383"><address addr="103.83.18.23" addrtype="ipv4"/><ports><port protocol="tcp" portid="5060"><state state="open" reason="syn-ack" reason_ttl="48"/></port></ports></host>
<host endtime="1733442386"><address addr="202.46.244.161" addrtype="ipv4"/><ports><port protocol="tcp" portid="5060"><state state="open" reason="syn-ack" reason_ttl="51"/></port></ports></host>
<host endtime="1733442386"><address addr="202.46.10.109" addrtype="ipv4"/><ports><port protocol="tcp" portid="5060"><state state="open" reason="syn-ack" reason_ttl="51"/></port></ports></host>
<host endtime="1733442391"><address addr="202.46.249.215" addrtype="ipv4"/><ports><port protocol="tcp" portid="5060"><state state="open" reason="syn-ack" reason_ttl="50"/></port></ports></host>
<host endtime="1733442392"><address addr="202.46.10.166" addrtype="ipv4"/><ports><port protocol="tcp" portid="5060"><state state="open" reason="syn-ack" reason_ttl="50"/></port></ports></host>
<host endtime="1733442393"><address addr="199.123.27.114" addrtype="ipv4"/><ports><port protocol="tcp" portid="5060"><state state="open" reason="syn-ack" reason_ttl="229"/></port></ports></host>
<host endtime="1733442396"><address addr="202.46.241.244" addrtype="ipv4"/><ports><port protocol="tcp" portid="5060"><state state="open" reason="syn-ack" reason_ttl="51"/></port></ports></host>
<host endtime="1733442398"><address addr="193.98.229.238" addrtype="ipv4"/><ports><port protocol="tcp" portid="5060"><state state="open" reason="syn-ack" reason_ttl="47"/></port></ports></host>
<host endtime="1733442399"><address addr="202.46.248.221" addrtype="ipv4"/><ports><port protocol="tcp" portid="5060"><state state="open" reason="syn-ack" reason_ttl="51"/></port></ports></host>
<host endtime="1733442402"><address addr="103.83.19.218" addrtype="ipv4"/><ports><port protocol="tcp" portid="5060"><state state="open" reason="syn-ack" reason_ttl="48"/></port></ports></host>
<host endtime="1733442403"><address addr="202.46.1.14" addrtype="ipv4"/><ports><port protocol="tcp" portid="5060"><state state="open" reason="syn-ack" reason_ttl="51"/></port></ports></host>
<host endtime="1733442406"><address addr="202.46.246.2" addrtype="ipv4"/><ports><port protocol="tcp" portid="5060"><state state="open" reason="syn-ack" reason_ttl="50"/></port></ports></host>
<host endtime="1733442407"><address addr="202.46.1.6" addrtype="ipv4"/><ports><port protocol="tcp" portid="5060"><state state="open" reason="syn-ack" reason_ttl="51"/></port></ports></host>
<host endtime="1733442413"><address addr="202.46.12.168" addrtype="ipv4"/><ports><port protocol="tcp" portid="5060"><state state="open" reason="syn-ack" reason_ttl="51"/></port></ports></host>
<host endtime="1733442413"><address addr="193.103.200.5" addrtype="ipv4"/><ports><port protocol="tcp" portid="5060"><state state="open" reason="syn-ack" reason_ttl="54"/></port></ports></host>
<host endtime="1733442416"><address addr="202.46.240.203" addrtype="ipv4"/><ports><port protocol="tcp" portid="5060"><state state="open" reason="syn-ack" reason_ttl="51"/></port></ports></host>
<host endtime="1733442420"><address addr="202.46.249.182" addrtype="ipv4"/><ports><port protocol="tcp" portid="5060"><state state="open" reason="syn-ack" reason_ttl="50"/></port></ports></host>
<host endtime="1733442422"><address addr="202.46.5.200" addrtype="ipv4"/><ports><port protocol="tcp" portid="5060"><state state="open" reason="syn-ack" reason_ttl="51"/></port></ports></host>
<host endtime="1733442424"><address addr="202.46.9.211" addrtype="ipv4"/><ports><port protocol="tcp" portid="5060"><state state="open" reason="syn-ack" reason_ttl="51"/></port></ports></host>
<host endtime="1733442425"><address addr="202.46.12.156" addrtype="ipv4"/><ports><port protocol="tcp" portid="5060"><state state="open" reason="syn-ack" reason_ttl="51"/></port></ports></host>
<host endtime="1733442426"><address addr="202.46.4.245" addrtype="ipv4"/><ports><port protocol="tcp" portid="5060"><state state="open" reason="syn-ack" reason_ttl="51"/></port></ports></host>
<host endtime="1733442427"><address addr="103.224.215.191" addrtype="ipv4"/><ports><port protocol="tcp" portid="5060"><state state="open" reason="syn-ack" reason_ttl="48"/></port></ports></host>
<host endtime="1733442429"><address addr="202.46.3.198" addrtype="ipv4"/><ports><port protocol="tcp" portid="5060"><state state="open" reason="syn-ack" reason_ttl="51"/></port></ports></host>
<host endtime="1733442431"><address addr="202.46.241.113" addrtype="ipv4"/><ports><port protocol="tcp" portid="5060"><state state="open" reason="syn-ack" reason_ttl="51"/></port></ports></host>
<host endtime="1733442431"><address addr="199.201.237.251" addrtype="ipv4"/><ports><port protocol="tcp" portid="5060"><state state="open" reason="syn-ack" reason_ttl="47"/></port></ports></host>
<host endtime="1733442432"><address addr="202.46.245.193" addrtype="ipv4"/><ports><port protocol="tcp" portid="5060"><state state="open" reason="syn-ack" reason_ttl="50"/></port></ports></host>
<host endtime="1733442433"><address addr="66.43.88.45" addrtype="ipv4"/><ports><port protocol="tcp" portid="5061"><state state="open" reason="syn-ack" reason_ttl="48"/></port></ports></host>
<host endtime="1733442433"><address addr="202.46.4.76" addrtype="ipv4"/><ports><port protocol="tcp" portid="5060"><state state="open" reason="syn-ack" reason_ttl="51"/></port></ports></host>
<host endtime="1733442433"><address addr="202.46.254.254" addrtype="ipv4"/><ports><port protocol="tcp" portid="5060"><state state="open" reason="syn-ack" reason_ttl="51"/></port></ports></host>
<host endtime="1733442434"><address addr="193.98.229.147" addrtype="ipv4"/><ports><port protocol="tcp" portid="5061"><state state="open" reason="syn-ack" reason_ttl="47"/></port></ports></host>
<host endtime="1733442437"><address addr="202.46.4.37" addrtype="ipv4"/><ports><port protocol="tcp" portid="5060"><state state="open" reason="syn-ack" reason_ttl="50"/></port></ports></host>
<host endtime="1733442437"><address addr="202.46.252.193" addrtype="ipv4"/><ports><port protocol="tcp" portid="5060"><state state="open" reason="syn-ack" reason_ttl="51"/></port></ports></host>
<host endtime="1733442438"><address addr="202.46.250.148" addrtype="ipv4"/><ports><port protocol="tcp" portid="5060"><state state="open" reason="syn-ack" reason_ttl="51"/></port></ports></host>
<host endtime="1733442438"><address addr="103.83.18.101" addrtype="ipv4"/><ports><port protocol="tcp" portid="5060"><state state="open" reason="syn-ack" reason_ttl="48"/></port></ports></host>
<host endtime="1733442439"><address addr="202.46.254.18" addrtype="ipv4"/><ports><port protocol="tcp" portid="5060"><state state="open" reason="syn-ack" reason_ttl="50"/></port></ports></host>
<host endtime="1733442440"><address addr="193.103.200.184" addrtype="ipv4"/><ports><port protocol="tcp" portid="5060"><state state="open" reason="syn-ack" reason_ttl="52"/></port></ports></host>
<host endtime="1733442441"><address addr="202.46.7.51" addrtype="ipv4"/><ports><port protocol="tcp" portid="5060"><state state="open" reason="syn-ack" reason_ttl="51"/></port></ports></host>
<host endtime="1733442442"><address addr="199.201.237.198" addrtype="ipv4"/><ports><port protocol="tcp" portid="5060"><state state="open" reason="syn-ack" reason_ttl="47"/></port></ports></host>
<host endtime="1733442448"><address addr="199.123.26.13" addrtype="ipv4"/><ports><port protocol="tcp" portid="5060"><state state="open" reason="syn-ack" reason_ttl="229"/></port></ports></host>
<host endtime="1733442450"><address addr="202.46.252.171" addrtype="ipv4"/><ports><port protocol="tcp" portid="5060"><state state="open" reason="syn-ack" reason_ttl="51"/></port></ports></host>
<host endtime="1733442451"><address addr="202.46.9.31" addrtype="ipv4"/><ports><port protocol="tcp" portid="5060"><state state="open" reason="syn-ack" reason_ttl="51"/></port></ports></host>
<host endtime="1733442451"><address addr="202.46.250.114" addrtype="ipv4"/><ports><port protocol="tcp" portid="5060"><state state="open" reason="syn-ack" reason_ttl="50"/></port></ports></host>
<host endtime="1733442457"><address addr="193.98.229.94" addrtype="ipv4"/><ports><port protocol="tcp" portid="5061"><state state="open" reason="syn-ack" reason_ttl="47"/></port></ports></host>
<host endtime="1733442459"><address addr="199.123.24.165" addrtype="ipv4"/><ports><port protocol="tcp" portid="5060"><state state="open" reason="syn-ack" reason_ttl="229"/></port></ports></host>
<host endtime="1733442461"><address addr="199.123.26.143" addrtype="ipv4"/><ports><port protocol="tcp" portid="5060"><state state="open" reason="syn-ack" reason_ttl="229"/></port></ports></host>
<host endtime="1733442462"><address addr="202.46.14.231" addrtype="ipv4"/><ports><port protocol="tcp" portid="5060"><state state="open" reason="syn-ack" reason_ttl="50"/></port></ports></host>
<host endtime="1733442464"><address addr="202.46.240.44" addrtype="ipv4"/><ports><port protocol="tcp" portid="5060"><state state="open" reason="syn-ack" reason_ttl="50"/></port></ports></host>
<host endtime="1733442467"><address addr="199.201.236.187" addrtype="ipv4"/><ports><port protocol="tcp" portid="5060"><state state="open" reason="syn-ack" reason_ttl="47"/></port></ports></host>
<host endtime="1733442467"><address addr="202.46.10.156" addrtype="ipv4"/><ports><port protocol="tcp" portid="5060"><state state="open" reason="syn-ack" reason_ttl="50"/></port></ports></host>
<host endtime="1733442467"><address addr="202.46.2.162" addrtype="ipv4"/><ports><port protocol="tcp" portid="5060"><state state="open" reason="syn-ack" reason_ttl="51"/></port></ports></host>
<host endtime="1733442468"><address addr="202.46.249.147" addrtype="ipv4"/><ports><port protocol="tcp" portid="5060"><state state="open" reason="syn-ack" reason_ttl="51"/></port></ports></host>
<host endtime="1733442469"><address addr="199.123.25.141" addrtype="ipv4"/><ports><port protocol="tcp" portid="5060"><state state="open" reason="syn-ack" reason_ttl="229"/></port></ports></host>
<host endtime="1733442469"><address addr="103.224.214.193" addrtype="ipv4"/><ports><port protocol="tcp" portid="5060"><state state="open" reason="syn-ack" reason_ttl="48"/></port></ports></host>
<host endtime="1733442478"><address addr="202.46.246.51" addrtype="ipv4"/><ports><port protocol="tcp" portid="5060"><state state="open" reason="syn-ack" reason_ttl="50"/></port></ports></host>
<host endtime="1733442481"><address addr="202.46.4.93" addrtype="ipv4"/><ports><port protocol="tcp" portid="5060"><state state="open" reason="syn-ack" reason_ttl="51"/></port></ports></host>
<host endtime="1733442484"><address addr="202.46.9.99" addrtype="ipv4"/><ports><port protocol="tcp" portid="5060"><state state="open" reason="syn-ack" reason_ttl="50"/></port></ports></host>
<host endtime="1733442484"><address addr="202.46.249.48" addrtype="ipv4"/><ports><port protocol="tcp" portid="5060"><state state="open" reason="syn-ack" reason_ttl="50"/></port></ports></host>
<host endtime="1733442485"><address addr="202.46.3.248" addrtype="ipv4"/><ports><port protocol="tcp" portid="5060"><state state="open" reason="syn-ack" reason_ttl="50"/></port></ports></host>
<host endtime="1733442485"><address addr="103.83.18.134" addrtype="ipv4"/><ports><port protocol="tcp" portid="5060"><state state="open" reason="syn-ack" reason_ttl="48"/></port></ports></host>
<host endtime="1733442487"><address addr="199.201.237.138" addrtype="ipv4"/><ports><port protocol="tcp" portid="5060"><state state="open" reason="syn-ack" reason_ttl="47"/></port></ports></host>
<host endtime="1733442488"><address addr="202.46.4.239" addrtype="ipv4"/><ports><port protocol="tcp" portid="5060"><state state="open" reason="syn-ack" reason_ttl="51"/></port></ports></host>
<host endtime="1733442488"><address addr="202.46.3.207" addrtype="ipv4"/><ports><port protocol="tcp" portid="5060"><state state="open" reason="syn-ack" reason_ttl="50"/></port></ports></host>
<host endtime="1733442489"><address addr="202.46.247.78" addrtype="ipv4"/><ports><port protocol="tcp" portid="5060"><state state="open" reason="syn-ack" reason_ttl="51"/></port></ports></host>
<host endtime="1733442492"><address addr="199.201.236.12" addrtype="ipv4"/><ports><port protocol="tcp" portid="5060"><state state="open" reason="syn-ack" reason_ttl="47"/></port></ports></host>
<host endtime="1733442497"><address addr="202.46.1.64" addrtype="ipv4"/><ports><port protocol="tcp" portid="5060"><state state="open" reason="syn-ack" reason_ttl="51"/></port></ports></host>
<host endtime="1733442498"><address addr="202.46.7.88" addrtype="ipv4"/><ports><port protocol="tcp" portid="5060"><state state="open" reason="syn-ack" reason_ttl="51"/></port></ports></host>
<host endtime="1733442500"><address addr="199.123.27.186" addrtype="ipv4"/><ports><port protocol="tcp" portid="5060"><state state="open" reason="syn-ack" reason_ttl="229"/></port></ports></host>
<host endtime="1733442500"><address addr="199.123.25.111" addrtype="ipv4"/><ports><port protocol="tcp" portid="5060"><state state="open" reason="syn-ack" reason_ttl="229"/></port></ports></host>
<host endtime="1733442506"><address addr="202.46.1.68" addrtype="ipv4"/><ports><port protocol="tcp" portid="5060"><state state="open" reason="syn-ack" reason_ttl="51"/></port></ports></host>
<host endtime="1733442507"><address addr="202.46.242.49" addrtype="ipv4"/><ports><port protocol="tcp" portid="5060"><state state="open" reason="syn-ack" reason_ttl="51"/></port></ports></host>
<host endtime="1733442509"><address addr="202.46.7.173" addrtype="ipv4"/><ports><port protocol="tcp" portid="5060"><state state="open" reason="syn-ack" reason_ttl="51"/></port></ports></host>
<host endtime="1733442512"><address addr="202.46.243.47" addrtype="ipv4"/><ports><port protocol="tcp" portid="5060"><state state="open" reason="syn-ack" reason_ttl="51"/></port></ports></host>
<host endtime="1733442512"><address addr="103.224.215.52" addrtype="ipv4"/><ports><port protocol="tcp" portid="5060"><state state="open" reason="syn-ack" reason_ttl="48"/></port></ports></host>
<host endtime="1733442513"><address addr="202.46.244.154" addrtype="ipv4"/><ports><port protocol="tcp" portid="5060"><state state="open" reason="syn-ack" reason_ttl="51"/></port></ports></host>
<host endtime="1733442517"><address addr="202.46.12.8" addrtype="ipv4"/><ports><port protocol="tcp" portid="5060"><state state="open" reason="syn-ack" reason_ttl="51"/></port></ports></host>
<host endtime="1733442526"><address addr="199.123.26.205" addrtype="ipv4"/><ports><port protocol="tcp" portid="5060"><state state="open" reason="syn-ack" reason_ttl="229"/></port></ports></host>
<host endtime="1733442526"><address addr="202.46.254.191" addrtype="ipv4"/><ports><port protocol="tcp" portid="5060"><state state="open" reason="syn-ack" reason_ttl="50"/></port></ports></host>
<host endtime="1733442527"><address addr="202.46.12.50" addrtype="ipv4"/><ports><port protocol="tcp" portid="5060"><state state="open" reason="syn-ack" reason_ttl="51"/></port></ports></host>
<host endtime="1733442527"><address addr="193.103.200.128" addrtype="ipv4"/><ports><port protocol="tcp" portid="5060"><state state="open" reason="syn-ack" reason_ttl="52"/></port></ports></host>
<host endtime="1733442528"><address addr="202.46.246.104" addrtype="ipv4"/><ports><port protocol="tcp" portid="5060"><state state="open" reason="syn-ack" reason_ttl="50"/></port></ports></host>
<host endtime="1733442529"><address addr="202.46.8.130" addrtype="ipv4"/><ports><port protocol="tcp" portid="5060"><state state="open" reason="syn-ack" reason_ttl="51"/></port></ports></host>
<host endtime="1733442529"><address addr="202.46.3.144" addrtype="ipv4"/><ports><port protocol="tcp" portid="5060"><state state="open" reason="syn-ack" reason_ttl="51"/></port></ports></host>
<host endtime="1733442530"><address addr="199.123.25.207" addrtype="ipv4"/><ports><port protocol="tcp" portid="5060"><state state="open" reason="syn-ack" reason_ttl="229"/></port></ports></host>
<host endtime="1733442531"><address addr="202.46.3.56" addrtype="ipv4"/><ports><port protocol="tcp" portid="5060"><state state="open" reason="syn-ack" reason_ttl="51"/></port></ports></host>
<host endtime="1733442533"><address addr="202.46.4.229" addrtype="ipv4"/><ports><port protocol="tcp" portid="5060"><state state="open" reason="syn-ack" reason_ttl="51"/></port></ports></host>
<host endtime="1733442533"><address addr="199.201.236.147" addrtype="ipv4"/><ports><port protocol="tcp" portid="5060"><state state="open" reason="syn-ack" reason_ttl="47"/></port></ports></host>
<host endtime="1733442534"><address addr="202.46.15.155" addrtype="ipv4"/><ports><port protocol="tcp" portid="5061"><state state="open" reason="syn-ack" reason_ttl="50"/></port></ports></host>
<host endtime="1733442536"><address addr="202.46.242.161" addrtype="ipv4"/><ports><port protocol="tcp" portid="5060"><state state="open" reason="syn-ack" reason_ttl="51"/></port></ports></host>
<host endtime="1733442536"><address addr="202.46.243.135" addrtype="ipv4"/><ports><port protocol="tcp" portid="5060"><state state="open" reason="syn-ack" reason_ttl="50"/></port></ports></host>
<host endtime="1733442536"><address addr="202.46.15.65" addrtype="ipv4"/><ports><port protocol="tcp" portid="5060"><state state="open" reason="syn-ack" reason_ttl="50"/></port></ports></host>
<host endtime="1733442536"><address addr="202.46.1.165" addrtype="ipv4"/><ports><port protocol="tcp" portid="5060"><state state="open" reason="syn-ack" reason_ttl="50"/></port></ports></host>
<host endtime="1733442537"><address addr="199.123.25.98" addrtype="ipv4"/><ports><port protocol="tcp" portid="5060"><state state="open" reason="syn-ack" reason_ttl="229"/></port></ports></host>
<host endtime="1733442537"><address addr="202.46.4.195" addrtype="ipv4"/><ports><port protocol="tcp" portid="5060"><state state="open" reason="syn-ack" reason_ttl="50"/></port></ports></host>
<host endtime="1733442538"><address addr="103.83.19.34" addrtype="ipv4"/><ports><port protocol="tcp" portid="5060"><state state="open" reason="syn-ack" reason_ttl="48"/></port></ports></host>
<host endtime="1733442542"><address addr="202.46.12.63" addrtype="ipv4"/><ports><port protocol="tcp" portid="5060"><state state="open" reason="syn-ack" reason_ttl="51"/></port></ports></host>
<host endtime="1733442543"><address addr="202.46.240.65" addrtype="ipv4"/><ports><port protocol="tcp" portid="5060"><state state="open" reason="syn-ack" reason_ttl="50"/></port></ports></host>
<host endtime="1733442544"><address addr="202.46.12.97" addrtype="ipv4"/><ports><port protocol="tcp" portid="5060"><state state="open" reason="syn-ack" reason_ttl="51"/></port></ports></host>
<host endtime="1733442548"><address addr="193.98.229.61" addrtype="ipv4"/><ports><port protocol="tcp" portid="5061"><state state="open" reason="syn-ack" reason_ttl="44"/></port></ports></host>
<host endtime="1733442552"><address addr="202.46.2.184" addrtype="ipv4"/><ports><port protocol="tcp" portid="5060"><state state="open" reason="syn-ack" reason_ttl="50"/></port></ports></host>
<host endtime="1733442555"><address addr="202.46.248.75" addrtype="ipv4"/><ports><port protocol="tcp" portid="5060"><state state="open" reason="syn-ack" reason_ttl="51"/></port></ports></host>
<host endtime="1733442559"><address addr="202.46.251.194" addrtype="ipv4"/><ports><port protocol="tcp" portid="5060"><state state="open" reason="syn-ack" reason_ttl="51"/></port></ports></host>
<host endtime="1733442562"><address addr="199.123.26.171" addrtype="ipv4"/><ports><port protocol="tcp" portid="5060"><state state="open" reason="syn-ack" reason_ttl="229"/></port></ports></host>
<host endtime="1733442564"><address addr="202.46.11.210" addrtype="ipv4"/><ports><port protocol="tcp" portid="5060"><state state="open" reason="syn-ack" reason_ttl="51"/></port></ports></host>
<host endtime="1733442565"><address addr="202.46.4.131" addrtype="ipv4"/><ports><port protocol="tcp" portid="5060"><state state="open" reason="syn-ack" reason_ttl="51"/></port></ports></host>
<host endtime="1733442565"><address addr="199.123.24.161" addrtype="ipv4"/><ports><port protocol="tcp" portid="5060"><state state="open" reason="syn-ack" reason_ttl="229"/></port></ports></host>
<host endtime="1733442565"><address addr="202.46.14.143" addrtype="ipv4"/><ports><port protocol="tcp" portid="5060"><state state="open" reason="syn-ack" reason_ttl="51"/></port></ports></host>
<host endtime="1733442565"><address addr="202.46.1.88" addrtype="ipv4"/><ports><port protocol="tcp" portid="5060"><state state="open" reason="syn-ack" reason_ttl="51"/></port></ports></host>
<host endtime="1733442566"><address addr="103.83.18.182" addrtype="ipv4"/><ports><port protocol="tcp" portid="5060"><state state="open" reason="syn-ack" reason_ttl="48"/></port></ports></host>
<host endtime="1733442567"><address addr="202.46.5.167" addrtype="ipv4"/><ports><port protocol="tcp" portid="5060"><state state="open" reason="syn-ack" reason_ttl="50"/></port></ports></host>
<host endtime="1733442575"><address addr="202.46.254.114" addrtype="ipv4"/><ports><port protocol="tcp" portid="5060"><state state="open" reason="syn-ack" reason_ttl="51"/></port></ports></host>
<host endtime="1733442576"><address addr="193.101.132.6" addrtype="ipv4"/><ports><port protocol="tcp" portid="5060"><state state="open" reason="syn-ack" reason_ttl="42"/></port></ports></host>
<host endtime="1733442585"><address addr="199.123.27.228" addrtype="ipv4"/><ports><port protocol="tcp" portid="5060"><state state="open" reason="syn-ack" reason_ttl="229"/></port></ports></host>
<host endtime="1733442587"><address addr="103.224.214.152" addrtype="ipv4"/><ports><port protocol="tcp" portid="5060"><state state="open" reason="syn-ack" reason_ttl="48"/></port></ports></host>
<host endtime="1733442587"><address addr="202.46.11.83" addrtype="ipv4"/><ports><port protocol="tcp" portid="5060"><state state="open" reason="syn-ack" reason_ttl="51"/></port></ports></host>
<host endtime="1733442594"><address addr="202.46.9.5" addrtype="ipv4"/><ports><port protocol="tcp" portid="5060"><state state="open" reason="syn-ack" reason_ttl="51"/></port></ports></host>
<host endtime="1733442595"><address addr="199.201.236.208" addrtype="ipv4"/><ports><port protocol="tcp" portid="5060"><state state="open" reason="syn-ack" reason_ttl="47"/></port></ports></host>
<host endtime="1733442598"><address addr="199.123.26.74" addrtype="ipv4"/><ports><port protocol="tcp" portid="5060"><state state="open" reason="syn-ack" reason_ttl="229"/></port></ports></host>
<host endtime="1733442598"><address addr="202.46.5.47" addrtype="ipv4"/><ports><port protocol="tcp" portid="5060"><state state="open" reason="syn-ack" reason_ttl="50"/></port></ports></host>
<host endtime="1733442600"><address addr="199.123.26.28" addrtype="ipv4"/><ports><port protocol="tcp" portid="5060"><state state="open" reason="syn-ack" reason_ttl="229"/></port></ports></host>
<host endtime="1733442603"><address addr="202.46.249.177" addrtype="ipv4"/><ports><port protocol="tcp" portid="5060"><state state="open" reason="syn-ack" reason_ttl="51"/></port></ports></host>
<host endtime="1733442605"><address addr="103.83.19.10" addrtype="ipv4"/><ports><port protocol="tcp" portid="5060"><state state="open" reason="syn-ack" reason_ttl="48"/></port></ports></host>
<host endtime="1733442605"><address addr="202.46.12.91" addrtype="ipv4"/><ports><port protocol="tcp" portid="5060"><state state="open" reason="syn-ack" reason_ttl="50"/></port></ports></host>
<host endtime="1733442606"><address addr="202.46.241.208" addrtype="ipv4"/><ports><port protocol="tcp" portid="5060"><state state="open" reason="syn-ack" reason_ttl="51"/></port></ports></host>
<host endtime="1733442606"><address addr="202.46.8.108" addrtype="ipv4"/><ports><port protocol="tcp" portid="5060"><state state="open" reason="syn-ack" reason_ttl="50"/></port></ports></host>
<host endtime="1733442608"><address addr="199.123.27.115" addrtype="ipv4"/><ports><port protocol="tcp" portid="5060"><state state="open" reason="syn-ack" reason_ttl="229"/></port></ports></host>
<host endtime="1733442608"><address addr="202.46.245.125" addrtype="ipv4"/><ports><port protocol="tcp" portid="5060"><state state="open" reason="syn-ack" reason_ttl="51"/></port></ports></host>
<host endtime="1733442609"><address addr="193.98.229.210" addrtype="ipv4"/><ports><port protocol="tcp" portid="5061"><state state="open" reason="syn-ack" reason_ttl="49"/></port></ports></host>
<host endtime="1733442610"><address addr="202.46.252.101" addrtype="ipv4"/><ports><port protocol="tcp" portid="5060"><state state="open" reason="syn-ack" reason_ttl="51"/></port></ports></host>
<host endtime="1733442611"><address addr="202.46.253.222" addrtype="ipv4"/><ports><port protocol="tcp" portid="5060"><state state="open" reason="syn-ack" reason_ttl="51"/></port></ports></host>
<host endtime="1733442611"><address addr="202.46.1.83" addrtype="ipv4"/><ports><port protocol="tcp" portid="5060"><state state="open" reason="syn-ack" reason_ttl="50"/></port></ports></host>
<host endtime="1733442613"><address addr="202.46.241.4" addrtype="ipv4"/><ports><port protocol="tcp" portid="5060"><state state="open" reason="syn-ack" reason_ttl="51"/></port></ports></host>
<host endtime="1733442614"><address addr="202.46.247.22" addrtype="ipv4"/><ports><port protocol="tcp" portid="5060"><state state="open" reason="syn-ack" reason_ttl="51"/></port></ports></host>
<host endtime="1733442616"><address addr="202.46.243.225" addrtype="ipv4"/><ports><port protocol="tcp" portid="5060"><state state="open" reason="syn-ack" reason_ttl="50"/></port></ports></host>
<host endtime="1733442618"><address addr="202.46.7.243" addrtype="ipv4"/><ports><port protocol="tcp" portid="5060"><state state="open" reason="syn-ack" reason_ttl="50"/></port></ports></host>
<host endtime="1733442620"><address addr="202.46.11.50" addrtype="ipv4"/><ports><port protocol="tcp" portid="5060"><state state="open" reason="syn-ack" reason_ttl="51"/></port></ports></host>
<host endtime="1733442621"><address addr="103.224.215.16" addrtype="ipv4"/><ports><port protocol="tcp" portid="5060"><state state="open" reason="syn-ack" reason_ttl="48"/></port></ports></host>
<host endtime="1733442623"><address addr="202.46.10.203" addrtype="ipv4"/><ports><port protocol="tcp" portid="5060"><state state="open" reason="syn-ack" reason_ttl="50"/></port></ports></host>
<host endtime="1733442625"><address addr="202.46.246.74" addrtype="ipv4"/><ports><port protocol="tcp" portid="5060"><state state="open" reason="syn-ack" reason_ttl="51"/></port></ports></host>
<host endtime="1733442627"><address addr="202.46.247.19" addrtype="ipv4"/><ports><port protocol="tcp" portid="5060"><state state="open" reason="syn-ack" reason_ttl="51"/></port></ports></host>
<host endtime="1733442628"><address addr="103.224.215.3" addrtype="ipv4"/><ports><port protocol="tcp" portid="5060"><state state="open" reason="syn-ack" reason_ttl="48"/></port></ports></host>
<host endtime="1733442629"><address addr="202.46.245.214" addrtype="ipv4"/><ports><port protocol="tcp" portid="5060"><state state="open" reason="syn-ack" reason_ttl="51"/></port></ports></host>
<host endtime="1733442630"><address addr="202.46.8.84" addrtype="ipv4"/><ports><port protocol="tcp" portid="5060"><state state="open" reason="syn-ack" reason_ttl="51"/></port></ports></host>
<host endtime="1733442630"><address addr="202.46.251.57" addrtype="ipv4"/><ports><port protocol="tcp" portid="5060"><state state="open" reason="syn-ack" reason_ttl="50"/></port></ports></host>
<host endtime="1733442631"><address addr="193.98.229.64" addrtype="ipv4"/><ports><port protocol="tcp" portid="5060"><state state="open" reason="syn-ack" reason_ttl="49"/></port></ports></host>
<host endtime="1733442632"><address addr="202.46.254.223" addrtype="ipv4"/><ports><port protocol="tcp" portid="5060"><state state="open" reason="syn-ack" reason_ttl="51"/></port></ports></host>
<host endtime="1733442635"><address addr="202.46.249.136" addrtype="ipv4"/><ports><port protocol="tcp" portid="5060"><state state="open" reason="syn-ack" reason_ttl="51"/></port></ports></host>
<host endtime="1733442637"><address addr="199.123.25.110" addrtype="ipv4"/><ports><port protocol="tcp" portid="5060"><state state="open" reason="syn-ack" reason_ttl="229"/></port></ports></host>
<host endtime="1733442639"><address addr="202.46.241.153" addrtype="ipv4"/><ports><port protocol="tcp" portid="5060"><state state="open" reason="syn-ack" reason_ttl="51"/></port></ports></host>
<host endtime="1733442640"><address addr="202.46.12.30" addrtype="ipv4"/><ports><port protocol="tcp" portid="5060"><state state="open" reason="syn-ack" reason_ttl="50"/></port></ports></host>
<host endtime="1733442640"><address addr="202.46.245.180" addrtype="ipv4"/><ports><port protocol="tcp" portid="5060"><state state="open" reason="syn-ack" reason_ttl="51"/></port></ports></host>
<host endtime="1733442641"><address addr="202.46.248.150" addrtype="ipv4"/><ports><port protocol="tcp" portid="5060"><state state="open" reason="syn-ack" reason_ttl="50"/></port></ports></host>
<host endtime="1733442644"><address addr="202.46.6.224" addrtype="ipv4"/><ports><port protocol="tcp" portid="5060"><state state="open" reason="syn-ack" reason_ttl="51"/></port></ports></host>
<host endtime="1733442648"><address addr="202.46.2.201" addrtype="ipv4"/><ports><port protocol="tcp" portid="5060"><state state="open" reason="syn-ack" reason_ttl="51"/></port></ports></host>
<host endtime="1733442649"><address addr="202.46.246.61" addrtype="ipv4"/><ports><port protocol="tcp" portid="5060"><state state="open" reason="syn-ack" reason_ttl="51"/></port></ports></host>
<host endtime="1733442650"><address addr="202.46.252.107" addrtype="ipv4"/><ports><port protocol="tcp" portid="5060"><state state="open" reason="syn-ack" reason_ttl="51"/></port></ports></host>
<host endtime="1733442653"><address addr="199.123.25.206" addrtype="ipv4"/><ports><port protocol="tcp" portid="5060"><state state="open" reason="syn-ack" reason_ttl="229"/></port></ports></host>
<host endtime="1733442655"><address addr="202.46.4.179" addrtype="ipv4"/><ports><port protocol="tcp" portid="5060"><state state="open" reason="syn-ack" reason_ttl="51"/></port></ports></host>
<host endtime="1733442659"><address addr="202.46.254.150" addrtype="ipv4"/><ports><port protocol="tcp" portid="5060"><state state="open" reason="syn-ack" reason_ttl="51"/></port></ports></host>
<host endtime="1733442659"><address addr="202.46.11.143" addrtype="ipv4"/><ports><port protocol="tcp" portid="5060"><state state="open" reason="syn-ack" reason_ttl="51"/></port></ports></host>
<host endtime="1733442662"><address addr="202.46.242.47" addrtype="ipv4"/><ports><port protocol="tcp" portid="5060"><state state="open" reason="syn-ack" reason_ttl="50"/></port></ports></host>
<host endtime="1733442665"><address addr="202.46.12.51" addrtype="ipv4"/><ports><port protocol="tcp" portid="5060"><state state="open" reason="syn-ack" reason_ttl="51"/></port></ports></host>
<host endtime="1733442666"><address addr="202.46.240.193" addrtype="ipv4"/><ports><port protocol="tcp" portid="5060"><state state="open" reason="syn-ack" reason_ttl="50"/></port></ports></host>
<host endtime="1733442666"><address addr="202.46.249.38" addrtype="ipv4"/><ports><port protocol="tcp" portid="5060"><state state="open" reason="syn-ack" reason_ttl="51"/></port></ports></host>
<host endtime="1733442667"><address addr="202.46.248.29" addrtype="ipv4"/><ports><port protocol="tcp" portid="5060"><state state="open" reason="syn-ack" reason_ttl="51"/></port></ports></host>
<host endtime="1733442670"><address addr="193.103.200.92" addrtype="ipv4"/><ports><port protocol="tcp" portid="5060"><state state="open" reason="syn-ack" reason_ttl="54"/></port></ports></host>
<host endtime="1733442673"><address addr="202.46.245.199" addrtype="ipv4"/><ports><port protocol="tcp" portid="5060"><state state="open" reason="syn-ack" reason_ttl="50"/></port></ports></host>
<host endtime="1733442676"><address addr="202.46.241.35" addrtype="ipv4"/><ports><port protocol="tcp" portid="5060"><state state="open" reason="syn-ack" reason_ttl="51"/></port></ports></host>
<host endtime="1733442676"><address addr="202.46.15.75" addrtype="ipv4"/><ports><port protocol="tcp" portid="5060"><state state="open" reason="syn-ack" reason_ttl="51"/></port></ports></host>
<host endtime="1733442678"><address addr="202.46.14.198" addrtype="ipv4"/><ports><port protocol="tcp" portid="5060"><state state="open" reason="syn-ack" reason_ttl="51"/></port></ports></host>
<host endtime="1733442680"><address addr="202.46.253.67" addrtype="ipv4"/><ports><port protocol="tcp" portid="5060"><state state="open" reason="syn-ack" reason_ttl="51"/></port></ports></host>
<host endtime="1733442681"><address addr="202.46.2.96" addrtype="ipv4"/><ports><port protocol="tcp" portid="5060"><state state="open" reason="syn-ack" reason_ttl="51"/></port></ports></host>
<host endtime="1733442684"><address addr="202.46.245.233" addrtype="ipv4"/><ports><port protocol="tcp" portid="5060"><state state="open" reason="syn-ack" reason_ttl="51"/></port></ports></host>
<host endtime="1733442684"><address addr="199.123.25.168" addrtype="ipv4"/><ports><port protocol="tcp" portid="5060"><state state="open" reason="syn-ack" reason_ttl="229"/></port></ports></host>
<host endtime="1733442686"><address addr="202.46.11.103" addrtype="ipv4"/><ports><port protocol="tcp" portid="5060"><state state="open" reason="syn-ack" reason_ttl="51"/></port></ports></host>
<host endtime="1733442691"><address addr="202.46.251.33" addrtype="ipv4"/><ports><port protocol="tcp" portid="5060"><state state="open" reason="syn-ack" reason_ttl="50"/></port></ports></host>
<host endtime="1733442691"><address addr="202.46.250.39" addrtype="ipv4"/><ports><port protocol="tcp" portid="5060"><state state="open" reason="syn-ack" reason_ttl="50"/></port></ports></host>
<host endtime="1733442694"><address addr="202.46.244.52" addrtype="ipv4"/><ports><port protocol="tcp" portid="5060"><state state="open" reason="syn-ack" reason_ttl="51"/></port></ports></host>
<host endtime="1733442695"><address addr="202.46.255.132" addrtype="ipv4"/><ports><port protocol="tcp" portid="5060"><state state="open" reason="syn-ack" reason_ttl="50"/></port></ports></host>
<host endtime="1733442695"><address addr="202.46.255.203" addrtype="ipv4"/><ports><port protocol="tcp" portid="5060"><state state="open" reason="syn-ack" reason_ttl="51"/></port></ports></host>
<host endtime="1733442696"><address addr="202.46.250.249" addrtype="ipv4"/><ports><port protocol="tcp" portid="5060"><state state="open" reason="syn-ack" reason_ttl="51"/></port></ports></host>
<host endtime="1733442698"><address addr="202.46.240.195" addrtype="ipv4"/><ports><port protocol="tcp" portid="5060"><state state="open" reason="syn-ack" reason_ttl="51"/></port></ports></host>
<host endtime="1733442701"><address addr="103.110.62.118" addrtype="ipv4"/><ports><port protocol="tcp" portid="5061"><state state="open" reason="syn-ack" reason_ttl="242"/></port></ports></host>
<host endtime="1733442701"><address addr="202.46.252.247" addrtype="ipv4"/><ports><port protocol="tcp" portid="5060"><state state="open" reason="syn-ack" reason_ttl="50"/></port></ports></host>
<host endtime="1733442702"><address addr="196.195.253.112" addrtype="ipv4"/><ports><port protocol="tcp" portid="5060"><state state="open" reason="syn-ack" reason_ttl="53"/></port></ports></host>
<host endtime="1733442704"><address addr="202.46.246.144" addrtype="ipv4"/><ports><port protocol="tcp" portid="5060"><state state="open" reason="syn-ack" reason_ttl="51"/></port></ports></host>
<host endtime="1733442704"><address addr="193.98.229.192" addrtype="ipv4"/><ports><port protocol="tcp" portid="5061"><state state="open" reason="syn-ack" reason_ttl="44"/></port></ports></host>
<host endtime="1733442706"><address addr="202.46.247.11" addrtype="ipv4"/><ports><port protocol="tcp" portid="5060"><state state="open" reason="syn-ack" reason_ttl="51"/></port></ports></host>
<host endtime="1733442709"><address addr="202.46.253.62" addrtype="ipv4"/><ports><port protocol="tcp" portid="5060"><state state="open" reason="syn-ack" reason_ttl="51"/></port></ports></host>
<host endtime="1733442710"><address addr="202.46.255.193" addrtype="ipv4"/><ports><port protocol="tcp" portid="5060"><state state="open" reason="syn-ack" reason_ttl="51"/></port></ports></host>
<host endtime="1733442711"><address addr="202.46.246.41" addrtype="ipv4"/><ports><port protocol="tcp" portid="5060"><state state="open" reason="syn-ack" reason_ttl="51"/></port></ports></host>
<host endtime="1733442711"><address addr="202.46.248.110" addrtype="ipv4"/><ports><port protocol="tcp" portid="5060"><state state="open" reason="syn-ack" reason_ttl="51"/></port></ports></host>
<host endtime="1733442712"><address addr="103.224.215.110" addrtype="ipv4"/><ports><port protocol="tcp" portid="5060"><state state="open" reason="syn-ack" reason_ttl="48"/></port></ports></host>
<host endtime="1733442713"><address addr="193.98.229.185" addrtype="ipv4"/><ports><port protocol="tcp" portid="5061"><state state="open" reason="syn-ack" reason_ttl="44"/></port></ports></host>
<host endtime="1733442717"><address addr="199.201.236.11" addrtype="ipv4"/><ports><port protocol="tcp" portid="5060"><state state="open" reason="syn-ack" reason_ttl="47"/></port></ports></host>
<host endtime="1733442718"><address addr="202.46.7.156" addrtype="ipv4"/><ports><port protocol="tcp" portid="5060"><state state="open" reason="syn-ack" reason_ttl="50"/></port></ports></host>
<host endtime="1733442721"><address addr="202.46.245.35" addrtype="ipv4"/><ports><port protocol="tcp" portid="5060"><state state="open" reason="syn-ack" reason_ttl="51"/></port></ports></host>
<host endtime="1733442722"><address addr="202.46.14.105" addrtype="ipv4"/><ports><port protocol="tcp" portid="5060"><state state="open" reason="syn-ack" reason_ttl="51"/></port></ports></host>
<host endtime="1733442724"><address addr="202.46.254.24" addrtype="ipv4"/><ports><port protocol="tcp" portid="5060"><state state="open" reason="syn-ack" reason_ttl="51"/></port></ports></host>
<host endtime="1733442724"><address addr="202.46.252.208" addrtype="ipv4"/><ports><port protocol="tcp" portid="5060"><state state="open" reason="syn-ack" reason_ttl="51"/></port></ports></host>
<host endtime="1733442726"><address addr="202.46.240.99" addrtype="ipv4"/><ports><port protocol="tcp" portid="5060"><state state="open" reason="syn-ack" reason_ttl="51"/></port></ports></host>
<host endtime="1733442726"><address addr="202.46.242.144" addrtype="ipv4"/><ports><port protocol="tcp" portid="5060"><state state="open" reason="syn-ack" reason_ttl="51"/></port></ports></host>
<host endtime="1733442726"><address addr="202.46.246.34" addrtype="ipv4"/><ports><port protocol="tcp" portid="5060"><state state="open" reason="syn-ack" reason_ttl="51"/></port></ports></host>
<host endtime="1733442727"><address addr="202.46.6.111" addrtype="ipv4"/><ports><port protocol="tcp" portid="5060"><state state="open" reason="syn-ack" reason_ttl="51"/></port></ports></host>
<host endtime="1733442727"><address addr="193.103.200.164" addrtype="ipv4"/><ports><port protocol="tcp" portid="5060"><state state="open" reason="syn-ack" reason_ttl="52"/></port></ports></host>
<host endtime="1733442728"><address addr="202.46.0.135" addrtype="ipv4"/><ports><port protocol="tcp" portid="5060"><state state="open" reason="syn-ack" reason_ttl="51"/></port></ports></host>
<host endtime="1733442729"><address addr="202.46.5.90" addrtype="ipv4"/><ports><port protocol="tcp" portid="5060"><state state="open" reason="syn-ack" reason_ttl="50"/></port></ports></host>
<host endtime="1733442729"><address addr="199.123.27.2" addrtype="ipv4"/><ports><port protocol="tcp" portid="5060"><state state="open" reason="syn-ack" reason_ttl="229"/></port></ports></host>
<host endtime="1733442730"><address addr="199.201.237.158" addrtype="ipv4"/><ports><port protocol="tcp" portid="5060"><state state="open" reason="syn-ack" reason_ttl="47"/></port></ports></host>
<host endtime="1733442731"><address addr="199.201.237.224" addrtype="ipv4"/><ports><port protocol="tcp" portid="5060"><state state="open" reason="syn-ack" reason_ttl="47"/></port></ports></host>
<host endtime="1733442732"><address addr="202.46.15.177" addrtype="ipv4"/><ports><port protocol="tcp" portid="5060"><state state="open" reason="syn-ack" reason_ttl="51"/></port></ports></host>
<host endtime="1733442735"><address addr="199.123.25.211" addrtype="ipv4"/><ports><port protocol="tcp" portid="5060"><state state="open" reason="syn-ack" reason_ttl="229"/></port></ports></host>
<host endtime="1733442735"><address addr="202.46.241.197" addrtype="ipv4"/><ports><port protocol="tcp" portid="5060"><state state="open" reason="syn-ack" reason_ttl="51"/></port></ports></host>
<host endtime="1733442736"><address addr="202.46.7.98" addrtype="ipv4"/><ports><port protocol="tcp" portid="5060"><state state="open" reason="syn-ack" reason_ttl="50"/></port></ports></host>
<host endtime="1733442736"><address addr="202.46.12.144" addrtype="ipv4"/><ports><port protocol="tcp" portid="5060"><state state="open" reason="syn-ack" reason_ttl="51"/></port></ports></host>
<host endtime="1733442739"><address addr="202.46.253.212" addrtype="ipv4"/><ports><port protocol="tcp" portid="5060"><state state="open" reason="syn-ack" reason_ttl="51"/></port></ports></host>
<host endtime="1733442742"><address addr="202.46.0.251" addrtype="ipv4"/><ports><port protocol="tcp" portid="5060"><state state="open" reason="syn-ack" reason_ttl="51"/></port></ports></host>
<host endtime="1733442743"><address addr="199.123.26.181" addrtype="ipv4"/><ports><port protocol="tcp" portid="5060"><state state="open" reason="syn-ack" reason_ttl="229"/></port></ports></host>
<host endtime="1733442743"><address addr="202.46.8.172" addrtype="ipv4"/><ports><port protocol="tcp" portid="5060"><state state="open" reason="syn-ack" reason_ttl="51"/></port></ports></host>
<host endtime="1733442745"><address addr="202.46.7.50" addrtype="ipv4"/><ports><port protocol="tcp" portid="5061"><state state="open" reason="syn-ack" reason_ttl="50"/></port></ports></host>
<host endtime="1733442745"><address addr="202.46.13.46" addrtype="ipv4"/><ports><port protocol="tcp" portid="5060"><state state="open" reason="syn-ack" reason_ttl="50"/></port></ports></host>
<host endtime="1733442748"><address addr="202.46.247.21" addrtype="ipv4"/><ports><port protocol="tcp" portid="5060"><state state="open" reason="syn-ack" reason_ttl="51"/></port></ports></host>
<host endtime="1733442749"><address addr="202.46.9.115" addrtype="ipv4"/><ports><port protocol="tcp" portid="5060"><state state="open" reason="syn-ack" reason_ttl="51"/></port></ports></host>
<host endtime="1733442749"><address addr="193.103.200.98" addrtype="ipv4"/><ports><port protocol="tcp" portid="5060"><state state="open" reason="syn-ack" reason_ttl="54"/></port></ports></host>
<host endtime="1733442750"><address addr="197.231.250.238" addrtype="ipv4"/><ports><port protocol="tcp" portid="5060"><state state="open" reason="syn-ack" reason_ttl="234"/></port></ports></host>
<host endtime="1733442753"><address addr="202.46.247.77" addrtype="ipv4"/><ports><port protocol="tcp" portid="5060"><state state="open" reason="syn-ack" reason_ttl="51"/></port></ports></host>
<host endtime="1733442753"><address addr="202.46.3.57" addrtype="ipv4"/><ports><port protocol="tcp" portid="5060"><state state="open" reason="syn-ack" reason_ttl="51"/></port></ports></host>
<host endtime="1733442758"><address addr="202.46.9.65" addrtype="ipv4"/><ports><port protocol="tcp" portid="5060"><state state="open" reason="syn-ack" reason_ttl="51"/></port></ports></host>
<host endtime="1733442759"><address addr="202.46.243.141" addrtype="ipv4"/><ports><port protocol="tcp" portid="5060"><state state="open" reason="syn-ack" reason_ttl="50"/></port></ports></host>
<host endtime="1733442759"><address addr="202.46.245.116" addrtype="ipv4"/><ports><port protocol="tcp" portid="5060"><state state="open" reason="syn-ack" reason_ttl="50"/></port></ports></host>
<host endtime="1733442761"><address addr="202.46.15.28" addrtype="ipv4"/><ports><port protocol="tcp" portid="5060"><state state="open" reason="syn-ack" reason_ttl="51"/></port></ports></host>
<host endtime="1733442761"><address addr="202.46.243.46" addrtype="ipv4"/><ports><port protocol="tcp" portid="5060"><state state="open" reason="syn-ack" reason_ttl="50"/></port></ports></host>
<host endtime="1733442763"><address addr="202.46.4.52" addrtype="ipv4"/><ports><port protocol="tcp" portid="5060"><state state="open" reason="syn-ack" reason_ttl="51"/></port></ports></host>
<host endtime="1733442763"><address addr="193.103.200.154" addrtype="ipv4"/><ports><port protocol="tcp" portid="5060"><state state="open" reason="syn-ack" reason_ttl="54"/></port></ports></host>
<host endtime="1733442764"><address addr="202.46.8.38" addrtype="ipv4"/><ports><port protocol="tcp" portid="5060"><state state="open" reason="syn-ack" reason_ttl="50"/></port></ports></host>
<host endtime="1733442768"><address addr="202.46.255.204" addrtype="ipv4"/><ports><port protocol="tcp" portid="5060"><state state="open" reason="syn-ack" reason_ttl="51"/></port></ports></host>
<host endtime="1733442768"><address addr="202.46.2.176" addrtype="ipv4"/><ports><port protocol="tcp" portid="5060"><state state="open" reason="syn-ack" reason_ttl="51"/></port></ports></host>
<host endtime="1733442772"><address addr="202.46.6.39" addrtype="ipv4"/><ports><port protocol="tcp" portid="5060"><state state="open" reason="syn-ack" reason_ttl="51"/></port></ports></host>
<host endtime="1733442773"><address addr="202.46.8.189" addrtype="ipv4"/><ports><port protocol="tcp" portid="5060"><state state="open" reason="syn-ack" reason_ttl="51"/></port></ports></host>
<host endtime="1733442775"><address addr="103.110.61.93" addrtype="ipv4"/><ports><port protocol="tcp" portid="5061"><state state="open" reason="syn-ack" reason_ttl="242"/></port></ports></host>
<host endtime="1733442775"><address addr="202.46.255.124" addrtype="ipv4"/><ports><port protocol="tcp" portid="5060"><state state="open" reason="syn-ack" reason_ttl="51"/></port></ports></host>
<host endtime="1733442777"><address addr="202.46.253.233" addrtype="ipv4"/><ports><port protocol="tcp" portid="5060"><state state="open" reason="syn-ack" reason_ttl="51"/></port></ports></host>
<host endtime="1733442777"><address addr="202.46.6.68" addrtype="ipv4"/><ports><port protocol="tcp" portid="5060"><state state="open" reason="syn-ack" reason_ttl="51"/></port></ports></host>
<host endtime="1733442777"><address addr="202.46.251.217" addrtype="ipv4"/><ports><port protocol="tcp" portid="5060"><state state="open" reason="syn-ack" reason_ttl="50"/></port></ports></host>
<host endtime="1733442785"><address addr="202.46.5.150" addrtype="ipv4"/><ports><port protocol="tcp" portid="5060"><state state="open" reason="syn-ack" reason_ttl="51"/></port></ports></host>
<host endtime="1733442788"><address addr="202.46.240.47" addrtype="ipv4"/><ports><port protocol="tcp" portid="5060"><state state="open" reason="syn-ack" reason_ttl="51"/></port></ports></host>
<host endtime="1733442790"><address addr="202.46.245.71" addrtype="ipv4"/><ports><port protocol="tcp" portid="5060"><state state="open" reason="syn-ack" reason_ttl="51"/></port></ports></host>
<host endtime="1733442791"><address addr="202.46.247.95" addrtype="ipv4"/><ports><port protocol="tcp" portid="5060"><state state="open" reason="syn-ack" reason_ttl="51"/></port></ports></host>
<host endtime="1733442792"><address addr="103.83.18.106" addrtype="ipv4"/><ports><port protocol="tcp" portid="5060"><state state="open" reason="syn-ack" reason_ttl="48"/></port></ports></host>
<host endtime="1733442796"><address addr="199.201.236.125" addrtype="ipv4"/><ports><port protocol="tcp" portid="5060"><state state="open" reason="syn-ack" reason_ttl="47"/></port></ports></host>
<host endtime="1733442797"><address addr="193.103.200.42" addrtype="ipv4"/><ports><port protocol="tcp" portid="5060"><state state="open" reason="syn-ack" reason_ttl="52"/></port></ports></host>
<host endtime="1733442798"><address addr="202.46.7.226" addrtype="ipv4"/><ports><port protocol="tcp" portid="5060"><state state="open" reason="syn-ack" reason_ttl="51"/></port></ports></host>
<host endtime="1733442800"><address addr="202.46.5.38" addrtype="ipv4"/><ports><port protocol="tcp" portid="5060"><state state="open" reason="syn-ack" reason_ttl="51"/></port></ports></host>
<host endtime="1733442800"><address addr="202.46.247.224" addrtype="ipv4"/><ports><port protocol="tcp" portid="5060"><state state="open" reason="syn-ack" reason_ttl="50"/></port></ports></host>
<host endtime="1733442800"><address addr="103.83.18.249" addrtype="ipv4"/><ports><port protocol="tcp" portid="5060"><state state="open" reason="syn-ack" reason_ttl="48"/></port></ports></host>
<host endtime="1733442801"><address addr="103.83.19.198" addrtype="ipv4"/><ports><port protocol="tcp" portid="5060"><state state="open" reason="syn-ack" reason_ttl="48"/></port></ports></host>
<host endtime="1733442808"><address addr="202.46.246.145" addrtype="ipv4"/><ports><port protocol="tcp" portid="5060"><state state="open" reason="syn-ack" reason_ttl="50"/></port></ports></host>
<host endtime="1733442810"><address addr="202.46.11.163" addrtype="ipv4"/><ports><port protocol="tcp" portid="5060"><state state="open" reason="syn-ack" reason_ttl="51"/></port></ports></host>
<host endtime="1733442811"><address addr="103.224.215.38" addrtype="ipv4"/><ports><port protocol="tcp" portid="5060"><state state="open" reason="syn-ack" reason_ttl="48"/></port></ports></host>
<host endtime="1733442812"><address addr="199.123.27.90" addrtype="ipv4"/><ports><port protocol="tcp" portid="5060"><state state="open" reason="syn-ack" reason_ttl="229"/></port></ports></host>
<host endtime="1733442812"><address addr="202.46.12.215" addrtype="ipv4"/><ports><port protocol="tcp" portid="5060"><state state="open" reason="syn-ack" reason_ttl="51"/></port></ports></host>
<host endtime="1733442813"><address addr="202.46.243.81" addrtype="ipv4"/><ports><port protocol="tcp" portid="5060"><state state="open" reason="syn-ack" reason_ttl="51"/></port></ports></host>
<host endtime="1733442815"><address addr="202.46.255.105" addrtype="ipv4"/><ports><port protocol="tcp" portid="5060"><state state="open" reason="syn-ack" reason_ttl="51"/></port></ports></host>
<host endtime="1733442818"><address addr="202.46.241.73" addrtype="ipv4"/><ports><port protocol="tcp" portid="5060"><state state="open" reason="syn-ack" reason_ttl="51"/></port></ports></host>
<host endtime="1733442818"><address addr="202.46.246.44" addrtype="ipv4"/><ports><port protocol="tcp" portid="5060"><state state="open" reason="syn-ack" reason_ttl="51"/></port></ports></host>
<host endtime="1733442821"><address addr="202.46.254.239" addrtype="ipv4"/><ports><port protocol="tcp" portid="5060"><state state="open" reason="syn-ack" reason_ttl="51"/></port></ports></host>
<host endtime="1733442822"><address addr="202.46.2.136" addrtype="ipv4"/><ports><port protocol="tcp" portid="5060"><state state="open" reason="syn-ack" reason_ttl="51"/></port></ports></host>
<host endtime="1733442823"><address addr="202.46.248.48" addrtype="ipv4"/><ports><port protocol="tcp" portid="5060"><state state="open" reason="syn-ack" reason_ttl="51"/></port></ports></host>
<host endtime="1733442823"><address addr="202.46.12.16" addrtype="ipv4"/><ports><port protocol="tcp" portid="5060"><state state="open" reason="syn-ack" reason_ttl="51"/></port></ports></host>
<host endtime="1733442824"><address addr="202.46.9.196" addrtype="ipv4"/><ports><port protocol="tcp" portid="5060"><state state="open" reason="syn-ack" reason_ttl="51"/></port></ports></host>
<host endtime="1733442825"><address addr="199.201.236.38" addrtype="ipv4"/><ports><port protocol="tcp" portid="5060"><state state="open" reason="syn-ack" reason_ttl="47"/></port></ports></host>
<host endtime="1733442825"><address addr="103.177.50.70" addrtype="ipv4"/><ports><port protocol="tcp" portid="5060"><state state="open" reason="syn-ack" reason_ttl="120"/></port></ports></host>
<host endtime="1733442827"><address addr="202.46.245.211" addrtype="ipv4"/><ports><port protocol="tcp" portid="5060"><state state="open" reason="syn-ack" reason_ttl="51"/></port></ports></host>
<host endtime="1733442828"><address addr="199.123.25.176" addrtype="ipv4"/><ports><port protocol="tcp" portid="5060"><state state="open" reason="syn-ack" reason_ttl="229"/></port></ports></host>
<host endtime="1733442828"><address addr="199.123.27.175" addrtype="ipv4"/><ports><port protocol="tcp" portid="5060"><state state="open" reason="syn-ack" reason_ttl="229"/></port></ports></host>
<host endtime="1733442828"><address addr="202.46.255.6" addrtype="ipv4"/><ports><port protocol="tcp" portid="5060"><state state="open" reason="syn-ack" reason_ttl="51"/></port></ports></host>
<host endtime="1733442833"><address addr="103.83.19.30" addrtype="ipv4"/><ports><port protocol="tcp" portid="5060"><state state="open" reason="syn-ack" reason_ttl="48"/></port></ports></host>
<host endtime="1733442834"><address addr="202.46.6.175" addrtype="ipv4"/><ports><port protocol="tcp" portid="5060"><state state="open" reason="syn-ack" reason_ttl="51"/></port></ports></host>
<host endtime="1733442837"><address addr="103.83.19.225" addrtype="ipv4"/><ports><port protocol="tcp" portid="5060"><state state="open" reason="syn-ack" reason_ttl="48"/></port></ports></host>
<host endtime="1733442841"><address addr="202.46.252.25" addrtype="ipv4"/><ports><port protocol="tcp" portid="5060"><state state="open" reason="syn-ack" reason_ttl="50"/></port></ports></host>
<host endtime="1733442842"><address addr="202.46.10.193" addrtype="ipv4"/><ports><port protocol="tcp" portid="5060"><state state="open" reason="syn-ack" reason_ttl="50"/></port></ports></host>
<host endtime="1733442842"><address addr="202.46.1.112" addrtype="ipv4"/><ports><port protocol="tcp" portid="5060"><state state="open" reason="syn-ack" reason_ttl="50"/></port></ports></host>
<host endtime="1733442848"><address addr="202.46.240.142" addrtype="ipv4"/><ports><port protocol="tcp" portid="5060"><state state="open" reason="syn-ack" reason_ttl="50"/></port></ports></host>
<host endtime="1733442849"><address addr="199.123.24.129" addrtype="ipv4"/><ports><port protocol="tcp" portid="5060"><state state="open" reason="syn-ack" reason_ttl="229"/></port></ports></host>
<host endtime="1733442850"><address addr="202.46.255.28" addrtype="ipv4"/><ports><port protocol="tcp" portid="5060"><state state="open" reason="syn-ack" reason_ttl="50"/></port></ports></host>
<host endtime="1733442851"><address addr="202.46.11.184" addrtype="ipv4"/><ports><port protocol="tcp" portid="5060"><state state="open" reason="syn-ack" reason_ttl="51"/></port></ports></host>
<host endtime="1733442852"><address addr="202.46.254.131" addrtype="ipv4"/><ports><port protocol="tcp" portid="5060"><state state="open" reason="syn-ack" reason_ttl="51"/></port></ports></host>
<host endtime="1733442854"><address addr="202.46.247.101" addrtype="ipv4"/><ports><port protocol="tcp" portid="5060"><state state="open" reason="syn-ack" reason_ttl="51"/></port></ports></host>
<host endtime="1733442857"><address addr="202.46.13.251" addrtype="ipv4"/><ports><port protocol="tcp" portid="5060"><state state="open" reason="syn-ack" reason_ttl="50"/></port></ports></host>
<host endtime="1733442857"><address addr="202.46.5.174" addrtype="ipv4"/><ports><port protocol="tcp" portid="5060"><state state="open" reason="syn-ack" reason_ttl="51"/></port></ports></host>
<host endtime="1733442859"><address addr="202.46.254.0" addrtype="ipv4"/><ports><port protocol="tcp" portid="5060"><state state="open" reason="syn-ack" reason_ttl="51"/></port></ports></host>
<host endtime="1733442866"><address addr="202.46.248.120" addrtype="ipv4"/><ports><port protocol="tcp" portid="5060"><state state="open" reason="syn-ack" reason_ttl="51"/></port></ports></host>
<host endtime="1733442869"><address addr="202.46.9.212" addrtype="ipv4"/><ports><port protocol="tcp" portid="5060"><state state="open" reason="syn-ack" reason_ttl="51"/></port></ports></host>
<host endtime="1733442871"><address addr="199.201.236.71" addrtype="ipv4"/><ports><port protocol="tcp" portid="5060"><state state="open" reason="syn-ack" reason_ttl="47"/></port></ports></host>
<host endtime="1733442871"><address addr="202.46.9.92" addrtype="ipv4"/><ports><port protocol="tcp" portid="5060"><state state="open" reason="syn-ack" reason_ttl="50"/></port></ports></host>
<host endtime="1733442872"><address addr="202.46.12.150" addrtype="ipv4"/><ports><port protocol="tcp" portid="5060"><state state="open" reason="syn-ack" reason_ttl="50"/></port></ports></host>
<host endtime="1733442874"><address addr="202.46.246.32" addrtype="ipv4"/><ports><port protocol="tcp" portid="5060"><state state="open" reason="syn-ack" reason_ttl="51"/></port></ports></host>
<host endtime="1733442879"><address addr="202.46.4.24" addrtype="ipv4"/><ports><port protocol="tcp" portid="5060"><state state="open" reason="syn-ack" reason_ttl="51"/></port></ports></host>
<host endtime="1733442880"><address addr="202.46.7.69" addrtype="ipv4"/><ports><port protocol="tcp" portid="5060"><state state="open" reason="syn-ack" reason_ttl="50"/></port></ports></host>
<host endtime="1733442880"><address addr="202.46.243.253" addrtype="ipv4"/><ports><port protocol="tcp" portid="5060"><state state="open" reason="syn-ack" reason_ttl="50"/></port></ports></host>
<host endtime="1733442884"><address addr="199.123.24.96" addrtype="ipv4"/><ports><port protocol="tcp" portid="5060"><state state="open" reason="syn-ack" reason_ttl="229"/></port></ports></host>
<host endtime="1733442885"><address addr="103.224.215.127" addrtype="ipv4"/><ports><port protocol="tcp" portid="5060"><state state="open" reason="syn-ack" reason_ttl="48"/></port></ports></host>
<host endtime="1733442888"><address addr="202.46.249.208" addrtype="ipv4"/><ports><port protocol="tcp" portid="5060"><state state="open" reason="syn-ack" reason_ttl="51"/></port></ports></host>
<host endtime="1733442890"><address addr="202.46.10.43" addrtype="ipv4"/><ports><port protocol="tcp" portid="5060"><state state="open" reason="syn-ack" reason_ttl="50"/></port></ports></host>
<host endtime="1733442894"><address addr="202.46.8.234" addrtype="ipv4"/><ports><port protocol="tcp" portid="5060"><state state="open" reason="syn-ack" reason_ttl="50"/></port></ports></host>
<host endtime="1733442894"><address addr="202.46.4.35" addrtype="ipv4"/><ports><port protocol="tcp" portid="5060"><state state="open" reason="syn-ack" reason_ttl="50"/></port></ports></host>
<host endtime="1733442897"><address addr="202.46.4.0" addrtype="ipv4"/><ports><port protocol="tcp" portid="5060"><state state="open" reason="syn-ack" reason_ttl="51"/></port></ports></host>
<host endtime="1733442902"><address addr="202.46.244.166" addrtype="ipv4"/><ports><port protocol="tcp" portid="5060"><state state="open" reason="syn-ack" reason_ttl="51"/></port></ports></host>
<host endtime="1733442904"><address addr="202.46.0.141" addrtype="ipv4"/><ports><port protocol="tcp" portid="5060"><state state="open" reason="syn-ack" reason_ttl="50"/></port></ports></host>
<host endtime="1733442905"><address addr="202.46.12.80" addrtype="ipv4"/><ports><port protocol="tcp" portid="5060"><state state="open" reason="syn-ack" reason_ttl="50"/></port></ports></host>
<host endtime="1733442909"><address addr="202.46.8.120" addrtype="ipv4"/><ports><port protocol="tcp" portid="5060"><state state="open" reason="syn-ack" reason_ttl="51"/></port></ports></host>
<host endtime="1733442916"><address addr="193.103.200.94" addrtype="ipv4"/><ports><port protocol="tcp" portid="5060"><state state="open" reason="syn-ack" reason_ttl="52"/></port></ports></host>
<host endtime="1733442920"><address addr="202.46.14.238" addrtype="ipv4"/><ports><port protocol="tcp" portid="5060"><state state="open" reason="syn-ack" reason_ttl="51"/></port></ports></host>
<host endtime="1733442921"><address addr="202.46.2.250" addrtype="ipv4"/><ports><port protocol="tcp" portid="5060"><state state="open" reason="syn-ack" reason_ttl="51"/></port></ports></host>
<host endtime="1733442925"><address addr="202.46.15.209" addrtype="ipv4"/><ports><port protocol="tcp" portid="5060"><state state="open" reason="syn-ack" reason_ttl="51"/></port></ports></host>
<host endtime="1733442926"><address addr="103.224.215.30" addrtype="ipv4"/><ports><port protocol="tcp" portid="5060"><state state="open" reason="syn-ack" reason_ttl="48"/></port></ports></host>
<host endtime="1733442927"><address addr="103.224.215.95" addrtype="ipv4"/><ports><port protocol="tcp" portid="5060"><state state="open" reason="syn-ack" reason_ttl="48"/></port></ports></host>
<host endtime="1733442928"><address addr="202.46.254.166" addrtype="ipv4"/><ports><port protocol="tcp" portid="5060"><state state="open" reason="syn-ack" reason_ttl="51"/></port></ports></host>
<host endtime="1733442929"><address addr="202.46.243.66" addrtype="ipv4"/><ports><port protocol="tcp" portid="5060"><state state="open" reason="syn-ack" reason_ttl="51"/></port></ports></host>
<host endtime="1733442934"><address addr="202.46.254.156" addrtype="ipv4"/><ports><port protocol="tcp" portid="5060"><state state="open" reason="syn-ack" reason_ttl="51"/></port></ports></host>
<host endtime="1733442934"><address addr="202.46.4.130" addrtype="ipv4"/><ports><port protocol="tcp" portid="5060"><state state="open" reason="syn-ack" reason_ttl="50"/></port></ports></host>
<host endtime="1733442934"><address addr="202.46.243.0" addrtype="ipv4"/><ports><port protocol="tcp" portid="5060"><state state="open" reason="syn-ack" reason_ttl="51"/></port></ports></host>
<host endtime="1733442939"><address addr="202.46.245.81" addrtype="ipv4"/><ports><port protocol="tcp" portid="5060"><state state="open" reason="syn-ack" reason_ttl="50"/></port></ports></host>
<host endtime="1733442945"><address addr="202.46.247.69" addrtype="ipv4"/><ports><port protocol="tcp" portid="5060"><state state="open" reason="syn-ack" reason_ttl="50"/></port></ports></host>
<host endtime="1733442946"><address addr="202.46.247.49" addrtype="ipv4"/><ports><port protocol="tcp" portid="5060"><state state="open" reason="syn-ack" reason_ttl="51"/></port></ports></host>
<host endtime="1733442949"><address addr="202.46.252.61" addrtype="ipv4"/><ports><port protocol="tcp" portid="5060"><state state="open" reason="syn-ack" reason_ttl="51"/></port></ports></host>
<host endtime="1733442950"><address addr="199.201.237.248" addrtype="ipv4"/><ports><port protocol="tcp" portid="5060"><state state="open" reason="syn-ack" reason_ttl="47"/></port></ports></host>
<host endtime="1733442951"><address addr="202.46.247.32" addrtype="ipv4"/><ports><port protocol="tcp" portid="5060"><state state="open" reason="syn-ack" reason_ttl="50"/></port></ports></host>
<host endtime="1733442952"><address addr="202.46.253.77" addrtype="ipv4"/><ports><port protocol="tcp" portid="5060"><state state="open" reason="syn-ack" reason_ttl="51"/></port></ports></host>
<host endtime="1733442956"><address addr="202.46.251.154" addrtype="ipv4"/><ports><port protocol="tcp" portid="5060"><state state="open" reason="syn-ack" reason_ttl="51"/></port></ports></host>
<host endtime="1733442958"><address addr="202.46.246.253" addrtype="ipv4"/><ports><port protocol="tcp" portid="5060"><state state="open" reason="syn-ack" reason_ttl="50"/></port></ports></host>
<host endtime="1733442960"><address addr="202.46.251.158" addrtype="ipv4"/><ports><port protocol="tcp" portid="5060"><state state="open" reason="syn-ack" reason_ttl="50"/></port></ports></host>
<host endtime="1733442963"><address addr="202.46.9.108" addrtype="ipv4"/><ports><port protocol="tcp" portid="5060"><state state="open" reason="syn-ack" reason_ttl="50"/></port></ports></host>
<host endtime="1733442964"><address addr="202.46.252.79" addrtype="ipv4"/><ports><port protocol="tcp" portid="5060"><state state="open" reason="syn-ack" reason_ttl="50"/></port></ports></host>
<host endtime="1733442965"><address addr="202.46.12.131" addrtype="ipv4"/><ports><port protocol="tcp" portid="5060"><state state="open" reason="syn-ack" reason_ttl="51"/></port></ports></host>
<host endtime="1733442967"><address addr="202.46.5.146" addrtype="ipv4"/><ports><port protocol="tcp" portid="5060"><state state="open" reason="syn-ack" reason_ttl="51"/></port></ports></host>
<host endtime="1733442970"><address addr="202.46.9.121" addrtype="ipv4"/><ports><port protocol="tcp" portid="5060"><state state="open" reason="syn-ack" reason_ttl="51"/></port></ports></host>
<host endtime="1733442971"><address addr="199.123.25.33" addrtype="ipv4"/><ports><port protocol="tcp" portid="5060"><state state="open" reason="syn-ack" reason_ttl="229"/></port></ports></host>
<host endtime="1733442971"><address addr="202.46.244.33" addrtype="ipv4"/><ports><port protocol="tcp" portid="5060"><state state="open" reason="syn-ack" reason_ttl="51"/></port></ports></host>
<host endtime="1733442973"><address addr="103.177.50.90" addrtype="ipv4"/><ports><port protocol="tcp" portid="5060"><state state="open" reason="syn-ack" reason_ttl="120"/></port></ports></host>
<host endtime="1733442974"><address addr="202.46.0.122" addrtype="ipv4"/><ports><port protocol="tcp" portid="5060"><state state="open" reason="syn-ack" reason_ttl="51"/></port></ports></host>
<host endtime="1733442975"><address addr="202.46.7.26" addrtype="ipv4"/><ports><port protocol="tcp" portid="5060"><state state="open" reason="syn-ack" reason_ttl="51"/></port></ports></host>
<host endtime="1733442977"><address addr="103.224.215.88" addrtype="ipv4"/><ports><port protocol="tcp" portid="5060"><state state="open" reason="syn-ack" reason_ttl="48"/></port></ports></host>
<host endtime="1733442982"><address addr="199.123.24.150" addrtype="ipv4"/><ports><port protocol="tcp" portid="5060"><state state="open" reason="syn-ack" reason_ttl="229"/></port></ports></host>
<host endtime="1733442985"><address addr="103.83.18.164" addrtype="ipv4"/><ports><port protocol="tcp" portid="5060"><state state="open" reason="syn-ack" reason_ttl="48"/></port></ports></host>
<host endtime="1733442986"><address addr="202.46.251.186" addrtype="ipv4"/><ports><port protocol="tcp" portid="5060"><state state="open" reason="syn-ack" reason_ttl="51"/></port></ports></host>
<host endtime="1733442989"><address addr="202.46.7.245" addrtype="ipv4"/><ports><port protocol="tcp" portid="5060"><state state="open" reason="syn-ack" reason_ttl="51"/></port></ports></host>
<host endtime="1733442991"><address addr="202.46.6.127" addrtype="ipv4"/><ports><port protocol="tcp" portid="5060"><state state="open" reason="syn-ack" reason_ttl="51"/></port></ports></host>
<host endtime="1733442992"><address addr="202.46.9.77" addrtype="ipv4"/><ports><port protocol="tcp" portid="5060"><state state="open" reason="syn-ack" reason_ttl="51"/></port></ports></host>
<host endtime="1733442992"><address addr="193.103.200.65" addrtype="ipv4"/><ports><port protocol="tcp" portid="5060"><state state="open" reason="syn-ack" reason_ttl="54"/></port></ports></host>
<host endtime="1733442995"><address addr="202.46.249.62" addrtype="ipv4"/><ports><port protocol="tcp" portid="5060"><state state="open" reason="syn-ack" reason_ttl="51"/></port></ports></host>
<host endtime="1733442996"><address addr="202.46.241.176" addrtype="ipv4"/><ports><port protocol="tcp" portid="5060"><state state="open" reason="syn-ack" reason_ttl="51"/></port></ports></host>
<host endtime="1733442996"><address addr="202.46.9.170" addrtype="ipv4"/><ports><port protocol="tcp" portid="5060"><state state="open" reason="syn-ack" reason_ttl="50"/></port></ports></host>
<host endtime="1733442997"><address addr="103.224.214.66" addrtype="ipv4"/><ports><port protocol="tcp" portid="5060"><state state="open" reason="syn-ack" reason_ttl="48"/></port></ports></host>
<host endtime="1733443000"><address addr="202.46.241.170" addrtype="ipv4"/><ports><port protocol="tcp" portid="5060"><state state="open" reason="syn-ack" reason_ttl="50"/></port></ports></host>
<host endtime="1733443002"><address addr="202.46.242.145" addrtype="ipv4"/><ports><port protocol="tcp" portid="5060"><state state="open" reason="syn-ack" reason_ttl="51"/></port></ports></host>
<host endtime="1733443002"><address addr="199.123.25.192" addrtype="ipv4"/><ports><port protocol="tcp" portid="5060"><state state="open" reason="syn-ack" reason_ttl="229"/></port></ports></host>
<host endtime="1733443002"><address addr="199.201.236.151" addrtype="ipv4"/><ports><port protocol="tcp" portid="5060"><state state="open" reason="syn-ack" reason_ttl="47"/></port></ports></host>
<host endtime="1733443007"><address addr="202.46.241.168" addrtype="ipv4"/><ports><port protocol="tcp" portid="5060"><state state="open" reason="syn-ack" reason_ttl="51"/></port></ports></host>
<host endtime="1733443007"><address addr="202.46.0.205" addrtype="ipv4"/><ports><port protocol="tcp" portid="5060"><state state="open" reason="syn-ack" reason_ttl="51"/></port></ports></host>
<host endtime="1733443008"><address addr="202.46.10.37" addrtype="ipv4"/><ports><port protocol="tcp" portid="5060"><state state="open" reason="syn-ack" reason_ttl="50"/></port></ports></host>
<host endtime="1733443008"><address addr="202.46.2.13" addrtype="ipv4"/><ports><port protocol="tcp" portid="5060"><state state="open" reason="syn-ack" reason_ttl="50"/></port></ports></host>
<host endtime="1733443009"><address addr="202.46.8.195" addrtype="ipv4"/><ports><port protocol="tcp" portid="5060"><state state="open" reason="syn-ack" reason_ttl="51"/></port></ports></host>
<host endtime="1733443009"><address addr="199.123.27.122" addrtype="ipv4"/><ports><port protocol="tcp" portid="5060"><state state="open" reason="syn-ack" reason_ttl="229"/></port></ports></host>
<host endtime="1733443009"><address addr="202.46.6.242" addrtype="ipv4"/><ports><port protocol="tcp" portid="5060"><state state="open" reason="syn-ack" reason_ttl="51"/></port></ports></host>
<host endtime="1733443011"><address addr="202.46.15.198" addrtype="ipv4"/><ports><port protocol="tcp" portid="5060"><state state="open" reason="syn-ack" reason_ttl="50"/></port></ports></host>
<host endtime="1733443014"><address addr="202.46.2.141" addrtype="ipv4"/><ports><port protocol="tcp" portid="5060"><state state="open" reason="syn-ack" reason_ttl="50"/></port></ports></host>
<host endtime="1733443016"><address addr="193.103.200.19" addrtype="ipv4"/><ports><port protocol="tcp" portid="5060"><state state="open" reason="syn-ack" reason_ttl="52"/></port></ports></host>
<host endtime="1733443017"><address addr="199.123.25.183" addrtype="ipv4"/><ports><port protocol="tcp" portid="5060"><state state="open" reason="syn-ack" reason_ttl="229"/></port></ports></host>
<host endtime="1733443019"><address addr="199.123.26.0" addrtype="ipv4"/><ports><port protocol="tcp" portid="5060"><state state="open" reason="syn-ack" reason_ttl="229"/></port></ports></host>
<host endtime="1733443020"><address addr="202.46.250.30" addrtype="ipv4"/><ports><port protocol="tcp" portid="5060"><state state="open" reason="syn-ack" reason_ttl="51"/></port></ports></host>
<host endtime="1733443020"><address addr="199.123.27.124" addrtype="ipv4"/><ports><port protocol="tcp" portid="5060"><state state="open" reason="syn-ack" reason_ttl="229"/></port></ports></host>
<host endtime="1733443023"><address addr="202.46.254.196" addrtype="ipv4"/><ports><port protocol="tcp" portid="5060"><state state="open" reason="syn-ack" reason_ttl="50"/></port></ports></host>
<host endtime="1733443024"><address addr="202.46.8.81" addrtype="ipv4"/><ports><port protocol="tcp" portid="5060"><state state="open" reason="syn-ack" reason_ttl="51"/></port></ports></host>
<host endtime="1733443024"><address addr="202.46.5.29" addrtype="ipv4"/><ports><port protocol="tcp" portid="5060"><state state="open" reason="syn-ack" reason_ttl="51"/></port></ports></host>
<host endtime="1733443028"><address addr="202.46.1.178" addrtype="ipv4"/><ports><port protocol="tcp" portid="5060"><state state="open" reason="syn-ack" reason_ttl="51"/></port></ports></host>
<host endtime="1733443033"><address addr="202.46.255.48" addrtype="ipv4"/><ports><port protocol="tcp" portid="5060"><state state="open" reason="syn-ack" reason_ttl="51"/></port></ports></host>
<host endtime="1733443034"><address addr="199.123.26.132" addrtype="ipv4"/><ports><port protocol="tcp" portid="5060"><state state="open" reason="syn-ack" reason_ttl="229"/></port></ports></host>
<host endtime="1733443036"><address addr="202.46.0.9" addrtype="ipv4"/><ports><port protocol="tcp" portid="5060"><state state="open" reason="syn-ack" reason_ttl="51"/></port></ports></host>
<host endtime="1733443038"><address addr="202.46.252.179" addrtype="ipv4"/><ports><port protocol="tcp" portid="5060"><state state="open" reason="syn-ack" reason_ttl="50"/></port></ports></host>
<host endtime="1733443040"><address addr="202.46.10.245" addrtype="ipv4"/><ports><port protocol="tcp" portid="5060"><state state="open" reason="syn-ack" reason_ttl="50"/></port></ports></host>
<host endtime="1733443041"><address addr="202.46.8.20" addrtype="ipv4"/><ports><port protocol="tcp" portid="5060"><state state="open" reason="syn-ack" reason_ttl="50"/></port></ports></host>
<host endtime="1733443043"><address addr="202.46.7.38" addrtype="ipv4"/><ports><port protocol="tcp" portid="5060"><state state="open" reason="syn-ack" reason_ttl="51"/></port></ports></host>
<host endtime="1733443045"><address addr="202.46.9.104" addrtype="ipv4"/><ports><port protocol="tcp" portid="5060"><state state="open" reason="syn-ack" reason_ttl="50"/></port></ports></host>
<host endtime="1733443046"><address addr="199.123.27.85" addrtype="ipv4"/><ports><port protocol="tcp" portid="5060"><state state="open" reason="syn-ack" reason_ttl="229"/></port></ports></host>
<host endtime="1733443050"><address addr="202.46.0.72" addrtype="ipv4"/><ports><port protocol="tcp" portid="5060"><state state="open" reason="syn-ack" reason_ttl="51"/></port></ports></host>
<host endtime="1733443053"><address addr="202.46.241.129" addrtype="ipv4"/><ports><port protocol="tcp" portid="5060"><state state="open" reason="syn-ack" reason_ttl="51"/></port></ports></host>
<host endtime="1733443053"><address addr="103.110.61.36" addrtype="ipv4"/><ports><port protocol="tcp" portid="5061"><state state="open" reason="syn-ack" reason_ttl="241"/></port></ports></host>
<host endtime="1733443053"><address addr="202.46.2.46" addrtype="ipv4"/><ports><port protocol="tcp" portid="5060"><state state="open" reason="syn-ack" reason_ttl="51"/></port></ports></host>
<host endtime="1733443055"><address addr="202.46.4.3" addrtype="ipv4"/><ports><port protocol="tcp" portid="5060"><state state="open" reason="syn-ack" reason_ttl="51"/></port></ports></host>
<host endtime="1733443056"><address addr="202.46.243.146" addrtype="ipv4"/><ports><port protocol="tcp" portid="5060"><state state="open" reason="syn-ack" reason_ttl="51"/></port></ports></host>
<host endtime="1733443057"><address addr="193.103.32.11" addrtype="ipv4"/><ports><port protocol="tcp" portid="5060"><state state="open" reason="syn-ack" reason_ttl="50"/></port></ports></host>
<host endtime="1733443059"><address addr="202.46.10.91" addrtype="ipv4"/><ports><port protocol="tcp" portid="5060"><state state="open" reason="syn-ack" reason_ttl="51"/></port></ports></host>
<host endtime="1733443060"><address addr="202.46.248.60" addrtype="ipv4"/><ports><port protocol="tcp" portid="5060"><state state="open" reason="syn-ack" reason_ttl="50"/></port></ports></host>
<host endtime="1733443062"><address addr="199.123.25.224" addrtype="ipv4"/><ports><port protocol="tcp" portid="5060"><state state="open" reason="syn-ack" reason_ttl="229"/></port></ports></host>
<host endtime="1733443064"><address addr="199.123.24.240" addrtype="ipv4"/><ports><port protocol="tcp" portid="5060"><state state="open" reason="syn-ack" reason_ttl="229"/></port></ports></host>
<host endtime="1733443064"><address addr="202.46.242.116" addrtype="ipv4"/><ports><port protocol="tcp" portid="5060"><state state="open" reason="syn-ack" reason_ttl="50"/></port></ports></host>
<host endtime="1733443064"><address addr="199.201.236.23" addrtype="ipv4"/><ports><port protocol="tcp" portid="5060"><state state="open" reason="syn-ack" reason_ttl="47"/></port></ports></host>
<host endtime="1733443065"><address addr="202.46.5.171" addrtype="ipv4"/><ports><port protocol="tcp" portid="5060"><state state="open" reason="syn-ack" reason_ttl="51"/></port></ports></host>
<host endtime="1733443068"><address addr="202.46.244.101" addrtype="ipv4"/><ports><port protocol="tcp" portid="5060"><state state="open" reason="syn-ack" reason_ttl="51"/></port></ports></host>
<host endtime="1733443070"><address addr="202.46.250.115" addrtype="ipv4"/><ports><port protocol="tcp" portid="5060"><state state="open" reason="syn-ack" reason_ttl="50"/></port></ports></host>
<host endtime="1733443071"><address addr="202.46.2.193" addrtype="ipv4"/><ports><port protocol="tcp" portid="5060"><state state="open" reason="syn-ack" reason_ttl="51"/></port></ports></host>
<host endtime="1733443072"><address addr="202.46.241.200" addrtype="ipv4"/><ports><port protocol="tcp" portid="5060"><state state="open" reason="syn-ack" reason_ttl="51"/></port></ports></host>
<host endtime="1733443076"><address addr="202.46.11.245" addrtype="ipv4"/><ports><port protocol="tcp" portid="5060"><state state="open" reason="syn-ack" reason_ttl="51"/></port></ports></host>
<host endtime="1733443077"><address addr="202.46.15.25" addrtype="ipv4"/><ports><port protocol="tcp" portid="5060"><state state="open" reason="syn-ack" reason_ttl="50"/></port></ports></host>
<host endtime="1733443079"><address addr="202.46.13.224" addrtype="ipv4"/><ports><port protocol="tcp" portid="5060"><state state="open" reason="syn-ack" reason_ttl="50"/></port></ports></host>
<host endtime="1733443082"><address addr="202.46.251.215" addrtype="ipv4"/><ports><port protocol="tcp" portid="5060"><state state="open" reason="syn-ack" reason_ttl="51"/></port></ports></host>
<host endtime="1733443086"><address addr="202.46.7.126" addrtype="ipv4"/><ports><port protocol="tcp" portid="5060"><state state="open" reason="syn-ack" reason_ttl="51"/></port></ports></host>
<host endtime="1733443087"><address addr="202.46.254.45" addrtype="ipv4"/><ports><port protocol="tcp" portid="5060"><state state="open" reason="syn-ack" reason_ttl="51"/></port></ports></host>
<host endtime="1733443089"><address addr="202.46.253.169" addrtype="ipv4"/><ports><port protocol="tcp" portid="5060"><state state="open" reason="syn-ack" reason_ttl="51"/></port></ports></host>
<host endtime="1733443091"><address addr="202.46.11.62" addrtype="ipv4"/><ports><port protocol="tcp" portid="5060"><state state="open" reason="syn-ack" reason_ttl="51"/></port></ports></host>
<host endtime="1733443092"><address addr="193.103.200.107" addrtype="ipv4"/><ports><port protocol="tcp" portid="5060"><state state="open" reason="syn-ack" reason_ttl="52"/></port></ports></host>
<host endtime="1733443092"><address addr="199.123.27.178" addrtype="ipv4"/><ports><port protocol="tcp" portid="5060"><state state="open" reason="syn-ack" reason_ttl="229"/></port></ports></host>
<host endtime="1733443092"><address addr="199.201.236.227" addrtype="ipv4"/><ports><port protocol="tcp" portid="5060"><state state="open" reason="syn-ack" reason_ttl="47"/></port></ports></host>
<host endtime="1733443094"><address addr="202.46.248.239" addrtype="ipv4"/><ports><port protocol="tcp" portid="5060"><state state="open" reason="syn-ack" reason_ttl="51"/></port></ports></host>
<host endtime="1733443095"><address addr="202.46.8.110" addrtype="ipv4"/><ports><port protocol="tcp" portid="5060"><state state="open" reason="syn-ack" reason_ttl="50"/></port></ports></host>
<host endtime="1733443095"><address addr="202.46.249.22" addrtype="ipv4"/><ports><port protocol="tcp" portid="5060"><state state="open" reason="syn-ack" reason_ttl="50"/></port></ports></host>
<host endtime="1733443095"><address addr="202.46.0.167" addrtype="ipv4"/><ports><port protocol="tcp" portid="5060"><state state="open" reason="syn-ack" reason_ttl="50"/></port></ports></host>
<host endtime="1733443096"><address addr="202.46.2.4" addrtype="ipv4"/><ports><port protocol="tcp" portid="5060"><state state="open" reason="syn-ack" reason_ttl="51"/></port></ports></host>
<host endtime="1733443097"><address addr="202.46.249.121" addrtype="ipv4"/><ports><port protocol="tcp" portid="5060"><state state="open" reason="syn-ack" reason_ttl="51"/></port></ports></host>
<host endtime="1733443100"><address addr="199.123.27.27" addrtype="ipv4"/><ports><port protocol="tcp" portid="5060"><state state="open" reason="syn-ack" reason_ttl="229"/></port></ports></host>
<host endtime="1733443102"><address addr="202.46.4.89" addrtype="ipv4"/><ports><port protocol="tcp" portid="5060"><state state="open" reason="syn-ack" reason_ttl="51"/></port></ports></host>
<host endtime="1733443103"><address addr="202.46.252.0" addrtype="ipv4"/><ports><port protocol="tcp" portid="5060"><state state="open" reason="syn-ack" reason_ttl="50"/></port></ports></host>
<host endtime="1733443104"><address addr="193.97.184.131" addrtype="ipv4"/><ports><port protocol="tcp" portid="5061"><state state="open" reason="syn-ack" reason_ttl="49"/></port></ports></host>
<host endtime="1733443104"><address addr="202.46.246.105" addrtype="ipv4"/><ports><port protocol="tcp" portid="5060"><state state="open" reason="syn-ack" reason_ttl="51"/></port></ports></host>
<host endtime="1733443107"><address addr="202.46.2.23" addrtype="ipv4"/><ports><port protocol="tcp" portid="5060"><state state="open" reason="syn-ack" reason_ttl="51"/></port></ports></host>
<host endtime="1733443110"><address addr="202.46.248.14" addrtype="ipv4"/><ports><port protocol="tcp" portid="5060"><state state="open" reason="syn-ack" reason_ttl="50"/></port></ports></host>
<host endtime="1733443112"><address addr="199.123.27.192" addrtype="ipv4"/><ports><port protocol="tcp" portid="5060"><state state="open" reason="syn-ack" reason_ttl="229"/></port></ports></host>
<host endtime="1733443114"><address addr="103.83.18.11" addrtype="ipv4"/><ports><port protocol="tcp" portid="5060"><state state="open" reason="syn-ack" reason_ttl="48"/></port></ports></host>
<host endtime="1733443115"><address addr="202.46.4.159" addrtype="ipv4"/><ports><port protocol="tcp" portid="5060"><state state="open" reason="syn-ack" reason_ttl="51"/></port></ports></host>
<host endtime="1733443116"><address addr="202.46.250.107" addrtype="ipv4"/><ports><port protocol="tcp" portid="5060"><state state="open" reason="syn-ack" reason_ttl="51"/></port></ports></host>
<host endtime="1733443116"><address addr="103.224.214.228" addrtype="ipv4"/><ports><port protocol="tcp" portid="5060"><state state="open" reason="syn-ack" reason_ttl="48"/></port></ports></host>
<host endtime="1733443117"><address addr="202.46.245.220" addrtype="ipv4"/><ports><port protocol="tcp" portid="5060"><state state="open" reason="syn-ack" reason_ttl="51"/></port></ports></host>
<host endtime="1733443119"><address addr="103.83.18.206" addrtype="ipv4"/><ports><port protocol="tcp" portid="5060"><state state="open" reason="syn-ack" reason_ttl="48"/></port></ports></host>
<host endtime="1733443119"><address addr="202.46.8.52" addrtype="ipv4"/><ports><port protocol="tcp" portid="5060"><state state="open" reason="syn-ack" reason_ttl="51"/></port></ports></host>
<host endtime="1733443121"><address addr="103.177.50.68" addrtype="ipv4"/><ports><port protocol="tcp" portid="5061"><state state="open" reason="syn-ack" reason_ttl="121"/></port></ports></host>
<host endtime="1733443122"><address addr="103.83.18.105" addrtype="ipv4"/><ports><port protocol="tcp" portid="5060"><state state="open" reason="syn-ack" reason_ttl="48"/></port></ports></host>
<host endtime="1733443124"><address addr="202.46.11.211" addrtype="ipv4"/><ports><port protocol="tcp" portid="5060"><state state="open" reason="syn-ack" reason_ttl="50"/></port></ports></host>
<host endtime="1733443125"><address addr="202.46.243.55" addrtype="ipv4"/><ports><port protocol="tcp" portid="5060"><state state="open" reason="syn-ack" reason_ttl="51"/></port></ports></host>
<host endtime="1733443125"><address addr="199.201.236.165" addrtype="ipv4"/><ports><port protocol="tcp" portid="5060"><state state="open" reason="syn-ack" reason_ttl="47"/></port></ports></host>
<host endtime="1733443126"><address addr="199.123.25.210" addrtype="ipv4"/><ports><port protocol="tcp" portid="5060"><state state="open" reason="syn-ack" reason_ttl="229"/></port></ports></host>
<host endtime="1733443133"><address addr="202.46.8.69" addrtype="ipv4"/><ports><port protocol="tcp" portid="5060"><state state="open" reason="syn-ack" reason_ttl="50"/></port></ports></host>
<host endtime="1733443134"><address addr="202.46.12.161" addrtype="ipv4"/><ports><port protocol="tcp" portid="5060"><state state="open" reason="syn-ack" reason_ttl="50"/></port></ports></host>
<host endtime="1733443134"><address addr="199.123.27.232" addrtype="ipv4"/><ports><port protocol="tcp" portid="5060"><state state="open" reason="syn-ack" reason_ttl="229"/></port></ports></host>
<host endtime="1733443135"><address addr="103.83.18.53" addrtype="ipv4"/><ports><port protocol="tcp" portid="5060"><state state="open" reason="syn-ack" reason_ttl="48"/></port></ports></host>
<host endtime="1733443135"><address addr="202.46.12.78" addrtype="ipv4"/><ports><port protocol="tcp" portid="5060"><state state="open" reason="syn-ack" reason_ttl="51"/></port></ports></host>
<host endtime="1733443138"><address addr="199.123.27.184" addrtype="ipv4"/><ports><port protocol="tcp" portid="5060"><state state="open" reason="syn-ack" reason_ttl="229"/></port></ports></host>
<host endtime="1733443141"><address addr="193.103.206.121" addrtype="ipv4"/><ports><port protocol="tcp" portid="5060"><state state="open" reason="syn-ack" reason_ttl="52"/></port></ports></host>
<host endtime="1733443143"><address addr="199.201.236.233" addrtype="ipv4"/><ports><port protocol="tcp" portid="5060"><state state="open" reason="syn-ack" reason_ttl="47"/></port></ports></host>
<host endtime="1733443145"><address addr="202.46.8.98" addrtype="ipv4"/><ports><port protocol="tcp" portid="5060"><state state="open" reason="syn-ack" reason_ttl="50"/></port></ports></host>
<host endtime="1733443145"><address addr="199.123.24.198" addrtype="ipv4"/><ports><port protocol="tcp" portid="5060"><state state="open" reason="syn-ack" reason_ttl="229"/></port></ports></host>
<host endtime="1733443149"><address addr="202.46.241.202" addrtype="ipv4"/><ports><port protocol="tcp" portid="5060"><state state="open" reason="syn-ack" reason_ttl="51"/></port></ports></host>
<host endtime="1733443149"><address addr="202.46.249.224" addrtype="ipv4"/><ports><port protocol="tcp" portid="5060"><state state="open" reason="syn-ack" reason_ttl="51"/></port></ports></host>
<host endtime="1733443152"><address addr="202.46.1.133" addrtype="ipv4"/><ports><port protocol="tcp" portid="5060"><state state="open" reason="syn-ack" reason_ttl="50"/></port></ports></host>
<host endtime="1733443152"><address addr="202.46.248.45" addrtype="ipv4"/><ports><port protocol="tcp" portid="5060"><state state="open" reason="syn-ack" reason_ttl="51"/></port></ports></host>
<host endtime="1733443155"><address addr="202.46.10.199" addrtype="ipv4"/><ports><port protocol="tcp" portid="5060"><state state="open" reason="syn-ack" reason_ttl="50"/></port></ports></host>
<host endtime="1733443157"><address addr="103.83.18.150" addrtype="ipv4"/><ports><port protocol="tcp" portid="5060"><state state="open" reason="syn-ack" reason_ttl="48"/></port></ports></host>
<host endtime="1733443165"><address addr="202.46.6.247" addrtype="ipv4"/><ports><port protocol="tcp" portid="5060"><state state="open" reason="syn-ack" reason_ttl="51"/></port></ports></host>
<host endtime="1733443166"><address addr="202.46.9.246" addrtype="ipv4"/><ports><port protocol="tcp" portid="5060"><state state="open" reason="syn-ack" reason_ttl="51"/></port></ports></host>
<host endtime="1733443167"><address addr="199.201.237.213" addrtype="ipv4"/><ports><port protocol="tcp" portid="5060"><state state="open" reason="syn-ack" reason_ttl="47"/></port></ports></host>
<host endtime="1733443169"><address addr="199.201.237.82" addrtype="ipv4"/><ports><port protocol="tcp" portid="5060"><state state="open" reason="syn-ack" reason_ttl="47"/></port></ports></host>
<host endtime="1733443172"><address addr="197.231.249.46" addrtype="ipv4"/><ports><port protocol="tcp" portid="5060"><state state="open" reason="syn-ack" reason_ttl="43"/></port></ports></host>
<host endtime="1733443172"><address addr="202.46.248.73" addrtype="ipv4"/><ports><port protocol="tcp" portid="5060"><state state="open" reason="syn-ack" reason_ttl="50"/></port></ports></host>
<host endtime="1733443175"><address addr="199.201.237.197" addrtype="ipv4"/><ports><port protocol="tcp" portid="5060"><state state="open" reason="syn-ack" reason_ttl="47"/></port></ports></host>
<host endtime="1733443176"><address addr="202.46.15.72" addrtype="ipv4"/><ports><port protocol="tcp" portid="5060"><state state="open" reason="syn-ack" reason_ttl="51"/></port></ports></host>
<host endtime="1733443180"><address addr="202.46.251.138" addrtype="ipv4"/><ports><port protocol="tcp" portid="5060"><state state="open" reason="syn-ack" reason_ttl="51"/></port></ports></host>
<host endtime="1733443182"><address addr="202.46.244.122" addrtype="ipv4"/><ports><port protocol="tcp" portid="5060"><state state="open" reason="syn-ack" reason_ttl="50"/></port></ports></host>
<host endtime="1733443189"><address addr="202.46.7.181" addrtype="ipv4"/><ports><port protocol="tcp" portid="5060"><state state="open" reason="syn-ack" reason_ttl="51"/></port></ports></host>
<host endtime="1733443190"><address addr="202.46.7.44" addrtype="ipv4"/><ports><port protocol="tcp" portid="5060"><state state="open" reason="syn-ack" reason_ttl="51"/></port></ports></host>
<host endtime="1733443190"><address addr="199.123.26.111" addrtype="ipv4"/><ports><port protocol="tcp" portid="5060"><state state="open" reason="syn-ack" reason_ttl="229"/></port></ports></host>
<host endtime="1733443193"><address addr="202.46.243.69" addrtype="ipv4"/><ports><port protocol="tcp" portid="5060"><state state="open" reason="syn-ack" reason_ttl="51"/></port></ports></host>
<host endtime="1733443198"><address addr="202.46.250.145" addrtype="ipv4"/><ports><port protocol="tcp" portid="5060"><state state="open" reason="syn-ack" reason_ttl="51"/></port></ports></host>
<host endtime="1733443200"><address addr="103.224.215.177" addrtype="ipv4"/><ports><port protocol="tcp" portid="5060"><state state="open" reason="syn-ack" reason_ttl="48"/></port></ports></host>
<host endtime="1733443202"><address addr="202.46.241.80" addrtype="ipv4"/><ports><port protocol="tcp" portid="5060"><state state="open" reason="syn-ack" reason_ttl="50"/></port></ports></host>
<host endtime="1733443203"><address addr="199.123.25.31" addrtype="ipv4"/><ports><port protocol="tcp" portid="5060"><state state="open" reason="syn-ack" reason_ttl="229"/></port></ports></host>
<host endtime="1733443203"><address addr="202.46.255.136" addrtype="ipv4"/><ports><port protocol="tcp" portid="5060"><state state="open" reason="syn-ack" reason_ttl="50"/></port></ports></host>
<host endtime="1733443206"><address addr="202.46.7.217" addrtype="ipv4"/><ports><port protocol="tcp" portid="5060"><state state="open" reason="syn-ack" reason_ttl="51"/></port></ports></host>
<host endtime="1733443208"><address addr="202.46.253.111" addrtype="ipv4"/><ports><port protocol="tcp" portid="5060"><state state="open" reason="syn-ack" reason_ttl="50"/></port></ports></host>
<host endtime="1733443208"><address addr="202.46.13.248" addrtype="ipv4"/><ports><port protocol="tcp" portid="5060"><state state="open" reason="syn-ack" reason_ttl="51"/></port></ports></host>
<host endtime="1733443210"><address addr="202.46.242.30" addrtype="ipv4"/><ports><port protocol="tcp" portid="5060"><state state="open" reason="syn-ack" reason_ttl="51"/></port></ports></host>
<host endtime="1733443211"><address addr="202.46.251.225" addrtype="ipv4"/><ports><port protocol="tcp" portid="5060"><state state="open" reason="syn-ack" reason_ttl="51"/></port></ports></host>
<host endtime="1733443218"><address addr="202.46.13.244" addrtype="ipv4"/><ports><port protocol="tcp" portid="5060"><state state="open" reason="syn-ack" reason_ttl="51"/></port></ports></host>
<host endtime="1733443220"><address addr="202.46.4.95" addrtype="ipv4"/><ports><port protocol="tcp" portid="5060"><state state="open" reason="syn-ack" reason_ttl="50"/></port></ports></host>
<host endtime="1733443221"><address addr="202.46.248.156" addrtype="ipv4"/><ports><port protocol="tcp" portid="5060"><state state="open" reason="syn-ack" reason_ttl="51"/></port></ports></host>
<host endtime="1733443230"><address addr="202.46.1.42" addrtype="ipv4"/><ports><port protocol="tcp" portid="5061"><state state="open" reason="syn-ack" reason_ttl="50"/></port></ports></host>
<host endtime="1733443230"><address addr="202.46.247.156" addrtype="ipv4"/><ports><port protocol="tcp" portid="5060"><state state="open" reason="syn-ack" reason_ttl="51"/></port></ports></host>
<host endtime="1733443230"><address addr="202.46.255.7" addrtype="ipv4"/><ports><port protocol="tcp" portid="5060"><state state="open" reason="syn-ack" reason_ttl="51"/></port></ports></host>
<host endtime="1733443231"><address addr="202.46.12.72" addrtype="ipv4"/><ports><port protocol="tcp" portid="5060"><state state="open" reason="syn-ack" reason_ttl="50"/></port></ports></host>
<host endtime="1733443233"><address addr="202.46.0.187" addrtype="ipv4"/><ports><port protocol="tcp" portid="5060"><state state="open" reason="syn-ack" reason_ttl="50"/></port></ports></host>
<host endtime="1733443236"><address addr="103.83.18.97" addrtype="ipv4"/><ports><port protocol="tcp" portid="5060"><state state="open" reason="syn-ack" reason_ttl="48"/></port></ports></host>
<host endtime="1733443237"><address addr="193.98.229.168" addrtype="ipv4"/><ports><port protocol="tcp" portid="5060"><state state="open" reason="syn-ack" reason_ttl="47"/></port></ports></host>
<host endtime="1733443238"><address addr="103.224.215.92" addrtype="ipv4"/><ports><port protocol="tcp" portid="5060"><state state="open" reason="syn-ack" reason_ttl="48"/></port></ports></host>
<host endtime="1733443242"><address addr="103.83.19.147" addrtype="ipv4"/><ports><port protocol="tcp" portid="5060"><state state="open" reason="syn-ack" reason_ttl="48"/></port></ports></host>
<host endtime="1733443242"><address addr="103.224.214.208" addrtype="ipv4"/><ports><port protocol="tcp" portid="5060"><state state="open" reason="syn-ack" reason_ttl="48"/></port></ports></host>
<host endtime="1733443245"><address addr="202.46.3.233" addrtype="ipv4"/><ports><port protocol="tcp" portid="5060"><state state="open" reason="syn-ack" reason_ttl="51"/></port></ports></host>
<host endtime="1733443246"><address addr="202.46.3.230" addrtype="ipv4"/><ports><port protocol="tcp" portid="5060"><state state="open" reason="syn-ack" reason_ttl="51"/></port></ports></host>
<host endtime="1733443249"><address addr="202.46.241.204" addrtype="ipv4"/><ports><port protocol="tcp" portid="5060"><state state="open" reason="syn-ack" reason_ttl="51"/></port></ports></host>
<host endtime="1733443249"><address addr="202.46.255.87" addrtype="ipv4"/><ports><port protocol="tcp" portid="5060"><state state="open" reason="syn-ack" reason_ttl="50"/></port></ports></host>
<host endtime="1733443251"><address addr="103.83.19.158" addrtype="ipv4"/><ports><port protocol="tcp" portid="5060"><state state="open" reason="syn-ack" reason_ttl="48"/></port></ports></host>
<host endtime="1733443251"><address addr="103.224.214.73" addrtype="ipv4"/><ports><port protocol="tcp" portid="5060"><state state="open" reason="syn-ack" reason_ttl="48"/></port></ports></host>
<host endtime="1733443253"><address addr="202.46.248.245" addrtype="ipv4"/><ports><port protocol="tcp" portid="5060"><state state="open" reason="syn-ack" reason_ttl="50"/></port></ports></host>
<host endtime="1733443253"><address addr="202.46.245.137" addrtype="ipv4"/><ports><port protocol="tcp" portid="5060"><state state="open" reason="syn-ack" reason_ttl="51"/></port></ports></host>
<host endtime="1733443254"><address addr="202.46.240.170" addrtype="ipv4"/><ports><port protocol="tcp" portid="5060"><state state="open" reason="syn-ack" reason_ttl="51"/></port></ports></host>
<host endtime="1733443254"><address addr="202.46.1.217" addrtype="ipv4"/><ports><port protocol="tcp" portid="5060"><state state="open" reason="syn-ack" reason_ttl="51"/></port></ports></host>
<host endtime="1733443260"><address addr="202.46.242.147" addrtype="ipv4"/><ports><port protocol="tcp" portid="5060"><state state="open" reason="syn-ack" reason_ttl="51"/></port></ports></host>
<host endtime="1733443260"><address addr="202.46.241.14" addrtype="ipv4"/><ports><port protocol="tcp" portid="5060"><state state="open" reason="syn-ack" reason_ttl="51"/></port></ports></host>
<host endtime="1733443262"><address addr="202.46.6.89" addrtype="ipv4"/><ports><port protocol="tcp" portid="5060"><state state="open" reason="syn-ack" reason_ttl="50"/></port></ports></host>
<host endtime="1733443264"><address addr="103.83.19.81" addrtype="ipv4"/><ports><port protocol="tcp" portid="5060"><state state="open" reason="syn-ack" reason_ttl="48"/></port></ports></host>
<host endtime="1733443266"><address addr="202.46.250.38" addrtype="ipv4"/><ports><port protocol="tcp" portid="5060"><state state="open" reason="syn-ack" reason_ttl="50"/></port></ports></host>
<host endtime="1733443269"><address addr="202.46.4.192" addrtype="ipv4"/><ports><port protocol="tcp" portid="5060"><state state="open" reason="syn-ack" reason_ttl="50"/></port></ports></host>
<host endtime="1733443274"><address addr="202.46.8.220" addrtype="ipv4"/><ports><port protocol="tcp" portid="5060"><state state="open" reason="syn-ack" reason_ttl="50"/></port></ports></host>
<host endtime="1733443274"><address addr="199.201.237.223" addrtype="ipv4"/><ports><port protocol="tcp" portid="5060"><state state="open" reason="syn-ack" reason_ttl="47"/></port></ports></host>
<host endtime="1733443277"><address addr="202.46.5.175" addrtype="ipv4"/><ports><port protocol="tcp" portid="5060"><state state="open" reason="syn-ack" reason_ttl="50"/></port></ports></host>
<host endtime="1733443278"><address addr="103.224.215.245" addrtype="ipv4"/><ports><port protocol="tcp" portid="5060"><state state="open" reason="syn-ack" reason_ttl="48"/></port></ports></host>
<host endtime="1733443279"><address addr="202.46.246.136" addrtype="ipv4"/><ports><port protocol="tcp" portid="5060"><state state="open" reason="syn-ack" reason_ttl="51"/></port></ports></host>
<host endtime="1733443279"><address addr="202.46.240.62" addrtype="ipv4"/><ports><port protocol="tcp" portid="5060"><state state="open" reason="syn-ack" reason_ttl="51"/></port></ports></host>
<host endtime="1733443279"><address addr="202.46.253.226" addrtype="ipv4"/><ports><port protocol="tcp" portid="5060"><state state="open" reason="syn-ack" reason_ttl="51"/></port></ports></host>
<host endtime="1733443280"><address addr="202.46.9.16" addrtype="ipv4"/><ports><port protocol="tcp" portid="5060"><state state="open" reason="syn-ack" reason_ttl="51"/></port></ports></host>
<host endtime="1733443282"><address addr="199.201.237.188" addrtype="ipv4"/><ports><port protocol="tcp" portid="5060"><state state="open" reason="syn-ack" reason_ttl="47"/></port></ports></host>
<host endtime="1733443284"><address addr="202.46.14.15" addrtype="ipv4"/><ports><port protocol="tcp" portid="5060"><state state="open" reason="syn-ack" reason_ttl="51"/></port></ports></host>
<host endtime="1733443285"><address addr="103.224.214.93" addrtype="ipv4"/><ports><port protocol="tcp" portid="5060"><state state="open" reason="syn-ack" reason_ttl="48"/></port></ports></host>
<host endtime="1733443286"><address addr="202.46.0.213" addrtype="ipv4"/><ports><port protocol="tcp" portid="5060"><state state="open" reason="syn-ack" reason_ttl="51"/></port></ports></host>
<host endtime="1733443287"><address addr="202.46.240.28" addrtype="ipv4"/><ports><port protocol="tcp" portid="5060"><state state="open" reason="syn-ack" reason_ttl="51"/></port></ports></host>
<host endtime="1733443287"><address addr="199.123.27.156" addrtype="ipv4"/><ports><port protocol="tcp" portid="5060"><state state="open" reason="syn-ack" reason_ttl="229"/></port></ports></host>
<host endtime="1733443289"><address addr="202.46.244.137" addrtype="ipv4"/><ports><port protocol="tcp" portid="5060"><state state="open" reason="syn-ack" reason_ttl="51"/></port></ports></host>
<host endtime="1733443290"><address addr="193.103.200.143" addrtype="ipv4"/><ports><port protocol="tcp" portid="5060"><state state="open" reason="syn-ack" reason_ttl="52"/></port></ports></host>
<host endtime="1733443291"><address addr="193.103.200.175" addrtype="ipv4"/><ports><port protocol="tcp" portid="5060"><state state="open" reason="syn-ack" reason_ttl="54"/></port></ports></host>
<host endtime="1733443293"><address addr="202.46.247.148" addrtype="ipv4"/><ports><port protocol="tcp" portid="5060"><state state="open" reason="syn-ack" reason_ttl="51"/></port></ports></host>
<host endtime="1733443294"><address addr="202.46.249.213" addrtype="ipv4"/><ports><port protocol="tcp" portid="5060"><state state="open" reason="syn-ack" reason_ttl="50"/></port></ports></host>
<host endtime="1733443300"><address addr="202.46.9.225" addrtype="ipv4"/><ports><port protocol="tcp" portid="5060"><state state="open" reason="syn-ack" reason_ttl="51"/></port></ports></host>
<host endtime="1733443301"><address addr="202.46.251.137" addrtype="ipv4"/><ports><port protocol="tcp" portid="5060"><state state="open" reason="syn-ack" reason_ttl="51"/></port></ports></host>
<host endtime="1733443302"><address addr="202.46.249.6" addrtype="ipv4"/><ports><port protocol="tcp" portid="5060"><state state="open" reason="syn-ack" reason_ttl="51"/></port></ports></host>
<host endtime="1733443306"><address addr="202.46.9.221" addrtype="ipv4"/><ports><port protocol="tcp" portid="5060"><state state="open" reason="syn-ack" reason_ttl="51"/></port></ports></host>
<host endtime="1733443307"><address addr="202.46.248.250" addrtype="ipv4"/><ports><port protocol="tcp" portid="5060"><state state="open" reason="syn-ack" reason_ttl="51"/></port></ports></host>
<host endtime="1733443310"><address addr="202.46.249.196" addrtype="ipv4"/><ports><port protocol="tcp" portid="5060"><state state="open" reason="syn-ack" reason_ttl="51"/></port></ports></host>
<host endtime="1733443312"><address addr="103.83.19.105" addrtype="ipv4"/><ports><port protocol="tcp" portid="5060"><state state="open" reason="syn-ack" reason_ttl="48"/></port></ports></host>
<host endtime="1733443321"><address addr="199.123.24.62" addrtype="ipv4"/><ports><port protocol="tcp" portid="5060"><state state="open" reason="syn-ack" reason_ttl="229"/></port></ports></host>
<host endtime="1733443322"><address addr="202.46.14.127" addrtype="ipv4"/><ports><port protocol="tcp" portid="5060"><state state="open" reason="syn-ack" reason_ttl="50"/></port></ports></host>
<host endtime="1733443324"><address addr="202.46.12.99" addrtype="ipv4"/><ports><port protocol="tcp" portid="5060"><state state="open" reason="syn-ack" reason_ttl="51"/></port></ports></host>
<host endtime="1733443325"><address addr="202.46.251.247" addrtype="ipv4"/><ports><port protocol="tcp" portid="5060"><state state="open" reason="syn-ack" reason_ttl="50"/></port></ports></host>
<host endtime="1733443326"><address addr="202.46.3.68" addrtype="ipv4"/><ports><port protocol="tcp" portid="5060"><state state="open" reason="syn-ack" reason_ttl="50"/></port></ports></host>
<host endtime="1733443329"><address addr="202.46.12.1" addrtype="ipv4"/><ports><port protocol="tcp" portid="5060"><state state="open" reason="syn-ack" reason_ttl="51"/></port></ports></host>
<host endtime="1733443329"><address addr="202.46.249.133" addrtype="ipv4"/><ports><port protocol="tcp" portid="5060"><state state="open" reason="syn-ack" reason_ttl="51"/></port></ports></host>
<host endtime="1733443335"><address addr="202.46.245.212" addrtype="ipv4"/><ports><port protocol="tcp" portid="5060"><state state="open" reason="syn-ack" reason_ttl="50"/></port></ports></host>
<host endtime="1733443336"><address addr="202.46.250.191" addrtype="ipv4"/><ports><port protocol="tcp" portid="5060"><state state="open" reason="syn-ack" reason_ttl="51"/></port></ports></host>
<host endtime="1733443340"><address addr="202.46.0.90" addrtype="ipv4"/><ports><port protocol="tcp" portid="5060"><state state="open" reason="syn-ack" reason_ttl="50"/></port></ports></host>
<host endtime="1733443340"><address addr="202.46.251.232" addrtype="ipv4"/><ports><port protocol="tcp" portid="5060"><state state="open" reason="syn-ack" reason_ttl="50"/></port></ports></host>
<host endtime="1733443341"><address addr="202.46.246.67" addrtype="ipv4"/><ports><port protocol="tcp" portid="5060"><state state="open" reason="syn-ack" reason_ttl="51"/></port></ports></host>
<host endtime="1733443342"><address addr="193.98.229.150" addrtype="ipv4"/><ports><port protocol="tcp" portid="5060"><state state="open" reason="syn-ack" reason_ttl="44"/></port></ports></host>
<host endtime="1733443343"><address addr="199.123.25.112" addrtype="ipv4"/><ports><port protocol="tcp" portid="5060"><state state="open" reason="syn-ack" reason_ttl="229"/></port></ports></host>
<host endtime="1733443344"><address addr="103.83.18.1" addrtype="ipv4"/><ports><port protocol="tcp" portid="5060"><state state="open" reason="syn-ack" reason_ttl="48"/></port></ports></host>
<host endtime="1733443344"><address addr="202.46.240.5" addrtype="ipv4"/><ports><port protocol="tcp" portid="5060"><state state="open" reason="syn-ack" reason_ttl="51"/></port></ports></host>
<host endtime="1733443345"><address addr="202.46.11.91" addrtype="ipv4"/><ports><port protocol="tcp" portid="5060"><state state="open" reason="syn-ack" reason_ttl="51"/></port></ports></host>
<host endtime="1733443348"><address addr="202.46.2.18" addrtype="ipv4"/><ports><port protocol="tcp" portid="5060"><state state="open" reason="syn-ack" reason_ttl="50"/></port></ports></host>
<host endtime="1733443349"><address addr="202.46.240.168" addrtype="ipv4"/><ports><port protocol="tcp" portid="5060"><state state="open" reason="syn-ack" reason_ttl="51"/></port></ports></host>
<host endtime="1733443350"><address addr="103.224.214.212" addrtype="ipv4"/><ports><port protocol="tcp" portid="5060"><state state="open" reason="syn-ack" reason_ttl="48"/></port></ports></host>
<host endtime="1733443352"><address addr="202.46.241.69" addrtype="ipv4"/><ports><port protocol="tcp" portid="5060"><state state="open" reason="syn-ack" reason_ttl="51"/></port></ports></host>
<host endtime="1733443353"><address addr="202.46.252.181" addrtype="ipv4"/><ports><port protocol="tcp" portid="5060"><state state="open" reason="syn-ack" reason_ttl="50"/></port></ports></host>
<host endtime="1733443356"><address addr="202.46.8.246" addrtype="ipv4"/><ports><port protocol="tcp" portid="5060"><state state="open" reason="syn-ack" reason_ttl="50"/></port></ports></host>
<host endtime="1733443365"><address addr="193.98.229.129" addrtype="ipv4"/><ports><port protocol="tcp" portid="5061"><state state="open" reason="syn-ack" reason_ttl="44"/></port></ports></host>
<host endtime="1733443367"><address addr="202.46.6.78" addrtype="ipv4"/><ports><port protocol="tcp" portid="5060"><state state="open" reason="syn-ack" reason_ttl="50"/></port></ports></host>
<host endtime="1733443368"><address addr="202.46.3.236" addrtype="ipv4"/><ports><port protocol="tcp" portid="5060"><state state="open" reason="syn-ack" reason_ttl="50"/></port></ports></host>
<host endtime="1733443368"><address addr="202.46.12.249" addrtype="ipv4"/><ports><port protocol="tcp" portid="5060"><state state="open" reason="syn-ack" reason_ttl="51"/></port></ports></host>
<host endtime="1733443370"><address addr="202.46.247.126" addrtype="ipv4"/><ports><port protocol="tcp" portid="5060"><state state="open" reason="syn-ack" reason_ttl="51"/></port></ports></host>
<host endtime="1733443377"><address addr="103.83.19.120" addrtype="ipv4"/><ports><port protocol="tcp" portid="5060"><state state="open" reason="syn-ack" reason_ttl="48"/></port></ports></host>
<host endtime="1733443377"><address addr="202.46.248.79" addrtype="ipv4"/><ports><port protocol="tcp" portid="5060"><state state="open" reason="syn-ack" reason_ttl="50"/></port></ports></host>
<host endtime="1733443378"><address addr="202.46.241.68" addrtype="ipv4"/><ports><port protocol="tcp" portid="5060"><state state="open" reason="syn-ack" reason_ttl="51"/></port></ports></host>
<host endtime="1733443380"><address addr="199.123.26.213" addrtype="ipv4"/><ports><port protocol="tcp" portid="5060"><state state="open" reason="syn-ack" reason_ttl="229"/></port></ports></host>
<host endtime="1733443381"><address addr="202.46.13.249" addrtype="ipv4"/><ports><port protocol="tcp" portid="5060"><state state="open" reason="syn-ack" reason_ttl="51"/></port></ports></host>
<host endtime="1733443382"><address addr="103.224.214.172" addrtype="ipv4"/><ports><port protocol="tcp" portid="5060"><state state="open" reason="syn-ack" reason_ttl="48"/></port></ports></host>
<host endtime="1733443383"><address addr="193.98.116.173" addrtype="ipv4"/><ports><port protocol="tcp" portid="5060"><state state="open" reason="syn-ack" reason_ttl="49"/></port></ports></host>
<host endtime="1733443384"><address addr="103.177.50.90" addrtype="ipv4"/><ports><port protocol="tcp" portid="5061"><state state="open" reason="syn-ack" reason_ttl="120"/></port></ports></host>
<host endtime="1733443388"><address addr="202.46.13.242" addrtype="ipv4"/><ports><port protocol="tcp" portid="5060"><state state="open" reason="syn-ack" reason_ttl="50"/></port></ports></host>
<host endtime="1733443390"><address addr="202.46.242.11" addrtype="ipv4"/><ports><port protocol="tcp" portid="5060"><state state="open" reason="syn-ack" reason_ttl="50"/></port></ports></host>
<host endtime="1733443392"><address addr="202.46.255.191" addrtype="ipv4"/><ports><port protocol="tcp" portid="5060"><state state="open" reason="syn-ack" reason_ttl="51"/></port></ports></host>
<host endtime="1733443393"><address addr="199.123.25.48" addrtype="ipv4"/><ports><port protocol="tcp" portid="5060"><state state="open" reason="syn-ack" reason_ttl="229"/></port></ports></host>
<host endtime="1733443395"><address addr="202.46.3.186" addrtype="ipv4"/><ports><port protocol="tcp" portid="5060"><state state="open" reason="syn-ack" reason_ttl="50"/></port></ports></host>
<host endtime="1733443397"><address addr="193.103.200.194" addrtype="ipv4"/><ports><port protocol="tcp" portid="5060"><state state="open" reason="syn-ack" reason_ttl="54"/></port></ports></host>
<host endtime="1733443397"><address addr="202.46.253.95" addrtype="ipv4"/><ports><port protocol="tcp" portid="5060"><state state="open" reason="syn-ack" reason_ttl="51"/></port></ports></host>
<host endtime="1733443399"><address addr="202.46.7.81" addrtype="ipv4"/><ports><port protocol="tcp" portid="5060"><state state="open" reason="syn-ack" reason_ttl="50"/></port></ports></host>
<host endtime="1733443399"><address addr="202.46.9.245" addrtype="ipv4"/><ports><port protocol="tcp" portid="5060"><state state="open" reason="syn-ack" reason_ttl="51"/></port></ports></host>
<host endtime="1733443401"><address addr="202.46.0.237" addrtype="ipv4"/><ports><port protocol="tcp" portid="5060"><state state="open" reason="syn-ack" reason_ttl="51"/></port></ports></host>
<host endtime="1733443401"><address addr="202.46.4.236" addrtype="ipv4"/><ports><port protocol="tcp" portid="5060"><state state="open" reason="syn-ack" reason_ttl="50"/></port></ports></host>
<host endtime="1733443405"><address addr="199.123.27.48" addrtype="ipv4"/><ports><port protocol="tcp" portid="5060"><state state="open" reason="syn-ack" reason_ttl="229"/></port></ports></host>
<host endtime="1733443405"><address addr="202.46.253.127" addrtype="ipv4"/><ports><port protocol="tcp" portid="5060"><state state="open" reason="syn-ack" reason_ttl="51"/></port></ports></host>
<host endtime="1733443406"><address addr="202.46.14.7" addrtype="ipv4"/><ports><port protocol="tcp" portid="5060"><state state="open" reason="syn-ack" reason_ttl="50"/></port></ports></host>
<host endtime="1733443411"><address addr="202.46.249.20" addrtype="ipv4"/><ports><port protocol="tcp" portid="5060"><state state="open" reason="syn-ack" reason_ttl="51"/></port></ports></host>
<host endtime="1733443414"><address addr="202.46.243.29" addrtype="ipv4"/><ports><port protocol="tcp" portid="5060"><state state="open" reason="syn-ack" reason_ttl="51"/></port></ports></host>
<host endtime="1733443415"><address addr="202.46.242.13" addrtype="ipv4"/><ports><port protocol="tcp" portid="5060"><state state="open" reason="syn-ack" reason_ttl="51"/></port></ports></host>
<host endtime="1733443415"><address addr="103.224.214.2" addrtype="ipv4"/><ports><port protocol="tcp" portid="5060"><state state="open" reason="syn-ack" reason_ttl="48"/></port></ports></host>
<host endtime="1733443416"><address addr="199.201.236.129" addrtype="ipv4"/><ports><port protocol="tcp" portid="5060"><state state="open" reason="syn-ack" reason_ttl="47"/></port></ports></host>
<host endtime="1733443418"><address addr="202.46.242.107" addrtype="ipv4"/><ports><port protocol="tcp" portid="5060"><state state="open" reason="syn-ack" reason_ttl="51"/></port></ports></host>
<host endtime="1733443418"><address addr="193.98.229.230" addrtype="ipv4"/><ports><port protocol="tcp" portid="5061"><state state="open" reason="syn-ack" reason_ttl="47"/></port></ports></host>
<host endtime="1733443421"><address addr="193.103.200.67" addrtype="ipv4"/><ports><port protocol="tcp" portid="5060"><state state="open" reason="syn-ack" reason_ttl="54"/></port></ports></host>
<host endtime="1733443422"><address addr="202.46.1.156" addrtype="ipv4"/><ports><port protocol="tcp" portid="5060"><state state="open" reason="syn-ack" reason_ttl="51"/></port></ports></host>
<host endtime="1733443423"><address addr="41.77.65.12" addrtype="ipv4"/><ports><port protocol="tcp" portid="5060"><state state="open" reason="syn-ack" reason_ttl="48"/></port></ports></host>
<host endtime="1733443426"><address addr="202.46.0.47" addrtype="ipv4"/><ports><port protocol="tcp" portid="5060"><state state="open" reason="syn-ack" reason_ttl="51"/></port></ports></host>
<host endtime="1733443432"><address addr="202.46.250.59" addrtype="ipv4"/><ports><port protocol="tcp" portid="5060"><state state="open" reason="syn-ack" reason_ttl="51"/></port></ports></host>
<host endtime="1733443434"><address addr="202.46.1.63" addrtype="ipv4"/><ports><port protocol="tcp" portid="5060"><state state="open" reason="syn-ack" reason_ttl="51"/></port></ports></host>
<host endtime="1733443434"><address addr="202.46.247.60" addrtype="ipv4"/><ports><port protocol="tcp" portid="5060"><state state="open" reason="syn-ack" reason_ttl="50"/></port></ports></host>
<host endtime="1733443434"><address addr="202.46.15.190" addrtype="ipv4"/><ports><port protocol="tcp" portid="5060"><state state="open" reason="syn-ack" reason_ttl="51"/></port></ports></host>
<host endtime="1733443440"><address addr="202.46.247.117" addrtype="ipv4"/><ports><port protocol="tcp" portid="5060"><state state="open" reason="syn-ack" reason_ttl="50"/></port></ports></host>
<host endtime="1733443442"><address addr="202.46.12.96" addrtype="ipv4"/><ports><port protocol="tcp" portid="5060"><state state="open" reason="syn-ack" reason_ttl="51"/></port></ports></host>
<host endtime="1733443443"><address addr="202.46.0.158" addrtype="ipv4"/><ports><port protocol="tcp" portid="5060"><state state="open" reason="syn-ack" reason_ttl="51"/></port></ports></host>
<host endtime="1733443445"><address addr="202.46.2.66" addrtype="ipv4"/><ports><port protocol="tcp" portid="5060"><state state="open" reason="syn-ack" reason_ttl="50"/></port></ports></host>
<host endtime="1733443445"><address addr="202.46.9.25" addrtype="ipv4"/><ports><port protocol="tcp" portid="5060"><state state="open" reason="syn-ack" reason_ttl="51"/></port></ports></host>
<host endtime="1733443446"><address addr="103.224.214.3" addrtype="ipv4"/><ports><port protocol="tcp" portid="5060"><state state="open" reason="syn-ack" reason_ttl="48"/></port></ports></host>
<host endtime="1733443447"><address addr="199.123.27.45" addrtype="ipv4"/><ports><port protocol="tcp" portid="5060"><state state="open" reason="syn-ack" reason_ttl="229"/></port></ports></host>
<host endtime="1733443447"><address addr="202.46.242.104" addrtype="ipv4"/><ports><port protocol="tcp" portid="5060"><state state="open" reason="syn-ack" reason_ttl="51"/></port></ports></host>
<host endtime="1733443449"><address addr="202.46.250.176" addrtype="ipv4"/><ports><port protocol="tcp" portid="5060"><state state="open" reason="syn-ack" reason_ttl="51"/></port></ports></host>
<host endtime="1733443452"><address addr="202.46.242.234" addrtype="ipv4"/><ports><port protocol="tcp" portid="5060"><state state="open" reason="syn-ack" reason_ttl="51"/></port></ports></host>
<host endtime="1733443455"><address addr="202.46.10.142" addrtype="ipv4"/><ports><port protocol="tcp" portid="5060"><state state="open" reason="syn-ack" reason_ttl="50"/></port></ports></host>
<host endtime="1733443456"><address addr="202.46.3.59" addrtype="ipv4"/><ports><port protocol="tcp" portid="5060"><state state="open" reason="syn-ack" reason_ttl="51"/></port></ports></host>
<host endtime="1733443457"><address addr="202.46.10.18" addrtype="ipv4"/><ports><port protocol="tcp" portid="5060"><state state="open" reason="syn-ack" reason_ttl="51"/></port></ports></host>
<host endtime="1733443458"><address addr="202.46.4.2" addrtype="ipv4"/><ports><port protocol="tcp" portid="5060"><state state="open" reason="syn-ack" reason_ttl="50"/></port></ports></host>
<host endtime="1733443458"><address addr="202.46.240.224" addrtype="ipv4"/><ports><port protocol="tcp" portid="5060"><state state="open" reason="syn-ack" reason_ttl="51"/></port></ports></host>
<host endtime="1733443458"><address addr="202.46.0.176" addrtype="ipv4"/><ports><port protocol="tcp" portid="5060"><state state="open" reason="syn-ack" reason_ttl="50"/></port></ports></host>
<host endtime="1733443460"><address addr="202.46.15.171" addrtype="ipv4"/><ports><port protocol="tcp" portid="5060"><state state="open" reason="syn-ack" reason_ttl="51"/></port></ports></host>
<host endtime="1733443461"><address addr="202.46.246.212" addrtype="ipv4"/><ports><port protocol="tcp" portid="5060"><state state="open" reason="syn-ack" reason_ttl="51"/></port></ports></host>
<host endtime="1733443462"><address addr="202.46.4.12" addrtype="ipv4"/><ports><port protocol="tcp" portid="5060"><state state="open" reason="syn-ack" reason_ttl="51"/></port></ports></host>
<host endtime="1733443463"><address addr="202.46.14.114" addrtype="ipv4"/><ports><port protocol="tcp" portid="5060"><state state="open" reason="syn-ack" reason_ttl="50"/></port></ports></host>
<host endtime="1733443468"><address addr="202.46.254.128" addrtype="ipv4"/><ports><port protocol="tcp" portid="5060"><state state="open" reason="syn-ack" reason_ttl="50"/></port></ports></host>
<host endtime="1733443470"><address addr="202.46.254.182" addrtype="ipv4"/><ports><port protocol="tcp" portid="5060"><state state="open" reason="syn-ack" reason_ttl="50"/></port></ports></host>
<host endtime="1733443473"><address addr="202.46.13.157" addrtype="ipv4"/><ports><port protocol="tcp" portid="5060"><state state="open" reason="syn-ack" reason_ttl="50"/></port></ports></host>
<host endtime="1733443473"><address addr="202.46.248.129" addrtype="ipv4"/><ports><port protocol="tcp" portid="5060"><state state="open" reason="syn-ack" reason_ttl="51"/></port></ports></host>
<host endtime="1733443481"><address addr="202.46.7.49" addrtype="ipv4"/><ports><port protocol="tcp" portid="5060"><state state="open" reason="syn-ack" reason_ttl="50"/></port></ports></host>
<host endtime="1733443485"><address addr="103.83.18.129" addrtype="ipv4"/><ports><port protocol="tcp" portid="5060"><state state="open" reason="syn-ack" reason_ttl="48"/></port></ports></host>
<host endtime="1733443486"><address addr="202.46.8.62" addrtype="ipv4"/><ports><port protocol="tcp" portid="5060"><state state="open" reason="syn-ack" reason_ttl="51"/></port></ports></host>
<host endtime="1733443487"><address addr="202.46.248.84" addrtype="ipv4"/><ports><port protocol="tcp" portid="5060"><state state="open" reason="syn-ack" reason_ttl="51"/></port></ports></host>
<host endtime="1733443491"><address addr="202.46.248.113" addrtype="ipv4"/><ports><port protocol="tcp" portid="5060"><state state="open" reason="syn-ack" reason_ttl="50"/></port></ports></host>
<host endtime="1733443491"><address addr="199.201.236.241" addrtype="ipv4"/><ports><port protocol="tcp" portid="5060"><state state="open" reason="syn-ack" reason_ttl="47"/></port></ports></host>
<host endtime="1733443492"><address addr="199.123.26.125" addrtype="ipv4"/><ports><port protocol="tcp" portid="5060"><state state="open" reason="syn-ack" reason_ttl="229"/></port></ports></host>
<host endtime="1733443492"><address addr="199.201.237.97" addrtype="ipv4"/><ports><port protocol="tcp" portid="5060"><state state="open" reason="syn-ack" reason_ttl="47"/></port></ports></host>
<host endtime="1733443494"><address addr="202.46.5.61" addrtype="ipv4"/><ports><port protocol="tcp" portid="5060"><state state="open" reason="syn-ack" reason_ttl="50"/></port></ports></host>
<host endtime="1733443496"><address addr="202.46.5.84" addrtype="ipv4"/><ports><port protocol="tcp" portid="5060"><state state="open" reason="syn-ack" reason_ttl="50"/></port></ports></host>
<host endtime="1733443496"><address addr="202.46.1.46" addrtype="ipv4"/><ports><port protocol="tcp" portid="5060"><state state="open" reason="syn-ack" reason_ttl="51"/></port></ports></host>
<host endtime="1733443499"><address addr="202.46.13.164" addrtype="ipv4"/><ports><port protocol="tcp" portid="5060"><state state="open" reason="syn-ack" reason_ttl="50"/></port></ports></host>
<host endtime="1733443500"><address addr="202.46.6.186" addrtype="ipv4"/><ports><port protocol="tcp" portid="5060"><state state="open" reason="syn-ack" reason_ttl="51"/></port></ports></host>
<host endtime="1733443502"><address addr="202.46.8.133" addrtype="ipv4"/><ports><port protocol="tcp" portid="5060"><state state="open" reason="syn-ack" reason_ttl="51"/></port></ports></host>
<host endtime="1733443502"><address addr="202.46.252.68" addrtype="ipv4"/><ports><port protocol="tcp" portid="5060"><state state="open" reason="syn-ack" reason_ttl="50"/></port></ports></host>
<host endtime="1733443504"><address addr="202.46.242.55" addrtype="ipv4"/><ports><port protocol="tcp" portid="5060"><state state="open" reason="syn-ack" reason_ttl="51"/></port></ports></host>
<host endtime="1733443504"><address addr="202.46.5.14" addrtype="ipv4"/><ports><port protocol="tcp" portid="5060"><state state="open" reason="syn-ack" reason_ttl="50"/></port></ports></host>
<host endtime="1733443507"><address addr="202.46.12.197" addrtype="ipv4"/><ports><port protocol="tcp" portid="5060"><state state="open" reason="syn-ack" reason_ttl="51"/></port></ports></host>
<host endtime="1733443507"><address addr="202.46.248.152" addrtype="ipv4"/><ports><port protocol="tcp" portid="5060"><state state="open" reason="syn-ack" reason_ttl="51"/></port></ports></host>
<host endtime="1733443510"><address addr="202.46.9.72" addrtype="ipv4"/><ports><port protocol="tcp" portid="5060"><state state="open" reason="syn-ack" reason_ttl="50"/></port></ports></host>
<host endtime="1733443512"><address addr="202.46.252.12" addrtype="ipv4"/><ports><port protocol="tcp" portid="5060"><state state="open" reason="syn-ack" reason_ttl="50"/></port></ports></host>
<host endtime="1733443514"><address addr="202.46.13.252" addrtype="ipv4"/><ports><port protocol="tcp" portid="5060"><state state="open" reason="syn-ack" reason_ttl="50"/></port></ports></host>
<host endtime="1733443515"><address addr="202.46.0.190" addrtype="ipv4"/><ports><port protocol="tcp" portid="5060"><state state="open" reason="syn-ack" reason_ttl="51"/></port></ports></host>
<host endtime="1733443517"><address addr="202.46.2.210" addrtype="ipv4"/><ports><port protocol="tcp" portid="5060"><state state="open" reason="syn-ack" reason_ttl="51"/></port></ports></host>
<host endtime="1733443519"><address addr="202.46.244.86" addrtype="ipv4"/><ports><port protocol="tcp" portid="5060"><state state="open" reason="syn-ack" reason_ttl="50"/></port></ports></host>
<host endtime="1733443520"><address addr="193.96.139.243" addrtype="ipv4"/><ports><port protocol="tcp" portid="5061"><state state="open" reason="syn-ack" reason_ttl="51"/></port></ports></host>
<host endtime="1733443522"><address addr="199.123.24.239" addrtype="ipv4"/><ports><port protocol="tcp" portid="5060"><state state="open" reason="syn-ack" reason_ttl="229"/></port></ports></host>
<host endtime="1733443523"><address addr="202.46.253.137" addrtype="ipv4"/><ports><port protocol="tcp" portid="5060"><state state="open" reason="syn-ack" reason_ttl="51"/></port></ports></host>
<host endtime="1733443523"><address addr="202.46.242.176" addrtype="ipv4"/><ports><port protocol="tcp" portid="5060"><state state="open" reason="syn-ack" reason_ttl="51"/></port></ports></host>
<host endtime="1733443524"><address addr="202.46.254.217" addrtype="ipv4"/><ports><port protocol="tcp" portid="5060"><state state="open" reason="syn-ack" reason_ttl="51"/></port></ports></host>
<host endtime="1733443528"><address addr="199.123.24.102" addrtype="ipv4"/><ports><port protocol="tcp" portid="5060"><state state="open" reason="syn-ack" reason_ttl="229"/></port></ports></host>
<host endtime="1733443528"><address addr="103.83.18.81" addrtype="ipv4"/><ports><port protocol="tcp" portid="5060"><state state="open" reason="syn-ack" reason_ttl="48"/></port></ports></host>
<host endtime="1733443532"><address addr="202.46.5.158" addrtype="ipv4"/><ports><port protocol="tcp" portid="5060"><state state="open" reason="syn-ack" reason_ttl="51"/></port></ports></host>
<host endtime="1733443533"><address addr="202.46.247.39" addrtype="ipv4"/><ports><port protocol="tcp" portid="5060"><state state="open" reason="syn-ack" reason_ttl="51"/></port></ports></host>
<host endtime="1733443533"><address addr="199.201.236.33" addrtype="ipv4"/><ports><port protocol="tcp" portid="5060"><state state="open" reason="syn-ack" reason_ttl="47"/></port></ports></host>
<host endtime="1733443533"><address addr="202.46.250.63" addrtype="ipv4"/><ports><port protocol="tcp" portid="5060"><state state="open" reason="syn-ack" reason_ttl="51"/></port></ports></host>
<host endtime="1733443536"><address addr="202.46.2.1" addrtype="ipv4"/><ports><port protocol="tcp" portid="5060"><state state="open" reason="syn-ack" reason_ttl="51"/></port></ports></host>
<host endtime="1733443536"><address addr="202.46.251.68" addrtype="ipv4"/><ports><port protocol="tcp" portid="5060"><state state="open" reason="syn-ack" reason_ttl="50"/></port></ports></host>
<host endtime="1733443536"><address addr="202.46.247.5" addrtype="ipv4"/><ports><port protocol="tcp" portid="5060"><state state="open" reason="syn-ack" reason_ttl="51"/></port></ports></host>
<host endtime="1733443537"><address addr="202.46.246.213" addrtype="ipv4"/><ports><port protocol="tcp" portid="5060"><state state="open" reason="syn-ack" reason_ttl="51"/></port></ports></host>
<host endtime="1733443538"><address addr="202.46.9.68" addrtype="ipv4"/><ports><port protocol="tcp" portid="5060"><state state="open" reason="syn-ack" reason_ttl="50"/></port></ports></host>
<host endtime="1733443539"><address addr="202.46.9.122" addrtype="ipv4"/><ports><port protocol="tcp" portid="5060"><state state="open" reason="syn-ack" reason_ttl="51"/></port></ports></host>
<host endtime="1733443540"><address addr="202.46.252.43" addrtype="ipv4"/><ports><port protocol="tcp" portid="5060"><state state="open" reason="syn-ack" reason_ttl="51"/></port></ports></host>
<host endtime="1733443541"><address addr="202.46.253.232" addrtype="ipv4"/><ports><port protocol="tcp" portid="5060"><state state="open" reason="syn-ack" reason_ttl="51"/></port></ports></host>
<host endtime="1733443543"><address addr="193.103.200.23" addrtype="ipv4"/><ports><port protocol="tcp" portid="5060"><state state="open" reason="syn-ack" reason_ttl="54"/></port></ports></host>
<host endtime="1733443547"><address addr="202.46.245.229" addrtype="ipv4"/><ports><port protocol="tcp" portid="5060"><state state="open" reason="syn-ack" reason_ttl="51"/></port></ports></host>
<host endtime="1733443549"><address addr="202.46.0.49" addrtype="ipv4"/><ports><port protocol="tcp" portid="5060"><state state="open" reason="syn-ack" reason_ttl="51"/></port></ports></host>
<host endtime="1733443551"><address addr="202.46.2.114" addrtype="ipv4"/><ports><port protocol="tcp" portid="5060"><state state="open" reason="syn-ack" reason_ttl="50"/></port></ports></host>
<host endtime="1733443553"><address addr="202.46.250.155" addrtype="ipv4"/><ports><port protocol="tcp" portid="5060"><state state="open" reason="syn-ack" reason_ttl="50"/></port></ports></host>
<host endtime="1733443554"><address addr="202.46.246.113" addrtype="ipv4"/><ports><port protocol="tcp" portid="5060"><state state="open" reason="syn-ack" reason_ttl="51"/></port></ports></host>
<host endtime="1733443557"><address addr="199.201.236.142" addrtype="ipv4"/><ports><port protocol="tcp" portid="5060"><state state="open" reason="syn-ack" reason_ttl="47"/></port></ports></host>
<host endtime="1733443557"><address addr="202.46.3.64" addrtype="ipv4"/><ports><port protocol="tcp" portid="5060"><state state="open" reason="syn-ack" reason_ttl="51"/></port></ports></host>
<host endtime="1733443558"><address addr="103.83.19.254" addrtype="ipv4"/><ports><port protocol="tcp" portid="5060"><state state="open" reason="syn-ack" reason_ttl="48"/></port></ports></host>
<host endtime="1733443560"><address addr="103.224.214.83" addrtype="ipv4"/><ports><port protocol="tcp" portid="5060"><state state="open" reason="syn-ack" reason_ttl="48"/></port></ports></host>
<host endtime="1733443560"><address addr="202.46.1.43" addrtype="ipv4"/><ports><port protocol="tcp" portid="5060"><state state="open" reason="syn-ack" reason_ttl="50"/></port></ports></host>
<host endtime="1733443561"><address addr="199.201.236.121" addrtype="ipv4"/><ports><port protocol="tcp" portid="5060"><state state="open" reason="syn-ack" reason_ttl="47"/></port></ports></host>
<host endtime="1733443562"><address addr="202.46.245.104" addrtype="ipv4"/><ports><port protocol="tcp" portid="5060"><state state="open" reason="syn-ack" reason_ttl="51"/></port></ports></host>
<host endtime="1733443562"><address addr="202.46.244.209" addrtype="ipv4"/><ports><port protocol="tcp" portid="5060"><state state="open" reason="syn-ack" reason_ttl="51"/></port></ports></host>
<host endtime="1733443563"><address addr="202.46.254.149" addrtype="ipv4"/><ports><port protocol="tcp" portid="5060"><state state="open" reason="syn-ack" reason_ttl="51"/></port></ports></host>
<host endtime="1733443564"><address addr="202.46.241.126" addrtype="ipv4"/><ports><port protocol="tcp" portid="5060"><state state="open" reason="syn-ack" reason_ttl="51"/></port></ports></host>
<host endtime="1733443565"><address addr="202.46.245.194" addrtype="ipv4"/><ports><port protocol="tcp" portid="5060"><state state="open" reason="syn-ack" reason_ttl="51"/></port></ports></host>
<host endtime="1733443569"><address addr="202.46.248.57" addrtype="ipv4"/><ports><port protocol="tcp" portid="5060"><state state="open" reason="syn-ack" reason_ttl="51"/></port></ports></host>
<host endtime="1733443570"><address addr="202.46.240.129" addrtype="ipv4"/><ports><port protocol="tcp" portid="5060"><state state="open" reason="syn-ack" reason_ttl="51"/></port></ports></host>
<host endtime="1733443570"><address addr="202.46.0.199" addrtype="ipv4"/><ports><port protocol="tcp" portid="5060"><state state="open" reason="syn-ack" reason_ttl="51"/></port></ports></host>
<host endtime="1733443571"><address addr="202.46.251.1" addrtype="ipv4"/><ports><port protocol="tcp" portid="5060"><state state="open" reason="syn-ack" reason_ttl="50"/></port></ports></host>
<host endtime="1733443574"><address addr="199.123.25.95" addrtype="ipv4"/><ports><port protocol="tcp" portid="5060"><state state="open" reason="syn-ack" reason_ttl="229"/></port></ports></host>
<host endtime="1733443574"><address addr="103.83.19.236" addrtype="ipv4"/><ports><port protocol="tcp" portid="5060"><state state="open" reason="syn-ack" reason_ttl="48"/></port></ports></host>
<host endtime="1733443579"><address addr="199.123.27.63" addrtype="ipv4"/><ports><port protocol="tcp" portid="5060"><state state="open" reason="syn-ack" reason_ttl="229"/></port></ports></host>
<host endtime="1733443580"><address addr="202.46.253.238" addrtype="ipv4"/><ports><port protocol="tcp" portid="5060"><state state="open" reason="syn-ack" reason_ttl="51"/></port></ports></host>
<host endtime="1733443583"><address addr="202.46.14.46" addrtype="ipv4"/><ports><port protocol="tcp" portid="5060"><state state="open" reason="syn-ack" reason_ttl="51"/></port></ports></host>
<host endtime="1733443584"><address addr="202.46.3.122" addrtype="ipv4"/><ports><port protocol="tcp" portid="5061"><state state="open" reason="syn-ack" reason_ttl="50"/></port></ports></host>
<host endtime="1733443585"><address addr="103.224.215.98" addrtype="ipv4"/><ports><port protocol="tcp" portid="5060"><state state="open" reason="syn-ack" reason_ttl="48"/></port></ports></host>
<host endtime="1733443586"><address addr="202.46.243.18" addrtype="ipv4"/><ports><port protocol="tcp" portid="5060"><state state="open" reason="syn-ack" reason_ttl="51"/></port></ports></host>
<host endtime="1733443592"><address addr="202.46.246.98" addrtype="ipv4"/><ports><port protocol="tcp" portid="5060"><state state="open" reason="syn-ack" reason_ttl="51"/></port></ports></host>
<host endtime="1733443593"><address addr="202.46.1.195" addrtype="ipv4"/><ports><port protocol="tcp" portid="5060"><state state="open" reason="syn-ack" reason_ttl="51"/></port></ports></host>
<host endtime="1733443594"><address addr="193.98.229.42" addrtype="ipv4"/><ports><port protocol="tcp" portid="5060"><state state="open" reason="syn-ack" reason_ttl="49"/></port></ports></host>
<host endtime="1733443594"><address addr="199.123.26.228" addrtype="ipv4"/><ports><port protocol="tcp" portid="5060"><state state="open" reason="syn-ack" reason_ttl="229"/></port></ports></host>
<host endtime="1733443595"><address addr="103.83.19.213" addrtype="ipv4"/><ports><port protocol="tcp" portid="5060"><state state="open" reason="syn-ack" reason_ttl="48"/></port></ports></host>
<host endtime="1733443597"><address addr="199.201.236.96" addrtype="ipv4"/><ports><port protocol="tcp" portid="5060"><state state="open" reason="syn-ack" reason_ttl="47"/></port></ports></host>
<host endtime="1733443597"><address addr="202.46.12.93" addrtype="ipv4"/><ports><port protocol="tcp" portid="5060"><state state="open" reason="syn-ack" reason_ttl="51"/></port></ports></host>
<host endtime="1733443599"><address addr="202.46.8.248" addrtype="ipv4"/><ports><port protocol="tcp" portid="5060"><state state="open" reason="syn-ack" reason_ttl="51"/></port></ports></host>
<host endtime="1733443599"><address addr="202.46.244.164" addrtype="ipv4"/><ports><port protocol="tcp" portid="5060"><state state="open" reason="syn-ack" reason_ttl="51"/></port></ports></host>
<host endtime="1733443600"><address addr="103.224.214.206" addrtype="ipv4"/><ports><port protocol="tcp" portid="5060"><state state="open" reason="syn-ack" reason_ttl="48"/></port></ports></host>
<host endtime="1733443601"><address addr="202.46.243.206" addrtype="ipv4"/><ports><port protocol="tcp" portid="5060"><state state="open" reason="syn-ack" reason_ttl="51"/></port></ports></host>
<host endtime="1733443602"><address addr="202.46.248.202" addrtype="ipv4"/><ports><port protocol="tcp" portid="5060"><state state="open" reason="syn-ack" reason_ttl="51"/></port></ports></host>
<host endtime="1733443605"><address addr="202.46.6.207" addrtype="ipv4"/><ports><port protocol="tcp" portid="5060"><state state="open" reason="syn-ack" reason_ttl="51"/></port></ports></host>
<host endtime="1733443606"><address addr="202.46.12.64" addrtype="ipv4"/><ports><port protocol="tcp" portid="5060"><state state="open" reason="syn-ack" reason_ttl="50"/></port></ports></host>
<host endtime="1733443607"><address addr="202.46.240.178" addrtype="ipv4"/><ports><port protocol="tcp" portid="5060"><state state="open" reason="syn-ack" reason_ttl="51"/></port></ports></host>
<host endtime="1733443609"><address addr="202.46.253.148" addrtype="ipv4"/><ports><port protocol="tcp" portid="5060"><state state="open" reason="syn-ack" reason_ttl="51"/></port></ports></host>
<host endtime="1733443611"><address addr="103.224.214.126" addrtype="ipv4"/><ports><port protocol="tcp" portid="5060"><state state="open" reason="syn-ack" reason_ttl="48"/></port></ports></host>
<host endtime="1733443611"><address addr="202.46.5.231" addrtype="ipv4"/><ports><port protocol="tcp" portid="5060"><state state="open" reason="syn-ack" reason_ttl="51"/></port></ports></host>
<host endtime="1733443611"><address addr="202.46.2.61" addrtype="ipv4"/><ports><port protocol="tcp" portid="5060"><state state="open" reason="syn-ack" reason_ttl="50"/></port></ports></host>
<host endtime="1733443613"><address addr="202.46.13.98" addrtype="ipv4"/><ports><port protocol="tcp" portid="5060"><state state="open" reason="syn-ack" reason_ttl="50"/></port></ports></host>
<host endtime="1733443613"><address addr="202.46.6.44" addrtype="ipv4"/><ports><port protocol="tcp" portid="5060"><state state="open" reason="syn-ack" reason_ttl="51"/></port></ports></host>
<host endtime="1733443613"><address addr="202.46.6.48" addrtype="ipv4"/><ports><port protocol="tcp" portid="5060"><state state="open" reason="syn-ack" reason_ttl="51"/></port></ports></host>
<host endtime="1733443614"><address addr="103.224.214.215" addrtype="ipv4"/><ports><port protocol="tcp" portid="5060"><state state="open" reason="syn-ack" reason_ttl="48"/></port></ports></host>
<host endtime="1733443615"><address addr="202.46.9.75" addrtype="ipv4"/><ports><port protocol="tcp" portid="5060"><state state="open" reason="syn-ack" reason_ttl="51"/></port></ports></host>
<host endtime="1733443617"><address addr="202.46.240.149" addrtype="ipv4"/><ports><port protocol="tcp" portid="5060"><state state="open" reason="syn-ack" reason_ttl="51"/></port></ports></host>
<host endtime="1733443622"><address addr="202.46.11.112" addrtype="ipv4"/><ports><port protocol="tcp" portid="5060"><state state="open" reason="syn-ack" reason_ttl="51"/></port></ports></host>
<host endtime="1733443625"><address addr="199.123.27.26" addrtype="ipv4"/><ports><port protocol="tcp" portid="5060"><state state="open" reason="syn-ack" reason_ttl="229"/></port></ports></host>
<host endtime="1733443626"><address addr="199.123.27.78" addrtype="ipv4"/><ports><port protocol="tcp" portid="5060"><state state="open" reason="syn-ack" reason_ttl="229"/></port></ports></host>
<host endtime="1733443629"><address addr="196.195.4.57" addrtype="ipv4"/><ports><port protocol="tcp" portid="5060"><state state="open" reason="syn-ack" reason_ttl="53"/></port></ports></host>
<host endtime="1733443630"><address addr="202.46.13.148" addrtype="ipv4"/><ports><port protocol="tcp" portid="5060"><state state="open" reason="syn-ack" reason_ttl="51"/></port></ports></host>
<host endtime="1733443632"><address addr="199.123.25.77" addrtype="ipv4"/><ports><port protocol="tcp" portid="5060"><state state="open" reason="syn-ack" reason_ttl="229"/></port></ports></host>
<host endtime="1733443632"><address addr="202.46.4.244" addrtype="ipv4"/><ports><port protocol="tcp" portid="5060"><state state="open" reason="syn-ack" reason_ttl="51"/></port></ports></host>
<host endtime="1733443633"><address addr="202.46.4.189" addrtype="ipv4"/><ports><port protocol="tcp" portid="5060"><state state="open" reason="syn-ack" reason_ttl="51"/></port></ports></host>
<host endtime="1733443634"><address addr="202.46.11.82" addrtype="ipv4"/><ports><port protocol="tcp" portid="5060"><state state="open" reason="syn-ack" reason_ttl="51"/></port></ports></host>
<host endtime="1733443634"><address addr="202.46.12.49" addrtype="ipv4"/><ports><port protocol="tcp" portid="5060"><state state="open" reason="syn-ack" reason_ttl="50"/></port></ports></host>
<host endtime="1733443638"><address addr="202.46.2.195" addrtype="ipv4"/><ports><port protocol="tcp" portid="5060"><state state="open" reason="syn-ack" reason_ttl="51"/></port></ports></host>
<host endtime="1733443639"><address addr="202.46.12.127" addrtype="ipv4"/><ports><port protocol="tcp" portid="5060"><state state="open" reason="syn-ack" reason_ttl="50"/></port></ports></host>
<host endtime="1733443639"><address addr="202.46.242.8" addrtype="ipv4"/><ports><port protocol="tcp" portid="5060"><state state="open" reason="syn-ack" reason_ttl="50"/></port></ports></host>
<host endtime="1733443640"><address addr="202.46.255.108" addrtype="ipv4"/><ports><port protocol="tcp" portid="5060"><state state="open" reason="syn-ack" reason_ttl="51"/></port></ports></host>
<host endtime="1733443644"><address addr="193.98.229.216" addrtype="ipv4"/><ports><port protocol="tcp" portid="5061"><state state="open" reason="syn-ack" reason_ttl="48"/></port></ports></host>
<host endtime="1733443645"><address addr="196.195.253.113" addrtype="ipv4"/><ports><port protocol="tcp" portid="5060"><state state="open" reason="syn-ack" reason_ttl="53"/></port></ports></host>
<host endtime="1733443645"><address addr="202.46.1.29" addrtype="ipv4"/><ports><port protocol="tcp" portid="5060"><state state="open" reason="syn-ack" reason_ttl="51"/></port></ports></host>
<host endtime="1733443648"><address addr="202.46.254.53" addrtype="ipv4"/><ports><port protocol="tcp" portid="5060"><state state="open" reason="syn-ack" reason_ttl="50"/></port></ports></host>
<host endtime="1733443649"><address addr="202.46.11.149" addrtype="ipv4"/><ports><port protocol="tcp" portid="5060"><state state="open" reason="syn-ack" reason_ttl="50"/></port></ports></host>
<host endtime="1733443651"><address addr="202.46.4.185" addrtype="ipv4"/><ports><port protocol="tcp" portid="5060"><state state="open" reason="syn-ack" reason_ttl="51"/></port></ports></host>
<host endtime="1733443654"><address addr="202.46.249.2" addrtype="ipv4"/><ports><port protocol="tcp" portid="5060"><state state="open" reason="syn-ack" reason_ttl="51"/></port></ports></host>
<host endtime="1733443654"><address addr="202.46.10.105" addrtype="ipv4"/><ports><port protocol="tcp" portid="5060"><state state="open" reason="syn-ack" reason_ttl="51"/></port></ports></host>
<host endtime="1733443656"><address addr="202.46.13.219" addrtype="ipv4"/><ports><port protocol="tcp" portid="5060"><state state="open" reason="syn-ack" reason_ttl="51"/></port></ports></host>
<host endtime="1733443657"><address addr="103.110.62.102" addrtype="ipv4"/><ports><port protocol="tcp" portid="5060"><state state="open" reason="syn-ack" reason_ttl="242"/></port></ports></host>
<host endtime="1733443658"><address addr="202.46.253.100" addrtype="ipv4"/><ports><port protocol="tcp" portid="5060"><state state="open" reason="syn-ack" reason_ttl="51"/></port></ports></host>
<host endtime="1733443665"><address addr="202.46.241.85" addrtype="ipv4"/><ports><port protocol="tcp" portid="5060"><state state="open" reason="syn-ack" reason_ttl="50"/></port></ports></host>
<host endtime="1733443668"><address addr="103.224.214.116" addrtype="ipv4"/><ports><port protocol="tcp" portid="5060"><state state="open" reason="syn-ack" reason_ttl="48"/></port></ports></host>
<host endtime="1733443668"><address addr="202.46.241.88" addrtype="ipv4"/><ports><port protocol="tcp" portid="5060"><state state="open" reason="syn-ack" reason_ttl="51"/></port></ports></host>
<host endtime="1733443670"><address addr="202.46.8.8" addrtype="ipv4"/><ports><port protocol="tcp" portid="5060"><state state="open" reason="syn-ack" reason_ttl="51"/></port></ports></host>
<host endtime="1733443672"><address addr="199.123.27.41" addrtype="ipv4"/><ports><port protocol="tcp" portid="5060"><state state="open" reason="syn-ack" reason_ttl="229"/></port></ports></host>
<host endtime="1733443675"><address addr="202.46.251.71" addrtype="ipv4"/><ports><port protocol="tcp" portid="5060"><state state="open" reason="syn-ack" reason_ttl="51"/></port></ports></host>
<host endtime="1733443684"><address addr="202.46.2.65" addrtype="ipv4"/><ports><port protocol="tcp" portid="5060"><state state="open" reason="syn-ack" reason_ttl="50"/></port></ports></host>
<host endtime="1733443686"><address addr="202.46.13.246" addrtype="ipv4"/><ports><port protocol="tcp" portid="5060"><state state="open" reason="syn-ack" reason_ttl="51"/></port></ports></host>
<host endtime="1733443689"><address addr="202.46.9.238" addrtype="ipv4"/><ports><port protocol="tcp" portid="5060"><state state="open" reason="syn-ack" reason_ttl="51"/></port></ports></host>
<host endtime="1733443691"><address addr="202.46.12.154" addrtype="ipv4"/><ports><port protocol="tcp" portid="5060"><state state="open" reason="syn-ack" reason_ttl="51"/></port></ports></host>
<host endtime="1733443692"><address addr="199.123.27.224" addrtype="ipv4"/><ports><port protocol="tcp" portid="5060"><state state="open" reason="syn-ack" reason_ttl="229"/></port></ports></host>
<host endtime="1733443692"><address addr="202.46.250.7" addrtype="ipv4"/><ports><port protocol="tcp" portid="5060"><state state="open" reason="syn-ack" reason_ttl="51"/></port></ports></host>
<host endtime="1733443692"><address addr="199.123.24.42" addrtype="ipv4"/><ports><port protocol="tcp" portid="5060"><state state="open" reason="syn-ack" reason_ttl="229"/></port></ports></host>
<host endtime="1733443693"><address addr="202.46.14.86" addrtype="ipv4"/><ports><port protocol="tcp" portid="5060"><state state="open" reason="syn-ack" reason_ttl="51"/></port></ports></host>
<host endtime="1733443697"><address addr="202.46.241.107" addrtype="ipv4"/><ports><port protocol="tcp" portid="5060"><state state="open" reason="syn-ack" reason_ttl="51"/></port></ports></host>
<host endtime="1733443698"><address addr="202.46.244.109" addrtype="ipv4"/><ports><port protocol="tcp" portid="5060"><state state="open" reason="syn-ack" reason_ttl="50"/></port></ports></host>
<host endtime="1733443699"><address addr="103.224.215.8" addrtype="ipv4"/><ports><port protocol="tcp" portid="5060"><state state="open" reason="syn-ack" reason_ttl="48"/></port></ports></host>
<host endtime="1733443699"><address addr="202.46.15.197" addrtype="ipv4"/><ports><port protocol="tcp" portid="5060"><state state="open" reason="syn-ack" reason_ttl="50"/></port></ports></host>
<host endtime="1733443700"><address addr="202.46.251.41" addrtype="ipv4"/><ports><port protocol="tcp" portid="5060"><state state="open" reason="syn-ack" reason_ttl="51"/></port></ports></host>
<host endtime="1733443700"><address addr="202.46.13.104" addrtype="ipv4"/><ports><port protocol="tcp" portid="5060"><state state="open" reason="syn-ack" reason_ttl="50"/></port></ports></host>
<host endtime="1733443701"><address addr="199.201.237.171" addrtype="ipv4"/><ports><port protocol="tcp" portid="5060"><state state="open" reason="syn-ack" reason_ttl="47"/></port></ports></host>
<host endtime="1733443702"><address addr="202.46.7.24" addrtype="ipv4"/><ports><port protocol="tcp" portid="5061"><state state="open" reason="syn-ack" reason_ttl="49"/></port></ports></host>
<host endtime="1733443705"><address addr="202.46.1.8" addrtype="ipv4"/><ports><port protocol="tcp" portid="5060"><state state="open" reason="syn-ack" reason_ttl="50"/></port></ports></host>
<host endtime="1733443707"><address addr="202.46.8.41" addrtype="ipv4"/><ports><port protocol="tcp" portid="5060"><state state="open" reason="syn-ack" reason_ttl="51"/></port></ports></host>
<host endtime="1733443708"><address addr="202.46.6.124" addrtype="ipv4"/><ports><port protocol="tcp" portid="5060"><state state="open" reason="syn-ack" reason_ttl="50"/></port></ports></host>
<host endtime="1733443710"><address addr="199.123.24.152" addrtype="ipv4"/><ports><port protocol="tcp" portid="5060"><state state="open" reason="syn-ack" reason_ttl="229"/></port></ports></host>
<host endtime="1733443713"><address addr="202.46.240.97" addrtype="ipv4"/><ports><port protocol="tcp" portid="5060"><state state="open" reason="syn-ack" reason_ttl="51"/></port></ports></host>
<host endtime="1733443716"><address addr="202.46.6.51" addrtype="ipv4"/><ports><port protocol="tcp" portid="5060"><state state="open" reason="syn-ack" reason_ttl="51"/></port></ports></host>
<host endtime="1733443721"><address addr="202.46.12.108" addrtype="ipv4"/><ports><port protocol="tcp" portid="5060"><state state="open" reason="syn-ack" reason_ttl="51"/></port></ports></host>
<host endtime="1733443723"><address addr="202.46.0.162" addrtype="ipv4"/><ports><port protocol="tcp" portid="5060"><state state="open" reason="syn-ack" reason_ttl="50"/></port></ports></host>
<host endtime="1733443724"><address addr="202.46.10.143" addrtype="ipv4"/><ports><port protocol="tcp" portid="5060"><state state="open" reason="syn-ack" reason_ttl="51"/></port></ports></host>
<host endtime="1733443725"><address addr="202.46.246.8" addrtype="ipv4"/><ports><port protocol="tcp" portid="5060"><state state="open" reason="syn-ack" reason_ttl="51"/></port></ports></host>
<host endtime="1733443726"><address addr="202.46.9.34" addrtype="ipv4"/><ports><port protocol="tcp" portid="5060"><state state="open" reason="syn-ack" reason_ttl="51"/></port></ports></host>
<host endtime="1733443727"><address addr="202.46.251.235" addrtype="ipv4"/><ports><port protocol="tcp" portid="5060"><state state="open" reason="syn-ack" reason_ttl="51"/></port></ports></host>
<host endtime="1733443728"><address addr="202.46.246.68" addrtype="ipv4"/><ports><port protocol="tcp" portid="5060"><state state="open" reason="syn-ack" reason_ttl="51"/></port></ports></host>
<host endtime="1733443731"><address addr="103.83.18.209" addrtype="ipv4"/><ports><port protocol="tcp" portid="5060"><state state="open" reason="syn-ack" reason_ttl="48"/></port></ports></host>
<host endtime="1733443732"><address addr="202.46.10.119" addrtype="ipv4"/><ports><port protocol="tcp" portid="5060"><state state="open" reason="syn-ack" reason_ttl="51"/></port></ports></host>
<host endtime="1733443733"><address addr="202.46.14.203" addrtype="ipv4"/><ports><port protocol="tcp" portid="5060"><state state="open" reason="syn-ack" reason_ttl="50"/></port></ports></host>
<host endtime="1733443734"><address addr="202.46.11.216" addrtype="ipv4"/><ports><port protocol="tcp" portid="5060"><state state="open" reason="syn-ack" reason_ttl="50"/></port></ports></host>
<host endtime="1733443738"><address addr="199.123.25.171" addrtype="ipv4"/><ports><port protocol="tcp" portid="5060"><state state="open" reason="syn-ack" reason_ttl="229"/></port></ports></host>
<host endtime="1733443738"><address addr="202.46.254.218" addrtype="ipv4"/><ports><port protocol="tcp" portid="5060"><state state="open" reason="syn-ack" reason_ttl="51"/></port></ports></host>
<host endtime="1733443740"><address addr="202.46.9.149" addrtype="ipv4"/><ports><port protocol="tcp" portid="5060"><state state="open" reason="syn-ack" reason_ttl="51"/></port></ports></host>
<host endtime="1733443742"><address addr="202.46.12.254" addrtype="ipv4"/><ports><port protocol="tcp" portid="5060"><state state="open" reason="syn-ack" reason_ttl="50"/></port></ports></host>
<host endtime="1733443743"><address addr="103.83.19.47" addrtype="ipv4"/><ports><port protocol="tcp" portid="5060"><state state="open" reason="syn-ack" reason_ttl="48"/></port></ports></host>
<host endtime="1733443743"><address addr="202.46.250.3" addrtype="ipv4"/><ports><port protocol="tcp" portid="5060"><state state="open" reason="syn-ack" reason_ttl="51"/></port></ports></host>
<host endtime="1733443743"><address addr="202.46.1.3" addrtype="ipv4"/><ports><port protocol="tcp" portid="5060"><state state="open" reason="syn-ack" reason_ttl="50"/></port></ports></host>
<host endtime="1733443744"><address addr="199.201.236.144" addrtype="ipv4"/><ports><port protocol="tcp" portid="5060"><state state="open" reason="syn-ack" reason_ttl="47"/></port></ports></host>
<host endtime="1733443751"><address addr="202.46.255.150" addrtype="ipv4"/><ports><port protocol="tcp" portid="5060"><state state="open" reason="syn-ack" reason_ttl="51"/></port></ports></host>
<host endtime="1733443753"><address addr="202.46.254.208" addrtype="ipv4"/><ports><port protocol="tcp" portid="5060"><state state="open" reason="syn-ack" reason_ttl="51"/></port></ports></host>
<host endtime="1733443753"><address addr="202.46.243.104" addrtype="ipv4"/><ports><port protocol="tcp" portid="5060"><state state="open" reason="syn-ack" reason_ttl="51"/></port></ports></host>
<host endtime="1733443754"><address addr="202.46.255.222" addrtype="ipv4"/><ports><port protocol="tcp" portid="5060"><state state="open" reason="syn-ack" reason_ttl="51"/></port></ports></host>
<host endtime="1733443755"><address addr="202.46.4.110" addrtype="ipv4"/><ports><port protocol="tcp" portid="5060"><state state="open" reason="syn-ack" reason_ttl="51"/></port></ports></host>
<host endtime="1733443755"><address addr="202.46.253.184" addrtype="ipv4"/><ports><port protocol="tcp" portid="5060"><state state="open" reason="syn-ack" reason_ttl="50"/></port></ports></host>
<host endtime="1733443755"><address addr="202.46.249.32" addrtype="ipv4"/><ports><port protocol="tcp" portid="5060"><state state="open" reason="syn-ack" reason_ttl="50"/></port></ports></host>
<host endtime="1733443756"><address addr="202.46.250.108" addrtype="ipv4"/><ports><port protocol="tcp" portid="5060"><state state="open" reason="syn-ack" reason_ttl="51"/></port></ports></host>
<host endtime="1733443758"><address addr="202.46.243.109" addrtype="ipv4"/><ports><port protocol="tcp" portid="5060"><state state="open" reason="syn-ack" reason_ttl="51"/></port></ports></host>
<host endtime="1733443764"><address addr="202.46.13.22" addrtype="ipv4"/><ports><port protocol="tcp" portid="5060"><state state="open" reason="syn-ack" reason_ttl="51"/></port></ports></host>
<host endtime="1733443767"><address addr="202.46.247.195" addrtype="ipv4"/><ports><port protocol="tcp" portid="5060"><state state="open" reason="syn-ack" reason_ttl="51"/></port></ports></host>
<host endtime="1733443770"><address addr="103.224.214.200" addrtype="ipv4"/><ports><port protocol="tcp" portid="5060"><state state="open" reason="syn-ack" reason_ttl="48"/></port></ports></host>
<host endtime="1733443770"><address addr="202.46.242.36" addrtype="ipv4"/><ports><port protocol="tcp" portid="5060"><state state="open" reason="syn-ack" reason_ttl="51"/></port></ports></host>
<host endtime="1733443773"><address addr="103.224.214.179" addrtype="ipv4"/><ports><port protocol="tcp" portid="5060"><state state="open" reason="syn-ack" reason_ttl="48"/></port></ports></host>
<host endtime="1733443774"><address addr="202.46.2.183" addrtype="ipv4"/><ports><port protocol="tcp" portid="5060"><state state="open" reason="syn-ack" reason_ttl="51"/></port></ports></host>
<host endtime="1733443776"><address addr="202.46.246.38" addrtype="ipv4"/><ports><port protocol="tcp" portid="5060"><state state="open" reason="syn-ack" reason_ttl="51"/></port></ports></host>
<host endtime="1733443778"><address addr="199.123.27.103" addrtype="ipv4"/><ports><port protocol="tcp" portid="5060"><state state="open" reason="syn-ack" reason_ttl="229"/></port></ports></host>
<host endtime="1733443781"><address addr="202.46.253.27" addrtype="ipv4"/><ports><port protocol="tcp" portid="5060"><state state="open" reason="syn-ack" reason_ttl="51"/></port></ports></host>
<host endtime="1733443782"><address addr="202.46.10.118" addrtype="ipv4"/><ports><port protocol="tcp" portid="5060"><state state="open" reason="syn-ack" reason_ttl="51"/></port></ports></host>
<host endtime="1733443783"><address addr="202.46.8.194" addrtype="ipv4"/><ports><port protocol="tcp" portid="5060"><state state="open" reason="syn-ack" reason_ttl="50"/></port></ports></host>
<host endtime="1733443783"><address addr="202.46.252.183" addrtype="ipv4"/><ports><port protocol="tcp" portid="5060"><state state="open" reason="syn-ack" reason_ttl="51"/></port></ports></host>
<host endtime="1733443784"><address addr="202.46.11.230" addrtype="ipv4"/><ports><port protocol="tcp" portid="5060"><state state="open" reason="syn-ack" reason_ttl="50"/></port></ports></host>
<host endtime="1733443785"><address addr="202.46.245.4" addrtype="ipv4"/><ports><port protocol="tcp" portid="5060"><state state="open" reason="syn-ack" reason_ttl="50"/></port></ports></host>
<host endtime="1733443787"><address addr="202.46.12.68" addrtype="ipv4"/><ports><port protocol="tcp" portid="5060"><state state="open" reason="syn-ack" reason_ttl="50"/></port></ports></host>
<host endtime="1733443788"><address addr="202.46.243.127" addrtype="ipv4"/><ports><port protocol="tcp" portid="5060"><state state="open" reason="syn-ack" reason_ttl="51"/></port></ports></host>
<host endtime="1733443788"><address addr="202.46.11.150" addrtype="ipv4"/><ports><port protocol="tcp" portid="5060"><state state="open" reason="syn-ack" reason_ttl="51"/></port></ports></host>
<host endtime="1733443791"><address addr="199.123.25.46" addrtype="ipv4"/><ports><port protocol="tcp" portid="5060"><state state="open" reason="syn-ack" reason_ttl="229"/></port></ports></host>
<host endtime="1733443793"><address addr="202.46.9.179" addrtype="ipv4"/><ports><port protocol="tcp" portid="5060"><state state="open" reason="syn-ack" reason_ttl="51"/></port></ports></host>
<host endtime="1733443793"><address addr="202.46.6.52" addrtype="ipv4"/><ports><port protocol="tcp" portid="5060"><state state="open" reason="syn-ack" reason_ttl="51"/></port></ports></host>
<host endtime="1733443794"><address addr="202.46.252.2" addrtype="ipv4"/><ports><port protocol="tcp" portid="5060"><state state="open" reason="syn-ack" reason_ttl="50"/></port></ports></host>
<host endtime="1733443797"><address addr="202.46.0.41" addrtype="ipv4"/><ports><port protocol="tcp" portid="5060"><state state="open" reason="syn-ack" reason_ttl="51"/></port></ports></host>
<host endtime="1733443799"><address addr="199.123.24.145" addrtype="ipv4"/><ports><port protocol="tcp" portid="5060"><state state="open" reason="syn-ack" reason_ttl="229"/></port></ports></host>
<host endtime="1733443799"><address addr="202.46.255.20" addrtype="ipv4"/><ports><port protocol="tcp" portid="5060"><state state="open" reason="syn-ack" reason_ttl="51"/></port></ports></host>
<host endtime="1733443800"><address addr="202.46.246.149" addrtype="ipv4"/><ports><port protocol="tcp" portid="5060"><state state="open" reason="syn-ack" reason_ttl="51"/></port></ports></host>
<host endtime="1733443800"><address addr="202.46.253.224" addrtype="ipv4"/><ports><port protocol="tcp" portid="5060"><state state="open" reason="syn-ack" reason_ttl="51"/></port></ports></host>
<host endtime="1733443801"><address addr="202.46.6.122" addrtype="ipv4"/><ports><port protocol="tcp" portid="5060"><state state="open" reason="syn-ack" reason_ttl="51"/></port></ports></host>
<host endtime="1733443802"><address addr="103.224.215.142" addrtype="ipv4"/><ports><port protocol="tcp" portid="5060"><state state="open" reason="syn-ack" reason_ttl="48"/></port></ports></host>
<host endtime="1733443810"><address addr="202.46.253.181" addrtype="ipv4"/><ports><port protocol="tcp" portid="5060"><state state="open" reason="syn-ack" reason_ttl="51"/></port></ports></host>
<host endtime="1733443812"><address addr="202.46.249.126" addrtype="ipv4"/><ports><port protocol="tcp" portid="5060"><state state="open" reason="syn-ack" reason_ttl="51"/></port></ports></host>
<host endtime="1733443814"><address addr="202.46.252.221" addrtype="ipv4"/><ports><port protocol="tcp" portid="5060"><state state="open" reason="syn-ack" reason_ttl="50"/></port></ports></host>
<host endtime="1733443816"><address addr="202.46.253.236" addrtype="ipv4"/><ports><port protocol="tcp" portid="5060"><state state="open" reason="syn-ack" reason_ttl="50"/></port></ports></host>
<host endtime="1733443816"><address addr="202.46.248.18" addrtype="ipv4"/><ports><port protocol="tcp" portid="5060"><state state="open" reason="syn-ack" reason_ttl="51"/></port></ports></host>
<host endtime="1733443816"><address addr="202.46.255.182" addrtype="ipv4"/><ports><port protocol="tcp" portid="5060"><state state="open" reason="syn-ack" reason_ttl="50"/></port></ports></host>
<host endtime="1733443817"><address addr="202.46.243.43" addrtype="ipv4"/><ports><port protocol="tcp" portid="5060"><state state="open" reason="syn-ack" reason_ttl="51"/></port></ports></host>
<host endtime="1733443821"><address addr="103.83.19.238" addrtype="ipv4"/><ports><port protocol="tcp" portid="5060"><state state="open" reason="syn-ack" reason_ttl="48"/></port></ports></host>
<host endtime="1733443821"><address addr="199.123.25.130" addrtype="ipv4"/><ports><port protocol="tcp" portid="5060"><state state="open" reason="syn-ack" reason_ttl="229"/></port></ports></host>
<host endtime="1733443823"><address addr="202.46.11.61" addrtype="ipv4"/><ports><port protocol="tcp" portid="5060"><state state="open" reason="syn-ack" reason_ttl="50"/></port></ports></host>
<host endtime="1733443825"><address addr="202.46.250.135" addrtype="ipv4"/><ports><port protocol="tcp" portid="5060"><state state="open" reason="syn-ack" reason_ttl="51"/></port></ports></host>
<host endtime="1733443826"><address addr="202.46.246.127" addrtype="ipv4"/><ports><port protocol="tcp" portid="5060"><state state="open" reason="syn-ack" reason_ttl="51"/></port></ports></host>
<host endtime="1733443827"><address addr="202.46.252.240" addrtype="ipv4"/><ports><port protocol="tcp" portid="5060"><state state="open" reason="syn-ack" reason_ttl="51"/></port></ports></host>
<host endtime="1733443833"><address addr="202.46.9.101" addrtype="ipv4"/><ports><port protocol="tcp" portid="5060"><state state="open" reason="syn-ack" reason_ttl="50"/></port></ports></host>
<host endtime="1733443833"><address addr="103.143.248.244" addrtype="ipv4"/><ports><port protocol="tcp" portid="5061"><state state="open" reason="syn-ack" reason_ttl="112"/></port></ports></host>
<host endtime="1733443834"><address addr="202.46.1.239" addrtype="ipv4"/><ports><port protocol="tcp" portid="5060"><state state="open" reason="syn-ack" reason_ttl="51"/></port></ports></host>
<host endtime="1733443836"><address addr="202.46.10.215" addrtype="ipv4"/><ports><port protocol="tcp" portid="5060"><state state="open" reason="syn-ack" reason_ttl="51"/></port></ports></host>
<host endtime="1733443838"><address addr="202.46.2.48" addrtype="ipv4"/><ports><port protocol="tcp" portid="5060"><state state="open" reason="syn-ack" reason_ttl="50"/></port></ports></host>
<host endtime="1733443838"><address addr="199.123.25.79" addrtype="ipv4"/><ports><port protocol="tcp" portid="5060"><state state="open" reason="syn-ack" reason_ttl="229"/></port></ports></host>
<host endtime="1733443840"><address addr="202.46.241.34" addrtype="ipv4"/><ports><port protocol="tcp" portid="5060"><state state="open" reason="syn-ack" reason_ttl="50"/></port></ports></host>
<host endtime="1733443840"><address addr="202.46.5.232" addrtype="ipv4"/><ports><port protocol="tcp" portid="5060"><state state="open" reason="syn-ack" reason_ttl="51"/></port></ports></host>
<host endtime="1733443841"><address addr="199.123.26.55" addrtype="ipv4"/><ports><port protocol="tcp" portid="5060"><state state="open" reason="syn-ack" reason_ttl="229"/></port></ports></host>
<host endtime="1733443842"><address addr="199.123.27.179" addrtype="ipv4"/><ports><port protocol="tcp" portid="5060"><state state="open" reason="syn-ack" reason_ttl="229"/></port></ports></host>
<host endtime="1733443843"><address addr="199.201.237.202" addrtype="ipv4"/><ports><port protocol="tcp" portid="5060"><state state="open" reason="syn-ack" reason_ttl="47"/></port></ports></host>
<host endtime="1733443845"><address addr="202.46.3.42" addrtype="ipv4"/><ports><port protocol="tcp" portid="5060"><state state="open" reason="syn-ack" reason_ttl="50"/></port></ports></host>
<host endtime="1733443848"><address addr="202.46.12.134" addrtype="ipv4"/><ports><port protocol="tcp" portid="5060"><state state="open" reason="syn-ack" reason_ttl="50"/></port></ports></host>
<host endtime="1733443852"><address addr="199.123.25.76" addrtype="ipv4"/><ports><port protocol="tcp" portid="5060"><state state="open" reason="syn-ack" reason_ttl="229"/></port></ports></host>
<host endtime="1733443853"><address addr="202.46.255.26" addrtype="ipv4"/><ports><port protocol="tcp" portid="5060"><state state="open" reason="syn-ack" reason_ttl="51"/></port></ports></host>
<host endtime="1733443854"><address addr="199.123.27.65" addrtype="ipv4"/><ports><port protocol="tcp" portid="5060"><state state="open" reason="syn-ack" reason_ttl="229"/></port></ports></host>
<host endtime="1733443854"><address addr="202.46.6.45" addrtype="ipv4"/><ports><port protocol="tcp" portid="5060"><state state="open" reason="syn-ack" reason_ttl="51"/></port></ports></host>
<host endtime="1733443856"><address addr="199.123.24.178" addrtype="ipv4"/><ports><port protocol="tcp" portid="5060"><state state="open" reason="syn-ack" reason_ttl="229"/></port></ports></host>
<host endtime="1733443862"><address addr="199.123.26.85" addrtype="ipv4"/><ports><port protocol="tcp" portid="5060"><state state="open" reason="syn-ack" reason_ttl="229"/></port></ports></host>
<host endtime="1733443864"><address addr="103.83.19.127" addrtype="ipv4"/><ports><port protocol="tcp" portid="5060"><state state="open" reason="syn-ack" reason_ttl="48"/></port></ports></host>
<host endtime="1733443867"><address addr="199.123.26.254" addrtype="ipv4"/><ports><port protocol="tcp" portid="5060"><state state="open" reason="syn-ack" reason_ttl="229"/></port></ports></host>
<host endtime="1733443868"><address addr="202.46.4.247" addrtype="ipv4"/><ports><port protocol="tcp" portid="5060"><state state="open" reason="syn-ack" reason_ttl="50"/></port></ports></host>
<host endtime="1733443870"><address addr="199.201.236.213" addrtype="ipv4"/><ports><port protocol="tcp" portid="5060"><state state="open" reason="syn-ack" reason_ttl="47"/></port></ports></host>
<host endtime="1733443870"><address addr="202.46.244.8" addrtype="ipv4"/><ports><port protocol="tcp" portid="5060"><state state="open" reason="syn-ack" reason_ttl="50"/></port></ports></host>
<host endtime="1733443871"><address addr="202.46.248.241" addrtype="ipv4"/><ports><port protocol="tcp" portid="5060"><state state="open" reason="syn-ack" reason_ttl="50"/></port></ports></host>
<host endtime="1733443877"><address addr="202.46.242.216" addrtype="ipv4"/><ports><port protocol="tcp" portid="5060"><state state="open" reason="syn-ack" reason_ttl="50"/></port></ports></host>
<host endtime="1733443877"><address addr="193.103.200.50" addrtype="ipv4"/><ports><port protocol="tcp" portid="5060"><state state="open" reason="syn-ack" reason_ttl="54"/></port></ports></host>
<host endtime="1733443878"><address addr="202.46.12.35" addrtype="ipv4"/><ports><port protocol="tcp" portid="5060"><state state="open" reason="syn-ack" reason_ttl="51"/></port></ports></host>
<host endtime="1733443880"><address addr="202.46.254.3" addrtype="ipv4"/><ports><port protocol="tcp" portid="5060"><state state="open" reason="syn-ack" reason_ttl="50"/></port></ports></host>
<host endtime="1733443884"><address addr="202.46.242.39" addrtype="ipv4"/><ports><port protocol="tcp" portid="5060"><state state="open" reason="syn-ack" reason_ttl="50"/></port></ports></host>
<host endtime="1733443888"><address addr="202.46.243.144" addrtype="ipv4"/><ports><port protocol="tcp" portid="5060"><state state="open" reason="syn-ack" reason_ttl="50"/></port></ports></host>
<host endtime="1733443890"><address addr="202.46.2.27" addrtype="ipv4"/><ports><port protocol="tcp" portid="5060"><state state="open" reason="syn-ack" reason_ttl="51"/></port></ports></host>
<host endtime="1733443892"><address addr="202.46.0.42" addrtype="ipv4"/><ports><port protocol="tcp" portid="5060"><state state="open" reason="syn-ack" reason_ttl="50"/></port></ports></host>
<host endtime="1733443893"><address addr="103.224.214.105" addrtype="ipv4"/><ports><port protocol="tcp" portid="5060"><state state="open" reason="syn-ack" reason_ttl="48"/></port></ports></host>
<host endtime="1733443893"><address addr="202.46.6.238" addrtype="ipv4"/><ports><port protocol="tcp" portid="5060"><state state="open" reason="syn-ack" reason_ttl="51"/></port></ports></host>
<host endtime="1733443894"><address addr="202.46.246.232" addrtype="ipv4"/><ports><port protocol="tcp" portid="5060"><state state="open" reason="syn-ack" reason_ttl="51"/></port></ports></host>
<host endtime="1733443896"><address addr="202.46.250.21" addrtype="ipv4"/><ports><port protocol="tcp" portid="5060"><state state="open" reason="syn-ack" reason_ttl="51"/></port></ports></host>
<host endtime="1733443901"><address addr="202.46.10.61" addrtype="ipv4"/><ports><port protocol="tcp" portid="5060"><state state="open" reason="syn-ack" reason_ttl="50"/></port></ports></host>
<host endtime="1733443901"><address addr="202.46.250.183" addrtype="ipv4"/><ports><port protocol="tcp" portid="5060"><state state="open" reason="syn-ack" reason_ttl="51"/></port></ports></host>
<host endtime="1733443904"><address addr="202.46.9.164" addrtype="ipv4"/><ports><port protocol="tcp" portid="5060"><state state="open" reason="syn-ack" reason_ttl="51"/></port></ports></host>
<host endtime="1733443905"><address addr="202.46.3.202" addrtype="ipv4"/><ports><port protocol="tcp" portid="5060"><state state="open" reason="syn-ack" reason_ttl="50"/></port></ports></host>
<host endtime="1733443906"><address addr="103.224.215.145" addrtype="ipv4"/><ports><port protocol="tcp" portid="5060"><state state="open" reason="syn-ack" reason_ttl="48"/></port></ports></host>
<host endtime="1733443907"><address addr="202.46.247.84" addrtype="ipv4"/><ports><port protocol="tcp" portid="5060"><state state="open" reason="syn-ack" reason_ttl="51"/></port></ports></host>
<host endtime="1733443907"><address addr="199.123.27.46" addrtype="ipv4"/><ports><port protocol="tcp" portid="5060"><state state="open" reason="syn-ack" reason_ttl="229"/></port></ports></host>
<host endtime="1733443908"><address addr="199.123.26.236" addrtype="ipv4"/><ports><port protocol="tcp" portid="5060"><state state="open" reason="syn-ack" reason_ttl="229"/></port></ports></host>
<host endtime="1733443909"><address addr="202.46.8.144" addrtype="ipv4"/><ports><port protocol="tcp" portid="5060"><state state="open" reason="syn-ack" reason_ttl="51"/></port></ports></host>
<host endtime="1733443909"><address addr="103.224.215.252" addrtype="ipv4"/><ports><port protocol="tcp" portid="5060"><state state="open" reason="syn-ack" reason_ttl="48"/></port></ports></host>
<host endtime="1733443913"><address addr="202.46.255.240" addrtype="ipv4"/><ports><port protocol="tcp" portid="5060"><state state="open" reason="syn-ack" reason_ttl="51"/></port></ports></host>
<host endtime="1733443913"><address addr="202.46.4.108" addrtype="ipv4"/><ports><port protocol="tcp" portid="5060"><state state="open" reason="syn-ack" reason_ttl="50"/></port></ports></host>
<host endtime="1733443914"><address addr="202.46.2.42" addrtype="ipv4"/><ports><port protocol="tcp" portid="5060"><state state="open" reason="syn-ack" reason_ttl="50"/></port></ports></host>
<host endtime="1733443918"><address addr="202.46.0.160" addrtype="ipv4"/><ports><port protocol="tcp" portid="5060"><state state="open" reason="syn-ack" reason_ttl="51"/></port></ports></host>
<host endtime="1733443920"><address addr="202.46.3.40" addrtype="ipv4"/><ports><port protocol="tcp" portid="5060"><state state="open" reason="syn-ack" reason_ttl="50"/></port></ports></host>
<host endtime="1733443925"><address addr="202.46.1.190" addrtype="ipv4"/><ports><port protocol="tcp" portid="5060"><state state="open" reason="syn-ack" reason_ttl="50"/></port></ports></host>
<host endtime="1733443926"><address addr="202.46.7.224" addrtype="ipv4"/><ports><port protocol="tcp" portid="5060"><state state="open" reason="syn-ack" reason_ttl="51"/></port></ports></host>
<host endtime="1733443931"><address addr="202.46.254.161" addrtype="ipv4"/><ports><port protocol="tcp" portid="5060"><state state="open" reason="syn-ack" reason_ttl="51"/></port></ports></host>
<host endtime="1733443931"><address addr="202.46.11.151" addrtype="ipv4"/><ports><port protocol="tcp" portid="5060"><state state="open" reason="syn-ack" reason_ttl="50"/></port></ports></host>
<host endtime="1733443932"><address addr="202.46.240.53" addrtype="ipv4"/><ports><port protocol="tcp" portid="5060"><state state="open" reason="syn-ack" reason_ttl="51"/></port></ports></host>
<host endtime="1733443935"><address addr="202.46.0.39" addrtype="ipv4"/><ports><port protocol="tcp" portid="5060"><state state="open" reason="syn-ack" reason_ttl="51"/></port></ports></host>
<host endtime="1733443935"><address addr="202.46.5.97" addrtype="ipv4"/><ports><port protocol="tcp" portid="5060"><state state="open" reason="syn-ack" reason_ttl="51"/></port></ports></host>
<host endtime="1733443936"><address addr="199.123.25.44" addrtype="ipv4"/><ports><port protocol="tcp" portid="5060"><state state="open" reason="syn-ack" reason_ttl="229"/></port></ports></host>
<host endtime="1733443938"><address addr="103.224.214.94" addrtype="ipv4"/><ports><port protocol="tcp" portid="5060"><state state="open" reason="syn-ack" reason_ttl="48"/></port></ports></host>
<host endtime="1733443940"><address addr="202.46.3.76" addrtype="ipv4"/><ports><port protocol="tcp" portid="5060"><state state="open" reason="syn-ack" reason_ttl="51"/></port></ports></host>
<host endtime="1733443941"><address addr="202.46.3.51" addrtype="ipv4"/><ports><port protocol="tcp" portid="5060"><state state="open" reason="syn-ack" reason_ttl="51"/></port></ports></host>
<host endtime="1733443942"><address addr="202.46.14.196" addrtype="ipv4"/><ports><port protocol="tcp" portid="5060"><state state="open" reason="syn-ack" reason_ttl="51"/></port></ports></host>
<host endtime="1733443944"><address addr="202.46.248.71" addrtype="ipv4"/><ports><port protocol="tcp" portid="5060"><state state="open" reason="syn-ack" reason_ttl="51"/></port></ports></host>
<host endtime="1733443946"><address addr="103.177.50.26" addrtype="ipv4"/><ports><port protocol="tcp" portid="5061"><state state="open" reason="syn-ack" reason_ttl="57"/></port></ports></host>
<host endtime="1733443947"><address addr="202.46.13.75" addrtype="ipv4"/><ports><port protocol="tcp" portid="5060"><state state="open" reason="syn-ack" reason_ttl="50"/></port></ports></host>
<host endtime="1733443949"><address addr="202.46.7.120" addrtype="ipv4"/><ports><port protocol="tcp" portid="5060"><state state="open" reason="syn-ack" reason_ttl="50"/></port></ports></host>
<host endtime="1733443952"><address addr="202.46.6.231" addrtype="ipv4"/><ports><port protocol="tcp" portid="5060"><state state="open" reason="syn-ack" reason_ttl="51"/></port></ports></host>
<host endtime="1733443955"><address addr="202.46.243.72" addrtype="ipv4"/><ports><port protocol="tcp" portid="5060"><state state="open" reason="syn-ack" reason_ttl="51"/></port></ports></host>
<host endtime="1733443956"><address addr="199.123.25.251" addrtype="ipv4"/><ports><port protocol="tcp" portid="5060"><state state="open" reason="syn-ack" reason_ttl="229"/></port></ports></host>
<host endtime="1733443956"><address addr="202.46.7.8" addrtype="ipv4"/><ports><port protocol="tcp" portid="5060"><state state="open" reason="syn-ack" reason_ttl="50"/></port></ports></host>
<host endtime="1733443957"><address addr="202.46.242.7" addrtype="ipv4"/><ports><port protocol="tcp" portid="5060"><state state="open" reason="syn-ack" reason_ttl="51"/></port></ports></host>
<host endtime="1733443957"><address addr="103.224.214.194" addrtype="ipv4"/><ports><port protocol="tcp" portid="5060"><state state="open" reason="syn-ack" reason_ttl="48"/></port></ports></host>
<host endtime="1733443963"><address addr="103.224.215.70" addrtype="ipv4"/><ports><port protocol="tcp" portid="5060"><state state="open" reason="syn-ack" reason_ttl="48"/></port></ports></host>
<host endtime="1733443964"><address addr="103.224.215.44" addrtype="ipv4"/><ports><port protocol="tcp" portid="5060"><state state="open" reason="syn-ack" reason_ttl="48"/></port></ports></host>
<host endtime="1733443964"><address addr="202.46.254.5" addrtype="ipv4"/><ports><port protocol="tcp" portid="5060"><state state="open" reason="syn-ack" reason_ttl="51"/></port></ports></host>
<host endtime="1733443964"><address addr="202.46.242.4" addrtype="ipv4"/><ports><port protocol="tcp" portid="5060"><state state="open" reason="syn-ack" reason_ttl="51"/></port></ports></host>
<host endtime="1733443965"><address addr="202.46.7.175" addrtype="ipv4"/><ports><port protocol="tcp" portid="5060"><state state="open" reason="syn-ack" reason_ttl="51"/></port></ports></host>
<host endtime="1733443967"><address addr="202.46.9.9" addrtype="ipv4"/><ports><port protocol="tcp" portid="5060"><state state="open" reason="syn-ack" reason_ttl="50"/></port></ports></host>
<host endtime="1733443968"><address addr="193.98.229.35" addrtype="ipv4"/><ports><port protocol="tcp" portid="5060"><state state="open" reason="syn-ack" reason_ttl="49"/></port></ports></host>
<host endtime="1733443968"><address addr="202.46.12.160" addrtype="ipv4"/><ports><port protocol="tcp" portid="5060"><state state="open" reason="syn-ack" reason_ttl="50"/></port></ports></host>
<host endtime="1733443968"><address addr="199.123.26.210" addrtype="ipv4"/><ports><port protocol="tcp" portid="5060"><state state="open" reason="syn-ack" reason_ttl="229"/></port></ports></host>
<host endtime="1733443971"><address addr="202.46.248.92" addrtype="ipv4"/><ports><port protocol="tcp" portid="5060"><state state="open" reason="syn-ack" reason_ttl="51"/></port></ports></host>
<host endtime="1733443973"><address addr="202.46.0.134" addrtype="ipv4"/><ports><port protocol="tcp" portid="5060"><state state="open" reason="syn-ack" reason_ttl="51"/></port></ports></host>
<host endtime="1733443974"><address addr="202.46.242.31" addrtype="ipv4"/><ports><port protocol="tcp" portid="5060"><state state="open" reason="syn-ack" reason_ttl="50"/></port></ports></host>
<host endtime="1733443976"><address addr="202.46.241.43" addrtype="ipv4"/><ports><port protocol="tcp" portid="5060"><state state="open" reason="syn-ack" reason_ttl="51"/></port></ports></host>
<host endtime="1733443977"><address addr="202.46.8.245" addrtype="ipv4"/><ports><port protocol="tcp" portid="5060"><state state="open" reason="syn-ack" reason_ttl="51"/></port></ports></host>
<host endtime="1733443983"><address addr="103.224.215.120" addrtype="ipv4"/><ports><port protocol="tcp" portid="5060"><state state="open" reason="syn-ack" reason_ttl="48"/></port></ports></host>
<host endtime="1733443983"><address addr="202.46.0.33" addrtype="ipv4"/><ports><port protocol="tcp" portid="5060"><state state="open" reason="syn-ack" reason_ttl="50"/></port></ports></host>
<host endtime="1733443988"><address addr="202.46.249.186" addrtype="ipv4"/><ports><port protocol="tcp" portid="5060"><state state="open" reason="syn-ack" reason_ttl="50"/></port></ports></host>
<host endtime="1733443991"><address addr="202.46.242.89" addrtype="ipv4"/><ports><port protocol="tcp" portid="5060"><state state="open" reason="syn-ack" reason_ttl="51"/></port></ports></host>
<host endtime="1733443992"><address addr="202.46.14.141" addrtype="ipv4"/><ports><port protocol="tcp" portid="5060"><state state="open" reason="syn-ack" reason_ttl="51"/></port></ports></host>
<host endtime="1733443996"><address addr="202.46.1.145" addrtype="ipv4"/><ports><port protocol="tcp" portid="5060"><state state="open" reason="syn-ack" reason_ttl="50"/></port></ports></host>
<host endtime="1733443996"><address addr="202.46.15.224" addrtype="ipv4"/><ports><port protocol="tcp" portid="5060"><state state="open" reason="syn-ack" reason_ttl="51"/></port></ports></host>
<host endtime="1733443996"><address addr="202.46.9.96" addrtype="ipv4"/><ports><port protocol="tcp" portid="5060"><state state="open" reason="syn-ack" reason_ttl="50"/></port></ports></host>
<host endtime="1733443997"><address addr="202.46.244.176" addrtype="ipv4"/><ports><port protocol="tcp" portid="5060"><state state="open" reason="syn-ack" reason_ttl="51"/></port></ports></host>
<host endtime="1733443997"><address addr="202.46.0.231" addrtype="ipv4"/><ports><port protocol="tcp" portid="5060"><state state="open" reason="syn-ack" reason_ttl="50"/></port></ports></host>
<host endtime="1733443999"><address addr="193.103.200.72" addrtype="ipv4"/><ports><port protocol="tcp" portid="5060"><state state="open" reason="syn-ack" reason_ttl="52"/></port></ports></host>
<host endtime="1733444000"><address addr="202.46.254.21" addrtype="ipv4"/><ports><port protocol="tcp" portid="5060"><state state="open" reason="syn-ack" reason_ttl="51"/></port></ports></host>
<host endtime="1733444001"><address addr="202.46.11.253" addrtype="ipv4"/><ports><port protocol="tcp" portid="5060"><state state="open" reason="syn-ack" reason_ttl="50"/></port></ports></host>
<host endtime="1733444002"><address addr="202.46.249.34" addrtype="ipv4"/><ports><port protocol="tcp" portid="5060"><state state="open" reason="syn-ack" reason_ttl="50"/></port></ports></host>
<host endtime="1733444004"><address addr="202.46.4.14" addrtype="ipv4"/><ports><port protocol="tcp" portid="5060"><state state="open" reason="syn-ack" reason_ttl="50"/></port></ports></host>
<host endtime="1733444005"><address addr="202.46.241.13" addrtype="ipv4"/><ports><port protocol="tcp" portid="5060"><state state="open" reason="syn-ack" reason_ttl="50"/></port></ports></host>
<host endtime="1733444005"><address addr="103.83.19.207" addrtype="ipv4"/><ports><port protocol="tcp" portid="5060"><state state="open" reason="syn-ack" reason_ttl="48"/></port></ports></host>
<host endtime="1733444007"><address addr="103.83.18.165" addrtype="ipv4"/><ports><port protocol="tcp" portid="5060"><state state="open" reason="syn-ack" reason_ttl="48"/></port></ports></host>
<host endtime="1733444008"><address addr="199.123.27.83" addrtype="ipv4"/><ports><port protocol="tcp" portid="5060"><state state="open" reason="syn-ack" reason_ttl="229"/></port></ports></host>
<host endtime="1733444011"><address addr="202.46.245.13" addrtype="ipv4"/><ports><port protocol="tcp" portid="5060"><state state="open" reason="syn-ack" reason_ttl="50"/></port></ports></host>
<host endtime="1733444013"><address addr="103.177.50.73" addrtype="ipv4"/><ports><port protocol="tcp" portid="5061"><state state="open" reason="syn-ack" reason_ttl="57"/></port></ports></host>
<host endtime="1733444015"><address addr="202.46.1.118" addrtype="ipv4"/><ports><port protocol="tcp" portid="5060"><state state="open" reason="syn-ack" reason_ttl="51"/></port></ports></host>
<host endtime="1733444020"><address addr="202.46.249.106" addrtype="ipv4"/><ports><port protocol="tcp" portid="5060"><state state="open" reason="syn-ack" reason_ttl="51"/></port></ports></host>
<host endtime="1733444025"><address addr="202.46.242.78" addrtype="ipv4"/><ports><port protocol="tcp" portid="5060"><state state="open" reason="syn-ack" reason_ttl="51"/></port></ports></host>
<host endtime="1733444027"><address addr="202.46.0.161" addrtype="ipv4"/><ports><port protocol="tcp" portid="5060"><state state="open" reason="syn-ack" reason_ttl="51"/></port></ports></host>
<host endtime="1733444028"><address addr="199.123.26.44" addrtype="ipv4"/><ports><port protocol="tcp" portid="5060"><state state="open" reason="syn-ack" reason_ttl="229"/></port></ports></host>
<host endtime="1733444034"><address addr="103.83.18.77" addrtype="ipv4"/><ports><port protocol="tcp" portid="5060"><state state="open" reason="syn-ack" reason_ttl="48"/></port></ports></host>
<host endtime="1733444035"><address addr="202.46.3.115" addrtype="ipv4"/><ports><port protocol="tcp" portid="5060"><state state="open" reason="syn-ack" reason_ttl="51"/></port></ports></host>
<host endtime="1733444045"><address addr="202.46.3.118" addrtype="ipv4"/><ports><port protocol="tcp" portid="5061"><state state="open" reason="syn-ack" reason_ttl="50"/></port></ports></host>
<host endtime="1733444046"><address addr="202.46.2.154" addrtype="ipv4"/><ports><port protocol="tcp" portid="5060"><state state="open" reason="syn-ack" reason_ttl="51"/></port></ports></host>
<host endtime="1733444046"><address addr="202.46.245.129" addrtype="ipv4"/><ports><port protocol="tcp" portid="5060"><state state="open" reason="syn-ack" reason_ttl="51"/></port></ports></host>
<host endtime="1733444046"><address addr="202.46.8.225" addrtype="ipv4"/><ports><port protocol="tcp" portid="5060"><state state="open" reason="syn-ack" reason_ttl="51"/></port></ports></host>
<host endtime="1733444047"><address addr="199.123.24.236" addrtype="ipv4"/><ports><port protocol="tcp" portid="5060"><state state="open" reason="syn-ack" reason_ttl="229"/></port></ports></host>
<host endtime="1733444047"><address addr="202.46.253.223" addrtype="ipv4"/><ports><port protocol="tcp" portid="5060"><state state="open" reason="syn-ack" reason_ttl="51"/></port></ports></host>
<host endtime="1733444049"><address addr="202.46.0.11" addrtype="ipv4"/><ports><port protocol="tcp" portid="5060"><state state="open" reason="syn-ack" reason_ttl="51"/></port></ports></host>
<host endtime="1733444050"><address addr="103.224.215.105" addrtype="ipv4"/><ports><port protocol="tcp" portid="5060"><state state="open" reason="syn-ack" reason_ttl="48"/></port></ports></host>
<host endtime="1733444051"><address addr="202.46.248.130" addrtype="ipv4"/><ports><port protocol="tcp" portid="5060"><state state="open" reason="syn-ack" reason_ttl="50"/></port></ports></host>
<host endtime="1733444055"><address addr="202.46.11.223" addrtype="ipv4"/><ports><port protocol="tcp" portid="5060"><state state="open" reason="syn-ack" reason_ttl="50"/></port></ports></host>
<host endtime="1733444056"><address addr="199.123.24.238" addrtype="ipv4"/><ports><port protocol="tcp" portid="5060"><state state="open" reason="syn-ack" reason_ttl="229"/></port></ports></host>
<host endtime="1733444059"><address addr="202.46.254.213" addrtype="ipv4"/><ports><port protocol="tcp" portid="5060"><state state="open" reason="syn-ack" reason_ttl="51"/></port></ports></host>
<host endtime="1733444062"><address addr="202.46.247.100" addrtype="ipv4"/><ports><port protocol="tcp" portid="5060"><state state="open" reason="syn-ack" reason_ttl="51"/></port></ports></host>
<host endtime="1733444065"><address addr="202.46.15.254" addrtype="ipv4"/><ports><port protocol="tcp" portid="5060"><state state="open" reason="syn-ack" reason_ttl="51"/></port></ports></host>
<host endtime="1733444065"><address addr="202.46.10.62" addrtype="ipv4"/><ports><port protocol="tcp" portid="5060"><state state="open" reason="syn-ack" reason_ttl="50"/></port></ports></host>
<host endtime="1733444065"><address addr="193.103.200.81" addrtype="ipv4"/><ports><port protocol="tcp" portid="5060"><state state="open" reason="syn-ack" reason_ttl="54"/></port></ports></host>
<host endtime="1733444066"><address addr="103.224.215.169" addrtype="ipv4"/><ports><port protocol="tcp" portid="5060"><state state="open" reason="syn-ack" reason_ttl="48"/></port></ports></host>
<host endtime="1733444067"><address addr="202.46.240.144" addrtype="ipv4"/><ports><port protocol="tcp" portid="5060"><state state="open" reason="syn-ack" reason_ttl="51"/></port></ports></host>
<host endtime="1733444067"><address addr="202.46.249.166" addrtype="ipv4"/><ports><port protocol="tcp" portid="5060"><state state="open" reason="syn-ack" reason_ttl="51"/></port></ports></host>
<host endtime="1733444068"><address addr="202.46.241.49" addrtype="ipv4"/><ports><port protocol="tcp" portid="5060"><state state="open" reason="syn-ack" reason_ttl="51"/></port></ports></host>
<host endtime="1733444068"><address addr="202.46.245.177" addrtype="ipv4"/><ports><port protocol="tcp" portid="5060"><state state="open" reason="syn-ack" reason_ttl="50"/></port></ports></host>
<host endtime="1733444070"><address addr="202.46.253.114" addrtype="ipv4"/><ports><port protocol="tcp" portid="5060"><state state="open" reason="syn-ack" reason_ttl="51"/></port></ports></host>
<host endtime="1733444070"><address addr="202.46.0.242" addrtype="ipv4"/><ports><port protocol="tcp" portid="5061"><state state="open" reason="syn-ack" reason_ttl="49"/></port></ports></host>
<host endtime="1733444071"><address addr="202.46.253.121" addrtype="ipv4"/><ports><port protocol="tcp" portid="5060"><state state="open" reason="syn-ack" reason_ttl="50"/></port></ports></host>
<host endtime="1733444077"><address addr="197.231.250.238" addrtype="ipv4"/><ports><port protocol="tcp" portid="5061"><state state="open" reason="syn-ack" reason_ttl="234"/></port></ports></host>
<host endtime="1733444079"><address addr="202.46.245.122" addrtype="ipv4"/><ports><port protocol="tcp" portid="5060"><state state="open" reason="syn-ack" reason_ttl="51"/></port></ports></host>
<host endtime="1733444081"><address addr="193.103.200.226" addrtype="ipv4"/><ports><port protocol="tcp" portid="5060"><state state="open" reason="syn-ack" reason_ttl="52"/></port></ports></host>
<host endtime="1733444083"><address addr="202.46.253.205" addrtype="ipv4"/><ports><port protocol="tcp" portid="5060"><state state="open" reason="syn-ack" reason_ttl="51"/></port></ports></host>
<host endtime="1733444084"><address addr="202.46.13.166" addrtype="ipv4"/><ports><port protocol="tcp" portid="5060"><state state="open" reason="syn-ack" reason_ttl="51"/></port></ports></host>
<host endtime="1733444084"><address addr="199.123.24.35" addrtype="ipv4"/><ports><port protocol="tcp" portid="5060"><state state="open" reason="syn-ack" reason_ttl="229"/></port></ports></host>
<host endtime="1733444086"><address addr="202.46.14.82" addrtype="ipv4"/><ports><port protocol="tcp" portid="5060"><state state="open" reason="syn-ack" reason_ttl="51"/></port></ports></host>
<host endtime="1733444090"><address addr="202.46.6.150" addrtype="ipv4"/><ports><port protocol="tcp" portid="5060"><state state="open" reason="syn-ack" reason_ttl="51"/></port></ports></host>
<host endtime="1733444091"><address addr="103.83.19.228" addrtype="ipv4"/><ports><port protocol="tcp" portid="5060"><state state="open" reason="syn-ack" reason_ttl="48"/></port></ports></host>
<host endtime="1733444091"><address addr="103.224.215.183" addrtype="ipv4"/><ports><port protocol="tcp" portid="5060"><state state="open" reason="syn-ack" reason_ttl="48"/></port></ports></host>
<host endtime="1733444092"><address addr="202.46.10.74" addrtype="ipv4"/><ports><port protocol="tcp" portid="5060"><state state="open" reason="syn-ack" reason_ttl="50"/></port></ports></host>
<host endtime="1733444092"><address addr="202.46.9.234" addrtype="ipv4"/><ports><port protocol="tcp" portid="5060"><state state="open" reason="syn-ack" reason_ttl="51"/></port></ports></host>
<host endtime="1733444093"><address addr="202.46.6.235" addrtype="ipv4"/><ports><port protocol="tcp" portid="5060"><state state="open" reason="syn-ack" reason_ttl="51"/></port></ports></host>
<host endtime="1733444095"><address addr="103.83.19.192" addrtype="ipv4"/><ports><port protocol="tcp" portid="5060"><state state="open" reason="syn-ack" reason_ttl="48"/></port></ports></host>
<host endtime="1733444095"><address addr="202.46.248.159" addrtype="ipv4"/><ports><port protocol="tcp" portid="5060"><state state="open" reason="syn-ack" reason_ttl="51"/></port></ports></host>
<host endtime="1733444096"><address addr="103.224.214.210" addrtype="ipv4"/><ports><port protocol="tcp" portid="5060"><state state="open" reason="syn-ack" reason_ttl="48"/></port></ports></host>
<host endtime="1733444098"><address addr="202.46.246.89" addrtype="ipv4"/><ports><port protocol="tcp" portid="5060"><state state="open" reason="syn-ack" reason_ttl="51"/></port></ports></host>
<host endtime="1733444098"><address addr="193.98.229.198" addrtype="ipv4"/><ports><port protocol="tcp" portid="5060"><state state="open" reason="syn-ack" reason_ttl="49"/></port></ports></host>
<host endtime="1733444099"><address addr="103.177.50.72" addrtype="ipv4"/><ports><port protocol="tcp" portid="5061"><state state="open" reason="syn-ack" reason_ttl="120"/></port></ports></host>
<host endtime="1733444103"><address addr="202.46.12.219" addrtype="ipv4"/><ports><port protocol="tcp" portid="5060"><state state="open" reason="syn-ack" reason_ttl="50"/></port></ports></host>
<host endtime="1733444103"><address addr="202.46.4.66" addrtype="ipv4"/><ports><port protocol="tcp" portid="5060"><state state="open" reason="syn-ack" reason_ttl="51"/></port></ports></host>
<host endtime="1733444106"><address addr="202.46.240.210" addrtype="ipv4"/><ports><port protocol="tcp" portid="5060"><state state="open" reason="syn-ack" reason_ttl="50"/></port></ports></host>
<host endtime="1733444108"><address addr="202.46.1.20" addrtype="ipv4"/><ports><port protocol="tcp" portid="5060"><state state="open" reason="syn-ack" reason_ttl="51"/></port></ports></host>
<host endtime="1733444112"><address addr="202.46.249.26" addrtype="ipv4"/><ports><port protocol="tcp" portid="5060"><state state="open" reason="syn-ack" reason_ttl="51"/></port></ports></host>
<host endtime="1733444115"><address addr="202.46.240.95" addrtype="ipv4"/><ports><port protocol="tcp" portid="5060"><state state="open" reason="syn-ack" reason_ttl="51"/></port></ports></host>
<host endtime="1733444117"><address addr="202.46.247.125" addrtype="ipv4"/><ports><port protocol="tcp" portid="5060"><state state="open" reason="syn-ack" reason_ttl="50"/></port></ports></host>
<host endtime="1733444119"><address addr="202.46.5.49" addrtype="ipv4"/><ports><port protocol="tcp" portid="5060"><state state="open" reason="syn-ack" reason_ttl="50"/></port></ports></host>
<host endtime="1733444119"><address addr="103.224.215.200" addrtype="ipv4"/><ports><port protocol="tcp" portid="5060"><state state="open" reason="syn-ack" reason_ttl="48"/></port></ports></host>
<host endtime="1733444123"><address addr="202.46.6.171" addrtype="ipv4"/><ports><port protocol="tcp" portid="5060"><state state="open" reason="syn-ack" reason_ttl="50"/></port></ports></host>
<host endtime="1733444123"><address addr="202.46.254.32" addrtype="ipv4"/><ports><port protocol="tcp" portid="5060"><state state="open" reason="syn-ack" reason_ttl="50"/></port></ports></host>
<host endtime="1733444124"><address addr="202.46.254.185" addrtype="ipv4"/><ports><port protocol="tcp" portid="5060"><state state="open" reason="syn-ack" reason_ttl="50"/></port></ports></host>
<host endtime="1733444125"><address addr="103.224.214.109" addrtype="ipv4"/><ports><port protocol="tcp" portid="5060"><state state="open" reason="syn-ack" reason_ttl="48"/></port></ports></host>
<host endtime="1733444125"><address addr="202.46.10.102" addrtype="ipv4"/><ports><port protocol="tcp" portid="5060"><state state="open" reason="syn-ack" reason_ttl="50"/></port></ports></host>
<host endtime="1733444126"><address addr="202.46.2.107" addrtype="ipv4"/><ports><port protocol="tcp" portid="5060"><state state="open" reason="syn-ack" reason_ttl="51"/></port></ports></host>
<host endtime="1733444128"><address addr="202.46.254.162" addrtype="ipv4"/><ports><port protocol="tcp" portid="5060"><state state="open" reason="syn-ack" reason_ttl="50"/></port></ports></host>
<host endtime="1733444130"><address addr="202.46.249.253" addrtype="ipv4"/><ports><port protocol="tcp" portid="5060"><state state="open" reason="syn-ack" reason_ttl="51"/></port></ports></host>
<host endtime="1733444131"><address addr="202.46.241.108" addrtype="ipv4"/><ports><port protocol="tcp" portid="5060"><state state="open" reason="syn-ack" reason_ttl="50"/></port></ports></host>
<host endtime="1733444131"><address addr="202.46.11.209" addrtype="ipv4"/><ports><port protocol="tcp" portid="5060"><state state="open" reason="syn-ack" reason_ttl="50"/></port></ports></host>
<host endtime="1733444131"><address addr="202.46.242.213" addrtype="ipv4"/><ports><port protocol="tcp" portid="5060"><state state="open" reason="syn-ack" reason_ttl="50"/></port></ports></host>
<host endtime="1733444132"><address addr="202.46.7.132" addrtype="ipv4"/><ports><port protocol="tcp" portid="5060"><state state="open" reason="syn-ack" reason_ttl="50"/></port></ports></host>
<host endtime="1733444133"><address addr="202.46.9.98" addrtype="ipv4"/><ports><port protocol="tcp" portid="5060"><state state="open" reason="syn-ack" reason_ttl="51"/></port></ports></host>
<host endtime="1733444138"><address addr="199.201.237.243" addrtype="ipv4"/><ports><port protocol="tcp" portid="5060"><state state="open" reason="syn-ack" reason_ttl="47"/></port></ports></host>
<host endtime="1733444142"><address addr="202.46.252.176" addrtype="ipv4"/><ports><port protocol="tcp" portid="5060"><state state="open" reason="syn-ack" reason_ttl="51"/></port></ports></host>
<host endtime="1733444143"><address addr="202.46.244.105" addrtype="ipv4"/><ports><port protocol="tcp" portid="5060"><state state="open" reason="syn-ack" reason_ttl="51"/></port></ports></host>
<host endtime="1733444143"><address addr="202.46.247.116" addrtype="ipv4"/><ports><port protocol="tcp" portid="5060"><state state="open" reason="syn-ack" reason_ttl="50"/></port></ports></host>
<host endtime="1733444144"><address addr="202.46.254.59" addrtype="ipv4"/><ports><port protocol="tcp" portid="5060"><state state="open" reason="syn-ack" reason_ttl="50"/></port></ports></host>
<host endtime="1733444146"><address addr="202.46.6.12" addrtype="ipv4"/><ports><port protocol="tcp" portid="5060"><state state="open" reason="syn-ack" reason_ttl="51"/></port></ports></host>
<host endtime="1733444155"><address addr="103.83.19.178" addrtype="ipv4"/><ports><port protocol="tcp" portid="5060"><state state="open" reason="syn-ack" reason_ttl="48"/></port></ports></host>
<host endtime="1733444156"><address addr="202.46.252.174" addrtype="ipv4"/><ports><port protocol="tcp" portid="5060"><state state="open" reason="syn-ack" reason_ttl="50"/></port></ports></host>
<host endtime="1733444156"><address addr="202.46.249.153" addrtype="ipv4"/><ports><port protocol="tcp" portid="5060"><state state="open" reason="syn-ack" reason_ttl="51"/></port></ports></host>
<host endtime="1733444158"><address addr="202.46.0.51" addrtype="ipv4"/><ports><port protocol="tcp" portid="5060"><state state="open" reason="syn-ack" reason_ttl="50"/></port></ports></host>
<host endtime="1733444158"><address addr="199.123.27.159" addrtype="ipv4"/><ports><port protocol="tcp" portid="5060"><state state="open" reason="syn-ack" reason_ttl="229"/></port></ports></host>
<host endtime="1733444162"><address addr="103.224.215.83" addrtype="ipv4"/><ports><port protocol="tcp" portid="5060"><state state="open" reason="syn-ack" reason_ttl="48"/></port></ports></host>
<host endtime="1733444164"><address addr="199.201.236.189" addrtype="ipv4"/><ports><port protocol="tcp" portid="5060"><state state="open" reason="syn-ack" reason_ttl="47"/></port></ports></host>
<host endtime="1733444167"><address addr="202.46.0.157" addrtype="ipv4"/><ports><port protocol="tcp" portid="5060"><state state="open" reason="syn-ack" reason_ttl="51"/></port></ports></host>
<host endtime="1733444168"><address addr="202.46.254.177" addrtype="ipv4"/><ports><port protocol="tcp" portid="5060"><state state="open" reason="syn-ack" reason_ttl="51"/></port></ports></host>
<host endtime="1733444173"><address addr="199.123.26.179" addrtype="ipv4"/><ports><port protocol="tcp" portid="5060"><state state="open" reason="syn-ack" reason_ttl="229"/></port></ports></host>
<host endtime="1733444173"><address addr="199.123.25.114" addrtype="ipv4"/><ports><port protocol="tcp" portid="5060"><state state="open" reason="syn-ack" reason_ttl="229"/></port></ports></host>
<host endtime="1733444176"><address addr="199.123.24.249" addrtype="ipv4"/><ports><port protocol="tcp" portid="5060"><state state="open" reason="syn-ack" reason_ttl="229"/></port></ports></host>
<host endtime="1733444176"><address addr="202.46.15.77" addrtype="ipv4"/><ports><port protocol="tcp" portid="5060"><state state="open" reason="syn-ack" reason_ttl="51"/></port></ports></host>
<host endtime="1733444177"><address addr="202.46.10.219" addrtype="ipv4"/><ports><port protocol="tcp" portid="5060"><state state="open" reason="syn-ack" reason_ttl="51"/></port></ports></host>
<host endtime="1733444178"><address addr="202.46.0.53" addrtype="ipv4"/><ports><port protocol="tcp" portid="5060"><state state="open" reason="syn-ack" reason_ttl="51"/></port></ports></host>
<host endtime="1733444178"><address addr="202.46.254.19" addrtype="ipv4"/><ports><port protocol="tcp" portid="5060"><state state="open" reason="syn-ack" reason_ttl="50"/></port></ports></host>
<host endtime="1733444181"><address addr="202.46.248.40" addrtype="ipv4"/><ports><port protocol="tcp" portid="5060"><state state="open" reason="syn-ack" reason_ttl="51"/></port></ports></host>
<host endtime="1733444182"><address addr="202.46.14.156" addrtype="ipv4"/><ports><port protocol="tcp" portid="5060"><state state="open" reason="syn-ack" reason_ttl="50"/></port></ports></host>
<host endtime="1733444183"><address addr="199.123.26.1" addrtype="ipv4"/><ports><port protocol="tcp" portid="5060"><state state="open" reason="syn-ack" reason_ttl="229"/></port></ports></host>
<host endtime="1733444183"><address addr="202.46.6.1" addrtype="ipv4"/><ports><port protocol="tcp" portid="5060"><state state="open" reason="syn-ack" reason_ttl="51"/></port></ports></host>
<host endtime="1733444184"><address addr="202.46.0.30" addrtype="ipv4"/><ports><port protocol="tcp" portid="5060"><state state="open" reason="syn-ack" reason_ttl="51"/></port></ports></host>
<host endtime="1733444185"><address addr="202.46.253.142" addrtype="ipv4"/><ports><port protocol="tcp" portid="5060"><state state="open" reason="syn-ack" reason_ttl="51"/></port></ports></host>
<host endtime="1733444192"><address addr="202.46.3.142" addrtype="ipv4"/><ports><port protocol="tcp" portid="5060"><state state="open" reason="syn-ack" reason_ttl="51"/></port></ports></host>
<host endtime="1733444197"><address addr="202.46.242.229" addrtype="ipv4"/><ports><port protocol="tcp" portid="5060"><state state="open" reason="syn-ack" reason_ttl="51"/></port></ports></host>
<host endtime="1733444198"><address addr="202.46.250.132" addrtype="ipv4"/><ports><port protocol="tcp" portid="5060"><state state="open" reason="syn-ack" reason_ttl="51"/></port></ports></host>
<host endtime="1733444199"><address addr="199.123.25.125" addrtype="ipv4"/><ports><port protocol="tcp" portid="5060"><state state="open" reason="syn-ack" reason_ttl="229"/></port></ports></host>
<host endtime="1733444199"><address addr="202.46.245.147" addrtype="ipv4"/><ports><port protocol="tcp" portid="5060"><state state="open" reason="syn-ack" reason_ttl="51"/></port></ports></host>
<host endtime="1733444200"><address addr="199.123.26.94" addrtype="ipv4"/><ports><port protocol="tcp" portid="5060"><state state="open" reason="syn-ack" reason_ttl="229"/></port></ports></host>
<host endtime="1733444201"><address addr="202.46.248.5" addrtype="ipv4"/><ports><port protocol="tcp" portid="5060"><state state="open" reason="syn-ack" reason_ttl="51"/></port></ports></host>
<host endtime="1733444204"><address addr="202.46.6.14" addrtype="ipv4"/><ports><port protocol="tcp" portid="5060"><state state="open" reason="syn-ack" reason_ttl="51"/></port></ports></host>
<host endtime="1733444206"><address addr="193.98.229.241" addrtype="ipv4"/><ports><port protocol="tcp" portid="5061"><state state="open" reason="syn-ack" reason_ttl="48"/></port></ports></host>
<host endtime="1733444209"><address addr="202.46.6.75" addrtype="ipv4"/><ports><port protocol="tcp" portid="5060"><state state="open" reason="syn-ack" reason_ttl="50"/></port></ports></host>
<host endtime="1733444209"><address addr="199.123.24.54" addrtype="ipv4"/><ports><port protocol="tcp" portid="5060"><state state="open" reason="syn-ack" reason_ttl="229"/></port></ports></host>
<host endtime="1733444210"><address addr="202.46.247.57" addrtype="ipv4"/><ports><port protocol="tcp" portid="5060"><state state="open" reason="syn-ack" reason_ttl="51"/></port></ports></host>
<host endtime="1733444210"><address addr="202.46.240.153" addrtype="ipv4"/><ports><port protocol="tcp" portid="5060"><state state="open" reason="syn-ack" reason_ttl="51"/></port></ports></host>
<host endtime="1733444211"><address addr="103.83.19.205" addrtype="ipv4"/><ports><port protocol="tcp" portid="5060"><state state="open" reason="syn-ack" reason_ttl="48"/></port></ports></host>
<host endtime="1733444216"><address addr="202.46.7.140" addrtype="ipv4"/><ports><port protocol="tcp" portid="5060"><state state="open" reason="syn-ack" reason_ttl="50"/></port></ports></host>
<host endtime="1733444216"><address addr="202.46.253.92" addrtype="ipv4"/><ports><port protocol="tcp" portid="5060"><state state="open" reason="syn-ack" reason_ttl="51"/></port></ports></host>
<host endtime="1733444219"><address addr="202.46.244.40" addrtype="ipv4"/><ports><port protocol="tcp" portid="5060"><state state="open" reason="syn-ack" reason_ttl="51"/></port></ports></host>
<host endtime="1733444219"><address addr="199.123.24.250" addrtype="ipv4"/><ports><port protocol="tcp" portid="5060"><state state="open" reason="syn-ack" reason_ttl="229"/></port></ports></host>
<host endtime="1733444219"><address addr="202.46.6.139" addrtype="ipv4"/><ports><port protocol="tcp" portid="5060"><state state="open" reason="syn-ack" reason_ttl="51"/></port></ports></host>
<host endtime="1733444220"><address addr="202.46.14.16" addrtype="ipv4"/><ports><port protocol="tcp" portid="5060"><state state="open" reason="syn-ack" reason_ttl="51"/></port></ports></host>
<host endtime="1733444220"><address addr="199.201.236.49" addrtype="ipv4"/><ports><port protocol="tcp" portid="5060"><state state="open" reason="syn-ack" reason_ttl="47"/></port></ports></host>
<host endtime="1733444223"><address addr="202.46.3.239" addrtype="ipv4"/><ports><port protocol="tcp" portid="5060"><state state="open" reason="syn-ack" reason_ttl="51"/></port></ports></host>
<host endtime="1733444223"><address addr="193.103.200.77" addrtype="ipv4"/><ports><port protocol="tcp" portid="5060"><state state="open" reason="syn-ack" reason_ttl="54"/></port></ports></host>
<host endtime="1733444224"><address addr="193.103.32.10" addrtype="ipv4"/><ports><port protocol="tcp" portid="5060"><state state="open" reason="syn-ack" reason_ttl="51"/></port></ports></host>
<host endtime="1733444225"><address addr="202.46.247.124" addrtype="ipv4"/><ports><port protocol="tcp" portid="5060"><state state="open" reason="syn-ack" reason_ttl="51"/></port></ports></host>
<host endtime="1733444230"><address addr="202.46.13.133" addrtype="ipv4"/><ports><port protocol="tcp" portid="5060"><state state="open" reason="syn-ack" reason_ttl="51"/></port></ports></host>
<host endtime="1733444230"><address addr="202.46.6.187" addrtype="ipv4"/><ports><port protocol="tcp" portid="5060"><state state="open" reason="syn-ack" reason_ttl="51"/></port></ports></host>
<host endtime="1733444231"><address addr="199.201.236.164" addrtype="ipv4"/><ports><port protocol="tcp" portid="5060"><state state="open" reason="syn-ack" reason_ttl="47"/></port></ports></host>
<host endtime="1733444233"><address addr="202.46.1.101" addrtype="ipv4"/><ports><port protocol="tcp" portid="5060"><state state="open" reason="syn-ack" reason_ttl="51"/></port></ports></host>
<host endtime="1733444237"><address addr="199.123.24.69" addrtype="ipv4"/><ports><port protocol="tcp" portid="5060"><state state="open" reason="syn-ack" reason_ttl="229"/></port></ports></host>
<host endtime="1733444238"><address addr="202.46.15.236" addrtype="ipv4"/><ports><port protocol="tcp" portid="5060"><state state="open" reason="syn-ack" reason_ttl="51"/></port></ports></host>
<host endtime="1733444238"><address addr="66.43.88.45" addrtype="ipv4"/><ports><port protocol="tcp" portid="5060"><state state="open" reason="syn-ack" reason_ttl="47"/></port></ports></host>
<host endtime="1733444239"><address addr="202.46.244.187" addrtype="ipv4"/><ports><port protocol="tcp" portid="5060"><state state="open" reason="syn-ack" reason_ttl="51"/></port></ports></host>
<host endtime="1733444243"><address addr="202.46.242.93" addrtype="ipv4"/><ports><port protocol="tcp" portid="5060"><state state="open" reason="syn-ack" reason_ttl="50"/></port></ports></host>
<host endtime="1733444245"><address addr="202.46.13.175" addrtype="ipv4"/><ports><port protocol="tcp" portid="5060"><state state="open" reason="syn-ack" reason_ttl="50"/></port></ports></host>
<host endtime="1733444249"><address addr="199.201.237.74" addrtype="ipv4"/><ports><port protocol="tcp" portid="5060"><state state="open" reason="syn-ack" reason_ttl="47"/></port></ports></host>
<host endtime="1733444253"><address addr="199.123.24.229" addrtype="ipv4"/><ports><port protocol="tcp" portid="5060"><state state="open" reason="syn-ack" reason_ttl="229"/></port></ports></host>
<host endtime="1733444256"><address addr="202.46.252.224" addrtype="ipv4"/><ports><port protocol="tcp" portid="5060"><state state="open" reason="syn-ack" reason_ttl="51"/></port></ports></host>
<host endtime="1733444256"><address addr="103.224.215.111" addrtype="ipv4"/><ports><port protocol="tcp" portid="5060"><state state="open" reason="syn-ack" reason_ttl="48"/></port></ports></host>
<host endtime="1733444257"><address addr="103.224.215.167" addrtype="ipv4"/><ports><port protocol="tcp" portid="5060"><state state="open" reason="syn-ack" reason_ttl="48"/></port></ports></host>
<host endtime="1733444257"><address addr="202.46.11.171" addrtype="ipv4"/><ports><port protocol="tcp" portid="5060"><state state="open" reason="syn-ack" reason_ttl="51"/></port></ports></host>
<host endtime="1733444260"><address addr="202.46.0.203" addrtype="ipv4"/><ports><port protocol="tcp" portid="5060"><state state="open" reason="syn-ack" reason_ttl="50"/></port></ports></host>
<host endtime="1733444261"><address addr="202.46.4.20" addrtype="ipv4"/><ports><port protocol="tcp" portid="5060"><state state="open" reason="syn-ack" reason_ttl="51"/></port></ports></host>
<host endtime="1733444262"><address addr="199.123.26.212" addrtype="ipv4"/><ports><port protocol="tcp" portid="5060"><state state="open" reason="syn-ack" reason_ttl="229"/></port></ports></host>
<host endtime="1733444263"><address addr="202.46.2.179" addrtype="ipv4"/><ports><port protocol="tcp" portid="5060"><state state="open" reason="syn-ack" reason_ttl="51"/></port></ports></host>
<host endtime="1733444263"><address addr="202.46.5.5" addrtype="ipv4"/><ports><port protocol="tcp" portid="5060"><state state="open" reason="syn-ack" reason_ttl="51"/></port></ports></host>
<host endtime="1733444265"><address addr="202.46.14.6" addrtype="ipv4"/><ports><port protocol="tcp" portid="5060"><state state="open" reason="syn-ack" reason_ttl="51"/></port></ports></host>
<host endtime="1733444265"><address addr="202.46.6.194" addrtype="ipv4"/><ports><port protocol="tcp" portid="5060"><state state="open" reason="syn-ack" reason_ttl="51"/></port></ports></host>
<host endtime="1733444267"><address addr="202.46.8.124" addrtype="ipv4"/><ports><port protocol="tcp" portid="5060"><state state="open" reason="syn-ack" reason_ttl="51"/></port></ports></host>
<host endtime="1733444268"><address addr="202.46.241.148" addrtype="ipv4"/><ports><port protocol="tcp" portid="5060"><state state="open" reason="syn-ack" reason_ttl="50"/></port></ports></host>
<host endtime="1733444268"><address addr="202.46.240.20" addrtype="ipv4"/><ports><port protocol="tcp" portid="5060"><state state="open" reason="syn-ack" reason_ttl="51"/></port></ports></host>
<host endtime="1733444269"><address addr="103.224.214.53" addrtype="ipv4"/><ports><port protocol="tcp" portid="5060"><state state="open" reason="syn-ack" reason_ttl="48"/></port></ports></host>
<host endtime="1733444274"><address addr="202.46.13.202" addrtype="ipv4"/><ports><port protocol="tcp" portid="5060"><state state="open" reason="syn-ack" reason_ttl="51"/></port></ports></host>
<host endtime="1733444274"><address addr="202.46.0.38" addrtype="ipv4"/><ports><port protocol="tcp" portid="5060"><state state="open" reason="syn-ack" reason_ttl="51"/></port></ports></host>
<host endtime="1733444275"><address addr="202.46.12.239" addrtype="ipv4"/><ports><port protocol="tcp" portid="5060"><state state="open" reason="syn-ack" reason_ttl="51"/></port></ports></host>
<host endtime="1733444279"><address addr="202.46.254.99" addrtype="ipv4"/><ports><port protocol="tcp" portid="5060"><state state="open" reason="syn-ack" reason_ttl="51"/></port></ports></host>
<host endtime="1733444280"><address addr="202.46.13.154" addrtype="ipv4"/><ports><port protocol="tcp" portid="5060"><state state="open" reason="syn-ack" reason_ttl="50"/></port></ports></host>
<host endtime="1733444281"><address addr="103.224.214.255" addrtype="ipv4"/><ports><port protocol="tcp" portid="5060"><state state="open" reason="syn-ack" reason_ttl="48"/></port></ports></host>
<host endtime="1733444283"><address addr="202.46.246.229" addrtype="ipv4"/><ports><port protocol="tcp" portid="5060"><state state="open" reason="syn-ack" reason_ttl="51"/></port></ports></host>
<host endtime="1733444284"><address addr="202.46.6.28" addrtype="ipv4"/><ports><port protocol="tcp" portid="5060"><state state="open" reason="syn-ack" reason_ttl="51"/></port></ports></host>
<host endtime="1733444284"><address addr="202.46.242.87" addrtype="ipv4"/><ports><port protocol="tcp" portid="5060"><state state="open" reason="syn-ack" reason_ttl="51"/></port></ports></host>
<host endtime="1733444284"><address addr="202.46.252.168" addrtype="ipv4"/><ports><port protocol="tcp" portid="5060"><state state="open" reason="syn-ack" reason_ttl="51"/></port></ports></host>
<host endtime="1733444285"><address addr="202.46.3.224" addrtype="ipv4"/><ports><port protocol="tcp" portid="5060"><state state="open" reason="syn-ack" reason_ttl="51"/></port></ports></host>
<host endtime="1733444288"><address addr="193.103.200.246" addrtype="ipv4"/><ports><port protocol="tcp" portid="5060"><state state="open" reason="syn-ack" reason_ttl="52"/></port></ports></host>
<host endtime="1733444289"><address addr="202.46.246.82" addrtype="ipv4"/><ports><port protocol="tcp" portid="5060"><state state="open" reason="syn-ack" reason_ttl="51"/></port></ports></host>
<host endtime="1733444290"><address addr="103.224.214.199" addrtype="ipv4"/><ports><port protocol="tcp" portid="5060"><state state="open" reason="syn-ack" reason_ttl="48"/></port></ports></host>
<host endtime="1733444291"><address addr="103.224.215.223" addrtype="ipv4"/><ports><port protocol="tcp" portid="5060"><state state="open" reason="syn-ack" reason_ttl="48"/></port></ports></host>
<host endtime="1733444293"><address addr="202.46.241.2" addrtype="ipv4"/><ports><port protocol="tcp" portid="5060"><state state="open" reason="syn-ack" reason_ttl="51"/></port></ports></host>
<host endtime="1733444298"><address addr="199.123.27.20" addrtype="ipv4"/><ports><port protocol="tcp" portid="5060"><state state="open" reason="syn-ack" reason_ttl="229"/></port></ports></host>
<host endtime="1733444302"><address addr="202.46.12.248" addrtype="ipv4"/><ports><port protocol="tcp" portid="5060"><state state="open" reason="syn-ack" reason_ttl="51"/></port></ports></host>
<host endtime="1733444305"><address addr="103.224.215.87" addrtype="ipv4"/><ports><port protocol="tcp" portid="5060"><state state="open" reason="syn-ack" reason_ttl="48"/></port></ports></host>
<host endtime="1733444306"><address addr="202.46.11.249" addrtype="ipv4"/><ports><port protocol="tcp" portid="5060"><state state="open" reason="syn-ack" reason_ttl="51"/></port></ports></host>
<host endtime="1733444308"><address addr="199.123.26.129" addrtype="ipv4"/><ports><port protocol="tcp" portid="5060"><state state="open" reason="syn-ack" reason_ttl="229"/></port></ports></host>
<host endtime="1733444311"><address addr="202.46.10.168" addrtype="ipv4"/><ports><port protocol="tcp" portid="5060"><state state="open" reason="syn-ack" reason_ttl="50"/></port></ports></host>
<host endtime="1733444311"><address addr="202.46.12.103" addrtype="ipv4"/><ports><port protocol="tcp" portid="5060"><state state="open" reason="syn-ack" reason_ttl="50"/></port></ports></host>
<host endtime="1733444311"><address addr="202.46.250.36" addrtype="ipv4"/><ports><port protocol="tcp" portid="5060"><state state="open" reason="syn-ack" reason_ttl="51"/></port></ports></host>
<host endtime="1733444311"><address addr="199.201.236.248" addrtype="ipv4"/><ports><port protocol="tcp" portid="5060"><state state="open" reason="syn-ack" reason_ttl="47"/></port></ports></host>
<host endtime="1733444312"><address addr="202.46.251.184" addrtype="ipv4"/><ports><port protocol="tcp" portid="5060"><state state="open" reason="syn-ack" reason_ttl="50"/></port></ports></host>
<host endtime="1733444315"><address addr="202.46.6.110" addrtype="ipv4"/><ports><port protocol="tcp" portid="5060"><state state="open" reason="syn-ack" reason_ttl="51"/></port></ports></host>
<host endtime="1733444317"><address addr="202.46.12.57" addrtype="ipv4"/><ports><port protocol="tcp" portid="5060"><state state="open" reason="syn-ack" reason_ttl="50"/></port></ports></host>
<host endtime="1733444318"><address addr="202.46.8.95" addrtype="ipv4"/><ports><port protocol="tcp" portid="5060"><state state="open" reason="syn-ack" reason_ttl="51"/></port></ports></host>
<host endtime="1733444318"><address addr="202.46.246.139" addrtype="ipv4"/><ports><port protocol="tcp" portid="5060"><state state="open" reason="syn-ack" reason_ttl="51"/></port></ports></host>
<host endtime="1733444322"><address addr="202.46.246.70" addrtype="ipv4"/><ports><port protocol="tcp" portid="5060"><state state="open" reason="syn-ack" reason_ttl="51"/></port></ports></host>
<host endtime="1733444323"><address addr="202.46.6.35" addrtype="ipv4"/><ports><port protocol="tcp" portid="5060"><state state="open" reason="syn-ack" reason_ttl="51"/></port></ports></host>
<host endtime="1733444323"><address addr="202.46.4.152" addrtype="ipv4"/><ports><port protocol="tcp" portid="5060"><state state="open" reason="syn-ack" reason_ttl="51"/></port></ports></host>
<host endtime="1733444324"><address addr="202.46.252.130" addrtype="ipv4"/><ports><port protocol="tcp" portid="5060"><state state="open" reason="syn-ack" reason_ttl="51"/></port></ports></host>
<host endtime="1733444325"><address addr="202.46.247.157" addrtype="ipv4"/><ports><port protocol="tcp" portid="5060"><state state="open" reason="syn-ack" reason_ttl="51"/></port></ports></host>
<host endtime="1733444326"><address addr="202.46.4.28" addrtype="ipv4"/><ports><port protocol="tcp" portid="5060"><state state="open" reason="syn-ack" reason_ttl="51"/></port></ports></host>
<host endtime="1733444326"><address addr="202.46.13.97" addrtype="ipv4"/><ports><port protocol="tcp" portid="5060"><state state="open" reason="syn-ack" reason_ttl="51"/></port></ports></host>
<host endtime="1733444328"><address addr="103.83.18.210" addrtype="ipv4"/><ports><port protocol="tcp" portid="5060"><state state="open" reason="syn-ack" reason_ttl="48"/></port></ports></host>
<host endtime="1733444328"><address addr="202.46.246.5" addrtype="ipv4"/><ports><port protocol="tcp" portid="5060"><state state="open" reason="syn-ack" reason_ttl="51"/></port></ports></host>
<host endtime="1733444328"><address addr="202.46.0.110" addrtype="ipv4"/><ports><port protocol="tcp" portid="5060"><state state="open" reason="syn-ack" reason_ttl="50"/></port></ports></host>
<host endtime="1733444328"><address addr="202.46.15.134" addrtype="ipv4"/><ports><port protocol="tcp" portid="5060"><state state="open" reason="syn-ack" reason_ttl="50"/></port></ports></host>
<host endtime="1733444328"><address addr="202.46.246.250" addrtype="ipv4"/><ports><port protocol="tcp" portid="5060"><state state="open" reason="syn-ack" reason_ttl="51"/></port></ports></host>
<host endtime="1733444329"><address addr="202.46.6.11" addrtype="ipv4"/><ports><port protocol="tcp" portid="5060"><state state="open" reason="syn-ack" reason_ttl="51"/></port></ports></host>
<host endtime="1733444332"><address addr="202.46.241.41" addrtype="ipv4"/><ports><port protocol="tcp" portid="5060"><state state="open" reason="syn-ack" reason_ttl="51"/></port></ports></host>
<host endtime="1733444332"><address addr="202.46.5.89" addrtype="ipv4"/><ports><port protocol="tcp" portid="5060"><state state="open" reason="syn-ack" reason_ttl="51"/></port></ports></host>
<host endtime="1733444336"><address addr="193.103.200.12" addrtype="ipv4"/><ports><port protocol="tcp" portid="5060"><state state="open" reason="syn-ack" reason_ttl="54"/></port></ports></host>
<host endtime="1733444337"><address addr="202.46.9.30" addrtype="ipv4"/><ports><port protocol="tcp" portid="5060"><state state="open" reason="syn-ack" reason_ttl="51"/></port></ports></host>
<host endtime="1733444338"><address addr="202.46.252.90" addrtype="ipv4"/><ports><port protocol="tcp" portid="5060"><state state="open" reason="syn-ack" reason_ttl="51"/></port></ports></host>
<host endtime="1733444341"><address addr="103.83.19.181" addrtype="ipv4"/><ports><port protocol="tcp" portid="5060"><state state="open" reason="syn-ack" reason_ttl="48"/></port></ports></host>
<host endtime="1733444341"><address addr="202.46.243.242" addrtype="ipv4"/><ports><port protocol="tcp" portid="5060"><state state="open" reason="syn-ack" reason_ttl="51"/></port></ports></host>
<host endtime="1733444343"><address addr="202.46.254.215" addrtype="ipv4"/><ports><port protocol="tcp" portid="5060"><state state="open" reason="syn-ack" reason_ttl="51"/></port></ports></host>
<host endtime="1733444344"><address addr="202.46.12.45" addrtype="ipv4"/><ports><port protocol="tcp" portid="5060"><state state="open" reason="syn-ack" reason_ttl="51"/></port></ports></host>
<host endtime="1733444346"><address addr="202.46.4.70" addrtype="ipv4"/><ports><port protocol="tcp" portid="5060"><state state="open" reason="syn-ack" reason_ttl="50"/></port></ports></host>
<host endtime="1733444347"><address addr="202.46.247.231" addrtype="ipv4"/><ports><port protocol="tcp" portid="5060"><state state="open" reason="syn-ack" reason_ttl="50"/></port></ports></host>
<host endtime="1733444350"><address addr="202.46.2.22" addrtype="ipv4"/><ports><port protocol="tcp" portid="5060"><state state="open" reason="syn-ack" reason_ttl="50"/></port></ports></host>
<host endtime="1733444353"><address addr="202.46.15.85" addrtype="ipv4"/><ports><port protocol="tcp" portid="5060"><state state="open" reason="syn-ack" reason_ttl="51"/></port></ports></host>
<host endtime="1733444353"><address addr="202.46.6.113" addrtype="ipv4"/><ports><port protocol="tcp" portid="5060"><state state="open" reason="syn-ack" reason_ttl="51"/></port></ports></host>
<host endtime="1733444355"><address addr="202.46.12.200" addrtype="ipv4"/><ports><port protocol="tcp" portid="5060"><state state="open" reason="syn-ack" reason_ttl="50"/></port></ports></host>
<host endtime="1733444356"><address addr="202.46.241.77" addrtype="ipv4"/><ports><port protocol="tcp" portid="5060"><state state="open" reason="syn-ack" reason_ttl="51"/></port></ports></host>
<host endtime="1733444356"><address addr="202.46.3.15" addrtype="ipv4"/><ports><port protocol="tcp" portid="5060"><state state="open" reason="syn-ack" reason_ttl="51"/></port></ports></host>
<host endtime="1733444358"><address addr="103.224.214.40" addrtype="ipv4"/><ports><port protocol="tcp" portid="5060"><state state="open" reason="syn-ack" reason_ttl="48"/></port></ports></host>
<host endtime="1733444359"><address addr="202.46.4.53" addrtype="ipv4"/><ports><port protocol="tcp" portid="5060"><state state="open" reason="syn-ack" reason_ttl="51"/></port></ports></host>
<host endtime="1733444359"><address addr="193.98.229.156" addrtype="ipv4"/><ports><port protocol="tcp" portid="5060"><state state="open" reason="syn-ack" reason_ttl="47"/></port></ports></host>
<host endtime="1733444361"><address addr="193.98.229.142" addrtype="ipv4"/><ports><port protocol="tcp" portid="5061"><state state="open" reason="syn-ack" reason_ttl="48"/></port></ports></host>
<host endtime="1733444361"><address addr="202.46.5.129" addrtype="ipv4"/><ports><port protocol="tcp" portid="5060"><state state="open" reason="syn-ack" reason_ttl="51"/></port></ports></host>
<host endtime="1733444362"><address addr="202.46.249.9" addrtype="ipv4"/><ports><port protocol="tcp" portid="5060"><state state="open" reason="syn-ack" reason_ttl="50"/></port></ports></host>
<host endtime="1733444365"><address addr="199.123.24.53" addrtype="ipv4"/><ports><port protocol="tcp" portid="5060"><state state="open" reason="syn-ack" reason_ttl="229"/></port></ports></host>
<host endtime="1733444365"><address addr="202.46.5.135" addrtype="ipv4"/><ports><port protocol="tcp" portid="5060"><state state="open" reason="syn-ack" reason_ttl="51"/></port></ports></host>
<host endtime="1733444368"><address addr="202.46.3.9" addrtype="ipv4"/><ports><port protocol="tcp" portid="5060"><state state="open" reason="syn-ack" reason_ttl="51"/></port></ports></host>
<host endtime="1733444369"><address addr="202.46.248.149" addrtype="ipv4"/><ports><port protocol="tcp" portid="5060"><state state="open" reason="syn-ack" reason_ttl="50"/></port></ports></host>
<host endtime="1733444371"><address addr="103.83.19.250" addrtype="ipv4"/><ports><port protocol="tcp" portid="5060"><state state="open" reason="syn-ack" reason_ttl="48"/></port></ports></host>
<host endtime="1733444372"><address addr="202.46.247.106" addrtype="ipv4"/><ports><port protocol="tcp" portid="5060"><state state="open" reason="syn-ack" reason_ttl="51"/></port></ports></host>
<host endtime="1733444373"><address addr="199.201.236.130" addrtype="ipv4"/><ports><port protocol="tcp" portid="5060"><state state="open" reason="syn-ack" reason_ttl="47"/></port></ports></host>
<host endtime="1733444374"><address addr="202.46.244.24" addrtype="ipv4"/><ports><port protocol="tcp" portid="5060"><state state="open" reason="syn-ack" reason_ttl="50"/></port></ports></host>
<host endtime="1733444374"><address addr="103.177.50.94" addrtype="ipv4"/><ports><port protocol="tcp" portid="5061"><state state="open" reason="syn-ack" reason_ttl="121"/></port></ports></host>
<host endtime="1733444374"><address addr="202.46.248.157" addrtype="ipv4"/><ports><port protocol="tcp" portid="5060"><state state="open" reason="syn-ack" reason_ttl="51"/></port></ports></host>
<host endtime="1733444378"><address addr="202.46.247.146" addrtype="ipv4"/><ports><port protocol="tcp" portid="5060"><state state="open" reason="syn-ack" reason_ttl="51"/></port></ports></host>
<host endtime="1733444382"><address addr="202.46.6.13" addrtype="ipv4"/><ports><port protocol="tcp" portid="5060"><state state="open" reason="syn-ack" reason_ttl="51"/></port></ports></host>
<host endtime="1733444383"><address addr="202.46.11.115" addrtype="ipv4"/><ports><port protocol="tcp" portid="5060"><state state="open" reason="syn-ack" reason_ttl="51"/></port></ports></host>
<host endtime="1733444383"><address addr="202.46.3.132" addrtype="ipv4"/><ports><port protocol="tcp" portid="5060"><state state="open" reason="syn-ack" reason_ttl="51"/></port></ports></host>
<host endtime="1733444383"><address addr="202.46.12.214" addrtype="ipv4"/><ports><port protocol="tcp" portid="5060"><state state="open" reason="syn-ack" reason_ttl="51"/></port></ports></host>
<host endtime="1733444384"><address addr="202.46.15.196" addrtype="ipv4"/><ports><port protocol="tcp" portid="5060"><state state="open" reason="syn-ack" reason_ttl="50"/></port></ports></host>
<host endtime="1733444385"><address addr="202.46.7.213" addrtype="ipv4"/><ports><port protocol="tcp" portid="5060"><state state="open" reason="syn-ack" reason_ttl="51"/></port></ports></host>
<host endtime="1733444386"><address addr="202.46.252.117" addrtype="ipv4"/><ports><port protocol="tcp" portid="5060"><state state="open" reason="syn-ack" reason_ttl="50"/></port></ports></host>
<host endtime="1733444391"><address addr="103.224.215.43" addrtype="ipv4"/><ports><port protocol="tcp" portid="5060"><state state="open" reason="syn-ack" reason_ttl="48"/></port></ports></host>
<host endtime="1733444393"><address addr="103.224.215.164" addrtype="ipv4"/><ports><port protocol="tcp" portid="5060"><state state="open" reason="syn-ack" reason_ttl="48"/></port></ports></host>
<host endtime="1733444394"><address addr="202.46.6.53" addrtype="ipv4"/><ports><port protocol="tcp" portid="5060"><state state="open" reason="syn-ack" reason_ttl="51"/></port></ports></host>
<host endtime="1733444397"><address addr="202.46.250.170" addrtype="ipv4"/><ports><port protocol="tcp" portid="5060"><state state="open" reason="syn-ack" reason_ttl="51"/></port></ports></host>
<host endtime="1733444398"><address addr="202.46.1.19" addrtype="ipv4"/><ports><port protocol="tcp" portid="5060"><state state="open" reason="syn-ack" reason_ttl="50"/></port></ports></host>
<host endtime="1733444401"><address addr="202.46.240.220" addrtype="ipv4"/><ports><port protocol="tcp" portid="5060"><state state="open" reason="syn-ack" reason_ttl="50"/></port></ports></host>
<host endtime="1733444404"><address addr="202.46.2.60" addrtype="ipv4"/><ports><port protocol="tcp" portid="5060"><state state="open" reason="syn-ack" reason_ttl="51"/></port></ports></host>
<host endtime="1733444404"><address addr="193.103.200.142" addrtype="ipv4"/><ports><port protocol="tcp" portid="5060"><state state="open" reason="syn-ack" reason_ttl="54"/></port></ports></host>
<host endtime="1733444405"><address addr="199.123.24.237" addrtype="ipv4"/><ports><port protocol="tcp" portid="5060"><state state="open" reason="syn-ack" reason_ttl="229"/></port></ports></host>
<host endtime="1733444406"><address addr="202.46.7.52" addrtype="ipv4"/><ports><port protocol="tcp" portid="5060"><state state="open" reason="syn-ack" reason_ttl="50"/></port></ports></host>
<host endtime="1733444409"><address addr="202.46.246.58" addrtype="ipv4"/><ports><port protocol="tcp" portid="5060"><state state="open" reason="syn-ack" reason_ttl="51"/></port></ports></host>
<host endtime="1733444411"><address addr="202.46.8.5" addrtype="ipv4"/><ports><port protocol="tcp" portid="5061"><state state="open" reason="syn-ack" reason_ttl="50"/></port></ports></host>
<host endtime="1733444412"><address addr="202.46.13.28" addrtype="ipv4"/><ports><port protocol="tcp" portid="5060"><state state="open" reason="syn-ack" reason_ttl="50"/></port></ports></host>
<host endtime="1733444412"><address addr="202.46.4.221" addrtype="ipv4"/><ports><port protocol="tcp" portid="5060"><state state="open" reason="syn-ack" reason_ttl="50"/></port></ports></host>
<host endtime="1733444419"><address addr="202.46.251.234" addrtype="ipv4"/><ports><port protocol="tcp" portid="5060"><state state="open" reason="syn-ack" reason_ttl="51"/></port></ports></host>
<host endtime="1733444420"><address addr="199.123.25.67" addrtype="ipv4"/><ports><port protocol="tcp" portid="5060"><state state="open" reason="syn-ack" reason_ttl="229"/></port></ports></host>
<host endtime="1733444421"><address addr="103.224.215.179" addrtype="ipv4"/><ports><port protocol="tcp" portid="5060"><state state="open" reason="syn-ack" reason_ttl="48"/></port></ports></host>
<host endtime="1733444427"><address addr="202.46.7.152" addrtype="ipv4"/><ports><port protocol="tcp" portid="5060"><state state="open" reason="syn-ack" reason_ttl="51"/></port></ports></host>
<host endtime="1733444429"><address addr="193.98.229.8" addrtype="ipv4"/><ports><port protocol="tcp" portid="5060"><state state="open" reason="syn-ack" reason_ttl="47"/></port></ports></host>
<host endtime="1733444430"><address addr="202.46.254.124" addrtype="ipv4"/><ports><port protocol="tcp" portid="5060"><state state="open" reason="syn-ack" reason_ttl="51"/></port></ports></host>
<host endtime="1733444431"><address addr="202.46.9.103" addrtype="ipv4"/><ports><port protocol="tcp" portid="5060"><state state="open" reason="syn-ack" reason_ttl="51"/></port></ports></host>
<host endtime="1733444438"><address addr="202.46.249.113" addrtype="ipv4"/><ports><port protocol="tcp" portid="5060"><state state="open" reason="syn-ack" reason_ttl="51"/></port></ports></host>
<host endtime="1733444439"><address addr="199.201.236.42" addrtype="ipv4"/><ports><port protocol="tcp" portid="5060"><state state="open" reason="syn-ack" reason_ttl="47"/></port></ports></host>
<host endtime="1733444440"><address addr="202.46.243.201" addrtype="ipv4"/><ports><port protocol="tcp" portid="5060"><state state="open" reason="syn-ack" reason_ttl="51"/></port></ports></host>
<host endtime="1733444441"><address addr="202.46.253.5" addrtype="ipv4"/><ports><port protocol="tcp" portid="5060"><state state="open" reason="syn-ack" reason_ttl="51"/></port></ports></host>
<host endtime="1733444445"><address addr="199.123.25.101" addrtype="ipv4"/><ports><port protocol="tcp" portid="5060"><state state="open" reason="syn-ack" reason_ttl="229"/></port></ports></host>
<host endtime="1733444449"><address addr="202.46.14.201" addrtype="ipv4"/><ports><port protocol="tcp" portid="5060"><state state="open" reason="syn-ack" reason_ttl="51"/></port></ports></host>
<host endtime="1733444453"><address addr="193.103.200.44" addrtype="ipv4"/><ports><port protocol="tcp" portid="5060"><state state="open" reason="syn-ack" reason_ttl="52"/></port></ports></host>
<host endtime="1733444458"><address addr="193.103.200.183" addrtype="ipv4"/><ports><port protocol="tcp" portid="5060"><state state="open" reason="syn-ack" reason_ttl="54"/></port></ports></host>
<host endtime="1733444459"><address addr="202.46.240.102" addrtype="ipv4"/><ports><port protocol="tcp" portid="5060"><state state="open" reason="syn-ack" reason_ttl="50"/></port></ports></host>
<host endtime="1733444462"><address addr="199.123.27.138" addrtype="ipv4"/><ports><port protocol="tcp" portid="5060"><state state="open" reason="syn-ack" reason_ttl="229"/></port></ports></host>
<host endtime="1733444463"><address addr="202.46.10.56" addrtype="ipv4"/><ports><port protocol="tcp" portid="5060"><state state="open" reason="syn-ack" reason_ttl="50"/></port></ports></host>
<host endtime="1733444463"><address addr="199.201.237.55" addrtype="ipv4"/><ports><port protocol="tcp" portid="5060"><state state="open" reason="syn-ack" reason_ttl="47"/></port></ports></host>
<host endtime="1733444464"><address addr="202.46.12.3" addrtype="ipv4"/><ports><port protocol="tcp" portid="5060"><state state="open" reason="syn-ack" reason_ttl="51"/></port></ports></host>
<host endtime="1733444465"><address addr="202.46.253.106" addrtype="ipv4"/><ports><port protocol="tcp" portid="5060"><state state="open" reason="syn-ack" reason_ttl="51"/></port></ports></host>
<host endtime="1733444466"><address addr="202.46.10.25" addrtype="ipv4"/><ports><port protocol="tcp" portid="5060"><state state="open" reason="syn-ack" reason_ttl="51"/></port></ports></host>
<host endtime="1733444466"><address addr="202.46.241.235" addrtype="ipv4"/><ports><port protocol="tcp" portid="5060"><state state="open" reason="syn-ack" reason_ttl="51"/></port></ports></host>
<host endtime="1733444466"><address addr="202.46.15.248" addrtype="ipv4"/><ports><port protocol="tcp" portid="5060"><state state="open" reason="syn-ack" reason_ttl="51"/></port></ports></host>
<host endtime="1733444467"><address addr="193.103.200.127" addrtype="ipv4"/><ports><port protocol="tcp" portid="5060"><state state="open" reason="syn-ack" reason_ttl="52"/></port></ports></host>
<host endtime="1733444467"><address addr="202.46.255.92" addrtype="ipv4"/><ports><port protocol="tcp" portid="5060"><state state="open" reason="syn-ack" reason_ttl="51"/></port></ports></host>
<host endtime="1733444470"><address addr="202.46.241.192" addrtype="ipv4"/><ports><port protocol="tcp" portid="5060"><state state="open" reason="syn-ack" reason_ttl="51"/></port></ports></host>
<host endtime="1733444471"><address addr="202.46.247.1" addrtype="ipv4"/><ports><port protocol="tcp" portid="5060"><state state="open" reason="syn-ack" reason_ttl="50"/></port></ports></host>
<host endtime="1733444473"><address addr="202.46.243.44" addrtype="ipv4"/><ports><port protocol="tcp" portid="5060"><state state="open" reason="syn-ack" reason_ttl="51"/></port></ports></host>
<host endtime="1733444473"><address addr="202.46.6.157" addrtype="ipv4"/><ports><port protocol="tcp" portid="5060"><state state="open" reason="syn-ack" reason_ttl="51"/></port></ports></host>
<host endtime="1733444474"><address addr="202.46.10.252" addrtype="ipv4"/><ports><port protocol="tcp" portid="5060"><state state="open" reason="syn-ack" reason_ttl="51"/></port></ports></host>
<host endtime="1733444474"><address addr="202.46.252.136" addrtype="ipv4"/><ports><port protocol="tcp" portid="5060"><state state="open" reason="syn-ack" reason_ttl="51"/></port></ports></host>
<host endtime="1733444476"><address addr="202.46.6.145" addrtype="ipv4"/><ports><port protocol="tcp" portid="5060"><state state="open" reason="syn-ack" reason_ttl="51"/></port></ports></host>
<host endtime="1733444481"><address addr="202.46.14.206" addrtype="ipv4"/><ports><port protocol="tcp" portid="5060"><state state="open" reason="syn-ack" reason_ttl="51"/></port></ports></host>
<host endtime="1733444482"><address addr="202.46.245.119" addrtype="ipv4"/><ports><port protocol="tcp" portid="5060"><state state="open" reason="syn-ack" reason_ttl="50"/></port></ports></host>
<host endtime="1733444485"><address addr="202.46.242.16" addrtype="ipv4"/><ports><port protocol="tcp" portid="5060"><state state="open" reason="syn-ack" reason_ttl="50"/></port></ports></host>
<host endtime="1733444487"><address addr="202.46.10.145" addrtype="ipv4"/><ports><port protocol="tcp" portid="5060"><state state="open" reason="syn-ack" reason_ttl="50"/></port></ports></host>
<host endtime="1733444489"><address addr="202.46.244.192" addrtype="ipv4"/><ports><port protocol="tcp" portid="5060"><state state="open" reason="syn-ack" reason_ttl="51"/></port></ports></host>
<host endtime="1733444490"><address addr="202.46.6.226" addrtype="ipv4"/><ports><port protocol="tcp" portid="5060"><state state="open" reason="syn-ack" reason_ttl="51"/></port></ports></host>
<host endtime="1733444490"><address addr="202.46.244.160" addrtype="ipv4"/><ports><port protocol="tcp" portid="5060"><state state="open" reason="syn-ack" reason_ttl="50"/></port></ports></host>
<host endtime="1733444491"><address addr="202.46.246.161" addrtype="ipv4"/><ports><port protocol="tcp" portid="5060"><state state="open" reason="syn-ack" reason_ttl="50"/></port></ports></host>
<host endtime="1733444492"><address addr="202.46.252.95" addrtype="ipv4"/><ports><port protocol="tcp" portid="5060"><state state="open" reason="syn-ack" reason_ttl="50"/></port></ports></host>
<host endtime="1733444493"><address addr="202.46.9.244" addrtype="ipv4"/><ports><port protocol="tcp" portid="5060"><state state="open" reason="syn-ack" reason_ttl="51"/></port></ports></host>
<host endtime="1733444494"><address addr="202.46.12.0" addrtype="ipv4"/><ports><port protocol="tcp" portid="5060"><state state="open" reason="syn-ack" reason_ttl="50"/></port></ports></host>
<host endtime="1733444495"><address addr="202.46.247.134" addrtype="ipv4"/><ports><port protocol="tcp" portid="5060"><state state="open" reason="syn-ack" reason_ttl="51"/></port></ports></host>
<host endtime="1733444496"><address addr="103.224.214.112" addrtype="ipv4"/><ports><port protocol="tcp" portid="5060"><state state="open" reason="syn-ack" reason_ttl="48"/></port></ports></host>
<host endtime="1733444500"><address addr="199.123.25.158" addrtype="ipv4"/><ports><port protocol="tcp" portid="5060"><state state="open" reason="syn-ack" reason_ttl="229"/></port></ports></host>
<host endtime="1733444501"><address addr="103.224.215.73" addrtype="ipv4"/><ports><port protocol="tcp" portid="5060"><state state="open" reason="syn-ack" reason_ttl="48"/></port></ports></host>
<host endtime="1733444501"><address addr="202.46.13.24" addrtype="ipv4"/><ports><port protocol="tcp" portid="5060"><state state="open" reason="syn-ack" reason_ttl="50"/></port></ports></host>
<host endtime="1733444501"><address addr="202.46.244.128" addrtype="ipv4"/><ports><port protocol="tcp" portid="5060"><state state="open" reason="syn-ack" reason_ttl="51"/></port></ports></host>
<host endtime="1733444503"><address addr="202.46.7.178" addrtype="ipv4"/><ports><port protocol="tcp" portid="5060"><state state="open" reason="syn-ack" reason_ttl="51"/></port></ports></host>
<host endtime="1733444503"><address addr="103.83.18.84" addrtype="ipv4"/><ports><port protocol="tcp" portid="5060"><state state="open" reason="syn-ack" reason_ttl="48"/></port></ports></host>
<host endtime="1733444503"><address addr="199.123.25.200" addrtype="ipv4"/><ports><port protocol="tcp" portid="5060"><state state="open" reason="syn-ack" reason_ttl="229"/></port></ports></host>
<host endtime="1733444505"><address addr="202.46.242.115" addrtype="ipv4"/><ports><port protocol="tcp" portid="5060"><state state="open" reason="syn-ack" reason_ttl="51"/></port></ports></host>
<host endtime="1733444506"><address addr="199.123.24.60" addrtype="ipv4"/><ports><port protocol="tcp" portid="5060"><state state="open" reason="syn-ack" reason_ttl="229"/></port></ports></host>
<host endtime="1733444506"><address addr="202.46.0.194" addrtype="ipv4"/><ports><port protocol="tcp" portid="5060"><state state="open" reason="syn-ack" reason_ttl="51"/></port></ports></host>
<host endtime="1733444506"><address addr="202.46.249.176" addrtype="ipv4"/><ports><port protocol="tcp" portid="5060"><state state="open" reason="syn-ack" reason_ttl="51"/></port></ports></host>
<host endtime="1733444508"><address addr="202.46.249.254" addrtype="ipv4"/><ports><port protocol="tcp" portid="5060"><state state="open" reason="syn-ack" reason_ttl="50"/></port></ports></host>
<host endtime="1733444509"><address addr="202.46.249.3" addrtype="ipv4"/><ports><port protocol="tcp" portid="5060"><state state="open" reason="syn-ack" reason_ttl="50"/></port></ports></host>
<host endtime="1733444512"><address addr="199.123.26.115" addrtype="ipv4"/><ports><port protocol="tcp" portid="5060"><state state="open" reason="syn-ack" reason_ttl="229"/></port></ports></host>
<host endtime="1733444516"><address addr="202.46.6.237" addrtype="ipv4"/><ports><port protocol="tcp" portid="5060"><state state="open" reason="syn-ack" reason_ttl="51"/></port></ports></host>
<host endtime="1733444519"><address addr="202.46.240.37" addrtype="ipv4"/><ports><port protocol="tcp" portid="5060"><state state="open" reason="syn-ack" reason_ttl="51"/></port></ports></host>
<host endtime="1733444519"><address addr="202.46.244.113" addrtype="ipv4"/><ports><port protocol="tcp" portid="5060"><state state="open" reason="syn-ack" reason_ttl="51"/></port></ports></host>
<host endtime="1733444520"><address addr="202.46.5.228" addrtype="ipv4"/><ports><port protocol="tcp" portid="5060"><state state="open" reason="syn-ack" reason_ttl="51"/></port></ports></host>
<host endtime="1733444520"><address addr="202.46.252.139" addrtype="ipv4"/><ports><port protocol="tcp" portid="5060"><state state="open" reason="syn-ack" reason_ttl="51"/></port></ports></host>
<host endtime="1733444521"><address addr="202.46.1.11" addrtype="ipv4"/><ports><port protocol="tcp" portid="5060"><state state="open" reason="syn-ack" reason_ttl="51"/></port></ports></host>
<host endtime="1733444524"><address addr="202.46.6.15" addrtype="ipv4"/><ports><port protocol="tcp" portid="5060"><state state="open" reason="syn-ack" reason_ttl="51"/></port></ports></host>
<host endtime="1733444526"><address addr="202.46.249.245" addrtype="ipv4"/><ports><port protocol="tcp" portid="5060"><state state="open" reason="syn-ack" reason_ttl="51"/></port></ports></host>
<host endtime="1733444526"><address addr="202.46.250.193" addrtype="ipv4"/><ports><port protocol="tcp" portid="5060"><state state="open" reason="syn-ack" reason_ttl="50"/></port></ports></host>
<host endtime="1733444527"><address addr="202.46.15.21" addrtype="ipv4"/><ports><port protocol="tcp" portid="5060"><state state="open" reason="syn-ack" reason_ttl="51"/></port></ports></host>
<host endtime="1733444527"><address addr="202.46.4.88" addrtype="ipv4"/><ports><port protocol="tcp" portid="5060"><state state="open" reason="syn-ack" reason_ttl="51"/></port></ports></host>
<host endtime="1733444528"><address addr="202.46.240.111" addrtype="ipv4"/><ports><port protocol="tcp" portid="5060"><state state="open" reason="syn-ack" reason_ttl="51"/></port></ports></host>
<host endtime="1733444528"><address addr="193.103.200.52" addrtype="ipv4"/><ports><port protocol="tcp" portid="5060"><state state="open" reason="syn-ack" reason_ttl="54"/></port></ports></host>
<host endtime="1733444532"><address addr="202.46.6.158" addrtype="ipv4"/><ports><port protocol="tcp" portid="5060"><state state="open" reason="syn-ack" reason_ttl="50"/></port></ports></host>
<host endtime="1733444533"><address addr="199.201.237.232" addrtype="ipv4"/><ports><port protocol="tcp" portid="5060"><state state="open" reason="syn-ack" reason_ttl="47"/></port></ports></host>
<host endtime="1733444534"><address addr="202.46.245.113" addrtype="ipv4"/><ports><port protocol="tcp" portid="5060"><state state="open" reason="syn-ack" reason_ttl="51"/></port></ports></host>
<host endtime="1733444535"><address addr="202.46.8.50" addrtype="ipv4"/><ports><port protocol="tcp" portid="5060"><state state="open" reason="syn-ack" reason_ttl="51"/></port></ports></host>
<host endtime="1733444539"><address addr="202.46.3.58" addrtype="ipv4"/><ports><port protocol="tcp" portid="5060"><state state="open" reason="syn-ack" reason_ttl="51"/></port></ports></host>
<host endtime="1733444539"><address addr="202.46.12.132" addrtype="ipv4"/><ports><port protocol="tcp" portid="5060"><state state="open" reason="syn-ack" reason_ttl="51"/></port></ports></host>
<host endtime="1733444541"><address addr="202.46.13.225" addrtype="ipv4"/><ports><port protocol="tcp" portid="5060"><state state="open" reason="syn-ack" reason_ttl="51"/></port></ports></host>
<host endtime="1733444545"><address addr="202.46.250.110" addrtype="ipv4"/><ports><port protocol="tcp" portid="5060"><state state="open" reason="syn-ack" reason_ttl="51"/></port></ports></host>
<host endtime="1733444546"><address addr="202.46.245.118" addrtype="ipv4"/><ports><port protocol="tcp" portid="5060"><state state="open" reason="syn-ack" reason_ttl="50"/></port></ports></host>
<host endtime="1733444557"><address addr="202.46.6.193" addrtype="ipv4"/><ports><port protocol="tcp" portid="5060"><state state="open" reason="syn-ack" reason_ttl="51"/></port></ports></host>
<host endtime="1733444558"><address addr="103.83.19.251" addrtype="ipv4"/><ports><port protocol="tcp" portid="5060"><state state="open" reason="syn-ack" reason_ttl="48"/></port></ports></host>
<host endtime="1733444561"><address addr="202.46.255.207" addrtype="ipv4"/><ports><port protocol="tcp" portid="5060"><state state="open" reason="syn-ack" reason_ttl="50"/></port></ports></host>
<host endtime="1733444563"><address addr="193.103.200.47" addrtype="ipv4"/><ports><port protocol="tcp" portid="5060"><state state="open" reason="syn-ack" reason_ttl="52"/></port></ports></host>
<host endtime="1733444564"><address addr="202.46.2.77" addrtype="ipv4"/><ports><port protocol="tcp" portid="5060"><state state="open" reason="syn-ack" reason_ttl="51"/></port></ports></host>
<host endtime="1733444565"><address addr="202.46.11.161" addrtype="ipv4"/><ports><port protocol="tcp" portid="5060"><state state="open" reason="syn-ack" reason_ttl="51"/></port></ports></host>
<host endtime="1733444566"><address addr="199.201.236.239" addrtype="ipv4"/><ports><port protocol="tcp" portid="5060"><state state="open" reason="syn-ack" reason_ttl="47"/></port></ports></host>
<host endtime="1733444570"><address addr="202.46.248.175" addrtype="ipv4"/><ports><port protocol="tcp" portid="5060"><state state="open" reason="syn-ack" reason_ttl="50"/></port></ports></host>
<host endtime="1733444572"><address addr="202.46.0.147" addrtype="ipv4"/><ports><port protocol="tcp" portid="5060"><state state="open" reason="syn-ack" reason_ttl="51"/></port></ports></host>
<host endtime="1733444573"><address addr="202.46.0.191" addrtype="ipv4"/><ports><port protocol="tcp" portid="5060"><state state="open" reason="syn-ack" reason_ttl="50"/></port></ports></host>
<host endtime="1733444580"><address addr="103.110.62.121" addrtype="ipv4"/><ports><port protocol="tcp" portid="5060"><state state="open" reason="syn-ack" reason_ttl="242"/></port></ports></host>
<host endtime="1733444586"><address addr="202.46.11.166" addrtype="ipv4"/><ports><port protocol="tcp" portid="5060"><state state="open" reason="syn-ack" reason_ttl="50"/></port></ports></host>
<host endtime="1733444587"><address addr="202.46.251.151" addrtype="ipv4"/><ports><port protocol="tcp" portid="5060"><state state="open" reason="syn-ack" reason_ttl="50"/></port></ports></host>
<host endtime="1733444588"><address addr="199.123.27.151" addrtype="ipv4"/><ports><port protocol="tcp" portid="5060"><state state="open" reason="syn-ack" reason_ttl="229"/></port></ports></host>
<host endtime="1733444589"><address addr="202.46.4.213" addrtype="ipv4"/><ports><port protocol="tcp" portid="5060"><state state="open" reason="syn-ack" reason_ttl="51"/></port></ports></host>
<host endtime="1733444590"><address addr="193.101.250.251" addrtype="ipv4"/><ports><port protocol="tcp" portid="5060"><state state="open" reason="syn-ack" reason_ttl="47"/></port></ports></host>
<host endtime="1733444590"><address addr="199.123.25.88" addrtype="ipv4"/><ports><port protocol="tcp" portid="5060"><state state="open" reason="syn-ack" reason_ttl="229"/></port></ports></host>
<host endtime="1733444592"><address addr="103.83.18.151" addrtype="ipv4"/><ports><port protocol="tcp" portid="5060"><state state="open" reason="syn-ack" reason_ttl="48"/></port></ports></host>
<host endtime="1733444594"><address addr="202.46.3.125" addrtype="ipv4"/><ports><port protocol="tcp" portid="5061"><state state="open" reason="syn-ack" reason_ttl="50"/></port></ports></host>
<host endtime="1733444595"><address addr="199.123.25.78" addrtype="ipv4"/><ports><port protocol="tcp" portid="5060"><state state="open" reason="syn-ack" reason_ttl="229"/></port></ports></host>
<host endtime="1733444596"><address addr="202.46.7.105" addrtype="ipv4"/><ports><port protocol="tcp" portid="5060"><state state="open" reason="syn-ack" reason_ttl="51"/></port></ports></host>
<host endtime="1733444598"><address addr="202.46.254.154" addrtype="ipv4"/><ports><port protocol="tcp" portid="5060"><state state="open" reason="syn-ack" reason_ttl="50"/></port></ports></host>
<host endtime="1733444599"><address addr="199.123.25.137" addrtype="ipv4"/><ports><port protocol="tcp" portid="5060"><state state="open" reason="syn-ack" reason_ttl="229"/></port></ports></host>
<host endtime="1733444599"><address addr="202.46.0.89" addrtype="ipv4"/><ports><port protocol="tcp" portid="5060"><state state="open" reason="syn-ack" reason_ttl="51"/></port></ports></host>
<host endtime="1733444599"><address addr="202.46.15.216" addrtype="ipv4"/><ports><port protocol="tcp" portid="5060"><state state="open" reason="syn-ack" reason_ttl="51"/></port></ports></host>
<host endtime="1733444603"><address addr="202.46.253.145" addrtype="ipv4"/><ports><port protocol="tcp" portid="5060"><state state="open" reason="syn-ack" reason_ttl="51"/></port></ports></host>
<host endtime="1733444606"><address addr="202.46.0.52" addrtype="ipv4"/><ports><port protocol="tcp" portid="5060"><state state="open" reason="syn-ack" reason_ttl="51"/></port></ports></host>
<host endtime="1733444606"><address addr="202.46.9.15" addrtype="ipv4"/><ports><port protocol="tcp" portid="5060"><state state="open" reason="syn-ack" reason_ttl="51"/></port></ports></host>
<host endtime="1733444608"><address addr="103.224.214.236" addrtype="ipv4"/><ports><port protocol="tcp" portid="5060"><state state="open" reason="syn-ack" reason_ttl="48"/></port></ports></host>
<host endtime="1733444611"><address addr="202.46.5.7" addrtype="ipv4"/><ports><port protocol="tcp" portid="5060"><state state="open" reason="syn-ack" reason_ttl="51"/></port></ports></host>
<host endtime="1733444616"><address addr="202.46.249.89" addrtype="ipv4"/><ports><port protocol="tcp" portid="5060"><state state="open" reason="syn-ack" reason_ttl="50"/></port></ports></host>
<host endtime="1733444617"><address addr="202.46.252.118" addrtype="ipv4"/><ports><port protocol="tcp" portid="5060"><state state="open" reason="syn-ack" reason_ttl="51"/></port></ports></host>
<host endtime="1733444617"><address addr="199.123.25.82" addrtype="ipv4"/><ports><port protocol="tcp" portid="5060"><state state="open" reason="syn-ack" reason_ttl="229"/></port></ports></host>
<host endtime="1733444618"><address addr="202.46.253.24" addrtype="ipv4"/><ports><port protocol="tcp" portid="5060"><state state="open" reason="syn-ack" reason_ttl="50"/></port></ports></host>
<host endtime="1733444620"><address addr="202.46.8.64" addrtype="ipv4"/><ports><port protocol="tcp" portid="5060"><state state="open" reason="syn-ack" reason_ttl="51"/></port></ports></host>
<host endtime="1733444621"><address addr="202.46.254.33" addrtype="ipv4"/><ports><port protocol="tcp" portid="5060"><state state="open" reason="syn-ack" reason_ttl="51"/></port></ports></host>
<host endtime="1733444622"><address addr="202.46.246.254" addrtype="ipv4"/><ports><port protocol="tcp" portid="5060"><state state="open" reason="syn-ack" reason_ttl="51"/></port></ports></host>
<host endtime="1733444629"><address addr="202.46.13.111" addrtype="ipv4"/><ports><port protocol="tcp" portid="5060"><state state="open" reason="syn-ack" reason_ttl="51"/></port></ports></host>
<host endtime="1733444629"><address addr="199.123.27.7" addrtype="ipv4"/><ports><port protocol="tcp" portid="5060"><state state="open" reason="syn-ack" reason_ttl="229"/></port></ports></host>
<host endtime="1733444630"><address addr="202.46.10.140" addrtype="ipv4"/><ports><port protocol="tcp" portid="5060"><state state="open" reason="syn-ack" reason_ttl="50"/></port></ports></host>
<host endtime="1733444630"><address addr="202.46.242.134" addrtype="ipv4"/><ports><port protocol="tcp" portid="5060"><state state="open" reason="syn-ack" reason_ttl="51"/></port></ports></host>
<host endtime="1733444632"><address addr="202.46.252.144" addrtype="ipv4"/><ports><port protocol="tcp" portid="5060"><state state="open" reason="syn-ack" reason_ttl="51"/></port></ports></host>
<host endtime="1733444633"><address addr="202.46.242.215" addrtype="ipv4"/><ports><port protocol="tcp" portid="5060"><state state="open" reason="syn-ack" reason_ttl="50"/></port></ports></host>
<host endtime="1733444637"><address addr="202.46.243.56" addrtype="ipv4"/><ports><port protocol="tcp" portid="5060"><state state="open" reason="syn-ack" reason_ttl="50"/></port></ports></host>
<host endtime="1733444638"><address addr="202.46.247.187" addrtype="ipv4"/><ports><port protocol="tcp" portid="5060"><state state="open" reason="syn-ack" reason_ttl="50"/></port></ports></host>
<host endtime="1733444641"><address addr="202.46.7.24" addrtype="ipv4"/><ports><port protocol="tcp" portid="5060"><state state="open" reason="syn-ack" reason_ttl="51"/></port></ports></host>
<host endtime="1733444642"><address addr="202.46.5.137" addrtype="ipv4"/><ports><port protocol="tcp" portid="5060"><state state="open" reason="syn-ack" reason_ttl="50"/></port></ports></host>
<host endtime="1733444642"><address addr="202.46.253.240" addrtype="ipv4"/><ports><port protocol="tcp" portid="5060"><state state="open" reason="syn-ack" reason_ttl="51"/></port></ports></host>
<host endtime="1733444642"><address addr="202.46.240.2" addrtype="ipv4"/><ports><port protocol="tcp" portid="5060"><state state="open" reason="syn-ack" reason_ttl="51"/></port></ports></host>
<host endtime="1733444644"><address addr="202.46.7.21" addrtype="ipv4"/><ports><port protocol="tcp" portid="5060"><state state="open" reason="syn-ack" reason_ttl="51"/></port></ports></host>
<host endtime="1733444644"><address addr="202.46.247.249" addrtype="ipv4"/><ports><port protocol="tcp" portid="5060"><state state="open" reason="syn-ack" reason_ttl="50"/></port></ports></host>
<host endtime="1733444645"><address addr="202.46.251.206" addrtype="ipv4"/><ports><port protocol="tcp" portid="5060"><state state="open" reason="syn-ack" reason_ttl="51"/></port></ports></host>
<host endtime="1733444647"><address addr="199.123.25.37" addrtype="ipv4"/><ports><port protocol="tcp" portid="5060"><state state="open" reason="syn-ack" reason_ttl="229"/></port></ports></host>
<host endtime="1733444650"><address addr="202.46.12.177" addrtype="ipv4"/><ports><port protocol="tcp" portid="5060"><state state="open" reason="syn-ack" reason_ttl="50"/></port></ports></host>
<host endtime="1733444651"><address addr="202.46.253.178" addrtype="ipv4"/><ports><port protocol="tcp" portid="5060"><state state="open" reason="syn-ack" reason_ttl="51"/></port></ports></host>
<host endtime="1733444652"><address addr="202.46.12.28" addrtype="ipv4"/><ports><port protocol="tcp" portid="5060"><state state="open" reason="syn-ack" reason_ttl="51"/></port></ports></host>
<host endtime="1733444653"><address addr="202.46.1.97" addrtype="ipv4"/><ports><port protocol="tcp" portid="5060"><state state="open" reason="syn-ack" reason_ttl="51"/></port></ports></host>
<host endtime="1733444654"><address addr="202.46.3.138" addrtype="ipv4"/><ports><port protocol="tcp" portid="5060"><state state="open" reason="syn-ack" reason_ttl="50"/></port></ports></host>
<host endtime="1733444656"><address addr="202.46.249.112" addrtype="ipv4"/><ports><port protocol="tcp" portid="5060"><state state="open" reason="syn-ack" reason_ttl="51"/></port></ports></host>
<host endtime="1733444656"><address addr="202.46.250.250" addrtype="ipv4"/><ports><port protocol="tcp" portid="5060"><state state="open" reason="syn-ack" reason_ttl="50"/></port></ports></host>
<host endtime="1733444659"><address addr="202.46.7.54" addrtype="ipv4"/><ports><port protocol="tcp" portid="5061"><state state="open" reason="syn-ack" reason_ttl="49"/></port></ports></host>
<host endtime="1733444659"><address addr="199.201.236.209" addrtype="ipv4"/><ports><port protocol="tcp" portid="5060"><state state="open" reason="syn-ack" reason_ttl="47"/></port></ports></host>
<host endtime="1733444661"><address addr="202.46.1.77" addrtype="ipv4"/><ports><port protocol="tcp" portid="5060"><state state="open" reason="syn-ack" reason_ttl="51"/></port></ports></host>
<host endtime="1733444662"><address addr="202.46.0.71" addrtype="ipv4"/><ports><port protocol="tcp" portid="5060"><state state="open" reason="syn-ack" reason_ttl="50"/></port></ports></host>
<host endtime="1733444663"><address addr="202.46.254.241" addrtype="ipv4"/><ports><port protocol="tcp" portid="5060"><state state="open" reason="syn-ack" reason_ttl="50"/></port></ports></host>
<host endtime="1733444666"><address addr="202.46.251.23" addrtype="ipv4"/><ports><port protocol="tcp" portid="5060"><state state="open" reason="syn-ack" reason_ttl="51"/></port></ports></host>
<host endtime="1733444666"><address addr="202.46.15.130" addrtype="ipv4"/><ports><port protocol="tcp" portid="5060"><state state="open" reason="syn-ack" reason_ttl="51"/></port></ports></host>
<host endtime="1733444668"><address addr="202.46.253.99" addrtype="ipv4"/><ports><port protocol="tcp" portid="5060"><state state="open" reason="syn-ack" reason_ttl="50"/></port></ports></host>
<host endtime="1733444669"><address addr="202.46.12.231" addrtype="ipv4"/><ports><port protocol="tcp" portid="5060"><state state="open" reason="syn-ack" reason_ttl="51"/></port></ports></host>
<host endtime="1733444670"><address addr="202.46.254.62" addrtype="ipv4"/><ports><port protocol="tcp" portid="5060"><state state="open" reason="syn-ack" reason_ttl="51"/></port></ports></host>
<host endtime="1733444672"><address addr="193.98.229.100" addrtype="ipv4"/><ports><port protocol="tcp" portid="5060"><state state="open" reason="syn-ack" reason_ttl="49"/></port></ports></host>
<host endtime="1733444674"><address addr="202.46.6.120" addrtype="ipv4"/><ports><port protocol="tcp" portid="5060"><state state="open" reason="syn-ack" reason_ttl="51"/></port></ports></host>
<host endtime="1733444676"><address addr="202.46.247.193" addrtype="ipv4"/><ports><port protocol="tcp" portid="5060"><state state="open" reason="syn-ack" reason_ttl="50"/></port></ports></host>
<host endtime="1733444677"><address addr="202.46.241.152" addrtype="ipv4"/><ports><port protocol="tcp" portid="5060"><state state="open" reason="syn-ack" reason_ttl="50"/></port></ports></host>
<host endtime="1733444677"><address addr="202.46.10.85" addrtype="ipv4"/><ports><port protocol="tcp" portid="5060"><state state="open" reason="syn-ack" reason_ttl="51"/></port></ports></host>
<host endtime="1733444681"><address addr="202.46.250.253" addrtype="ipv4"/><ports><port protocol="tcp" portid="5060"><state state="open" reason="syn-ack" reason_ttl="51"/></port></ports></host>
<host endtime="1733444684"><address addr="199.123.27.104" addrtype="ipv4"/><ports><port protocol="tcp" portid="5060"><state state="open" reason="syn-ack" reason_ttl="229"/></port></ports></host>
<host endtime="1733444685"><address addr="202.46.254.173" addrtype="ipv4"/><ports><port protocol="tcp" portid="5060"><state state="open" reason="syn-ack" reason_ttl="51"/></port></ports></host>
<host endtime="1733444685"><address addr="202.46.252.250" addrtype="ipv4"/><ports><port protocol="tcp" portid="5060"><state state="open" reason="syn-ack" reason_ttl="51"/></port></ports></host>
<host endtime="1733444687"><address addr="202.46.247.48" addrtype="ipv4"/><ports><port protocol="tcp" portid="5060"><state state="open" reason="syn-ack" reason_ttl="51"/></port></ports></host>
<host endtime="1733444690"><address addr="202.46.241.224" addrtype="ipv4"/><ports><port protocol="tcp" portid="5060"><state state="open" reason="syn-ack" reason_ttl="51"/></port></ports></host>
<host endtime="1733444691"><address addr="199.201.237.137" addrtype="ipv4"/><ports><port protocol="tcp" portid="5060"><state state="open" reason="syn-ack" reason_ttl="47"/></port></ports></host>
<host endtime="1733444693"><address addr="202.46.0.78" addrtype="ipv4"/><ports><port protocol="tcp" portid="5060"><state state="open" reason="syn-ack" reason_ttl="51"/></port></ports></host>
<host endtime="1733444694"><address addr="202.46.244.156" addrtype="ipv4"/><ports><port protocol="tcp" portid="5060"><state state="open" reason="syn-ack" reason_ttl="51"/></port></ports></host>
<host endtime="1733444695"><address addr="202.46.252.67" addrtype="ipv4"/><ports><port protocol="tcp" portid="5060"><state state="open" reason="syn-ack" reason_ttl="51"/></port></ports></host>
<host endtime="1733444695"><address addr="202.46.241.221" addrtype="ipv4"/><ports><port protocol="tcp" portid="5060"><state state="open" reason="syn-ack" reason_ttl="51"/></port></ports></host>
<host endtime="1733444700"><address addr="202.46.248.114" addrtype="ipv4"/><ports><port protocol="tcp" portid="5060"><state state="open" reason="syn-ack" reason_ttl="50"/></port></ports></host>
<host endtime="1733444702"><address addr="202.46.254.89" addrtype="ipv4"/><ports><port protocol="tcp" portid="5060"><state state="open" reason="syn-ack" reason_ttl="51"/></port></ports></host>
<host endtime="1733444703"><address addr="202.46.247.18" addrtype="ipv4"/><ports><port protocol="tcp" portid="5060"><state state="open" reason="syn-ack" reason_ttl="51"/></port></ports></host>
<host endtime="1733444706"><address addr="202.46.246.248" addrtype="ipv4"/><ports><port protocol="tcp" portid="5060"><state state="open" reason="syn-ack" reason_ttl="51"/></port></ports></host>
<host endtime="1733444710"><address addr="199.123.24.233" addrtype="ipv4"/><ports><port protocol="tcp" portid="5060"><state state="open" reason="syn-ack" reason_ttl="229"/></port></ports></host>
<host endtime="1733444711"><address addr="193.103.200.25" addrtype="ipv4"/><ports><port protocol="tcp" portid="5060"><state state="open" reason="syn-ack" reason_ttl="52"/></port></ports></host>
<host endtime="1733444713"><address addr="202.46.7.174" addrtype="ipv4"/><ports><port protocol="tcp" portid="5060"><state state="open" reason="syn-ack" reason_ttl="51"/></port></ports></host>
<host endtime="1733444715"><address addr="193.98.229.224" addrtype="ipv4"/><ports><port protocol="tcp" portid="5061"><state state="open" reason="syn-ack" reason_ttl="48"/></port></ports></host>
<host endtime="1733444721"><address addr="202.46.3.160" addrtype="ipv4"/><ports><port protocol="tcp" portid="5060"><state state="open" reason="syn-ack" reason_ttl="51"/></port></ports></host>
<host endtime="1733444722"><address addr="202.46.7.4" addrtype="ipv4"/><ports><port protocol="tcp" portid="5060"><state state="open" reason="syn-ack" reason_ttl="51"/></port></ports></host>
<host endtime="1733444725"><address addr="202.46.249.124" addrtype="ipv4"/><ports><port protocol="tcp" portid="5060"><state state="open" reason="syn-ack" reason_ttl="51"/></port></ports></host>
<host endtime="1733444725"><address addr="199.123.25.139" addrtype="ipv4"/><ports><port protocol="tcp" portid="5060"><state state="open" reason="syn-ack" reason_ttl="229"/></port></ports></host>
<host endtime="1733444725"><address addr="202.46.255.79" addrtype="ipv4"/><ports><port protocol="tcp" portid="5060"><state state="open" reason="syn-ack" reason_ttl="51"/></port></ports></host>
<host endtime="1733444730"><address addr="193.103.200.227" addrtype="ipv4"/><ports><port protocol="tcp" portid="5060"><state state="open" reason="syn-ack" reason_ttl="54"/></port></ports></host>
<host endtime="1733444732"><address addr="202.46.253.246" addrtype="ipv4"/><ports><port protocol="tcp" portid="5060"><state state="open" reason="syn-ack" reason_ttl="50"/></port></ports></host>
<host endtime="1733444732"><address addr="202.46.7.147" addrtype="ipv4"/><ports><port protocol="tcp" portid="5060"><state state="open" reason="syn-ack" reason_ttl="50"/></port></ports></host>
<host endtime="1733444733"><address addr="103.83.18.245" addrtype="ipv4"/><ports><port protocol="tcp" portid="5060"><state state="open" reason="syn-ack" reason_ttl="48"/></port></ports></host>
<host endtime="1733444734"><address addr="202.46.12.65" addrtype="ipv4"/><ports><port protocol="tcp" portid="5060"><state state="open" reason="syn-ack" reason_ttl="51"/></port></ports></host>
<host endtime="1733444737"><address addr="202.46.245.251" addrtype="ipv4"/><ports><port protocol="tcp" portid="5060"><state state="open" reason="syn-ack" reason_ttl="51"/></port></ports></host>
<host endtime="1733444737"><address addr="202.46.3.170" addrtype="ipv4"/><ports><port protocol="tcp" portid="5060"><state state="open" reason="syn-ack" reason_ttl="50"/></port></ports></host>
<host endtime="1733444740"><address addr="202.46.249.237" addrtype="ipv4"/><ports><port protocol="tcp" portid="5060"><state state="open" reason="syn-ack" reason_ttl="50"/></port></ports></host>
<host endtime="1733444745"><address addr="202.46.10.146" addrtype="ipv4"/><ports><port protocol="tcp" portid="5060"><state state="open" reason="syn-ack" reason_ttl="50"/></port></ports></host>
<host endtime="1733444746"><address addr="202.46.255.111" addrtype="ipv4"/><ports><port protocol="tcp" portid="5060"><state state="open" reason="syn-ack" reason_ttl="51"/></port></ports></host>
<host endtime="1733444746"><address addr="202.46.254.142" addrtype="ipv4"/><ports><port protocol="tcp" portid="5060"><state state="open" reason="syn-ack" reason_ttl="51"/></port></ports></host>
<host endtime="1733444747"><address addr="202.46.241.8" addrtype="ipv4"/><ports><port protocol="tcp" portid="5060"><state state="open" reason="syn-ack" reason_ttl="51"/></port></ports></host>
<host endtime="1733444752"><address addr="202.46.247.153" addrtype="ipv4"/><ports><port protocol="tcp" portid="5060"><state state="open" reason="syn-ack" reason_ttl="51"/></port></ports></host>
<host endtime="1733444752"><address addr="202.46.243.96" addrtype="ipv4"/><ports><port protocol="tcp" portid="5060"><state state="open" reason="syn-ack" reason_ttl="51"/></port></ports></host>
<host endtime="1733444752"><address addr="199.201.237.160" addrtype="ipv4"/><ports><port protocol="tcp" portid="5060"><state state="open" reason="syn-ack" reason_ttl="47"/></port></ports></host>
<host endtime="1733444753"><address addr="202.46.6.99" addrtype="ipv4"/><ports><port protocol="tcp" portid="5060"><state state="open" reason="syn-ack" reason_ttl="51"/></port></ports></host>
<host endtime="1733444755"><address addr="202.46.240.136" addrtype="ipv4"/><ports><port protocol="tcp" portid="5060"><state state="open" reason="syn-ack" reason_ttl="51"/></port></ports></host>
<host endtime="1733444756"><address addr="103.224.214.45" addrtype="ipv4"/><ports><port protocol="tcp" portid="5060"><state state="open" reason="syn-ack" reason_ttl="48"/></port></ports></host>
<host endtime="1733444757"><address addr="202.46.248.34" addrtype="ipv4"/><ports><port protocol="tcp" portid="5060"><state state="open" reason="syn-ack" reason_ttl="50"/></port></ports></host>
<host endtime="1733444761"><address addr="202.46.3.219" addrtype="ipv4"/><ports><port protocol="tcp" portid="5060"><state state="open" reason="syn-ack" reason_ttl="51"/></port></ports></host>
<host endtime="1733444761"><address addr="202.46.240.161" addrtype="ipv4"/><ports><port protocol="tcp" portid="5060"><state state="open" reason="syn-ack" reason_ttl="50"/></port></ports></host>
<host endtime="1733444765"><address addr="202.46.253.152" addrtype="ipv4"/><ports><port protocol="tcp" portid="5060"><state state="open" reason="syn-ack" reason_ttl="51"/></port></ports></host>
<host endtime="1733444767"><address addr="103.224.214.219" addrtype="ipv4"/><ports><port protocol="tcp" portid="5060"><state state="open" reason="syn-ack" reason_ttl="48"/></port></ports></host>
<host endtime="1733444773"><address addr="199.123.25.215" addrtype="ipv4"/><ports><port protocol="tcp" portid="5060"><state state="open" reason="syn-ack" reason_ttl="229"/></port></ports></host>
<host endtime="1733444780"><address addr="202.46.4.162" addrtype="ipv4"/><ports><port protocol="tcp" portid="5060"><state state="open" reason="syn-ack" reason_ttl="50"/></port></ports></host>
<host endtime="1733444785"><address addr="202.46.13.234" addrtype="ipv4"/><ports><port protocol="tcp" portid="5060"><state state="open" reason="syn-ack" reason_ttl="51"/></port></ports></host>
<host endtime="1733444787"><address addr="202.46.241.185" addrtype="ipv4"/><ports><port protocol="tcp" portid="5060"><state state="open" reason="syn-ack" reason_ttl="50"/></port></ports></host>
<host endtime="1733444787"><address addr="202.46.253.248" addrtype="ipv4"/><ports><port protocol="tcp" portid="5060"><state state="open" reason="syn-ack" reason_ttl="50"/></port></ports></host>
<host endtime="1733444788"><address addr="202.46.8.112" addrtype="ipv4"/><ports><port protocol="tcp" portid="5060"><state state="open" reason="syn-ack" reason_ttl="51"/></port></ports></host>
<host endtime="1733444790"><address addr="202.46.253.160" addrtype="ipv4"/><ports><port protocol="tcp" portid="5060"><state state="open" reason="syn-ack" reason_ttl="50"/></port></ports></host>
<host endtime="1733444791"><address addr="202.46.241.82" addrtype="ipv4"/><ports><port protocol="tcp" portid="5060"><state state="open" reason="syn-ack" reason_ttl="51"/></port></ports></host>
<host endtime="1733444792"><address addr="193.98.229.104" addrtype="ipv4"/><ports><port protocol="tcp" portid="5060"><state state="open" reason="syn-ack" reason_ttl="44"/></port></ports></host>
<host endtime="1733444797"><address addr="202.46.253.20" addrtype="ipv4"/><ports><port protocol="tcp" portid="5060"><state state="open" reason="syn-ack" reason_ttl="51"/></port></ports></host>
<host endtime="1733444802"><address addr="202.46.246.126" addrtype="ipv4"/><ports><port protocol="tcp" portid="5060"><state state="open" reason="syn-ack" reason_ttl="51"/></port></ports></host>
<host endtime="1733444803"><address addr="202.46.254.93" addrtype="ipv4"/><ports><port protocol="tcp" portid="5060"><state state="open" reason="syn-ack" reason_ttl="50"/></port></ports></host>
<host endtime="1733444803"><address addr="202.46.8.19" addrtype="ipv4"/><ports><port protocol="tcp" portid="5060"><state state="open" reason="syn-ack" reason_ttl="51"/></port></ports></host>
<host endtime="1733444804"><address addr="202.46.246.242" addrtype="ipv4"/><ports><port protocol="tcp" portid="5060"><state state="open" reason="syn-ack" reason_ttl="51"/></port></ports></host>
<host endtime="1733444806"><address addr="199.123.27.136" addrtype="ipv4"/><ports><port protocol="tcp" portid="5060"><state state="open" reason="syn-ack" reason_ttl="229"/></port></ports></host>
<host endtime="1733444810"><address addr="202.46.7.9" addrtype="ipv4"/><ports><port protocol="tcp" portid="5060"><state state="open" reason="syn-ack" reason_ttl="50"/></port></ports></host>
<host endtime="1733444812"><address addr="202.46.240.188" addrtype="ipv4"/><ports><port protocol="tcp" portid="5060"><state state="open" reason="syn-ack" reason_ttl="50"/></port></ports></host>
<host endtime="1733444812"><address addr="202.46.14.53" addrtype="ipv4"/><ports><port protocol="tcp" portid="5060"><state state="open" reason="syn-ack" reason_ttl="51"/></port></ports></host>
<host endtime="1733444812"><address addr="202.46.12.98" addrtype="ipv4"/><ports><port protocol="tcp" portid="5060"><state state="open" reason="syn-ack" reason_ttl="51"/></port></ports></host>
<host endtime="1733444813"><address addr="103.177.50.19" addrtype="ipv4"/><ports><port protocol="tcp" portid="5060"><state state="open" reason="syn-ack" reason_ttl="57"/></port></ports></host>
<host endtime="1733444813"><address addr="103.224.215.152" addrtype="ipv4"/><ports><port protocol="tcp" portid="5060"><state state="open" reason="syn-ack" reason_ttl="48"/></port></ports></host>
<host endtime="1733444817"><address addr="202.46.4.233" addrtype="ipv4"/><ports><port protocol="tcp" portid="5060"><state state="open" reason="syn-ack" reason_ttl="51"/></port></ports></host>
<host endtime="1733444817"><address addr="202.46.255.202" addrtype="ipv4"/><ports><port protocol="tcp" portid="5060"><state state="open" reason="syn-ack" reason_ttl="50"/></port></ports></host>
<host endtime="1733444818"><address addr="199.201.236.192" addrtype="ipv4"/><ports><port protocol="tcp" portid="5060"><state state="open" reason="syn-ack" reason_ttl="47"/></port></ports></host>
<host endtime="1733444819"><address addr="202.46.247.44" addrtype="ipv4"/><ports><port protocol="tcp" portid="5060"><state state="open" reason="syn-ack" reason_ttl="51"/></port></ports></host>
<host endtime="1733444820"><address addr="103.83.19.33" addrtype="ipv4"/><ports><port protocol="tcp" portid="5060"><state state="open" reason="syn-ack" reason_ttl="48"/></port></ports></host>
<host endtime="1733444827"><address addr="202.46.242.3" addrtype="ipv4"/><ports><port protocol="tcp" portid="5060"><state state="open" reason="syn-ack" reason_ttl="51"/></port></ports></host>
<host endtime="1733444827"><address addr="202.46.242.10" addrtype="ipv4"/><ports><port protocol="tcp" portid="5060"><state state="open" reason="syn-ack" reason_ttl="51"/></port></ports></host>
<host endtime="1733444833"><address addr="199.123.24.244" addrtype="ipv4"/><ports><port protocol="tcp" portid="5060"><state state="open" reason="syn-ack" reason_ttl="229"/></port></ports></host>
<host endtime="1733444836"><address addr="103.83.18.108" addrtype="ipv4"/><ports><port protocol="tcp" portid="5060"><state state="open" reason="syn-ack" reason_ttl="48"/></port></ports></host>
<host endtime="1733444840"><address addr="202.46.253.3" addrtype="ipv4"/><ports><port protocol="tcp" portid="5060"><state state="open" reason="syn-ack" reason_ttl="50"/></port></ports></host>
<host endtime="1733444841"><address addr="199.201.237.162" addrtype="ipv4"/><ports><port protocol="tcp" portid="5060"><state state="open" reason="syn-ack" reason_ttl="47"/></port></ports></host>
<host endtime="1733444842"><address addr="202.46.252.56" addrtype="ipv4"/><ports><port protocol="tcp" portid="5060"><state state="open" reason="syn-ack" reason_ttl="50"/></port></ports></host>
<host endtime="1733444848"><address addr="202.46.12.238" addrtype="ipv4"/><ports><port protocol="tcp" portid="5060"><state state="open" reason="syn-ack" reason_ttl="50"/></port></ports></host>
<host endtime="1733444851"><address addr="202.46.241.227" addrtype="ipv4"/><ports><port protocol="tcp" portid="5060"><state state="open" reason="syn-ack" reason_ttl="51"/></port></ports></host>
<host endtime="1733444855"><address addr="202.46.252.246" addrtype="ipv4"/><ports><port protocol="tcp" portid="5060"><state state="open" reason="syn-ack" reason_ttl="51"/></port></ports></host>
<host endtime="1733444860"><address addr="202.46.14.200" addrtype="ipv4"/><ports><port protocol="tcp" portid="5060"><state state="open" reason="syn-ack" reason_ttl="51"/></port></ports></host>
<host endtime="1733444860"><address addr="202.46.13.5" addrtype="ipv4"/><ports><port protocol="tcp" portid="5060"><state state="open" reason="syn-ack" reason_ttl="51"/></port></ports></host>
<host endtime="1733444862"><address addr="202.46.244.151" addrtype="ipv4"/><ports><port protocol="tcp" portid="5060"><state state="open" reason="syn-ack" reason_ttl="50"/></port></ports></host>
<host endtime="1733444863"><address addr="202.46.250.179" addrtype="ipv4"/><ports><port protocol="tcp" portid="5060"><state state="open" reason="syn-ack" reason_ttl="51"/></port></ports></host>
<host endtime="1733444864"><address addr="202.46.9.227" addrtype="ipv4"/><ports><port protocol="tcp" portid="5060"><state state="open" reason="syn-ack" reason_ttl="50"/></port></ports></host>
<host endtime="1733444865"><address addr="202.46.2.28" addrtype="ipv4"/><ports><port protocol="tcp" portid="5060"><state state="open" reason="syn-ack" reason_ttl="51"/></port></ports></host>
<host endtime="1733444866"><address addr="202.46.8.157" addrtype="ipv4"/><ports><port protocol="tcp" portid="5060"><state state="open" reason="syn-ack" reason_ttl="51"/></port></ports></host>
<host endtime="1733444868"><address addr="202.46.245.88" addrtype="ipv4"/><ports><port protocol="tcp" portid="5060"><state state="open" reason="syn-ack" reason_ttl="51"/></port></ports></host>
<host endtime="1733444869"><address addr="202.46.244.95" addrtype="ipv4"/><ports><port protocol="tcp" portid="5060"><state state="open" reason="syn-ack" reason_ttl="51"/></port></ports></host>
<host endtime="1733444869"><address addr="199.123.25.61" addrtype="ipv4"/><ports><port protocol="tcp" portid="5060"><state state="open" reason="syn-ack" reason_ttl="229"/></port></ports></host>
<host endtime="1733444870"><address addr="196.195.15.77" addrtype="ipv4"/><ports><port protocol="tcp" portid="5060"><state state="open" reason="syn-ack" reason_ttl="54"/></port></ports></host>
<host endtime="1733444871"><address addr="103.83.19.193" addrtype="ipv4"/><ports><port protocol="tcp" portid="5060"><state state="open" reason="syn-ack" reason_ttl="48"/></port></ports></host>
<host endtime="1733444873"><address addr="202.46.248.145" addrtype="ipv4"/><ports><port protocol="tcp" portid="5060"><state state="open" reason="syn-ack" reason_ttl="50"/></port></ports></host>
<host endtime="1733444873"><address addr="193.103.200.222" addrtype="ipv4"/><ports><port protocol="tcp" portid="5060"><state state="open" reason="syn-ack" reason_ttl="54"/></port></ports></host>
<host endtime="1733444873"><address addr="202.46.255.21" addrtype="ipv4"/><ports><port protocol="tcp" portid="5060"><state state="open" reason="syn-ack" reason_ttl="51"/></port></ports></host>
<host endtime="1733444875"><address addr="202.46.6.255" addrtype="ipv4"/><ports><port protocol="tcp" portid="5060"><state state="open" reason="syn-ack" reason_ttl="50"/></port></ports></host>
<host endtime="1733444877"><address addr="202.46.251.222" addrtype="ipv4"/><ports><port protocol="tcp" portid="5060"><state state="open" reason="syn-ack" reason_ttl="51"/></port></ports></host>
<host endtime="1733444878"><address addr="202.46.251.167" addrtype="ipv4"/><ports><port protocol="tcp" portid="5060"><state state="open" reason="syn-ack" reason_ttl="51"/></port></ports></host>
<host endtime="1733444881"><address addr="202.46.246.117" addrtype="ipv4"/><ports><port protocol="tcp" portid="5060"><state state="open" reason="syn-ack" reason_ttl="50"/></port></ports></host>
<host endtime="1733444882"><address addr="202.46.6.93" addrtype="ipv4"/><ports><port protocol="tcp" portid="5060"><state state="open" reason="syn-ack" reason_ttl="51"/></port></ports></host>
<host endtime="1733444883"><address addr="202.46.0.63" addrtype="ipv4"/><ports><port protocol="tcp" portid="5060"><state state="open" reason="syn-ack" reason_ttl="51"/></port></ports></host>
<host endtime="1733444884"><address addr="202.46.4.151" addrtype="ipv4"/><ports><port protocol="tcp" portid="5060"><state state="open" reason="syn-ack" reason_ttl="51"/></port></ports></host>
<host endtime="1733444886"><address addr="202.46.244.208" addrtype="ipv4"/><ports><port protocol="tcp" portid="5060"><state state="open" reason="syn-ack" reason_ttl="51"/></port></ports></host>
<host endtime="1733444887"><address addr="202.46.247.163" addrtype="ipv4"/><ports><port protocol="tcp" portid="5060"><state state="open" reason="syn-ack" reason_ttl="50"/></port></ports></host>
<host endtime="1733444887"><address addr="202.46.254.158" addrtype="ipv4"/><ports><port protocol="tcp" portid="5060"><state state="open" reason="syn-ack" reason_ttl="51"/></port></ports></host>
<host endtime="1733444889"><address addr="202.46.241.9" addrtype="ipv4"/><ports><port protocol="tcp" portid="5060"><state state="open" reason="syn-ack" reason_ttl="50"/></port></ports></host>
<host endtime="1733444889"><address addr="193.98.229.176" addrtype="ipv4"/><ports><port protocol="tcp" portid="5060"><state state="open" reason="syn-ack" reason_ttl="48"/></port></ports></host>
<host endtime="1733444891"><address addr="202.46.242.204" addrtype="ipv4"/><ports><port protocol="tcp" portid="5060"><state state="open" reason="syn-ack" reason_ttl="51"/></port></ports></host>
<host endtime="1733444891"><address addr="199.123.26.114" addrtype="ipv4"/><ports><port protocol="tcp" portid="5060"><state state="open" reason="syn-ack" reason_ttl="229"/></port></ports></host>
<host endtime="1733444893"><address addr="202.46.9.197" addrtype="ipv4"/><ports><port protocol="tcp" portid="5060"><state state="open" reason="syn-ack" reason_ttl="50"/></port></ports></host>
<host endtime="1733444895"><address addr="202.46.251.241" addrtype="ipv4"/><ports><port protocol="tcp" portid="5060"><state state="open" reason="syn-ack" reason_ttl="51"/></port></ports></host>
<host endtime="1733444896"><address addr="202.46.11.146" addrtype="ipv4"/><ports><port protocol="tcp" portid="5060"><state state="open" reason="syn-ack" reason_ttl="50"/></port></ports></host>
<host endtime="1733444896"><address addr="202.46.2.12" addrtype="ipv4"/><ports><port protocol="tcp" portid="5060"><state state="open" reason="syn-ack" reason_ttl="51"/></port></ports></host>
<host endtime="1733444898"><address addr="103.224.215.34" addrtype="ipv4"/><ports><port protocol="tcp" portid="5060"><state state="open" reason="syn-ack" reason_ttl="48"/></port></ports></host>
<host endtime="1733444900"><address addr="193.98.229.207" addrtype="ipv4"/><ports><port protocol="tcp" portid="5060"><state state="open" reason="syn-ack" reason_ttl="48"/></port></ports></host>
<host endtime="1733444905"><address addr="193.103.200.230" addrtype="ipv4"/><ports><port protocol="tcp" portid="5060"><state state="open" reason="syn-ack" reason_ttl="54"/></port></ports></host>
<host endtime="1733444909"><address addr="202.46.15.86" addrtype="ipv4"/><ports><port protocol="tcp" portid="5060"><state state="open" reason="syn-ack" reason_ttl="50"/></port></ports></host>
<host endtime="1733444910"><address addr="202.46.244.233" addrtype="ipv4"/><ports><port protocol="tcp" portid="5060"><state state="open" reason="syn-ack" reason_ttl="50"/></port></ports></host>
<host endtime="1733444912"><address addr="199.123.26.174" addrtype="ipv4"/><ports><port protocol="tcp" portid="5060"><state state="open" reason="syn-ack" reason_ttl="229"/></port></ports></host>
<host endtime="1733444912"><address addr="202.46.244.80" addrtype="ipv4"/><ports><port protocol="tcp" portid="5060"><state state="open" reason="syn-ack" reason_ttl="51"/></port></ports></host>
<host endtime="1733444914"><address addr="202.46.9.251" addrtype="ipv4"/><ports><port protocol="tcp" portid="5060"><state state="open" reason="syn-ack" reason_ttl="51"/></port></ports></host>
<host endtime="1733444917"><address addr="202.46.5.136" addrtype="ipv4"/><ports><port protocol="tcp" portid="5060"><state state="open" reason="syn-ack" reason_ttl="50"/></port></ports></host>
<host endtime="1733444921"><address addr="103.83.19.249" addrtype="ipv4"/><ports><port protocol="tcp" portid="5060"><state state="open" reason="syn-ack" reason_ttl="48"/></port></ports></host>
<host endtime="1733444921"><address addr="193.98.229.134" addrtype="ipv4"/><ports><port protocol="tcp" portid="5061"><state state="open" reason="syn-ack" reason_ttl="47"/></port></ports></host>
<host endtime="1733444923"><address addr="202.46.247.217" addrtype="ipv4"/><ports><port protocol="tcp" portid="5060"><state state="open" reason="syn-ack" reason_ttl="51"/></port></ports></host>
<host endtime="1733444924"><address addr="202.46.243.190" addrtype="ipv4"/><ports><port protocol="tcp" portid="5060"><state state="open" reason="syn-ack" reason_ttl="51"/></port></ports></host>
<host endtime="1733444932"><address addr="202.46.11.172" addrtype="ipv4"/><ports><port protocol="tcp" portid="5060"><state state="open" reason="syn-ack" reason_ttl="51"/></port></ports></host>
<host endtime="1733444934"><address addr="202.46.242.154" addrtype="ipv4"/><ports><port protocol="tcp" portid="5060"><state state="open" reason="syn-ack" reason_ttl="51"/></port></ports></host>
<host endtime="1733444936"><address addr="199.201.237.201" addrtype="ipv4"/><ports><port protocol="tcp" portid="5060"><state state="open" reason="syn-ack" reason_ttl="47"/></port></ports></host>
<host endtime="1733444937"><address addr="202.46.8.12" addrtype="ipv4"/><ports><port protocol="tcp" portid="5060"><state state="open" reason="syn-ack" reason_ttl="50"/></port></ports></host>
<host endtime="1733444939"><address addr="202.46.14.249" addrtype="ipv4"/><ports><port protocol="tcp" portid="5060"><state state="open" reason="syn-ack" reason_ttl="50"/></port></ports></host>
<host endtime="1733444939"><address addr="202.46.3.179" addrtype="ipv4"/><ports><port protocol="tcp" portid="5060"><state state="open" reason="syn-ack" reason_ttl="51"/></port></ports></host>
<host endtime="1733444940"><address addr="202.46.11.41" addrtype="ipv4"/><ports><port protocol="tcp" portid="5060"><state state="open" reason="syn-ack" reason_ttl="51"/></port></ports></host>
<host endtime="1733444944"><address addr="202.46.246.94" addrtype="ipv4"/><ports><port protocol="tcp" portid="5060"><state state="open" reason="syn-ack" reason_ttl="50"/></port></ports></host>
<host endtime="1733444954"><address addr="202.46.253.105" addrtype="ipv4"/><ports><port protocol="tcp" portid="5060"><state state="open" reason="syn-ack" reason_ttl="51"/></port></ports></host>
<host endtime="1733444954"><address addr="202.46.7.160" addrtype="ipv4"/><ports><port protocol="tcp" portid="5060"><state state="open" reason="syn-ack" reason_ttl="51"/></port></ports></host>
<host endtime="1733444955"><address addr="202.46.12.94" addrtype="ipv4"/><ports><port protocol="tcp" portid="5060"><state state="open" reason="syn-ack" reason_ttl="51"/></port></ports></host>
<host endtime="1733444956"><address addr="202.46.254.155" addrtype="ipv4"/><ports><port protocol="tcp" portid="5060"><state state="open" reason="syn-ack" reason_ttl="50"/></port></ports></host>
<host endtime="1733444959"><address addr="202.46.254.235" addrtype="ipv4"/><ports><port protocol="tcp" portid="5060"><state state="open" reason="syn-ack" reason_ttl="51"/></port></ports></host>
<host endtime="1733444960"><address addr="202.46.0.118" addrtype="ipv4"/><ports><port protocol="tcp" portid="5060"><state state="open" reason="syn-ack" reason_ttl="51"/></port></ports></host>
<host endtime="1733444960"><address addr="202.46.11.181" addrtype="ipv4"/><ports><port protocol="tcp" portid="5060"><state state="open" reason="syn-ack" reason_ttl="51"/></port></ports></host>
<host endtime="1733444961"><address addr="103.224.215.71" addrtype="ipv4"/><ports><port protocol="tcp" portid="5060"><state state="open" reason="syn-ack" reason_ttl="48"/></port></ports></host>
<host endtime="1733444962"><address addr="199.123.24.253" addrtype="ipv4"/><ports><port protocol="tcp" portid="5060"><state state="open" reason="syn-ack" reason_ttl="229"/></port></ports></host>
<host endtime="1733444962"><address addr="202.46.4.199" addrtype="ipv4"/><ports><port protocol="tcp" portid="5060"><state state="open" reason="syn-ack" reason_ttl="51"/></port></ports></host>
<host endtime="1733444963"><address addr="202.46.14.218" addrtype="ipv4"/><ports><port protocol="tcp" portid="5060"><state state="open" reason="syn-ack" reason_ttl="51"/></port></ports></host>
<host endtime="1733444964"><address addr="202.46.0.159" addrtype="ipv4"/><ports><port protocol="tcp" portid="5060"><state state="open" reason="syn-ack" reason_ttl="51"/></port></ports></host>
<host endtime="1733444964"><address addr="202.46.247.6" addrtype="ipv4"/><ports><port protocol="tcp" portid="5060"><state state="open" reason="syn-ack" reason_ttl="50"/></port></ports></host>
<host endtime="1733444968"><address addr="103.224.215.215" addrtype="ipv4"/><ports><port protocol="tcp" portid="5060"><state state="open" reason="syn-ack" reason_ttl="48"/></port></ports></host>
<host endtime="1733444974"><address addr="202.46.6.177" addrtype="ipv4"/><ports><port protocol="tcp" portid="5060"><state state="open" reason="syn-ack" reason_ttl="50"/></port></ports></host>
<host endtime="1733444975"><address addr="202.46.254.72" addrtype="ipv4"/><ports><port protocol="tcp" portid="5060"><state state="open" reason="syn-ack" reason_ttl="51"/></port></ports></host>
<host endtime="1733444977"><address addr="202.46.9.172" addrtype="ipv4"/><ports><port protocol="tcp" portid="5060"><state state="open" reason="syn-ack" reason_ttl="51"/></port></ports></host>
<host endtime="1733444979"><address addr="202.46.253.239" addrtype="ipv4"/><ports><port protocol="tcp" portid="5060"><state state="open" reason="syn-ack" reason_ttl="51"/></port></ports></host>
<host endtime="1733444980"><address addr="202.46.11.198" addrtype="ipv4"/><ports><port protocol="tcp" portid="5060"><state state="open" reason="syn-ack" reason_ttl="51"/></port></ports></host>
<host endtime="1733444988"><address addr="202.46.242.244" addrtype="ipv4"/><ports><port protocol="tcp" portid="5060"><state state="open" reason="syn-ack" reason_ttl="50"/></port></ports></host>
<host endtime="1733444991"><address addr="202.46.10.175" addrtype="ipv4"/><ports><port protocol="tcp" portid="5060"><state state="open" reason="syn-ack" reason_ttl="50"/></port></ports></host>
<host endtime="1733444992"><address addr="202.46.246.106" addrtype="ipv4"/><ports><port protocol="tcp" portid="5060"><state state="open" reason="syn-ack" reason_ttl="51"/></port></ports></host>
<host endtime="1733444992"><address addr="193.98.229.124" addrtype="ipv4"/><ports><port protocol="tcp" portid="5060"><state state="open" reason="syn-ack" reason_ttl="48"/></port></ports></host>
<host endtime="1733444995"><address addr="199.201.237.254" addrtype="ipv4"/><ports><port protocol="tcp" portid="5060"><state state="open" reason="syn-ack" reason_ttl="47"/></port></ports></host>
<host endtime="1733444998"><address addr="103.224.215.141" addrtype="ipv4"/><ports><port protocol="tcp" portid="5060"><state state="open" reason="syn-ack" reason_ttl="48"/></port></ports></host>
<host endtime="1733444999"><address addr="202.46.3.48" addrtype="ipv4"/><ports><port protocol="tcp" portid="5060"><state state="open" reason="syn-ack" reason_ttl="50"/></port></ports></host>
<host endtime="1733445003"><address addr="202.46.245.36" addrtype="ipv4"/><ports><port protocol="tcp" portid="5060"><state state="open" reason="syn-ack" reason_ttl="51"/></port></ports></host>
<host endtime="1733445004"><address addr="202.46.248.7" addrtype="ipv4"/><ports><port protocol="tcp" portid="5060"><state state="open" reason="syn-ack" reason_ttl="50"/></port></ports></host>
<host endtime="1733445005"><address addr="202.46.6.123" addrtype="ipv4"/><ports><port protocol="tcp" portid="5060"><state state="open" reason="syn-ack" reason_ttl="50"/></port></ports></host>
<host endtime="1733445006"><address addr="202.46.2.170" addrtype="ipv4"/><ports><port protocol="tcp" portid="5060"><state state="open" reason="syn-ack" reason_ttl="50"/></port></ports></host>
<host endtime="1733445007"><address addr="202.46.14.146" addrtype="ipv4"/><ports><port protocol="tcp" portid="5060"><state state="open" reason="syn-ack" reason_ttl="50"/></port></ports></host>
<host endtime="1733445010"><address addr="202.46.247.167" addrtype="ipv4"/><ports><port protocol="tcp" portid="5060"><state state="open" reason="syn-ack" reason_ttl="50"/></port></ports></host>
<host endtime="1733445011"><address addr="202.46.12.133" addrtype="ipv4"/><ports><port protocol="tcp" portid="5060"><state state="open" reason="syn-ack" reason_ttl="50"/></port></ports></host>
<host endtime="1733445011"><address addr="202.46.254.104" addrtype="ipv4"/><ports><port protocol="tcp" portid="5060"><state state="open" reason="syn-ack" reason_ttl="51"/></port></ports></host>
<host endtime="1733445012"><address addr="193.98.229.165" addrtype="ipv4"/><ports><port protocol="tcp" portid="5061"><state state="open" reason="syn-ack" reason_ttl="48"/></port></ports></host>
<host endtime="1733445012"><address addr="199.123.24.252" addrtype="ipv4"/><ports><port protocol="tcp" portid="5060"><state state="open" reason="syn-ack" reason_ttl="229"/></port></ports></host>
<host endtime="1733445015"><address addr="202.46.10.11" addrtype="ipv4"/><ports><port protocol="tcp" portid="5060"><state state="open" reason="syn-ack" reason_ttl="51"/></port></ports></host>
<host endtime="1733445016"><address addr="202.46.4.253" addrtype="ipv4"/><ports><port protocol="tcp" portid="5060"><state state="open" reason="syn-ack" reason_ttl="51"/></port></ports></host>
<host endtime="1733445017"><address addr="202.46.2.83" addrtype="ipv4"/><ports><port protocol="tcp" portid="5060"><state state="open" reason="syn-ack" reason_ttl="51"/></port></ports></host>
<host endtime="1733445018"><address addr="202.46.254.237" addrtype="ipv4"/><ports><port protocol="tcp" portid="5060"><state state="open" reason="syn-ack" reason_ttl="51"/></port></ports></host>
<host endtime="1733445018"><address addr="199.201.236.113" addrtype="ipv4"/><ports><port protocol="tcp" portid="5060"><state state="open" reason="syn-ack" reason_ttl="47"/></port></ports></host>
<host endtime="1733445018"><address addr="202.46.253.115" addrtype="ipv4"/><ports><port protocol="tcp" portid="5060"><state state="open" reason="syn-ack" reason_ttl="51"/></port></ports></host>
<host endtime="1733445019"><address addr="202.46.5.222" addrtype="ipv4"/><ports><port protocol="tcp" portid="5060"><state state="open" reason="syn-ack" reason_ttl="50"/></port></ports></host>
<host endtime="1733445022"><address addr="202.46.241.248" addrtype="ipv4"/><ports><port protocol="tcp" portid="5060"><state state="open" reason="syn-ack" reason_ttl="51"/></port></ports></host>
<host endtime="1733445023"><address addr="202.46.6.248" addrtype="ipv4"/><ports><port protocol="tcp" portid="5060"><state state="open" reason="syn-ack" reason_ttl="51"/></port></ports></host>
<host endtime="1733445023"><address addr="202.46.252.154" addrtype="ipv4"/><ports><port protocol="tcp" portid="5060"><state state="open" reason="syn-ack" reason_ttl="51"/></port></ports></host>
<host endtime="1733445025"><address addr="103.83.19.231" addrtype="ipv4"/><ports><port protocol="tcp" portid="5060"><state state="open" reason="syn-ack" reason_ttl="48"/></port></ports></host>
<host endtime="1733445027"><address addr="202.46.5.128" addrtype="ipv4"/><ports><port protocol="tcp" portid="5060"><state state="open" reason="syn-ack" reason_ttl="51"/></port></ports></host>
<host endtime="1733445028"><address addr="202.46.255.25" addrtype="ipv4"/><ports><port protocol="tcp" portid="5060"><state state="open" reason="syn-ack" reason_ttl="50"/></port></ports></host>
<host endtime="1733445029"><address addr="199.123.27.16" addrtype="ipv4"/><ports><port protocol="tcp" portid="5060"><state state="open" reason="syn-ack" reason_ttl="229"/></port></ports></host>
<host endtime="1733445033"><address addr="199.201.236.199" addrtype="ipv4"/><ports><port protocol="tcp" portid="5060"><state state="open" reason="syn-ack" reason_ttl="47"/></port></ports></host>
<host endtime="1733445035"><address addr="202.46.3.229" addrtype="ipv4"/><ports><port protocol="tcp" portid="5060"><state state="open" reason="syn-ack" reason_ttl="51"/></port></ports></host>
<host endtime="1733445037"><address addr="202.46.249.221" addrtype="ipv4"/><ports><port protocol="tcp" portid="5060"><state state="open" reason="syn-ack" reason_ttl="51"/></port></ports></host>
<host endtime="1733445037"><address addr="202.46.0.229" addrtype="ipv4"/><ports><port protocol="tcp" portid="5060"><state state="open" reason="syn-ack" reason_ttl="50"/></port></ports></host>
<host endtime="1733445039"><address addr="202.46.248.15" addrtype="ipv4"/><ports><port protocol="tcp" portid="5060"><state state="open" reason="syn-ack" reason_ttl="51"/></port></ports></host>
<host endtime="1733445040"><address addr="103.224.214.50" addrtype="ipv4"/><ports><port protocol="tcp" portid="5060"><state state="open" reason="syn-ack" reason_ttl="48"/></port></ports></host>
<host endtime="1733445040"><address addr="202.46.242.85" addrtype="ipv4"/><ports><port protocol="tcp" portid="5060"><state state="open" reason="syn-ack" reason_ttl="51"/></port></ports></host>
<host endtime="1733445040"><address addr="199.123.26.38" addrtype="ipv4"/><ports><port protocol="tcp" portid="5060"><state state="open" reason="syn-ack" reason_ttl="229"/></port></ports></host>
<host endtime="1733445041"><address addr="202.46.249.63" addrtype="ipv4"/><ports><port protocol="tcp" portid="5060"><state state="open" reason="syn-ack" reason_ttl="51"/></port></ports></host>
<host endtime="1733445043"><address addr="202.46.252.159" addrtype="ipv4"/><ports><port protocol="tcp" portid="5060"><state state="open" reason="syn-ack" reason_ttl="51"/></port></ports></host>
<host endtime="1733445043"><address addr="202.46.14.74" addrtype="ipv4"/><ports><port protocol="tcp" portid="5060"><state state="open" reason="syn-ack" reason_ttl="51"/></port></ports></host>
<host endtime="1733445044"><address addr="202.46.253.53" addrtype="ipv4"/><ports><port protocol="tcp" portid="5060"><state state="open" reason="syn-ack" reason_ttl="51"/></port></ports></host>
<host endtime="1733445045"><address addr="202.46.8.9" addrtype="ipv4"/><ports><port protocol="tcp" portid="5060"><state state="open" reason="syn-ack" reason_ttl="51"/></port></ports></host>
<host endtime="1733445045"><address addr="199.201.236.115" addrtype="ipv4"/><ports><port protocol="tcp" portid="5060"><state state="open" reason="syn-ack" reason_ttl="47"/></port></ports></host>
<host endtime="1733445048"><address addr="103.224.214.223" addrtype="ipv4"/><ports><port protocol="tcp" portid="5060"><state state="open" reason="syn-ack" reason_ttl="48"/></port></ports></host>
<host endtime="1733445049"><address addr="202.46.252.153" addrtype="ipv4"/><ports><port protocol="tcp" portid="5060"><state state="open" reason="syn-ack" reason_ttl="51"/></port></ports></host>
<host endtime="1733445051"><address addr="193.98.229.122" addrtype="ipv4"/><ports><port protocol="tcp" portid="5061"><state state="open" reason="syn-ack" reason_ttl="44"/></port></ports></host>
<host endtime="1733445052"><address addr="193.98.229.167" addrtype="ipv4"/><ports><port protocol="tcp" portid="5060"><state state="open" reason="syn-ack" reason_ttl="44"/></port></ports></host>
<host endtime="1733445055"><address addr="202.46.10.178" addrtype="ipv4"/><ports><port protocol="tcp" portid="5060"><state state="open" reason="syn-ack" reason_ttl="50"/></port></ports></host>
<host endtime="1733445056"><address addr="202.46.246.109" addrtype="ipv4"/><ports><port protocol="tcp" portid="5060"><state state="open" reason="syn-ack" reason_ttl="51"/></port></ports></host>
<host endtime="1733445058"><address addr="199.201.237.75" addrtype="ipv4"/><ports><port protocol="tcp" portid="5060"><state state="open" reason="syn-ack" reason_ttl="47"/></port></ports></host>
<host endtime="1733445059"><address addr="199.201.237.96" addrtype="ipv4"/><ports><port protocol="tcp" portid="5060"><state state="open" reason="syn-ack" reason_ttl="47"/></port></ports></host>
<host endtime="1733445063"><address addr="202.46.15.212" addrtype="ipv4"/><ports><port protocol="tcp" portid="5060"><state state="open" reason="syn-ack" reason_ttl="51"/></port></ports></host>
<host endtime="1733445064"><address addr="202.46.251.92" addrtype="ipv4"/><ports><port protocol="tcp" portid="5060"><state state="open" reason="syn-ack" reason_ttl="50"/></port></ports></host>
<host endtime="1733445067"><address addr="202.46.244.194" addrtype="ipv4"/><ports><port protocol="tcp" portid="5060"><state state="open" reason="syn-ack" reason_ttl="51"/></port></ports></host>
<host endtime="1733445068"><address addr="202.46.250.169" addrtype="ipv4"/><ports><port protocol="tcp" portid="5060"><state state="open" reason="syn-ack" reason_ttl="51"/></port></ports></host>
<host endtime="1733445070"><address addr="202.46.253.133" addrtype="ipv4"/><ports><port protocol="tcp" portid="5060"><state state="open" reason="syn-ack" reason_ttl="51"/></port></ports></host>
<host endtime="1733445070"><address addr="202.46.9.46" addrtype="ipv4"/><ports><port protocol="tcp" portid="5060"><state state="open" reason="syn-ack" reason_ttl="51"/></port></ports></host>
<host endtime="1733445073"><address addr="202.46.247.113" addrtype="ipv4"/><ports><port protocol="tcp" portid="5060"><state state="open" reason="syn-ack" reason_ttl="50"/></port></ports></host>
<host endtime="1733445074"><address addr="202.46.3.96" addrtype="ipv4"/><ports><port protocol="tcp" portid="5061"><state state="open" reason="syn-ack" reason_ttl="50"/></port></ports></host>
<host endtime="1733445075"><address addr="202.46.243.86" addrtype="ipv4"/><ports><port protocol="tcp" portid="5060"><state state="open" reason="syn-ack" reason_ttl="50"/></port></ports></host>
<host endtime="1733445077"><address addr="202.46.3.139" addrtype="ipv4"/><ports><port protocol="tcp" portid="5060"><state state="open" reason="syn-ack" reason_ttl="51"/></port></ports></host>
<host endtime="1733445078"><address addr="199.123.27.130" addrtype="ipv4"/><ports><port protocol="tcp" portid="5060"><state state="open" reason="syn-ack" reason_ttl="229"/></port></ports></host>
<host endtime="1733445085"><address addr="199.123.25.126" addrtype="ipv4"/><ports><port protocol="tcp" portid="5060"><state state="open" reason="syn-ack" reason_ttl="229"/></port></ports></host>
<host endtime="1733445086"><address addr="202.46.15.108" addrtype="ipv4"/><ports><port protocol="tcp" portid="5060"><state state="open" reason="syn-ack" reason_ttl="51"/></port></ports></host>
<host endtime="1733445086"><address addr="202.46.5.226" addrtype="ipv4"/><ports><port protocol="tcp" portid="5060"><state state="open" reason="syn-ack" reason_ttl="50"/></port></ports></host>
<host endtime="1733445087"><address addr="199.201.237.205" addrtype="ipv4"/><ports><port protocol="tcp" portid="5060"><state state="open" reason="syn-ack" reason_ttl="47"/></port></ports></host>
<host endtime="1733445089"><address addr="202.46.252.231" addrtype="ipv4"/><ports><port protocol="tcp" portid="5060"><state state="open" reason="syn-ack" reason_ttl="51"/></port></ports></host>
<host endtime="1733445089"><address addr="202.46.4.255" addrtype="ipv4"/><ports><port protocol="tcp" portid="5060"><state state="open" reason="syn-ack" reason_ttl="50"/></port></ports></host>
<host endtime="1733445090"><address addr="202.46.252.239" addrtype="ipv4"/><ports><port protocol="tcp" portid="5060"><state state="open" reason="syn-ack" reason_ttl="51"/></port></ports></host>
<host endtime="1733445090"><address addr="202.46.249.72" addrtype="ipv4"/><ports><port protocol="tcp" portid="5060"><state state="open" reason="syn-ack" reason_ttl="51"/></port></ports></host>
<host endtime="1733445091"><address addr="202.46.2.78" addrtype="ipv4"/><ports><port protocol="tcp" portid="5060"><state state="open" reason="syn-ack" reason_ttl="51"/></port></ports></host>
<host endtime="1733445091"><address addr="202.46.253.41" addrtype="ipv4"/><ports><port protocol="tcp" portid="5060"><state state="open" reason="syn-ack" reason_ttl="50"/></port></ports></host>
<host endtime="1733445094"><address addr="103.224.214.141" addrtype="ipv4"/><ports><port protocol="tcp" portid="5060"><state state="open" reason="syn-ack" reason_ttl="48"/></port></ports></host>
<host endtime="1733445094"><address addr="202.46.4.238" addrtype="ipv4"/><ports><port protocol="tcp" portid="5060"><state state="open" reason="syn-ack" reason_ttl="50"/></port></ports></host>
<host endtime="1733445098"><address addr="202.46.246.185" addrtype="ipv4"/><ports><port protocol="tcp" portid="5060"><state state="open" reason="syn-ack" reason_ttl="51"/></port></ports></host>
<host endtime="1733445099"><address addr="199.201.236.244" addrtype="ipv4"/><ports><port protocol="tcp" portid="5060"><state state="open" reason="syn-ack" reason_ttl="47"/></port></ports></host>
<host endtime="1733445102"><address addr="202.46.14.14" addrtype="ipv4"/><ports><port protocol="tcp" portid="5060"><state state="open" reason="syn-ack" reason_ttl="51"/></port></ports></host>
<host endtime="1733445104"><address addr="202.46.4.34" addrtype="ipv4"/><ports><port protocol="tcp" portid="5060"><state state="open" reason="syn-ack" reason_ttl="51"/></port></ports></host>
<host endtime="1733445105"><address addr="202.46.248.234" addrtype="ipv4"/><ports><port protocol="tcp" portid="5060"><state state="open" reason="syn-ack" reason_ttl="51"/></port></ports></host>
<host endtime="1733445107"><address addr="202.46.253.242" addrtype="ipv4"/><ports><port protocol="tcp" portid="5060"><state state="open" reason="syn-ack" reason_ttl="51"/></port></ports></host>
<host endtime="1733445109"><address addr="202.46.250.207" addrtype="ipv4"/><ports><port protocol="tcp" portid="5060"><state state="open" reason="syn-ack" reason_ttl="50"/></port></ports></host>
<host endtime="1733445110"><address addr="202.46.10.59" addrtype="ipv4"/><ports><port protocol="tcp" portid="5060"><state state="open" reason="syn-ack" reason_ttl="51"/></port></ports></host>
<host endtime="1733445110"><address addr="202.46.4.242" addrtype="ipv4"/><ports><port protocol="tcp" portid="5060"><state state="open" reason="syn-ack" reason_ttl="50"/></port></ports></host>
<host endtime="1733445110"><address addr="202.46.4.250" addrtype="ipv4"/><ports><port protocol="tcp" portid="5060"><state state="open" reason="syn-ack" reason_ttl="51"/></port></ports></host>
<host endtime="1733445116"><address addr="202.46.253.51" addrtype="ipv4"/><ports><port protocol="tcp" portid="5060"><state state="open" reason="syn-ack" reason_ttl="51"/></port></ports></host>
<host endtime="1733445117"><address addr="199.123.26.35" addrtype="ipv4"/><ports><port protocol="tcp" portid="5060"><state state="open" reason="syn-ack" reason_ttl="229"/></port></ports></host>
<host endtime="1733445118"><address addr="202.46.9.151" addrtype="ipv4"/><ports><port protocol="tcp" portid="5060"><state state="open" reason="syn-ack" reason_ttl="51"/></port></ports></host>
<host endtime="1733445119"><address addr="202.46.251.250" addrtype="ipv4"/><ports><port protocol="tcp" portid="5060"><state state="open" reason="syn-ack" reason_ttl="51"/></port></ports></host>
<host endtime="1733445119"><address addr="202.46.255.15" addrtype="ipv4"/><ports><port protocol="tcp" portid="5060"><state state="open" reason="syn-ack" reason_ttl="51"/></port></ports></host>
<host endtime="1733445120"><address addr="202.46.12.158" addrtype="ipv4"/><ports><port protocol="tcp" portid="5060"><state state="open" reason="syn-ack" reason_ttl="50"/></port></ports></host>
<host endtime="1733445121"><address addr="202.46.242.214" addrtype="ipv4"/><ports><port protocol="tcp" portid="5060"><state state="open" reason="syn-ack" reason_ttl="50"/></port></ports></host>
<host endtime="1733445121"><address addr="202.46.14.164" addrtype="ipv4"/><ports><port protocol="tcp" portid="5060"><state state="open" reason="syn-ack" reason_ttl="50"/></port></ports></host>
<host endtime="1733445122"><address addr="193.98.229.70" addrtype="ipv4"/><ports><port protocol="tcp" portid="5061"><state state="open" reason="syn-ack" reason_ttl="49"/></port></ports></host>
<host endtime="1733445123"><address addr="202.46.241.209" addrtype="ipv4"/><ports><port protocol="tcp" portid="5060"><state state="open" reason="syn-ack" reason_ttl="50"/></port></ports></host>
<host endtime="1733445125"><address addr="202.46.1.70" addrtype="ipv4"/><ports><port protocol="tcp" portid="5060"><state state="open" reason="syn-ack" reason_ttl="51"/></port></ports></host>
<host endtime="1733445127"><address addr="202.46.246.110" addrtype="ipv4"/><ports><port protocol="tcp" portid="5060"><state state="open" reason="syn-ack" reason_ttl="51"/></port></ports></host>
<host endtime="1733445128"><address addr="202.46.0.165" addrtype="ipv4"/><ports><port protocol="tcp" portid="5060"><state state="open" reason="syn-ack" reason_ttl="51"/></port></ports></host>
<host endtime="1733445131"><address addr="202.46.7.25" addrtype="ipv4"/><ports><port protocol="tcp" portid="5060"><state state="open" reason="syn-ack" reason_ttl="51"/></port></ports></host>
<host endtime="1733445137"><address addr="199.201.236.19" addrtype="ipv4"/><ports><port protocol="tcp" portid="5060"><state state="open" reason="syn-ack" reason_ttl="47"/></port></ports></host>
<host endtime="1733445138"><address addr="202.46.250.141" addrtype="ipv4"/><ports><port protocol="tcp" portid="5060"><state state="open" reason="syn-ack" reason_ttl="51"/></port></ports></host>
<host endtime="1733445140"><address addr="202.46.248.6" addrtype="ipv4"/><ports><port protocol="tcp" portid="5060"><state state="open" reason="syn-ack" reason_ttl="51"/></port></ports></host>
<host endtime="1733445140"><address addr="202.46.11.169" addrtype="ipv4"/><ports><port protocol="tcp" portid="5060"><state state="open" reason="syn-ack" reason_ttl="50"/></port></ports></host>
<host endtime="1733445140"><address addr="202.46.13.149" addrtype="ipv4"/><ports><port protocol="tcp" portid="5060"><state state="open" reason="syn-ack" reason_ttl="51"/></port></ports></host>
<host endtime="1733445141"><address addr="202.46.10.20" addrtype="ipv4"/><ports><port protocol="tcp" portid="5060"><state state="open" reason="syn-ack" reason_ttl="51"/></port></ports></host>
<host endtime="1733445143"><address addr="202.46.248.22" addrtype="ipv4"/><ports><port protocol="tcp" portid="5060"><state state="open" reason="syn-ack" reason_ttl="50"/></port></ports></host>
<host endtime="1733445145"><address addr="202.46.252.48" addrtype="ipv4"/><ports><port protocol="tcp" portid="5060"><state state="open" reason="syn-ack" reason_ttl="51"/></port></ports></host>
<host endtime="1733445146"><address addr="202.46.247.232" addrtype="ipv4"/><ports><port protocol="tcp" portid="5060"><state state="open" reason="syn-ack" reason_ttl="51"/></port></ports></host>
<host endtime="1733445146"><address addr="202.46.8.103" addrtype="ipv4"/><ports><port protocol="tcp" portid="5060"><state state="open" reason="syn-ack" reason_ttl="51"/></port></ports></host>
<host endtime="1733445147"><address addr="202.46.244.15" addrtype="ipv4"/><ports><port protocol="tcp" portid="5060"><state state="open" reason="syn-ack" reason_ttl="51"/></port></ports></host>
<host endtime="1733445148"><address addr="103.83.19.129" addrtype="ipv4"/><ports><port protocol="tcp" portid="5060"><state state="open" reason="syn-ack" reason_ttl="48"/></port></ports></host>
<host endtime="1733445149"><address addr="202.46.13.18" addrtype="ipv4"/><ports><port protocol="tcp" portid="5060"><state state="open" reason="syn-ack" reason_ttl="51"/></port></ports></host>
<host endtime="1733445149"><address addr="202.46.0.193" addrtype="ipv4"/><ports><port protocol="tcp" portid="5060"><state state="open" reason="syn-ack" reason_ttl="50"/></port></ports></host>
<host endtime="1733445150"><address addr="202.46.14.232" addrtype="ipv4"/><ports><port protocol="tcp" portid="5060"><state state="open" reason="syn-ack" reason_ttl="51"/></port></ports></host>
<host endtime="1733445154"><address addr="202.46.246.244" addrtype="ipv4"/><ports><port protocol="tcp" portid="5060"><state state="open" reason="syn-ack" reason_ttl="51"/></port></ports></host>
<host endtime="1733445155"><address addr="193.103.200.102" addrtype="ipv4"/><ports><port protocol="tcp" portid="5060"><state state="open" reason="syn-ack" reason_ttl="52"/></port></ports></host>
<host endtime="1733445155"><address addr="199.123.27.13" addrtype="ipv4"/><ports><port protocol="tcp" portid="5060"><state state="open" reason="syn-ack" reason_ttl="229"/></port></ports></host>
<host endtime="1733445155"><address addr="202.46.2.94" addrtype="ipv4"/><ports><port protocol="tcp" portid="5060"><state state="open" reason="syn-ack" reason_ttl="51"/></port></ports></host>
<host endtime="1733445156"><address addr="202.46.252.254" addrtype="ipv4"/><ports><port protocol="tcp" portid="5060"><state state="open" reason="syn-ack" reason_ttl="51"/></port></ports></host>
<host endtime="1733445159"><address addr="202.46.15.211" addrtype="ipv4"/><ports><port protocol="tcp" portid="5060"><state state="open" reason="syn-ack" reason_ttl="50"/></port></ports></host>
<host endtime="1733445160"><address addr="202.46.3.167" addrtype="ipv4"/><ports><port protocol="tcp" portid="5060"><state state="open" reason="syn-ack" reason_ttl="51"/></port></ports></host>
<host endtime="1733445161"><address addr="202.46.12.48" addrtype="ipv4"/><ports><port protocol="tcp" portid="5060"><state state="open" reason="syn-ack" reason_ttl="51"/></port></ports></host>
<host endtime="1733445162"><address addr="103.224.214.23" addrtype="ipv4"/><ports><port protocol="tcp" portid="5060"><state state="open" reason="syn-ack" reason_ttl="48"/></port></ports></host>
<host endtime="1733445163"><address addr="202.46.241.172" addrtype="ipv4"/><ports><port protocol="tcp" portid="5060"><state state="open" reason="syn-ack" reason_ttl="51"/></port></ports></host>
<host endtime="1733445164"><address addr="103.224.214.175" addrtype="ipv4"/><ports><port protocol="tcp" portid="5060"><state state="open" reason="syn-ack" reason_ttl="48"/></port></ports></host>
<host endtime="1733445165"><address addr="199.123.26.37" addrtype="ipv4"/><ports><port protocol="tcp" portid="5060"><state state="open" reason="syn-ack" reason_ttl="229"/></port></ports></host>
<host endtime="1733445167"><address addr="202.46.240.184" addrtype="ipv4"/><ports><port protocol="tcp" portid="5060"><state state="open" reason="syn-ack" reason_ttl="50"/></port></ports></host>
<host endtime="1733445168"><address addr="193.98.229.144" addrtype="ipv4"/><ports><port protocol="tcp" portid="5060"><state state="open" reason="syn-ack" reason_ttl="47"/></port></ports></host>
<host endtime="1733445168"><address addr="202.46.8.216" addrtype="ipv4"/><ports><port protocol="tcp" portid="5060"><state state="open" reason="syn-ack" reason_ttl="50"/></port></ports></host>
<host endtime="1733445173"><address addr="202.46.11.74" addrtype="ipv4"/><ports><port protocol="tcp" portid="5060"><state state="open" reason="syn-ack" reason_ttl="51"/></port></ports></host>
<host endtime="1733445175"><address addr="202.46.6.36" addrtype="ipv4"/><ports><port protocol="tcp" portid="5060"><state state="open" reason="syn-ack" reason_ttl="50"/></port></ports></host>
<host endtime="1733445176"><address addr="202.46.245.209" addrtype="ipv4"/><ports><port protocol="tcp" portid="5060"><state state="open" reason="syn-ack" reason_ttl="50"/></port></ports></host>
<host endtime="1733445176"><address addr="202.46.243.200" addrtype="ipv4"/><ports><port protocol="tcp" portid="5060"><state state="open" reason="syn-ack" reason_ttl="51"/></port></ports></host>
<host endtime="1733445177"><address addr="202.46.243.176" addrtype="ipv4"/><ports><port protocol="tcp" portid="5060"><state state="open" reason="syn-ack" reason_ttl="51"/></port></ports></host>
<host endtime="1733445178"><address addr="202.46.1.211" addrtype="ipv4"/><ports><port protocol="tcp" portid="5060"><state state="open" reason="syn-ack" reason_ttl="50"/></port></ports></host>
<host endtime="1733445179"><address addr="202.46.252.175" addrtype="ipv4"/><ports><port protocol="tcp" portid="5060"><state state="open" reason="syn-ack" reason_ttl="50"/></port></ports></host>
<host endtime="1733445180"><address addr="202.46.3.91" addrtype="ipv4"/><ports><port protocol="tcp" portid="5060"><state state="open" reason="syn-ack" reason_ttl="51"/></port></ports></host>
<host endtime="1733445182"><address addr="202.46.241.212" addrtype="ipv4"/><ports><port protocol="tcp" portid="5060"><state state="open" reason="syn-ack" reason_ttl="51"/></port></ports></host>
<host endtime="1733445183"><address addr="199.123.25.72" addrtype="ipv4"/><ports><port protocol="tcp" portid="5060"><state state="open" reason="syn-ack" reason_ttl="229"/></port></ports></host>
<host endtime="1733445185"><address addr="202.46.248.35" addrtype="ipv4"/><ports><port protocol="tcp" portid="5060"><state state="open" reason="syn-ack" reason_ttl="50"/></port></ports></host>
<host endtime="1733445187"><address addr="202.46.7.135" addrtype="ipv4"/><ports><port protocol="tcp" portid="5060"><state state="open" reason="syn-ack" reason_ttl="51"/></port></ports></host>
<host endtime="1733445189"><address addr="199.201.237.236" addrtype="ipv4"/><ports><port protocol="tcp" portid="5060"><state state="open" reason="syn-ack" reason_ttl="47"/></port></ports></host>
<host endtime="1733445191"><address addr="103.83.18.31" addrtype="ipv4"/><ports><port protocol="tcp" portid="5060"><state state="open" reason="syn-ack" reason_ttl="48"/></port></ports></host>
<host endtime="1733445192"><address addr="202.46.244.148" addrtype="ipv4"/><ports><port protocol="tcp" portid="5060"><state state="open" reason="syn-ack" reason_ttl="51"/></port></ports></host>
<host endtime="1733445193"><address addr="202.46.3.81" addrtype="ipv4"/><ports><port protocol="tcp" portid="5060"><state state="open" reason="syn-ack" reason_ttl="51"/></port></ports></host>
<host endtime="1733445193"><address addr="199.201.237.17" addrtype="ipv4"/><ports><port protocol="tcp" portid="5060"><state state="open" reason="syn-ack" reason_ttl="47"/></port></ports></host>
<host endtime="1733445194"><address addr="202.46.248.49" addrtype="ipv4"/><ports><port protocol="tcp" portid="5060"><state state="open" reason="syn-ack" reason_ttl="51"/></port></ports></host>
<host endtime="1733445194"><address addr="202.46.10.93" addrtype="ipv4"/><ports><port protocol="tcp" portid="5060"><state state="open" reason="syn-ack" reason_ttl="50"/></port></ports></host>
<host endtime="1733445195"><address addr="202.46.13.55" addrtype="ipv4"/><ports><port protocol="tcp" portid="5060"><state state="open" reason="syn-ack" reason_ttl="51"/></port></ports></host>
<host endtime="1733445195"><address addr="202.46.253.6" addrtype="ipv4"/><ports><port protocol="tcp" portid="5060"><state state="open" reason="syn-ack" reason_ttl="50"/></port></ports></host>
<host endtime="1733445196"><address addr="202.46.251.209" addrtype="ipv4"/><ports><port protocol="tcp" portid="5060"><state state="open" reason="syn-ack" reason_ttl="51"/></port></ports></host>
<host endtime="1733445197"><address addr="193.98.119.96" addrtype="ipv4"/><ports><port protocol="tcp" portid="5060"><state state="open" reason="syn-ack" reason_ttl="49"/></port></ports></host>
<host endtime="1733445198"><address addr="202.46.253.161" addrtype="ipv4"/><ports><port protocol="tcp" portid="5060"><state state="open" reason="syn-ack" reason_ttl="50"/></port></ports></host>
<host endtime="1733445203"><address addr="193.98.229.165" addrtype="ipv4"/><ports><port protocol="tcp" portid="5060"><state state="open" reason="syn-ack" reason_ttl="44"/></port></ports></host>
<host endtime="1733445204"><address addr="202.46.247.132" addrtype="ipv4"/><ports><port protocol="tcp" portid="5060"><state state="open" reason="syn-ack" reason_ttl="50"/></port></ports></host>
<host endtime="1733445207"><address addr="202.46.251.70" addrtype="ipv4"/><ports><port protocol="tcp" portid="5060"><state state="open" reason="syn-ack" reason_ttl="51"/></port></ports></host>
<host endtime="1733445208"><address addr="202.46.242.185" addrtype="ipv4"/><ports><port protocol="tcp" portid="5060"><state state="open" reason="syn-ack" reason_ttl="51"/></port></ports></host>
<host endtime="1733445212"><address addr="202.46.251.84" addrtype="ipv4"/><ports><port protocol="tcp" portid="5060"><state state="open" reason="syn-ack" reason_ttl="50"/></port></ports></host>
<host endtime="1733445213"><address addr="202.46.240.172" addrtype="ipv4"/><ports><port protocol="tcp" portid="5060"><state state="open" reason="syn-ack" reason_ttl="50"/></port></ports></host>
<host endtime="1733445214"><address addr="202.46.253.154" addrtype="ipv4"/><ports><port protocol="tcp" portid="5060"><state state="open" reason="syn-ack" reason_ttl="51"/></port></ports></host>
<host endtime="1733445217"><address addr="103.224.215.216" addrtype="ipv4"/><ports><port protocol="tcp" portid="5060"><state state="open" reason="syn-ack" reason_ttl="48"/></port></ports></host>
<host endtime="1733445218"><address addr="202.46.250.20" addrtype="ipv4"/><ports><port protocol="tcp" portid="5060"><state state="open" reason="syn-ack" reason_ttl="51"/></port></ports></host>
<host endtime="1733445218"><address addr="199.123.25.205" addrtype="ipv4"/><ports><port protocol="tcp" portid="5060"><state state="open" reason="syn-ack" reason_ttl="229"/></port></ports></host>
<host endtime="1733445218"><address addr="199.123.25.3" addrtype="ipv4"/><ports><port protocol="tcp" portid="5060"><state state="open" reason="syn-ack" reason_ttl="229"/></port></ports></host>
<host endtime="1733445219"><address addr="103.224.215.173" addrtype="ipv4"/><ports><port protocol="tcp" portid="5060"><state state="open" reason="syn-ack" reason_ttl="48"/></port></ports></host>
<host endtime="1733445221"><address addr="202.46.5.255" addrtype="ipv4"/><ports><port protocol="tcp" portid="5060"><state state="open" reason="syn-ack" reason_ttl="51"/></port></ports></host>
<host endtime="1733445222"><address addr="199.201.237.212" addrtype="ipv4"/><ports><port protocol="tcp" portid="5060"><state state="open" reason="syn-ack" reason_ttl="47"/></port></ports></host>
<host endtime="1733445226"><address addr="202.46.253.244" addrtype="ipv4"/><ports><port protocol="tcp" portid="5060"><state state="open" reason="syn-ack" reason_ttl="50"/></port></ports></host>
<host endtime="1733445233"><address addr="202.46.2.156" addrtype="ipv4"/><ports><port protocol="tcp" portid="5060"><state state="open" reason="syn-ack" reason_ttl="50"/></port></ports></host>
<host endtime="1733445234"><address addr="103.83.19.153" addrtype="ipv4"/><ports><port protocol="tcp" portid="5060"><state state="open" reason="syn-ack" reason_ttl="48"/></port></ports></host>
<host endtime="1733445236"><address addr="202.46.2.168" addrtype="ipv4"/><ports><port protocol="tcp" portid="5060"><state state="open" reason="syn-ack" reason_ttl="50"/></port></ports></host>
<host endtime="1733445241"><address addr="103.224.215.128" addrtype="ipv4"/><ports><port protocol="tcp" portid="5060"><state state="open" reason="syn-ack" reason_ttl="48"/></port></ports></host>
<host endtime="1733445241"><address addr="202.46.6.88" addrtype="ipv4"/><ports><port protocol="tcp" portid="5060"><state state="open" reason="syn-ack" reason_ttl="51"/></port></ports></host>
<host endtime="1733445242"><address addr="193.98.229.239" addrtype="ipv4"/><ports><port protocol="tcp" portid="5061"><state state="open" reason="syn-ack" reason_ttl="44"/></port></ports></host>
<host endtime="1733445244"><address addr="202.46.8.2" addrtype="ipv4"/><ports><port protocol="tcp" portid="5060"><state state="open" reason="syn-ack" reason_ttl="51"/></port></ports></host>
<host endtime="1733445248"><address addr="202.46.245.156" addrtype="ipv4"/><ports><port protocol="tcp" portid="5060"><state state="open" reason="syn-ack" reason_ttl="51"/></port></ports></host>
<host endtime="1733445250"><address addr="202.46.251.91" addrtype="ipv4"/><ports><port protocol="tcp" portid="5060"><state state="open" reason="syn-ack" reason_ttl="50"/></port></ports></host>
<host endtime="1733445250"><address addr="202.46.251.88" addrtype="ipv4"/><ports><port protocol="tcp" portid="5060"><state state="open" reason="syn-ack" reason_ttl="50"/></port></ports></host>
<host endtime="1733445252"><address addr="202.46.6.135" addrtype="ipv4"/><ports><port protocol="tcp" portid="5060"><state state="open" reason="syn-ack" reason_ttl="51"/></port></ports></host>
<host endtime="1733445259"><address addr="202.46.249.56" addrtype="ipv4"/><ports><port protocol="tcp" portid="5060"><state state="open" reason="syn-ack" reason_ttl="50"/></port></ports></host>
<host endtime="1733445264"><address addr="103.224.215.135" addrtype="ipv4"/><ports><port protocol="tcp" portid="5060"><state state="open" reason="syn-ack" reason_ttl="48"/></port></ports></host>
<host endtime="1733445264"><address addr="202.46.14.228" addrtype="ipv4"/><ports><port protocol="tcp" portid="5060"><state state="open" reason="syn-ack" reason_ttl="50"/></port></ports></host>
<host endtime="1733445264"><address addr="202.46.12.56" addrtype="ipv4"/><ports><port protocol="tcp" portid="5060"><state state="open" reason="syn-ack" reason_ttl="51"/></port></ports></host>
<host endtime="1733445266"><address addr="202.46.1.234" addrtype="ipv4"/><ports><port protocol="tcp" portid="5060"><state state="open" reason="syn-ack" reason_ttl="51"/></port></ports></host>
<host endtime="1733445267"><address addr="202.46.11.28" addrtype="ipv4"/><ports><port protocol="tcp" portid="5060"><state state="open" reason="syn-ack" reason_ttl="51"/></port></ports></host>
<host endtime="1733445269"><address addr="202.46.13.90" addrtype="ipv4"/><ports><port protocol="tcp" portid="5060"><state state="open" reason="syn-ack" reason_ttl="50"/></port></ports></host>
<host endtime="1733445273"><address addr="202.46.10.233" addrtype="ipv4"/><ports><port protocol="tcp" portid="5060"><state state="open" reason="syn-ack" reason_ttl="51"/></port></ports></host>
<host endtime="1733445273"><address addr="202.46.247.211" addrtype="ipv4"/><ports><port protocol="tcp" portid="5060"><state state="open" reason="syn-ack" reason_ttl="51"/></port></ports></host>
<host endtime="1733445276"><address addr="202.46.251.98" addrtype="ipv4"/><ports><port protocol="tcp" portid="5060"><state state="open" reason="syn-ack" reason_ttl="50"/></port></ports></host>
<host endtime="1733445281"><address addr="202.46.3.114" addrtype="ipv4"/><ports><port protocol="tcp" portid="5060"><state state="open" reason="syn-ack" reason_ttl="51"/></port></ports></host>
<host endtime="1733445284"><address addr="202.46.243.202" addrtype="ipv4"/><ports><port protocol="tcp" portid="5060"><state state="open" reason="syn-ack" reason_ttl="51"/></port></ports></host>
<host endtime="1733445285"><address addr="202.46.244.252" addrtype="ipv4"/><ports><port protocol="tcp" portid="5060"><state state="open" reason="syn-ack" reason_ttl="51"/></port></ports></host>
<host endtime="1733445286"><address addr="202.46.14.220" addrtype="ipv4"/><ports><port protocol="tcp" portid="5060"><state state="open" reason="syn-ack" reason_ttl="50"/></port></ports></host>
<host endtime="1733445286"><address addr="199.123.24.130" addrtype="ipv4"/><ports><port protocol="tcp" portid="5060"><state state="open" reason="syn-ack" reason_ttl="229"/></port></ports></host>
<host endtime="1733445287"><address addr="103.177.50.91" addrtype="ipv4"/><ports><port protocol="tcp" portid="5061"><state state="open" reason="syn-ack" reason_ttl="57"/></port></ports></host>
<host endtime="1733445292"><address addr="202.46.249.192" addrtype="ipv4"/><ports><port protocol="tcp" portid="5060"><state state="open" reason="syn-ack" reason_ttl="51"/></port></ports></host>
<host endtime="1733445293"><address addr="202.46.243.137" addrtype="ipv4"/><ports><port protocol="tcp" portid="5060"><state state="open" reason="syn-ack" reason_ttl="51"/></port></ports></host>
<host endtime="1733445296"><address addr="202.46.255.172" addrtype="ipv4"/><ports><port protocol="tcp" portid="5060"><state state="open" reason="syn-ack" reason_ttl="50"/></port></ports></host>
<host endtime="1733445297"><address addr="103.83.18.219" addrtype="ipv4"/><ports><port protocol="tcp" portid="5060"><state state="open" reason="syn-ack" reason_ttl="48"/></port></ports></host>
<host endtime="1733445299"><address addr="202.46.243.50" addrtype="ipv4"/><ports><port protocol="tcp" portid="5060"><state state="open" reason="syn-ack" reason_ttl="50"/></port></ports></host>
<host endtime="1733445300"><address addr="199.123.27.250" addrtype="ipv4"/><ports><port protocol="tcp" portid="5060"><state state="open" reason="syn-ack" reason_ttl="229"/></port></ports></host>
<host endtime="1733445300"><address addr="202.46.255.82" addrtype="ipv4"/><ports><port protocol="tcp" portid="5060"><state state="open" reason="syn-ack" reason_ttl="51"/></port></ports></host>
<host endtime="1733445302"><address addr="199.123.26.31" addrtype="ipv4"/><ports><port protocol="tcp" portid="5060"><state state="open" reason="syn-ack" reason_ttl="229"/></port></ports></host>
<host endtime="1733445304"><address addr="103.83.18.107" addrtype="ipv4"/><ports><port protocol="tcp" portid="5060"><state state="open" reason="syn-ack" reason_ttl="48"/></port></ports></host>
<host endtime="1733445306"><address addr="202.46.247.219" addrtype="ipv4"/><ports><port protocol="tcp" portid="5060"><state state="open" reason="syn-ack" reason_ttl="51"/></port></ports></host>
<host endtime="1733445311"><address addr="202.46.244.179" addrtype="ipv4"/><ports><port protocol="tcp" portid="5060"><state state="open" reason="syn-ack" reason_ttl="50"/></port></ports></host>
<host endtime="1733445313"><address addr="202.46.0.200" addrtype="ipv4"/><ports><port protocol="tcp" portid="5060"><state state="open" reason="syn-ack" reason_ttl="51"/></port></ports></host>
<host endtime="1733445314"><address addr="199.123.24.63" addrtype="ipv4"/><ports><port protocol="tcp" portid="5060"><state state="open" reason="syn-ack" reason_ttl="229"/></port></ports></host>
<host endtime="1733445314"><address addr="202.46.2.128" addrtype="ipv4"/><ports><port protocol="tcp" portid="5060"><state state="open" reason="syn-ack" reason_ttl="51"/></port></ports></host>
<host endtime="1733445315"><address addr="202.46.250.152" addrtype="ipv4"/><ports><port protocol="tcp" portid="5060"><state state="open" reason="syn-ack" reason_ttl="50"/></port></ports></host>
<host endtime="1733445317"><address addr="193.98.229.173" addrtype="ipv4"/><ports><port protocol="tcp" portid="5060"><state state="open" reason="syn-ack" reason_ttl="47"/></port></ports></host>
<host endtime="1733445319"><address addr="193.103.200.101" addrtype="ipv4"/><ports><port protocol="tcp" portid="5060"><state state="open" reason="syn-ack" reason_ttl="54"/></port></ports></host>
<host endtime="1733445320"><address addr="202.46.11.137" addrtype="ipv4"/><ports><port protocol="tcp" portid="5060"><state state="open" reason="syn-ack" reason_ttl="50"/></port></ports></host>
<host endtime="1733445323"><address addr="202.46.245.213" addrtype="ipv4"/><ports><port protocol="tcp" portid="5060"><state state="open" reason="syn-ack" reason_ttl="51"/></port></ports></host>
<host endtime="1733445326"><address addr="202.46.244.236" addrtype="ipv4"/><ports><port protocol="tcp" portid="5060"><state state="open" reason="syn-ack" reason_ttl="51"/></port></ports></host>
<host endtime="1733445326"><address addr="199.123.27.96" addrtype="ipv4"/><ports><port protocol="tcp" portid="5060"><state state="open" reason="syn-ack" reason_ttl="229"/></port></ports></host>
<host endtime="1733445328"><address addr="202.46.11.138" addrtype="ipv4"/><ports><port protocol="tcp" portid="5060"><state state="open" reason="syn-ack" reason_ttl="50"/></port></ports></host>
<host endtime="1733445331"><address addr="202.46.7.12" addrtype="ipv4"/><ports><port protocol="tcp" portid="5060"><state state="open" reason="syn-ack" reason_ttl="51"/></port></ports></host>
<host endtime="1733445334"><address addr="193.98.229.208" addrtype="ipv4"/><ports><port protocol="tcp" portid="5060"><state state="open" reason="syn-ack" reason_ttl="48"/></port></ports></host>
<host endtime="1733445338"><address addr="202.46.2.132" addrtype="ipv4"/><ports><port protocol="tcp" portid="5060"><state state="open" reason="syn-ack" reason_ttl="50"/></port></ports></host>
<host endtime="1733445341"><address addr="199.123.26.47" addrtype="ipv4"/><ports><port protocol="tcp" portid="5060"><state state="open" reason="syn-ack" reason_ttl="229"/></port></ports></host>
<host endtime="1733445341"><address addr="202.46.8.49" addrtype="ipv4"/><ports><port protocol="tcp" portid="5060"><state state="open" reason="syn-ack" reason_ttl="51"/></port></ports></host>
<host endtime="1733445343"><address addr="202.46.247.210" addrtype="ipv4"/><ports><port protocol="tcp" portid="5060"><state state="open" reason="syn-ack" reason_ttl="51"/></port></ports></host>
<host endtime="1733445344"><address addr="199.123.24.185" addrtype="ipv4"/><ports><port protocol="tcp" portid="5060"><state state="open" reason="syn-ack" reason_ttl="229"/></port></ports></host>
<host endtime="1733445347"><address addr="202.46.14.166" addrtype="ipv4"/><ports><port protocol="tcp" portid="5060"><state state="open" reason="syn-ack" reason_ttl="51"/></port></ports></host>
<host endtime="1733445348"><address addr="202.46.12.138" addrtype="ipv4"/><ports><port protocol="tcp" portid="5060"><state state="open" reason="syn-ack" reason_ttl="51"/></port></ports></host>
<host endtime="1733445348"><address addr="202.46.4.144" addrtype="ipv4"/><ports><port protocol="tcp" portid="5060"><state state="open" reason="syn-ack" reason_ttl="51"/></port></ports></host>
<host endtime="1733445349"><address addr="193.98.229.216" addrtype="ipv4"/><ports><port protocol="tcp" portid="5060"><state state="open" reason="syn-ack" reason_ttl="49"/></port></ports></host>
<host endtime="1733445350"><address addr="202.46.14.65" addrtype="ipv4"/><ports><port protocol="tcp" portid="5060"><state state="open" reason="syn-ack" reason_ttl="51"/></port></ports></host>
<host endtime="1733445351"><address addr="202.46.240.75" addrtype="ipv4"/><ports><port protocol="tcp" portid="5060"><state state="open" reason="syn-ack" reason_ttl="51"/></port></ports></host>
<host endtime="1733445352"><address addr="202.46.12.34" addrtype="ipv4"/><ports><port protocol="tcp" portid="5060"><state state="open" reason="syn-ack" reason_ttl="50"/></port></ports></host>
<host endtime="1733445352"><address addr="202.46.242.24" addrtype="ipv4"/><ports><port protocol="tcp" portid="5060"><state state="open" reason="syn-ack" reason_ttl="50"/></port></ports></host>
<host endtime="1733445356"><address addr="199.201.236.210" addrtype="ipv4"/><ports><port protocol="tcp" portid="5060"><state state="open" reason="syn-ack" reason_ttl="47"/></port></ports></host>
<host endtime="1733445356"><address addr="193.98.229.140" addrtype="ipv4"/><ports><port protocol="tcp" portid="5061"><state state="open" reason="syn-ack" reason_ttl="49"/></port></ports></host>
<host endtime="1733445357"><address addr="202.46.248.228" addrtype="ipv4"/><ports><port protocol="tcp" portid="5060"><state state="open" reason="syn-ack" reason_ttl="51"/></port></ports></host>
<host endtime="1733445358"><address addr="199.123.24.214" addrtype="ipv4"/><ports><port protocol="tcp" portid="5060"><state state="open" reason="syn-ack" reason_ttl="229"/></port></ports></host>
<host endtime="1733445361"><address addr="202.46.14.38" addrtype="ipv4"/><ports><port protocol="tcp" portid="5060"><state state="open" reason="syn-ack" reason_ttl="50"/></port></ports></host>
<host endtime="1733445362"><address addr="202.46.243.211" addrtype="ipv4"/><ports><port protocol="tcp" portid="5060"><state state="open" reason="syn-ack" reason_ttl="51"/></port></ports></host>
<host endtime="1733445362"><address addr="202.46.242.251" addrtype="ipv4"/><ports><port protocol="tcp" portid="5060"><state state="open" reason="syn-ack" reason_ttl="50"/></port></ports></host>
<host endtime="1733445363"><address addr="202.46.15.150" addrtype="ipv4"/><ports><port protocol="tcp" portid="5060"><state state="open" reason="syn-ack" reason_ttl="51"/></port></ports></host>
<host endtime="1733445364"><address addr="103.83.19.203" addrtype="ipv4"/><ports><port protocol="tcp" portid="5060"><state state="open" reason="syn-ack" reason_ttl="48"/></port></ports></host>
<host endtime="1733445367"><address addr="202.46.1.5" addrtype="ipv4"/><ports><port protocol="tcp" portid="5060"><state state="open" reason="syn-ack" reason_ttl="50"/></port></ports></host>
<host endtime="1733445367"><address addr="199.123.26.119" addrtype="ipv4"/><ports><port protocol="tcp" portid="5060"><state state="open" reason="syn-ack" reason_ttl="229"/></port></ports></host>
<host endtime="1733445368"><address addr="202.46.247.199" addrtype="ipv4"/><ports><port protocol="tcp" portid="5060"><state state="open" reason="syn-ack" reason_ttl="51"/></port></ports></host>
<host endtime="1733445371"><address addr="202.46.242.112" addrtype="ipv4"/><ports><port protocol="tcp" portid="5060"><state state="open" reason="syn-ack" reason_ttl="51"/></port></ports></host>
<host endtime="1733445371"><address addr="202.46.8.147" addrtype="ipv4"/><ports><port protocol="tcp" portid="5060"><state state="open" reason="syn-ack" reason_ttl="51"/></port></ports></host>
<host endtime="1733445374"><address addr="202.46.6.167" addrtype="ipv4"/><ports><port protocol="tcp" portid="5060"><state state="open" reason="syn-ack" reason_ttl="51"/></port></ports></host>
<host endtime="1733445374"><address addr="202.46.6.61" addrtype="ipv4"/><ports><port protocol="tcp" portid="5060"><state state="open" reason="syn-ack" reason_ttl="51"/></port></ports></host>
<host endtime="1733445383"><address addr="202.46.248.20" addrtype="ipv4"/><ports><port protocol="tcp" portid="5060"><state state="open" reason="syn-ack" reason_ttl="50"/></port></ports></host>
<host endtime="1733445383"><address addr="199.123.26.207" addrtype="ipv4"/><ports><port protocol="tcp" portid="5060"><state state="open" reason="syn-ack" reason_ttl="229"/></port></ports></host>
<host endtime="1733445390"><address addr="202.46.248.122" addrtype="ipv4"/><ports><port protocol="tcp" portid="5060"><state state="open" reason="syn-ack" reason_ttl="51"/></port></ports></host>
<host endtime="1733445392"><address addr="202.46.8.169" addrtype="ipv4"/><ports><port protocol="tcp" portid="5060"><state state="open" reason="syn-ack" reason_ttl="51"/></port></ports></host>
<host endtime="1733445393"><address addr="202.46.244.218" addrtype="ipv4"/><ports><port protocol="tcp" portid="5060"><state state="open" reason="syn-ack" reason_ttl="51"/></port></ports></host>
<host endtime="1733445395"><address addr="103.177.50.84" addrtype="ipv4"/><ports><port protocol="tcp" portid="5061"><state state="open" reason="syn-ack" reason_ttl="57"/></port></ports></host>
<host endtime="1733445396"><address addr="202.46.240.7" addrtype="ipv4"/><ports><port protocol="tcp" portid="5060"><state state="open" reason="syn-ack" reason_ttl="50"/></port></ports></host>
<host endtime="1733445398"><address addr="199.123.27.93" addrtype="ipv4"/><ports><port protocol="tcp" portid="5060"><state state="open" reason="syn-ack" reason_ttl="229"/></port></ports></host>
<host endtime="1733445404"><address addr="202.46.251.205" addrtype="ipv4"/><ports><port protocol="tcp" portid="5060"><state state="open" reason="syn-ack" reason_ttl="51"/></port></ports></host>
<host endtime="1733445405"><address addr="199.123.26.80" addrtype="ipv4"/><ports><port protocol="tcp" portid="5060"><state state="open" reason="syn-ack" reason_ttl="229"/></port></ports></host>
<host endtime="1733445406"><address addr="202.46.247.137" addrtype="ipv4"/><ports><port protocol="tcp" portid="5060"><state state="open" reason="syn-ack" reason_ttl="51"/></port></ports></host>
<host endtime="1733445406"><address addr="193.103.200.89" addrtype="ipv4"/><ports><port protocol="tcp" portid="5060"><state state="open" reason="syn-ack" reason_ttl="52"/></port></ports></host>
<host endtime="1733445407"><address addr="202.46.244.158" addrtype="ipv4"/><ports><port protocol="tcp" portid="5060"><state state="open" reason="syn-ack" reason_ttl="51"/></port></ports></host>
<host endtime="1733445408"><address addr="199.123.24.160" addrtype="ipv4"/><ports><port protocol="tcp" portid="5060"><state state="open" reason="syn-ack" reason_ttl="229"/></port></ports></host>
<host endtime="1733445410"><address addr="202.46.242.103" addrtype="ipv4"/><ports><port protocol="tcp" portid="5060"><state state="open" reason="syn-ack" reason_ttl="51"/></port></ports></host>
<host endtime="1733445411"><address addr="202.46.2.188" addrtype="ipv4"/><ports><port protocol="tcp" portid="5060"><state state="open" reason="syn-ack" reason_ttl="51"/></port></ports></host>
<host endtime="1733445413"><address addr="202.46.15.255" addrtype="ipv4"/><ports><port protocol="tcp" portid="5060"><state state="open" reason="syn-ack" reason_ttl="51"/></port></ports></host>
<host endtime="1733445416"><address addr="103.224.215.204" addrtype="ipv4"/><ports><port protocol="tcp" portid="5060"><state state="open" reason="syn-ack" reason_ttl="48"/></port></ports></host>
<host endtime="1733445419"><address addr="193.98.229.231" addrtype="ipv4"/><ports><port protocol="tcp" portid="5061"><state state="open" reason="syn-ack" reason_ttl="44"/></port></ports></host>
<host endtime="1733445420"><address addr="202.46.242.2" addrtype="ipv4"/><ports><port protocol="tcp" portid="5060"><state state="open" reason="syn-ack" reason_ttl="51"/></port></ports></host>
<host endtime="1733445421"><address addr="202.46.245.91" addrtype="ipv4"/><ports><port protocol="tcp" portid="5060"><state state="open" reason="syn-ack" reason_ttl="51"/></port></ports></host>
<host endtime="1733445422"><address addr="103.224.214.86" addrtype="ipv4"/><ports><port protocol="tcp" portid="5060"><state state="open" reason="syn-ack" reason_ttl="48"/></port></ports></host>
<host endtime="1733445423"><address addr="202.46.3.127" addrtype="ipv4"/><ports><port protocol="tcp" portid="5060"><state state="open" reason="syn-ack" reason_ttl="50"/></port></ports></host>
<host endtime="1733445424"><address addr="199.123.25.7" addrtype="ipv4"/><ports><port protocol="tcp" portid="5060"><state state="open" reason="syn-ack" reason_ttl="229"/></port></ports></host>
<host endtime="1733445425"><address addr="202.46.248.37" addrtype="ipv4"/><ports><port protocol="tcp" portid="5060"><state state="open" reason="syn-ack" reason_ttl="50"/></port></ports></host>
<host endtime="1733445425"><address addr="199.123.25.128" addrtype="ipv4"/><ports><port protocol="tcp" portid="5060"><state state="open" reason="syn-ack" reason_ttl="229"/></port></ports></host>
<host endtime="1733445427"><address addr="199.123.26.45" addrtype="ipv4"/><ports><port protocol="tcp" portid="5060"><state state="open" reason="syn-ack" reason_ttl="229"/></port></ports></host>
<host endtime="1733445431"><address addr="202.46.15.232" addrtype="ipv4"/><ports><port protocol="tcp" portid="5060"><state state="open" reason="syn-ack" reason_ttl="50"/></port></ports></host>
<host endtime="1733445431"><address addr="202.46.8.99" addrtype="ipv4"/><ports><port protocol="tcp" portid="5060"><state state="open" reason="syn-ack" reason_ttl="50"/></port></ports></host>
<host endtime="1733445432"><address addr="202.46.249.86" addrtype="ipv4"/><ports><port protocol="tcp" portid="5060"><state state="open" reason="syn-ack" reason_ttl="51"/></port></ports></host>
<host endtime="1733445433"><address addr="202.46.6.60" addrtype="ipv4"/><ports><port protocol="tcp" portid="5060"><state state="open" reason="syn-ack" reason_ttl="51"/></port></ports></host>
<host endtime="1733445435"><address addr="202.46.9.74" addrtype="ipv4"/><ports><port protocol="tcp" portid="5060"><state state="open" reason="syn-ack" reason_ttl="51"/></port></ports></host>
<host endtime="1733445437"><address addr="103.177.50.78" addrtype="ipv4"/><ports><port protocol="tcp" portid="5061"><state state="open" reason="syn-ack" reason_ttl="120"/></port></ports></host>
<host endtime="1733445440"><address addr="199.123.24.246" addrtype="ipv4"/><ports><port protocol="tcp" portid="5060"><state state="open" reason="syn-ack" reason_ttl="229"/></port></ports></host>
<host endtime="1733445443"><address addr="202.46.0.133" addrtype="ipv4"/><ports><port protocol="tcp" portid="5060"><state state="open" reason="syn-ack" reason_ttl="51"/></port></ports></host>
<host endtime="1733445444"><address addr="103.224.214.185" addrtype="ipv4"/><ports><port protocol="tcp" portid="5060"><state state="open" reason="syn-ack" reason_ttl="48"/></port></ports></host>
<host endtime="1733445446"><address addr="199.123.25.184" addrtype="ipv4"/><ports><port protocol="tcp" portid="5060"><state state="open" reason="syn-ack" reason_ttl="229"/></port></ports></host>
<host endtime="1733445446"><address addr="202.46.8.43" addrtype="ipv4"/><ports><port protocol="tcp" portid="5060"><state state="open" reason="syn-ack" reason_ttl="50"/></port></ports></host>
<host endtime="1733445449"><address addr="103.83.18.74" addrtype="ipv4"/><ports><port protocol="tcp" portid="5060"><state state="open" reason="syn-ack" reason_ttl="48"/></port></ports></host>
<host endtime="1733445450"><address addr="202.46.10.221" addrtype="ipv4"/><ports><port protocol="tcp" portid="5060"><state state="open" reason="syn-ack" reason_ttl="51"/></port></ports></host>
<host endtime="1733445455"><address addr="199.123.25.91" addrtype="ipv4"/><ports><port protocol="tcp" portid="5060"><state state="open" reason="syn-ack" reason_ttl="229"/></port></ports></host>
<host endtime="1733445455"><address addr="196.195.253.117" addrtype="ipv4"/><ports><port protocol="tcp" portid="5060"><state state="open" reason="syn-ack" reason_ttl="51"/></port></ports></host>
<host endtime="1733445455"><address addr="199.123.27.253" addrtype="ipv4"/><ports><port protocol="tcp" portid="5060"><state state="open" reason="syn-ack" reason_ttl="229"/></port></ports></host>
<host endtime="1733445457"><address addr="103.83.18.239" addrtype="ipv4"/><ports><port protocol="tcp" portid="5060"><state state="open" reason="syn-ack" reason_ttl="48"/></port></ports></host>
<host endtime="1733445459"><address addr="202.46.242.217" addrtype="ipv4"/><ports><port protocol="tcp" portid="5060"><state state="open" reason="syn-ack" reason_ttl="50"/></port></ports></host>
<host endtime="1733445459"><address addr="202.46.7.54" addrtype="ipv4"/><ports><port protocol="tcp" portid="5060"><state state="open" reason="syn-ack" reason_ttl="51"/></port></ports></host>
<host endtime="1733445460"><address addr="193.98.229.45" addrtype="ipv4"/><ports><port protocol="tcp" portid="5061"><state state="open" reason="syn-ack" reason_ttl="47"/></port></ports></host>
<host endtime="1733445462"><address addr="202.46.13.168" addrtype="ipv4"/><ports><port protocol="tcp" portid="5060"><state state="open" reason="syn-ack" reason_ttl="51"/></port></ports></host>
<host endtime="1733445464"><address addr="202.46.13.135" addrtype="ipv4"/><ports><port protocol="tcp" portid="5060"><state state="open" reason="syn-ack" reason_ttl="51"/></port></ports></host>
<host endtime="1733445466"><address addr="202.46.246.215" addrtype="ipv4"/><ports><port protocol="tcp" portid="5060"><state state="open" reason="syn-ack" reason_ttl="51"/></port></ports></host>
<host endtime="1733445468"><address addr="202.46.14.209" addrtype="ipv4"/><ports><port protocol="tcp" portid="5060"><state state="open" reason="syn-ack" reason_ttl="51"/></port></ports></host>
<host endtime="1733445469"><address addr="202.46.14.199" addrtype="ipv4"/><ports><port protocol="tcp" portid="5060"><state state="open" reason="syn-ack" reason_ttl="51"/></port></ports></host>
<host endtime="1733445470"><address addr="202.46.5.68" addrtype="ipv4"/><ports><port protocol="tcp" portid="5060"><state state="open" reason="syn-ack" reason_ttl="50"/></port></ports></host>
<host endtime="1733445471"><address addr="202.46.1.15" addrtype="ipv4"/><ports><port protocol="tcp" portid="5060"><state state="open" reason="syn-ack" reason_ttl="51"/></port></ports></host>
<host endtime="1733445473"><address addr="202.46.253.47" addrtype="ipv4"/><ports><port protocol="tcp" portid="5060"><state state="open" reason="syn-ack" reason_ttl="50"/></port></ports></host>
<host endtime="1733445474"><address addr="202.46.248.125" addrtype="ipv4"/><ports><port protocol="tcp" portid="5060"><state state="open" reason="syn-ack" reason_ttl="51"/></port></ports></host>
<host endtime="1733445479"><address addr="202.46.250.82" addrtype="ipv4"/><ports><port protocol="tcp" portid="5060"><state state="open" reason="syn-ack" reason_ttl="50"/></port></ports></host>
<host endtime="1733445481"><address addr="202.46.252.89" addrtype="ipv4"/><ports><port protocol="tcp" portid="5060"><state state="open" reason="syn-ack" reason_ttl="50"/></port></ports></host>
<host endtime="1733445482"><address addr="202.46.9.6" addrtype="ipv4"/><ports><port protocol="tcp" portid="5060"><state state="open" reason="syn-ack" reason_ttl="51"/></port></ports></host>
<host endtime="1733445483"><address addr="202.46.14.21" addrtype="ipv4"/><ports><port protocol="tcp" portid="5060"><state state="open" reason="syn-ack" reason_ttl="51"/></port></ports></host>
<host endtime="1733445484"><address addr="202.46.11.192" addrtype="ipv4"/><ports><port protocol="tcp" portid="5060"><state state="open" reason="syn-ack" reason_ttl="51"/></port></ports></host>
<host endtime="1733445488"><address addr="202.46.1.16" addrtype="ipv4"/><ports><port protocol="tcp" portid="5060"><state state="open" reason="syn-ack" reason_ttl="50"/></port></ports></host>
<host endtime="1733445497"><address addr="193.98.229.22" addrtype="ipv4"/><ports><port protocol="tcp" portid="5060"><state state="open" reason="syn-ack" reason_ttl="49"/></port></ports></host>
<host endtime="1733445499"><address addr="202.46.240.245" addrtype="ipv4"/><ports><port protocol="tcp" portid="5060"><state state="open" reason="syn-ack" reason_ttl="51"/></port></ports></host>
<host endtime="1733445499"><address addr="202.46.254.222" addrtype="ipv4"/><ports><port protocol="tcp" portid="5060"><state state="open" reason="syn-ack" reason_ttl="50"/></port></ports></host>
<host endtime="1733445501"><address addr="202.46.248.87" addrtype="ipv4"/><ports><port protocol="tcp" portid="5060"><state state="open" reason="syn-ack" reason_ttl="51"/></port></ports></host>
<host endtime="1733445503"><address addr="199.201.237.190" addrtype="ipv4"/><ports><port protocol="tcp" portid="5060"><state state="open" reason="syn-ack" reason_ttl="47"/></port></ports></host>
<host endtime="1733445504"><address addr="199.123.27.180" addrtype="ipv4"/><ports><port protocol="tcp" portid="5060"><state state="open" reason="syn-ack" reason_ttl="229"/></port></ports></host>
<host endtime="1733445504"><address addr="202.46.240.162" addrtype="ipv4"/><ports><port protocol="tcp" portid="5060"><state state="open" reason="syn-ack" reason_ttl="51"/></port></ports></host>
<host endtime="1733445505"><address addr="202.46.0.125" addrtype="ipv4"/><ports><port protocol="tcp" portid="5060"><state state="open" reason="syn-ack" reason_ttl="51"/></port></ports></host>
<host endtime="1733445506"><address addr="202.46.252.51" addrtype="ipv4"/><ports><port protocol="tcp" portid="5060"><state state="open" reason="syn-ack" reason_ttl="51"/></port></ports></host>
<host endtime="1733445509"><address addr="202.46.12.159" addrtype="ipv4"/><ports><port protocol="tcp" portid="5060"><state state="open" reason="syn-ack" reason_ttl="51"/></port></ports></host>
<host endtime="1733445510"><address addr="202.46.8.39" addrtype="ipv4"/><ports><port protocol="tcp" portid="5060"><state state="open" reason="syn-ack" reason_ttl="51"/></port></ports></host>
<host endtime="1733445512"><address addr="202.46.251.111" addrtype="ipv4"/><ports><port protocol="tcp" portid="5060"><state state="open" reason="syn-ack" reason_ttl="50"/></port></ports></host>
<host endtime="1733445514"><address addr="103.224.215.53" addrtype="ipv4"/><ports><port protocol="tcp" portid="5060"><state state="open" reason="syn-ack" reason_ttl="48"/></port></ports></host>
<host endtime="1733445515"><address addr="202.46.254.85" addrtype="ipv4"/><ports><port protocol="tcp" portid="5060"><state state="open" reason="syn-ack" reason_ttl="51"/></port></ports></host>
<host endtime="1733445516"><address addr="199.201.236.134" addrtype="ipv4"/><ports><port protocol="tcp" portid="5060"><state state="open" reason="syn-ack" reason_ttl="47"/></port></ports></host>
<host endtime="1733445519"><address addr="202.46.243.153" addrtype="ipv4"/><ports><port protocol="tcp" portid="5060"><state state="open" reason="syn-ack" reason_ttl="51"/></port></ports></host>
<host endtime="1733445521"><address addr="199.201.236.161" addrtype="ipv4"/><ports><port protocol="tcp" portid="5060"><state state="open" reason="syn-ack" reason_ttl="47"/></port></ports></host>
<host endtime="1733445521"><address addr="202.46.242.135" addrtype="ipv4"/><ports><port protocol="tcp" portid="5060"><state state="open" reason="syn-ack" reason_ttl="51"/></port></ports></host>
<host endtime="1733445522"><address addr="202.46.3.105" addrtype="ipv4"/><ports><port protocol="tcp" portid="5060"><state state="open" reason="syn-ack" reason_ttl="50"/></port></ports></host>
<host endtime="1733445524"><address addr="202.46.10.31" addrtype="ipv4"/><ports><port protocol="tcp" portid="5060"><state state="open" reason="syn-ack" reason_ttl="50"/></port></ports></host>
<host endtime="1733445527"><address addr="202.46.2.251" addrtype="ipv4"/><ports><port protocol="tcp" portid="5060"><state state="open" reason="syn-ack" reason_ttl="51"/></port></ports></host>
<host endtime="1733445528"><address addr="202.46.14.183" addrtype="ipv4"/><ports><port protocol="tcp" portid="5060"><state state="open" reason="syn-ack" reason_ttl="51"/></port></ports></host>
<host endtime="1733445528"><address addr="202.46.0.222" addrtype="ipv4"/><ports><port protocol="tcp" portid="5060"><state state="open" reason="syn-ack" reason_ttl="50"/></port></ports></host>
<host endtime="1733445530"><address addr="202.46.9.191" addrtype="ipv4"/><ports><port protocol="tcp" portid="5060"><state state="open" reason="syn-ack" reason_ttl="51"/></port></ports></host>
<host endtime="1733445534"><address addr="193.103.200.120" addrtype="ipv4"/><ports><port protocol="tcp" portid="5060"><state state="open" reason="syn-ack" reason_ttl="52"/></port></ports></host>
<host endtime="1733445536"><address addr="103.224.214.153" addrtype="ipv4"/><ports><port protocol="tcp" portid="5060"><state state="open" reason="syn-ack" reason_ttl="48"/></port></ports></host>
<host endtime="1733445538"><address addr="199.201.237.207" addrtype="ipv4"/><ports><port protocol="tcp" portid="5060"><state state="open" reason="syn-ack" reason_ttl="47"/></port></ports></host>
<host endtime="1733445539"><address addr="202.46.245.15" addrtype="ipv4"/><ports><port protocol="tcp" portid="5060"><state state="open" reason="syn-ack" reason_ttl="50"/></port></ports></host>
<host endtime="1733445542"><address addr="202.46.255.120" addrtype="ipv4"/><ports><port protocol="tcp" portid="5060"><state state="open" reason="syn-ack" reason_ttl="51"/></port></ports></host>
<host endtime="1733445542"><address addr="199.201.237.231" addrtype="ipv4"/><ports><port protocol="tcp" portid="5060"><state state="open" reason="syn-ack" reason_ttl="47"/></port></ports></host>
<host endtime="1733445544"><address addr="202.46.7.33" addrtype="ipv4"/><ports><port protocol="tcp" portid="5060"><state state="open" reason="syn-ack" reason_ttl="51"/></port></ports></host>
<host endtime="1733445545"><address addr="202.46.0.32" addrtype="ipv4"/><ports><port protocol="tcp" portid="5060"><state state="open" reason="syn-ack" reason_ttl="51"/></port></ports></host>
<host endtime="1733445549"><address addr="199.123.26.193" addrtype="ipv4"/><ports><port protocol="tcp" portid="5060"><state state="open" reason="syn-ack" reason_ttl="229"/></port></ports></host>
<host endtime="1733445550"><address addr="202.46.1.245" addrtype="ipv4"/><ports><port protocol="tcp" portid="5060"><state state="open" reason="syn-ack" reason_ttl="51"/></port></ports></host>
<host endtime="1733445551"><address addr="202.46.5.234" addrtype="ipv4"/><ports><port protocol="tcp" portid="5060"><state state="open" reason="syn-ack" reason_ttl="51"/></port></ports></host>
<host endtime="1733445552"><address addr="202.46.254.111" addrtype="ipv4"/><ports><port protocol="tcp" portid="5060"><state state="open" reason="syn-ack" reason_ttl="51"/></port></ports></host>
<host endtime="1733445552"><address addr="202.46.12.105" addrtype="ipv4"/><ports><port protocol="tcp" portid="5060"><state state="open" reason="syn-ack" reason_ttl="51"/></port></ports></host>
<host endtime="1733445557"><address addr="202.46.240.157" addrtype="ipv4"/><ports><port protocol="tcp" portid="5060"><state state="open" reason="syn-ack" reason_ttl="51"/></port></ports></host>
<host endtime="1733445557"><address addr="202.46.250.105" addrtype="ipv4"/><ports><port protocol="tcp" portid="5060"><state state="open" reason="syn-ack" reason_ttl="51"/></port></ports></host>
<host endtime="1733445557"><address addr="199.123.25.160" addrtype="ipv4"/><ports><port protocol="tcp" portid="5060"><state state="open" reason="syn-ack" reason_ttl="229"/></port></ports></host>
<host endtime="1733445559"><address addr="103.83.19.155" addrtype="ipv4"/><ports><port protocol="tcp" portid="5060"><state state="open" reason="syn-ack" reason_ttl="48"/></port></ports></host>
<host endtime="1733445560"><address addr="199.123.24.217" addrtype="ipv4"/><ports><port protocol="tcp" portid="5060"><state state="open" reason="syn-ack" reason_ttl="229"/></port></ports></host>
<host endtime="1733445563"><address addr="202.46.11.23" addrtype="ipv4"/><ports><port protocol="tcp" portid="5060"><state state="open" reason="syn-ack" reason_ttl="51"/></port></ports></host>
<host endtime="1733445564"><address addr="193.103.200.36" addrtype="ipv4"/><ports><port protocol="tcp" portid="5060"><state state="open" reason="syn-ack" reason_ttl="54"/></port></ports></host>
<host endtime="1733445569"><address addr="199.201.237.24" addrtype="ipv4"/><ports><port protocol="tcp" portid="5060"><state state="open" reason="syn-ack" reason_ttl="47"/></port></ports></host>
<host endtime="1733445570"><address addr="199.123.27.160" addrtype="ipv4"/><ports><port protocol="tcp" portid="5060"><state state="open" reason="syn-ack" reason_ttl="229"/></port></ports></host>
<host endtime="1733445572"><address addr="202.46.250.236" addrtype="ipv4"/><ports><port protocol="tcp" portid="5060"><state state="open" reason="syn-ack" reason_ttl="51"/></port></ports></host>
<host endtime="1733445572"><address addr="193.98.229.9" addrtype="ipv4"/><ports><port protocol="tcp" portid="5060"><state state="open" reason="syn-ack" reason_ttl="48"/></port></ports></host>
<host endtime="1733445572"><address addr="103.224.214.160" addrtype="ipv4"/><ports><port protocol="tcp" portid="5060"><state state="open" reason="syn-ack" reason_ttl="48"/></port></ports></host>
<host endtime="1733445572"><address addr="202.46.253.180" addrtype="ipv4"/><ports><port protocol="tcp" portid="5060"><state state="open" reason="syn-ack" reason_ttl="51"/></port></ports></host>
<host endtime="1733445572"><address addr="202.46.247.114" addrtype="ipv4"/><ports><port protocol="tcp" portid="5060"><state state="open" reason="syn-ack" reason_ttl="51"/></port></ports></host>
<host endtime="1733445573"><address addr="202.46.4.157" addrtype="ipv4"/><ports><port protocol="tcp" portid="5060"><state state="open" reason="syn-ack" reason_ttl="51"/></port></ports></host>
<host endtime="1733445577"><address addr="202.46.3.101" addrtype="ipv4"/><ports><port protocol="tcp" portid="5061"><state state="open" reason="syn-ack" reason_ttl="50"/></port></ports></host>
<host endtime="1733445578"><address addr="202.46.3.101" addrtype="ipv4"/><ports><port protocol="tcp" portid="5060"><state state="open" reason="syn-ack" reason_ttl="51"/></port></ports></host>
<host endtime="1733445578"><address addr="202.46.249.18" addrtype="ipv4"/><ports><port protocol="tcp" portid="5060"><state state="open" reason="syn-ack" reason_ttl="51"/></port></ports></host>
<host endtime="1733445580"><address addr="202.46.252.128" addrtype="ipv4"/><ports><port protocol="tcp" portid="5060"><state state="open" reason="syn-ack" reason_ttl="51"/></port></ports></host>
<host endtime="1733445581"><address addr="199.123.24.140" addrtype="ipv4"/><ports><port protocol="tcp" portid="5060"><state state="open" reason="syn-ack" reason_ttl="229"/></port></ports></host>
<host endtime="1733445581"><address addr="103.83.18.208" addrtype="ipv4"/><ports><port protocol="tcp" portid="5060"><state state="open" reason="syn-ack" reason_ttl="48"/></port></ports></host>
<host endtime="1733445583"><address addr="202.46.247.212" addrtype="ipv4"/><ports><port protocol="tcp" portid="5060"><state state="open" reason="syn-ack" reason_ttl="51"/></port></ports></host>
<host endtime="1733445585"><address addr="202.46.255.186" addrtype="ipv4"/><ports><port protocol="tcp" portid="5060"><state state="open" reason="syn-ack" reason_ttl="51"/></port></ports></host>
<host endtime="1733445585"><address addr="199.123.24.83" addrtype="ipv4"/><ports><port protocol="tcp" portid="5060"><state state="open" reason="syn-ack" reason_ttl="229"/></port></ports></host>
<host endtime="1733445587"><address addr="193.98.229.66" addrtype="ipv4"/><ports><port protocol="tcp" portid="5060"><state state="open" reason="syn-ack" reason_ttl="44"/></port></ports></host>
<host endtime="1733445589"><address addr="202.46.5.102" addrtype="ipv4"/><ports><port protocol="tcp" portid="5060"><state state="open" reason="syn-ack" reason_ttl="51"/></port></ports></host>
<host endtime="1733445595"><address addr="202.46.254.77" addrtype="ipv4"/><ports><port protocol="tcp" portid="5060"><state state="open" reason="syn-ack" reason_ttl="50"/></port></ports></host>
<host endtime="1733445596"><address addr="202.46.252.46" addrtype="ipv4"/><ports><port protocol="tcp" portid="5060"><state state="open" reason="syn-ack" reason_ttl="51"/></port></ports></host>
<host endtime="1733445600"><address addr="199.123.26.91" addrtype="ipv4"/><ports><port protocol="tcp" portid="5060"><state state="open" reason="syn-ack" reason_ttl="229"/></port></ports></host>
<host endtime="1733445602"><address addr="193.98.229.254" addrtype="ipv4"/><ports><port protocol="tcp" portid="5061"><state state="open" reason="syn-ack" reason_ttl="44"/></port></ports></host>
<host endtime="1733445603"><address addr="193.98.229.34" addrtype="ipv4"/><ports><port protocol="tcp" portid="5061"><state state="open" reason="syn-ack" reason_ttl="48"/></port></ports></host>
<host endtime="1733445603"><address addr="202.46.0.35" addrtype="ipv4"/><ports><port protocol="tcp" portid="5060"><state state="open" reason="syn-ack" reason_ttl="50"/></port></ports></host>
<host endtime="1733445605"><address addr="202.46.12.33" addrtype="ipv4"/><ports><port protocol="tcp" portid="5060"><state state="open" reason="syn-ack" reason_ttl="50"/></port></ports></host>
<host endtime="1733445606"><address addr="202.46.255.128" addrtype="ipv4"/><ports><port protocol="tcp" portid="5060"><state state="open" reason="syn-ack" reason_ttl="51"/></port></ports></host>
<host endtime="1733445607"><address addr="103.83.19.108" addrtype="ipv4"/><ports><port protocol="tcp" portid="5060"><state state="open" reason="syn-ack" reason_ttl="48"/></port></ports></host>
<host endtime="1733445608"><address addr="202.46.9.13" addrtype="ipv4"/><ports><port protocol="tcp" portid="5060"><state state="open" reason="syn-ack" reason_ttl="51"/></port></ports></host>
<host endtime="1733445610"><address addr="202.46.10.97" addrtype="ipv4"/><ports><port protocol="tcp" portid="5060"><state state="open" reason="syn-ack" reason_ttl="51"/></port></ports></host>
<host endtime="1733445611"><address addr="103.177.50.29" addrtype="ipv4"/><ports><port protocol="tcp" portid="5061"><state state="open" reason="syn-ack" reason_ttl="57"/></port></ports></host>
<host endtime="1733445615"><address addr="202.46.253.144" addrtype="ipv4"/><ports><port protocol="tcp" portid="5060"><state state="open" reason="syn-ack" reason_ttl="51"/></port></ports></host>
<host endtime="1733445615"><address addr="202.46.252.53" addrtype="ipv4"/><ports><port protocol="tcp" portid="5060"><state state="open" reason="syn-ack" reason_ttl="50"/></port></ports></host>
<host endtime="1733445622"><address addr="202.46.0.232" addrtype="ipv4"/><ports><port protocol="tcp" portid="5060"><state state="open" reason="syn-ack" reason_ttl="51"/></port></ports></host>
<host endtime="1733445622"><address addr="202.46.8.241" addrtype="ipv4"/><ports><port protocol="tcp" portid="5060"><state state="open" reason="syn-ack" reason_ttl="51"/></port></ports></host>
<host endtime="1733445624"><address addr="202.46.250.219" addrtype="ipv4"/><ports><port protocol="tcp" portid="5060"><state state="open" reason="syn-ack" reason_ttl="50"/></port></ports></host>
<host endtime="1733445627"><address addr="199.201.237.165" addrtype="ipv4"/><ports><port protocol="tcp" portid="5060"><state state="open" reason="syn-ack" reason_ttl="47"/></port></ports></host>
<host endtime="1733445632"><address addr="103.83.18.246" addrtype="ipv4"/><ports><port protocol="tcp" portid="5060"><state state="open" reason="syn-ack" reason_ttl="48"/></port></ports></host>
<host endtime="1733445635"><address addr="202.46.248.195" addrtype="ipv4"/><ports><port protocol="tcp" portid="5060"><state state="open" reason="syn-ack" reason_ttl="51"/></port></ports></host>
<host endtime="1733445635"><address addr="202.46.242.126" addrtype="ipv4"/><ports><port protocol="tcp" portid="5060"><state state="open" reason="syn-ack" reason_ttl="51"/></port></ports></host>
<host endtime="1733445635"><address addr="199.201.236.54" addrtype="ipv4"/><ports><port protocol="tcp" portid="5060"><state state="open" reason="syn-ack" reason_ttl="47"/></port></ports></host>
<host endtime="1733445636"><address addr="202.46.249.35" addrtype="ipv4"/><ports><port protocol="tcp" portid="5060"><state state="open" reason="syn-ack" reason_ttl="51"/></port></ports></host>
<host endtime="1733445639"><address addr="202.46.3.203" addrtype="ipv4"/><ports><port protocol="tcp" portid="5060"><state state="open" reason="syn-ack" reason_ttl="51"/></port></ports></host>
<host endtime="1733445642"><address addr="202.46.4.145" addrtype="ipv4"/><ports><port protocol="tcp" portid="5060"><state state="open" reason="syn-ack" reason_ttl="51"/></port></ports></host>
<host endtime="1733445644"><address addr="103.224.214.211" addrtype="ipv4"/><ports><port protocol="tcp" portid="5060"><state state="open" reason="syn-ack" reason_ttl="48"/></port></ports></host>
<host endtime="1733445644"><address addr="202.46.8.217" addrtype="ipv4"/><ports><port protocol="tcp" portid="5060"><state state="open" reason="syn-ack" reason_ttl="50"/></port></ports></host>
<host endtime="1733445645"><address addr="202.46.253.234" addrtype="ipv4"/><ports><port protocol="tcp" portid="5060"><state state="open" reason="syn-ack" reason_ttl="51"/></port></ports></host>
<host endtime="1733445646"><address addr="202.46.255.46" addrtype="ipv4"/><ports><port protocol="tcp" portid="5060"><state state="open" reason="syn-ack" reason_ttl="51"/></port></ports></host>
<host endtime="1733445647"><address addr="202.46.240.248" addrtype="ipv4"/><ports><port protocol="tcp" portid="5060"><state state="open" reason="syn-ack" reason_ttl="51"/></port></ports></host>
<host endtime="1733445649"><address addr="202.46.245.101" addrtype="ipv4"/><ports><port protocol="tcp" portid="5060"><state state="open" reason="syn-ack" reason_ttl="51"/></port></ports></host>
<host endtime="1733445651"><address addr="202.46.245.11" addrtype="ipv4"/><ports><port protocol="tcp" portid="5060"><state state="open" reason="syn-ack" reason_ttl="51"/></port></ports></host>
<host endtime="1733445653"><address addr="202.46.15.43" addrtype="ipv4"/><ports><port protocol="tcp" portid="5060"><state state="open" reason="syn-ack" reason_ttl="51"/></port></ports></host>
<host endtime="1733445653"><address addr="199.123.24.187" addrtype="ipv4"/><ports><port protocol="tcp" portid="5060"><state state="open" reason="syn-ack" reason_ttl="229"/></port></ports></host>
<host endtime="1733445655"><address addr="103.83.19.196" addrtype="ipv4"/><ports><port protocol="tcp" portid="5060"><state state="open" reason="syn-ack" reason_ttl="48"/></port></ports></host>
<host endtime="1733445657"><address addr="202.46.0.54" addrtype="ipv4"/><ports><port protocol="tcp" portid="5060"><state state="open" reason="syn-ack" reason_ttl="51"/></port></ports></host>
<host endtime="1733445659"><address addr="66.159.102.99" addrtype="ipv4"/><ports><port protocol="tcp" portid="5060"><state state="open" reason="syn-ack" reason_ttl="51"/></port></ports></host>
<host endtime="1733445659"><address addr="202.46.6.204" addrtype="ipv4"/><ports><port protocol="tcp" portid="5060"><state state="open" reason="syn-ack" reason_ttl="51"/></port></ports></host>
<host endtime="1733445661"><address addr="202.46.10.73" addrtype="ipv4"/><ports><port protocol="tcp" portid="5060"><state state="open" reason="syn-ack" reason_ttl="51"/></port></ports></host>
<host endtime="1733445662"><address addr="202.46.247.227" addrtype="ipv4"/><ports><port protocol="tcp" portid="5060"><state state="open" reason="syn-ack" reason_ttl="51"/></port></ports></host>
<host endtime="1733445667"><address addr="202.46.248.80" addrtype="ipv4"/><ports><port protocol="tcp" portid="5060"><state state="open" reason="syn-ack" reason_ttl="51"/></port></ports></host>
<host endtime="1733445670"><address addr="199.123.24.111" addrtype="ipv4"/><ports><port protocol="tcp" portid="5060"><state state="open" reason="syn-ack" reason_ttl="229"/></port></ports></host>
<host endtime="1733445671"><address addr="202.46.242.122" addrtype="ipv4"/><ports><port protocol="tcp" portid="5060"><state state="open" reason="syn-ack" reason_ttl="51"/></port></ports></host>
<host endtime="1733445671"><address addr="202.46.4.252" addrtype="ipv4"/><ports><port protocol="tcp" portid="5060"><state state="open" reason="syn-ack" reason_ttl="50"/></port></ports></host>
<host endtime="1733445675"><address addr="202.46.250.55" addrtype="ipv4"/><ports><port protocol="tcp" portid="5060"><state state="open" reason="syn-ack" reason_ttl="50"/></port></ports></host>
<host endtime="1733445677"><address addr="202.46.255.107" addrtype="ipv4"/><ports><port protocol="tcp" portid="5060"><state state="open" reason="syn-ack" reason_ttl="51"/></port></ports></host>
<host endtime="1733445677"><address addr="202.46.3.26" addrtype="ipv4"/><ports><port protocol="tcp" portid="5060"><state state="open" reason="syn-ack" reason_ttl="51"/></port></ports></host>
<host endtime="1733445680"><address addr="202.46.2.178" addrtype="ipv4"/><ports><port protocol="tcp" portid="5060"><state state="open" reason="syn-ack" reason_ttl="50"/></port></ports></host>
<host endtime="1733445680"><address addr="202.46.1.222" addrtype="ipv4"/><ports><port protocol="tcp" portid="5060"><state state="open" reason="syn-ack" reason_ttl="50"/></port></ports></host>
<host endtime="1733445680"><address addr="202.46.4.246" addrtype="ipv4"/><ports><port protocol="tcp" portid="5060"><state state="open" reason="syn-ack" reason_ttl="51"/></port></ports></host>
<host endtime="1733445683"><address addr="103.83.19.44" addrtype="ipv4"/><ports><port protocol="tcp" portid="5060"><state state="open" reason="syn-ack" reason_ttl="48"/></port></ports></host>
<host endtime="1733445685"><address addr="202.46.3.80" addrtype="ipv4"/><ports><port protocol="tcp" portid="5060"><state state="open" reason="syn-ack" reason_ttl="50"/></port></ports></host>
<host endtime="1733445686"><address addr="202.46.243.122" addrtype="ipv4"/><ports><port protocol="tcp" portid="5060"><state state="open" reason="syn-ack" reason_ttl="51"/></port></ports></host>
<host endtime="1733445689"><address addr="202.46.10.3" addrtype="ipv4"/><ports><port protocol="tcp" portid="5060"><state state="open" reason="syn-ack" reason_ttl="51"/></port></ports></host>
<host endtime="1733445692"><address addr="202.46.11.44" addrtype="ipv4"/><ports><port protocol="tcp" portid="5060"><state state="open" reason="syn-ack" reason_ttl="51"/></port></ports></host>
<host endtime="1733445692"><address addr="103.224.215.178" addrtype="ipv4"/><ports><port protocol="tcp" portid="5060"><state state="open" reason="syn-ack" reason_ttl="48"/></port></ports></host>
<host endtime="1733445693"><address addr="202.46.248.246" addrtype="ipv4"/><ports><port protocol="tcp" portid="5060"><state state="open" reason="syn-ack" reason_ttl="51"/></port></ports></host>
<host endtime="1733445693"><address addr="202.46.10.253" addrtype="ipv4"/><ports><port protocol="tcp" portid="5061"><state state="open" reason="syn-ack" reason_ttl="50"/></port></ports></host>
<host endtime="1733445693"><address addr="103.110.61.3" addrtype="ipv4"/><ports><port protocol="tcp" portid="5061"><state state="open" reason="syn-ack" reason_ttl="242"/></port></ports></host>
<host endtime="1733445697"><address addr="202.46.14.120" addrtype="ipv4"/><ports><port protocol="tcp" portid="5060"><state state="open" reason="syn-ack" reason_ttl="51"/></port></ports></host>
<host endtime="1733445698"><address addr="202.46.5.153" addrtype="ipv4"/><ports><port protocol="tcp" portid="5060"><state state="open" reason="syn-ack" reason_ttl="51"/></port></ports></host>
<host endtime="1733445699"><address addr="202.46.250.91" addrtype="ipv4"/><ports><port protocol="tcp" portid="5060"><state state="open" reason="syn-ack" reason_ttl="51"/></port></ports></host>
<host endtime="1733445699"><address addr="199.123.26.194" addrtype="ipv4"/><ports><port protocol="tcp" portid="5060"><state state="open" reason="syn-ack" reason_ttl="229"/></port></ports></host>
<host endtime="1733445700"><address addr="193.98.229.213" addrtype="ipv4"/><ports><port protocol="tcp" portid="5061"><state state="open" reason="syn-ack" reason_ttl="44"/></port></ports></host>
<host endtime="1733445702"><address addr="103.83.18.18" addrtype="ipv4"/><ports><port protocol="tcp" portid="5060"><state state="open" reason="syn-ack" reason_ttl="48"/></port></ports></host>
<host endtime="1733445704"><address addr="199.123.27.146" addrtype="ipv4"/><ports><port protocol="tcp" portid="5060"><state state="open" reason="syn-ack" reason_ttl="229"/></port></ports></host>
<host endtime="1733445704"><address addr="202.46.15.235" addrtype="ipv4"/><ports><port protocol="tcp" portid="5060"><state state="open" reason="syn-ack" reason_ttl="51"/></port></ports></host>
<host endtime="1733445704"><address addr="202.46.2.129" addrtype="ipv4"/><ports><port protocol="tcp" portid="5060"><state state="open" reason="syn-ack" reason_ttl="51"/></port></ports></host>
<host endtime="1733445705"><address addr="202.46.242.142" addrtype="ipv4"/><ports><port protocol="tcp" portid="5060"><state state="open" reason="syn-ack" reason_ttl="51"/></port></ports></host>
<host endtime="1733445708"><address addr="199.123.25.22" addrtype="ipv4"/><ports><port protocol="tcp" portid="5060"><state state="open" reason="syn-ack" reason_ttl="229"/></port></ports></host>
<host endtime="1733445713"><address addr="199.123.25.140" addrtype="ipv4"/><ports><port protocol="tcp" portid="5060"><state state="open" reason="syn-ack" reason_ttl="229"/></port></ports></host>
<host endtime="1733445714"><address addr="202.46.241.135" addrtype="ipv4"/><ports><port protocol="tcp" portid="5060"><state state="open" reason="syn-ack" reason_ttl="50"/></port></ports></host>
<host endtime="1733445716"><address addr="202.46.13.195" addrtype="ipv4"/><ports><port protocol="tcp" portid="5060"><state state="open" reason="syn-ack" reason_ttl="51"/></port></ports></host>
<host endtime="1733445717"><address addr="202.46.251.107" addrtype="ipv4"/><ports><port protocol="tcp" portid="5060"><state state="open" reason="syn-ack" reason_ttl="51"/></port></ports></host>
<host endtime="1733445720"><address addr="202.46.3.5" addrtype="ipv4"/><ports><port protocol="tcp" portid="5060"><state state="open" reason="syn-ack" reason_ttl="50"/></port></ports></host>
<host endtime="1733445722"><address addr="202.46.12.255" addrtype="ipv4"/><ports><port protocol="tcp" portid="5060"><state state="open" reason="syn-ack" reason_ttl="50"/></port></ports></host>
<host endtime="1733445723"><address addr="202.46.7.169" addrtype="ipv4"/><ports><port protocol="tcp" portid="5060"><state state="open" reason="syn-ack" reason_ttl="51"/></port></ports></host>
<host endtime="1733445723"><address addr="199.123.24.184" addrtype="ipv4"/><ports><port protocol="tcp" portid="5060"><state state="open" reason="syn-ack" reason_ttl="229"/></port></ports></host>
<host endtime="1733445727"><address addr="199.201.237.229" addrtype="ipv4"/><ports><port protocol="tcp" portid="5060"><state state="open" reason="syn-ack" reason_ttl="47"/></port></ports></host>
<host endtime="1733445727"><address addr="202.46.1.106" addrtype="ipv4"/><ports><port protocol="tcp" portid="5060"><state state="open" reason="syn-ack" reason_ttl="50"/></port></ports></host>
<host endtime="1733445729"><address addr="202.46.5.106" addrtype="ipv4"/><ports><port protocol="tcp" portid="5060"><state state="open" reason="syn-ack" reason_ttl="50"/></port></ports></host>
<host endtime="1733445730"><address addr="202.46.7.203" addrtype="ipv4"/><ports><port protocol="tcp" portid="5060"><state state="open" reason="syn-ack" reason_ttl="51"/></port></ports></host>
<host endtime="1733445731"><address addr="103.83.19.208" addrtype="ipv4"/><ports><port protocol="tcp" portid="5060"><state state="open" reason="syn-ack" reason_ttl="48"/></port></ports></host>
<host endtime="1733445736"><address addr="202.46.7.182" addrtype="ipv4"/><ports><port protocol="tcp" portid="5060"><state state="open" reason="syn-ack" reason_ttl="51"/></port></ports></host>
<host endtime="1733445736"><address addr="202.46.7.159" addrtype="ipv4"/><ports><port protocol="tcp" portid="5060"><state state="open" reason="syn-ack" reason_ttl="50"/></port></ports></host>
<host endtime="1733445737"><address addr="202.46.251.172" addrtype="ipv4"/><ports><port protocol="tcp" portid="5060"><state state="open" reason="syn-ack" reason_ttl="50"/></port></ports></host>
<host endtime="1733445739"><address addr="202.46.12.31" addrtype="ipv4"/><ports><port protocol="tcp" portid="5060"><state state="open" reason="syn-ack" reason_ttl="50"/></port></ports></host>
<host endtime="1733445743"><address addr="202.46.240.158" addrtype="ipv4"/><ports><port protocol="tcp" portid="5060"><state state="open" reason="syn-ack" reason_ttl="51"/></port></ports></host>
<host endtime="1733445744"><address addr="202.46.15.55" addrtype="ipv4"/><ports><port protocol="tcp" portid="5060"><state state="open" reason="syn-ack" reason_ttl="51"/></port></ports></host>
<host endtime="1733445746"><address addr="193.98.229.76" addrtype="ipv4"/><ports><port protocol="tcp" portid="5060"><state state="open" reason="syn-ack" reason_ttl="49"/></port></ports></host>
<host endtime="1733445747"><address addr="202.46.7.219" addrtype="ipv4"/><ports><port protocol="tcp" portid="5060"><state state="open" reason="syn-ack" reason_ttl="51"/></port></ports></host>
<host endtime="1733445748"><address addr="202.46.249.234" addrtype="ipv4"/><ports><port protocol="tcp" portid="5060"><state state="open" reason="syn-ack" reason_ttl="51"/></port></ports></host>
<host endtime="1733445751"><address addr="202.46.8.105" addrtype="ipv4"/><ports><port protocol="tcp" portid="5060"><state state="open" reason="syn-ack" reason_ttl="51"/></port></ports></host>
<host endtime="1733445753"><address addr="202.46.240.173" addrtype="ipv4"/><ports><port protocol="tcp" portid="5060"><state state="open" reason="syn-ack" reason_ttl="50"/></port></ports></host>
<host endtime="1733445754"><address addr="202.46.13.74" addrtype="ipv4"/><ports><port protocol="tcp" portid="5060"><state state="open" reason="syn-ack" reason_ttl="51"/></port></ports></host>
<host endtime="1733445755"><address addr="202.46.255.49" addrtype="ipv4"/><ports><port protocol="tcp" portid="5060"><state state="open" reason="syn-ack" reason_ttl="50"/></port></ports></host>
<host endtime="1733445756"><address addr="199.123.24.94" addrtype="ipv4"/><ports><port protocol="tcp" portid="5060"><state state="open" reason="syn-ack" reason_ttl="229"/></port></ports></host>
<host endtime="1733445758"><address addr="202.46.251.50" addrtype="ipv4"/><ports><port protocol="tcp" portid="5060"><state state="open" reason="syn-ack" reason_ttl="51"/></port></ports></host>
<host endtime="1733445760"><address addr="202.46.10.165" addrtype="ipv4"/><ports><port protocol="tcp" portid="5060"><state state="open" reason="syn-ack" reason_ttl="51"/></port></ports></host>
<host endtime="1733445761"><address addr="202.46.255.221" addrtype="ipv4"/><ports><port protocol="tcp" portid="5060"><state state="open" reason="syn-ack" reason_ttl="51"/></port></ports></host>
<host endtime="1733445763"><address addr="103.224.215.236" addrtype="ipv4"/><ports><port protocol="tcp" portid="5060"><state state="open" reason="syn-ack" reason_ttl="48"/></port></ports></host>
<host endtime="1733445765"><address addr="202.46.246.114" addrtype="ipv4"/><ports><port protocol="tcp" portid="5060"><state state="open" reason="syn-ack" reason_ttl="51"/></port></ports></host>
<host endtime="1733445765"><address addr="202.46.254.91" addrtype="ipv4"/><ports><port protocol="tcp" portid="5060"><state state="open" reason="syn-ack" reason_ttl="51"/></port></ports></host>
<host endtime="1733445767"><address addr="199.201.236.91" addrtype="ipv4"/><ports><port protocol="tcp" portid="5060"><state state="open" reason="syn-ack" reason_ttl="47"/></port></ports></host>
<host endtime="1733445771"><address addr="199.201.236.191" addrtype="ipv4"/><ports><port protocol="tcp" portid="5060"><state state="open" reason="syn-ack" reason_ttl="47"/></port></ports></host>
<host endtime="1733445774"><address addr="202.46.3.199" addrtype="ipv4"/><ports><port protocol="tcp" portid="5060"><state state="open" reason="syn-ack" reason_ttl="51"/></port></ports></host>
<host endtime="1733445777"><address addr="103.83.18.119" addrtype="ipv4"/><ports><port protocol="tcp" portid="5060"><state state="open" reason="syn-ack" reason_ttl="48"/></port></ports></host>
<host endtime="1733445777"><address addr="202.46.241.145" addrtype="ipv4"/><ports><port protocol="tcp" portid="5060"><state state="open" reason="syn-ack" reason_ttl="51"/></port></ports></host>
<host endtime="1733445778"><address addr="202.46.254.136" addrtype="ipv4"/><ports><port protocol="tcp" portid="5060"><state state="open" reason="syn-ack" reason_ttl="51"/></port></ports></host>
<host endtime="1733445785"><address addr="202.46.242.56" addrtype="ipv4"/><ports><port protocol="tcp" portid="5060"><state state="open" reason="syn-ack" reason_ttl="51"/></port></ports></host>
<host endtime="1733445786"><address addr="202.46.11.142" addrtype="ipv4"/><ports><port protocol="tcp" portid="5060"><state state="open" reason="syn-ack" reason_ttl="51"/></port></ports></host>
<host endtime="1733445792"><address addr="103.83.19.113" addrtype="ipv4"/><ports><port protocol="tcp" portid="5060"><state state="open" reason="syn-ack" reason_ttl="48"/></port></ports></host>
<host endtime="1733445794"><address addr="202.46.245.78" addrtype="ipv4"/><ports><port protocol="tcp" portid="5060"><state state="open" reason="syn-ack" reason_ttl="51"/></port></ports></host>
<host endtime="1733445794"><address addr="202.46.243.128" addrtype="ipv4"/><ports><port protocol="tcp" portid="5060"><state state="open" reason="syn-ack" reason_ttl="51"/></port></ports></host>
<host endtime="1733445795"><address addr="203.14.129.11" addrtype="ipv4"/><ports><port protocol="tcp" portid="5060"><state state="open" reason="syn-ack" reason_ttl="43"/></port></ports></host>
<host endtime="1733445797"><address addr="202.46.14.135" addrtype="ipv4"/><ports><port protocol="tcp" portid="5060"><state state="open" reason="syn-ack" reason_ttl="50"/></port></ports></host>
<host endtime="1733445797"><address addr="202.46.250.180" addrtype="ipv4"/><ports><port protocol="tcp" portid="5060"><state state="open" reason="syn-ack" reason_ttl="51"/></port></ports></host>
<host endtime="1733445797"><address addr="202.46.243.33" addrtype="ipv4"/><ports><port protocol="tcp" portid="5060"><state state="open" reason="syn-ack" reason_ttl="50"/></port></ports></host>
<host endtime="1733445798"><address addr="202.46.248.109" addrtype="ipv4"/><ports><port protocol="tcp" portid="5060"><state state="open" reason="syn-ack" reason_ttl="51"/></port></ports></host>
<host endtime="1733445800"><address addr="202.46.7.172" addrtype="ipv4"/><ports><port protocol="tcp" portid="5060"><state state="open" reason="syn-ack" reason_ttl="51"/></port></ports></host>
<host endtime="1733445802"><address addr="202.46.12.167" addrtype="ipv4"/><ports><port protocol="tcp" portid="5060"><state state="open" reason="syn-ack" reason_ttl="51"/></port></ports></host>
<host endtime="1733445804"><address addr="202.46.3.63" addrtype="ipv4"/><ports><port protocol="tcp" portid="5060"><state state="open" reason="syn-ack" reason_ttl="51"/></port></ports></host>
<host endtime="1733445805"><address addr="199.123.27.148" addrtype="ipv4"/><ports><port protocol="tcp" portid="5060"><state state="open" reason="syn-ack" reason_ttl="229"/></port></ports></host>
<host endtime="1733445806"><address addr="199.123.24.37" addrtype="ipv4"/><ports><port protocol="tcp" portid="5060"><state state="open" reason="syn-ack" reason_ttl="229"/></port></ports></host>
<host endtime="1733445806"><address addr="202.46.251.119" addrtype="ipv4"/><ports><port protocol="tcp" portid="5060"><state state="open" reason="syn-ack" reason_ttl="50"/></port></ports></host>
<host endtime="1733445806"><address addr="202.46.245.22" addrtype="ipv4"/><ports><port protocol="tcp" portid="5060"><state state="open" reason="syn-ack" reason_ttl="50"/></port></ports></host>
<host endtime="1733445809"><address addr="202.46.9.240" addrtype="ipv4"/><ports><port protocol="tcp" portid="5060"><state state="open" reason="syn-ack" reason_ttl="51"/></port></ports></host>
<host endtime="1733445809"><address addr="202.46.10.158" addrtype="ipv4"/><ports><port protocol="tcp" portid="5060"><state state="open" reason="syn-ack" reason_ttl="51"/></port></ports></host>
<host endtime="1733445812"><address addr="202.46.242.22" addrtype="ipv4"/><ports><port protocol="tcp" portid="5060"><state state="open" reason="syn-ack" reason_ttl="51"/></port></ports></host>
<host endtime="1733445812"><address addr="202.46.254.231" addrtype="ipv4"/><ports><port protocol="tcp" portid="5060"><state state="open" reason="syn-ack" reason_ttl="50"/></port></ports></host>
<host endtime="1733445814"><address addr="202.46.255.98" addrtype="ipv4"/><ports><port protocol="tcp" portid="5060"><state state="open" reason="syn-ack" reason_ttl="51"/></port></ports></host>
<host endtime="1733445816"><address addr="202.46.241.254" addrtype="ipv4"/><ports><port protocol="tcp" portid="5060"><state state="open" reason="syn-ack" reason_ttl="51"/></port></ports></host>
<host endtime="1733445818"><address addr="193.103.200.8" addrtype="ipv4"/><ports><port protocol="tcp" portid="5060"><state state="open" reason="syn-ack" reason_ttl="52"/></port></ports></host>
<host endtime="1733445818"><address addr="202.46.2.234" addrtype="ipv4"/><ports><port protocol="tcp" portid="5060"><state state="open" reason="syn-ack" reason_ttl="51"/></port></ports></host>
<host endtime="1733445819"><address addr="202.46.240.78" addrtype="ipv4"/><ports><port protocol="tcp" portid="5060"><state state="open" reason="syn-ack" reason_ttl="51"/></port></ports></host>
<host endtime="1733445821"><address addr="199.123.26.180" addrtype="ipv4"/><ports><port protocol="tcp" portid="5060"><state state="open" reason="syn-ack" reason_ttl="229"/></port></ports></host>
<host endtime="1733445822"><address addr="202.46.252.10" addrtype="ipv4"/><ports><port protocol="tcp" portid="5060"><state state="open" reason="syn-ack" reason_ttl="51"/></port></ports></host>
<host endtime="1733445822"><address addr="202.46.7.27" addrtype="ipv4"/><ports><port protocol="tcp" portid="5061"><state state="open" reason="syn-ack" reason_ttl="49"/></port></ports></host>
<host endtime="1733445825"><address addr="202.46.4.177" addrtype="ipv4"/><ports><port protocol="tcp" portid="5060"><state state="open" reason="syn-ack" reason_ttl="50"/></port></ports></host>
<host endtime="1733445826"><address addr="202.46.13.15" addrtype="ipv4"/><ports><port protocol="tcp" portid="5060"><state state="open" reason="syn-ack" reason_ttl="51"/></port></ports></host>
<host endtime="1733445827"><address addr="193.98.229.214" addrtype="ipv4"/><ports><port protocol="tcp" portid="5061"><state state="open" reason="syn-ack" reason_ttl="49"/></port></ports></host>
<host endtime="1733445830"><address addr="199.123.25.11" addrtype="ipv4"/><ports><port protocol="tcp" portid="5060"><state state="open" reason="syn-ack" reason_ttl="229"/></port></ports></host>
<host endtime="1733445833"><address addr="202.46.7.198" addrtype="ipv4"/><ports><port protocol="tcp" portid="5060"><state state="open" reason="syn-ack" reason_ttl="51"/></port></ports></host>
<host endtime="1733445834"><address addr="202.46.240.112" addrtype="ipv4"/><ports><port protocol="tcp" portid="5060"><state state="open" reason="syn-ack" reason_ttl="51"/></port></ports></host>
<host endtime="1733445834"><address addr="202.46.247.59" addrtype="ipv4"/><ports><port protocol="tcp" portid="5060"><state state="open" reason="syn-ack" reason_ttl="50"/></port></ports></host>
<host endtime="1733445834"><address addr="202.46.3.149" addrtype="ipv4"/><ports><port protocol="tcp" portid="5060"><state state="open" reason="syn-ack" reason_ttl="50"/></port></ports></host>
<host endtime="1733445835"><address addr="202.46.251.248" addrtype="ipv4"/><ports><port protocol="tcp" portid="5060"><state state="open" reason="syn-ack" reason_ttl="51"/></port></ports></host>
<host endtime="1733445835"><address addr="202.46.241.103" addrtype="ipv4"/><ports><port protocol="tcp" portid="5060"><state state="open" reason="syn-ack" reason_ttl="51"/></port></ports></host>
<host endtime="1733445836"><address addr="202.46.243.3" addrtype="ipv4"/><ports><port protocol="tcp" portid="5060"><state state="open" reason="syn-ack" reason_ttl="51"/></port></ports></host>
<host endtime="1733445836"><address addr="103.224.214.1" addrtype="ipv4"/><ports><port protocol="tcp" portid="5060"><state state="open" reason="syn-ack" reason_ttl="48"/></port></ports></host>
<host endtime="1733445836"><address addr="202.46.246.107" addrtype="ipv4"/><ports><port protocol="tcp" portid="5060"><state state="open" reason="syn-ack" reason_ttl="51"/></port></ports></host>
<host endtime="1733445846"><address addr="202.46.252.5" addrtype="ipv4"/><ports><port protocol="tcp" portid="5060"><state state="open" reason="syn-ack" reason_ttl="51"/></port></ports></host>
<host endtime="1733445846"><address addr="202.46.250.188" addrtype="ipv4"/><ports><port protocol="tcp" portid="5060"><state state="open" reason="syn-ack" reason_ttl="51"/></port></ports></host>
<host endtime="1733445847"><address addr="202.46.10.19" addrtype="ipv4"/><ports><port protocol="tcp" portid="5060"><state state="open" reason="syn-ack" reason_ttl="51"/></port></ports></host>
<host endtime="1733445847"><address addr="193.98.229.63" addrtype="ipv4"/><ports><port protocol="tcp" portid="5061"><state state="open" reason="syn-ack" reason_ttl="47"/></port></ports></host>
<host endtime="1733445848"><address addr="202.46.247.252" addrtype="ipv4"/><ports><port protocol="tcp" portid="5060"><state state="open" reason="syn-ack" reason_ttl="50"/></port></ports></host>
<host endtime="1733445857"><address addr="199.123.26.192" addrtype="ipv4"/><ports><port protocol="tcp" portid="5060"><state state="open" reason="syn-ack" reason_ttl="229"/></port></ports></host>
<host endtime="1733445857"><address addr="199.123.27.57" addrtype="ipv4"/><ports><port protocol="tcp" portid="5060"><state state="open" reason="syn-ack" reason_ttl="229"/></port></ports></host>
<host endtime="1733445860"><address addr="202.46.1.150" addrtype="ipv4"/><ports><port protocol="tcp" portid="5060"><state state="open" reason="syn-ack" reason_ttl="51"/></port></ports></host>
<host endtime="1733445860"><address addr="202.46.244.244" addrtype="ipv4"/><ports><port protocol="tcp" portid="5060"><state state="open" reason="syn-ack" reason_ttl="51"/></port></ports></host>
<host endtime="1733445867"><address addr="202.46.3.87" addrtype="ipv4"/><ports><port protocol="tcp" portid="5060"><state state="open" reason="syn-ack" reason_ttl="51"/></port></ports></host>
<host endtime="1733445867"><address addr="202.46.254.80" addrtype="ipv4"/><ports><port protocol="tcp" portid="5060"><state state="open" reason="syn-ack" reason_ttl="51"/></port></ports></host>
<host endtime="1733445867"><address addr="199.123.27.38" addrtype="ipv4"/><ports><port protocol="tcp" portid="5060"><state state="open" reason="syn-ack" reason_ttl="229"/></port></ports></host>
<host endtime="1733445868"><address addr="202.46.15.47" addrtype="ipv4"/><ports><port protocol="tcp" portid="5060"><state state="open" reason="syn-ack" reason_ttl="51"/></port></ports></host>
<host endtime="1733445869"><address addr="202.46.240.48" addrtype="ipv4"/><ports><port protocol="tcp" portid="5060"><state state="open" reason="syn-ack" reason_ttl="51"/></port></ports></host>
<host endtime="1733445869"><address addr="202.46.250.143" addrtype="ipv4"/><ports><port protocol="tcp" portid="5060"><state state="open" reason="syn-ack" reason_ttl="51"/></port></ports></host>
<host endtime="1733445875"><address addr="103.83.19.234" addrtype="ipv4"/><ports><port protocol="tcp" portid="5060"><state state="open" reason="syn-ack" reason_ttl="48"/></port></ports></host>
<host endtime="1733445880"><address addr="103.224.214.139" addrtype="ipv4"/><ports><port protocol="tcp" portid="5060"><state state="open" reason="syn-ack" reason_ttl="48"/></port></ports></host>
<host endtime="1733445884"><address addr="202.46.255.75" addrtype="ipv4"/><ports><port protocol="tcp" portid="5060"><state state="open" reason="syn-ack" reason_ttl="50"/></port></ports></host>
<host endtime="1733445884"><address addr="202.46.250.150" addrtype="ipv4"/><ports><port protocol="tcp" portid="5060"><state state="open" reason="syn-ack" reason_ttl="51"/></port></ports></host>
<host endtime="1733445888"><address addr="202.46.249.154" addrtype="ipv4"/><ports><port protocol="tcp" portid="5060"><state state="open" reason="syn-ack" reason_ttl="51"/></port></ports></host>
<host endtime="1733445889"><address addr="202.46.5.241" addrtype="ipv4"/><ports><port protocol="tcp" portid="5060"><state state="open" reason="syn-ack" reason_ttl="50"/></port></ports></host>
<host endtime="1733445890"><address addr="103.224.214.104" addrtype="ipv4"/><ports><port protocol="tcp" portid="5060"><state state="open" reason="syn-ack" reason_ttl="48"/></port></ports></host>
<host endtime="1733445893"><address addr="202.46.11.73" addrtype="ipv4"/><ports><port protocol="tcp" portid="5060"><state state="open" reason="syn-ack" reason_ttl="51"/></port></ports></host>
<host endtime="1733445893"><address addr="202.46.15.46" addrtype="ipv4"/><ports><port protocol="tcp" portid="5060"><state state="open" reason="syn-ack" reason_ttl="50"/></port></ports></host>
<host endtime="1733445894"><address addr="202.46.6.71" addrtype="ipv4"/><ports><port protocol="tcp" portid="5060"><state state="open" reason="syn-ack" reason_ttl="51"/></port></ports></host>
<host endtime="1733445902"><address addr="202.46.242.108" addrtype="ipv4"/><ports><port protocol="tcp" portid="5060"><state state="open" reason="syn-ack" reason_ttl="50"/></port></ports></host>
<host endtime="1733445905"><address addr="103.224.214.174" addrtype="ipv4"/><ports><port protocol="tcp" portid="5060"><state state="open" reason="syn-ack" reason_ttl="48"/></port></ports></host>
<host endtime="1733445906"><address addr="199.123.27.245" addrtype="ipv4"/><ports><port protocol="tcp" portid="5060"><state state="open" reason="syn-ack" reason_ttl="229"/></port></ports></host>
<host endtime="1733445910"><address addr="103.83.18.211" addrtype="ipv4"/><ports><port protocol="tcp" portid="5060"><state state="open" reason="syn-ack" reason_ttl="48"/></port></ports></host>
<host endtime="1733445910"><address addr="202.46.5.1" addrtype="ipv4"/><ports><port protocol="tcp" portid="5060"><state state="open" reason="syn-ack" reason_ttl="51"/></port></ports></host>
<host endtime="1733445910"><address addr="193.98.229.148" addrtype="ipv4"/><ports><port protocol="tcp" portid="5060"><state state="open" reason="syn-ack" reason_ttl="47"/></port></ports></host>
<host endtime="1733445911"><address addr="199.123.25.122" addrtype="ipv4"/><ports><port protocol="tcp" portid="5060"><state state="open" reason="syn-ack" reason_ttl="229"/></port></ports></host>
<host endtime="1733445913"><address addr="202.46.246.160" addrtype="ipv4"/><ports><port protocol="tcp" portid="5060"><state state="open" reason="syn-ack" reason_ttl="51"/></port></ports></host>
<host endtime="1733445914"><address addr="199.201.237.156" addrtype="ipv4"/><ports><port protocol="tcp" portid="5060"><state state="open" reason="syn-ack" reason_ttl="47"/></port></ports></host>
<host endtime="1733445917"><address addr="202.46.6.128" addrtype="ipv4"/><ports><port protocol="tcp" portid="5060"><state state="open" reason="syn-ack" reason_ttl="51"/></port></ports></host>
<host endtime="1733445920"><address addr="202.46.11.60" addrtype="ipv4"/><ports><port protocol="tcp" portid="5060"><state state="open" reason="syn-ack" reason_ttl="50"/></port></ports></host>
<host endtime="1733445922"><address addr="202.46.1.69" addrtype="ipv4"/><ports><port protocol="tcp" portid="5060"><state state="open" reason="syn-ack" reason_ttl="50"/></port></ports></host>
<host endtime="1733445923"><address addr="202.46.11.134" addrtype="ipv4"/><ports><port protocol="tcp" portid="5060"><state state="open" reason="syn-ack" reason_ttl="51"/></port></ports></host>
<host endtime="1733445923"><address addr="202.46.250.226" addrtype="ipv4"/><ports><port protocol="tcp" portid="5060"><state state="open" reason="syn-ack" reason_ttl="50"/></port></ports></host>
<host endtime="1733445923"><address addr="202.46.6.174" addrtype="ipv4"/><ports><port protocol="tcp" portid="5060"><state state="open" reason="syn-ack" reason_ttl="51"/></port></ports></host>
<host endtime="1733445926"><address addr="202.46.9.3" addrtype="ipv4"/><ports><port protocol="tcp" portid="5060"><state state="open" reason="syn-ack" reason_ttl="51"/></port></ports></host>
<host endtime="1733445929"><address addr="202.46.247.30" addrtype="ipv4"/><ports><port protocol="tcp" portid="5060"><state state="open" reason="syn-ack" reason_ttl="50"/></port></ports></host>
<host endtime="1733445929"><address addr="202.46.250.157" addrtype="ipv4"/><ports><port protocol="tcp" portid="5060"><state state="open" reason="syn-ack" reason_ttl="51"/></port></ports></host>
<host endtime="1733445936"><address addr="202.46.5.160" addrtype="ipv4"/><ports><port protocol="tcp" portid="5060"><state state="open" reason="syn-ack" reason_ttl="51"/></port></ports></host>
<host endtime="1733445936"><address addr="202.46.248.70" addrtype="ipv4"/><ports><port protocol="tcp" portid="5060"><state state="open" reason="syn-ack" reason_ttl="50"/></port></ports></host>
<host endtime="1733445936"><address addr="193.98.229.15" addrtype="ipv4"/><ports><port protocol="tcp" portid="5061"><state state="open" reason="syn-ack" reason_ttl="47"/></port></ports></host>
<host endtime="1733445936"><address addr="199.123.27.200" addrtype="ipv4"/><ports><port protocol="tcp" portid="5060"><state state="open" reason="syn-ack" reason_ttl="229"/></port></ports></host>
<host endtime="1733445937"><address addr="202.46.250.83" addrtype="ipv4"/><ports><port protocol="tcp" portid="5060"><state state="open" reason="syn-ack" reason_ttl="51"/></port></ports></host>
<host endtime="1733445939"><address addr="103.83.18.8" addrtype="ipv4"/><ports><port protocol="tcp" portid="5060"><state state="open" reason="syn-ack" reason_ttl="48"/></port></ports></host>
<host endtime="1733445939"><address addr="199.123.27.157" addrtype="ipv4"/><ports><port protocol="tcp" portid="5060"><state state="open" reason="syn-ack" reason_ttl="229"/></port></ports></host>
<host endtime="1733445942"><address addr="202.46.254.143" addrtype="ipv4"/><ports><port protocol="tcp" portid="5060"><state state="open" reason="syn-ack" reason_ttl="51"/></port></ports></host>
<host endtime="1733445954"><address addr="202.46.8.10" addrtype="ipv4"/><ports><port protocol="tcp" portid="5061"><state state="open" reason="syn-ack" reason_ttl="50"/></port></ports></host>
<host endtime="1733445955"><address addr="193.98.229.166" addrtype="ipv4"/><ports><port protocol="tcp" portid="5060"><state state="open" reason="syn-ack" reason_ttl="48"/></port></ports></host>
<host endtime="1733445955"><address addr="202.46.241.231" addrtype="ipv4"/><ports><port protocol="tcp" portid="5060"><state state="open" reason="syn-ack" reason_ttl="51"/></port></ports></host>
<host endtime="1733445957"><address addr="193.103.200.172" addrtype="ipv4"/><ports><port protocol="tcp" portid="5060"><state state="open" reason="syn-ack" reason_ttl="54"/></port></ports></host>
<host endtime="1733445959"><address addr="202.46.247.52" addrtype="ipv4"/><ports><port protocol="tcp" portid="5060"><state state="open" reason="syn-ack" reason_ttl="51"/></port></ports></host>
<host endtime="1733445959"><address addr="193.103.200.2" addrtype="ipv4"/><ports><port protocol="tcp" portid="5060"><state state="open" reason="syn-ack" reason_ttl="54"/></port></ports></host>
<host endtime="1733445961"><address addr="199.123.25.248" addrtype="ipv4"/><ports><port protocol="tcp" portid="5060"><state state="open" reason="syn-ack" reason_ttl="229"/></port></ports></host>
<host endtime="1733445962"><address addr="202.46.12.250" addrtype="ipv4"/><ports><port protocol="tcp" portid="5060"><state state="open" reason="syn-ack" reason_ttl="51"/></port></ports></host>
<host endtime="1733445966"><address addr="202.46.11.89" addrtype="ipv4"/><ports><port protocol="tcp" portid="5060"><state state="open" reason="syn-ack" reason_ttl="50"/></port></ports></host>
<host endtime="1733445970"><address addr="199.123.24.76" addrtype="ipv4"/><ports><port protocol="tcp" portid="5060"><state state="open" reason="syn-ack" reason_ttl="229"/></port></ports></host>
<host endtime="1733445970"><address addr="199.201.237.219" addrtype="ipv4"/><ports><port protocol="tcp" portid="5060"><state state="open" reason="syn-ack" reason_ttl="47"/></port></ports></host>
<host endtime="1733445971"><address addr="202.46.247.66" addrtype="ipv4"/><ports><port protocol="tcp" portid="5060"><state state="open" reason="syn-ack" reason_ttl="50"/></port></ports></host>
<host endtime="1733445976"><address addr="199.123.25.170" addrtype="ipv4"/><ports><port protocol="tcp" portid="5060"><state state="open" reason="syn-ack" reason_ttl="229"/></port></ports></host>
<host endtime="1733445980"><address addr="202.46.7.124" addrtype="ipv4"/><ports><port protocol="tcp" portid="5060"><state state="open" reason="syn-ack" reason_ttl="50"/></port></ports></host>
<host endtime="1733445987"><address addr="202.46.14.102" addrtype="ipv4"/><ports><port protocol="tcp" portid="5060"><state state="open" reason="syn-ack" reason_ttl="50"/></port></ports></host>
<host endtime="1733445987"><address addr="202.46.240.67" addrtype="ipv4"/><ports><port protocol="tcp" portid="5060"><state state="open" reason="syn-ack" reason_ttl="50"/></port></ports></host>
<host endtime="1733445989"><address addr="202.46.248.220" addrtype="ipv4"/><ports><port protocol="tcp" portid="5060"><state state="open" reason="syn-ack" reason_ttl="50"/></port></ports></host>
<host endtime="1733445991"><address addr="202.46.244.215" addrtype="ipv4"/><ports><port protocol="tcp" portid="5060"><state state="open" reason="syn-ack" reason_ttl="50"/></port></ports></host>
<host endtime="1733445992"><address addr="199.201.237.23" addrtype="ipv4"/><ports><port protocol="tcp" portid="5060"><state state="open" reason="syn-ack" reason_ttl="47"/></port></ports></host>
<host endtime="1733445992"><address addr="202.46.6.159" addrtype="ipv4"/><ports><port protocol="tcp" portid="5060"><state state="open" reason="syn-ack" reason_ttl="50"/></port></ports></host>
<host endtime="1733445994"><address addr="103.83.18.43" addrtype="ipv4"/><ports><port protocol="tcp" portid="5060"><state state="open" reason="syn-ack" reason_ttl="48"/></port></ports></host>
<host endtime="1733445994"><address addr="202.46.243.196" addrtype="ipv4"/><ports><port protocol="tcp" portid="5060"><state state="open" reason="syn-ack" reason_ttl="51"/></port></ports></host>
<host endtime="1733445995"><address addr="199.123.27.214" addrtype="ipv4"/><ports><port protocol="tcp" portid="5060"><state state="open" reason="syn-ack" reason_ttl="229"/></port></ports></host>
<host endtime="1733445996"><address addr="202.46.246.249" addrtype="ipv4"/><ports><port protocol="tcp" portid="5060"><state state="open" reason="syn-ack" reason_ttl="51"/></port></ports></host>
<host endtime="1733445998"><address addr="202.46.250.67" addrtype="ipv4"/><ports><port protocol="tcp" portid="5060"><state state="open" reason="syn-ack" reason_ttl="50"/></port></ports></host>
<host endtime="1733445998"><address addr="202.46.1.251" addrtype="ipv4"/><ports><port protocol="tcp" portid="5060"><state state="open" reason="syn-ack" reason_ttl="51"/></port></ports></host>
<host endtime="1733445998"><address addr="202.46.248.77" addrtype="ipv4"/><ports><port protocol="tcp" portid="5060"><state state="open" reason="syn-ack" reason_ttl="51"/></port></ports></host>
<host endtime="1733445999"><address addr="199.201.237.250" addrtype="ipv4"/><ports><port protocol="tcp" portid="5060"><state state="open" reason="syn-ack" reason_ttl="47"/></port></ports></host>
<host endtime="1733446001"><address addr="103.83.18.57" addrtype="ipv4"/><ports><port protocol="tcp" portid="5060"><state state="open" reason="syn-ack" reason_ttl="48"/></port></ports></host>
<host endtime="1733446003"><address addr="202.46.240.156" addrtype="ipv4"/><ports><port protocol="tcp" portid="5060"><state state="open" reason="syn-ack" reason_ttl="51"/></port></ports></host>
<host endtime="1733446004"><address addr="202.46.15.48" addrtype="ipv4"/><ports><port protocol="tcp" portid="5060"><state state="open" reason="syn-ack" reason_ttl="51"/></port></ports></host>
<host endtime="1733446004"><address addr="202.46.254.255" addrtype="ipv4"/><ports><port protocol="tcp" portid="5060"><state state="open" reason="syn-ack" reason_ttl="50"/></port></ports></host>
<host endtime="1733446004"><address addr="202.46.245.231" addrtype="ipv4"/><ports><port protocol="tcp" portid="5060"><state state="open" reason="syn-ack" reason_ttl="50"/></port></ports></host>
<host endtime="1733446006"><address addr="103.224.215.15" addrtype="ipv4"/><ports><port protocol="tcp" portid="5060"><state state="open" reason="syn-ack" reason_ttl="48"/></port></ports></host>
<host endtime="1733446009"><address addr="202.46.11.37" addrtype="ipv4"/><ports><port protocol="tcp" portid="5060"><state state="open" reason="syn-ack" reason_ttl="50"/></port></ports></host>
<host endtime="1733446011"><address addr="196.195.253.56" addrtype="ipv4"/><ports><port protocol="tcp" portid="5060"><state state="open" reason="syn-ack" reason_ttl="51"/></port></ports></host>
<host endtime="1733446012"><address addr="193.98.229.96" addrtype="ipv4"/><ports><port protocol="tcp" portid="5061"><state state="open" reason="syn-ack" reason_ttl="48"/></port></ports></host>
<host endtime="1733446014"><address addr="202.46.6.144" addrtype="ipv4"/><ports><port protocol="tcp" portid="5060"><state state="open" reason="syn-ack" reason_ttl="51"/></port></ports></host>
<host endtime="1733446018"><address addr="202.46.254.51" addrtype="ipv4"/><ports><port protocol="tcp" portid="5060"><state state="open" reason="syn-ack" reason_ttl="51"/></port></ports></host>
<host endtime="1733446024"><address addr="202.46.1.200" addrtype="ipv4"/><ports><port protocol="tcp" portid="5060"><state state="open" reason="syn-ack" reason_ttl="51"/></port></ports></host>
<host endtime="1733446024"><address addr="202.46.4.217" addrtype="ipv4"/><ports><port protocol="tcp" portid="5060"><state state="open" reason="syn-ack" reason_ttl="51"/></port></ports></host>
<host endtime="1733446025"><address addr="202.46.5.122" addrtype="ipv4"/><ports><port protocol="tcp" portid="5060"><state state="open" reason="syn-ack" reason_ttl="50"/></port></ports></host>
<host endtime="1733446027"><address addr="103.83.19.112" addrtype="ipv4"/><ports><port protocol="tcp" portid="5060"><state state="open" reason="syn-ack" reason_ttl="48"/></port></ports></host>
<host endtime="1733446027"><address addr="202.46.252.170" addrtype="ipv4"/><ports><port protocol="tcp" portid="5060"><state state="open" reason="syn-ack" reason_ttl="50"/></port></ports></host>
<host endtime="1733446029"><address addr="193.98.229.46" addrtype="ipv4"/><ports><port protocol="tcp" portid="5061"><state state="open" reason="syn-ack" reason_ttl="48"/></port></ports></host>
<host endtime="1733446029"><address addr="202.46.8.25" addrtype="ipv4"/><ports><port protocol="tcp" portid="5060"><state state="open" reason="syn-ack" reason_ttl="51"/></port></ports></host>
<host endtime="1733446029"><address addr="202.46.242.170" addrtype="ipv4"/><ports><port protocol="tcp" portid="5060"><state state="open" reason="syn-ack" reason_ttl="51"/></port></ports></host>
<host endtime="1733446029"><address addr="202.46.251.12" addrtype="ipv4"/><ports><port protocol="tcp" portid="5060"><state state="open" reason="syn-ack" reason_ttl="50"/></port></ports></host>
<host endtime="1733446030"><address addr="202.46.248.219" addrtype="ipv4"/><ports><port protocol="tcp" portid="5060"><state state="open" reason="syn-ack" reason_ttl="51"/></port></ports></host>
<host endtime="1733446032"><address addr="202.46.252.218" addrtype="ipv4"/><ports><port protocol="tcp" portid="5060"><state state="open" reason="syn-ack" reason_ttl="51"/></port></ports></host>
<host endtime="1733446033"><address addr="202.46.5.3" addrtype="ipv4"/><ports><port protocol="tcp" portid="5060"><state state="open" reason="syn-ack" reason_ttl="51"/></port></ports></host>
<host endtime="1733446034"><address addr="199.201.237.233" addrtype="ipv4"/><ports><port protocol="tcp" portid="5060"><state state="open" reason="syn-ack" reason_ttl="47"/></port></ports></host>
<host endtime="1733446034"><address addr="202.46.254.139" addrtype="ipv4"/><ports><port protocol="tcp" portid="5060"><state state="open" reason="syn-ack" reason_ttl="50"/></port></ports></host>
<host endtime="1733446034"><address addr="202.46.12.107" addrtype="ipv4"/><ports><port protocol="tcp" portid="5060"><state state="open" reason="syn-ack" reason_ttl="50"/></port></ports></host>
<host endtime="1733446034"><address addr="202.46.12.217" addrtype="ipv4"/><ports><port protocol="tcp" portid="5060"><state state="open" reason="syn-ack" reason_ttl="50"/></port></ports></host>
<host endtime="1733446035"><address addr="202.46.245.126" addrtype="ipv4"/><ports><port protocol="tcp" portid="5060"><state state="open" reason="syn-ack" reason_ttl="51"/></port></ports></host>
<host endtime="1733446036"><address addr="202.46.242.84" addrtype="ipv4"/><ports><port protocol="tcp" portid="5060"><state state="open" reason="syn-ack" reason_ttl="51"/></port></ports></host>
<host endtime="1733446037"><address addr="202.46.6.216" addrtype="ipv4"/><ports><port protocol="tcp" portid="5060"><state state="open" reason="syn-ack" reason_ttl="50"/></port></ports></host>
<host endtime="1733446039"><address addr="199.123.25.0" addrtype="ipv4"/><ports><port protocol="tcp" portid="5060"><state state="open" reason="syn-ack" reason_ttl="229"/></port></ports></host>
<host endtime="1733446041"><address addr="199.123.25.100" addrtype="ipv4"/><ports><port protocol="tcp" portid="5060"><state state="open" reason="syn-ack" reason_ttl="229"/></port></ports></host>
<host endtime="1733446043"><address addr="199.123.24.29" addrtype="ipv4"/><ports><port protocol="tcp" portid="5060"><state state="open" reason="syn-ack" reason_ttl="229"/></port></ports></host>
<host endtime="1733446044"><address addr="199.123.27.247" addrtype="ipv4"/><ports><port protocol="tcp" portid="5060"><state state="open" reason="syn-ack" reason_ttl="229"/></port></ports></host>
<host endtime="1733446046"><address addr="202.46.246.135" addrtype="ipv4"/><ports><port protocol="tcp" portid="5060"><state state="open" reason="syn-ack" reason_ttl="51"/></port></ports></host>
<host endtime="1733446048"><address addr="199.123.27.98" addrtype="ipv4"/><ports><port protocol="tcp" portid="5060"><state state="open" reason="syn-ack" reason_ttl="229"/></port></ports></host>
<host endtime="1733446049"><address addr="202.46.5.185" addrtype="ipv4"/><ports><port protocol="tcp" portid="5060"><state state="open" reason="syn-ack" reason_ttl="50"/></port></ports></host>
<host endtime="1733446050"><address addr="202.46.245.82" addrtype="ipv4"/><ports><port protocol="tcp" portid="5060"><state state="open" reason="syn-ack" reason_ttl="50"/></port></ports></host>
<host endtime="1733446051"><address addr="202.46.3.30" addrtype="ipv4"/><ports><port protocol="tcp" portid="5060"><state state="open" reason="syn-ack" reason_ttl="50"/></port></ports></host>
<host endtime="1733446054"><address addr="199.123.25.96" addrtype="ipv4"/><ports><port protocol="tcp" portid="5060"><state state="open" reason="syn-ack" reason_ttl="229"/></port></ports></host>
<host endtime="1733446056"><address addr="199.123.25.14" addrtype="ipv4"/><ports><port protocol="tcp" portid="5060"><state state="open" reason="syn-ack" reason_ttl="229"/></port></ports></host>
<host endtime="1733446057"><address addr="199.123.24.44" addrtype="ipv4"/><ports><port protocol="tcp" portid="5060"><state state="open" reason="syn-ack" reason_ttl="229"/></port></ports></host>
<host endtime="1733446058"><address addr="202.46.1.52" addrtype="ipv4"/><ports><port protocol="tcp" portid="5061"><state state="open" reason="syn-ack" reason_ttl="49"/></port></ports></host>
<host endtime="1733446061"><address addr="202.46.241.66" addrtype="ipv4"/><ports><port protocol="tcp" portid="5060"><state state="open" reason="syn-ack" reason_ttl="51"/></port></ports></host>
<host endtime="1733446065"><address addr="199.123.25.145" addrtype="ipv4"/><ports><port protocol="tcp" portid="5060"><state state="open" reason="syn-ack" reason_ttl="229"/></port></ports></host>
<host endtime="1733446068"><address addr="202.46.14.2" addrtype="ipv4"/><ports><port protocol="tcp" portid="5060"><state state="open" reason="syn-ack" reason_ttl="51"/></port></ports></host>
<host endtime="1733446069"><address addr="199.201.237.105" addrtype="ipv4"/><ports><port protocol="tcp" portid="5060"><state state="open" reason="syn-ack" reason_ttl="47"/></port></ports></host>
<host endtime="1733446073"><address addr="202.46.14.68" addrtype="ipv4"/><ports><port protocol="tcp" portid="5060"><state state="open" reason="syn-ack" reason_ttl="51"/></port></ports></host>
<host endtime="1733446073"><address addr="202.46.8.56" addrtype="ipv4"/><ports><port protocol="tcp" portid="5060"><state state="open" reason="syn-ack" reason_ttl="51"/></port></ports></host>
<host endtime="1733446075"><address addr="202.46.254.52" addrtype="ipv4"/><ports><port protocol="tcp" portid="5060"><state state="open" reason="syn-ack" reason_ttl="50"/></port></ports></host>
<host endtime="1733446076"><address addr="202.46.9.156" addrtype="ipv4"/><ports><port protocol="tcp" portid="5060"><state state="open" reason="syn-ack" reason_ttl="51"/></port></ports></host>
<host endtime="1733446077"><address addr="199.123.24.251" addrtype="ipv4"/><ports><port protocol="tcp" portid="5060"><state state="open" reason="syn-ack" reason_ttl="229"/></port></ports></host>
<host endtime="1733446078"><address addr="199.123.25.161" addrtype="ipv4"/><ports><port protocol="tcp" portid="5060"><state state="open" reason="syn-ack" reason_ttl="229"/></port></ports></host>
<host endtime="1733446083"><address addr="202.46.245.75" addrtype="ipv4"/><ports><port protocol="tcp" portid="5060"><state state="open" reason="syn-ack" reason_ttl="51"/></port></ports></host>
<host endtime="1733446083"><address addr="202.46.253.235" addrtype="ipv4"/><ports><port protocol="tcp" portid="5060"><state state="open" reason="syn-ack" reason_ttl="51"/></port></ports></host>
<host endtime="1733446084"><address addr="199.201.236.82" addrtype="ipv4"/><ports><port protocol="tcp" portid="5060"><state state="open" reason="syn-ack" reason_ttl="47"/></port></ports></host>
<host endtime="1733446084"><address addr="103.83.19.255" addrtype="ipv4"/><ports><port protocol="tcp" portid="5060"><state state="open" reason="syn-ack" reason_ttl="48"/></port></ports></host>
<host endtime="1733446085"><address addr="193.103.200.204" addrtype="ipv4"/><ports><port protocol="tcp" portid="5060"><state state="open" reason="syn-ack" reason_ttl="54"/></port></ports></host>
<host endtime="1733446087"><address addr="202.46.252.111" addrtype="ipv4"/><ports><port protocol="tcp" portid="5060"><state state="open" reason="syn-ack" reason_ttl="51"/></port></ports></host>
<host endtime="1733446088"><address addr="202.46.7.16" addrtype="ipv4"/><ports><port protocol="tcp" portid="5060"><state state="open" reason="syn-ack" reason_ttl="51"/></port></ports></host>
<host endtime="1733446090"><address addr="202.46.252.156" addrtype="ipv4"/><ports><port protocol="tcp" portid="5060"><state state="open" reason="syn-ack" reason_ttl="51"/></port></ports></host>
<host endtime="1733446090"><address addr="202.46.246.216" addrtype="ipv4"/><ports><port protocol="tcp" portid="5060"><state state="open" reason="syn-ack" reason_ttl="51"/></port></ports></host>
<host endtime="1733446094"><address addr="199.123.24.73" addrtype="ipv4"/><ports><port protocol="tcp" portid="5060"><state state="open" reason="syn-ack" reason_ttl="229"/></port></ports></host>
<host endtime="1733446094"><address addr="202.46.12.173" addrtype="ipv4"/><ports><port protocol="tcp" portid="5060"><state state="open" reason="syn-ack" reason_ttl="51"/></port></ports></host>
<host endtime="1733446098"><address addr="199.201.236.37" addrtype="ipv4"/><ports><port protocol="tcp" portid="5060"><state state="open" reason="syn-ack" reason_ttl="47"/></port></ports></host>
<host endtime="1733446098"><address addr="199.201.236.7" addrtype="ipv4"/><ports><port protocol="tcp" portid="5060"><state state="open" reason="syn-ack" reason_ttl="47"/></port></ports></host>
<host endtime="1733446100"><address addr="202.46.3.211" addrtype="ipv4"/><ports><port protocol="tcp" portid="5060"><state state="open" reason="syn-ack" reason_ttl="51"/></port></ports></host>
<host endtime="1733446104"><address addr="202.46.12.123" addrtype="ipv4"/><ports><port protocol="tcp" portid="5060"><state state="open" reason="syn-ack" reason_ttl="50"/></port></ports></host>
<host endtime="1733446108"><address addr="202.46.5.165" addrtype="ipv4"/><ports><port protocol="tcp" portid="5060"><state state="open" reason="syn-ack" reason_ttl="50"/></port></ports></host>
<host endtime="1733446109"><address addr="193.103.200.75" addrtype="ipv4"/><ports><port protocol="tcp" portid="5060"><state state="open" reason="syn-ack" reason_ttl="52"/></port></ports></host>
<host endtime="1733446110"><address addr="202.46.2.79" addrtype="ipv4"/><ports><port protocol="tcp" portid="5060"><state state="open" reason="syn-ack" reason_ttl="51"/></port></ports></host>
<host endtime="1733446112"><address addr="202.46.9.219" addrtype="ipv4"/><ports><port protocol="tcp" portid="5060"><state state="open" reason="syn-ack" reason_ttl="51"/></port></ports></host>
<host endtime="1733446114"><address addr="202.46.3.156" addrtype="ipv4"/><ports><port protocol="tcp" portid="5060"><state state="open" reason="syn-ack" reason_ttl="51"/></port></ports></host>
<host endtime="1733446116"><address addr="202.46.242.196" addrtype="ipv4"/><ports><port protocol="tcp" portid="5060"><state state="open" reason="syn-ack" reason_ttl="51"/></port></ports></host>
<host endtime="1733446116"><address addr="103.224.214.237" addrtype="ipv4"/><ports><port protocol="tcp" portid="5060"><state state="open" reason="syn-ack" reason_ttl="48"/></port></ports></host>
<host endtime="1733446117"><address addr="202.46.242.113" addrtype="ipv4"/><ports><port protocol="tcp" portid="5060"><state state="open" reason="syn-ack" reason_ttl="51"/></port></ports></host>
<host endtime="1733446117"><address addr="202.46.2.76" addrtype="ipv4"/><ports><port protocol="tcp" portid="5060"><state state="open" reason="syn-ack" reason_ttl="51"/></port></ports></host>
<host endtime="1733446117"><address addr="202.46.6.86" addrtype="ipv4"/><ports><port protocol="tcp" portid="5060"><state state="open" reason="syn-ack" reason_ttl="51"/></port></ports></host>
<host endtime="1733446120"><address addr="202.46.248.17" addrtype="ipv4"/><ports><port protocol="tcp" portid="5060"><state state="open" reason="syn-ack" reason_ttl="51"/></port></ports></host>
<host endtime="1733446123"><address addr="103.83.18.86" addrtype="ipv4"/><ports><port protocol="tcp" portid="5060"><state state="open" reason="syn-ack" reason_ttl="48"/></port></ports></host>
<host endtime="1733446125"><address addr="202.46.240.194" addrtype="ipv4"/><ports><port protocol="tcp" portid="5060"><state state="open" reason="syn-ack" reason_ttl="50"/></port></ports></host>
<host endtime="1733446126"><address addr="202.46.251.83" addrtype="ipv4"/><ports><port protocol="tcp" portid="5060"><state state="open" reason="syn-ack" reason_ttl="51"/></port></ports></host>
<host endtime="1733446129"><address addr="103.224.215.22" addrtype="ipv4"/><ports><port protocol="tcp" portid="5060"><state state="open" reason="syn-ack" reason_ttl="48"/></port></ports></host>
<host endtime="1733446129"><address addr="202.46.6.165" addrtype="ipv4"/><ports><port protocol="tcp" portid="5060"><state state="open" reason="syn-ack" reason_ttl="51"/></port></ports></host>
<host endtime="1733446130"><address addr="202.46.253.192" addrtype="ipv4"/><ports><port protocol="tcp" portid="5060"><state state="open" reason="syn-ack" reason_ttl="51"/></port></ports></host>
<host endtime="1733446130"><address addr="202.46.246.100" addrtype="ipv4"/><ports><port protocol="tcp" portid="5060"><state state="open" reason="syn-ack" reason_ttl="51"/></port></ports></host>
<host endtime="1733446131"><address addr="103.83.18.55" addrtype="ipv4"/><ports><port protocol="tcp" portid="5060"><state state="open" reason="syn-ack" reason_ttl="48"/></port></ports></host>
<host endtime="1733446134"><address addr="202.46.244.13" addrtype="ipv4"/><ports><port protocol="tcp" portid="5060"><state state="open" reason="syn-ack" reason_ttl="50"/></port></ports></host>
<host endtime="1733446135"><address addr="193.98.229.254" addrtype="ipv4"/><ports><port protocol="tcp" portid="5060"><state state="open" reason="syn-ack" reason_ttl="44"/></port></ports></host>
<host endtime="1733446139"><address addr="202.46.246.182" addrtype="ipv4"/><ports><port protocol="tcp" portid="5060"><state state="open" reason="syn-ack" reason_ttl="51"/></port></ports></host>
<host endtime="1733446140"><address addr="202.46.8.114" addrtype="ipv4"/><ports><port protocol="tcp" portid="5060"><state state="open" reason="syn-ack" reason_ttl="51"/></port></ports></host>
<host endtime="1733446140"><address addr="202.46.5.41" addrtype="ipv4"/><ports><port protocol="tcp" portid="5060"><state state="open" reason="syn-ack" reason_ttl="51"/></port></ports></host>
<host endtime="1733446141"><address addr="103.224.215.80" addrtype="ipv4"/><ports><port protocol="tcp" portid="5060"><state state="open" reason="syn-ack" reason_ttl="48"/></port></ports></host>
<host endtime="1733446142"><address addr="202.46.240.241" addrtype="ipv4"/><ports><port protocol="tcp" portid="5060"><state state="open" reason="syn-ack" reason_ttl="51"/></port></ports></host>
<host endtime="1733446143"><address addr="199.123.25.39" addrtype="ipv4"/><ports><port protocol="tcp" portid="5060"><state state="open" reason="syn-ack" reason_ttl="229"/></port></ports></host>
<host endtime="1733446144"><address addr="199.123.24.199" addrtype="ipv4"/><ports><port protocol="tcp" portid="5060"><state state="open" reason="syn-ack" reason_ttl="229"/></port></ports></host>
<host endtime="1733446150"><address addr="103.224.214.59" addrtype="ipv4"/><ports><port protocol="tcp" portid="5060"><state state="open" reason="syn-ack" reason_ttl="48"/></port></ports></host>
<host endtime="1733446150"><address addr="202.46.10.101" addrtype="ipv4"/><ports><port protocol="tcp" portid="5060"><state state="open" reason="syn-ack" reason_ttl="51"/></port></ports></host>
<host endtime="1733446153"><address addr="202.46.246.158" addrtype="ipv4"/><ports><port protocol="tcp" portid="5060"><state state="open" reason="syn-ack" reason_ttl="51"/></port></ports></host>
<host endtime="1733446154"><address addr="202.46.3.201" addrtype="ipv4"/><ports><port protocol="tcp" portid="5060"><state state="open" reason="syn-ack" reason_ttl="50"/></port></ports></host>
<host endtime="1733446155"><address addr="193.96.101.42" addrtype="ipv4"/><ports><port protocol="tcp" portid="5060"><state state="open" reason="syn-ack" reason_ttl="49"/></port></ports></host>
<host endtime="1733446156"><address addr="199.123.25.1" addrtype="ipv4"/><ports><port protocol="tcp" portid="5060"><state state="open" reason="syn-ack" reason_ttl="229"/></port></ports></host>
<host endtime="1733446157"><address addr="202.46.248.44" addrtype="ipv4"/><ports><port protocol="tcp" portid="5060"><state state="open" reason="syn-ack" reason_ttl="50"/></port></ports></host>
<host endtime="1733446158"><address addr="202.46.6.245" addrtype="ipv4"/><ports><port protocol="tcp" portid="5060"><state state="open" reason="syn-ack" reason_ttl="50"/></port></ports></host>
<host endtime="1733446160"><address addr="202.46.254.58" addrtype="ipv4"/><ports><port protocol="tcp" portid="5060"><state state="open" reason="syn-ack" reason_ttl="51"/></port></ports></host>
<host endtime="1733446161"><address addr="202.46.254.25" addrtype="ipv4"/><ports><port protocol="tcp" portid="5060"><state state="open" reason="syn-ack" reason_ttl="51"/></port></ports></host>
<host endtime="1733446161"><address addr="199.123.27.226" addrtype="ipv4"/><ports><port protocol="tcp" portid="5060"><state state="open" reason="syn-ack" reason_ttl="229"/></port></ports></host>
<host endtime="1733446162"><address addr="202.46.248.52" addrtype="ipv4"/><ports><port protocol="tcp" portid="5060"><state state="open" reason="syn-ack" reason_ttl="51"/></port></ports></host>
<host endtime="1733446162"><address addr="202.46.2.24" addrtype="ipv4"/><ports><port protocol="tcp" portid="5060"><state state="open" reason="syn-ack" reason_ttl="51"/></port></ports></host>
<host endtime="1733446162"><address addr="103.83.18.87" addrtype="ipv4"/><ports><port protocol="tcp" portid="5060"><state state="open" reason="syn-ack" reason_ttl="48"/></port></ports></host>
<host endtime="1733446167"><address addr="202.46.13.93" addrtype="ipv4"/><ports><port protocol="tcp" portid="5060"><state state="open" reason="syn-ack" reason_ttl="51"/></port></ports></host>
<host endtime="1733446167"><address addr="202.46.247.20" addrtype="ipv4"/><ports><port protocol="tcp" portid="5060"><state state="open" reason="syn-ack" reason_ttl="51"/></port></ports></host>
<host endtime="1733446168"><address addr="202.46.251.179" addrtype="ipv4"/><ports><port protocol="tcp" portid="5060"><state state="open" reason="syn-ack" reason_ttl="51"/></port></ports></host>
<host endtime="1733446169"><address addr="103.224.214.159" addrtype="ipv4"/><ports><port protocol="tcp" portid="5060"><state state="open" reason="syn-ack" reason_ttl="48"/></port></ports></host>
<host endtime="1733446172"><address addr="202.46.8.171" addrtype="ipv4"/><ports><port protocol="tcp" portid="5060"><state state="open" reason="syn-ack" reason_ttl="50"/></port></ports></host>
<host endtime="1733446173"><address addr="199.201.237.61" addrtype="ipv4"/><ports><port protocol="tcp" portid="5060"><state state="open" reason="syn-ack" reason_ttl="47"/></port></ports></host>
<host endtime="1733446173"><address addr="202.46.7.83" addrtype="ipv4"/><ports><port protocol="tcp" portid="5060"><state state="open" reason="syn-ack" reason_ttl="51"/></port></ports></host>
<host endtime="1733446173"><address addr="193.103.200.138" addrtype="ipv4"/><ports><port protocol="tcp" portid="5060"><state state="open" reason="syn-ack" reason_ttl="52"/></port></ports></host>
<host endtime="1733446176"><address addr="202.46.242.171" addrtype="ipv4"/><ports><port protocol="tcp" portid="5060"><state state="open" reason="syn-ack" reason_ttl="51"/></port></ports></host>
<host endtime="1733446177"><address addr="202.46.249.28" addrtype="ipv4"/><ports><port protocol="tcp" portid="5060"><state state="open" reason="syn-ack" reason_ttl="50"/></port></ports></host>
<host endtime="1733446179"><address addr="202.46.253.241" addrtype="ipv4"/><ports><port protocol="tcp" portid="5060"><state state="open" reason="syn-ack" reason_ttl="51"/></port></ports></host>
<host endtime="1733446181"><address addr="202.46.14.213" addrtype="ipv4"/><ports><port protocol="tcp" portid="5060"><state state="open" reason="syn-ack" reason_ttl="51"/></port></ports></host>
<host endtime="1733446182"><address addr="202.46.243.62" addrtype="ipv4"/><ports><port protocol="tcp" portid="5060"><state state="open" reason="syn-ack" reason_ttl="51"/></port></ports></host>
<host endtime="1733446184"><address addr="202.46.242.110" addrtype="ipv4"/><ports><port protocol="tcp" portid="5060"><state state="open" reason="syn-ack" reason_ttl="51"/></port></ports></host>
<host endtime="1733446184"><address addr="199.123.24.46" addrtype="ipv4"/><ports><port protocol="tcp" portid="5060"><state state="open" reason="syn-ack" reason_ttl="229"/></port></ports></host>
<host endtime="1733446185"><address addr="199.123.24.154" addrtype="ipv4"/><ports><port protocol="tcp" portid="5060"><state state="open" reason="syn-ack" reason_ttl="229"/></port></ports></host>
<host endtime="1733446188"><address addr="202.46.255.135" addrtype="ipv4"/><ports><port protocol="tcp" portid="5060"><state state="open" reason="syn-ack" reason_ttl="51"/></port></ports></host>
<host endtime="1733446189"><address addr="202.46.6.7" addrtype="ipv4"/><ports><port protocol="tcp" portid="5061"><state state="open" reason="syn-ack" reason_ttl="49"/></port></ports></host>
<host endtime="1733446192"><address addr="199.201.236.51" addrtype="ipv4"/><ports><port protocol="tcp" portid="5060"><state state="open" reason="syn-ack" reason_ttl="47"/></port></ports></host>
<host endtime="1733446192"><address addr="199.201.236.98" addrtype="ipv4"/><ports><port protocol="tcp" portid="5060"><state state="open" reason="syn-ack" reason_ttl="47"/></port></ports></host>
<host endtime="1733446192"><address addr="202.46.1.225" addrtype="ipv4"/><ports><port protocol="tcp" portid="5060"><state state="open" reason="syn-ack" reason_ttl="51"/></port></ports></host>
<host endtime="1733446194"><address addr="202.46.240.154" addrtype="ipv4"/><ports><port protocol="tcp" portid="5060"><state state="open" reason="syn-ack" reason_ttl="50"/></port></ports></host>
<host endtime="1733446194"><address addr="193.98.229.24" addrtype="ipv4"/><ports><port protocol="tcp" portid="5061"><state state="open" reason="syn-ack" reason_ttl="49"/></port></ports></host>
<host endtime="1733446196"><address addr="103.83.19.41" addrtype="ipv4"/><ports><port protocol="tcp" portid="5060"><state state="open" reason="syn-ack" reason_ttl="48"/></port></ports></host>
<host endtime="1733446204"><address addr="202.46.8.212" addrtype="ipv4"/><ports><port protocol="tcp" portid="5060"><state state="open" reason="syn-ack" reason_ttl="50"/></port></ports></host>
<host endtime="1733446206"><address addr="193.103.200.55" addrtype="ipv4"/><ports><port protocol="tcp" portid="5060"><state state="open" reason="syn-ack" reason_ttl="54"/></port></ports></host>
<host endtime="1733446207"><address addr="202.46.10.148" addrtype="ipv4"/><ports><port protocol="tcp" portid="5060"><state state="open" reason="syn-ack" reason_ttl="51"/></port></ports></host>
<host endtime="1733446211"><address addr="202.46.248.1" addrtype="ipv4"/><ports><port protocol="tcp" portid="5060"><state state="open" reason="syn-ack" reason_ttl="51"/></port></ports></host>
<host endtime="1733446216"><address addr="202.46.255.133" addrtype="ipv4"/><ports><port protocol="tcp" portid="5060"><state state="open" reason="syn-ack" reason_ttl="50"/></port></ports></host>
<host endtime="1733446220"><address addr="199.123.24.188" addrtype="ipv4"/><ports><port protocol="tcp" portid="5060"><state state="open" reason="syn-ack" reason_ttl="229"/></port></ports></host>
<host endtime="1733446220"><address addr="202.46.6.170" addrtype="ipv4"/><ports><port protocol="tcp" portid="5060"><state state="open" reason="syn-ack" reason_ttl="51"/></port></ports></host>
<host endtime="1733446221"><address addr="193.98.116.65" addrtype="ipv4"/><ports><port protocol="tcp" portid="5060"><state state="open" reason="syn-ack" reason_ttl="48"/></port></ports></host>
<host endtime="1733446222"><address addr="202.46.240.32" addrtype="ipv4"/><ports><port protocol="tcp" portid="5060"><state state="open" reason="syn-ack" reason_ttl="50"/></port></ports></host>
<host endtime="1733446225"><address addr="103.224.214.247" addrtype="ipv4"/><ports><port protocol="tcp" portid="5060"><state state="open" reason="syn-ack" reason_ttl="48"/></port></ports></host>
<host endtime="1733446226"><address addr="193.98.229.73" addrtype="ipv4"/><ports><port protocol="tcp" portid="5061"><state state="open" reason="syn-ack" reason_ttl="49"/></port></ports></host>
<host endtime="1733446227"><address addr="202.46.3.44" addrtype="ipv4"/><ports><port protocol="tcp" portid="5060"><state state="open" reason="syn-ack" reason_ttl="51"/></port></ports></host>
<host endtime="1733446227"><address addr="193.103.200.106" addrtype="ipv4"/><ports><port protocol="tcp" portid="5060"><state state="open" reason="syn-ack" reason_ttl="52"/></port></ports></host>
<host endtime="1733446228"><address addr="202.46.9.7" addrtype="ipv4"/><ports><port protocol="tcp" portid="5060"><state state="open" reason="syn-ack" reason_ttl="51"/></port></ports></host>
<host endtime="1733446230"><address addr="202.46.1.223" addrtype="ipv4"/><ports><port protocol="tcp" portid="5060"><state state="open" reason="syn-ack" reason_ttl="51"/></port></ports></host>
<host endtime="1733446230"><address addr="202.46.10.196" addrtype="ipv4"/><ports><port protocol="tcp" portid="5060"><state state="open" reason="syn-ack" reason_ttl="50"/></port></ports></host>
<host endtime="1733446232"><address addr="202.46.241.243" addrtype="ipv4"/><ports><port protocol="tcp" portid="5060"><state state="open" reason="syn-ack" reason_ttl="51"/></port></ports></host>
<host endtime="1733446233"><address addr="202.46.5.249" addrtype="ipv4"/><ports><port protocol="tcp" portid="5060"><state state="open" reason="syn-ack" reason_ttl="50"/></port></ports></host>
<host endtime="1733446233"><address addr="202.46.10.133" addrtype="ipv4"/><ports><port protocol="tcp" portid="5060"><state state="open" reason="syn-ack" reason_ttl="51"/></port></ports></host>
<host endtime="1733446234"><address addr="202.46.253.136" addrtype="ipv4"/><ports><port protocol="tcp" portid="5060"><state state="open" reason="syn-ack" reason_ttl="50"/></port></ports></host>
<host endtime="1733446236"><address addr="202.46.241.186" addrtype="ipv4"/><ports><port protocol="tcp" portid="5060"><state state="open" reason="syn-ack" reason_ttl="51"/></port></ports></host>
<host endtime="1733446237"><address addr="202.46.242.183" addrtype="ipv4"/><ports><port protocol="tcp" portid="5060"><state state="open" reason="syn-ack" reason_ttl="51"/></port></ports></host>
<host endtime="1733446237"><address addr="202.46.252.44" addrtype="ipv4"/><ports><port protocol="tcp" portid="5060"><state state="open" reason="syn-ack" reason_ttl="51"/></port></ports></host>
<host endtime="1733446239"><address addr="202.46.12.125" addrtype="ipv4"/><ports><port protocol="tcp" portid="5060"><state state="open" reason="syn-ack" reason_ttl="50"/></port></ports></host>
<host endtime="1733446239"><address addr="193.98.229.55" addrtype="ipv4"/><ports><port protocol="tcp" portid="5060"><state state="open" reason="syn-ack" reason_ttl="49"/></port></ports></host>
<host endtime="1733446240"><address addr="202.46.5.192" addrtype="ipv4"/><ports><port protocol="tcp" portid="5060"><state state="open" reason="syn-ack" reason_ttl="51"/></port></ports></host>
<host endtime="1733446242"><address addr="202.46.11.121" addrtype="ipv4"/><ports><port protocol="tcp" portid="5060"><state state="open" reason="syn-ack" reason_ttl="51"/></port></ports></host>
<host endtime="1733446243"><address addr="202.46.246.48" addrtype="ipv4"/><ports><port protocol="tcp" portid="5060"><state state="open" reason="syn-ack" reason_ttl="51"/></port></ports></host>
<host endtime="1733446243"><address addr="199.123.27.166" addrtype="ipv4"/><ports><port protocol="tcp" portid="5060"><state state="open" reason="syn-ack" reason_ttl="229"/></port></ports></host>
<host endtime="1733446251"><address addr="202.46.12.169" addrtype="ipv4"/><ports><port protocol="tcp" portid="5060"><state state="open" reason="syn-ack" reason_ttl="50"/></port></ports></host>
<host endtime="1733446253"><address addr="202.46.3.143" addrtype="ipv4"/><ports><port protocol="tcp" portid="5060"><state state="open" reason="syn-ack" reason_ttl="51"/></port></ports></host>
<host endtime="1733446257"><address addr="202.46.251.80" addrtype="ipv4"/><ports><port protocol="tcp" portid="5060"><state state="open" reason="syn-ack" reason_ttl="50"/></port></ports></host>
<host endtime="1733446258"><address addr="202.46.9.217" addrtype="ipv4"/><ports><port protocol="tcp" portid="5060"><state state="open" reason="syn-ack" reason_ttl="51"/></port></ports></host>
<host endtime="1733446259"><address addr="202.46.2.43" addrtype="ipv4"/><ports><port protocol="tcp" portid="5060"><state state="open" reason="syn-ack" reason_ttl="50"/></port></ports></host>
<host endtime="1733446260"><address addr="202.46.245.152" addrtype="ipv4"/><ports><port protocol="tcp" portid="5060"><state state="open" reason="syn-ack" reason_ttl="51"/></port></ports></host>
<host endtime="1733446260"><address addr="193.103.200.159" addrtype="ipv4"/><ports><port protocol="tcp" portid="5060"><state state="open" reason="syn-ack" reason_ttl="52"/></port></ports></host>
<host endtime="1733446263"><address addr="202.46.252.160" addrtype="ipv4"/><ports><port protocol="tcp" portid="5060"><state state="open" reason="syn-ack" reason_ttl="50"/></port></ports></host>
<host endtime="1733446264"><address addr="202.46.10.183" addrtype="ipv4"/><ports><port protocol="tcp" portid="5060"><state state="open" reason="syn-ack" reason_ttl="51"/></port></ports></host>
<host endtime="1733446269"><address addr="202.46.249.145" addrtype="ipv4"/><ports><port protocol="tcp" portid="5060"><state state="open" reason="syn-ack" reason_ttl="51"/></port></ports></host>
<host endtime="1733446269"><address addr="202.46.251.73" addrtype="ipv4"/><ports><port protocol="tcp" portid="5060"><state state="open" reason="syn-ack" reason_ttl="51"/></port></ports></host>
<host endtime="1733446272"><address addr="202.46.253.0" addrtype="ipv4"/><ports><port protocol="tcp" portid="5060"><state state="open" reason="syn-ack" reason_ttl="51"/></port></ports></host>
<host endtime="1733446272"><address addr="202.46.1.221" addrtype="ipv4"/><ports><port protocol="tcp" portid="5060"><state state="open" reason="syn-ack" reason_ttl="51"/></port></ports></host>
<host endtime="1733446274"><address addr="202.46.11.233" addrtype="ipv4"/><ports><port protocol="tcp" portid="5060"><state state="open" reason="syn-ack" reason_ttl="51"/></port></ports></host>
<host endtime="1733446276"><address addr="103.224.214.15" addrtype="ipv4"/><ports><port protocol="tcp" portid="5060"><state state="open" reason="syn-ack" reason_ttl="48"/></port></ports></host>
<host endtime="1733446276"><address addr="202.46.251.14" addrtype="ipv4"/><ports><port protocol="tcp" portid="5060"><state state="open" reason="syn-ack" reason_ttl="50"/></port></ports></host>
<host endtime="1733446278"><address addr="202.46.246.202" addrtype="ipv4"/><ports><port protocol="tcp" portid="5060"><state state="open" reason="syn-ack" reason_ttl="51"/></port></ports></host>
<host endtime="1733446281"><address addr="103.83.18.222" addrtype="ipv4"/><ports><port protocol="tcp" portid="5060"><state state="open" reason="syn-ack" reason_ttl="48"/></port></ports></host>
<host endtime="1733446282"><address addr="199.201.237.152" addrtype="ipv4"/><ports><port protocol="tcp" portid="5060"><state state="open" reason="syn-ack" reason_ttl="47"/></port></ports></host>
<host endtime="1733446287"><address addr="202.46.2.211" addrtype="ipv4"/><ports><port protocol="tcp" portid="5060"><state state="open" reason="syn-ack" reason_ttl="51"/></port></ports></host>
<host endtime="1733446291"><address addr="202.46.244.200" addrtype="ipv4"/><ports><port protocol="tcp" portid="5060"><state state="open" reason="syn-ack" reason_ttl="51"/></port></ports></host>
<host endtime="1733446293"><address addr="202.46.250.111" addrtype="ipv4"/><ports><port protocol="tcp" portid="5060"><state state="open" reason="syn-ack" reason_ttl="51"/></port></ports></host>
<host endtime="1733446293"><address addr="202.46.10.12" addrtype="ipv4"/><ports><port protocol="tcp" portid="5060"><state state="open" reason="syn-ack" reason_ttl="51"/></port></ports></host>
<host endtime="1733446294"><address addr="202.46.252.19" addrtype="ipv4"/><ports><port protocol="tcp" portid="5060"><state state="open" reason="syn-ack" reason_ttl="51"/></port></ports></host>
<host endtime="1733446294"><address addr="202.46.10.176" addrtype="ipv4"/><ports><port protocol="tcp" portid="5060"><state state="open" reason="syn-ack" reason_ttl="51"/></port></ports></host>
<host endtime="1733446294"><address addr="103.177.50.28" addrtype="ipv4"/><ports><port protocol="tcp" portid="5060"><state state="open" reason="syn-ack" reason_ttl="120"/></port></ports></host>
<host endtime="1733446296"><address addr="202.46.15.188" addrtype="ipv4"/><ports><port protocol="tcp" portid="5060"><state state="open" reason="syn-ack" reason_ttl="50"/></port></ports></host>
<host endtime="1733446298"><address addr="202.46.242.148" addrtype="ipv4"/><ports><port protocol="tcp" portid="5060"><state state="open" reason="syn-ack" reason_ttl="50"/></port></ports></host>
<host endtime="1733446299"><address addr="202.46.5.74" addrtype="ipv4"/><ports><port protocol="tcp" portid="5060"><state state="open" reason="syn-ack" reason_ttl="50"/></port></ports></host>
<host endtime="1733446301"><address addr="199.201.237.86" addrtype="ipv4"/><ports><port protocol="tcp" portid="5060"><state state="open" reason="syn-ack" reason_ttl="47"/></port></ports></host>
<host endtime="1733446309"><address addr="202.46.242.62" addrtype="ipv4"/><ports><port protocol="tcp" portid="5060"><state state="open" reason="syn-ack" reason_ttl="51"/></port></ports></host>
<host endtime="1733446310"><address addr="199.201.236.60" addrtype="ipv4"/><ports><port protocol="tcp" portid="5060"><state state="open" reason="syn-ack" reason_ttl="47"/></port></ports></host>
<host endtime="1733446312"><address addr="202.46.0.174" addrtype="ipv4"/><ports><port protocol="tcp" portid="5060"><state state="open" reason="syn-ack" reason_ttl="51"/></port></ports></host>
<host endtime="1733446313"><address addr="202.46.8.96" addrtype="ipv4"/><ports><port protocol="tcp" portid="5060"><state state="open" reason="syn-ack" reason_ttl="51"/></port></ports></host>
<host endtime="1733446315"><address addr="202.46.10.162" addrtype="ipv4"/><ports><port protocol="tcp" portid="5060"><state state="open" reason="syn-ack" reason_ttl="51"/></port></ports></host>
<host endtime="1733446316"><address addr="199.123.25.153" addrtype="ipv4"/><ports><port protocol="tcp" portid="5060"><state state="open" reason="syn-ack" reason_ttl="229"/></port></ports></host>
<host endtime="1733446316"><address addr="202.46.10.222" addrtype="ipv4"/><ports><port protocol="tcp" portid="5060"><state state="open" reason="syn-ack" reason_ttl="51"/></port></ports></host>
<host endtime="1733446317"><address addr="202.46.12.12" addrtype="ipv4"/><ports><port protocol="tcp" portid="5060"><state state="open" reason="syn-ack" reason_ttl="51"/></port></ports></host>
<host endtime="1733446317"><address addr="202.46.241.255" addrtype="ipv4"/><ports><port protocol="tcp" portid="5060"><state state="open" reason="syn-ack" reason_ttl="51"/></port></ports></host>
<host endtime="1733446319"><address addr="202.46.247.202" addrtype="ipv4"/><ports><port protocol="tcp" portid="5060"><state state="open" reason="syn-ack" reason_ttl="51"/></port></ports></host>
<host endtime="1733446320"><address addr="202.46.5.50" addrtype="ipv4"/><ports><port protocol="tcp" portid="5060"><state state="open" reason="syn-ack" reason_ttl="51"/></port></ports></host>
<host endtime="1733446321"><address addr="202.46.243.123" addrtype="ipv4"/><ports><port protocol="tcp" portid="5060"><state state="open" reason="syn-ack" reason_ttl="51"/></port></ports></host>
<host endtime="1733446322"><address addr="202.46.4.96" addrtype="ipv4"/><ports><port protocol="tcp" portid="5060"><state state="open" reason="syn-ack" reason_ttl="51"/></port></ports></host>
<host endtime="1733446323"><address addr="202.46.247.204" addrtype="ipv4"/><ports><port protocol="tcp" portid="5060"><state state="open" reason="syn-ack" reason_ttl="51"/></port></ports></host>
<host endtime="1733446324"><address addr="202.46.241.105" addrtype="ipv4"/><ports><port protocol="tcp" portid="5060"><state state="open" reason="syn-ack" reason_ttl="51"/></port></ports></host>
<host endtime="1733446324"><address addr="202.46.2.104" addrtype="ipv4"/><ports><port protocol="tcp" portid="5060"><state state="open" reason="syn-ack" reason_ttl="50"/></port></ports></host>
<host endtime="1733446325"><address addr="202.46.243.19" addrtype="ipv4"/><ports><port protocol="tcp" portid="5060"><state state="open" reason="syn-ack" reason_ttl="51"/></port></ports></host>
<host endtime="1733446327"><address addr="202.46.13.36" addrtype="ipv4"/><ports><port protocol="tcp" portid="5060"><state state="open" reason="syn-ack" reason_ttl="51"/></port></ports></host>
<host endtime="1733446329"><address addr="202.46.249.135" addrtype="ipv4"/><ports><port protocol="tcp" portid="5060"><state state="open" reason="syn-ack" reason_ttl="50"/></port></ports></host>
<host endtime="1733446329"><address addr="199.123.27.33" addrtype="ipv4"/><ports><port protocol="tcp" portid="5060"><state state="open" reason="syn-ack" reason_ttl="229"/></port></ports></host>
<host endtime="1733446330"><address addr="202.46.14.240" addrtype="ipv4"/><ports><port protocol="tcp" portid="5060"><state state="open" reason="syn-ack" reason_ttl="51"/></port></ports></host>
<host endtime="1733446331"><address addr="199.123.25.223" addrtype="ipv4"/><ports><port protocol="tcp" portid="5060"><state state="open" reason="syn-ack" reason_ttl="229"/></port></ports></host>
<host endtime="1733446336"><address addr="103.83.19.145" addrtype="ipv4"/><ports><port protocol="tcp" portid="5060"><state state="open" reason="syn-ack" reason_ttl="48"/></port></ports></host>
<host endtime="1733446342"><address addr="202.46.253.182" addrtype="ipv4"/><ports><port protocol="tcp" portid="5060"><state state="open" reason="syn-ack" reason_ttl="50"/></port></ports></host>
<host endtime="1733446347"><address addr="202.46.13.207" addrtype="ipv4"/><ports><port protocol="tcp" portid="5060"><state state="open" reason="syn-ack" reason_ttl="51"/></port></ports></host>
<host endtime="1733446348"><address addr="202.46.243.114" addrtype="ipv4"/><ports><port protocol="tcp" portid="5060"><state state="open" reason="syn-ack" reason_ttl="51"/></port></ports></host>
<host endtime="1733446350"><address addr="103.83.19.200" addrtype="ipv4"/><ports><port protocol="tcp" portid="5060"><state state="open" reason="syn-ack" reason_ttl="48"/></port></ports></host>
<host endtime="1733446352"><address addr="202.46.15.52" addrtype="ipv4"/><ports><port protocol="tcp" portid="5060"><state state="open" reason="syn-ack" reason_ttl="51"/></port></ports></host>
<host endtime="1733446353"><address addr="202.46.0.155" addrtype="ipv4"/><ports><port protocol="tcp" portid="5060"><state state="open" reason="syn-ack" reason_ttl="50"/></port></ports></host>
<host endtime="1733446360"><address addr="202.46.11.158" addrtype="ipv4"/><ports><port protocol="tcp" portid="5060"><state state="open" reason="syn-ack" reason_ttl="51"/></port></ports></host>
<host endtime="1733446361"><address addr="202.46.7.241" addrtype="ipv4"/><ports><port protocol="tcp" portid="5060"><state state="open" reason="syn-ack" reason_ttl="50"/></port></ports></host>
<host endtime="1733446361"><address addr="193.101.132.7" addrtype="ipv4"/><ports><port protocol="tcp" portid="5061"><state state="open" reason="syn-ack" reason_ttl="47"/></port></ports></host>
<host endtime="1733446362"><address addr="202.46.248.128" addrtype="ipv4"/><ports><port protocol="tcp" portid="5060"><state state="open" reason="syn-ack" reason_ttl="51"/></port></ports></host>
<host endtime="1733446363"><address addr="202.46.253.131" addrtype="ipv4"/><ports><port protocol="tcp" portid="5060"><state state="open" reason="syn-ack" reason_ttl="50"/></port></ports></host>
<host endtime="1733446365"><address addr="202.46.241.220" addrtype="ipv4"/><ports><port protocol="tcp" portid="5060"><state state="open" reason="syn-ack" reason_ttl="51"/></port></ports></host>
<host endtime="1733446368"><address addr="199.201.237.164" addrtype="ipv4"/><ports><port protocol="tcp" portid="5060"><state state="open" reason="syn-ack" reason_ttl="47"/></port></ports></host>
<host endtime="1733446374"><address addr="202.46.12.180" addrtype="ipv4"/><ports><port protocol="tcp" portid="5060"><state state="open" reason="syn-ack" reason_ttl="51"/></port></ports></host>
<host endtime="1733446374"><address addr="202.46.12.163" addrtype="ipv4"/><ports><port protocol="tcp" portid="5060"><state state="open" reason="syn-ack" reason_ttl="50"/></port></ports></host>
<host endtime="1733446375"><address addr="202.46.244.211" addrtype="ipv4"/><ports><port protocol="tcp" portid="5060"><state state="open" reason="syn-ack" reason_ttl="51"/></port></ports></host>
<host endtime="1733446375"><address addr="202.46.243.139" addrtype="ipv4"/><ports><port protocol="tcp" portid="5060"><state state="open" reason="syn-ack" reason_ttl="51"/></port></ports></host>
<host endtime="1733446380"><address addr="103.83.18.0" addrtype="ipv4"/><ports><port protocol="tcp" portid="5060"><state state="open" reason="syn-ack" reason_ttl="48"/></port></ports></host>
<host endtime="1733446381"><address addr="199.123.24.128" addrtype="ipv4"/><ports><port protocol="tcp" portid="5060"><state state="open" reason="syn-ack" reason_ttl="229"/></port></ports></host>
<host endtime="1733446383"><address addr="202.46.246.29" addrtype="ipv4"/><ports><port protocol="tcp" portid="5060"><state state="open" reason="syn-ack" reason_ttl="51"/></port></ports></host>
<host endtime="1733446387"><address addr="202.46.10.115" addrtype="ipv4"/><ports><port protocol="tcp" portid="5060"><state state="open" reason="syn-ack" reason_ttl="51"/></port></ports></host>
<host endtime="1733446387"><address addr="202.46.7.5" addrtype="ipv4"/><ports><port protocol="tcp" portid="5060"><state state="open" reason="syn-ack" reason_ttl="51"/></port></ports></host>
<host endtime="1733446388"><address addr="103.83.18.207" addrtype="ipv4"/><ports><port protocol="tcp" portid="5060"><state state="open" reason="syn-ack" reason_ttl="48"/></port></ports></host>
<host endtime="1733446389"><address addr="202.46.254.103" addrtype="ipv4"/><ports><port protocol="tcp" portid="5060"><state state="open" reason="syn-ack" reason_ttl="51"/></port></ports></host>
<host endtime="1733446389"><address addr="202.46.5.53" addrtype="ipv4"/><ports><port protocol="tcp" portid="5060"><state state="open" reason="syn-ack" reason_ttl="51"/></port></ports></host>
<host endtime="1733446392"><address addr="202.46.249.40" addrtype="ipv4"/><ports><port protocol="tcp" portid="5060"><state state="open" reason="syn-ack" reason_ttl="51"/></port></ports></host>
<host endtime="1733446394"><address addr="202.46.11.16" addrtype="ipv4"/><ports><port protocol="tcp" portid="5060"><state state="open" reason="syn-ack" reason_ttl="50"/></port></ports></host>
<host endtime="1733446394"><address addr="199.201.236.29" addrtype="ipv4"/><ports><port protocol="tcp" portid="5060"><state state="open" reason="syn-ack" reason_ttl="47"/></port></ports></host>
<host endtime="1733446399"><address addr="202.46.0.77" addrtype="ipv4"/><ports><port protocol="tcp" portid="5060"><state state="open" reason="syn-ack" reason_ttl="51"/></port></ports></host>
<host endtime="1733446401"><address addr="103.83.19.73" addrtype="ipv4"/><ports><port protocol="tcp" portid="5060"><state state="open" reason="syn-ack" reason_ttl="48"/></port></ports></host>
<host endtime="1733446403"><address addr="202.46.252.15" addrtype="ipv4"/><ports><port protocol="tcp" portid="5060"><state state="open" reason="syn-ack" reason_ttl="51"/></port></ports></host>
<host endtime="1733446404"><address addr="202.46.250.172" addrtype="ipv4"/><ports><port protocol="tcp" portid="5060"><state state="open" reason="syn-ack" reason_ttl="51"/></port></ports></host>
<host endtime="1733446405"><address addr="202.46.0.10" addrtype="ipv4"/><ports><port protocol="tcp" portid="5060"><state state="open" reason="syn-ack" reason_ttl="51"/></port></ports></host>
<host endtime="1733446405"><address addr="103.83.19.0" addrtype="ipv4"/><ports><port protocol="tcp" portid="5060"><state state="open" reason="syn-ack" reason_ttl="48"/></port></ports></host>
<host endtime="1733446406"><address addr="199.123.27.181" addrtype="ipv4"/><ports><port protocol="tcp" portid="5060"><state state="open" reason="syn-ack" reason_ttl="229"/></port></ports></host>
<host endtime="1733446407"><address addr="202.46.6.185" addrtype="ipv4"/><ports><port protocol="tcp" portid="5060"><state state="open" reason="syn-ack" reason_ttl="51"/></port></ports></host>
<host endtime="1733446409"><address addr="202.46.8.132" addrtype="ipv4"/><ports><port protocol="tcp" portid="5060"><state state="open" reason="syn-ack" reason_ttl="51"/></port></ports></host>
<host endtime="1733446409"><address addr="202.46.0.186" addrtype="ipv4"/><ports><port protocol="tcp" portid="5060"><state state="open" reason="syn-ack" reason_ttl="51"/></port></ports></host>
<host endtime="1733446410"><address addr="202.46.2.142" addrtype="ipv4"/><ports><port protocol="tcp" portid="5060"><state state="open" reason="syn-ack" reason_ttl="51"/></port></ports></host>
<host endtime="1733446410"><address addr="193.103.206.211" addrtype="ipv4"/><ports><port protocol="tcp" portid="5060"><state state="open" reason="syn-ack" reason_ttl="52"/></port></ports></host>
<host endtime="1733446412"><address addr="202.46.246.220" addrtype="ipv4"/><ports><port protocol="tcp" portid="5060"><state state="open" reason="syn-ack" reason_ttl="51"/></port></ports></host>
<host endtime="1733446420"><address addr="202.46.247.61" addrtype="ipv4"/><ports><port protocol="tcp" portid="5060"><state state="open" reason="syn-ack" reason_ttl="51"/></port></ports></host>
<host endtime="1733446420"><address addr="202.46.13.167" addrtype="ipv4"/><ports><port protocol="tcp" portid="5060"><state state="open" reason="syn-ack" reason_ttl="51"/></port></ports></host>
<host endtime="1733446420"><address addr="202.46.6.223" addrtype="ipv4"/><ports><port protocol="tcp" portid="5060"><state state="open" reason="syn-ack" reason_ttl="51"/></port></ports></host>
<host endtime="1733446420"><address addr="199.123.24.34" addrtype="ipv4"/><ports><port protocol="tcp" portid="5060"><state state="open" reason="syn-ack" reason_ttl="229"/></port></ports></host>
<host endtime="1733446420"><address addr="202.46.4.240" addrtype="ipv4"/><ports><port protocol="tcp" portid="5060"><state state="open" reason="syn-ack" reason_ttl="51"/></port></ports></host>
<host endtime="1733446422"><address addr="202.46.12.141" addrtype="ipv4"/><ports><port protocol="tcp" portid="5060"><state state="open" reason="syn-ack" reason_ttl="50"/></port></ports></host>
<host endtime="1733446423"><address addr="202.46.248.76" addrtype="ipv4"/><ports><port protocol="tcp" portid="5060"><state state="open" reason="syn-ack" reason_ttl="51"/></port></ports></host>
<host endtime="1733446426"><address addr="202.46.249.118" addrtype="ipv4"/><ports><port protocol="tcp" portid="5060"><state state="open" reason="syn-ack" reason_ttl="51"/></port></ports></host>
<host endtime="1733446427"><address addr="202.46.1.96" addrtype="ipv4"/><ports><port protocol="tcp" portid="5060"><state state="open" reason="syn-ack" reason_ttl="51"/></port></ports></host>
<host endtime="1733446427"><address addr="202.46.250.215" addrtype="ipv4"/><ports><port protocol="tcp" portid="5060"><state state="open" reason="syn-ack" reason_ttl="50"/></port></ports></host>
<host endtime="1733446431"><address addr="103.83.19.161" addrtype="ipv4"/><ports><port protocol="tcp" portid="5060"><state state="open" reason="syn-ack" reason_ttl="48"/></port></ports></host>
<host endtime="1733446433"><address addr="199.201.236.197" addrtype="ipv4"/><ports><port protocol="tcp" portid="5060"><state state="open" reason="syn-ack" reason_ttl="47"/></port></ports></host>
<host endtime="1733446434"><address addr="193.103.200.229" addrtype="ipv4"/><ports><port protocol="tcp" portid="5060"><state state="open" reason="syn-ack" reason_ttl="54"/></port></ports></host>
<host endtime="1733446434"><address addr="193.98.229.54" addrtype="ipv4"/><ports><port protocol="tcp" portid="5060"><state state="open" reason="syn-ack" reason_ttl="47"/></port></ports></host>
<host endtime="1733446434"><address addr="103.224.214.88" addrtype="ipv4"/><ports><port protocol="tcp" portid="5060"><state state="open" reason="syn-ack" reason_ttl="48"/></port></ports></host>
<host endtime="1733446435"><address addr="202.46.11.84" addrtype="ipv4"/><ports><port protocol="tcp" portid="5060"><state state="open" reason="syn-ack" reason_ttl="51"/></port></ports></host>
<host endtime="1733446441"><address addr="199.123.25.62" addrtype="ipv4"/><ports><port protocol="tcp" portid="5060"><state state="open" reason="syn-ack" reason_ttl="229"/></port></ports></host>
<host endtime="1733446441"><address addr="202.46.251.79" addrtype="ipv4"/><ports><port protocol="tcp" portid="5060"><state state="open" reason="syn-ack" reason_ttl="51"/></port></ports></host>
<host endtime="1733446442"><address addr="199.201.237.6" addrtype="ipv4"/><ports><port protocol="tcp" portid="5060"><state state="open" reason="syn-ack" reason_ttl="47"/></port></ports></host>
<host endtime="1733446449"><address addr="199.123.24.1" addrtype="ipv4"/><ports><port protocol="tcp" portid="5060"><state state="open" reason="syn-ack" reason_ttl="229"/></port></ports></host>
<host endtime="1733446452"><address addr="202.46.255.140" addrtype="ipv4"/><ports><port protocol="tcp" portid="5060"><state state="open" reason="syn-ack" reason_ttl="50"/></port></ports></host>
<host endtime="1733446452"><address addr="202.46.250.210" addrtype="ipv4"/><ports><port protocol="tcp" portid="5060"><state state="open" reason="syn-ack" reason_ttl="50"/></port></ports></host>
<host endtime="1733446456"><address addr="202.46.2.165" addrtype="ipv4"/><ports><port protocol="tcp" portid="5060"><state state="open" reason="syn-ack" reason_ttl="51"/></port></ports></host>
<host endtime="1733446458"><address addr="202.46.11.173" addrtype="ipv4"/><ports><port protocol="tcp" portid="5060"><state state="open" reason="syn-ack" reason_ttl="51"/></port></ports></host>
<host endtime="1733446464"><address addr="202.46.248.218" addrtype="ipv4"/><ports><port protocol="tcp" portid="5060"><state state="open" reason="syn-ack" reason_ttl="51"/></port></ports></host>
<host endtime="1733446465"><address addr="193.103.206.98" addrtype="ipv4"/><ports><port protocol="tcp" portid="5060"><state state="open" reason="syn-ack" reason_ttl="52"/></port></ports></host>
<host endtime="1733446467"><address addr="202.46.12.188" addrtype="ipv4"/><ports><port protocol="tcp" portid="5060"><state state="open" reason="syn-ack" reason_ttl="51"/></port></ports></host>
<host endtime="1733446467"><address addr="202.46.250.149" addrtype="ipv4"/><ports><port protocol="tcp" portid="5060"><state state="open" reason="syn-ack" reason_ttl="51"/></port></ports></host>
<host endtime="1733446467"><address addr="202.46.6.63" addrtype="ipv4"/><ports><port protocol="tcp" portid="5060"><state state="open" reason="syn-ack" reason_ttl="50"/></port></ports></host>
<host endtime="1733446468"><address addr="202.46.4.210" addrtype="ipv4"/><ports><port protocol="tcp" portid="5060"><state state="open" reason="syn-ack" reason_ttl="50"/></port></ports></host>
<host endtime="1733446468"><address addr="199.123.24.17" addrtype="ipv4"/><ports><port protocol="tcp" portid="5060"><state state="open" reason="syn-ack" reason_ttl="229"/></port></ports></host>
<host endtime="1733446471"><address addr="202.46.15.229" addrtype="ipv4"/><ports><port protocol="tcp" portid="5060"><state state="open" reason="syn-ack" reason_ttl="51"/></port></ports></host>
<host endtime="1733446477"><address addr="202.46.5.149" addrtype="ipv4"/><ports><port protocol="tcp" portid="5060"><state state="open" reason="syn-ack" reason_ttl="51"/></port></ports></host>
<host endtime="1733446479"><address addr="193.98.229.82" addrtype="ipv4"/><ports><port protocol="tcp" portid="5060"><state state="open" reason="syn-ack" reason_ttl="44"/></port></ports></host>
<host endtime="1733446488"><address addr="202.46.7.187" addrtype="ipv4"/><ports><port protocol="tcp" portid="5060"><state state="open" reason="syn-ack" reason_ttl="51"/></port></ports></host>
<host endtime="1733446494"><address addr="199.123.25.120" addrtype="ipv4"/><ports><port protocol="tcp" portid="5060"><state state="open" reason="syn-ack" reason_ttl="229"/></port></ports></host>
<host endtime="1733446494"><address addr="202.46.253.107" addrtype="ipv4"/><ports><port protocol="tcp" portid="5060"><state state="open" reason="syn-ack" reason_ttl="51"/></port></ports></host>
<host endtime="1733446495"><address addr="202.46.0.192" addrtype="ipv4"/><ports><port protocol="tcp" portid="5060"><state state="open" reason="syn-ack" reason_ttl="50"/></port></ports></host>
<host endtime="1733446495"><address addr="199.123.26.27" addrtype="ipv4"/><ports><port protocol="tcp" portid="5060"><state state="open" reason="syn-ack" reason_ttl="229"/></port></ports></host>
<host endtime="1733446500"><address addr="199.123.26.118" addrtype="ipv4"/><ports><port protocol="tcp" portid="5060"><state state="open" reason="syn-ack" reason_ttl="229"/></port></ports></host>
<host endtime="1733446504"><address addr="199.123.27.86" addrtype="ipv4"/><ports><port protocol="tcp" portid="5060"><state state="open" reason="syn-ack" reason_ttl="229"/></port></ports></host>
<host endtime="1733446510"><address addr="202.46.241.86" addrtype="ipv4"/><ports><port protocol="tcp" portid="5060"><state state="open" reason="syn-ack" reason_ttl="51"/></port></ports></host>
<host endtime="1733446517"><address addr="103.83.18.82" addrtype="ipv4"/><ports><port protocol="tcp" portid="5060"><state state="open" reason="syn-ack" reason_ttl="48"/></port></ports></host>
<host endtime="1733446518"><address addr="193.98.119.116" addrtype="ipv4"/><ports><port protocol="tcp" portid="5060"><state state="open" reason="syn-ack" reason_ttl="49"/></port></ports></host>
<host endtime="1733446518"><address addr="103.83.18.94" addrtype="ipv4"/><ports><port protocol="tcp" portid="5060"><state state="open" reason="syn-ack" reason_ttl="48"/></port></ports></host>
<host endtime="1733446523"><address addr="202.46.8.89" addrtype="ipv4"/><ports><port protocol="tcp" portid="5060"><state state="open" reason="syn-ack" reason_ttl="51"/></port></ports></host>
<host endtime="1733446525"><address addr="202.46.247.140" addrtype="ipv4"/><ports><port protocol="tcp" portid="5060"><state state="open" reason="syn-ack" reason_ttl="50"/></port></ports></host>
<host endtime="1733446527"><address addr="103.83.19.36" addrtype="ipv4"/><ports><port protocol="tcp" portid="5060"><state state="open" reason="syn-ack" reason_ttl="48"/></port></ports></host>
<host endtime="1733446529"><address addr="202.46.241.140" addrtype="ipv4"/><ports><port protocol="tcp" portid="5060"><state state="open" reason="syn-ack" reason_ttl="51"/></port></ports></host>
<host endtime="1733446531"><address addr="202.46.11.65" addrtype="ipv4"/><ports><port protocol="tcp" portid="5060"><state state="open" reason="syn-ack" reason_ttl="51"/></port></ports></host>
<host endtime="1733446531"><address addr="103.224.215.93" addrtype="ipv4"/><ports><port protocol="tcp" portid="5060"><state state="open" reason="syn-ack" reason_ttl="48"/></port></ports></host>
<host endtime="1733446532"><address addr="202.46.2.163" addrtype="ipv4"/><ports><port protocol="tcp" portid="5060"><state state="open" reason="syn-ack" reason_ttl="51"/></port></ports></host>
<host endtime="1733446533"><address addr="202.46.243.247" addrtype="ipv4"/><ports><port protocol="tcp" portid="5060"><state state="open" reason="syn-ack" reason_ttl="50"/></port></ports></host>
<host endtime="1733446533"><address addr="202.46.242.130" addrtype="ipv4"/><ports><port protocol="tcp" portid="5060"><state state="open" reason="syn-ack" reason_ttl="50"/></port></ports></host>
<host endtime="1733446533"><address addr="202.46.247.81" addrtype="ipv4"/><ports><port protocol="tcp" portid="5060"><state state="open" reason="syn-ack" reason_ttl="51"/></port></ports></host>
<host endtime="1733446534"><address addr="202.46.0.85" addrtype="ipv4"/><ports><port protocol="tcp" portid="5060"><state state="open" reason="syn-ack" reason_ttl="51"/></port></ports></host>
<host endtime="1733446537"><address addr="202.46.241.110" addrtype="ipv4"/><ports><port protocol="tcp" portid="5060"><state state="open" reason="syn-ack" reason_ttl="51"/></port></ports></host>
<host endtime="1733446540"><address addr="202.46.1.169" addrtype="ipv4"/><ports><port protocol="tcp" portid="5060"><state state="open" reason="syn-ack" reason_ttl="50"/></port></ports></host>
<host endtime="1733446540"><address addr="202.46.243.204" addrtype="ipv4"/><ports><port protocol="tcp" portid="5060"><state state="open" reason="syn-ack" reason_ttl="50"/></port></ports></host>
<host endtime="1733446542"><address addr="199.123.25.90" addrtype="ipv4"/><ports><port protocol="tcp" portid="5060"><state state="open" reason="syn-ack" reason_ttl="229"/></port></ports></host>
<host endtime="1733446543"><address addr="202.46.7.111" addrtype="ipv4"/><ports><port protocol="tcp" portid="5060"><state state="open" reason="syn-ack" reason_ttl="51"/></port></ports></host>
<host endtime="1733446551"><address addr="103.224.214.130" addrtype="ipv4"/><ports><port protocol="tcp" portid="5060"><state state="open" reason="syn-ack" reason_ttl="48"/></port></ports></host>
<host endtime="1733446551"><address addr="202.46.250.126" addrtype="ipv4"/><ports><port protocol="tcp" portid="5060"><state state="open" reason="syn-ack" reason_ttl="51"/></port></ports></host>
<host endtime="1733446552"><address addr="202.46.253.220" addrtype="ipv4"/><ports><port protocol="tcp" portid="5060"><state state="open" reason="syn-ack" reason_ttl="51"/></port></ports></host>
<host endtime="1733446552"><address addr="193.103.200.150" addrtype="ipv4"/><ports><port protocol="tcp" portid="5060"><state state="open" reason="syn-ack" reason_ttl="54"/></port></ports></host>
<host endtime="1733446553"><address addr="202.46.249.143" addrtype="ipv4"/><ports><port protocol="tcp" portid="5060"><state state="open" reason="syn-ack" reason_ttl="51"/></port></ports></host>
<host endtime="1733446553"><address addr="202.46.4.135" addrtype="ipv4"/><ports><port protocol="tcp" portid="5060"><state state="open" reason="syn-ack" reason_ttl="50"/></port></ports></host>
<host endtime="1733446554"><address addr="202.46.8.0" addrtype="ipv4"/><ports><port protocol="tcp" portid="5060"><state state="open" reason="syn-ack" reason_ttl="51"/></port></ports></host>
<host endtime="1733446554"><address addr="199.123.26.238" addrtype="ipv4"/><ports><port protocol="tcp" portid="5060"><state state="open" reason="syn-ack" reason_ttl="229"/></port></ports></host>
<host endtime="1733446557"><address addr="103.177.50.87" addrtype="ipv4"/><ports><port protocol="tcp" portid="5060"><state state="open" reason="syn-ack" reason_ttl="120"/></port></ports></host>
<host endtime="1733446557"><address addr="202.46.254.110" addrtype="ipv4"/><ports><port protocol="tcp" portid="5060"><state state="open" reason="syn-ack" reason_ttl="50"/></port></ports></host>
<host endtime="1733446558"><address addr="202.46.1.121" addrtype="ipv4"/><ports><port protocol="tcp" portid="5060"><state state="open" reason="syn-ack" reason_ttl="51"/></port></ports></host>
<host endtime="1733446558"><address addr="202.46.10.243" addrtype="ipv4"/><ports><port protocol="tcp" portid="5060"><state state="open" reason="syn-ack" reason_ttl="51"/></port></ports></host>
<host endtime="1733446561"><address addr="202.46.255.23" addrtype="ipv4"/><ports><port protocol="tcp" portid="5060"><state state="open" reason="syn-ack" reason_ttl="51"/></port></ports></host>
<host endtime="1733446562"><address addr="202.46.7.23" addrtype="ipv4"/><ports><port protocol="tcp" portid="5060"><state state="open" reason="syn-ack" reason_ttl="51"/></port></ports></host>
<host endtime="1733446571"><address addr="199.123.27.234" addrtype="ipv4"/><ports><port protocol="tcp" portid="5060"><state state="open" reason="syn-ack" reason_ttl="229"/></port></ports></host>
<host endtime="1733446572"><address addr="202.46.248.115" addrtype="ipv4"/><ports><port protocol="tcp" portid="5060"><state state="open" reason="syn-ack" reason_ttl="50"/></port></ports></host>
<host endtime="1733446572"><address addr="202.46.250.159" addrtype="ipv4"/><ports><port protocol="tcp" portid="5060"><state state="open" reason="syn-ack" reason_ttl="50"/></port></ports></host>
<host endtime="1733446576"><address addr="202.46.12.24" addrtype="ipv4"/><ports><port protocol="tcp" portid="5060"><state state="open" reason="syn-ack" reason_ttl="51"/></port></ports></host>
<host endtime="1733446576"><address addr="202.46.13.232" addrtype="ipv4"/><ports><port protocol="tcp" portid="5060"><state state="open" reason="syn-ack" reason_ttl="51"/></port></ports></host>
<host endtime="1733446578"><address addr="202.46.12.245" addrtype="ipv4"/><ports><port protocol="tcp" portid="5060"><state state="open" reason="syn-ack" reason_ttl="51"/></port></ports></host>
<host endtime="1733446578"><address addr="202.46.243.175" addrtype="ipv4"/><ports><port protocol="tcp" portid="5060"><state state="open" reason="syn-ack" reason_ttl="50"/></port></ports></host>
<host endtime="1733446579"><address addr="193.98.229.58" addrtype="ipv4"/><ports><port protocol="tcp" portid="5061"><state state="open" reason="syn-ack" reason_ttl="47"/></port></ports></host>
<host endtime="1733446581"><address addr="202.46.3.166" addrtype="ipv4"/><ports><port protocol="tcp" portid="5060"><state state="open" reason="syn-ack" reason_ttl="50"/></port></ports></host>
<host endtime="1733446584"><address addr="202.46.7.242" addrtype="ipv4"/><ports><port protocol="tcp" portid="5060"><state state="open" reason="syn-ack" reason_ttl="50"/></port></ports></host>
<host endtime="1733446585"><address addr="202.46.11.120" addrtype="ipv4"/><ports><port protocol="tcp" portid="5060"><state state="open" reason="syn-ack" reason_ttl="50"/></port></ports></host>
<host endtime="1733446588"><address addr="202.46.0.108" addrtype="ipv4"/><ports><port protocol="tcp" portid="5060"><state state="open" reason="syn-ack" reason_ttl="51"/></port></ports></host>
<host endtime="1733446588"><address addr="202.46.12.253" addrtype="ipv4"/><ports><port protocol="tcp" portid="5060"><state state="open" reason="syn-ack" reason_ttl="51"/></port></ports></host>
<host endtime="1733446590"><address addr="199.201.237.129" addrtype="ipv4"/><ports><port protocol="tcp" portid="5060"><state state="open" reason="syn-ack" reason_ttl="47"/></port></ports></host>
<host endtime="1733446592"><address addr="202.46.241.180" addrtype="ipv4"/><ports><port protocol="tcp" portid="5060"><state state="open" reason="syn-ack" reason_ttl="50"/></port></ports></host>
<host endtime="1733446593"><address addr="202.46.250.33" addrtype="ipv4"/><ports><port protocol="tcp" portid="5060"><state state="open" reason="syn-ack" reason_ttl="51"/></port></ports></host>
<host endtime="1733446595"><address addr="202.46.14.163" addrtype="ipv4"/><ports><port protocol="tcp" portid="5060"><state state="open" reason="syn-ack" reason_ttl="51"/></port></ports></host>
<host endtime="1733446596"><address addr="202.46.1.184" addrtype="ipv4"/><ports><port protocol="tcp" portid="5060"><state state="open" reason="syn-ack" reason_ttl="51"/></port></ports></host>
<host endtime="1733446597"><address addr="202.46.253.156" addrtype="ipv4"/><ports><port protocol="tcp" portid="5060"><state state="open" reason="syn-ack" reason_ttl="51"/></port></ports></host>
<host endtime="1733446599"><address addr="197.231.249.59" addrtype="ipv4"/><ports><port protocol="tcp" portid="5060"><state state="open" reason="syn-ack" reason_ttl="44"/></port></ports></host>
<host endtime="1733446601"><address addr="202.46.5.8" addrtype="ipv4"/><ports><port protocol="tcp" portid="5060"><state state="open" reason="syn-ack" reason_ttl="50"/></port></ports></host>
<host endtime="1733446602"><address addr="202.46.0.46" addrtype="ipv4"/><ports><port protocol="tcp" portid="5060"><state state="open" reason="syn-ack" reason_ttl="51"/></port></ports></host>
<host endtime="1733446604"><address addr="202.46.9.19" addrtype="ipv4"/><ports><port protocol="tcp" portid="5060"><state state="open" reason="syn-ack" reason_ttl="50"/></port></ports></host>
<host endtime="1733446605"><address addr="202.46.254.141" addrtype="ipv4"/><ports><port protocol="tcp" portid="5060"><state state="open" reason="syn-ack" reason_ttl="50"/></port></ports></host>
<host endtime="1733446605"><address addr="202.46.9.63" addrtype="ipv4"/><ports><port protocol="tcp" portid="5060"><state state="open" reason="syn-ack" reason_ttl="51"/></port></ports></host>
<host endtime="1733446605"><address addr="202.46.248.43" addrtype="ipv4"/><ports><port protocol="tcp" portid="5060"><state state="open" reason="syn-ack" reason_ttl="50"/></port></ports></host>
<host endtime="1733446607"><address addr="199.123.26.186" addrtype="ipv4"/><ports><port protocol="tcp" portid="5060"><state state="open" reason="syn-ack" reason_ttl="229"/></port></ports></host>
<host endtime="1733446608"><address addr="202.46.255.39" addrtype="ipv4"/><ports><port protocol="tcp" portid="5060"><state state="open" reason="syn-ack" reason_ttl="51"/></port></ports></host>
<host endtime="1733446609"><address addr="202.46.240.1" addrtype="ipv4"/><ports><port protocol="tcp" portid="5060"><state state="open" reason="syn-ack" reason_ttl="51"/></port></ports></host>
<host endtime="1733446609"><address addr="202.46.247.122" addrtype="ipv4"/><ports><port protocol="tcp" portid="5060"><state state="open" reason="syn-ack" reason_ttl="51"/></port></ports></host>
<host endtime="1733446609"><address addr="202.46.1.196" addrtype="ipv4"/><ports><port protocol="tcp" portid="5060"><state state="open" reason="syn-ack" reason_ttl="51"/></port></ports></host>
<host endtime="1733446612"><address addr="202.46.247.38" addrtype="ipv4"/><ports><port protocol="tcp" portid="5060"><state state="open" reason="syn-ack" reason_ttl="51"/></port></ports></host>
<host endtime="1733446613"><address addr="202.46.243.20" addrtype="ipv4"/><ports><port protocol="tcp" portid="5060"><state state="open" reason="syn-ack" reason_ttl="50"/></port></ports></host>
<host endtime="1733446613"><address addr="202.46.15.151" addrtype="ipv4"/><ports><port protocol="tcp" portid="5060"><state state="open" reason="syn-ack" reason_ttl="51"/></port></ports></host>
<host endtime="1733446618"><address addr="202.46.241.196" addrtype="ipv4"/><ports><port protocol="tcp" portid="5060"><state state="open" reason="syn-ack" reason_ttl="51"/></port></ports></host>
<host endtime="1733446619"><address addr="202.46.249.70" addrtype="ipv4"/><ports><port protocol="tcp" portid="5060"><state state="open" reason="syn-ack" reason_ttl="51"/></port></ports></host>
<host endtime="1733446619"><address addr="202.46.250.129" addrtype="ipv4"/><ports><port protocol="tcp" portid="5060"><state state="open" reason="syn-ack" reason_ttl="51"/></port></ports></host>
<host endtime="1733446620"><address addr="103.83.19.116" addrtype="ipv4"/><ports><port protocol="tcp" portid="5060"><state state="open" reason="syn-ack" reason_ttl="48"/></port></ports></host>
<host endtime="1733446626"><address addr="202.46.12.202" addrtype="ipv4"/><ports><port protocol="tcp" portid="5060"><state state="open" reason="syn-ack" reason_ttl="51"/></port></ports></host>
<host endtime="1733446627"><address addr="202.46.247.239" addrtype="ipv4"/><ports><port protocol="tcp" portid="5060"><state state="open" reason="syn-ack" reason_ttl="51"/></port></ports></host>
<host endtime="1733446629"><address addr="202.46.240.236" addrtype="ipv4"/><ports><port protocol="tcp" portid="5060"><state state="open" reason="syn-ack" reason_ttl="50"/></port></ports></host>
<host endtime="1733446631"><address addr="202.46.251.144" addrtype="ipv4"/><ports><port protocol="tcp" portid="5060"><state state="open" reason="syn-ack" reason_ttl="50"/></port></ports></host>
<host endtime="1733446631"><address addr="202.46.253.188" addrtype="ipv4"/><ports><port protocol="tcp" portid="5060"><state state="open" reason="syn-ack" reason_ttl="50"/></port></ports></host>
<host endtime="1733446632"><address addr="202.46.9.186" addrtype="ipv4"/><ports><port protocol="tcp" portid="5060"><state state="open" reason="syn-ack" reason_ttl="51"/></port></ports></host>
<host endtime="1733446639"><address addr="202.46.240.186" addrtype="ipv4"/><ports><port protocol="tcp" portid="5060"><state state="open" reason="syn-ack" reason_ttl="50"/></port></ports></host>
<host endtime="1733446641"><address addr="202.46.5.19" addrtype="ipv4"/><ports><port protocol="tcp" portid="5060"><state state="open" reason="syn-ack" reason_ttl="50"/></port></ports></host>
<host endtime="1733446647"><address addr="202.46.246.133" addrtype="ipv4"/><ports><port protocol="tcp" portid="5060"><state state="open" reason="syn-ack" reason_ttl="51"/></port></ports></host>
<host endtime="1733446648"><address addr="202.46.3.117" addrtype="ipv4"/><ports><port protocol="tcp" portid="5061"><state state="open" reason="syn-ack" reason_ttl="50"/></port></ports></host>
<host endtime="1733446650"><address addr="202.46.11.72" addrtype="ipv4"/><ports><port protocol="tcp" portid="5060"><state state="open" reason="syn-ack" reason_ttl="51"/></port></ports></host>
<host endtime="1733446651"><address addr="202.46.4.5" addrtype="ipv4"/><ports><port protocol="tcp" portid="5060"><state state="open" reason="syn-ack" reason_ttl="51"/></port></ports></host>
<host endtime="1733446652"><address addr="202.46.251.170" addrtype="ipv4"/><ports><port protocol="tcp" portid="5060"><state state="open" reason="syn-ack" reason_ttl="51"/></port></ports></host>
<host endtime="1733446655"><address addr="202.46.252.152" addrtype="ipv4"/><ports><port protocol="tcp" portid="5060"><state state="open" reason="syn-ack" reason_ttl="51"/></port></ports></host>
<host endtime="1733446656"><address addr="103.224.215.147" addrtype="ipv4"/><ports><port protocol="tcp" portid="5060"><state state="open" reason="syn-ack" reason_ttl="48"/></port></ports></host>
<host endtime="1733446656"><address addr="202.46.3.226" addrtype="ipv4"/><ports><port protocol="tcp" portid="5060"><state state="open" reason="syn-ack" reason_ttl="51"/></port></ports></host>
<host endtime="1733446656"><address addr="202.46.3.238" addrtype="ipv4"/><ports><port protocol="tcp" portid="5060"><state state="open" reason="syn-ack" reason_ttl="50"/></port></ports></host>
<host endtime="1733446659"><address addr="202.46.9.70" addrtype="ipv4"/><ports><port protocol="tcp" portid="5060"><state state="open" reason="syn-ack" reason_ttl="51"/></port></ports></host>
<host endtime="1733446660"><address addr="202.46.3.100" addrtype="ipv4"/><ports><port protocol="tcp" portid="5060"><state state="open" reason="syn-ack" reason_ttl="51"/></port></ports></host>
<host endtime="1733446660"><address addr="202.46.13.11" addrtype="ipv4"/><ports><port protocol="tcp" portid="5060"><state state="open" reason="syn-ack" reason_ttl="50"/></port></ports></host>
<host endtime="1733446660"><address addr="202.46.10.15" addrtype="ipv4"/><ports><port protocol="tcp" portid="5061"><state state="open" reason="syn-ack" reason_ttl="50"/></port></ports></host>
<host endtime="1733446660"><address addr="199.201.236.178" addrtype="ipv4"/><ports><port protocol="tcp" portid="5060"><state state="open" reason="syn-ack" reason_ttl="47"/></port></ports></host>
<host endtime="1733446661"><address addr="199.123.27.3" addrtype="ipv4"/><ports><port protocol="tcp" portid="5060"><state state="open" reason="syn-ack" reason_ttl="229"/></port></ports></host>
<host endtime="1733446662"><address addr="202.46.247.139" addrtype="ipv4"/><ports><port protocol="tcp" portid="5060"><state state="open" reason="syn-ack" reason_ttl="51"/></port></ports></host>
<host endtime="1733446665"><address addr="202.46.255.50" addrtype="ipv4"/><ports><port protocol="tcp" portid="5060"><state state="open" reason="syn-ack" reason_ttl="51"/></port></ports></host>
<host endtime="1733446668"><address addr="199.123.24.212" addrtype="ipv4"/><ports><port protocol="tcp" portid="5060"><state state="open" reason="syn-ack" reason_ttl="229"/></port></ports></host>
<host endtime="1733446668"><address addr="202.46.240.120" addrtype="ipv4"/><ports><port protocol="tcp" portid="5060"><state state="open" reason="syn-ack" reason_ttl="51"/></port></ports></host>
<host endtime="1733446671"><address addr="202.46.12.166" addrtype="ipv4"/><ports><port protocol="tcp" portid="5060"><state state="open" reason="syn-ack" reason_ttl="50"/></port></ports></host>
<host endtime="1733446674"><address addr="202.46.1.28" addrtype="ipv4"/><ports><port protocol="tcp" portid="5060"><state state="open" reason="syn-ack" reason_ttl="51"/></port></ports></host>
<host endtime="1733446674"><address addr="199.201.236.148" addrtype="ipv4"/><ports><port protocol="tcp" portid="5060"><state state="open" reason="syn-ack" reason_ttl="47"/></port></ports></host>
<host endtime="1733446675"><address addr="202.46.252.50" addrtype="ipv4"/><ports><port protocol="tcp" portid="5060"><state state="open" reason="syn-ack" reason_ttl="51"/></port></ports></host>
<host endtime="1733446677"><address addr="202.46.254.212" addrtype="ipv4"/><ports><port protocol="tcp" portid="5060"><state state="open" reason="syn-ack" reason_ttl="50"/></port></ports></host>
<host endtime="1733446677"><address addr="202.46.250.196" addrtype="ipv4"/><ports><port protocol="tcp" portid="5060"><state state="open" reason="syn-ack" reason_ttl="51"/></port></ports></host>
<host endtime="1733446678"><address addr="202.46.0.0" addrtype="ipv4"/><ports><port protocol="tcp" portid="5060"><state state="open" reason="syn-ack" reason_ttl="51"/></port></ports></host>
<host endtime="1733446680"><address addr="202.46.240.39" addrtype="ipv4"/><ports><port protocol="tcp" portid="5060"><state state="open" reason="syn-ack" reason_ttl="51"/></port></ports></host>
<host endtime="1733446680"><address addr="202.46.4.75" addrtype="ipv4"/><ports><port protocol="tcp" portid="5060"><state state="open" reason="syn-ack" reason_ttl="50"/></port></ports></host>
<host endtime="1733446689"><address addr="202.46.15.179" addrtype="ipv4"/><ports><port protocol="tcp" portid="5060"><state state="open" reason="syn-ack" reason_ttl="50"/></port></ports></host>
<host endtime="1733446689"><address addr="202.46.6.228" addrtype="ipv4"/><ports><port protocol="tcp" portid="5060"><state state="open" reason="syn-ack" reason_ttl="50"/></port></ports></host>
<host endtime="1733446689"><address addr="199.123.24.81" addrtype="ipv4"/><ports><port protocol="tcp" portid="5060"><state state="open" reason="syn-ack" reason_ttl="229"/></port></ports></host>
<host endtime="1733446690"><address addr="202.46.14.190" addrtype="ipv4"/><ports><port protocol="tcp" portid="5060"><state state="open" reason="syn-ack" reason_ttl="51"/></port></ports></host>
<host endtime="1733446690"><address addr="202.46.247.55" addrtype="ipv4"/><ports><port protocol="tcp" portid="5060"><state state="open" reason="syn-ack" reason_ttl="51"/></port></ports></host>
<host endtime="1733446695"><address addr="202.46.7.153" addrtype="ipv4"/><ports><port protocol="tcp" portid="5060"><state state="open" reason="syn-ack" reason_ttl="51"/></port></ports></host>
<host endtime="1733446695"><address addr="202.46.242.66" addrtype="ipv4"/><ports><port protocol="tcp" portid="5060"><state state="open" reason="syn-ack" reason_ttl="51"/></port></ports></host>
<host endtime="1733446696"><address addr="202.46.252.6" addrtype="ipv4"/><ports><port protocol="tcp" portid="5060"><state state="open" reason="syn-ack" reason_ttl="50"/></port></ports></host>
<host endtime="1733446697"><address addr="199.123.27.254" addrtype="ipv4"/><ports><port protocol="tcp" portid="5060"><state state="open" reason="syn-ack" reason_ttl="229"/></port></ports></host>
<host endtime="1733446699"><address addr="202.46.4.198" addrtype="ipv4"/><ports><port protocol="tcp" portid="5060"><state state="open" reason="syn-ack" reason_ttl="51"/></port></ports></host>
<host endtime="1733446703"><address addr="202.46.15.110" addrtype="ipv4"/><ports><port protocol="tcp" portid="5060"><state state="open" reason="syn-ack" reason_ttl="50"/></port></ports></host>
<host endtime="1733446708"><address addr="202.46.247.67" addrtype="ipv4"/><ports><port protocol="tcp" portid="5060"><state state="open" reason="syn-ack" reason_ttl="50"/></port></ports></host>
<host endtime="1733446711"><address addr="202.46.242.53" addrtype="ipv4"/><ports><port protocol="tcp" portid="5060"><state state="open" reason="syn-ack" reason_ttl="51"/></port></ports></host>
<host endtime="1733446712"><address addr="199.201.237.139" addrtype="ipv4"/><ports><port protocol="tcp" portid="5060"><state state="open" reason="syn-ack" reason_ttl="47"/></port></ports></host>
<host endtime="1733446714"><address addr="202.46.7.196" addrtype="ipv4"/><ports><port protocol="tcp" portid="5060"><state state="open" reason="syn-ack" reason_ttl="50"/></port></ports></host>
<host endtime="1733446715"><address addr="202.46.254.116" addrtype="ipv4"/><ports><port protocol="tcp" portid="5060"><state state="open" reason="syn-ack" reason_ttl="50"/></port></ports></host>
<host endtime="1733446716"><address addr="202.46.251.122" addrtype="ipv4"/><ports><port protocol="tcp" portid="5060"><state state="open" reason="syn-ack" reason_ttl="51"/></port></ports></host>
<host endtime="1733446723"><address addr="202.46.14.63" addrtype="ipv4"/><ports><port protocol="tcp" portid="5060"><state state="open" reason="syn-ack" reason_ttl="50"/></port></ports></host>
<host endtime="1733446725"><address addr="199.123.25.179" addrtype="ipv4"/><ports><port protocol="tcp" portid="5060"><state state="open" reason="syn-ack" reason_ttl="229"/></port></ports></host>
<host endtime="1733446729"><address addr="202.46.5.67" addrtype="ipv4"/><ports><port protocol="tcp" portid="5060"><state state="open" reason="syn-ack" reason_ttl="51"/></port></ports></host>
<host endtime="1733446731"><address addr="202.46.4.142" addrtype="ipv4"/><ports><port protocol="tcp" portid="5060"><state state="open" reason="syn-ack" reason_ttl="50"/></port></ports></host>
<host endtime="1733446734"><address addr="103.83.19.187" addrtype="ipv4"/><ports><port protocol="tcp" portid="5060"><state state="open" reason="syn-ack" reason_ttl="48"/></port></ports></host>
<host endtime="1733446735"><address addr="202.46.250.181" addrtype="ipv4"/><ports><port protocol="tcp" portid="5060"><state state="open" reason="syn-ack" reason_ttl="51"/></port></ports></host>
<host endtime="1733446735"><address addr="202.46.3.127" addrtype="ipv4"/><ports><port protocol="tcp" portid="5061"><state state="open" reason="syn-ack" reason_ttl="49"/></port></ports></host>
<host endtime="1733446737"><address addr="202.46.241.20" addrtype="ipv4"/><ports><port protocol="tcp" portid="5060"><state state="open" reason="syn-ack" reason_ttl="51"/></port></ports></host>
<host endtime="1733446737"><address addr="202.46.7.125" addrtype="ipv4"/><ports><port protocol="tcp" portid="5060"><state state="open" reason="syn-ack" reason_ttl="50"/></port></ports></host>
<host endtime="1733446740"><address addr="199.123.25.26" addrtype="ipv4"/><ports><port protocol="tcp" portid="5060"><state state="open" reason="syn-ack" reason_ttl="229"/></port></ports></host>
<host endtime="1733446740"><address addr="202.46.8.127" addrtype="ipv4"/><ports><port protocol="tcp" portid="5060"><state state="open" reason="syn-ack" reason_ttl="50"/></port></ports></host>
<host endtime="1733446743"><address addr="202.46.247.143" addrtype="ipv4"/><ports><port protocol="tcp" portid="5060"><state state="open" reason="syn-ack" reason_ttl="51"/></port></ports></host>
<host endtime="1733446744"><address addr="202.46.254.180" addrtype="ipv4"/><ports><port protocol="tcp" portid="5060"><state state="open" reason="syn-ack" reason_ttl="51"/></port></ports></host>
<host endtime="1733446747"><address addr="202.46.10.69" addrtype="ipv4"/><ports><port protocol="tcp" portid="5060"><state state="open" reason="syn-ack" reason_ttl="50"/></port></ports></host>
<host endtime="1733446753"><address addr="202.46.11.140" addrtype="ipv4"/><ports><port protocol="tcp" portid="5060"><state state="open" reason="syn-ack" reason_ttl="51"/></port></ports></host>
<host endtime="1733446755"><address addr="202.46.10.195" addrtype="ipv4"/><ports><port protocol="tcp" portid="5060"><state state="open" reason="syn-ack" reason_ttl="50"/></port></ports></host>
<host endtime="1733446755"><address addr="202.46.12.212" addrtype="ipv4"/><ports><port protocol="tcp" portid="5060"><state state="open" reason="syn-ack" reason_ttl="51"/></port></ports></host>
<host endtime="1733446757"><address addr="202.46.244.230" addrtype="ipv4"/><ports><port protocol="tcp" portid="5060"><state state="open" reason="syn-ack" reason_ttl="51"/></port></ports></host>
<host endtime="1733446758"><address addr="202.46.12.89" addrtype="ipv4"/><ports><port protocol="tcp" portid="5060"><state state="open" reason="syn-ack" reason_ttl="51"/></port></ports></host>
<host endtime="1733446760"><address addr="199.123.27.112" addrtype="ipv4"/><ports><port protocol="tcp" portid="5060"><state state="open" reason="syn-ack" reason_ttl="229"/></port></ports></host>
<host endtime="1733446765"><address addr="103.224.215.220" addrtype="ipv4"/><ports><port protocol="tcp" portid="5060"><state state="open" reason="syn-ack" reason_ttl="48"/></port></ports></host>
<host endtime="1733446766"><address addr="202.46.240.229" addrtype="ipv4"/><ports><port protocol="tcp" portid="5060"><state state="open" reason="syn-ack" reason_ttl="51"/></port></ports></host>
<host endtime="1733446767"><address addr="202.46.6.73" addrtype="ipv4"/><ports><port protocol="tcp" portid="5060"><state state="open" reason="syn-ack" reason_ttl="50"/></port></ports></host>
<host endtime="1733446767"><address addr="199.123.27.28" addrtype="ipv4"/><ports><port protocol="tcp" portid="5060"><state state="open" reason="syn-ack" reason_ttl="229"/></port></ports></host>
<host endtime="1733446767"><address addr="202.46.252.119" addrtype="ipv4"/><ports><port protocol="tcp" portid="5060"><state state="open" reason="syn-ack" reason_ttl="51"/></port></ports></host>
<host endtime="1733446771"><address addr="202.46.14.92" addrtype="ipv4"/><ports><port protocol="tcp" portid="5060"><state state="open" reason="syn-ack" reason_ttl="51"/></port></ports></host>
<host endtime="1733446773"><address addr="202.46.247.160" addrtype="ipv4"/><ports><port protocol="tcp" portid="5060"><state state="open" reason="syn-ack" reason_ttl="51"/></port></ports></host>
<host endtime="1733446775"><address addr="202.46.2.5" addrtype="ipv4"/><ports><port protocol="tcp" portid="5060"><state state="open" reason="syn-ack" reason_ttl="51"/></port></ports></host>
<host endtime="1733446777"><address addr="202.46.5.35" addrtype="ipv4"/><ports><port protocol="tcp" portid="5060"><state state="open" reason="syn-ack" reason_ttl="51"/></port></ports></host>
<host endtime="1733446779"><address addr="202.46.10.206" addrtype="ipv4"/><ports><port protocol="tcp" portid="5060"><state state="open" reason="syn-ack" reason_ttl="51"/></port></ports></host>
<host endtime="1733446780"><address addr="202.46.6.244" addrtype="ipv4"/><ports><port protocol="tcp" portid="5060"><state state="open" reason="syn-ack" reason_ttl="51"/></port></ports></host>
<host endtime="1733446780"><address addr="202.46.15.129" addrtype="ipv4"/><ports><port protocol="tcp" portid="5061"><state state="open" reason="syn-ack" reason_ttl="50"/></port></ports></host>
<host endtime="1733446782"><address addr="202.46.253.52" addrtype="ipv4"/><ports><port protocol="tcp" portid="5060"><state state="open" reason="syn-ack" reason_ttl="51"/></port></ports></host>
<host endtime="1733446786"><address addr="202.46.8.162" addrtype="ipv4"/><ports><port protocol="tcp" portid="5060"><state state="open" reason="syn-ack" reason_ttl="50"/></port></ports></host>
<host endtime="1733446790"><address addr="41.242.131.40" addrtype="ipv4"/><ports><port protocol="tcp" portid="5061"><state state="open" reason="syn-ack" reason_ttl="112"/></port></ports></host>
<host endtime="1733446793"><address addr="202.46.0.181" addrtype="ipv4"/><ports><port protocol="tcp" portid="5060"><state state="open" reason="syn-ack" reason_ttl="51"/></port></ports></host>
<host endtime="1733446794"><address addr="202.46.3.193" addrtype="ipv4"/><ports><port protocol="tcp" portid="5060"><state state="open" reason="syn-ack" reason_ttl="51"/></port></ports></host>
<host endtime="1733446812"><address addr="193.103.200.40" addrtype="ipv4"/><ports><port protocol="tcp" portid="5060"><state state="open" reason="syn-ack" reason_ttl="52"/></port></ports></host>
<host endtime="1733446812"><address addr="41.138.192.50" addrtype="ipv4"/><ports><port protocol="tcp" portid="5060"><state state="open" reason="syn-ack" reason_ttl="43"/></port></ports></host>
<host endtime="1733446815"><address addr="103.143.248.244" addrtype="ipv4"/><ports><port protocol="tcp" portid="5060"><state state="open" reason="syn-ack" reason_ttl="112"/></port></ports></host>
<host endtime="1733446818"><address addr="103.224.215.163" addrtype="ipv4"/><ports><port protocol="tcp" portid="5060"><state state="open" reason="syn-ack" reason_ttl="48"/></port></ports></host>
<host endtime="1733446819"><address addr="103.83.18.16" addrtype="ipv4"/><ports><port protocol="tcp" portid="5060"><state state="open" reason="syn-ack" reason_ttl="48"/></port></ports></host>
<host endtime="1733446821"><address addr="202.46.1.198" addrtype="ipv4"/><ports><port protocol="tcp" portid="5060"><state state="open" reason="syn-ack" reason_ttl="51"/></port></ports></host>
<host endtime="1733446822"><address addr="202.46.14.12" addrtype="ipv4"/><ports><port protocol="tcp" portid="5060"><state state="open" reason="syn-ack" reason_ttl="50"/></port></ports></host>
<host endtime="1733446823"><address addr="199.123.27.50" addrtype="ipv4"/><ports><port protocol="tcp" portid="5060"><state state="open" reason="syn-ack" reason_ttl="229"/></port></ports></host>
<host endtime="1733446826"><address addr="202.46.250.173" addrtype="ipv4"/><ports><port protocol="tcp" portid="5060"><state state="open" reason="syn-ack" reason_ttl="51"/></port></ports></host>
<host endtime="1733446827"><address addr="202.46.241.158" addrtype="ipv4"/><ports><port protocol="tcp" portid="5060"><state state="open" reason="syn-ack" reason_ttl="51"/></port></ports></host>
<host endtime="1733446830"><address addr="202.46.248.232" addrtype="ipv4"/><ports><port protocol="tcp" portid="5060"><state state="open" reason="syn-ack" reason_ttl="51"/></port></ports></host>
<host endtime="1733446831"><address addr="202.46.10.242" addrtype="ipv4"/><ports><port protocol="tcp" portid="5060"><state state="open" reason="syn-ack" reason_ttl="51"/></port></ports></host>
<host endtime="1733446832"><address addr="199.123.25.81" addrtype="ipv4"/><ports><port protocol="tcp" portid="5060"><state state="open" reason="syn-ack" reason_ttl="229"/></port></ports></host>
<host endtime="1733446841"><address addr="199.201.237.43" addrtype="ipv4"/><ports><port protocol="tcp" portid="5060"><state state="open" reason="syn-ack" reason_ttl="47"/></port></ports></host>
<host endtime="1733446842"><address addr="202.46.241.64" addrtype="ipv4"/><ports><port protocol="tcp" portid="5060"><state state="open" reason="syn-ack" reason_ttl="51"/></port></ports></host>
<host endtime="1733446843"><address addr="202.46.251.74" addrtype="ipv4"/><ports><port protocol="tcp" portid="5060"><state state="open" reason="syn-ack" reason_ttl="51"/></port></ports></host>
<host endtime="1733446843"><address addr="202.46.13.119" addrtype="ipv4"/><ports><port protocol="tcp" portid="5060"><state state="open" reason="syn-ack" reason_ttl="51"/></port></ports></host>
<host endtime="1733446844"><address addr="103.83.18.251" addrtype="ipv4"/><ports><port protocol="tcp" portid="5060"><state state="open" reason="syn-ack" reason_ttl="48"/></port></ports></host>
<host endtime="1733446845"><address addr="193.103.200.14" addrtype="ipv4"/><ports><port protocol="tcp" portid="5060"><state state="open" reason="syn-ack" reason_ttl="52"/></port></ports></host>
<host endtime="1733446845"><address addr="202.46.6.79" addrtype="ipv4"/><ports><port protocol="tcp" portid="5060"><state state="open" reason="syn-ack" reason_ttl="50"/></port></ports></host>
<host endtime="1733446845"><address addr="202.46.4.237" addrtype="ipv4"/><ports><port protocol="tcp" portid="5060"><state state="open" reason="syn-ack" reason_ttl="51"/></port></ports></host>
<host endtime="1733446847"><address addr="103.83.18.181" addrtype="ipv4"/><ports><port protocol="tcp" portid="5060"><state state="open" reason="syn-ack" reason_ttl="48"/></port></ports></host>
<host endtime="1733446850"><address addr="202.46.244.10" addrtype="ipv4"/><ports><port protocol="tcp" portid="5060"><state state="open" reason="syn-ack" reason_ttl="50"/></port></ports></host>
<host endtime="1733446851"><address addr="199.201.237.140" addrtype="ipv4"/><ports><port protocol="tcp" portid="5060"><state state="open" reason="syn-ack" reason_ttl="47"/></port></ports></host>
<host endtime="1733446855"><address addr="202.46.8.123" addrtype="ipv4"/><ports><port protocol="tcp" portid="5060"><state state="open" reason="syn-ack" reason_ttl="51"/></port></ports></host>
<host endtime="1733446858"><address addr="202.46.5.57" addrtype="ipv4"/><ports><port protocol="tcp" portid="5060"><state state="open" reason="syn-ack" reason_ttl="51"/></port></ports></host>
<host endtime="1733446860"><address addr="202.46.248.179" addrtype="ipv4"/><ports><port protocol="tcp" portid="5060"><state state="open" reason="syn-ack" reason_ttl="51"/></port></ports></host>
<host endtime="1733446861"><address addr="199.201.237.101" addrtype="ipv4"/><ports><port protocol="tcp" portid="5060"><state state="open" reason="syn-ack" reason_ttl="47"/></port></ports></host>
<host endtime="1733446861"><address addr="202.46.1.10" addrtype="ipv4"/><ports><port protocol="tcp" portid="5060"><state state="open" reason="syn-ack" reason_ttl="51"/></port></ports></host>
<host endtime="1733446864"><address addr="103.83.18.116" addrtype="ipv4"/><ports><port protocol="tcp" portid="5060"><state state="open" reason="syn-ack" reason_ttl="48"/></port></ports></host>
<host endtime="1733446865"><address addr="202.46.10.113" addrtype="ipv4"/><ports><port protocol="tcp" portid="5060"><state state="open" reason="syn-ack" reason_ttl="50"/></port></ports></host>
<host endtime="1733446866"><address addr="202.46.253.66" addrtype="ipv4"/><ports><port protocol="tcp" portid="5060"><state state="open" reason="syn-ack" reason_ttl="51"/></port></ports></host>
<host endtime="1733446867"><address addr="202.46.247.172" addrtype="ipv4"/><ports><port protocol="tcp" portid="5060"><state state="open" reason="syn-ack" reason_ttl="50"/></port></ports></host>
<host endtime="1733446869"><address addr="202.46.242.158" addrtype="ipv4"/><ports><port protocol="tcp" portid="5060"><state state="open" reason="syn-ack" reason_ttl="51"/></port></ports></host>
<host endtime="1733446869"><address addr="202.46.242.211" addrtype="ipv4"/><ports><port protocol="tcp" portid="5060"><state state="open" reason="syn-ack" reason_ttl="51"/></port></ports></host>
<host endtime="1733446869"><address addr="193.98.229.111" addrtype="ipv4"/><ports><port protocol="tcp" portid="5060"><state state="open" reason="syn-ack" reason_ttl="44"/></port></ports></host>
<host endtime="1733446870"><address addr="202.46.242.128" addrtype="ipv4"/><ports><port protocol="tcp" portid="5060"><state state="open" reason="syn-ack" reason_ttl="50"/></port></ports></host>
<host endtime="1733446871"><address addr="202.46.243.53" addrtype="ipv4"/><ports><port protocol="tcp" portid="5060"><state state="open" reason="syn-ack" reason_ttl="51"/></port></ports></host>
<host endtime="1733446871"><address addr="202.46.246.209" addrtype="ipv4"/><ports><port protocol="tcp" portid="5060"><state state="open" reason="syn-ack" reason_ttl="51"/></port></ports></host>
<host endtime="1733446871"><address addr="202.46.252.222" addrtype="ipv4"/><ports><port protocol="tcp" portid="5060"><state state="open" reason="syn-ack" reason_ttl="50"/></port></ports></host>
<host endtime="1733446871"><address addr="199.123.26.185" addrtype="ipv4"/><ports><port protocol="tcp" portid="5060"><state state="open" reason="syn-ack" reason_ttl="229"/></port></ports></host>
<host endtime="1733446874"><address addr="202.46.247.229" addrtype="ipv4"/><ports><port protocol="tcp" portid="5060"><state state="open" reason="syn-ack" reason_ttl="51"/></port></ports></host>
<host endtime="1733446874"><address addr="202.46.11.141" addrtype="ipv4"/><ports><port protocol="tcp" portid="5060"><state state="open" reason="syn-ack" reason_ttl="51"/></port></ports></host>
<host endtime="1733446878"><address addr="103.83.18.241" addrtype="ipv4"/><ports><port protocol="tcp" portid="5060"><state state="open" reason="syn-ack" reason_ttl="48"/></port></ports></host>
<host endtime="1733446879"><address addr="202.46.6.232" addrtype="ipv4"/><ports><port protocol="tcp" portid="5060"><state state="open" reason="syn-ack" reason_ttl="51"/></port></ports></host>
<host endtime="1733446879"><address addr="202.46.1.99" addrtype="ipv4"/><ports><port protocol="tcp" portid="5060"><state state="open" reason="syn-ack" reason_ttl="51"/></port></ports></host>
<host endtime="1733446881"><address addr="202.46.8.101" addrtype="ipv4"/><ports><port protocol="tcp" portid="5060"><state state="open" reason="syn-ack" reason_ttl="50"/></port></ports></host>
<host endtime="1733446883"><address addr="202.46.4.29" addrtype="ipv4"/><ports><port protocol="tcp" portid="5060"><state state="open" reason="syn-ack" reason_ttl="50"/></port></ports></host>
<host endtime="1733446884"><address addr="202.46.14.29" addrtype="ipv4"/><ports><port protocol="tcp" portid="5060"><state state="open" reason="syn-ack" reason_ttl="51"/></port></ports></host>
<host endtime="1733446885"><address addr="193.98.229.101" addrtype="ipv4"/><ports><port protocol="tcp" portid="5061"><state state="open" reason="syn-ack" reason_ttl="44"/></port></ports></host>
<host endtime="1733446888"><address addr="199.123.24.33" addrtype="ipv4"/><ports><port protocol="tcp" portid="5060"><state state="open" reason="syn-ack" reason_ttl="229"/></port></ports></host>
<host endtime="1733446894"><address addr="202.46.15.166" addrtype="ipv4"/><ports><port protocol="tcp" portid="5060"><state state="open" reason="syn-ack" reason_ttl="51"/></port></ports></host>
<host endtime="1733446895"><address addr="202.46.252.16" addrtype="ipv4"/><ports><port protocol="tcp" portid="5060"><state state="open" reason="syn-ack" reason_ttl="51"/></port></ports></host>
<host endtime="1733446898"><address addr="202.46.0.146" addrtype="ipv4"/><ports><port protocol="tcp" portid="5060"><state state="open" reason="syn-ack" reason_ttl="50"/></port></ports></host>
<host endtime="1733446899"><address addr="202.46.7.59" addrtype="ipv4"/><ports><port protocol="tcp" portid="5060"><state state="open" reason="syn-ack" reason_ttl="51"/></port></ports></host>
<host endtime="1733446899"><address addr="202.46.244.202" addrtype="ipv4"/><ports><port protocol="tcp" portid="5060"><state state="open" reason="syn-ack" reason_ttl="51"/></port></ports></host>
<host endtime="1733446902"><address addr="202.46.4.129" addrtype="ipv4"/><ports><port protocol="tcp" portid="5060"><state state="open" reason="syn-ack" reason_ttl="51"/></port></ports></host>
<host endtime="1733446902"><address addr="202.46.243.75" addrtype="ipv4"/><ports><port protocol="tcp" portid="5060"><state state="open" reason="syn-ack" reason_ttl="50"/></port></ports></host>
<host endtime="1733446907"><address addr="199.123.24.52" addrtype="ipv4"/><ports><port protocol="tcp" portid="5060"><state state="open" reason="syn-ack" reason_ttl="229"/></port></ports></host>
<host endtime="1733446909"><address addr="103.110.62.102" addrtype="ipv4"/><ports><port protocol="tcp" portid="5061"><state state="open" reason="syn-ack" reason_ttl="242"/></port></ports></host>
<host endtime="1733446914"><address addr="202.46.15.247" addrtype="ipv4"/><ports><port protocol="tcp" portid="5060"><state state="open" reason="syn-ack" reason_ttl="51"/></port></ports></host>
<host endtime="1733446914"><address addr="202.46.242.100" addrtype="ipv4"/><ports><port protocol="tcp" portid="5060"><state state="open" reason="syn-ack" reason_ttl="51"/></port></ports></host>
<host endtime="1733446916"><address addr="202.46.10.114" addrtype="ipv4"/><ports><port protocol="tcp" portid="5060"><state state="open" reason="syn-ack" reason_ttl="50"/></port></ports></host>
<host endtime="1733446916"><address addr="199.123.25.136" addrtype="ipv4"/><ports><port protocol="tcp" portid="5060"><state state="open" reason="syn-ack" reason_ttl="229"/></port></ports></host>
<host endtime="1733446917"><address addr="202.46.2.126" addrtype="ipv4"/><ports><port protocol="tcp" portid="5060"><state state="open" reason="syn-ack" reason_ttl="51"/></port></ports></host>
<host endtime="1733446917"><address addr="199.123.25.84" addrtype="ipv4"/><ports><port protocol="tcp" portid="5060"><state state="open" reason="syn-ack" reason_ttl="229"/></port></ports></host>
<host endtime="1733446919"><address addr="202.46.8.188" addrtype="ipv4"/><ports><port protocol="tcp" portid="5060"><state state="open" reason="syn-ack" reason_ttl="51"/></port></ports></host>
<host endtime="1733446920"><address addr="202.46.14.124" addrtype="ipv4"/><ports><port protocol="tcp" portid="5060"><state state="open" reason="syn-ack" reason_ttl="50"/></port></ports></host>
<host endtime="1733446920"><address addr="202.46.254.117" addrtype="ipv4"/><ports><port protocol="tcp" portid="5060"><state state="open" reason="syn-ack" reason_ttl="51"/></port></ports></host>
<host endtime="1733446921"><address addr="202.46.10.235" addrtype="ipv4"/><ports><port protocol="tcp" portid="5060"><state state="open" reason="syn-ack" reason_ttl="51"/></port></ports></host>
<host endtime="1733446922"><address addr="202.46.6.2" addrtype="ipv4"/><ports><port protocol="tcp" portid="5060"><state state="open" reason="syn-ack" reason_ttl="51"/></port></ports></host>
<host endtime="1733446926"><address addr="202.46.14.41" addrtype="ipv4"/><ports><port protocol="tcp" portid="5060"><state state="open" reason="syn-ack" reason_ttl="50"/></port></ports></host>
<host endtime="1733446927"><address addr="202.46.248.169" addrtype="ipv4"/><ports><port protocol="tcp" portid="5060"><state state="open" reason="syn-ack" reason_ttl="51"/></port></ports></host>
<host endtime="1733446927"><address addr="202.46.14.4" addrtype="ipv4"/><ports><port protocol="tcp" portid="5060"><state state="open" reason="syn-ack" reason_ttl="51"/></port></ports></host>
<host endtime="1733446928"><address addr="202.46.254.112" addrtype="ipv4"/><ports><port protocol="tcp" portid="5060"><state state="open" reason="syn-ack" reason_ttl="51"/></port></ports></host>
<host endtime="1733446929"><address addr="199.123.27.10" addrtype="ipv4"/><ports><port protocol="tcp" portid="5060"><state state="open" reason="syn-ack" reason_ttl="229"/></port></ports></host>
<host endtime="1733446929"><address addr="199.201.236.79" addrtype="ipv4"/><ports><port protocol="tcp" portid="5060"><state state="open" reason="syn-ack" reason_ttl="47"/></port></ports></host>
<host endtime="1733446933"><address addr="199.201.237.20" addrtype="ipv4"/><ports><port protocol="tcp" portid="5060"><state state="open" reason="syn-ack" reason_ttl="47"/></port></ports></host>
<host endtime="1733446935"><address addr="202.46.255.218" addrtype="ipv4"/><ports><port protocol="tcp" portid="5060"><state state="open" reason="syn-ack" reason_ttl="50"/></port></ports></host>
<host endtime="1733446935"><address addr="202.46.11.33" addrtype="ipv4"/><ports><port protocol="tcp" portid="5060"><state state="open" reason="syn-ack" reason_ttl="50"/></port></ports></host>
<host endtime="1733446935"><address addr="199.123.27.9" addrtype="ipv4"/><ports><port protocol="tcp" portid="5060"><state state="open" reason="syn-ack" reason_ttl="229"/></port></ports></host>
<host endtime="1733446937"><address addr="202.46.6.147" addrtype="ipv4"/><ports><port protocol="tcp" portid="5060"><state state="open" reason="syn-ack" reason_ttl="50"/></port></ports></host>
<host endtime="1733446941"><address addr="199.123.25.38" addrtype="ipv4"/><ports><port protocol="tcp" portid="5060"><state state="open" reason="syn-ack" reason_ttl="229"/></port></ports></host>
<host endtime="1733446942"><address addr="103.83.19.18" addrtype="ipv4"/><ports><port protocol="tcp" portid="5060"><state state="open" reason="syn-ack" reason_ttl="48"/></port></ports></host>
<host endtime="1733446942"><address addr="202.46.241.238" addrtype="ipv4"/><ports><port protocol="tcp" portid="5060"><state state="open" reason="syn-ack" reason_ttl="50"/></port></ports></host>
<host endtime="1733446944"><address addr="202.46.243.2" addrtype="ipv4"/><ports><port protocol="tcp" portid="5060"><state state="open" reason="syn-ack" reason_ttl="51"/></port></ports></host>
<host endtime="1733446945"><address addr="199.201.237.241" addrtype="ipv4"/><ports><port protocol="tcp" portid="5060"><state state="open" reason="syn-ack" reason_ttl="47"/></port></ports></host>
<host endtime="1733446947"><address addr="202.46.1.31" addrtype="ipv4"/><ports><port protocol="tcp" portid="5060"><state state="open" reason="syn-ack" reason_ttl="51"/></port></ports></host>
<host endtime="1733446952"><address addr="202.46.241.89" addrtype="ipv4"/><ports><port protocol="tcp" portid="5060"><state state="open" reason="syn-ack" reason_ttl="51"/></port></ports></host>
<host endtime="1733446953"><address addr="202.46.254.144" addrtype="ipv4"/><ports><port protocol="tcp" portid="5060"><state state="open" reason="syn-ack" reason_ttl="51"/></port></ports></host>
<host endtime="1733446954"><address addr="202.46.255.177" addrtype="ipv4"/><ports><port protocol="tcp" portid="5060"><state state="open" reason="syn-ack" reason_ttl="50"/></port></ports></host>
<host endtime="1733446954"><address addr="193.98.229.132" addrtype="ipv4"/><ports><port protocol="tcp" portid="5061"><state state="open" reason="syn-ack" reason_ttl="48"/></port></ports></host>
<host endtime="1733446955"><address addr="202.46.253.158" addrtype="ipv4"/><ports><port protocol="tcp" portid="5060"><state state="open" reason="syn-ack" reason_ttl="51"/></port></ports></host>
<host endtime="1733446958"><address addr="103.177.50.20" addrtype="ipv4"/><ports><port protocol="tcp" portid="5061"><state state="open" reason="syn-ack" reason_ttl="120"/></port></ports></host>
<host endtime="1733446960"><address addr="193.98.229.47" addrtype="ipv4"/><ports><port protocol="tcp" portid="5061"><state state="open" reason="syn-ack" reason_ttl="48"/></port></ports></host>
<host endtime="1733446960"><address addr="202.46.242.28" addrtype="ipv4"/><ports><port protocol="tcp" portid="5060"><state state="open" reason="syn-ack" reason_ttl="51"/></port></ports></host>
<host endtime="1733446964"><address addr="202.46.3.253" addrtype="ipv4"/><ports><port protocol="tcp" portid="5060"><state state="open" reason="syn-ack" reason_ttl="51"/></port></ports></host>
<host endtime="1733446966"><address addr="202.46.249.188" addrtype="ipv4"/><ports><port protocol="tcp" portid="5060"><state state="open" reason="syn-ack" reason_ttl="51"/></port></ports></host>
<host endtime="1733446978"><address addr="199.123.27.141" addrtype="ipv4"/><ports><port protocol="tcp" portid="5060"><state state="open" reason="syn-ack" reason_ttl="229"/></port></ports></host>
<host endtime="1733446978"><address addr="202.46.4.174" addrtype="ipv4"/><ports><port protocol="tcp" portid="5060"><state state="open" reason="syn-ack" reason_ttl="51"/></port></ports></host>
<host endtime="1733446978"><address addr="202.46.14.77" addrtype="ipv4"/><ports><port protocol="tcp" portid="5060"><state state="open" reason="syn-ack" reason_ttl="50"/></port></ports></host>
<host endtime="1733446989"><address addr="202.46.253.254" addrtype="ipv4"/><ports><port protocol="tcp" portid="5060"><state state="open" reason="syn-ack" reason_ttl="50"/></port></ports></host>
<host endtime="1733446990"><address addr="202.46.243.251" addrtype="ipv4"/><ports><port protocol="tcp" portid="5060"><state state="open" reason="syn-ack" reason_ttl="51"/></port></ports></host>
<host endtime="1733446991"><address addr="202.46.248.39" addrtype="ipv4"/><ports><port protocol="tcp" portid="5060"><state state="open" reason="syn-ack" reason_ttl="51"/></port></ports></host>
<host endtime="1733446992"><address addr="202.46.6.55" addrtype="ipv4"/><ports><port protocol="tcp" portid="5060"><state state="open" reason="syn-ack" reason_ttl="51"/></port></ports></host>
<host endtime="1733446994"><address addr="202.46.2.203" addrtype="ipv4"/><ports><port protocol="tcp" portid="5060"><state state="open" reason="syn-ack" reason_ttl="50"/></port></ports></host>
<host endtime="1733446996"><address addr="202.46.252.194" addrtype="ipv4"/><ports><port protocol="tcp" portid="5060"><state state="open" reason="syn-ack" reason_ttl="51"/></port></ports></host>
<host endtime="1733446997"><address addr="202.46.253.43" addrtype="ipv4"/><ports><port protocol="tcp" portid="5060"><state state="open" reason="syn-ack" reason_ttl="51"/></port></ports></host>
<host endtime="1733446998"><address addr="103.83.19.194" addrtype="ipv4"/><ports><port protocol="tcp" portid="5060"><state state="open" reason="syn-ack" reason_ttl="48"/></port></ports></host>
<host endtime="1733447002"><address addr="202.46.10.30" addrtype="ipv4"/><ports><port protocol="tcp" portid="5060"><state state="open" reason="syn-ack" reason_ttl="50"/></port></ports></host>
<host endtime="1733447003"><address addr="202.46.6.203" addrtype="ipv4"/><ports><port protocol="tcp" portid="5060"><state state="open" reason="syn-ack" reason_ttl="50"/></port></ports></host>
<host endtime="1733447005"><address addr="202.46.251.155" addrtype="ipv4"/><ports><port protocol="tcp" portid="5060"><state state="open" reason="syn-ack" reason_ttl="51"/></port></ports></host>
<host endtime="1733447005"><address addr="202.46.242.114" addrtype="ipv4"/><ports><port protocol="tcp" portid="5060"><state state="open" reason="syn-ack" reason_ttl="50"/></port></ports></host>
<host endtime="1733447010"><address addr="193.103.200.4" addrtype="ipv4"/><ports><port protocol="tcp" portid="5060"><state state="open" reason="syn-ack" reason_ttl="54"/></port></ports></host>
<host endtime="1733447014"><address addr="103.83.19.210" addrtype="ipv4"/><ports><port protocol="tcp" portid="5060"><state state="open" reason="syn-ack" reason_ttl="48"/></port></ports></host>
<host endtime="1733447017"><address addr="202.46.253.157" addrtype="ipv4"/><ports><port protocol="tcp" portid="5060"><state state="open" reason="syn-ack" reason_ttl="50"/></port></ports></host>
<host endtime="1733447018"><address addr="202.46.10.57" addrtype="ipv4"/><ports><port protocol="tcp" portid="5060"><state state="open" reason="syn-ack" reason_ttl="51"/></port></ports></host>
<host endtime="1733447018"><address addr="202.46.8.238" addrtype="ipv4"/><ports><port protocol="tcp" portid="5060"><state state="open" reason="syn-ack" reason_ttl="51"/></port></ports></host>
<host endtime="1733447022"><address addr="199.123.25.173" addrtype="ipv4"/><ports><port protocol="tcp" portid="5060"><state state="open" reason="syn-ack" reason_ttl="229"/></port></ports></host>
<host endtime="1733447024"><address addr="202.46.249.16" addrtype="ipv4"/><ports><port protocol="tcp" portid="5060"><state state="open" reason="syn-ack" reason_ttl="50"/></port></ports></host>
<host endtime="1733447025"><address addr="103.177.50.74" addrtype="ipv4"/><ports><port protocol="tcp" portid="5060"><state state="open" reason="syn-ack" reason_ttl="57"/></port></ports></host>
<host endtime="1733447028"><address addr="202.46.253.176" addrtype="ipv4"/><ports><port protocol="tcp" portid="5060"><state state="open" reason="syn-ack" reason_ttl="51"/></port></ports></host>
<host endtime="1733447032"><address addr="41.138.192.43" addrtype="ipv4"/><ports><port protocol="tcp" portid="5060"><state state="open" reason="syn-ack" reason_ttl="43"/></port></ports></host>
<host endtime="1733447032"><address addr="202.46.0.217" addrtype="ipv4"/><ports><port protocol="tcp" portid="5060"><state state="open" reason="syn-ack" reason_ttl="51"/></port></ports></host>
<host endtime="1733447034"><address addr="202.46.250.125" addrtype="ipv4"/><ports><port protocol="tcp" portid="5060"><state state="open" reason="syn-ack" reason_ttl="51"/></port></ports></host>
<host endtime="1733447041"><address addr="202.46.5.59" addrtype="ipv4"/><ports><port protocol="tcp" portid="5060"><state state="open" reason="syn-ack" reason_ttl="51"/></port></ports></host>
<host endtime="1733447041"><address addr="202.46.7.74" addrtype="ipv4"/><ports><port protocol="tcp" portid="5060"><state state="open" reason="syn-ack" reason_ttl="51"/></port></ports></host>
<host endtime="1733447041"><address addr="202.46.3.126" addrtype="ipv4"/><ports><port protocol="tcp" portid="5060"><state state="open" reason="syn-ack" reason_ttl="50"/></port></ports></host>
<host endtime="1733447041"><address addr="202.46.13.62" addrtype="ipv4"/><ports><port protocol="tcp" portid="5060"><state state="open" reason="syn-ack" reason_ttl="51"/></port></ports></host>
<host endtime="1733447042"><address addr="202.46.3.116" addrtype="ipv4"/><ports><port protocol="tcp" portid="5060"><state state="open" reason="syn-ack" reason_ttl="51"/></port></ports></host>
<host endtime="1733447044"><address addr="193.98.229.157" addrtype="ipv4"/><ports><port protocol="tcp" portid="5060"><state state="open" reason="syn-ack" reason_ttl="49"/></port></ports></host>
<host endtime="1733447046"><address addr="103.224.214.101" addrtype="ipv4"/><ports><port protocol="tcp" portid="5060"><state state="open" reason="syn-ack" reason_ttl="48"/></port></ports></host>
<host endtime="1733447046"><address addr="202.46.4.187" addrtype="ipv4"/><ports><port protocol="tcp" portid="5060"><state state="open" reason="syn-ack" reason_ttl="50"/></port></ports></host>
<host endtime="1733447046"><address addr="202.46.248.206" addrtype="ipv4"/><ports><port protocol="tcp" portid="5060"><state state="open" reason="syn-ack" reason_ttl="51"/></port></ports></host>
<host endtime="1733447046"><address addr="202.46.249.54" addrtype="ipv4"/><ports><port protocol="tcp" portid="5060"><state state="open" reason="syn-ack" reason_ttl="50"/></port></ports></host>
<host endtime="1733447048"><address addr="202.46.6.212" addrtype="ipv4"/><ports><port protocol="tcp" portid="5060"><state state="open" reason="syn-ack" reason_ttl="51"/></port></ports></host>
<host endtime="1733447049"><address addr="202.46.0.101" addrtype="ipv4"/><ports><port protocol="tcp" portid="5060"><state state="open" reason="syn-ack" reason_ttl="50"/></port></ports></host>
<host endtime="1733447051"><address addr="202.46.244.35" addrtype="ipv4"/><ports><port protocol="tcp" portid="5060"><state state="open" reason="syn-ack" reason_ttl="50"/></port></ports></host>
<host endtime="1733447053"><address addr="103.224.214.201" addrtype="ipv4"/><ports><port protocol="tcp" portid="5060"><state state="open" reason="syn-ack" reason_ttl="48"/></port></ports></host>
<host endtime="1733447057"><address addr="202.46.253.25" addrtype="ipv4"/><ports><port protocol="tcp" portid="5060"><state state="open" reason="syn-ack" reason_ttl="50"/></port></ports></host>
<host endtime="1733447059"><address addr="199.123.25.66" addrtype="ipv4"/><ports><port protocol="tcp" portid="5060"><state state="open" reason="syn-ack" reason_ttl="229"/></port></ports></host>
<host endtime="1733447059"><address addr="202.46.13.60" addrtype="ipv4"/><ports><port protocol="tcp" portid="5060"><state state="open" reason="syn-ack" reason_ttl="51"/></port></ports></host>
<host endtime="1733447060"><address addr="202.46.253.39" addrtype="ipv4"/><ports><port protocol="tcp" portid="5060"><state state="open" reason="syn-ack" reason_ttl="51"/></port></ports></host>
<host endtime="1733447060"><address addr="202.46.251.64" addrtype="ipv4"/><ports><port protocol="tcp" portid="5060"><state state="open" reason="syn-ack" reason_ttl="51"/></port></ports></host>
<host endtime="1733447061"><address addr="202.46.254.107" addrtype="ipv4"/><ports><port protocol="tcp" portid="5060"><state state="open" reason="syn-ack" reason_ttl="51"/></port></ports></host>
<host endtime="1733447062"><address addr="202.46.245.109" addrtype="ipv4"/><ports><port protocol="tcp" portid="5060"><state state="open" reason="syn-ack" reason_ttl="51"/></port></ports></host>
<host endtime="1733447064"><address addr="202.46.247.192" addrtype="ipv4"/><ports><port protocol="tcp" portid="5060"><state state="open" reason="syn-ack" reason_ttl="51"/></port></ports></host>
<host endtime="1733447064"><address addr="202.46.4.160" addrtype="ipv4"/><ports><port protocol="tcp" portid="5060"><state state="open" reason="syn-ack" reason_ttl="51"/></port></ports></host>
<host endtime="1733447064"><address addr="202.46.250.127" addrtype="ipv4"/><ports><port protocol="tcp" portid="5060"><state state="open" reason="syn-ack" reason_ttl="51"/></port></ports></host>
<host endtime="1733447067"><address addr="202.46.249.211" addrtype="ipv4"/><ports><port protocol="tcp" portid="5060"><state state="open" reason="syn-ack" reason_ttl="51"/></port></ports></host>
<host endtime="1733447067"><address addr="202.46.10.106" addrtype="ipv4"/><ports><port protocol="tcp" portid="5060"><state state="open" reason="syn-ack" reason_ttl="51"/></port></ports></host>
<host endtime="1733447073"><address addr="202.46.3.150" addrtype="ipv4"/><ports><port protocol="tcp" portid="5060"><state state="open" reason="syn-ack" reason_ttl="51"/></port></ports></host>
<host endtime="1733447075"><address addr="193.98.229.131" addrtype="ipv4"/><ports><port protocol="tcp" portid="5061"><state state="open" reason="syn-ack" reason_ttl="48"/></port></ports></host>
<host endtime="1733447075"><address addr="202.46.247.98" addrtype="ipv4"/><ports><port protocol="tcp" portid="5060"><state state="open" reason="syn-ack" reason_ttl="51"/></port></ports></host>
<host endtime="1733447077"><address addr="202.46.250.209" addrtype="ipv4"/><ports><port protocol="tcp" portid="5060"><state state="open" reason="syn-ack" reason_ttl="51"/></port></ports></host>
<host endtime="1733447078"><address addr="202.46.0.163" addrtype="ipv4"/><ports><port protocol="tcp" portid="5060"><state state="open" reason="syn-ack" reason_ttl="51"/></port></ports></host>
<host endtime="1733447078"><address addr="202.46.245.224" addrtype="ipv4"/><ports><port protocol="tcp" portid="5060"><state state="open" reason="syn-ack" reason_ttl="51"/></port></ports></host>
<host endtime="1733447079"><address addr="202.46.240.31" addrtype="ipv4"/><ports><port protocol="tcp" portid="5060"><state state="open" reason="syn-ack" reason_ttl="50"/></port></ports></host>
<host endtime="1733447082"><address addr="103.83.18.217" addrtype="ipv4"/><ports><port protocol="tcp" portid="5060"><state state="open" reason="syn-ack" reason_ttl="48"/></port></ports></host>
<host endtime="1733447088"><address addr="202.46.13.29" addrtype="ipv4"/><ports><port protocol="tcp" portid="5060"><state state="open" reason="syn-ack" reason_ttl="51"/></port></ports></host>
<host endtime="1733447089"><address addr="202.46.249.109" addrtype="ipv4"/><ports><port protocol="tcp" portid="5060"><state state="open" reason="syn-ack" reason_ttl="51"/></port></ports></host>
<host endtime="1733447089"><address addr="103.177.50.95" addrtype="ipv4"/><ports><port protocol="tcp" portid="5061"><state state="open" reason="syn-ack" reason_ttl="120"/></port></ports></host>
<host endtime="1733447091"><address addr="199.201.236.250" addrtype="ipv4"/><ports><port protocol="tcp" portid="5060"><state state="open" reason="syn-ack" reason_ttl="47"/></port></ports></host>
<host endtime="1733447092"><address addr="202.46.11.106" addrtype="ipv4"/><ports><port protocol="tcp" portid="5060"><state state="open" reason="syn-ack" reason_ttl="51"/></port></ports></host>
<host endtime="1733447092"><address addr="202.46.5.51" addrtype="ipv4"/><ports><port protocol="tcp" portid="5060"><state state="open" reason="syn-ack" reason_ttl="51"/></port></ports></host>
<host endtime="1733447094"><address addr="202.46.242.69" addrtype="ipv4"/><ports><port protocol="tcp" portid="5060"><state state="open" reason="syn-ack" reason_ttl="51"/></port></ports></host>
<host endtime="1733447096"><address addr="199.123.27.197" addrtype="ipv4"/><ports><port protocol="tcp" portid="5060"><state state="open" reason="syn-ack" reason_ttl="229"/></port></ports></host>
<host endtime="1733447098"><address addr="202.46.8.72" addrtype="ipv4"/><ports><port protocol="tcp" portid="5060"><state state="open" reason="syn-ack" reason_ttl="51"/></port></ports></host>
<host endtime="1733447100"><address addr="202.46.240.135" addrtype="ipv4"/><ports><port protocol="tcp" portid="5060"><state state="open" reason="syn-ack" reason_ttl="51"/></port></ports></host>
<host endtime="1733447101"><address addr="103.224.214.87" addrtype="ipv4"/><ports><port protocol="tcp" portid="5060"><state state="open" reason="syn-ack" reason_ttl="48"/></port></ports></host>
<host endtime="1733447104"><address addr="202.46.240.106" addrtype="ipv4"/><ports><port protocol="tcp" portid="5060"><state state="open" reason="syn-ack" reason_ttl="51"/></port></ports></host>
<host endtime="1733447108"><address addr="202.46.254.109" addrtype="ipv4"/><ports><port protocol="tcp" portid="5060"><state state="open" reason="syn-ack" reason_ttl="51"/></port></ports></host>
<host endtime="1733447108"><address addr="202.46.6.173" addrtype="ipv4"/><ports><port protocol="tcp" portid="5060"><state state="open" reason="syn-ack" reason_ttl="51"/></port></ports></host>
<host endtime="1733447111"><address addr="202.46.7.207" addrtype="ipv4"/><ports><port protocol="tcp" portid="5060"><state state="open" reason="syn-ack" reason_ttl="50"/></port></ports></host>
<host endtime="1733447111"><address addr="202.46.1.153" addrtype="ipv4"/><ports><port protocol="tcp" portid="5060"><state state="open" reason="syn-ack" reason_ttl="50"/></port></ports></host>
<host endtime="1733447112"><address addr="202.46.246.66" addrtype="ipv4"/><ports><port protocol="tcp" portid="5060"><state state="open" reason="syn-ack" reason_ttl="51"/></port></ports></host>
<host endtime="1733447113"><address addr="202.46.241.96" addrtype="ipv4"/><ports><port protocol="tcp" portid="5060"><state state="open" reason="syn-ack" reason_ttl="51"/></port></ports></host>
<host endtime="1733447115"><address addr="202.46.252.173" addrtype="ipv4"/><ports><port protocol="tcp" portid="5060"><state state="open" reason="syn-ack" reason_ttl="50"/></port></ports></host>
<host endtime="1733447120"><address addr="202.46.240.42" addrtype="ipv4"/><ports><port protocol="tcp" portid="5060"><state state="open" reason="syn-ack" reason_ttl="51"/></port></ports></host>
<host endtime="1733447124"><address addr="103.224.215.100" addrtype="ipv4"/><ports><port protocol="tcp" portid="5060"><state state="open" reason="syn-ack" reason_ttl="48"/></port></ports></host>
<host endtime="1733447126"><address addr="202.46.250.201" addrtype="ipv4"/><ports><port protocol="tcp" portid="5060"><state state="open" reason="syn-ack" reason_ttl="51"/></port></ports></host>
<host endtime="1733447127"><address addr="202.46.242.129" addrtype="ipv4"/><ports><port protocol="tcp" portid="5060"><state state="open" reason="syn-ack" reason_ttl="51"/></port></ports></host>
<host endtime="1733447129"><address addr="202.46.255.199" addrtype="ipv4"/><ports><port protocol="tcp" portid="5060"><state state="open" reason="syn-ack" reason_ttl="51"/></port></ports></host>
<host endtime="1733447133"><address addr="202.46.242.240" addrtype="ipv4"/><ports><port protocol="tcp" portid="5060"><state state="open" reason="syn-ack" reason_ttl="50"/></port></ports></host>
<host endtime="1733447136"><address addr="199.123.25.253" addrtype="ipv4"/><ports><port protocol="tcp" portid="5060"><state state="open" reason="syn-ack" reason_ttl="229"/></port></ports></host>
<host endtime="1733447138"><address addr="103.224.215.226" addrtype="ipv4"/><ports><port protocol="tcp" portid="5060"><state state="open" reason="syn-ack" reason_ttl="48"/></port></ports></host>
<host endtime="1733447139"><address addr="202.46.242.76" addrtype="ipv4"/><ports><port protocol="tcp" portid="5060"><state state="open" reason="syn-ack" reason_ttl="51"/></port></ports></host>
<host endtime="1733447140"><address addr="202.46.246.17" addrtype="ipv4"/><ports><port protocol="tcp" portid="5060"><state state="open" reason="syn-ack" reason_ttl="51"/></port></ports></host>
<host endtime="1733447140"><address addr="202.46.9.127" addrtype="ipv4"/><ports><port protocol="tcp" portid="5060"><state state="open" reason="syn-ack" reason_ttl="51"/></port></ports></host>
<host endtime="1733447142"><address addr="202.46.4.184" addrtype="ipv4"/><ports><port protocol="tcp" portid="5060"><state state="open" reason="syn-ack" reason_ttl="51"/></port></ports></host>
<host endtime="1733447145"><address addr="199.123.25.53" addrtype="ipv4"/><ports><port protocol="tcp" portid="5060"><state state="open" reason="syn-ack" reason_ttl="229"/></port></ports></host>
<host endtime="1733447151"><address addr="199.123.24.241" addrtype="ipv4"/><ports><port protocol="tcp" portid="5060"><state state="open" reason="syn-ack" reason_ttl="229"/></port></ports></host>
<host endtime="1733447154"><address addr="202.46.251.105" addrtype="ipv4"/><ports><port protocol="tcp" portid="5060"><state state="open" reason="syn-ack" reason_ttl="51"/></port></ports></host>
<host endtime="1733447156"><address addr="202.46.6.198" addrtype="ipv4"/><ports><port protocol="tcp" portid="5060"><state state="open" reason="syn-ack" reason_ttl="51"/></port></ports></host>
<host endtime="1733447158"><address addr="202.46.241.252" addrtype="ipv4"/><ports><port protocol="tcp" portid="5060"><state state="open" reason="syn-ack" reason_ttl="50"/></port></ports></host>
<host endtime="1733447160"><address addr="202.46.12.52" addrtype="ipv4"/><ports><port protocol="tcp" portid="5060"><state state="open" reason="syn-ack" reason_ttl="51"/></port></ports></host>
<host endtime="1733447162"><address addr="202.46.255.123" addrtype="ipv4"/><ports><port protocol="tcp" portid="5060"><state state="open" reason="syn-ack" reason_ttl="50"/></port></ports></host>
<host endtime="1733447164"><address addr="202.46.6.23" addrtype="ipv4"/><ports><port protocol="tcp" portid="5060"><state state="open" reason="syn-ack" reason_ttl="51"/></port></ports></host>
<host endtime="1733447165"><address addr="202.46.253.55" addrtype="ipv4"/><ports><port protocol="tcp" portid="5060"><state state="open" reason="syn-ack" reason_ttl="50"/></port></ports></host>
<host endtime="1733447165"><address addr="202.46.240.24" addrtype="ipv4"/><ports><port protocol="tcp" portid="5060"><state state="open" reason="syn-ack" reason_ttl="50"/></port></ports></host>
<host endtime="1733447166"><address addr="202.46.255.134" addrtype="ipv4"/><ports><port protocol="tcp" portid="5060"><state state="open" reason="syn-ack" reason_ttl="51"/></port></ports></host>
<host endtime="1733447166"><address addr="202.46.14.131" addrtype="ipv4"/><ports><port protocol="tcp" portid="5060"><state state="open" reason="syn-ack" reason_ttl="50"/></port></ports></host>
<host endtime="1733447167"><address addr="202.46.0.124" addrtype="ipv4"/><ports><port protocol="tcp" portid="5060"><state state="open" reason="syn-ack" reason_ttl="51"/></port></ports></host>
<host endtime="1733447168"><address addr="202.46.8.68" addrtype="ipv4"/><ports><port protocol="tcp" portid="5060"><state state="open" reason="syn-ack" reason_ttl="51"/></port></ports></host>
<host endtime="1733447171"><address addr="199.201.237.77" addrtype="ipv4"/><ports><port protocol="tcp" portid="5060"><state state="open" reason="syn-ack" reason_ttl="47"/></port></ports></host>
<host endtime="1733447173"><address addr="202.46.15.210" addrtype="ipv4"/><ports><port protocol="tcp" portid="5060"><state state="open" reason="syn-ack" reason_ttl="50"/></port></ports></host>
<host endtime="1733447181"><address addr="103.83.18.102" addrtype="ipv4"/><ports><port protocol="tcp" portid="5060"><state state="open" reason="syn-ack" reason_ttl="48"/></port></ports></host>
<host endtime="1733447182"><address addr="193.98.229.155" addrtype="ipv4"/><ports><port protocol="tcp" portid="5061"><state state="open" reason="syn-ack" reason_ttl="44"/></port></ports></host>
<host endtime="1733447187"><address addr="202.46.7.163" addrtype="ipv4"/><ports><port protocol="tcp" portid="5060"><state state="open" reason="syn-ack" reason_ttl="51"/></port></ports></host>
<host endtime="1733447193"><address addr="193.98.229.25" addrtype="ipv4"/><ports><port protocol="tcp" portid="5060"><state state="open" reason="syn-ack" reason_ttl="48"/></port></ports></host>
<host endtime="1733447194"><address addr="199.123.27.121" addrtype="ipv4"/><ports><port protocol="tcp" portid="5060"><state state="open" reason="syn-ack" reason_ttl="229"/></port></ports></host>
<host endtime="1733447195"><address addr="202.46.0.152" addrtype="ipv4"/><ports><port protocol="tcp" portid="5060"><state state="open" reason="syn-ack" reason_ttl="51"/></port></ports></host>
<host endtime="1733447195"><address addr="202.46.247.236" addrtype="ipv4"/><ports><port protocol="tcp" portid="5060"><state state="open" reason="syn-ack" reason_ttl="50"/></port></ports></host>
<host endtime="1733447195"><address addr="202.46.0.91" addrtype="ipv4"/><ports><port protocol="tcp" portid="5060"><state state="open" reason="syn-ack" reason_ttl="51"/></port></ports></host>
<host endtime="1733447197"><address addr="199.201.236.20" addrtype="ipv4"/><ports><port protocol="tcp" portid="5060"><state state="open" reason="syn-ack" reason_ttl="47"/></port></ports></host>
<host endtime="1733447199"><address addr="202.46.9.235" addrtype="ipv4"/><ports><port protocol="tcp" portid="5060"><state state="open" reason="syn-ack" reason_ttl="50"/></port></ports></host>
<host endtime="1733447199"><address addr="199.201.237.239" addrtype="ipv4"/><ports><port protocol="tcp" portid="5060"><state state="open" reason="syn-ack" reason_ttl="47"/></port></ports></host>
<host endtime="1733447200"><address addr="199.123.25.35" addrtype="ipv4"/><ports><port protocol="tcp" portid="5060"><state state="open" reason="syn-ack" reason_ttl="229"/></port></ports></host>
<host endtime="1733447204"><address addr="199.123.27.84" addrtype="ipv4"/><ports><port protocol="tcp" portid="5060"><state state="open" reason="syn-ack" reason_ttl="229"/></port></ports></host>
<host endtime="1733447205"><address addr="202.46.0.171" addrtype="ipv4"/><ports><port protocol="tcp" portid="5060"><state state="open" reason="syn-ack" reason_ttl="50"/></port></ports></host>
<host endtime="1733447205"><address addr="202.46.248.131" addrtype="ipv4"/><ports><port protocol="tcp" portid="5060"><state state="open" reason="syn-ack" reason_ttl="51"/></port></ports></host>
<host endtime="1733447206"><address addr="202.46.255.138" addrtype="ipv4"/><ports><port protocol="tcp" portid="5060"><state state="open" reason="syn-ack" reason_ttl="51"/></port></ports></host>
<host endtime="1733447206"><address addr="202.46.2.69" addrtype="ipv4"/><ports><port protocol="tcp" portid="5060"><state state="open" reason="syn-ack" reason_ttl="51"/></port></ports></host>
<host endtime="1733447206"><address addr="193.98.229.226" addrtype="ipv4"/><ports><port protocol="tcp" portid="5060"><state state="open" reason="syn-ack" reason_ttl="49"/></port></ports></host>
<host endtime="1733447208"><address addr="202.46.14.110" addrtype="ipv4"/><ports><port protocol="tcp" portid="5060"><state state="open" reason="syn-ack" reason_ttl="51"/></port></ports></host>
<host endtime="1733447209"><address addr="202.46.2.101" addrtype="ipv4"/><ports><port protocol="tcp" portid="5060"><state state="open" reason="syn-ack" reason_ttl="51"/></port></ports></host>
<host endtime="1733447209"><address addr="202.46.1.125" addrtype="ipv4"/><ports><port protocol="tcp" portid="5060"><state state="open" reason="syn-ack" reason_ttl="51"/></port></ports></host>
<host endtime="1733447215"><address addr="202.46.3.157" addrtype="ipv4"/><ports><port protocol="tcp" portid="5060"><state state="open" reason="syn-ack" reason_ttl="51"/></port></ports></host>
<host endtime="1733447216"><address addr="202.46.12.109" addrtype="ipv4"/><ports><port protocol="tcp" portid="5060"><state state="open" reason="syn-ack" reason_ttl="51"/></port></ports></host>
<host endtime="1733447217"><address addr="202.46.10.254" addrtype="ipv4"/><ports><port protocol="tcp" portid="5061"><state state="open" reason="syn-ack" reason_ttl="50"/></port></ports></host>
<host endtime="1733447217"><address addr="202.46.247.145" addrtype="ipv4"/><ports><port protocol="tcp" portid="5060"><state state="open" reason="syn-ack" reason_ttl="51"/></port></ports></host>
<host endtime="1733447220"><address addr="202.46.4.181" addrtype="ipv4"/><ports><port protocol="tcp" portid="5060"><state state="open" reason="syn-ack" reason_ttl="51"/></port></ports></host>
<host endtime="1733447221"><address addr="199.123.25.232" addrtype="ipv4"/><ports><port protocol="tcp" portid="5060"><state state="open" reason="syn-ack" reason_ttl="229"/></port></ports></host>
<host endtime="1733447223"><address addr="202.46.9.83" addrtype="ipv4"/><ports><port protocol="tcp" portid="5060"><state state="open" reason="syn-ack" reason_ttl="51"/></port></ports></host>
<host endtime="1733447224"><address addr="202.46.6.129" addrtype="ipv4"/><ports><port protocol="tcp" portid="5060"><state state="open" reason="syn-ack" reason_ttl="51"/></port></ports></host>
<host endtime="1733447224"><address addr="202.46.2.147" addrtype="ipv4"/><ports><port protocol="tcp" portid="5060"><state state="open" reason="syn-ack" reason_ttl="51"/></port></ports></host>
<host endtime="1733447228"><address addr="103.83.19.191" addrtype="ipv4"/><ports><port protocol="tcp" portid="5060"><state state="open" reason="syn-ack" reason_ttl="48"/></port></ports></host>
<host endtime="1733447228"><address addr="202.46.245.181" addrtype="ipv4"/><ports><port protocol="tcp" portid="5060"><state state="open" reason="syn-ack" reason_ttl="50"/></port></ports></host>
<host endtime="1733447229"><address addr="202.46.252.104" addrtype="ipv4"/><ports><port protocol="tcp" portid="5060"><state state="open" reason="syn-ack" reason_ttl="50"/></port></ports></host>
<host endtime="1733447232"><address addr="202.46.1.102" addrtype="ipv4"/><ports><port protocol="tcp" portid="5060"><state state="open" reason="syn-ack" reason_ttl="51"/></port></ports></host>
<host endtime="1733447235"><address addr="202.46.10.134" addrtype="ipv4"/><ports><port protocol="tcp" portid="5060"><state state="open" reason="syn-ack" reason_ttl="50"/></port></ports></host>
<host endtime="1733447236"><address addr="202.46.12.126" addrtype="ipv4"/><ports><port protocol="tcp" portid="5060"><state state="open" reason="syn-ack" reason_ttl="51"/></port></ports></host>
<host endtime="1733447243"><address addr="193.98.229.35" addrtype="ipv4"/><ports><port protocol="tcp" portid="5061"><state state="open" reason="syn-ack" reason_ttl="48"/></port></ports></host>
<host endtime="1733447245"><address addr="199.123.25.17" addrtype="ipv4"/><ports><port protocol="tcp" portid="5060"><state state="open" reason="syn-ack" reason_ttl="229"/></port></ports></host>
<host endtime="1733447245"><address addr="202.46.242.81" addrtype="ipv4"/><ports><port protocol="tcp" portid="5060"><state state="open" reason="syn-ack" reason_ttl="51"/></port></ports></host>
<host endtime="1733447248"><address addr="202.46.12.152" addrtype="ipv4"/><ports><port protocol="tcp" portid="5060"><state state="open" reason="syn-ack" reason_ttl="51"/></port></ports></host>
<host endtime="1733447252"><address addr="202.46.5.142" addrtype="ipv4"/><ports><port protocol="tcp" portid="5060"><state state="open" reason="syn-ack" reason_ttl="51"/></port></ports></host>
<host endtime="1733447254"><address addr="202.46.253.81" addrtype="ipv4"/><ports><port protocol="tcp" portid="5060"><state state="open" reason="syn-ack" reason_ttl="51"/></port></ports></host>
<host endtime="1733447255"><address addr="103.224.214.9" addrtype="ipv4"/><ports><port protocol="tcp" portid="5060"><state state="open" reason="syn-ack" reason_ttl="48"/></port></ports></host>
<host endtime="1733447257"><address addr="202.46.8.229" addrtype="ipv4"/><ports><port protocol="tcp" portid="5060"><state state="open" reason="syn-ack" reason_ttl="50"/></port></ports></host>
<host endtime="1733447257"><address addr="202.46.1.158" addrtype="ipv4"/><ports><port protocol="tcp" portid="5060"><state state="open" reason="syn-ack" reason_ttl="51"/></port></ports></host>
<host endtime="1733447258"><address addr="202.46.248.0" addrtype="ipv4"/><ports><port protocol="tcp" portid="5060"><state state="open" reason="syn-ack" reason_ttl="50"/></port></ports></host>
<host endtime="1733447262"><address addr="202.46.10.34" addrtype="ipv4"/><ports><port protocol="tcp" portid="5060"><state state="open" reason="syn-ack" reason_ttl="50"/></port></ports></host>
<host endtime="1733447263"><address addr="202.46.248.207" addrtype="ipv4"/><ports><port protocol="tcp" portid="5060"><state state="open" reason="syn-ack" reason_ttl="50"/></port></ports></host>
<host endtime="1733447265"><address addr="199.123.24.72" addrtype="ipv4"/><ports><port protocol="tcp" portid="5060"><state state="open" reason="syn-ack" reason_ttl="229"/></port></ports></host>
<host endtime="1733447269"><address addr="193.98.229.95" addrtype="ipv4"/><ports><port protocol="tcp" portid="5060"><state state="open" reason="syn-ack" reason_ttl="47"/></port></ports></host>
<host endtime="1733447269"><address addr="202.46.5.221" addrtype="ipv4"/><ports><port protocol="tcp" portid="5060"><state state="open" reason="syn-ack" reason_ttl="50"/></port></ports></host>
<host endtime="1733447272"><address addr="202.46.10.100" addrtype="ipv4"/><ports><port protocol="tcp" portid="5060"><state state="open" reason="syn-ack" reason_ttl="50"/></port></ports></host>
<host endtime="1733447272"><address addr="199.123.25.197" addrtype="ipv4"/><ports><port protocol="tcp" portid="5060"><state state="open" reason="syn-ack" reason_ttl="229"/></port></ports></host>
<host endtime="1733447273"><address addr="202.46.6.91" addrtype="ipv4"/><ports><port protocol="tcp" portid="5060"><state state="open" reason="syn-ack" reason_ttl="51"/></port></ports></host>
<host endtime="1733447276"><address addr="202.46.251.67" addrtype="ipv4"/><ports><port protocol="tcp" portid="5060"><state state="open" reason="syn-ack" reason_ttl="50"/></port></ports></host>
<host endtime="1733447277"><address addr="202.46.246.99" addrtype="ipv4"/><ports><port protocol="tcp" portid="5060"><state state="open" reason="syn-ack" reason_ttl="51"/></port></ports></host>
<host endtime="1733447278"><address addr="202.46.12.81" addrtype="ipv4"/><ports><port protocol="tcp" portid="5060"><state state="open" reason="syn-ack" reason_ttl="51"/></port></ports></host>
<host endtime="1733447279"><address addr="202.46.246.128" addrtype="ipv4"/><ports><port protocol="tcp" portid="5060"><state state="open" reason="syn-ack" reason_ttl="50"/></port></ports></host>
<host endtime="1733447283"><address addr="202.46.250.18" addrtype="ipv4"/><ports><port protocol="tcp" portid="5060"><state state="open" reason="syn-ack" reason_ttl="51"/></port></ports></host>
<host endtime="1733447283"><address addr="202.46.253.7" addrtype="ipv4"/><ports><port protocol="tcp" portid="5060"><state state="open" reason="syn-ack" reason_ttl="51"/></port></ports></host>
<host endtime="1733447285"><address addr="193.98.229.26" addrtype="ipv4"/><ports><port protocol="tcp" portid="5060"><state state="open" reason="syn-ack" reason_ttl="47"/></port></ports></host>
<host endtime="1733447290"><address addr="103.224.214.69" addrtype="ipv4"/><ports><port protocol="tcp" portid="5060"><state state="open" reason="syn-ack" reason_ttl="48"/></port></ports></host>
<host endtime="1733447290"><address addr="103.83.19.61" addrtype="ipv4"/><ports><port protocol="tcp" portid="5060"><state state="open" reason="syn-ack" reason_ttl="48"/></port></ports></host>
<host endtime="1733447296"><address addr="103.83.19.222" addrtype="ipv4"/><ports><port protocol="tcp" portid="5060"><state state="open" reason="syn-ack" reason_ttl="48"/></port></ports></host>
<host endtime="1733447296"><address addr="202.46.8.244" addrtype="ipv4"/><ports><port protocol="tcp" portid="5060"><state state="open" reason="syn-ack" reason_ttl="51"/></port></ports></host>
<host endtime="1733447298"><address addr="202.46.8.219" addrtype="ipv4"/><ports><port protocol="tcp" portid="5060"><state state="open" reason="syn-ack" reason_ttl="51"/></port></ports></host>
<host endtime="1733447299"><address addr="202.46.255.153" addrtype="ipv4"/><ports><port protocol="tcp" portid="5060"><state state="open" reason="syn-ack" reason_ttl="50"/></port></ports></host>
<host endtime="1733447301"><address addr="202.46.249.81" addrtype="ipv4"/><ports><port protocol="tcp" portid="5060"><state state="open" reason="syn-ack" reason_ttl="50"/></port></ports></host>
<host endtime="1733447302"><address addr="41.138.192.41" addrtype="ipv4"/><ports><port protocol="tcp" portid="5060"><state state="open" reason="syn-ack" reason_ttl="43"/></port></ports></host>
<host endtime="1733447303"><address addr="202.46.14.255" addrtype="ipv4"/><ports><port protocol="tcp" portid="5060"><state state="open" reason="syn-ack" reason_ttl="50"/></port></ports></host>
<host endtime="1733447303"><address addr="193.103.200.112" addrtype="ipv4"/><ports><port protocol="tcp" portid="5060"><state state="open" reason="syn-ack" reason_ttl="52"/></port></ports></host>
<host endtime="1733447305"><address addr="193.103.206.35" addrtype="ipv4"/><ports><port protocol="tcp" portid="5060"><state state="open" reason="syn-ack" reason_ttl="54"/></port></ports></host>
<host endtime="1733447306"><address addr="202.46.5.4" addrtype="ipv4"/><ports><port protocol="tcp" portid="5060"><state state="open" reason="syn-ack" reason_ttl="51"/></port></ports></host>
<host endtime="1733447308"><address addr="202.46.245.84" addrtype="ipv4"/><ports><port protocol="tcp" portid="5060"><state state="open" reason="syn-ack" reason_ttl="51"/></port></ports></host>
<host endtime="1733447308"><address addr="202.46.244.185" addrtype="ipv4"/><ports><port protocol="tcp" portid="5060"><state state="open" reason="syn-ack" reason_ttl="50"/></port></ports></host>
<host endtime="1733447308"><address addr="202.46.241.5" addrtype="ipv4"/><ports><port protocol="tcp" portid="5060"><state state="open" reason="syn-ack" reason_ttl="50"/></port></ports></host>
<host endtime="1733447310"><address addr="202.46.243.91" addrtype="ipv4"/><ports><port protocol="tcp" portid="5060"><state state="open" reason="syn-ack" reason_ttl="50"/></port></ports></host>
<host endtime="1733447312"><address addr="202.46.14.55" addrtype="ipv4"/><ports><port protocol="tcp" portid="5060"><state state="open" reason="syn-ack" reason_ttl="51"/></port></ports></host>
<host endtime="1733447312"><address addr="202.46.254.159" addrtype="ipv4"/><ports><port protocol="tcp" portid="5060"><state state="open" reason="syn-ack" reason_ttl="51"/></port></ports></host>
<host endtime="1733447312"><address addr="202.46.0.13" addrtype="ipv4"/><ports><port protocol="tcp" portid="5060"><state state="open" reason="syn-ack" reason_ttl="50"/></port></ports></host>
<host endtime="1733447317"><address addr="193.103.206.32" addrtype="ipv4"/><ports><port protocol="tcp" portid="5060"><state state="open" reason="syn-ack" reason_ttl="54"/></port></ports></host>
<host endtime="1733447318"><address addr="202.46.242.1" addrtype="ipv4"/><ports><port protocol="tcp" portid="5060"><state state="open" reason="syn-ack" reason_ttl="51"/></port></ports></host>
<host endtime="1733447320"><address addr="202.46.5.108" addrtype="ipv4"/><ports><port protocol="tcp" portid="5060"><state state="open" reason="syn-ack" reason_ttl="51"/></port></ports></host>
<host endtime="1733447320"><address addr="202.46.14.139" addrtype="ipv4"/><ports><port protocol="tcp" portid="5060"><state state="open" reason="syn-ack" reason_ttl="51"/></port></ports></host>
<host endtime="1733447326"><address addr="199.123.25.45" addrtype="ipv4"/><ports><port protocol="tcp" portid="5060"><state state="open" reason="syn-ack" reason_ttl="229"/></port></ports></host>
<host endtime="1733447327"><address addr="202.46.252.21" addrtype="ipv4"/><ports><port protocol="tcp" portid="5060"><state state="open" reason="syn-ack" reason_ttl="50"/></port></ports></host>
<host endtime="1733447330"><address addr="202.46.251.48" addrtype="ipv4"/><ports><port protocol="tcp" portid="5060"><state state="open" reason="syn-ack" reason_ttl="51"/></port></ports></host>
<host endtime="1733447332"><address addr="202.46.245.223" addrtype="ipv4"/><ports><port protocol="tcp" portid="5060"><state state="open" reason="syn-ack" reason_ttl="51"/></port></ports></host>
<host endtime="1733447333"><address addr="202.46.244.44" addrtype="ipv4"/><ports><port protocol="tcp" portid="5060"><state state="open" reason="syn-ack" reason_ttl="51"/></port></ports></host>
<host endtime="1733447333"><address addr="199.123.24.67" addrtype="ipv4"/><ports><port protocol="tcp" portid="5060"><state state="open" reason="syn-ack" reason_ttl="229"/></port></ports></host>
<host endtime="1733447335"><address addr="202.46.250.46" addrtype="ipv4"/><ports><port protocol="tcp" portid="5060"><state state="open" reason="syn-ack" reason_ttl="51"/></port></ports></host>
<host endtime="1733447337"><address addr="103.83.18.15" addrtype="ipv4"/><ports><port protocol="tcp" portid="5060"><state state="open" reason="syn-ack" reason_ttl="48"/></port></ports></host>
<host endtime="1733447338"><address addr="103.177.50.92" addrtype="ipv4"/><ports><port protocol="tcp" portid="5060"><state state="open" reason="syn-ack" reason_ttl="121"/></port></ports></host>
<host endtime="1733447339"><address addr="103.224.215.244" addrtype="ipv4"/><ports><port protocol="tcp" portid="5060"><state state="open" reason="syn-ack" reason_ttl="48"/></port></ports></host>
<host endtime="1733447340"><address addr="202.46.242.150" addrtype="ipv4"/><ports><port protocol="tcp" portid="5060"><state state="open" reason="syn-ack" reason_ttl="51"/></port></ports></host>
<host endtime="1733447342"><address addr="202.46.7.35" addrtype="ipv4"/><ports><port protocol="tcp" portid="5060"><state state="open" reason="syn-ack" reason_ttl="51"/></port></ports></host>
<host endtime="1733447343"><address addr="202.46.10.16" addrtype="ipv4"/><ports><port protocol="tcp" portid="5061"><state state="open" reason="syn-ack" reason_ttl="50"/></port></ports></host>
<host endtime="1733447343"><address addr="202.46.10.79" addrtype="ipv4"/><ports><port protocol="tcp" portid="5060"><state state="open" reason="syn-ack" reason_ttl="51"/></port></ports></host>
<host endtime="1733447344"><address addr="202.46.4.133" addrtype="ipv4"/><ports><port protocol="tcp" portid="5060"><state state="open" reason="syn-ack" reason_ttl="51"/></port></ports></host>
<host endtime="1733447345"><address addr="202.46.253.124" addrtype="ipv4"/><ports><port protocol="tcp" portid="5060"><state state="open" reason="syn-ack" reason_ttl="50"/></port></ports></host>
<host endtime="1733447345"><address addr="202.46.9.61" addrtype="ipv4"/><ports><port protocol="tcp" portid="5060"><state state="open" reason="syn-ack" reason_ttl="51"/></port></ports></host>
<host endtime="1733447348"><address addr="202.46.246.79" addrtype="ipv4"/><ports><port protocol="tcp" portid="5060"><state state="open" reason="syn-ack" reason_ttl="51"/></port></ports></host>
<host endtime="1733447348"><address addr="202.46.255.83" addrtype="ipv4"/><ports><port protocol="tcp" portid="5060"><state state="open" reason="syn-ack" reason_ttl="50"/></port></ports></host>
<host endtime="1733447350"><address addr="202.46.241.159" addrtype="ipv4"/><ports><port protocol="tcp" portid="5060"><state state="open" reason="syn-ack" reason_ttl="50"/></port></ports></host>
<host endtime="1733447351"><address addr="202.46.254.84" addrtype="ipv4"/><ports><port protocol="tcp" portid="5060"><state state="open" reason="syn-ack" reason_ttl="50"/></port></ports></host>
<host endtime="1733447353"><address addr="202.46.12.225" addrtype="ipv4"/><ports><port protocol="tcp" portid="5060"><state state="open" reason="syn-ack" reason_ttl="51"/></port></ports></host>
<host endtime="1733447353"><address addr="199.123.26.100" addrtype="ipv4"/><ports><port protocol="tcp" portid="5060"><state state="open" reason="syn-ack" reason_ttl="229"/></port></ports></host>
<host endtime="1733447354"><address addr="202.46.1.130" addrtype="ipv4"/><ports><port protocol="tcp" portid="5060"><state state="open" reason="syn-ack" reason_ttl="50"/></port></ports></host>
<host endtime="1733447356"><address addr="202.46.253.140" addrtype="ipv4"/><ports><port protocol="tcp" portid="5060"><state state="open" reason="syn-ack" reason_ttl="50"/></port></ports></host>
<host endtime="1733447356"><address addr="103.224.215.230" addrtype="ipv4"/><ports><port protocol="tcp" portid="5060"><state state="open" reason="syn-ack" reason_ttl="48"/></port></ports></host>
<host endtime="1733447356"><address addr="202.46.241.131" addrtype="ipv4"/><ports><port protocol="tcp" portid="5060"><state state="open" reason="syn-ack" reason_ttl="51"/></port></ports></host>
<host endtime="1733447356"><address addr="202.46.5.223" addrtype="ipv4"/><ports><port protocol="tcp" portid="5060"><state state="open" reason="syn-ack" reason_ttl="51"/></port></ports></host>
<host endtime="1733447357"><address addr="199.123.25.189" addrtype="ipv4"/><ports><port protocol="tcp" portid="5060"><state state="open" reason="syn-ack" reason_ttl="229"/></port></ports></host>
<host endtime="1733447358"><address addr="202.46.7.62" addrtype="ipv4"/><ports><port protocol="tcp" portid="5060"><state state="open" reason="syn-ack" reason_ttl="51"/></port></ports></host>
<host endtime="1733447358"><address addr="103.83.19.143" addrtype="ipv4"/><ports><port protocol="tcp" portid="5060"><state state="open" reason="syn-ack" reason_ttl="48"/></port></ports></host>
<host endtime="1733447359"><address addr="103.224.214.195" addrtype="ipv4"/><ports><port protocol="tcp" portid="5060"><state state="open" reason="syn-ack" reason_ttl="48"/></port></ports></host>
<host endtime="1733447359"><address addr="202.46.8.155" addrtype="ipv4"/><ports><port protocol="tcp" portid="5060"><state state="open" reason="syn-ack" reason_ttl="50"/></port></ports></host>
<host endtime="1733447362"><address addr="199.201.236.116" addrtype="ipv4"/><ports><port protocol="tcp" portid="5060"><state state="open" reason="syn-ack" reason_ttl="47"/></port></ports></host>
<host endtime="1733447362"><address addr="202.46.5.103" addrtype="ipv4"/><ports><port protocol="tcp" portid="5060"><state state="open" reason="syn-ack" reason_ttl="51"/></port></ports></host>
<host endtime="1733447362"><address addr="202.46.10.40" addrtype="ipv4"/><ports><port protocol="tcp" portid="5060"><state state="open" reason="syn-ack" reason_ttl="50"/></port></ports></host>
<host endtime="1733447364"><address addr="199.123.25.27" addrtype="ipv4"/><ports><port protocol="tcp" portid="5060"><state state="open" reason="syn-ack" reason_ttl="229"/></port></ports></host>
<host endtime="1733447367"><address addr="202.46.4.41" addrtype="ipv4"/><ports><port protocol="tcp" portid="5060"><state state="open" reason="syn-ack" reason_ttl="51"/></port></ports></host>
<host endtime="1733447367"><address addr="202.46.10.225" addrtype="ipv4"/><ports><port protocol="tcp" portid="5060"><state state="open" reason="syn-ack" reason_ttl="51"/></port></ports></host>
<host endtime="1733447370"><address addr="202.46.245.23" addrtype="ipv4"/><ports><port protocol="tcp" portid="5060"><state state="open" reason="syn-ack" reason_ttl="51"/></port></ports></host>
<host endtime="1733447372"><address addr="202.46.0.211" addrtype="ipv4"/><ports><port protocol="tcp" portid="5060"><state state="open" reason="syn-ack" reason_ttl="51"/></port></ports></host>
<host endtime="1733447373"><address addr="202.46.11.67" addrtype="ipv4"/><ports><port protocol="tcp" portid="5060"><state state="open" reason="syn-ack" reason_ttl="51"/></port></ports></host>
<host endtime="1733447376"><address addr="202.46.252.37" addrtype="ipv4"/><ports><port protocol="tcp" portid="5060"><state state="open" reason="syn-ack" reason_ttl="51"/></port></ports></host>
<host endtime="1733447377"><address addr="202.46.1.21" addrtype="ipv4"/><ports><port protocol="tcp" portid="5060"><state state="open" reason="syn-ack" reason_ttl="50"/></port></ports></host>
<host endtime="1733447379"><address addr="202.46.3.120" addrtype="ipv4"/><ports><port protocol="tcp" portid="5060"><state state="open" reason="syn-ack" reason_ttl="51"/></port></ports></host>
<host endtime="1733447380"><address addr="199.123.25.10" addrtype="ipv4"/><ports><port protocol="tcp" portid="5060"><state state="open" reason="syn-ack" reason_ttl="229"/></port></ports></host>
<host endtime="1733447383"><address addr="193.98.119.163" addrtype="ipv4"/><ports><port protocol="tcp" portid="5060"><state state="open" reason="syn-ack" reason_ttl="49"/></port></ports></host>
<host endtime="1733447383"><address addr="202.46.242.121" addrtype="ipv4"/><ports><port protocol="tcp" portid="5060"><state state="open" reason="syn-ack" reason_ttl="51"/></port></ports></host>
<host endtime="1733447384"><address addr="202.46.254.27" addrtype="ipv4"/><ports><port protocol="tcp" portid="5060"><state state="open" reason="syn-ack" reason_ttl="50"/></port></ports></host>
<host endtime="1733447385"><address addr="202.46.9.69" addrtype="ipv4"/><ports><port protocol="tcp" portid="5060"><state state="open" reason="syn-ack" reason_ttl="50"/></port></ports></host>
<host endtime="1733447387"><address addr="202.46.248.21" addrtype="ipv4"/><ports><port protocol="tcp" portid="5060"><state state="open" reason="syn-ack" reason_ttl="50"/></port></ports></host>
<host endtime="1733447388"><address addr="202.46.13.100" addrtype="ipv4"/><ports><port protocol="tcp" portid="5060"><state state="open" reason="syn-ack" reason_ttl="51"/></port></ports></host>
<host endtime="1733447389"><address addr="199.123.25.20" addrtype="ipv4"/><ports><port protocol="tcp" portid="5060"><state state="open" reason="syn-ack" reason_ttl="229"/></port></ports></host>
<host endtime="1733447391"><address addr="202.46.248.53" addrtype="ipv4"/><ports><port protocol="tcp" portid="5060"><state state="open" reason="syn-ack" reason_ttl="51"/></port></ports></host>
<host endtime="1733447392"><address addr="202.46.248.162" addrtype="ipv4"/><ports><port protocol="tcp" portid="5060"><state state="open" reason="syn-ack" reason_ttl="51"/></port></ports></host>
<host endtime="1733447392"><address addr="202.46.6.100" addrtype="ipv4"/><ports><port protocol="tcp" portid="5060"><state state="open" reason="syn-ack" reason_ttl="51"/></port></ports></host>
<host endtime="1733447392"><address addr="199.201.237.155" addrtype="ipv4"/><ports><port protocol="tcp" portid="5060"><state state="open" reason="syn-ack" reason_ttl="47"/></port></ports></host>
<host endtime="1733447393"><address addr="202.46.10.223" addrtype="ipv4"/><ports><port protocol="tcp" portid="5060"><state state="open" reason="syn-ack" reason_ttl="51"/></port></ports></host>
<host endtime="1733447395"><address addr="202.46.255.11" addrtype="ipv4"/><ports><port protocol="tcp" portid="5060"><state state="open" reason="syn-ack" reason_ttl="51"/></port></ports></host>
<host endtime="1733447398"><address addr="202.46.6.67" addrtype="ipv4"/><ports><port protocol="tcp" portid="5060"><state state="open" reason="syn-ack" reason_ttl="51"/></port></ports></host>
<host endtime="1733447400"><address addr="202.46.12.211" addrtype="ipv4"/><ports><port protocol="tcp" portid="5060"><state state="open" reason="syn-ack" reason_ttl="50"/></port></ports></host>
<host endtime="1733447405"><address addr="202.46.12.224" addrtype="ipv4"/><ports><port protocol="tcp" portid="5060"><state state="open" reason="syn-ack" reason_ttl="51"/></port></ports></host>
<host endtime="1733447405"><address addr="103.224.215.78" addrtype="ipv4"/><ports><port protocol="tcp" portid="5060"><state state="open" reason="syn-ack" reason_ttl="48"/></port></ports></host>
<host endtime="1733447406"><address addr="202.46.5.95" addrtype="ipv4"/><ports><port protocol="tcp" portid="5060"><state state="open" reason="syn-ack" reason_ttl="51"/></port></ports></host>
<host endtime="1733447409"><address addr="202.46.245.105" addrtype="ipv4"/><ports><port protocol="tcp" portid="5060"><state state="open" reason="syn-ack" reason_ttl="51"/></port></ports></host>
<host endtime="1733447410"><address addr="202.46.1.147" addrtype="ipv4"/><ports><port protocol="tcp" portid="5060"><state state="open" reason="syn-ack" reason_ttl="51"/></port></ports></host>
<host endtime="1733447412"><address addr="103.83.18.161" addrtype="ipv4"/><ports><port protocol="tcp" portid="5060"><state state="open" reason="syn-ack" reason_ttl="48"/></port></ports></host>
<host endtime="1733447412"><address addr="202.46.11.63" addrtype="ipv4"/><ports><port protocol="tcp" portid="5060"><state state="open" reason="syn-ack" reason_ttl="51"/></port></ports></host>
<host endtime="1733447414"><address addr="202.46.248.108" addrtype="ipv4"/><ports><port protocol="tcp" portid="5060"><state state="open" reason="syn-ack" reason_ttl="51"/></port></ports></host>
<host endtime="1733447414"><address addr="202.46.254.133" addrtype="ipv4"/><ports><port protocol="tcp" portid="5060"><state state="open" reason="syn-ack" reason_ttl="51"/></port></ports></host>
<host endtime="1733447416"><address addr="202.46.10.248" addrtype="ipv4"/><ports><port protocol="tcp" portid="5060"><state state="open" reason="syn-ack" reason_ttl="51"/></port></ports></host>
<host endtime="1733447416"><address addr="193.103.206.215" addrtype="ipv4"/><ports><port protocol="tcp" portid="5060"><state state="open" reason="syn-ack" reason_ttl="54"/></port></ports></host>
<host endtime="1733447417"><address addr="202.46.10.18" addrtype="ipv4"/><ports><port protocol="tcp" portid="5061"><state state="open" reason="syn-ack" reason_ttl="50"/></port></ports></host>
<host endtime="1733447420"><address addr="199.123.25.233" addrtype="ipv4"/><ports><port protocol="tcp" portid="5060"><state state="open" reason="syn-ack" reason_ttl="229"/></port></ports></host>
<host endtime="1733447422"><address addr="202.46.249.17" addrtype="ipv4"/><ports><port protocol="tcp" portid="5060"><state state="open" reason="syn-ack" reason_ttl="50"/></port></ports></host>
<host endtime="1733447431"><address addr="202.46.6.66" addrtype="ipv4"/><ports><port protocol="tcp" portid="5060"><state state="open" reason="syn-ack" reason_ttl="50"/></port></ports></host>
<host endtime="1733447432"><address addr="202.46.243.250" addrtype="ipv4"/><ports><port protocol="tcp" portid="5060"><state state="open" reason="syn-ack" reason_ttl="51"/></port></ports></host>
<host endtime="1733447435"><address addr="199.123.26.116" addrtype="ipv4"/><ports><port protocol="tcp" portid="5060"><state state="open" reason="syn-ack" reason_ttl="229"/></port></ports></host>
<host endtime="1733447435"><address addr="202.46.5.172" addrtype="ipv4"/><ports><port protocol="tcp" portid="5060"><state state="open" reason="syn-ack" reason_ttl="51"/></port></ports></host>
<host endtime="1733447436"><address addr="199.201.236.224" addrtype="ipv4"/><ports><port protocol="tcp" portid="5060"><state state="open" reason="syn-ack" reason_ttl="47"/></port></ports></host>
<host endtime="1733447438"><address addr="202.46.5.147" addrtype="ipv4"/><ports><port protocol="tcp" portid="5060"><state state="open" reason="syn-ack" reason_ttl="51"/></port></ports></host>
<host endtime="1733447438"><address addr="202.46.3.181" addrtype="ipv4"/><ports><port protocol="tcp" portid="5060"><state state="open" reason="syn-ack" reason_ttl="51"/></port></ports></host>
<host endtime="1733447440"><address addr="199.201.237.54" addrtype="ipv4"/><ports><port protocol="tcp" portid="5060"><state state="open" reason="syn-ack" reason_ttl="47"/></port></ports></host>
<host endtime="1733447443"><address addr="103.177.50.80" addrtype="ipv4"/><ports><port protocol="tcp" portid="5061"><state state="open" reason="syn-ack" reason_ttl="57"/></port></ports></host>
<host endtime="1733447446"><address addr="193.98.229.141" addrtype="ipv4"/><ports><port protocol="tcp" portid="5060"><state state="open" reason="syn-ack" reason_ttl="48"/></port></ports></host>
<host endtime="1733447448"><address addr="202.46.9.52" addrtype="ipv4"/><ports><port protocol="tcp" portid="5060"><state state="open" reason="syn-ack" reason_ttl="51"/></port></ports></host>
<host endtime="1733447449"><address addr="199.201.236.217" addrtype="ipv4"/><ports><port protocol="tcp" portid="5060"><state state="open" reason="syn-ack" reason_ttl="47"/></port></ports></host>
<host endtime="1733447449"><address addr="202.46.251.136" addrtype="ipv4"/><ports><port protocol="tcp" portid="5060"><state state="open" reason="syn-ack" reason_ttl="51"/></port></ports></host>
<host endtime="1733447449"><address addr="202.46.13.122" addrtype="ipv4"/><ports><port protocol="tcp" portid="5060"><state state="open" reason="syn-ack" reason_ttl="51"/></port></ports></host>
<host endtime="1733447452"><address addr="103.224.214.110" addrtype="ipv4"/><ports><port protocol="tcp" portid="5060"><state state="open" reason="syn-ack" reason_ttl="48"/></port></ports></host>
<host endtime="1733447455"><address addr="202.46.250.79" addrtype="ipv4"/><ports><port protocol="tcp" portid="5060"><state state="open" reason="syn-ack" reason_ttl="50"/></port></ports></host>
<host endtime="1733447455"><address addr="202.46.5.197" addrtype="ipv4"/><ports><port protocol="tcp" portid="5060"><state state="open" reason="syn-ack" reason_ttl="50"/></port></ports></host>
<host endtime="1733447457"><address addr="202.46.8.145" addrtype="ipv4"/><ports><port protocol="tcp" portid="5060"><state state="open" reason="syn-ack" reason_ttl="51"/></port></ports></host>
<host endtime="1733447457"><address addr="202.46.2.105" addrtype="ipv4"/><ports><port protocol="tcp" portid="5060"><state state="open" reason="syn-ack" reason_ttl="51"/></port></ports></host>
<host endtime="1733447460"><address addr="202.46.7.150" addrtype="ipv4"/><ports><port protocol="tcp" portid="5060"><state state="open" reason="syn-ack" reason_ttl="51"/></port></ports></host>
<host endtime="1733447461"><address addr="103.68.224.2" addrtype="ipv4"/><ports><port protocol="tcp" portid="5060"><state state="open" reason="syn-ack" reason_ttl="238"/></port></ports></host>
<host endtime="1733447467"><address addr="199.123.25.32" addrtype="ipv4"/><ports><port protocol="tcp" portid="5060"><state state="open" reason="syn-ack" reason_ttl="229"/></port></ports></host>
<host endtime="1733447467"><address addr="202.46.4.153" addrtype="ipv4"/><ports><port protocol="tcp" portid="5060"><state state="open" reason="syn-ack" reason_ttl="51"/></port></ports></host>
<host endtime="1733447474"><address addr="202.46.15.106" addrtype="ipv4"/><ports><port protocol="tcp" portid="5060"><state state="open" reason="syn-ack" reason_ttl="51"/></port></ports></host>
<host endtime="1733447475"><address addr="202.46.14.109" addrtype="ipv4"/><ports><port protocol="tcp" portid="5060"><state state="open" reason="syn-ack" reason_ttl="51"/></port></ports></host>
<host endtime="1733447476"><address addr="193.98.229.193" addrtype="ipv4"/><ports><port protocol="tcp" portid="5060"><state state="open" reason="syn-ack" reason_ttl="44"/></port></ports></host>
<host endtime="1733447476"><address addr="199.201.236.87" addrtype="ipv4"/><ports><port protocol="tcp" portid="5060"><state state="open" reason="syn-ack" reason_ttl="47"/></port></ports></host>
<host endtime="1733447478"><address addr="202.46.251.66" addrtype="ipv4"/><ports><port protocol="tcp" portid="5060"><state state="open" reason="syn-ack" reason_ttl="51"/></port></ports></host>
<host endtime="1733447481"><address addr="103.177.50.66" addrtype="ipv4"/><ports><port protocol="tcp" portid="5060"><state state="open" reason="syn-ack" reason_ttl="120"/></port></ports></host>
<host endtime="1733447484"><address addr="202.46.247.200" addrtype="ipv4"/><ports><port protocol="tcp" portid="5060"><state state="open" reason="syn-ack" reason_ttl="51"/></port></ports></host>
<host endtime="1733447486"><address addr="202.46.15.69" addrtype="ipv4"/><ports><port protocol="tcp" portid="5060"><state state="open" reason="syn-ack" reason_ttl="50"/></port></ports></host>
<host endtime="1733447489"><address addr="199.123.24.142" addrtype="ipv4"/><ports><port protocol="tcp" portid="5060"><state state="open" reason="syn-ack" reason_ttl="229"/></port></ports></host>
<host endtime="1733447489"><address addr="202.46.9.45" addrtype="ipv4"/><ports><port protocol="tcp" portid="5060"><state state="open" reason="syn-ack" reason_ttl="51"/></port></ports></host>
<host endtime="1733447490"><address addr="199.123.24.224" addrtype="ipv4"/><ports><port protocol="tcp" portid="5060"><state state="open" reason="syn-ack" reason_ttl="229"/></port></ports></host>
<host endtime="1733447492"><address addr="202.46.0.240" addrtype="ipv4"/><ports><port protocol="tcp" portid="5060"><state state="open" reason="syn-ack" reason_ttl="51"/></port></ports></host>
<host endtime="1733447492"><address addr="103.224.214.205" addrtype="ipv4"/><ports><port protocol="tcp" portid="5060"><state state="open" reason="syn-ack" reason_ttl="48"/></port></ports></host>
<host endtime="1733447494"><address addr="202.46.2.82" addrtype="ipv4"/><ports><port protocol="tcp" portid="5060"><state state="open" reason="syn-ack" reason_ttl="50"/></port></ports></host>
<host endtime="1733447495"><address addr="202.46.0.132" addrtype="ipv4"/><ports><port protocol="tcp" portid="5060"><state state="open" reason="syn-ack" reason_ttl="50"/></port></ports></host>
<host endtime="1733447502"><address addr="199.123.25.202" addrtype="ipv4"/><ports><port protocol="tcp" portid="5060"><state state="open" reason="syn-ack" reason_ttl="229"/></port></ports></host>
<host endtime="1733447503"><address addr="202.46.2.155" addrtype="ipv4"/><ports><port protocol="tcp" portid="5060"><state state="open" reason="syn-ack" reason_ttl="50"/></port></ports></host>
<host endtime="1733447503"><address addr="199.201.237.21" addrtype="ipv4"/><ports><port protocol="tcp" portid="5060"><state state="open" reason="syn-ack" reason_ttl="47"/></port></ports></host>
<host endtime="1733447505"><address addr="199.201.236.24" addrtype="ipv4"/><ports><port protocol="tcp" portid="5060"><state state="open" reason="syn-ack" reason_ttl="47"/></port></ports></host>
<host endtime="1733447508"><address addr="199.123.25.243" addrtype="ipv4"/><ports><port protocol="tcp" portid="5060"><state state="open" reason="syn-ack" reason_ttl="229"/></port></ports></host>
<host endtime="1733447513"><address addr="202.46.243.82" addrtype="ipv4"/><ports><port protocol="tcp" portid="5060"><state state="open" reason="syn-ack" reason_ttl="50"/></port></ports></host>
<host endtime="1733447518"><address addr="202.46.15.159" addrtype="ipv4"/><ports><port protocol="tcp" portid="5060"><state state="open" reason="syn-ack" reason_ttl="51"/></port></ports></host>
<host endtime="1733447519"><address addr="202.46.241.21" addrtype="ipv4"/><ports><port protocol="tcp" portid="5060"><state state="open" reason="syn-ack" reason_ttl="50"/></port></ports></host>
<host endtime="1733447519"><address addr="202.46.4.214" addrtype="ipv4"/><ports><port protocol="tcp" portid="5060"><state state="open" reason="syn-ack" reason_ttl="51"/></port></ports></host>
<host endtime="1733447520"><address addr="202.46.248.141" addrtype="ipv4"/><ports><port protocol="tcp" portid="5060"><state state="open" reason="syn-ack" reason_ttl="50"/></port></ports></host>
<host endtime="1733447521"><address addr="202.46.248.32" addrtype="ipv4"/><ports><port protocol="tcp" portid="5060"><state state="open" reason="syn-ack" reason_ttl="51"/></port></ports></host>
<host endtime="1733447521"><address addr="202.46.243.145" addrtype="ipv4"/><ports><port protocol="tcp" portid="5060"><state state="open" reason="syn-ack" reason_ttl="50"/></port></ports></host>
<host endtime="1733447521"><address addr="202.46.11.70" addrtype="ipv4"/><ports><port protocol="tcp" portid="5060"><state state="open" reason="syn-ack" reason_ttl="51"/></port></ports></host>
<host endtime="1733447522"><address addr="202.46.240.211" addrtype="ipv4"/><ports><port protocol="tcp" portid="5060"><state state="open" reason="syn-ack" reason_ttl="50"/></port></ports></host>
<host endtime="1733447523"><address addr="202.46.0.79" addrtype="ipv4"/><ports><port protocol="tcp" portid="5060"><state state="open" reason="syn-ack" reason_ttl="51"/></port></ports></host>
<host endtime="1733447523"><address addr="103.224.215.48" addrtype="ipv4"/><ports><port protocol="tcp" portid="5060"><state state="open" reason="syn-ack" reason_ttl="48"/></port></ports></host>
<host endtime="1733447526"><address addr="202.46.242.44" addrtype="ipv4"/><ports><port protocol="tcp" portid="5060"><state state="open" reason="syn-ack" reason_ttl="50"/></port></ports></host>
<host endtime="1733447527"><address addr="202.46.253.168" addrtype="ipv4"/><ports><port protocol="tcp" portid="5060"><state state="open" reason="syn-ack" reason_ttl="51"/></port></ports></host>
<host endtime="1733447533"><address addr="202.46.10.240" addrtype="ipv4"/><ports><port protocol="tcp" portid="5060"><state state="open" reason="syn-ack" reason_ttl="51"/></port></ports></host>
<host endtime="1733447536"><address addr="199.201.237.99" addrtype="ipv4"/><ports><port protocol="tcp" portid="5060"><state state="open" reason="syn-ack" reason_ttl="47"/></port></ports></host>
<host endtime="1733447539"><address addr="202.46.241.76" addrtype="ipv4"/><ports><port protocol="tcp" portid="5060"><state state="open" reason="syn-ack" reason_ttl="51"/></port></ports></host>
<host endtime="1733447541"><address addr="202.46.252.161" addrtype="ipv4"/><ports><port protocol="tcp" portid="5060"><state state="open" reason="syn-ack" reason_ttl="51"/></port></ports></host>
<host endtime="1733447542"><address addr="199.201.236.63" addrtype="ipv4"/><ports><port protocol="tcp" portid="5060"><state state="open" reason="syn-ack" reason_ttl="47"/></port></ports></host>
<host endtime="1733447545"><address addr="202.46.247.34" addrtype="ipv4"/><ports><port protocol="tcp" portid="5060"><state state="open" reason="syn-ack" reason_ttl="51"/></port></ports></host>
<host endtime="1733447548"><address addr="202.46.249.207" addrtype="ipv4"/><ports><port protocol="tcp" portid="5060"><state state="open" reason="syn-ack" reason_ttl="51"/></port></ports></host>
<host endtime="1733447551"><address addr="202.46.243.84" addrtype="ipv4"/><ports><port protocol="tcp" portid="5060"><state state="open" reason="syn-ack" reason_ttl="50"/></port></ports></host>
<host endtime="1733447554"><address addr="103.83.19.29" addrtype="ipv4"/><ports><port protocol="tcp" portid="5060"><state state="open" reason="syn-ack" reason_ttl="48"/></port></ports></host>
<host endtime="1733447556"><address addr="193.103.200.66" addrtype="ipv4"/><ports><port protocol="tcp" portid="5060"><state state="open" reason="syn-ack" reason_ttl="54"/></port></ports></host>
<host endtime="1733447556"><address addr="202.46.240.61" addrtype="ipv4"/><ports><port protocol="tcp" portid="5060"><state state="open" reason="syn-ack" reason_ttl="51"/></port></ports></host>
<host endtime="1733447557"><address addr="199.123.24.115" addrtype="ipv4"/><ports><port protocol="tcp" portid="5060"><state state="open" reason="syn-ack" reason_ttl="229"/></port></ports></host>
<host endtime="1733447557"><address addr="202.46.7.14" addrtype="ipv4"/><ports><port protocol="tcp" portid="5060"><state state="open" reason="syn-ack" reason_ttl="51"/></port></ports></host>
<host endtime="1733447559"><address addr="202.46.240.29" addrtype="ipv4"/><ports><port protocol="tcp" portid="5060"><state state="open" reason="syn-ack" reason_ttl="51"/></port></ports></host>
<host endtime="1733447559"><address addr="202.46.11.128" addrtype="ipv4"/><ports><port protocol="tcp" portid="5060"><state state="open" reason="syn-ack" reason_ttl="51"/></port></ports></host>
<host endtime="1733447561"><address addr="202.46.253.123" addrtype="ipv4"/><ports><port protocol="tcp" portid="5060"><state state="open" reason="syn-ack" reason_ttl="51"/></port></ports></host>
<host endtime="1733447562"><address addr="202.46.241.84" addrtype="ipv4"/><ports><port protocol="tcp" portid="5060"><state state="open" reason="syn-ack" reason_ttl="50"/></port></ports></host>
<host endtime="1733447562"><address addr="103.224.215.115" addrtype="ipv4"/><ports><port protocol="tcp" portid="5060"><state state="open" reason="syn-ack" reason_ttl="48"/></port></ports></host>
<host endtime="1733447563"><address addr="41.138.192.45" addrtype="ipv4"/><ports><port protocol="tcp" portid="5060"><state state="open" reason="syn-ack" reason_ttl="43"/></port></ports></host>
<host endtime="1733447563"><address addr="202.46.5.145" addrtype="ipv4"/><ports><port protocol="tcp" portid="5060"><state state="open" reason="syn-ack" reason_ttl="51"/></port></ports></host>
<host endtime="1733447564"><address addr="199.201.237.95" addrtype="ipv4"/><ports><port protocol="tcp" portid="5060"><state state="open" reason="syn-ack" reason_ttl="47"/></port></ports></host>
<host endtime="1733447564"><address addr="202.46.6.168" addrtype="ipv4"/><ports><port protocol="tcp" portid="5060"><state state="open" reason="syn-ack" reason_ttl="51"/></port></ports></host>
<host endtime="1733447565"><address addr="202.46.12.198" addrtype="ipv4"/><ports><port protocol="tcp" portid="5060"><state state="open" reason="syn-ack" reason_ttl="50"/></port></ports></host>
<host endtime="1733447569"><address addr="202.46.240.17" addrtype="ipv4"/><ports><port protocol="tcp" portid="5060"><state state="open" reason="syn-ack" reason_ttl="50"/></port></ports></host>
<host endtime="1733447570"><address addr="202.46.0.58" addrtype="ipv4"/><ports><port protocol="tcp" portid="5060"><state state="open" reason="syn-ack" reason_ttl="50"/></port></ports></host>
<host endtime="1733447573"><address addr="202.46.1.236" addrtype="ipv4"/><ports><port protocol="tcp" portid="5060"><state state="open" reason="syn-ack" reason_ttl="51"/></port></ports></host>
<host endtime="1733447577"><address addr="202.46.253.70" addrtype="ipv4"/><ports><port protocol="tcp" portid="5060"><state state="open" reason="syn-ack" reason_ttl="51"/></port></ports></host>
<host endtime="1733447580"><address addr="202.46.245.97" addrtype="ipv4"/><ports><port protocol="tcp" portid="5060"><state state="open" reason="syn-ack" reason_ttl="51"/></port></ports></host>
<host endtime="1733447581"><address addr="199.123.27.125" addrtype="ipv4"/><ports><port protocol="tcp" portid="5060"><state state="open" reason="syn-ack" reason_ttl="229"/></port></ports></host>
<host endtime="1733447582"><address addr="202.46.12.157" addrtype="ipv4"/><ports><port protocol="tcp" portid="5060"><state state="open" reason="syn-ack" reason_ttl="51"/></port></ports></host>
<host endtime="1733447584"><address addr="103.224.214.30" addrtype="ipv4"/><ports><port protocol="tcp" portid="5060"><state state="open" reason="syn-ack" reason_ttl="48"/></port></ports></host>
<host endtime="1733447589"><address addr="202.46.9.178" addrtype="ipv4"/><ports><port protocol="tcp" portid="5060"><state state="open" reason="syn-ack" reason_ttl="51"/></port></ports></host>
<host endtime="1733447591"><address addr="202.46.6.115" addrtype="ipv4"/><ports><port protocol="tcp" portid="5060"><state state="open" reason="syn-ack" reason_ttl="50"/></port></ports></host>
<host endtime="1733447592"><address addr="103.83.19.160" addrtype="ipv4"/><ports><port protocol="tcp" portid="5060"><state state="open" reason="syn-ack" reason_ttl="48"/></port></ports></host>
<host endtime="1733447592"><address addr="202.46.12.120" addrtype="ipv4"/><ports><port protocol="tcp" portid="5060"><state state="open" reason="syn-ack" reason_ttl="51"/></port></ports></host>
<host endtime="1733447594"><address addr="199.201.236.64" addrtype="ipv4"/><ports><port protocol="tcp" portid="5060"><state state="open" reason="syn-ack" reason_ttl="47"/></port></ports></host>
<host endtime="1733447595"><address addr="193.98.119.43" addrtype="ipv4"/><ports><port protocol="tcp" portid="5060"><state state="open" reason="syn-ack" reason_ttl="48"/></port></ports></host>
<host endtime="1733447596"><address addr="199.123.25.34" addrtype="ipv4"/><ports><port protocol="tcp" portid="5060"><state state="open" reason="syn-ack" reason_ttl="229"/></port></ports></host>
<host endtime="1733447598"><address addr="103.224.214.150" addrtype="ipv4"/><ports><port protocol="tcp" portid="5060"><state state="open" reason="syn-ack" reason_ttl="48"/></port></ports></host>
<host endtime="1733447599"><address addr="202.46.14.123" addrtype="ipv4"/><ports><port protocol="tcp" portid="5060"><state state="open" reason="syn-ack" reason_ttl="51"/></port></ports></host>
<host endtime="1733447600"><address addr="199.123.27.149" addrtype="ipv4"/><ports><port protocol="tcp" portid="5060"><state state="open" reason="syn-ack" reason_ttl="229"/></port></ports></host>
<host endtime="1733447603"><address addr="202.46.7.208" addrtype="ipv4"/><ports><port protocol="tcp" portid="5060"><state state="open" reason="syn-ack" reason_ttl="51"/></port></ports></host>
<host endtime="1733447604"><address addr="202.46.250.88" addrtype="ipv4"/><ports><port protocol="tcp" portid="5060"><state state="open" reason="syn-ack" reason_ttl="50"/></port></ports></host>
<host endtime="1733447604"><address addr="202.46.1.174" addrtype="ipv4"/><ports><port protocol="tcp" portid="5060"><state state="open" reason="syn-ack" reason_ttl="51"/></port></ports></host>
<host endtime="1733447605"><address addr="202.46.251.254" addrtype="ipv4"/><ports><port protocol="tcp" portid="5060"><state state="open" reason="syn-ack" reason_ttl="50"/></port></ports></host>
<host endtime="1733447608"><address addr="199.123.24.191" addrtype="ipv4"/><ports><port protocol="tcp" portid="5060"><state state="open" reason="syn-ack" reason_ttl="229"/></port></ports></host>
<host endtime="1733447609"><address addr="202.46.2.164" addrtype="ipv4"/><ports><port protocol="tcp" portid="5060"><state state="open" reason="syn-ack" reason_ttl="51"/></port></ports></host>
<host endtime="1733447610"><address addr="202.46.246.23" addrtype="ipv4"/><ports><port protocol="tcp" portid="5060"><state state="open" reason="syn-ack" reason_ttl="50"/></port></ports></host>
<host endtime="1733447610"><address addr="202.46.248.165" addrtype="ipv4"/><ports><port protocol="tcp" portid="5060"><state state="open" reason="syn-ack" reason_ttl="51"/></port></ports></host>
<host endtime="1733447611"><address addr="199.123.24.85" addrtype="ipv4"/><ports><port protocol="tcp" portid="5060"><state state="open" reason="syn-ack" reason_ttl="229"/></port></ports></host>
<host endtime="1733447615"><address addr="199.123.25.129" addrtype="ipv4"/><ports><port protocol="tcp" portid="5060"><state state="open" reason="syn-ack" reason_ttl="229"/></port></ports></host>
<host endtime="1733447626"><address addr="202.46.7.43" addrtype="ipv4"/><ports><port protocol="tcp" portid="5060"><state state="open" reason="syn-ack" reason_ttl="51"/></port></ports></host>
<host endtime="1733447626"><address addr="199.123.25.169" addrtype="ipv4"/><ports><port protocol="tcp" portid="5060"><state state="open" reason="syn-ack" reason_ttl="229"/></port></ports></host>
<host endtime="1733447631"><address addr="202.46.247.166" addrtype="ipv4"/><ports><port protocol="tcp" portid="5060"><state state="open" reason="syn-ack" reason_ttl="51"/></port></ports></host>
<host endtime="1733447632"><address addr="202.46.249.238" addrtype="ipv4"/><ports><port protocol="tcp" portid="5060"><state state="open" reason="syn-ack" reason_ttl="51"/></port></ports></host>
<host endtime="1733447634"><address addr="202.46.13.132" addrtype="ipv4"/><ports><port protocol="tcp" portid="5060"><state state="open" reason="syn-ack" reason_ttl="51"/></port></ports></host>
<host endtime="1733447641"><address addr="202.46.14.94" addrtype="ipv4"/><ports><port protocol="tcp" portid="5060"><state state="open" reason="syn-ack" reason_ttl="51"/></port></ports></host>
<host endtime="1733447641"><address addr="202.46.252.35" addrtype="ipv4"/><ports><port protocol="tcp" portid="5060"><state state="open" reason="syn-ack" reason_ttl="51"/></port></ports></host>
<host endtime="1733447643"><address addr="202.46.3.0" addrtype="ipv4"/><ports><port protocol="tcp" portid="5060"><state state="open" reason="syn-ack" reason_ttl="50"/></port></ports></host>
<host endtime="1733447646"><address addr="199.123.25.177" addrtype="ipv4"/><ports><port protocol="tcp" portid="5060"><state state="open" reason="syn-ack" reason_ttl="229"/></port></ports></host>
<host endtime="1733447646"><address addr="202.46.241.134" addrtype="ipv4"/><ports><port protocol="tcp" portid="5060"><state state="open" reason="syn-ack" reason_ttl="51"/></port></ports></host>
<host endtime="1733447648"><address addr="103.224.215.144" addrtype="ipv4"/><ports><port protocol="tcp" portid="5060"><state state="open" reason="syn-ack" reason_ttl="48"/></port></ports></host>
<host endtime="1733447651"><address addr="202.46.8.22" addrtype="ipv4"/><ports><port protocol="tcp" portid="5060"><state state="open" reason="syn-ack" reason_ttl="51"/></port></ports></host>
<host endtime="1733447653"><address addr="202.46.9.128" addrtype="ipv4"/><ports><port protocol="tcp" portid="5060"><state state="open" reason="syn-ack" reason_ttl="50"/></port></ports></host>
<host endtime="1733447656"><address addr="202.46.248.56" addrtype="ipv4"/><ports><port protocol="tcp" portid="5060"><state state="open" reason="syn-ack" reason_ttl="51"/></port></ports></host>
<host endtime="1733447656"><address addr="202.46.10.68" addrtype="ipv4"/><ports><port protocol="tcp" portid="5060"><state state="open" reason="syn-ack" reason_ttl="50"/></port></ports></host>
<host endtime="1733447656"><address addr="202.46.253.36" addrtype="ipv4"/><ports><port protocol="tcp" portid="5060"><state state="open" reason="syn-ack" reason_ttl="51"/></port></ports></host>
<host endtime="1733447657"><address addr="202.46.15.160" addrtype="ipv4"/><ports><port protocol="tcp" portid="5060"><state state="open" reason="syn-ack" reason_ttl="51"/></port></ports></host>
<host endtime="1733447658"><address addr="202.46.252.142" addrtype="ipv4"/><ports><port protocol="tcp" portid="5060"><state state="open" reason="syn-ack" reason_ttl="51"/></port></ports></host>
<host endtime="1733447658"><address addr="103.224.214.42" addrtype="ipv4"/><ports><port protocol="tcp" portid="5060"><state state="open" reason="syn-ack" reason_ttl="48"/></port></ports></host>
<host endtime="1733447661"><address addr="202.46.247.33" addrtype="ipv4"/><ports><port protocol="tcp" portid="5060"><state state="open" reason="syn-ack" reason_ttl="50"/></port></ports></host>
<host endtime="1733447662"><address addr="199.123.25.12" addrtype="ipv4"/><ports><port protocol="tcp" portid="5060"><state state="open" reason="syn-ack" reason_ttl="229"/></port></ports></host>
<host endtime="1733447663"><address addr="202.46.247.115" addrtype="ipv4"/><ports><port protocol="tcp" portid="5060"><state state="open" reason="syn-ack" reason_ttl="51"/></port></ports></host>
<host endtime="1733447664"><address addr="202.46.1.55" addrtype="ipv4"/><ports><port protocol="tcp" portid="5060"><state state="open" reason="syn-ack" reason_ttl="50"/></port></ports></host>
<host endtime="1733447666"><address addr="202.46.247.196" addrtype="ipv4"/><ports><port protocol="tcp" portid="5060"><state state="open" reason="syn-ack" reason_ttl="51"/></port></ports></host>
<host endtime="1733447668"><address addr="202.46.242.238" addrtype="ipv4"/><ports><port protocol="tcp" portid="5060"><state state="open" reason="syn-ack" reason_ttl="51"/></port></ports></host>
<host endtime="1733447671"><address addr="193.103.206.209" addrtype="ipv4"/><ports><port protocol="tcp" portid="5060"><state state="open" reason="syn-ack" reason_ttl="54"/></port></ports></host>
<host endtime="1733447678"><address addr="103.224.215.143" addrtype="ipv4"/><ports><port protocol="tcp" portid="5060"><state state="open" reason="syn-ack" reason_ttl="48"/></port></ports></host>
<host endtime="1733447678"><address addr="202.46.12.246" addrtype="ipv4"/><ports><port protocol="tcp" portid="5060"><state state="open" reason="syn-ack" reason_ttl="51"/></port></ports></host>
<host endtime="1733447679"><address addr="202.46.250.95" addrtype="ipv4"/><ports><port protocol="tcp" portid="5060"><state state="open" reason="syn-ack" reason_ttl="51"/></port></ports></host>
<host endtime="1733447682"><address addr="193.98.229.6" addrtype="ipv4"/><ports><port protocol="tcp" portid="5060"><state state="open" reason="syn-ack" reason_ttl="48"/></port></ports></host>
<host endtime="1733447682"><address addr="202.46.7.234" addrtype="ipv4"/><ports><port protocol="tcp" portid="5061"><state state="open" reason="syn-ack" reason_ttl="50"/></port></ports></host>
<host endtime="1733447683"><address addr="202.46.246.200" addrtype="ipv4"/><ports><port protocol="tcp" portid="5060"><state state="open" reason="syn-ack" reason_ttl="51"/></port></ports></host>
<host endtime="1733447684"><address addr="103.83.18.227" addrtype="ipv4"/><ports><port protocol="tcp" portid="5060"><state state="open" reason="syn-ack" reason_ttl="48"/></port></ports></host>
<host endtime="1733447686"><address addr="202.46.248.134" addrtype="ipv4"/><ports><port protocol="tcp" portid="5060"><state state="open" reason="syn-ack" reason_ttl="51"/></port></ports></host>
<host endtime="1733447686"><address addr="202.46.5.114" addrtype="ipv4"/><ports><port protocol="tcp" portid="5060"><state state="open" reason="syn-ack" reason_ttl="51"/></port></ports></host>
<host endtime="1733447687"><address addr="103.83.18.112" addrtype="ipv4"/><ports><port protocol="tcp" portid="5060"><state state="open" reason="syn-ack" reason_ttl="48"/></port></ports></host>
<host endtime="1733447689"><address addr="193.98.229.0" addrtype="ipv4"/><ports><port protocol="tcp" portid="5060"><state state="open" reason="syn-ack" reason_ttl="49"/></port></ports></host>
<host endtime="1733447689"><address addr="202.46.253.75" addrtype="ipv4"/><ports><port protocol="tcp" portid="5060"><state state="open" reason="syn-ack" reason_ttl="51"/></port></ports></host>
<host endtime="1733447690"><address addr="103.177.50.30" addrtype="ipv4"/><ports><port protocol="tcp" portid="5060"><state state="open" reason="syn-ack" reason_ttl="57"/></port></ports></host>
<host endtime="1733447691"><address addr="202.46.244.144" addrtype="ipv4"/><ports><port protocol="tcp" portid="5060"><state state="open" reason="syn-ack" reason_ttl="51"/></port></ports></host>
<host endtime="1733447692"><address addr="202.46.9.17" addrtype="ipv4"/><ports><port protocol="tcp" portid="5060"><state state="open" reason="syn-ack" reason_ttl="50"/></port></ports></host>
<host endtime="1733447693"><address addr="202.46.248.30" addrtype="ipv4"/><ports><port protocol="tcp" portid="5060"><state state="open" reason="syn-ack" reason_ttl="50"/></port></ports></host>
<host endtime="1733447695"><address addr="202.46.241.253" addrtype="ipv4"/><ports><port protocol="tcp" portid="5060"><state state="open" reason="syn-ack" reason_ttl="51"/></port></ports></host>
<host endtime="1733447695"><address addr="202.46.14.43" addrtype="ipv4"/><ports><port protocol="tcp" portid="5060"><state state="open" reason="syn-ack" reason_ttl="51"/></port></ports></host>
<host endtime="1733447695"><address addr="202.46.250.112" addrtype="ipv4"/><ports><port protocol="tcp" portid="5060"><state state="open" reason="syn-ack" reason_ttl="51"/></port></ports></host>
<host endtime="1733447697"><address addr="202.46.14.32" addrtype="ipv4"/><ports><port protocol="tcp" portid="5060"><state state="open" reason="syn-ack" reason_ttl="51"/></port></ports></host>
<host endtime="1733447699"><address addr="202.46.14.226" addrtype="ipv4"/><ports><port protocol="tcp" portid="5060"><state state="open" reason="syn-ack" reason_ttl="51"/></port></ports></host>
<host endtime="1733447701"><address addr="202.46.247.255" addrtype="ipv4"/><ports><port protocol="tcp" portid="5060"><state state="open" reason="syn-ack" reason_ttl="51"/></port></ports></host>
<host endtime="1733447704"><address addr="103.83.18.223" addrtype="ipv4"/><ports><port protocol="tcp" portid="5060"><state state="open" reason="syn-ack" reason_ttl="48"/></port></ports></host>
<host endtime="1733447705"><address addr="202.46.15.161" addrtype="ipv4"/><ports><port protocol="tcp" portid="5060"><state state="open" reason="syn-ack" reason_ttl="51"/></port></ports></host>
<host endtime="1733447706"><address addr="199.201.236.86" addrtype="ipv4"/><ports><port protocol="tcp" portid="5060"><state state="open" reason="syn-ack" reason_ttl="47"/></port></ports></host>
<host endtime="1733447707"><address addr="202.46.10.136" addrtype="ipv4"/><ports><port protocol="tcp" portid="5060"><state state="open" reason="syn-ack" reason_ttl="51"/></port></ports></host>
<host endtime="1733447707"><address addr="202.46.253.2" addrtype="ipv4"/><ports><port protocol="tcp" portid="5060"><state state="open" reason="syn-ack" reason_ttl="51"/></port></ports></host>
<host endtime="1733447711"><address addr="202.46.7.34" addrtype="ipv4"/><ports><port protocol="tcp" portid="5060"><state state="open" reason="syn-ack" reason_ttl="51"/></port></ports></host>
<host endtime="1733447711"><address addr="103.224.215.2" addrtype="ipv4"/><ports><port protocol="tcp" portid="5060"><state state="open" reason="syn-ack" reason_ttl="48"/></port></ports></host>
<host endtime="1733447713"><address addr="202.46.243.110" addrtype="ipv4"/><ports><port protocol="tcp" portid="5060"><state state="open" reason="syn-ack" reason_ttl="51"/></port></ports></host>
<host endtime="1733447715"><address addr="202.46.3.196" addrtype="ipv4"/><ports><port protocol="tcp" portid="5060"><state state="open" reason="syn-ack" reason_ttl="51"/></port></ports></host>
<host endtime="1733447722"><address addr="202.46.255.215" addrtype="ipv4"/><ports><port protocol="tcp" portid="5060"><state state="open" reason="syn-ack" reason_ttl="51"/></port></ports></host>
<host endtime="1733447724"><address addr="202.46.252.232" addrtype="ipv4"/><ports><port protocol="tcp" portid="5060"><state state="open" reason="syn-ack" reason_ttl="51"/></port></ports></host>
<host endtime="1733447724"><address addr="199.123.26.22" addrtype="ipv4"/><ports><port protocol="tcp" portid="5060"><state state="open" reason="syn-ack" reason_ttl="229"/></port></ports></host>
<host endtime="1733447725"><address addr="103.224.214.137" addrtype="ipv4"/><ports><port protocol="tcp" portid="5060"><state state="open" reason="syn-ack" reason_ttl="48"/></port></ports></host>
<host endtime="1733447730"><address addr="202.46.0.182" addrtype="ipv4"/><ports><port protocol="tcp" portid="5060"><state state="open" reason="syn-ack" reason_ttl="51"/></port></ports></host>
<host endtime="1733447731"><address addr="199.123.26.54" addrtype="ipv4"/><ports><port protocol="tcp" portid="5060"><state state="open" reason="syn-ack" reason_ttl="229"/></port></ports></host>
<host endtime="1733447733"><address addr="202.46.252.7" addrtype="ipv4"/><ports><port protocol="tcp" portid="5060"><state state="open" reason="syn-ack" reason_ttl="51"/></port></ports></host>
<host endtime="1733447734"><address addr="202.46.5.23" addrtype="ipv4"/><ports><port protocol="tcp" portid="5060"><state state="open" reason="syn-ack" reason_ttl="51"/></port></ports></host>
<host endtime="1733447735"><address addr="202.46.253.86" addrtype="ipv4"/><ports><port protocol="tcp" portid="5060"><state state="open" reason="syn-ack" reason_ttl="51"/></port></ports></host>
<host endtime="1733447737"><address addr="202.46.14.152" addrtype="ipv4"/><ports><port protocol="tcp" portid="5060"><state state="open" reason="syn-ack" reason_ttl="51"/></port></ports></host>
<host endtime="1733447737"><address addr="199.123.26.190" addrtype="ipv4"/><ports><port protocol="tcp" portid="5060"><state state="open" reason="syn-ack" reason_ttl="229"/></port></ports></host>
<host endtime="1733447737"><address addr="202.46.248.93" addrtype="ipv4"/><ports><port protocol="tcp" portid="5060"><state state="open" reason="syn-ack" reason_ttl="51"/></port></ports></host>
<host endtime="1733447739"><address addr="202.46.7.167" addrtype="ipv4"/><ports><port protocol="tcp" portid="5060"><state state="open" reason="syn-ack" reason_ttl="51"/></port></ports></host>
<host endtime="1733447741"><address addr="193.98.229.194" addrtype="ipv4"/><ports><port protocol="tcp" portid="5061"><state state="open" reason="syn-ack" reason_ttl="44"/></port></ports></host>
<host endtime="1733447741"><address addr="199.201.237.30" addrtype="ipv4"/><ports><port protocol="tcp" portid="5060"><state state="open" reason="syn-ack" reason_ttl="47"/></port></ports></host>
<host endtime="1733447750"><address addr="103.83.18.232" addrtype="ipv4"/><ports><port protocol="tcp" portid="5060"><state state="open" reason="syn-ack" reason_ttl="48"/></port></ports></host>
<host endtime="1733447751"><address addr="202.46.248.193" addrtype="ipv4"/><ports><port protocol="tcp" portid="5060"><state state="open" reason="syn-ack" reason_ttl="51"/></port></ports></host>
<host endtime="1733447752"><address addr="202.46.2.150" addrtype="ipv4"/><ports><port protocol="tcp" portid="5060"><state state="open" reason="syn-ack" reason_ttl="51"/></port></ports></host>
<host endtime="1733447753"><address addr="199.123.25.123" addrtype="ipv4"/><ports><port protocol="tcp" portid="5060"><state state="open" reason="syn-ack" reason_ttl="229"/></port></ports></host>
<host endtime="1733447757"><address addr="202.46.255.246" addrtype="ipv4"/><ports><port protocol="tcp" portid="5060"><state state="open" reason="syn-ack" reason_ttl="51"/></port></ports></host>
<host endtime="1733447758"><address addr="202.46.5.45" addrtype="ipv4"/><ports><port protocol="tcp" portid="5060"><state state="open" reason="syn-ack" reason_ttl="51"/></port></ports></host>
<host endtime="1733447761"><address addr="202.46.243.37" addrtype="ipv4"/><ports><port protocol="tcp" portid="5060"><state state="open" reason="syn-ack" reason_ttl="50"/></port></ports></host>
<host endtime="1733447762"><address addr="202.46.240.138" addrtype="ipv4"/><ports><port protocol="tcp" portid="5060"><state state="open" reason="syn-ack" reason_ttl="51"/></port></ports></host>
<host endtime="1733447763"><address addr="202.46.248.99" addrtype="ipv4"/><ports><port protocol="tcp" portid="5060"><state state="open" reason="syn-ack" reason_ttl="51"/></port></ports></host>
<host endtime="1733447763"><address addr="202.46.11.203" addrtype="ipv4"/><ports><port protocol="tcp" portid="5060"><state state="open" reason="syn-ack" reason_ttl="51"/></port></ports></host>
<host endtime="1733447764"><address addr="202.46.10.90" addrtype="ipv4"/><ports><port protocol="tcp" portid="5060"><state state="open" reason="syn-ack" reason_ttl="51"/></port></ports></host>
<host endtime="1733447764"><address addr="202.46.241.61" addrtype="ipv4"/><ports><port protocol="tcp" portid="5060"><state state="open" reason="syn-ack" reason_ttl="51"/></port></ports></host>
<host endtime="1733447765"><address addr="202.46.9.233" addrtype="ipv4"/><ports><port protocol="tcp" portid="5060"><state state="open" reason="syn-ack" reason_ttl="51"/></port></ports></host>
<host endtime="1733447767"><address addr="202.46.252.31" addrtype="ipv4"/><ports><port protocol="tcp" portid="5060"><state state="open" reason="syn-ack" reason_ttl="51"/></port></ports></host>
<host endtime="1733447768"><address addr="202.46.1.159" addrtype="ipv4"/><ports><port protocol="tcp" portid="5060"><state state="open" reason="syn-ack" reason_ttl="50"/></port></ports></host>
<host endtime="1733447769"><address addr="202.46.250.73" addrtype="ipv4"/><ports><port protocol="tcp" portid="5060"><state state="open" reason="syn-ack" reason_ttl="51"/></port></ports></host>
<host endtime="1733447769"><address addr="202.46.8.72" addrtype="ipv4"/><ports><port protocol="tcp" portid="5061"><state state="open" reason="syn-ack" reason_ttl="50"/></port></ports></host>
<host endtime="1733447770"><address addr="202.46.241.58" addrtype="ipv4"/><ports><port protocol="tcp" portid="5060"><state state="open" reason="syn-ack" reason_ttl="51"/></port></ports></host>
<host endtime="1733447774"><address addr="202.46.255.225" addrtype="ipv4"/><ports><port protocol="tcp" portid="5060"><state state="open" reason="syn-ack" reason_ttl="51"/></port></ports></host>
<host endtime="1733447778"><address addr="202.46.7.100" addrtype="ipv4"/><ports><port protocol="tcp" portid="5060"><state state="open" reason="syn-ack" reason_ttl="51"/></port></ports></host>
<host endtime="1733447779"><address addr="103.83.18.243" addrtype="ipv4"/><ports><port protocol="tcp" portid="5060"><state state="open" reason="syn-ack" reason_ttl="48"/></port></ports></host>
<host endtime="1733447780"><address addr="202.46.247.119" addrtype="ipv4"/><ports><port protocol="tcp" portid="5060"><state state="open" reason="syn-ack" reason_ttl="51"/></port></ports></host>
<host endtime="1733447782"><address addr="202.46.254.250" addrtype="ipv4"/><ports><port protocol="tcp" portid="5060"><state state="open" reason="syn-ack" reason_ttl="51"/></port></ports></host>
<host endtime="1733447782"><address addr="202.46.7.189" addrtype="ipv4"/><ports><port protocol="tcp" portid="5060"><state state="open" reason="syn-ack" reason_ttl="50"/></port></ports></host>
<host endtime="1733447787"><address addr="202.46.243.101" addrtype="ipv4"/><ports><port protocol="tcp" portid="5060"><state state="open" reason="syn-ack" reason_ttl="51"/></port></ports></host>
<host endtime="1733447788"><address addr="199.123.24.98" addrtype="ipv4"/><ports><port protocol="tcp" portid="5060"><state state="open" reason="syn-ack" reason_ttl="229"/></port></ports></host>
<host endtime="1733447790"><address addr="202.46.13.105" addrtype="ipv4"/><ports><port protocol="tcp" portid="5060"><state state="open" reason="syn-ack" reason_ttl="51"/></port></ports></host>
<host endtime="1733447791"><address addr="202.46.250.74" addrtype="ipv4"/><ports><port protocol="tcp" portid="5060"><state state="open" reason="syn-ack" reason_ttl="51"/></port></ports></host>
<host endtime="1733447793"><address addr="199.123.27.14" addrtype="ipv4"/><ports><port protocol="tcp" portid="5060"><state state="open" reason="syn-ack" reason_ttl="229"/></port></ports></host>
<host endtime="1733447795"><address addr="202.46.5.109" addrtype="ipv4"/><ports><port protocol="tcp" portid="5060"><state state="open" reason="syn-ack" reason_ttl="50"/></port></ports></host>
<host endtime="1733447797"><address addr="202.46.10.125" addrtype="ipv4"/><ports><port protocol="tcp" portid="5060"><state state="open" reason="syn-ack" reason_ttl="51"/></port></ports></host>
<host endtime="1733447800"><address addr="199.123.26.122" addrtype="ipv4"/><ports><port protocol="tcp" portid="5060"><state state="open" reason="syn-ack" reason_ttl="229"/></port></ports></host>
<host endtime="1733447801"><address addr="202.46.241.181" addrtype="ipv4"/><ports><port protocol="tcp" portid="5060"><state state="open" reason="syn-ack" reason_ttl="51"/></port></ports></host>
<host endtime="1733447802"><address addr="202.46.247.228" addrtype="ipv4"/><ports><port protocol="tcp" portid="5060"><state state="open" reason="syn-ack" reason_ttl="51"/></port></ports></host>
<host endtime="1733447802"><address addr="202.46.249.45" addrtype="ipv4"/><ports><port protocol="tcp" portid="5060"><state state="open" reason="syn-ack" reason_ttl="51"/></port></ports></host>
<host endtime="1733447803"><address addr="202.46.7.210" addrtype="ipv4"/><ports><port protocol="tcp" portid="5060"><state state="open" reason="syn-ack" reason_ttl="50"/></port></ports></host>
<host endtime="1733447804"><address addr="202.46.246.147" addrtype="ipv4"/><ports><port protocol="tcp" portid="5060"><state state="open" reason="syn-ack" reason_ttl="51"/></port></ports></host>
<host endtime="1733447806"><address addr="202.46.2.32" addrtype="ipv4"/><ports><port protocol="tcp" portid="5060"><state state="open" reason="syn-ack" reason_ttl="50"/></port></ports></host>
<host endtime="1733447809"><address addr="202.46.243.6" addrtype="ipv4"/><ports><port protocol="tcp" portid="5060"><state state="open" reason="syn-ack" reason_ttl="50"/></port></ports></host>
<host endtime="1733447809"><address addr="202.46.7.222" addrtype="ipv4"/><ports><port protocol="tcp" portid="5060"><state state="open" reason="syn-ack" reason_ttl="51"/></port></ports></host>
<host endtime="1733447810"><address addr="199.123.26.130" addrtype="ipv4"/><ports><port protocol="tcp" portid="5060"><state state="open" reason="syn-ack" reason_ttl="229"/></port></ports></host>
<host endtime="1733447823"><address addr="202.46.1.95" addrtype="ipv4"/><ports><port protocol="tcp" portid="5060"><state state="open" reason="syn-ack" reason_ttl="50"/></port></ports></host>
<host endtime="1733447824"><address addr="202.46.2.171" addrtype="ipv4"/><ports><port protocol="tcp" portid="5060"><state state="open" reason="syn-ack" reason_ttl="50"/></port></ports></host>
<host endtime="1733447824"><address addr="202.46.255.61" addrtype="ipv4"/><ports><port protocol="tcp" portid="5060"><state state="open" reason="syn-ack" reason_ttl="51"/></port></ports></host>
<host endtime="1733447825"><address addr="202.46.254.125" addrtype="ipv4"/><ports><port protocol="tcp" portid="5060"><state state="open" reason="syn-ack" reason_ttl="51"/></port></ports></host>
<host endtime="1733447827"><address addr="193.103.200.122" addrtype="ipv4"/><ports><port protocol="tcp" portid="5060"><state state="open" reason="syn-ack" reason_ttl="52"/></port></ports></host>
<host endtime="1733447828"><address addr="202.46.251.175" addrtype="ipv4"/><ports><port protocol="tcp" portid="5060"><state state="open" reason="syn-ack" reason_ttl="50"/></port></ports></host>
<host endtime="1733447830"><address addr="202.46.2.253" addrtype="ipv4"/><ports><port protocol="tcp" portid="5060"><state state="open" reason="syn-ack" reason_ttl="50"/></port></ports></host>
<host endtime="1733447831"><address addr="202.46.1.23" addrtype="ipv4"/><ports><port protocol="tcp" portid="5060"><state state="open" reason="syn-ack" reason_ttl="51"/></port></ports></host>
<host endtime="1733447832"><address addr="202.46.15.9" addrtype="ipv4"/><ports><port protocol="tcp" portid="5060"><state state="open" reason="syn-ack" reason_ttl="50"/></port></ports></host>
<host endtime="1733447833"><address addr="202.46.15.79" addrtype="ipv4"/><ports><port protocol="tcp" portid="5060"><state state="open" reason="syn-ack" reason_ttl="51"/></port></ports></host>
<host endtime="1733447833"><address addr="202.46.244.41" addrtype="ipv4"/><ports><port protocol="tcp" portid="5060"><state state="open" reason="syn-ack" reason_ttl="51"/></port></ports></host>
<host endtime="1733447834"><address addr="193.98.229.169" addrtype="ipv4"/><ports><port protocol="tcp" portid="5061"><state state="open" reason="syn-ack" reason_ttl="44"/></port></ports></host>
<host endtime="1733447845"><address addr="103.224.215.9" addrtype="ipv4"/><ports><port protocol="tcp" portid="5060"><state state="open" reason="syn-ack" reason_ttl="48"/></port></ports></host>
<host endtime="1733447846"><address addr="202.46.242.133" addrtype="ipv4"/><ports><port protocol="tcp" portid="5060"><state state="open" reason="syn-ack" reason_ttl="51"/></port></ports></host>
<host endtime="1733447850"><address addr="202.46.242.151" addrtype="ipv4"/><ports><port protocol="tcp" portid="5060"><state state="open" reason="syn-ack" reason_ttl="51"/></port></ports></host>
<host endtime="1733447855"><address addr="202.46.7.40" addrtype="ipv4"/><ports><port protocol="tcp" portid="5060"><state state="open" reason="syn-ack" reason_ttl="51"/></port></ports></host>
<host endtime="1733447855"><address addr="202.46.247.215" addrtype="ipv4"/><ports><port protocol="tcp" portid="5060"><state state="open" reason="syn-ack" reason_ttl="51"/></port></ports></host>
<host endtime="1733447860"><address addr="202.46.3.4" addrtype="ipv4"/><ports><port protocol="tcp" portid="5060"><state state="open" reason="syn-ack" reason_ttl="50"/></port></ports></host>
<host endtime="1733447861"><address addr="202.46.253.78" addrtype="ipv4"/><ports><port protocol="tcp" portid="5060"><state state="open" reason="syn-ack" reason_ttl="51"/></port></ports></host>
<host endtime="1733447861"><address addr="202.46.0.7" addrtype="ipv4"/><ports><port protocol="tcp" portid="5060"><state state="open" reason="syn-ack" reason_ttl="50"/></port></ports></host>
<host endtime="1733447863"><address addr="202.46.255.195" addrtype="ipv4"/><ports><port protocol="tcp" portid="5060"><state state="open" reason="syn-ack" reason_ttl="51"/></port></ports></host>
<host endtime="1733447864"><address addr="199.123.26.159" addrtype="ipv4"/><ports><port protocol="tcp" portid="5060"><state state="open" reason="syn-ack" reason_ttl="229"/></port></ports></host>
<host endtime="1733447864"><address addr="202.46.253.104" addrtype="ipv4"/><ports><port protocol="tcp" portid="5060"><state state="open" reason="syn-ack" reason_ttl="51"/></port></ports></host>
<host endtime="1733447864"><address addr="202.46.247.161" addrtype="ipv4"/><ports><port protocol="tcp" portid="5060"><state state="open" reason="syn-ack" reason_ttl="50"/></port></ports></host>
<host endtime="1733447870"><address addr="202.46.246.196" addrtype="ipv4"/><ports><port protocol="tcp" portid="5060"><state state="open" reason="syn-ack" reason_ttl="50"/></port></ports></host>
<host endtime="1733447879"><address addr="202.46.247.107" addrtype="ipv4"/><ports><port protocol="tcp" portid="5060"><state state="open" reason="syn-ack" reason_ttl="51"/></port></ports></host>
<host endtime="1733447879"><address addr="202.46.253.197" addrtype="ipv4"/><ports><port protocol="tcp" portid="5060"><state state="open" reason="syn-ack" reason_ttl="50"/></port></ports></host>
<host endtime="1733447879"><address addr="202.46.249.130" addrtype="ipv4"/><ports><port protocol="tcp" portid="5060"><state state="open" reason="syn-ack" reason_ttl="50"/></port></ports></host>
<host endtime="1733447882"><address addr="199.123.25.93" addrtype="ipv4"/><ports><port protocol="tcp" portid="5060"><state state="open" reason="syn-ack" reason_ttl="229"/></port></ports></host>
<host endtime="1733447885"><address addr="193.103.200.104" addrtype="ipv4"/><ports><port protocol="tcp" portid="5060"><state state="open" reason="syn-ack" reason_ttl="54"/></port></ports></host>
<host endtime="1733447888"><address addr="202.46.247.165" addrtype="ipv4"/><ports><port protocol="tcp" portid="5060"><state state="open" reason="syn-ack" reason_ttl="51"/></port></ports></host>
<host endtime="1733447891"><address addr="202.46.0.74" addrtype="ipv4"/><ports><port protocol="tcp" portid="5060"><state state="open" reason="syn-ack" reason_ttl="51"/></port></ports></host>
<host endtime="1733447892"><address addr="193.98.229.196" addrtype="ipv4"/><ports><port protocol="tcp" portid="5061"><state state="open" reason="syn-ack" reason_ttl="44"/></port></ports></host>
<host endtime="1733447892"><address addr="202.46.246.102" addrtype="ipv4"/><ports><port protocol="tcp" portid="5060"><state state="open" reason="syn-ack" reason_ttl="51"/></port></ports></host>
<host endtime="1733447893"><address addr="202.46.243.213" addrtype="ipv4"/><ports><port protocol="tcp" portid="5060"><state state="open" reason="syn-ack" reason_ttl="50"/></port></ports></host>
<host endtime="1733447893"><address addr="202.46.7.246" addrtype="ipv4"/><ports><port protocol="tcp" portid="5060"><state state="open" reason="syn-ack" reason_ttl="51"/></port></ports></host>
<host endtime="1733447894"><address addr="202.46.251.40" addrtype="ipv4"/><ports><port protocol="tcp" portid="5060"><state state="open" reason="syn-ack" reason_ttl="50"/></port></ports></host>
<host endtime="1733447894"><address addr="202.46.12.237" addrtype="ipv4"/><ports><port protocol="tcp" portid="5060"><state state="open" reason="syn-ack" reason_ttl="51"/></port></ports></host>
<host endtime="1733447899"><address addr="202.46.0.250" addrtype="ipv4"/><ports><port protocol="tcp" portid="5060"><state state="open" reason="syn-ack" reason_ttl="51"/></port></ports></host>
<host endtime="1733447903"><address addr="103.83.18.72" addrtype="ipv4"/><ports><port protocol="tcp" portid="5060"><state state="open" reason="syn-ack" reason_ttl="48"/></port></ports></host>
<host endtime="1733447906"><address addr="202.46.4.127" addrtype="ipv4"/><ports><port protocol="tcp" portid="5060"><state state="open" reason="syn-ack" reason_ttl="50"/></port></ports></host>
<host endtime="1733447906"><address addr="202.46.255.194" addrtype="ipv4"/><ports><port protocol="tcp" portid="5060"><state state="open" reason="syn-ack" reason_ttl="50"/></port></ports></host>
<host endtime="1733447907"><address addr="202.46.248.199" addrtype="ipv4"/><ports><port protocol="tcp" portid="5060"><state state="open" reason="syn-ack" reason_ttl="51"/></port></ports></host>
<host endtime="1733447908"><address addr="202.46.11.34" addrtype="ipv4"/><ports><port protocol="tcp" portid="5060"><state state="open" reason="syn-ack" reason_ttl="51"/></port></ports></host>
<host endtime="1733447908"><address addr="202.46.12.118" addrtype="ipv4"/><ports><port protocol="tcp" portid="5060"><state state="open" reason="syn-ack" reason_ttl="51"/></port></ports></host>
<host endtime="1733447909"><address addr="202.46.14.216" addrtype="ipv4"/><ports><port protocol="tcp" portid="5060"><state state="open" reason="syn-ack" reason_ttl="51"/></port></ports></host>
<host endtime="1733447914"><address addr="202.46.251.110" addrtype="ipv4"/><ports><port protocol="tcp" portid="5060"><state state="open" reason="syn-ack" reason_ttl="51"/></port></ports></host>
<host endtime="1733447916"><address addr="202.46.247.244" addrtype="ipv4"/><ports><port protocol="tcp" portid="5060"><state state="open" reason="syn-ack" reason_ttl="51"/></port></ports></host>
<host endtime="1733447917"><address addr="202.46.12.220" addrtype="ipv4"/><ports><port protocol="tcp" portid="5060"><state state="open" reason="syn-ack" reason_ttl="50"/></port></ports></host>
<host endtime="1733447917"><address addr="202.46.241.78" addrtype="ipv4"/><ports><port protocol="tcp" portid="5060"><state state="open" reason="syn-ack" reason_ttl="50"/></port></ports></host>
<host endtime="1733447922"><address addr="202.46.243.155" addrtype="ipv4"/><ports><port protocol="tcp" portid="5060"><state state="open" reason="syn-ack" reason_ttl="51"/></port></ports></host>
<host endtime="1733447922"><address addr="202.46.12.83" addrtype="ipv4"/><ports><port protocol="tcp" portid="5060"><state state="open" reason="syn-ack" reason_ttl="51"/></port></ports></host>
<host endtime="1733447923"><address addr="202.46.243.8" addrtype="ipv4"/><ports><port protocol="tcp" portid="5060"><state state="open" reason="syn-ack" reason_ttl="51"/></port></ports></host>
<host endtime="1733447923"><address addr="202.46.5.154" addrtype="ipv4"/><ports><port protocol="tcp" portid="5060"><state state="open" reason="syn-ack" reason_ttl="50"/></port></ports></host>
<host endtime="1733447924"><address addr="202.46.254.172" addrtype="ipv4"/><ports><port protocol="tcp" portid="5060"><state state="open" reason="syn-ack" reason_ttl="51"/></port></ports></host>
<host endtime="1733447924"><address addr="202.46.2.172" addrtype="ipv4"/><ports><port protocol="tcp" portid="5060"><state state="open" reason="syn-ack" reason_ttl="51"/></port></ports></host>
<host endtime="1733447925"><address addr="202.46.1.12" addrtype="ipv4"/><ports><port protocol="tcp" portid="5060"><state state="open" reason="syn-ack" reason_ttl="51"/></port></ports></host>
<host endtime="1733447925"><address addr="202.46.8.204" addrtype="ipv4"/><ports><port protocol="tcp" portid="5060"><state state="open" reason="syn-ack" reason_ttl="51"/></port></ports></host>
<host endtime="1733447926"><address addr="202.46.5.152" addrtype="ipv4"/><ports><port protocol="tcp" portid="5060"><state state="open" reason="syn-ack" reason_ttl="50"/></port></ports></host>
<host endtime="1733447927"><address addr="202.46.3.206" addrtype="ipv4"/><ports><port protocol="tcp" portid="5060"><state state="open" reason="syn-ack" reason_ttl="51"/></port></ports></host>
<host endtime="1733447927"><address addr="202.46.245.3" addrtype="ipv4"/><ports><port protocol="tcp" portid="5060"><state state="open" reason="syn-ack" reason_ttl="50"/></port></ports></host>
<host endtime="1733447928"><address addr="199.123.25.119" addrtype="ipv4"/><ports><port protocol="tcp" portid="5060"><state state="open" reason="syn-ack" reason_ttl="229"/></port></ports></host>
<host endtime="1733447929"><address addr="202.46.8.137" addrtype="ipv4"/><ports><port protocol="tcp" portid="5060"><state state="open" reason="syn-ack" reason_ttl="51"/></port></ports></host>
<host endtime="1733447930"><address addr="103.224.214.79" addrtype="ipv4"/><ports><port protocol="tcp" portid="5060"><state state="open" reason="syn-ack" reason_ttl="48"/></port></ports></host>
<host endtime="1733447931"><address addr="202.46.11.193" addrtype="ipv4"/><ports><port protocol="tcp" portid="5060"><state state="open" reason="syn-ack" reason_ttl="51"/></port></ports></host>
<host endtime="1733447935"><address addr="202.46.15.45" addrtype="ipv4"/><ports><port protocol="tcp" portid="5060"><state state="open" reason="syn-ack" reason_ttl="51"/></port></ports></host>
<host endtime="1733447937"><address addr="103.83.18.204" addrtype="ipv4"/><ports><port protocol="tcp" portid="5060"><state state="open" reason="syn-ack" reason_ttl="48"/></port></ports></host>
<host endtime="1733447942"><address addr="202.46.241.164" addrtype="ipv4"/><ports><port protocol="tcp" portid="5060"><state state="open" reason="syn-ack" reason_ttl="50"/></port></ports></host>
<host endtime="1733447943"><address addr="202.46.14.125" addrtype="ipv4"/><ports><port protocol="tcp" portid="5060"><state state="open" reason="syn-ack" reason_ttl="51"/></port></ports></host>
<host endtime="1733447944"><address addr="202.46.9.107" addrtype="ipv4"/><ports><port protocol="tcp" portid="5060"><state state="open" reason="syn-ack" reason_ttl="50"/></port></ports></host>
<host endtime="1733447945"><address addr="193.98.229.88" addrtype="ipv4"/><ports><port protocol="tcp" portid="5061"><state state="open" reason="syn-ack" reason_ttl="48"/></port></ports></host>
<host endtime="1733447946"><address addr="202.46.11.109" addrtype="ipv4"/><ports><port protocol="tcp" portid="5060"><state state="open" reason="syn-ack" reason_ttl="51"/></port></ports></host>
<host endtime="1733447947"><address addr="199.123.24.166" addrtype="ipv4"/><ports><port protocol="tcp" portid="5060"><state state="open" reason="syn-ack" reason_ttl="229"/></port></ports></host>
<host endtime="1733447947"><address addr="202.46.246.35" addrtype="ipv4"/><ports><port protocol="tcp" portid="5060"><state state="open" reason="syn-ack" reason_ttl="51"/></port></ports></host>
<host endtime="1733447948"><address addr="199.123.24.50" addrtype="ipv4"/><ports><port protocol="tcp" portid="5060"><state state="open" reason="syn-ack" reason_ttl="229"/></port></ports></host>
<host endtime="1733447948"><address addr="202.46.244.81" addrtype="ipv4"/><ports><port protocol="tcp" portid="5060"><state state="open" reason="syn-ack" reason_ttl="51"/></port></ports></host>
<host endtime="1733447950"><address addr="202.46.8.23" addrtype="ipv4"/><ports><port protocol="tcp" portid="5060"><state state="open" reason="syn-ack" reason_ttl="51"/></port></ports></host>
<host endtime="1733447952"><address addr="202.46.251.198" addrtype="ipv4"/><ports><port protocol="tcp" portid="5060"><state state="open" reason="syn-ack" reason_ttl="51"/></port></ports></host>
<host endtime="1733447953"><address addr="199.123.27.233" addrtype="ipv4"/><ports><port protocol="tcp" portid="5060"><state state="open" reason="syn-ack" reason_ttl="229"/></port></ports></host>
<host endtime="1733447955"><address addr="199.201.237.44" addrtype="ipv4"/><ports><port protocol="tcp" portid="5060"><state state="open" reason="syn-ack" reason_ttl="47"/></port></ports></host>
<host endtime="1733447956"><address addr="202.46.243.172" addrtype="ipv4"/><ports><port protocol="tcp" portid="5060"><state state="open" reason="syn-ack" reason_ttl="51"/></port></ports></host>
<host endtime="1733447956"><address addr="202.46.250.44" addrtype="ipv4"/><ports><port protocol="tcp" portid="5060"><state state="open" reason="syn-ack" reason_ttl="51"/></port></ports></host>
<host endtime="1733447957"><address addr="202.46.255.54" addrtype="ipv4"/><ports><port protocol="tcp" portid="5060"><state state="open" reason="syn-ack" reason_ttl="51"/></port></ports></host>
<host endtime="1733447959"><address addr="199.123.27.208" addrtype="ipv4"/><ports><port protocol="tcp" portid="5060"><state state="open" reason="syn-ack" reason_ttl="229"/></port></ports></host>
<host endtime="1733447961"><address addr="202.46.12.207" addrtype="ipv4"/><ports><port protocol="tcp" portid="5060"><state state="open" reason="syn-ack" reason_ttl="50"/></port></ports></host>
<host endtime="1733447962"><address addr="202.46.13.110" addrtype="ipv4"/><ports><port protocol="tcp" portid="5060"><state state="open" reason="syn-ack" reason_ttl="51"/></port></ports></host>
<host endtime="1733447965"><address addr="202.46.248.176" addrtype="ipv4"/><ports><port protocol="tcp" portid="5060"><state state="open" reason="syn-ack" reason_ttl="51"/></port></ports></host>
<host endtime="1733447966"><address addr="202.46.245.7" addrtype="ipv4"/><ports><port protocol="tcp" portid="5060"><state state="open" reason="syn-ack" reason_ttl="51"/></port></ports></host>
<host endtime="1733447967"><address addr="202.46.245.202" addrtype="ipv4"/><ports><port protocol="tcp" portid="5060"><state state="open" reason="syn-ack" reason_ttl="51"/></port></ports></host>
<host endtime="1733447969"><address addr="202.46.241.11" addrtype="ipv4"/><ports><port protocol="tcp" portid="5060"><state state="open" reason="syn-ack" reason_ttl="51"/></port></ports></host>
<host endtime="1733447970"><address addr="202.46.243.198" addrtype="ipv4"/><ports><port protocol="tcp" portid="5060"><state state="open" reason="syn-ack" reason_ttl="51"/></port></ports></host>
<host endtime="1733447973"><address addr="199.123.26.222" addrtype="ipv4"/><ports><port protocol="tcp" portid="5060"><state state="open" reason="syn-ack" reason_ttl="229"/></port></ports></host>
<host endtime="1733447975"><address addr="202.46.247.162" addrtype="ipv4"/><ports><port protocol="tcp" portid="5060"><state state="open" reason="syn-ack" reason_ttl="51"/></port></ports></host>
<host endtime="1733447975"><address addr="202.46.241.72" addrtype="ipv4"/><ports><port protocol="tcp" portid="5060"><state state="open" reason="syn-ack" reason_ttl="51"/></port></ports></host>
<host endtime="1733447975"><address addr="202.46.245.127" addrtype="ipv4"/><ports><port protocol="tcp" portid="5060"><state state="open" reason="syn-ack" reason_ttl="51"/></port></ports></host>
<host endtime="1733447975"><address addr="202.46.15.125" addrtype="ipv4"/><ports><port protocol="tcp" portid="5060"><state state="open" reason="syn-ack" reason_ttl="50"/></port></ports></host>
<host endtime="1733447975"><address addr="202.46.3.85" addrtype="ipv4"/><ports><port protocol="tcp" portid="5060"><state state="open" reason="syn-ack" reason_ttl="50"/></port></ports></host>
<host endtime="1733447977"><address addr="193.98.116.193" addrtype="ipv4"/><ports><port protocol="tcp" portid="5060"><state state="open" reason="syn-ack" reason_ttl="48"/></port></ports></host>
<host endtime="1733447979"><address addr="202.46.250.178" addrtype="ipv4"/><ports><port protocol="tcp" portid="5060"><state state="open" reason="syn-ack" reason_ttl="51"/></port></ports></host>
<host endtime="1733447983"><address addr="193.98.119.186" addrtype="ipv4"/><ports><port protocol="tcp" portid="5060"><state state="open" reason="syn-ack" reason_ttl="49"/></port></ports></host>
<host endtime="1733447987"><address addr="199.201.236.8" addrtype="ipv4"/><ports><port protocol="tcp" portid="5060"><state state="open" reason="syn-ack" reason_ttl="47"/></port></ports></host>
<host endtime="1733447988"><address addr="202.46.248.142" addrtype="ipv4"/><ports><port protocol="tcp" portid="5060"><state state="open" reason="syn-ack" reason_ttl="51"/></port></ports></host>
<host endtime="1733447988"><address addr="202.46.251.121" addrtype="ipv4"/><ports><port protocol="tcp" portid="5060"><state state="open" reason="syn-ack" reason_ttl="51"/></port></ports></host>
<host endtime="1733447989"><address addr="202.46.11.135" addrtype="ipv4"/><ports><port protocol="tcp" portid="5060"><state state="open" reason="syn-ack" reason_ttl="50"/></port></ports></host>
<host endtime="1733447990"><address addr="202.46.253.98" addrtype="ipv4"/><ports><port protocol="tcp" portid="5060"><state state="open" reason="syn-ack" reason_ttl="50"/></port></ports></host>
<host endtime="1733447990"><address addr="202.46.13.7" addrtype="ipv4"/><ports><port protocol="tcp" portid="5060"><state state="open" reason="syn-ack" reason_ttl="50"/></port></ports></host>
<host endtime="1733447994"><address addr="103.83.19.56" addrtype="ipv4"/><ports><port protocol="tcp" portid="5060"><state state="open" reason="syn-ack" reason_ttl="48"/></port></ports></host>
<host endtime="1733447995"><address addr="199.201.237.4" addrtype="ipv4"/><ports><port protocol="tcp" portid="5060"><state state="open" reason="syn-ack" reason_ttl="47"/></port></ports></host>
<host endtime="1733447995"><address addr="202.46.1.254" addrtype="ipv4"/><ports><port protocol="tcp" portid="5060"><state state="open" reason="syn-ack" reason_ttl="51"/></port></ports></host>
<host endtime="1733447998"><address addr="202.46.5.63" addrtype="ipv4"/><ports><port protocol="tcp" portid="5060"><state state="open" reason="syn-ack" reason_ttl="50"/></port></ports></host>
<host endtime="1733447999"><address addr="103.224.214.125" addrtype="ipv4"/><ports><port protocol="tcp" portid="5060"><state state="open" reason="syn-ack" reason_ttl="48"/></port></ports></host>
<host endtime="1733447999"><address addr="199.123.25.185" addrtype="ipv4"/><ports><port protocol="tcp" portid="5060"><state state="open" reason="syn-ack" reason_ttl="229"/></port></ports></host>
<host endtime="1733448000"><address addr="103.83.19.40" addrtype="ipv4"/><ports><port protocol="tcp" portid="5060"><state state="open" reason="syn-ack" reason_ttl="48"/></port></ports></host>
<host endtime="1733448000"><address addr="202.46.1.255" addrtype="ipv4"/><ports><port protocol="tcp" portid="5060"><state state="open" reason="syn-ack" reason_ttl="51"/></port></ports></host>
<host endtime="1733448001"><address addr="202.46.3.195" addrtype="ipv4"/><ports><port protocol="tcp" portid="5060"><state state="open" reason="syn-ack" reason_ttl="51"/></port></ports></host>
<host endtime="1733448002"><address addr="202.46.3.103" addrtype="ipv4"/><ports><port protocol="tcp" portid="5060"><state state="open" reason="syn-ack" reason_ttl="51"/></port></ports></host>
<host endtime="1733448008"><address addr="202.46.242.162" addrtype="ipv4"/><ports><port protocol="tcp" portid="5060"><state state="open" reason="syn-ack" reason_ttl="50"/></port></ports></host>
<host endtime="1733448008"><address addr="103.83.19.217" addrtype="ipv4"/><ports><port protocol="tcp" portid="5060"><state state="open" reason="syn-ack" reason_ttl="48"/></port></ports></host>
<host endtime="1733448008"><address addr="202.46.11.227" addrtype="ipv4"/><ports><port protocol="tcp" portid="5060"><state state="open" reason="syn-ack" reason_ttl="51"/></port></ports></host>
<host endtime="1733448011"><address addr="202.46.254.76" addrtype="ipv4"/><ports><port protocol="tcp" portid="5060"><state state="open" reason="syn-ack" reason_ttl="50"/></port></ports></host>
<host endtime="1733448011"><address addr="199.123.26.226" addrtype="ipv4"/><ports><port protocol="tcp" portid="5060"><state state="open" reason="syn-ack" reason_ttl="229"/></port></ports></host>
<host endtime="1733448011"><address addr="199.123.25.107" addrtype="ipv4"/><ports><port protocol="tcp" portid="5060"><state state="open" reason="syn-ack" reason_ttl="229"/></port></ports></host>
<host endtime="1733448016"><address addr="202.46.9.188" addrtype="ipv4"/><ports><port protocol="tcp" portid="5060"><state state="open" reason="syn-ack" reason_ttl="50"/></port></ports></host>
<host endtime="1733448023"><address addr="202.46.15.10" addrtype="ipv4"/><ports><port protocol="tcp" portid="5060"><state state="open" reason="syn-ack" reason_ttl="51"/></port></ports></host>
<host endtime="1733448023"><address addr="199.201.237.83" addrtype="ipv4"/><ports><port protocol="tcp" portid="5060"><state state="open" reason="syn-ack" reason_ttl="47"/></port></ports></host>
<host endtime="1733448024"><address addr="202.46.249.50" addrtype="ipv4"/><ports><port protocol="tcp" portid="5060"><state state="open" reason="syn-ack" reason_ttl="51"/></port></ports></host>
<host endtime="1733448025"><address addr="199.123.26.187" addrtype="ipv4"/><ports><port protocol="tcp" portid="5060"><state state="open" reason="syn-ack" reason_ttl="229"/></port></ports></host>
<host endtime="1733448028"><address addr="199.123.24.195" addrtype="ipv4"/><ports><port protocol="tcp" portid="5060"><state state="open" reason="syn-ack" reason_ttl="229"/></port></ports></host>
<host endtime="1733448029"><address addr="199.123.26.11" addrtype="ipv4"/><ports><port protocol="tcp" portid="5060"><state state="open" reason="syn-ack" reason_ttl="229"/></port></ports></host>
<host endtime="1733448035"><address addr="199.123.24.133" addrtype="ipv4"/><ports><port protocol="tcp" portid="5060"><state state="open" reason="syn-ack" reason_ttl="229"/></port></ports></host>
<host endtime="1733448035"><address addr="103.83.18.17" addrtype="ipv4"/><ports><port protocol="tcp" portid="5060"><state state="open" reason="syn-ack" reason_ttl="48"/></port></ports></host>
<host endtime="1733448036"><address addr="202.46.6.215" addrtype="ipv4"/><ports><port protocol="tcp" portid="5060"><state state="open" reason="syn-ack" reason_ttl="51"/></port></ports></host>
<host endtime="1733448038"><address addr="103.110.62.120" addrtype="ipv4"/><ports><port protocol="tcp" portid="5060"><state state="open" reason="syn-ack" reason_ttl="242"/></port></ports></host>
<host endtime="1733448039"><address addr="202.46.6.249" addrtype="ipv4"/><ports><port protocol="tcp" portid="5060"><state state="open" reason="syn-ack" reason_ttl="51"/></port></ports></host>
<host endtime="1733448041"><address addr="202.46.11.27" addrtype="ipv4"/><ports><port protocol="tcp" portid="5060"><state state="open" reason="syn-ack" reason_ttl="50"/></port></ports></host>
<host endtime="1733448044"><address addr="202.46.255.239" addrtype="ipv4"/><ports><port protocol="tcp" portid="5060"><state state="open" reason="syn-ack" reason_ttl="51"/></port></ports></host>
<host endtime="1733448044"><address addr="202.46.243.184" addrtype="ipv4"/><ports><port protocol="tcp" portid="5060"><state state="open" reason="syn-ack" reason_ttl="50"/></port></ports></host>
<host endtime="1733448049"><address addr="202.46.255.210" addrtype="ipv4"/><ports><port protocol="tcp" portid="5060"><state state="open" reason="syn-ack" reason_ttl="51"/></port></ports></host>
<host endtime="1733448049"><address addr="193.98.229.222" addrtype="ipv4"/><ports><port protocol="tcp" portid="5061"><state state="open" reason="syn-ack" reason_ttl="48"/></port></ports></host>
<host endtime="1733448052"><address addr="202.46.247.17" addrtype="ipv4"/><ports><port protocol="tcp" portid="5060"><state state="open" reason="syn-ack" reason_ttl="51"/></port></ports></host>
<host endtime="1733448053"><address addr="202.46.251.195" addrtype="ipv4"/><ports><port protocol="tcp" portid="5060"><state state="open" reason="syn-ack" reason_ttl="51"/></port></ports></host>
<host endtime="1733448055"><address addr="202.46.240.10" addrtype="ipv4"/><ports><port protocol="tcp" portid="5060"><state state="open" reason="syn-ack" reason_ttl="50"/></port></ports></host>
<host endtime="1733448056"><address addr="202.46.253.218" addrtype="ipv4"/><ports><port protocol="tcp" portid="5060"><state state="open" reason="syn-ack" reason_ttl="50"/></port></ports></host>
<host endtime="1733448060"><address addr="202.46.3.209" addrtype="ipv4"/><ports><port protocol="tcp" portid="5060"><state state="open" reason="syn-ack" reason_ttl="50"/></port></ports></host>
<host endtime="1733448068"><address addr="199.123.26.61" addrtype="ipv4"/><ports><port protocol="tcp" portid="5060"><state state="open" reason="syn-ack" reason_ttl="229"/></port></ports></host>
<host endtime="1733448071"><address addr="202.46.15.149" addrtype="ipv4"/><ports><port protocol="tcp" portid="5061"><state state="open" reason="syn-ack" reason_ttl="50"/></port></ports></host>
<host endtime="1733448080"><address addr="199.123.26.2" addrtype="ipv4"/><ports><port protocol="tcp" portid="5060"><state state="open" reason="syn-ack" reason_ttl="229"/></port></ports></host>
<host endtime="1733448082"><address addr="202.46.10.228" addrtype="ipv4"/><ports><port protocol="tcp" portid="5060"><state state="open" reason="syn-ack" reason_ttl="51"/></port></ports></host>
<host endtime="1733448082"><address addr="202.46.8.33" addrtype="ipv4"/><ports><port protocol="tcp" portid="5061"><state state="open" reason="syn-ack" reason_ttl="49"/></port></ports></host>
<host endtime="1733448082"><address addr="103.224.214.190" addrtype="ipv4"/><ports><port protocol="tcp" portid="5060"><state state="open" reason="syn-ack" reason_ttl="48"/></port></ports></host>
<host endtime="1733448083"><address addr="202.46.12.153" addrtype="ipv4"/><ports><port protocol="tcp" portid="5060"><state state="open" reason="syn-ack" reason_ttl="51"/></port></ports></host>
<host endtime="1733448086"><address addr="202.46.249.157" addrtype="ipv4"/><ports><port protocol="tcp" portid="5060"><state state="open" reason="syn-ack" reason_ttl="51"/></port></ports></host>
<host endtime="1733448087"><address addr="202.46.247.94" addrtype="ipv4"/><ports><port protocol="tcp" portid="5060"><state state="open" reason="syn-ack" reason_ttl="51"/></port></ports></host>
<host endtime="1733448089"><address addr="103.83.18.174" addrtype="ipv4"/><ports><port protocol="tcp" portid="5060"><state state="open" reason="syn-ack" reason_ttl="48"/></port></ports></host>
<host endtime="1733448089"><address addr="202.46.1.26" addrtype="ipv4"/><ports><port protocol="tcp" portid="5060"><state state="open" reason="syn-ack" reason_ttl="51"/></port></ports></host>
<host endtime="1733448092"><address addr="202.46.241.137" addrtype="ipv4"/><ports><port protocol="tcp" portid="5060"><state state="open" reason="syn-ack" reason_ttl="51"/></port></ports></host>
<host endtime="1733448094"><address addr="202.46.254.244" addrtype="ipv4"/><ports><port protocol="tcp" portid="5060"><state state="open" reason="syn-ack" reason_ttl="51"/></port></ports></host>
<host endtime="1733448095"><address addr="202.46.253.82" addrtype="ipv4"/><ports><port protocol="tcp" portid="5060"><state state="open" reason="syn-ack" reason_ttl="51"/></port></ports></host>
<host endtime="1733448095"><address addr="202.46.11.241" addrtype="ipv4"/><ports><port protocol="tcp" portid="5060"><state state="open" reason="syn-ack" reason_ttl="50"/></port></ports></host>
<host endtime="1733448097"><address addr="103.224.215.132" addrtype="ipv4"/><ports><port protocol="tcp" portid="5060"><state state="open" reason="syn-ack" reason_ttl="48"/></port></ports></host>
<host endtime="1733448099"><address addr="193.98.229.137" addrtype="ipv4"/><ports><port protocol="tcp" portid="5060"><state state="open" reason="syn-ack" reason_ttl="48"/></port></ports></host>
<host endtime="1733448100"><address addr="202.46.8.83" addrtype="ipv4"/><ports><port protocol="tcp" portid="5060"><state state="open" reason="syn-ack" reason_ttl="50"/></port></ports></host>
<host endtime="1733448100"><address addr="202.46.3.241" addrtype="ipv4"/><ports><port protocol="tcp" portid="5060"><state state="open" reason="syn-ack" reason_ttl="51"/></port></ports></host>
<host endtime="1733448100"><address addr="199.201.236.15" addrtype="ipv4"/><ports><port protocol="tcp" portid="5060"><state state="open" reason="syn-ack" reason_ttl="47"/></port></ports></host>
<host endtime="1733448100"><address addr="103.224.215.122" addrtype="ipv4"/><ports><port protocol="tcp" portid="5060"><state state="open" reason="syn-ack" reason_ttl="48"/></port></ports></host>
<host endtime="1733448102"><address addr="103.224.214.21" addrtype="ipv4"/><ports><port protocol="tcp" portid="5060"><state state="open" reason="syn-ack" reason_ttl="48"/></port></ports></host>
<host endtime="1733448103"><address addr="202.46.12.208" addrtype="ipv4"/><ports><port protocol="tcp" portid="5060"><state state="open" reason="syn-ack" reason_ttl="50"/></port></ports></host>
<host endtime="1733448106"><address addr="202.46.5.10" addrtype="ipv4"/><ports><port protocol="tcp" portid="5060"><state state="open" reason="syn-ack" reason_ttl="50"/></port></ports></host>
<host endtime="1733448106"><address addr="202.46.11.217" addrtype="ipv4"/><ports><port protocol="tcp" portid="5060"><state state="open" reason="syn-ack" reason_ttl="51"/></port></ports></host>
<host endtime="1733448107"><address addr="202.46.11.238" addrtype="ipv4"/><ports><port protocol="tcp" portid="5060"><state state="open" reason="syn-ack" reason_ttl="51"/></port></ports></host>
<host endtime="1733448109"><address addr="199.123.24.26" addrtype="ipv4"/><ports><port protocol="tcp" portid="5060"><state state="open" reason="syn-ack" reason_ttl="229"/></port></ports></host>
<host endtime="1733448121"><address addr="202.46.3.39" addrtype="ipv4"/><ports><port protocol="tcp" portid="5060"><state state="open" reason="syn-ack" reason_ttl="50"/></port></ports></host>
<host endtime="1733448122"><address addr="103.83.19.253" addrtype="ipv4"/><ports><port protocol="tcp" portid="5060"><state state="open" reason="syn-ack" reason_ttl="48"/></port></ports></host>
<host endtime="1733448126"><address addr="202.46.7.13" addrtype="ipv4"/><ports><port protocol="tcp" portid="5060"><state state="open" reason="syn-ack" reason_ttl="51"/></port></ports></host>
<host endtime="1733448128"><address addr="199.123.27.171" addrtype="ipv4"/><ports><port protocol="tcp" portid="5060"><state state="open" reason="syn-ack" reason_ttl="229"/></port></ports></host>
<host endtime="1733448130"><address addr="202.46.240.230" addrtype="ipv4"/><ports><port protocol="tcp" portid="5060"><state state="open" reason="syn-ack" reason_ttl="51"/></port></ports></host>
<host endtime="1733448134"><address addr="202.46.12.226" addrtype="ipv4"/><ports><port protocol="tcp" portid="5060"><state state="open" reason="syn-ack" reason_ttl="51"/></port></ports></host>
<host endtime="1733448135"><address addr="202.46.253.16" addrtype="ipv4"/><ports><port protocol="tcp" portid="5060"><state state="open" reason="syn-ack" reason_ttl="51"/></port></ports></host>
<host endtime="1733448136"><address addr="103.83.18.248" addrtype="ipv4"/><ports><port protocol="tcp" portid="5060"><state state="open" reason="syn-ack" reason_ttl="48"/></port></ports></host>
<host endtime="1733448136"><address addr="103.224.215.61" addrtype="ipv4"/><ports><port protocol="tcp" portid="5060"><state state="open" reason="syn-ack" reason_ttl="48"/></port></ports></host>
<host endtime="1733448138"><address addr="202.46.255.227" addrtype="ipv4"/><ports><port protocol="tcp" portid="5060"><state state="open" reason="syn-ack" reason_ttl="51"/></port></ports></host>
<host endtime="1733448139"><address addr="202.46.7.148" addrtype="ipv4"/><ports><port protocol="tcp" portid="5060"><state state="open" reason="syn-ack" reason_ttl="51"/></port></ports></host>
<host endtime="1733448140"><address addr="202.46.8.70" addrtype="ipv4"/><ports><port protocol="tcp" portid="5060"><state state="open" reason="syn-ack" reason_ttl="51"/></port></ports></host>
<host endtime="1733448141"><address addr="199.123.26.68" addrtype="ipv4"/><ports><port protocol="tcp" portid="5060"><state state="open" reason="syn-ack" reason_ttl="229"/></port></ports></host>
<host endtime="1733448143"><address addr="202.46.1.243" addrtype="ipv4"/><ports><port protocol="tcp" portid="5060"><state state="open" reason="syn-ack" reason_ttl="51"/></port></ports></host>
<host endtime="1733448147"><address addr="202.46.241.251" addrtype="ipv4"/><ports><port protocol="tcp" portid="5060"><state state="open" reason="syn-ack" reason_ttl="51"/></port></ports></host>
<host endtime="1733448152"><address addr="202.46.1.60" addrtype="ipv4"/><ports><port protocol="tcp" portid="5060"><state state="open" reason="syn-ack" reason_ttl="51"/></port></ports></host>
<host endtime="1733448154"><address addr="103.83.19.233" addrtype="ipv4"/><ports><port protocol="tcp" portid="5060"><state state="open" reason="syn-ack" reason_ttl="48"/></port></ports></host>
<host endtime="1733448155"><address addr="202.46.11.152" addrtype="ipv4"/><ports><port protocol="tcp" portid="5060"><state state="open" reason="syn-ack" reason_ttl="50"/></port></ports></host>
<host endtime="1733448155"><address addr="103.83.19.117" addrtype="ipv4"/><ports><port protocol="tcp" portid="5060"><state state="open" reason="syn-ack" reason_ttl="48"/></port></ports></host>
<host endtime="1733448157"><address addr="202.46.0.19" addrtype="ipv4"/><ports><port protocol="tcp" portid="5060"><state state="open" reason="syn-ack" reason_ttl="51"/></port></ports></host>
<host endtime="1733448160"><address addr="202.46.249.8" addrtype="ipv4"/><ports><port protocol="tcp" portid="5060"><state state="open" reason="syn-ack" reason_ttl="51"/></port></ports></host>
<host endtime="1733448162"><address addr="202.46.9.71" addrtype="ipv4"/><ports><port protocol="tcp" portid="5060"><state state="open" reason="syn-ack" reason_ttl="51"/></port></ports></host>
<host endtime="1733448163"><address addr="202.46.9.126" addrtype="ipv4"/><ports><port protocol="tcp" portid="5060"><state state="open" reason="syn-ack" reason_ttl="51"/></port></ports></host>
<host endtime="1733448169"><address addr="202.46.242.59" addrtype="ipv4"/><ports><port protocol="tcp" portid="5060"><state state="open" reason="syn-ack" reason_ttl="51"/></port></ports></host>
<host endtime="1733448170"><address addr="103.83.18.122" addrtype="ipv4"/><ports><port protocol="tcp" portid="5060"><state state="open" reason="syn-ack" reason_ttl="48"/></port></ports></host>
<host endtime="1733448174"><address addr="199.201.236.14" addrtype="ipv4"/><ports><port protocol="tcp" portid="5060"><state state="open" reason="syn-ack" reason_ttl="47"/></port></ports></host>
<host endtime="1733448175"><address addr="193.98.229.187" addrtype="ipv4"/><ports><port protocol="tcp" portid="5060"><state state="open" reason="syn-ack" reason_ttl="49"/></port></ports></host>
<host endtime="1733448176"><address addr="202.46.6.8" addrtype="ipv4"/><ports><port protocol="tcp" portid="5060"><state state="open" reason="syn-ack" reason_ttl="51"/></port></ports></host>
<host endtime="1733448182"><address addr="103.83.18.47" addrtype="ipv4"/><ports><port protocol="tcp" portid="5060"><state state="open" reason="syn-ack" reason_ttl="48"/></port></ports></host>
<host endtime="1733448183"><address addr="199.201.236.127" addrtype="ipv4"/><ports><port protocol="tcp" portid="5060"><state state="open" reason="syn-ack" reason_ttl="47"/></port></ports></host>
<host endtime="1733448184"><address addr="202.46.13.121" addrtype="ipv4"/><ports><port protocol="tcp" portid="5060"><state state="open" reason="syn-ack" reason_ttl="51"/></port></ports></host>
<host endtime="1733448185"><address addr="202.46.14.66" addrtype="ipv4"/><ports><port protocol="tcp" portid="5060"><state state="open" reason="syn-ack" reason_ttl="51"/></port></ports></host>
<host endtime="1733448185"><address addr="199.123.26.110" addrtype="ipv4"/><ports><port protocol="tcp" portid="5060"><state state="open" reason="syn-ack" reason_ttl="229"/></port></ports></host>
<host endtime="1733448187"><address addr="202.46.244.64" addrtype="ipv4"/><ports><port protocol="tcp" portid="5060"><state state="open" reason="syn-ack" reason_ttl="51"/></port></ports></host>
<host endtime="1733448187"><address addr="202.46.14.229" addrtype="ipv4"/><ports><port protocol="tcp" portid="5060"><state state="open" reason="syn-ack" reason_ttl="50"/></port></ports></host>
<host endtime="1733448188"><address addr="193.98.229.188" addrtype="ipv4"/><ports><port protocol="tcp" portid="5061"><state state="open" reason="syn-ack" reason_ttl="47"/></port></ports></host>
<host endtime="1733448188"><address addr="202.46.7.185" addrtype="ipv4"/><ports><port protocol="tcp" portid="5060"><state state="open" reason="syn-ack" reason_ttl="51"/></port></ports></host>
<host endtime="1733448190"><address addr="202.46.252.23" addrtype="ipv4"/><ports><port protocol="tcp" portid="5060"><state state="open" reason="syn-ack" reason_ttl="50"/></port></ports></host>
<host endtime="1733448190"><address addr="199.201.237.148" addrtype="ipv4"/><ports><port protocol="tcp" portid="5060"><state state="open" reason="syn-ack" reason_ttl="47"/></port></ports></host>
<host endtime="1733448192"><address addr="202.46.245.219" addrtype="ipv4"/><ports><port protocol="tcp" portid="5060"><state state="open" reason="syn-ack" reason_ttl="51"/></port></ports></host>
<host endtime="1733448193"><address addr="202.46.2.222" addrtype="ipv4"/><ports><port protocol="tcp" portid="5060"><state state="open" reason="syn-ack" reason_ttl="51"/></port></ports></host>
<host endtime="1733448193"><address addr="202.46.240.60" addrtype="ipv4"/><ports><port protocol="tcp" portid="5060"><state state="open" reason="syn-ack" reason_ttl="51"/></port></ports></host>
<host endtime="1733448195"><address addr="103.83.18.133" addrtype="ipv4"/><ports><port protocol="tcp" portid="5060"><state state="open" reason="syn-ack" reason_ttl="48"/></port></ports></host>
<host endtime="1733448195"><address addr="202.46.247.194" addrtype="ipv4"/><ports><port protocol="tcp" portid="5060"><state state="open" reason="syn-ack" reason_ttl="50"/></port></ports></host>
<host endtime="1733448197"><address addr="202.46.255.170" addrtype="ipv4"/><ports><port protocol="tcp" portid="5060"><state state="open" reason="syn-ack" reason_ttl="51"/></port></ports></host>
<host endtime="1733448199"><address addr="202.46.247.87" addrtype="ipv4"/><ports><port protocol="tcp" portid="5060"><state state="open" reason="syn-ack" reason_ttl="51"/></port></ports></host>
<host endtime="1733448199"><address addr="202.46.7.123" addrtype="ipv4"/><ports><port protocol="tcp" portid="5060"><state state="open" reason="syn-ack" reason_ttl="50"/></port></ports></host>
<host endtime="1733448200"><address addr="202.46.3.28" addrtype="ipv4"/><ports><port protocol="tcp" portid="5060"><state state="open" reason="syn-ack" reason_ttl="51"/></port></ports></host>
<host endtime="1733448200"><address addr="202.46.1.30" addrtype="ipv4"/><ports><port protocol="tcp" portid="5060"><state state="open" reason="syn-ack" reason_ttl="51"/></port></ports></host>
<host endtime="1733448202"><address addr="202.46.250.51" addrtype="ipv4"/><ports><port protocol="tcp" portid="5060"><state state="open" reason="syn-ack" reason_ttl="51"/></port></ports></host>
<host endtime="1733448203"><address addr="199.123.27.37" addrtype="ipv4"/><ports><port protocol="tcp" portid="5060"><state state="open" reason="syn-ack" reason_ttl="229"/></port></ports></host>
<host endtime="1733448204"><address addr="193.103.200.206" addrtype="ipv4"/><ports><port protocol="tcp" portid="5060"><state state="open" reason="syn-ack" reason_ttl="52"/></port></ports></host>
<host endtime="1733448208"><address addr="193.103.200.151" addrtype="ipv4"/><ports><port protocol="tcp" portid="5060"><state state="open" reason="syn-ack" reason_ttl="54"/></port></ports></host>
<host endtime="1733448208"><address addr="202.46.243.113" addrtype="ipv4"/><ports><port protocol="tcp" portid="5060"><state state="open" reason="syn-ack" reason_ttl="51"/></port></ports></host>
<host endtime="1733448211"><address addr="202.46.9.145" addrtype="ipv4"/><ports><port protocol="tcp" portid="5060"><state state="open" reason="syn-ack" reason_ttl="50"/></port></ports></host>
<host endtime="1733448212"><address addr="202.46.1.84" addrtype="ipv4"/><ports><port protocol="tcp" portid="5060"><state state="open" reason="syn-ack" reason_ttl="50"/></port></ports></host>
<host endtime="1733448220"><address addr="202.46.243.230" addrtype="ipv4"/><ports><port protocol="tcp" portid="5060"><state state="open" reason="syn-ack" reason_ttl="51"/></port></ports></host>
<host endtime="1733448220"><address addr="202.46.14.222" addrtype="ipv4"/><ports><port protocol="tcp" portid="5060"><state state="open" reason="syn-ack" reason_ttl="50"/></port></ports></host>
<host endtime="1733448220"><address addr="202.46.5.21" addrtype="ipv4"/><ports><port protocol="tcp" portid="5060"><state state="open" reason="syn-ack" reason_ttl="51"/></port></ports></host>
<host endtime="1733448221"><address addr="199.123.25.9" addrtype="ipv4"/><ports><port protocol="tcp" portid="5060"><state state="open" reason="syn-ack" reason_ttl="229"/></port></ports></host>
<host endtime="1733448224"><address addr="202.46.245.76" addrtype="ipv4"/><ports><port protocol="tcp" portid="5060"><state state="open" reason="syn-ack" reason_ttl="51"/></port></ports></host>
<host endtime="1733448227"><address addr="202.46.8.168" addrtype="ipv4"/><ports><port protocol="tcp" portid="5060"><state state="open" reason="syn-ack" reason_ttl="50"/></port></ports></host>
<host endtime="1733448231"><address addr="202.46.7.127" addrtype="ipv4"/><ports><port protocol="tcp" portid="5060"><state state="open" reason="syn-ack" reason_ttl="51"/></port></ports></host>
<host endtime="1733448234"><address addr="202.46.244.193" addrtype="ipv4"/><ports><port protocol="tcp" portid="5060"><state state="open" reason="syn-ack" reason_ttl="51"/></port></ports></host>
<host endtime="1733448239"><address addr="202.46.242.182" addrtype="ipv4"/><ports><port protocol="tcp" portid="5060"><state state="open" reason="syn-ack" reason_ttl="51"/></port></ports></host>
<host endtime="1733448239"><address addr="202.46.0.208" addrtype="ipv4"/><ports><port protocol="tcp" portid="5060"><state state="open" reason="syn-ack" reason_ttl="51"/></port></ports></host>
<host endtime="1733448242"><address addr="103.83.18.79" addrtype="ipv4"/><ports><port protocol="tcp" portid="5060"><state state="open" reason="syn-ack" reason_ttl="48"/></port></ports></host>
<host endtime="1733448245"><address addr="197.231.249.19" addrtype="ipv4"/><ports><port protocol="tcp" portid="5060"><state state="open" reason="syn-ack" reason_ttl="47"/></port></ports></host>
<host endtime="1733448245"><address addr="193.103.206.36" addrtype="ipv4"/><ports><port protocol="tcp" portid="5060"><state state="open" reason="syn-ack" reason_ttl="54"/></port></ports></host>
<host endtime="1733448246"><address addr="103.177.50.17" addrtype="ipv4"/><ports><port protocol="tcp" portid="5061"><state state="open" reason="syn-ack" reason_ttl="121"/></port></ports></host>
<host endtime="1733448246"><address addr="199.123.27.60" addrtype="ipv4"/><ports><port protocol="tcp" portid="5060"><state state="open" reason="syn-ack" reason_ttl="229"/></port></ports></host>
<host endtime="1733448249"><address addr="199.123.27.139" addrtype="ipv4"/><ports><port protocol="tcp" portid="5060"><state state="open" reason="syn-ack" reason_ttl="229"/></port></ports></host>
<host endtime="1733448250"><address addr="202.46.246.131" addrtype="ipv4"/><ports><port protocol="tcp" portid="5060"><state state="open" reason="syn-ack" reason_ttl="51"/></port></ports></host>
<host endtime="1733448253"><address addr="193.103.200.103" addrtype="ipv4"/><ports><port protocol="tcp" portid="5060"><state state="open" reason="syn-ack" reason_ttl="52"/></port></ports></host>
<host endtime="1733448256"><address addr="202.46.3.145" addrtype="ipv4"/><ports><port protocol="tcp" portid="5060"><state state="open" reason="syn-ack" reason_ttl="50"/></port></ports></host>
<host endtime="1733448256"><address addr="202.46.240.217" addrtype="ipv4"/><ports><port protocol="tcp" portid="5060"><state state="open" reason="syn-ack" reason_ttl="51"/></port></ports></host>
<host endtime="1733448259"><address addr="103.83.19.227" addrtype="ipv4"/><ports><port protocol="tcp" portid="5060"><state state="open" reason="syn-ack" reason_ttl="48"/></port></ports></host>
<host endtime="1733448262"><address addr="202.46.246.201" addrtype="ipv4"/><ports><port protocol="tcp" portid="5060"><state state="open" reason="syn-ack" reason_ttl="51"/></port></ports></host>
<host endtime="1733448264"><address addr="103.224.214.250" addrtype="ipv4"/><ports><port protocol="tcp" portid="5060"><state state="open" reason="syn-ack" reason_ttl="48"/></port></ports></host>
<host endtime="1733448269"><address addr="202.46.247.230" addrtype="ipv4"/><ports><port protocol="tcp" portid="5060"><state state="open" reason="syn-ack" reason_ttl="50"/></port></ports></host>
<host endtime="1733448276"><address addr="202.46.0.233" addrtype="ipv4"/><ports><port protocol="tcp" portid="5060"><state state="open" reason="syn-ack" reason_ttl="51"/></port></ports></host>
<host endtime="1733448277"><address addr="202.46.0.254" addrtype="ipv4"/><ports><port protocol="tcp" portid="5060"><state state="open" reason="syn-ack" reason_ttl="51"/></port></ports></host>
<host endtime="1733448282"><address addr="202.46.7.236" addrtype="ipv4"/><ports><port protocol="tcp" portid="5060"><state state="open" reason="syn-ack" reason_ttl="51"/></port></ports></host>
<host endtime="1733448282"><address addr="202.46.247.13" addrtype="ipv4"/><ports><port protocol="tcp" portid="5060"><state state="open" reason="syn-ack" reason_ttl="50"/></port></ports></host>
<host endtime="1733448285"><address addr="199.123.26.231" addrtype="ipv4"/><ports><port protocol="tcp" portid="5060"><state state="open" reason="syn-ack" reason_ttl="229"/></port></ports></host>
<host endtime="1733448286"><address addr="202.46.253.185" addrtype="ipv4"/><ports><port protocol="tcp" portid="5060"><state state="open" reason="syn-ack" reason_ttl="51"/></port></ports></host>
<host endtime="1733448287"><address addr="199.123.27.120" addrtype="ipv4"/><ports><port protocol="tcp" portid="5060"><state state="open" reason="syn-ack" reason_ttl="229"/></port></ports></host>
<host endtime="1733448289"><address addr="199.123.24.242" addrtype="ipv4"/><ports><port protocol="tcp" portid="5060"><state state="open" reason="syn-ack" reason_ttl="229"/></port></ports></host>
<host endtime="1733448290"><address addr="199.123.25.29" addrtype="ipv4"/><ports><port protocol="tcp" portid="5060"><state state="open" reason="syn-ack" reason_ttl="229"/></port></ports></host>
<host endtime="1733448293"><address addr="202.46.14.84" addrtype="ipv4"/><ports><port protocol="tcp" portid="5060"><state state="open" reason="syn-ack" reason_ttl="51"/></port></ports></host>
<host endtime="1733448294"><address addr="202.46.1.100" addrtype="ipv4"/><ports><port protocol="tcp" portid="5060"><state state="open" reason="syn-ack" reason_ttl="51"/></port></ports></host>
<host endtime="1733448296"><address addr="199.123.24.197" addrtype="ipv4"/><ports><port protocol="tcp" portid="5060"><state state="open" reason="syn-ack" reason_ttl="229"/></port></ports></host>
<host endtime="1733448298"><address addr="202.46.245.173" addrtype="ipv4"/><ports><port protocol="tcp" portid="5060"><state state="open" reason="syn-ack" reason_ttl="51"/></port></ports></host>
<host endtime="1733448301"><address addr="202.46.11.202" addrtype="ipv4"/><ports><port protocol="tcp" portid="5060"><state state="open" reason="syn-ack" reason_ttl="51"/></port></ports></host>
<host endtime="1733448302"><address addr="202.46.12.40" addrtype="ipv4"/><ports><port protocol="tcp" portid="5060"><state state="open" reason="syn-ack" reason_ttl="51"/></port></ports></host>
<host endtime="1733448302"><address addr="202.46.247.218" addrtype="ipv4"/><ports><port protocol="tcp" portid="5060"><state state="open" reason="syn-ack" reason_ttl="50"/></port></ports></host>
<host endtime="1733448304"><address addr="202.46.247.91" addrtype="ipv4"/><ports><port protocol="tcp" portid="5060"><state state="open" reason="syn-ack" reason_ttl="51"/></port></ports></host>
<host endtime="1733448305"><address addr="202.46.246.218" addrtype="ipv4"/><ports><port protocol="tcp" portid="5060"><state state="open" reason="syn-ack" reason_ttl="51"/></port></ports></host>
<host endtime="1733448308"><address addr="202.46.246.207" addrtype="ipv4"/><ports><port protocol="tcp" portid="5060"><state state="open" reason="syn-ack" reason_ttl="50"/></port></ports></host>
<host endtime="1733448308"><address addr="202.46.255.141" addrtype="ipv4"/><ports><port protocol="tcp" portid="5060"><state state="open" reason="syn-ack" reason_ttl="51"/></port></ports></host>
<host endtime="1733448310"><address addr="202.46.4.98" addrtype="ipv4"/><ports><port protocol="tcp" portid="5060"><state state="open" reason="syn-ack" reason_ttl="51"/></port></ports></host>
<host endtime="1733448315"><address addr="202.46.242.124" addrtype="ipv4"/><ports><port protocol="tcp" portid="5060"><state state="open" reason="syn-ack" reason_ttl="51"/></port></ports></host>
<host endtime="1733448316"><address addr="202.46.253.209" addrtype="ipv4"/><ports><port protocol="tcp" portid="5060"><state state="open" reason="syn-ack" reason_ttl="50"/></port></ports></host>
<host endtime="1733448317"><address addr="202.46.245.92" addrtype="ipv4"/><ports><port protocol="tcp" portid="5060"><state state="open" reason="syn-ack" reason_ttl="51"/></port></ports></host>
<host endtime="1733448319"><address addr="202.46.246.27" addrtype="ipv4"/><ports><port protocol="tcp" portid="5060"><state state="open" reason="syn-ack" reason_ttl="51"/></port></ports></host>
<host endtime="1733448319"><address addr="202.46.244.48" addrtype="ipv4"/><ports><port protocol="tcp" portid="5060"><state state="open" reason="syn-ack" reason_ttl="51"/></port></ports></host>
<host endtime="1733448321"><address addr="202.46.3.55" addrtype="ipv4"/><ports><port protocol="tcp" portid="5060"><state state="open" reason="syn-ack" reason_ttl="50"/></port></ports></host>
<host endtime="1733448325"><address addr="199.123.26.204" addrtype="ipv4"/><ports><port protocol="tcp" portid="5060"><state state="open" reason="syn-ack" reason_ttl="229"/></port></ports></host>
<host endtime="1733448326"><address addr="202.46.3.89" addrtype="ipv4"/><ports><port protocol="tcp" portid="5060"><state state="open" reason="syn-ack" reason_ttl="50"/></port></ports></host>
<host endtime="1733448326"><address addr="202.46.13.143" addrtype="ipv4"/><ports><port protocol="tcp" portid="5060"><state state="open" reason="syn-ack" reason_ttl="51"/></port></ports></host>
<host endtime="1733448330"><address addr="193.98.116.3" addrtype="ipv4"/><ports><port protocol="tcp" portid="5060"><state state="open" reason="syn-ack" reason_ttl="49"/></port></ports></host>
<host endtime="1733448332"><address addr="202.46.5.92" addrtype="ipv4"/><ports><port protocol="tcp" portid="5060"><state state="open" reason="syn-ack" reason_ttl="51"/></port></ports></host>
<host endtime="1733448332"><address addr="103.83.19.148" addrtype="ipv4"/><ports><port protocol="tcp" portid="5060"><state state="open" reason="syn-ack" reason_ttl="48"/></port></ports></host>
<host endtime="1733448332"><address addr="202.46.0.87" addrtype="ipv4"/><ports><port protocol="tcp" portid="5060"><state state="open" reason="syn-ack" reason_ttl="51"/></port></ports></host>
<host endtime="1733448332"><address addr="199.123.25.57" addrtype="ipv4"/><ports><port protocol="tcp" portid="5060"><state state="open" reason="syn-ack" reason_ttl="229"/></port></ports></host>
<host endtime="1733448334"><address addr="202.46.11.107" addrtype="ipv4"/><ports><port protocol="tcp" portid="5060"><state state="open" reason="syn-ack" reason_ttl="50"/></port></ports></host>
<host endtime="1733448338"><address addr="202.46.1.166" addrtype="ipv4"/><ports><port protocol="tcp" portid="5060"><state state="open" reason="syn-ack" reason_ttl="50"/></port></ports></host>
<host endtime="1733448338"><address addr="202.46.251.31" addrtype="ipv4"/><ports><port protocol="tcp" portid="5060"><state state="open" reason="syn-ack" reason_ttl="50"/></port></ports></host>
<host endtime="1733448338"><address addr="199.201.236.214" addrtype="ipv4"/><ports><port protocol="tcp" portid="5060"><state state="open" reason="syn-ack" reason_ttl="47"/></port></ports></host>
<host endtime="1733448340"><address addr="193.98.229.203" addrtype="ipv4"/><ports><port protocol="tcp" portid="5061"><state state="open" reason="syn-ack" reason_ttl="48"/></port></ports></host>
<host endtime="1733448340"><address addr="202.46.13.50" addrtype="ipv4"/><ports><port protocol="tcp" portid="5060"><state state="open" reason="syn-ack" reason_ttl="51"/></port></ports></host>
<host endtime="1733448344"><address addr="202.46.5.211" addrtype="ipv4"/><ports><port protocol="tcp" portid="5060"><state state="open" reason="syn-ack" reason_ttl="51"/></port></ports></host>
<host endtime="1733448346"><address addr="202.46.240.100" addrtype="ipv4"/><ports><port protocol="tcp" portid="5060"><state state="open" reason="syn-ack" reason_ttl="50"/></port></ports></host>
<host endtime="1733448346"><address addr="202.46.0.111" addrtype="ipv4"/><ports><port protocol="tcp" portid="5060"><state state="open" reason="syn-ack" reason_ttl="51"/></port></ports></host>
<host endtime="1733448349"><address addr="202.46.241.24" addrtype="ipv4"/><ports><port protocol="tcp" portid="5060"><state state="open" reason="syn-ack" reason_ttl="50"/></port></ports></host>
<host endtime="1733448354"><address addr="202.46.242.99" addrtype="ipv4"/><ports><port protocol="tcp" portid="5060"><state state="open" reason="syn-ack" reason_ttl="50"/></port></ports></host>
<host endtime="1733448363"><address addr="202.46.4.136" addrtype="ipv4"/><ports><port protocol="tcp" portid="5060"><state state="open" reason="syn-ack" reason_ttl="50"/></port></ports></host>
<host endtime="1733448366"><address addr="199.201.236.57" addrtype="ipv4"/><ports><port protocol="tcp" portid="5060"><state state="open" reason="syn-ack" reason_ttl="47"/></port></ports></host>
<host endtime="1733448368"><address addr="103.83.19.185" addrtype="ipv4"/><ports><port protocol="tcp" portid="5060"><state state="open" reason="syn-ack" reason_ttl="48"/></port></ports></host>
<host endtime="1733448368"><address addr="202.46.254.229" addrtype="ipv4"/><ports><port protocol="tcp" portid="5060"><state state="open" reason="syn-ack" reason_ttl="51"/></port></ports></host>
<host endtime="1733448369"><address addr="202.46.6.38" addrtype="ipv4"/><ports><port protocol="tcp" portid="5060"><state state="open" reason="syn-ack" reason_ttl="51"/></port></ports></host>
<host endtime="1733448370"><address addr="66.159.102.75" addrtype="ipv4"/><ports><port protocol="tcp" portid="5060"><state state="open" reason="syn-ack" reason_ttl="51"/></port></ports></host>
<host endtime="1733448371"><address addr="202.46.242.21" addrtype="ipv4"/><ports><port protocol="tcp" portid="5060"><state state="open" reason="syn-ack" reason_ttl="50"/></port></ports></host>
<host endtime="1733448382"><address addr="202.46.240.117" addrtype="ipv4"/><ports><port protocol="tcp" portid="5060"><state state="open" reason="syn-ack" reason_ttl="50"/></port></ports></host>
<host endtime="1733448386"><address addr="202.46.12.145" addrtype="ipv4"/><ports><port protocol="tcp" portid="5060"><state state="open" reason="syn-ack" reason_ttl="51"/></port></ports></host>
<host endtime="1733448387"><address addr="193.103.200.196" addrtype="ipv4"/><ports><port protocol="tcp" portid="5060"><state state="open" reason="syn-ack" reason_ttl="52"/></port></ports></host>
<host endtime="1733448388"><address addr="202.46.1.168" addrtype="ipv4"/><ports><port protocol="tcp" portid="5060"><state state="open" reason="syn-ack" reason_ttl="51"/></port></ports></host>
<host endtime="1733448391"><address addr="202.46.0.44" addrtype="ipv4"/><ports><port protocol="tcp" portid="5060"><state state="open" reason="syn-ack" reason_ttl="51"/></port></ports></host>
<host endtime="1733448392"><address addr="202.46.252.238" addrtype="ipv4"/><ports><port protocol="tcp" portid="5060"><state state="open" reason="syn-ack" reason_ttl="50"/></port></ports></host>
<host endtime="1733448395"><address addr="202.46.250.208" addrtype="ipv4"/><ports><port protocol="tcp" portid="5060"><state state="open" reason="syn-ack" reason_ttl="51"/></port></ports></host>
<host endtime="1733448397"><address addr="202.46.253.35" addrtype="ipv4"/><ports><port protocol="tcp" portid="5060"><state state="open" reason="syn-ack" reason_ttl="51"/></port></ports></host>
<host endtime="1733448398"><address addr="199.123.27.161" addrtype="ipv4"/><ports><port protocol="tcp" portid="5060"><state state="open" reason="syn-ack" reason_ttl="229"/></port></ports></host>
<host endtime="1733448398"><address addr="103.83.18.99" addrtype="ipv4"/><ports><port protocol="tcp" portid="5060"><state state="open" reason="syn-ack" reason_ttl="48"/></port></ports></host>
<host endtime="1733448399"><address addr="202.46.241.87" addrtype="ipv4"/><ports><port protocol="tcp" portid="5060"><state state="open" reason="syn-ack" reason_ttl="50"/></port></ports></host>
<host endtime="1733448401"><address addr="202.46.4.150" addrtype="ipv4"/><ports><port protocol="tcp" portid="5060"><state state="open" reason="syn-ack" reason_ttl="51"/></port></ports></host>
<host endtime="1733448404"><address addr="202.46.240.209" addrtype="ipv4"/><ports><port protocol="tcp" portid="5060"><state state="open" reason="syn-ack" reason_ttl="51"/></port></ports></host>
<host endtime="1733448405"><address addr="199.201.237.161" addrtype="ipv4"/><ports><port protocol="tcp" portid="5060"><state state="open" reason="syn-ack" reason_ttl="47"/></port></ports></host>
<host endtime="1733448407"><address addr="202.46.11.170" addrtype="ipv4"/><ports><port protocol="tcp" portid="5060"><state state="open" reason="syn-ack" reason_ttl="50"/></port></ports></host>
<host endtime="1733448409"><address addr="202.46.0.239" addrtype="ipv4"/><ports><port protocol="tcp" portid="5060"><state state="open" reason="syn-ack" reason_ttl="51"/></port></ports></host>
<host endtime="1733448409"><address addr="199.123.25.166" addrtype="ipv4"/><ports><port protocol="tcp" portid="5060"><state state="open" reason="syn-ack" reason_ttl="229"/></port></ports></host>
<host endtime="1733448409"><address addr="202.46.15.169" addrtype="ipv4"/><ports><port protocol="tcp" portid="5060"><state state="open" reason="syn-ack" reason_ttl="51"/></port></ports></host>
<host endtime="1733448413"><address addr="202.46.243.158" addrtype="ipv4"/><ports><port protocol="tcp" portid="5060"><state state="open" reason="syn-ack" reason_ttl="50"/></port></ports></host>
<host endtime="1733448422"><address addr="202.46.242.163" addrtype="ipv4"/><ports><port protocol="tcp" portid="5060"><state state="open" reason="syn-ack" reason_ttl="51"/></port></ports></host>
<host endtime="1733448422"><address addr="202.46.242.239" addrtype="ipv4"/><ports><port protocol="tcp" portid="5060"><state state="open" reason="syn-ack" reason_ttl="50"/></port></ports></host>
<host endtime="1733448427"><address addr="202.46.2.8" addrtype="ipv4"/><ports><port protocol="tcp" portid="5060"><state state="open" reason="syn-ack" reason_ttl="51"/></port></ports></host>
<host endtime="1733448429"><address addr="202.46.7.232" addrtype="ipv4"/><ports><port protocol="tcp" portid="5060"><state state="open" reason="syn-ack" reason_ttl="50"/></port></ports></host>
<host endtime="1733448431"><address addr="202.46.254.189" addrtype="ipv4"/><ports><port protocol="tcp" portid="5060"><state state="open" reason="syn-ack" reason_ttl="51"/></port></ports></host>
<host endtime="1733448434"><address addr="103.224.214.204" addrtype="ipv4"/><ports><port protocol="tcp" portid="5060"><state state="open" reason="syn-ack" reason_ttl="48"/></port></ports></host>
<host endtime="1733448437"><address addr="202.46.8.79" addrtype="ipv4"/><ports><port protocol="tcp" portid="5060"><state state="open" reason="syn-ack" reason_ttl="51"/></port></ports></host>
<host endtime="1733448439"><address addr="202.46.243.244" addrtype="ipv4"/><ports><port protocol="tcp" portid="5060"><state state="open" reason="syn-ack" reason_ttl="50"/></port></ports></host>
<host endtime="1733448443"><address addr="202.46.13.44" addrtype="ipv4"/><ports><port protocol="tcp" portid="5060"><state state="open" reason="syn-ack" reason_ttl="51"/></port></ports></host>
<host endtime="1733448453"><address addr="202.46.241.149" addrtype="ipv4"/><ports><port protocol="tcp" portid="5060"><state state="open" reason="syn-ack" reason_ttl="50"/></port></ports></host>
<host endtime="1733448461"><address addr="202.46.242.232" addrtype="ipv4"/><ports><port protocol="tcp" portid="5060"><state state="open" reason="syn-ack" reason_ttl="51"/></port></ports></host>
<host endtime="1733448461"><address addr="202.46.255.112" addrtype="ipv4"/><ports><port protocol="tcp" portid="5060"><state state="open" reason="syn-ack" reason_ttl="51"/></port></ports></host>
<host endtime="1733448463"><address addr="103.110.62.12" addrtype="ipv4"/><ports><port protocol="tcp" portid="5061"><state state="open" reason="syn-ack" reason_ttl="242"/></port></ports></host>
<host endtime="1733448467"><address addr="202.46.15.241" addrtype="ipv4"/><ports><port protocol="tcp" portid="5060"><state state="open" reason="syn-ack" reason_ttl="50"/></port></ports></host>
<host endtime="1733448468"><address addr="202.46.248.185" addrtype="ipv4"/><ports><port protocol="tcp" portid="5060"><state state="open" reason="syn-ack" reason_ttl="51"/></port></ports></host>
<host endtime="1733448470"><address addr="202.46.255.241" addrtype="ipv4"/><ports><port protocol="tcp" portid="5060"><state state="open" reason="syn-ack" reason_ttl="50"/></port></ports></host>
<host endtime="1733448470"><address addr="202.46.245.143" addrtype="ipv4"/><ports><port protocol="tcp" portid="5060"><state state="open" reason="syn-ack" reason_ttl="50"/></port></ports></host>
<host endtime="1733448473"><address addr="202.46.14.227" addrtype="ipv4"/><ports><port protocol="tcp" portid="5060"><state state="open" reason="syn-ack" reason_ttl="51"/></port></ports></host>
<host endtime="1733448473"><address addr="202.46.9.207" addrtype="ipv4"/><ports><port protocol="tcp" portid="5060"><state state="open" reason="syn-ack" reason_ttl="50"/></port></ports></host>
<host endtime="1733448475"><address addr="202.46.245.141" addrtype="ipv4"/><ports><port protocol="tcp" portid="5060"><state state="open" reason="syn-ack" reason_ttl="51"/></port></ports></host>
<host endtime="1733448475"><address addr="202.46.12.234" addrtype="ipv4"/><ports><port protocol="tcp" portid="5060"><state state="open" reason="syn-ack" reason_ttl="51"/></port></ports></host>
<host endtime="1733448477"><address addr="202.46.246.86" addrtype="ipv4"/><ports><port protocol="tcp" portid="5060"><state state="open" reason="syn-ack" reason_ttl="50"/></port></ports></host>
<host endtime="1733448479"><address addr="202.46.253.109" addrtype="ipv4"/><ports><port protocol="tcp" portid="5060"><state state="open" reason="syn-ack" reason_ttl="51"/></port></ports></host>
<host endtime="1733448479"><address addr="193.98.229.223" addrtype="ipv4"/><ports><port protocol="tcp" portid="5061"><state state="open" reason="syn-ack" reason_ttl="48"/></port></ports></host>
<host endtime="1733448480"><address addr="202.46.241.17" addrtype="ipv4"/><ports><port protocol="tcp" portid="5060"><state state="open" reason="syn-ack" reason_ttl="50"/></port></ports></host>
<host endtime="1733448483"><address addr="202.46.5.32" addrtype="ipv4"/><ports><port protocol="tcp" portid="5060"><state state="open" reason="syn-ack" reason_ttl="51"/></port></ports></host>
<host endtime="1733448484"><address addr="199.123.27.128" addrtype="ipv4"/><ports><port protocol="tcp" portid="5060"><state state="open" reason="syn-ack" reason_ttl="229"/></port></ports></host>
<host endtime="1733448485"><address addr="202.46.252.116" addrtype="ipv4"/><ports><port protocol="tcp" portid="5060"><state state="open" reason="syn-ack" reason_ttl="51"/></port></ports></host>
<host endtime="1733448485"><address addr="199.201.236.48" addrtype="ipv4"/><ports><port protocol="tcp" portid="5060"><state state="open" reason="syn-ack" reason_ttl="47"/></port></ports></host>
<host endtime="1733448486"><address addr="199.123.27.134" addrtype="ipv4"/><ports><port protocol="tcp" portid="5060"><state state="open" reason="syn-ack" reason_ttl="229"/></port></ports></host>
<host endtime="1733448487"><address addr="202.46.4.155" addrtype="ipv4"/><ports><port protocol="tcp" portid="5060"><state state="open" reason="syn-ack" reason_ttl="51"/></port></ports></host>
<host endtime="1733448488"><address addr="199.123.27.142" addrtype="ipv4"/><ports><port protocol="tcp" portid="5060"><state state="open" reason="syn-ack" reason_ttl="229"/></port></ports></host>
<host endtime="1733448488"><address addr="202.46.245.87" addrtype="ipv4"/><ports><port protocol="tcp" portid="5060"><state state="open" reason="syn-ack" reason_ttl="50"/></port></ports></host>
<host endtime="1733448490"><address addr="202.46.9.86" addrtype="ipv4"/><ports><port protocol="tcp" portid="5060"><state state="open" reason="syn-ack" reason_ttl="50"/></port></ports></host>
<host endtime="1733448490"><address addr="202.46.241.124" addrtype="ipv4"/><ports><port protocol="tcp" portid="5060"><state state="open" reason="syn-ack" reason_ttl="51"/></port></ports></host>
<host endtime="1733448495"><address addr="202.46.244.227" addrtype="ipv4"/><ports><port protocol="tcp" portid="5060"><state state="open" reason="syn-ack" reason_ttl="51"/></port></ports></host>
<host endtime="1733448497"><address addr="202.46.0.18" addrtype="ipv4"/><ports><port protocol="tcp" portid="5060"><state state="open" reason="syn-ack" reason_ttl="50"/></port></ports></host>
<host endtime="1733448498"><address addr="199.123.26.218" addrtype="ipv4"/><ports><port protocol="tcp" portid="5060"><state state="open" reason="syn-ack" reason_ttl="229"/></port></ports></host>
<host endtime="1733448505"><address addr="202.46.4.171" addrtype="ipv4"/><ports><port protocol="tcp" portid="5060"><state state="open" reason="syn-ack" reason_ttl="50"/></port></ports></host>
<host endtime="1733448506"><address addr="202.46.255.255" addrtype="ipv4"/><ports><port protocol="tcp" portid="5060"><state state="open" reason="syn-ack" reason_ttl="50"/></port></ports></host>
<host endtime="1733448512"><address addr="202.46.248.215" addrtype="ipv4"/><ports><port protocol="tcp" portid="5060"><state state="open" reason="syn-ack" reason_ttl="50"/></port></ports></host>
<host endtime="1733448515"><address addr="202.46.13.230" addrtype="ipv4"/><ports><port protocol="tcp" portid="5060"><state state="open" reason="syn-ack" reason_ttl="51"/></port></ports></host>
<host endtime="1733448518"><address addr="202.46.242.253" addrtype="ipv4"/><ports><port protocol="tcp" portid="5060"><state state="open" reason="syn-ack" reason_ttl="51"/></port></ports></host>
<host endtime="1733448518"><address addr="193.103.200.108" addrtype="ipv4"/><ports><port protocol="tcp" portid="5060"><state state="open" reason="syn-ack" reason_ttl="54"/></port></ports></host>
<host endtime="1733448520"><address addr="202.46.254.232" addrtype="ipv4"/><ports><port protocol="tcp" portid="5060"><state state="open" reason="syn-ack" reason_ttl="51"/></port></ports></host>
<host endtime="1733448524"><address addr="202.46.240.14" addrtype="ipv4"/><ports><port protocol="tcp" portid="5060"><state state="open" reason="syn-ack" reason_ttl="50"/></port></ports></host>
<host endtime="1733448524"><address addr="202.46.4.16" addrtype="ipv4"/><ports><port protocol="tcp" portid="5060"><state state="open" reason="syn-ack" reason_ttl="51"/></port></ports></host>
<host endtime="1733448524"><address addr="202.46.13.38" addrtype="ipv4"/><ports><port protocol="tcp" portid="5060"><state state="open" reason="syn-ack" reason_ttl="51"/></port></ports></host>
<host endtime="1733448526"><address addr="202.46.5.70" addrtype="ipv4"/><ports><port protocol="tcp" portid="5060"><state state="open" reason="syn-ack" reason_ttl="50"/></port></ports></host>
<host endtime="1733448527"><address addr="202.46.249.93" addrtype="ipv4"/><ports><port protocol="tcp" portid="5060"><state state="open" reason="syn-ack" reason_ttl="51"/></port></ports></host>
<host endtime="1733448528"><address addr="199.123.26.175" addrtype="ipv4"/><ports><port protocol="tcp" portid="5060"><state state="open" reason="syn-ack" reason_ttl="229"/></port></ports></host>
<host endtime="1733448529"><address addr="199.201.237.210" addrtype="ipv4"/><ports><port protocol="tcp" portid="5060"><state state="open" reason="syn-ack" reason_ttl="47"/></port></ports></host>
<host endtime="1733448533"><address addr="202.46.249.242" addrtype="ipv4"/><ports><port protocol="tcp" portid="5060"><state state="open" reason="syn-ack" reason_ttl="51"/></port></ports></host>
<host endtime="1733448534"><address addr="202.46.15.0" addrtype="ipv4"/><ports><port protocol="tcp" portid="5060"><state state="open" reason="syn-ack" reason_ttl="51"/></port></ports></host>
<host endtime="1733448539"><address addr="199.123.24.230" addrtype="ipv4"/><ports><port protocol="tcp" portid="5060"><state state="open" reason="syn-ack" reason_ttl="229"/></port></ports></host>
<host endtime="1733448540"><address addr="103.224.215.131" addrtype="ipv4"/><ports><port protocol="tcp" portid="5060"><state state="open" reason="syn-ack" reason_ttl="48"/></port></ports></host>
<host endtime="1733448540"><address addr="202.46.240.6" addrtype="ipv4"/><ports><port protocol="tcp" portid="5060"><state state="open" reason="syn-ack" reason_ttl="51"/></port></ports></host>
<host endtime="1733448544"><address addr="103.224.215.174" addrtype="ipv4"/><ports><port protocol="tcp" portid="5060"><state state="open" reason="syn-ack" reason_ttl="48"/></port></ports></host>
<host endtime="1733448545"><address addr="199.201.236.162" addrtype="ipv4"/><ports><port protocol="tcp" portid="5060"><state state="open" reason="syn-ack" reason_ttl="47"/></port></ports></host>
<host endtime="1733448548"><address addr="202.46.6.105" addrtype="ipv4"/><ports><port protocol="tcp" portid="5060"><state state="open" reason="syn-ack" reason_ttl="50"/></port></ports></host>
<host endtime="1733448549"><address addr="202.46.10.6" addrtype="ipv4"/><ports><port protocol="tcp" portid="5060"><state state="open" reason="syn-ack" reason_ttl="51"/></port></ports></host>
<host endtime="1733448549"><address addr="202.46.9.162" addrtype="ipv4"/><ports><port protocol="tcp" portid="5060"><state state="open" reason="syn-ack" reason_ttl="51"/></port></ports></host>
<host endtime="1733448550"><address addr="199.201.237.146" addrtype="ipv4"/><ports><port protocol="tcp" portid="5060"><state state="open" reason="syn-ack" reason_ttl="47"/></port></ports></host>
<host endtime="1733448551"><address addr="202.46.15.178" addrtype="ipv4"/><ports><port protocol="tcp" portid="5060"><state state="open" reason="syn-ack" reason_ttl="50"/></port></ports></host>
<host endtime="1733448552"><address addr="199.123.25.226" addrtype="ipv4"/><ports><port protocol="tcp" portid="5060"><state state="open" reason="syn-ack" reason_ttl="229"/></port></ports></host>
<host endtime="1733448557"><address addr="202.46.5.203" addrtype="ipv4"/><ports><port protocol="tcp" portid="5060"><state state="open" reason="syn-ack" reason_ttl="51"/></port></ports></host>
<host endtime="1733448558"><address addr="202.46.4.208" addrtype="ipv4"/><ports><port protocol="tcp" portid="5060"><state state="open" reason="syn-ack" reason_ttl="50"/></port></ports></host>
<host endtime="1733448560"><address addr="202.46.244.68" addrtype="ipv4"/><ports><port protocol="tcp" portid="5060"><state state="open" reason="syn-ack" reason_ttl="51"/></port></ports></host>
<host endtime="1733448560"><address addr="199.123.24.123" addrtype="ipv4"/><ports><port protocol="tcp" portid="5060"><state state="open" reason="syn-ack" reason_ttl="229"/></port></ports></host>
<host endtime="1733448561"><address addr="202.46.248.151" addrtype="ipv4"/><ports><port protocol="tcp" portid="5060"><state state="open" reason="syn-ack" reason_ttl="51"/></port></ports></host>
<host endtime="1733448566"><address addr="202.46.5.189" addrtype="ipv4"/><ports><port protocol="tcp" portid="5060"><state state="open" reason="syn-ack" reason_ttl="50"/></port></ports></host>
<host endtime="1733448566"><address addr="199.123.24.32" addrtype="ipv4"/><ports><port protocol="tcp" portid="5060"><state state="open" reason="syn-ack" reason_ttl="229"/></port></ports></host>
<host endtime="1733448574"><address addr="202.46.6.95" addrtype="ipv4"/><ports><port protocol="tcp" portid="5060"><state state="open" reason="syn-ack" reason_ttl="51"/></port></ports></host>
<host endtime="1733448575"><address addr="202.46.9.88" addrtype="ipv4"/><ports><port protocol="tcp" portid="5060"><state state="open" reason="syn-ack" reason_ttl="51"/></port></ports></host>
<host endtime="1733448579"><address addr="103.224.214.225" addrtype="ipv4"/><ports><port protocol="tcp" portid="5060"><state state="open" reason="syn-ack" reason_ttl="48"/></port></ports></host>
<host endtime="1733448580"><address addr="202.46.242.48" addrtype="ipv4"/><ports><port protocol="tcp" portid="5060"><state state="open" reason="syn-ack" reason_ttl="51"/></port></ports></host>
<host endtime="1733448581"><address addr="202.46.254.14" addrtype="ipv4"/><ports><port protocol="tcp" portid="5060"><state state="open" reason="syn-ack" reason_ttl="51"/></port></ports></host>
<host endtime="1733448582"><address addr="202.46.249.138" addrtype="ipv4"/><ports><port protocol="tcp" portid="5060"><state state="open" reason="syn-ack" reason_ttl="51"/></port></ports></host>
<host endtime="1733448583"><address addr="199.201.236.141" addrtype="ipv4"/><ports><port protocol="tcp" portid="5060"><state state="open" reason="syn-ack" reason_ttl="47"/></port></ports></host>
<host endtime="1733448584"><address addr="193.103.206.60" addrtype="ipv4"/><ports><port protocol="tcp" portid="5060"><state state="open" reason="syn-ack" reason_ttl="52"/></port></ports></host>
<host endtime="1733448587"><address addr="193.98.229.14" addrtype="ipv4"/><ports><port protocol="tcp" portid="5060"><state state="open" reason="syn-ack" reason_ttl="49"/></port></ports></host>
<host endtime="1733448587"><address addr="193.103.200.27" addrtype="ipv4"/><ports><port protocol="tcp" portid="5060"><state state="open" reason="syn-ack" reason_ttl="52"/></port></ports></host>
<host endtime="1733448587"><address addr="202.46.254.41" addrtype="ipv4"/><ports><port protocol="tcp" portid="5060"><state state="open" reason="syn-ack" reason_ttl="51"/></port></ports></host>
<host endtime="1733448587"><address addr="202.46.15.126" addrtype="ipv4"/><ports><port protocol="tcp" portid="5060"><state state="open" reason="syn-ack" reason_ttl="50"/></port></ports></host>
<host endtime="1733448589"><address addr="199.201.237.49" addrtype="ipv4"/><ports><port protocol="tcp" portid="5060"><state state="open" reason="syn-ack" reason_ttl="47"/></port></ports></host>
<host endtime="1733448592"><address addr="199.123.27.147" addrtype="ipv4"/><ports><port protocol="tcp" portid="5060"><state state="open" reason="syn-ack" reason_ttl="229"/></port></ports></host>
<host endtime="1733448595"><address addr="199.201.236.226" addrtype="ipv4"/><ports><port protocol="tcp" portid="5060"><state state="open" reason="syn-ack" reason_ttl="47"/></port></ports></host>
<host endtime="1733448596"><address addr="103.83.19.212" addrtype="ipv4"/><ports><port protocol="tcp" portid="5060"><state state="open" reason="syn-ack" reason_ttl="48"/></port></ports></host>
<host endtime="1733448600"><address addr="202.46.254.50" addrtype="ipv4"/><ports><port protocol="tcp" portid="5060"><state state="open" reason="syn-ack" reason_ttl="50"/></port></ports></host>
<host endtime="1733448601"><address addr="202.46.13.81" addrtype="ipv4"/><ports><port protocol="tcp" portid="5060"><state state="open" reason="syn-ack" reason_ttl="51"/></port></ports></host>
<host endtime="1733448604"><address addr="202.46.246.179" addrtype="ipv4"/><ports><port protocol="tcp" portid="5060"><state state="open" reason="syn-ack" reason_ttl="51"/></port></ports></host>
<host endtime="1733448608"><address addr="202.46.249.241" addrtype="ipv4"/><ports><port protocol="tcp" portid="5060"><state state="open" reason="syn-ack" reason_ttl="51"/></port></ports></host>
<host endtime="1733448609"><address addr="202.46.3.237" addrtype="ipv4"/><ports><port protocol="tcp" portid="5060"><state state="open" reason="syn-ack" reason_ttl="50"/></port></ports></host>
<host endtime="1733448610"><address addr="103.83.19.13" addrtype="ipv4"/><ports><port protocol="tcp" portid="5060"><state state="open" reason="syn-ack" reason_ttl="48"/></port></ports></host>
<host endtime="1733448610"><address addr="202.46.248.47" addrtype="ipv4"/><ports><port protocol="tcp" portid="5060"><state state="open" reason="syn-ack" reason_ttl="50"/></port></ports></host>
<host endtime="1733448612"><address addr="103.224.215.103" addrtype="ipv4"/><ports><port protocol="tcp" portid="5060"><state state="open" reason="syn-ack" reason_ttl="48"/></port></ports></host>
<host endtime="1733448612"><address addr="202.46.5.164" addrtype="ipv4"/><ports><port protocol="tcp" portid="5060"><state state="open" reason="syn-ack" reason_ttl="50"/></port></ports></host>
<host endtime="1733448613"><address addr="199.201.236.66" addrtype="ipv4"/><ports><port protocol="tcp" portid="5060"><state state="open" reason="syn-ack" reason_ttl="47"/></port></ports></host>
<host endtime="1733448614"><address addr="202.46.7.27" addrtype="ipv4"/><ports><port protocol="tcp" portid="5060"><state state="open" reason="syn-ack" reason_ttl="51"/></port></ports></host>
<host endtime="1733448619"><address addr="193.103.200.43" addrtype="ipv4"/><ports><port protocol="tcp" portid="5060"><state state="open" reason="syn-ack" reason_ttl="54"/></port></ports></host>
<host endtime="1733448619"><address addr="199.123.24.126" addrtype="ipv4"/><ports><port protocol="tcp" portid="5060"><state state="open" reason="syn-ack" reason_ttl="229"/></port></ports></host>
<host endtime="1733448620"><address addr="193.97.171.23" addrtype="ipv4"/><ports><port protocol="tcp" portid="5061"><state state="open" reason="syn-ack" reason_ttl="241"/></port></ports></host>
<host endtime="1733448622"><address addr="202.46.3.43" addrtype="ipv4"/><ports><port protocol="tcp" portid="5060"><state state="open" reason="syn-ack" reason_ttl="51"/></port></ports></host>
<host endtime="1733448626"><address addr="103.83.18.113" addrtype="ipv4"/><ports><port protocol="tcp" portid="5060"><state state="open" reason="syn-ack" reason_ttl="48"/></port></ports></host>
<host endtime="1733448626"><address addr="202.46.248.82" addrtype="ipv4"/><ports><port protocol="tcp" portid="5060"><state state="open" reason="syn-ack" reason_ttl="51"/></port></ports></host>
<host endtime="1733448629"><address addr="202.46.0.64" addrtype="ipv4"/><ports><port protocol="tcp" portid="5060"><state state="open" reason="syn-ack" reason_ttl="51"/></port></ports></host>
<host endtime="1733448631"><address addr="202.46.244.136" addrtype="ipv4"/><ports><port protocol="tcp" portid="5060"><state state="open" reason="syn-ack" reason_ttl="50"/></port></ports></host>
<host endtime="1733448632"><address addr="202.46.248.204" addrtype="ipv4"/><ports><port protocol="tcp" portid="5060"><state state="open" reason="syn-ack" reason_ttl="51"/></port></ports></host>
<host endtime="1733448632"><address addr="202.46.15.239" addrtype="ipv4"/><ports><port protocol="tcp" portid="5060"><state state="open" reason="syn-ack" reason_ttl="51"/></port></ports></host>
<host endtime="1733448633"><address addr="202.46.10.48" addrtype="ipv4"/><ports><port protocol="tcp" portid="5060"><state state="open" reason="syn-ack" reason_ttl="50"/></port></ports></host>
<host endtime="1733448637"><address addr="202.46.4.172" addrtype="ipv4"/><ports><port protocol="tcp" portid="5060"><state state="open" reason="syn-ack" reason_ttl="51"/></port></ports></host>
<host endtime="1733448639"><address addr="103.177.50.75" addrtype="ipv4"/><ports><port protocol="tcp" portid="5060"><state state="open" reason="syn-ack" reason_ttl="121"/></port></ports></host>
<host endtime="1733448641"><address addr="202.46.12.119" addrtype="ipv4"/><ports><port protocol="tcp" portid="5060"><state state="open" reason="syn-ack" reason_ttl="50"/></port></ports></host>
<host endtime="1733448642"><address addr="202.46.13.103" addrtype="ipv4"/><ports><port protocol="tcp" portid="5060"><state state="open" reason="syn-ack" reason_ttl="51"/></port></ports></host>
<host endtime="1733448642"><address addr="202.46.243.160" addrtype="ipv4"/><ports><port protocol="tcp" portid="5060"><state state="open" reason="syn-ack" reason_ttl="50"/></port></ports></host>
<host endtime="1733448643"><address addr="202.46.7.53" addrtype="ipv4"/><ports><port protocol="tcp" portid="5060"><state state="open" reason="syn-ack" reason_ttl="50"/></port></ports></host>
<host endtime="1733448644"><address addr="202.46.9.177" addrtype="ipv4"/><ports><port protocol="tcp" portid="5060"><state state="open" reason="syn-ack" reason_ttl="50"/></port></ports></host>
<host endtime="1733448650"><address addr="193.103.200.29" addrtype="ipv4"/><ports><port protocol="tcp" portid="5060"><state state="open" reason="syn-ack" reason_ttl="54"/></port></ports></host>
<host endtime="1733448650"><address addr="202.46.0.177" addrtype="ipv4"/><ports><port protocol="tcp" portid="5060"><state state="open" reason="syn-ack" reason_ttl="51"/></port></ports></host>
<host endtime="1733448650"><address addr="202.46.247.76" addrtype="ipv4"/><ports><port protocol="tcp" portid="5060"><state state="open" reason="syn-ack" reason_ttl="50"/></port></ports></host>
<host endtime="1733448652"><address addr="199.201.237.244" addrtype="ipv4"/><ports><port protocol="tcp" portid="5060"><state state="open" reason="syn-ack" reason_ttl="47"/></port></ports></host>
<host endtime="1733448654"><address addr="202.46.13.87" addrtype="ipv4"/><ports><port protocol="tcp" portid="5060"><state state="open" reason="syn-ack" reason_ttl="51"/></port></ports></host>
<host endtime="1733448659"><address addr="202.46.7.112" addrtype="ipv4"/><ports><port protocol="tcp" portid="5060"><state state="open" reason="syn-ack" reason_ttl="51"/></port></ports></host>
<host endtime="1733448659"><address addr="193.98.119.214" addrtype="ipv4"/><ports><port protocol="tcp" portid="5060"><state state="open" reason="syn-ack" reason_ttl="48"/></port></ports></host>
<host endtime="1733448659"><address addr="202.46.249.14" addrtype="ipv4"/><ports><port protocol="tcp" portid="5060"><state state="open" reason="syn-ack" reason_ttl="50"/></port></ports></host>
<host endtime="1733448677"><address addr="202.46.7.142" addrtype="ipv4"/><ports><port protocol="tcp" portid="5060"><state state="open" reason="syn-ack" reason_ttl="51"/></port></ports></host>
<host endtime="1733448690"><address addr="202.46.1.86" addrtype="ipv4"/><ports><port protocol="tcp" portid="5060"><state state="open" reason="syn-ack" reason_ttl="51"/></port></ports></host>
<host endtime="1733448692"><address addr="193.98.229.98" addrtype="ipv4"/><ports><port protocol="tcp" portid="5060"><state state="open" reason="syn-ack" reason_ttl="44"/></port></ports></host>
<host endtime="1733448698"><address addr="193.103.200.119" addrtype="ipv4"/><ports><port protocol="tcp" portid="5060"><state state="open" reason="syn-ack" reason_ttl="54"/></port></ports></host>
<host endtime="1733448699"><address addr="202.46.10.23" addrtype="ipv4"/><ports><port protocol="tcp" portid="5061"><state state="open" reason="syn-ack" reason_ttl="49"/></port></ports></host>
<host endtime="1733448701"><address addr="202.46.8.247" addrtype="ipv4"/><ports><port protocol="tcp" portid="5060"><state state="open" reason="syn-ack" reason_ttl="50"/></port></ports></host>
<host endtime="1733448702"><address addr="202.46.3.74" addrtype="ipv4"/><ports><port protocol="tcp" portid="5060"><state state="open" reason="syn-ack" reason_ttl="50"/></port></ports></host>
<host endtime="1733448704"><address addr="202.46.249.129" addrtype="ipv4"/><ports><port protocol="tcp" portid="5060"><state state="open" reason="syn-ack" reason_ttl="50"/></port></ports></host>
<host endtime="1733448705"><address addr="103.224.214.51" addrtype="ipv4"/><ports><port protocol="tcp" portid="5060"><state state="open" reason="syn-ack" reason_ttl="48"/></port></ports></host>
<host endtime="1733448710"><address addr="202.46.11.46" addrtype="ipv4"/><ports><port protocol="tcp" portid="5060"><state state="open" reason="syn-ack" reason_ttl="50"/></port></ports></host>
<host endtime="1733448710"><address addr="103.83.19.173" addrtype="ipv4"/><ports><port protocol="tcp" portid="5060"><state state="open" reason="syn-ack" reason_ttl="48"/></port></ports></host>
<host endtime="1733448710"><address addr="202.46.0.84" addrtype="ipv4"/><ports><port protocol="tcp" portid="5060"><state state="open" reason="syn-ack" reason_ttl="51"/></port></ports></host>
<host endtime="1733448712"><address addr="202.46.255.71" addrtype="ipv4"/><ports><port protocol="tcp" portid="5060"><state state="open" reason="syn-ack" reason_ttl="51"/></port></ports></host>
<host endtime="1733448713"><address addr="202.46.242.14" addrtype="ipv4"/><ports><port protocol="tcp" portid="5060"><state state="open" reason="syn-ack" reason_ttl="51"/></port></ports></host>
<host endtime="1733448713"><address addr="202.46.7.30" addrtype="ipv4"/><ports><port protocol="tcp" portid="5060"><state state="open" reason="syn-ack" reason_ttl="51"/></port></ports></host>
<host endtime="1733448714"><address addr="202.46.249.95" addrtype="ipv4"/><ports><port protocol="tcp" portid="5060"><state state="open" reason="syn-ack" reason_ttl="51"/></port></ports></host>
<host endtime="1733448715"><address addr="199.201.237.64" addrtype="ipv4"/><ports><port protocol="tcp" portid="5060"><state state="open" reason="syn-ack" reason_ttl="47"/></port></ports></host>
<host endtime="1733448715"><address addr="202.46.245.44" addrtype="ipv4"/><ports><port protocol="tcp" portid="5060"><state state="open" reason="syn-ack" reason_ttl="51"/></port></ports></host>
<host endtime="1733448716"><address addr="202.46.14.244" addrtype="ipv4"/><ports><port protocol="tcp" portid="5060"><state state="open" reason="syn-ack" reason_ttl="51"/></port></ports></host>
<host endtime="1733448717"><address addr="202.46.254.70" addrtype="ipv4"/><ports><port protocol="tcp" portid="5060"><state state="open" reason="syn-ack" reason_ttl="51"/></port></ports></host>
<host endtime="1733448718"><address addr="199.201.236.50" addrtype="ipv4"/><ports><port protocol="tcp" portid="5060"><state state="open" reason="syn-ack" reason_ttl="47"/></port></ports></host>
<host endtime="1733448719"><address addr="202.46.249.220" addrtype="ipv4"/><ports><port protocol="tcp" portid="5060"><state state="open" reason="syn-ack" reason_ttl="51"/></port></ports></host>
<host endtime="1733448722"><address addr="202.46.12.9" addrtype="ipv4"/><ports><port protocol="tcp" portid="5060"><state state="open" reason="syn-ack" reason_ttl="51"/></port></ports></host>
<host endtime="1733448722"><address addr="199.123.27.116" addrtype="ipv4"/><ports><port protocol="tcp" portid="5060"><state state="open" reason="syn-ack" reason_ttl="229"/></port></ports></host>
<host endtime="1733448723"><address addr="202.46.13.170" addrtype="ipv4"/><ports><port protocol="tcp" portid="5060"><state state="open" reason="syn-ack" reason_ttl="51"/></port></ports></host>
<host endtime="1733448725"><address addr="199.123.25.252" addrtype="ipv4"/><ports><port protocol="tcp" portid="5060"><state state="open" reason="syn-ack" reason_ttl="229"/></port></ports></host>
<host endtime="1733448727"><address addr="202.46.244.7" addrtype="ipv4"/><ports><port protocol="tcp" portid="5060"><state state="open" reason="syn-ack" reason_ttl="51"/></port></ports></host>
<host endtime="1733448727"><address addr="202.46.10.164" addrtype="ipv4"/><ports><port protocol="tcp" portid="5060"><state state="open" reason="syn-ack" reason_ttl="50"/></port></ports></host>
<host endtime="1733448728"><address addr="202.46.247.241" addrtype="ipv4"/><ports><port protocol="tcp" portid="5060"><state state="open" reason="syn-ack" reason_ttl="50"/></port></ports></host>
<host endtime="1733448728"><address addr="202.46.255.44" addrtype="ipv4"/><ports><port protocol="tcp" portid="5060"><state state="open" reason="syn-ack" reason_ttl="51"/></port></ports></host>
<host endtime="1733448730"><address addr="202.46.248.135" addrtype="ipv4"/><ports><port protocol="tcp" portid="5060"><state state="open" reason="syn-ack" reason_ttl="51"/></port></ports></host>
<host endtime="1733448731"><address addr="103.83.19.124" addrtype="ipv4"/><ports><port protocol="tcp" portid="5060"><state state="open" reason="syn-ack" reason_ttl="48"/></port></ports></host>
<host endtime="1733448731"><address addr="103.224.215.64" addrtype="ipv4"/><ports><port protocol="tcp" portid="5060"><state state="open" reason="syn-ack" reason_ttl="48"/></port></ports></host>
<host endtime="1733448738"><address addr="202.46.15.237" addrtype="ipv4"/><ports><port protocol="tcp" portid="5060"><state state="open" reason="syn-ack" reason_ttl="51"/></port></ports></host>
<host endtime="1733448739"><address addr="202.46.240.227" addrtype="ipv4"/><ports><port protocol="tcp" portid="5060"><state state="open" reason="syn-ack" reason_ttl="50"/></port></ports></host>
<host endtime="1733448743"><address addr="202.46.241.32" addrtype="ipv4"/><ports><port protocol="tcp" portid="5060"><state state="open" reason="syn-ack" reason_ttl="50"/></port></ports></host>
<host endtime="1733448744"><address addr="202.46.10.236" addrtype="ipv4"/><ports><port protocol="tcp" portid="5060"><state state="open" reason="syn-ack" reason_ttl="51"/></port></ports></host>
<host endtime="1733448748"><address addr="202.46.5.169" addrtype="ipv4"/><ports><port protocol="tcp" portid="5060"><state state="open" reason="syn-ack" reason_ttl="51"/></port></ports></host>
<host endtime="1733448749"><address addr="103.83.18.199" addrtype="ipv4"/><ports><port protocol="tcp" portid="5060"><state state="open" reason="syn-ack" reason_ttl="48"/></port></ports></host>
<host endtime="1733448751"><address addr="202.46.1.56" addrtype="ipv4"/><ports><port protocol="tcp" portid="5060"><state state="open" reason="syn-ack" reason_ttl="51"/></port></ports></host>
<host endtime="1733448751"><address addr="202.46.8.143" addrtype="ipv4"/><ports><port protocol="tcp" portid="5060"><state state="open" reason="syn-ack" reason_ttl="51"/></port></ports></host>
<host endtime="1733448752"><address addr="202.46.13.77" addrtype="ipv4"/><ports><port protocol="tcp" portid="5060"><state state="open" reason="syn-ack" reason_ttl="51"/></port></ports></host>
<host endtime="1733448752"><address addr="202.46.4.251" addrtype="ipv4"/><ports><port protocol="tcp" portid="5060"><state state="open" reason="syn-ack" reason_ttl="50"/></port></ports></host>
<host endtime="1733448754"><address addr="202.46.241.46" addrtype="ipv4"/><ports><port protocol="tcp" portid="5060"><state state="open" reason="syn-ack" reason_ttl="51"/></port></ports></host>
<host endtime="1733448755"><address addr="199.201.237.144" addrtype="ipv4"/><ports><port protocol="tcp" portid="5060"><state state="open" reason="syn-ack" reason_ttl="47"/></port></ports></host>
<host endtime="1733448760"><address addr="202.46.12.23" addrtype="ipv4"/><ports><port protocol="tcp" portid="5060"><state state="open" reason="syn-ack" reason_ttl="51"/></port></ports></host>
<host endtime="1733448760"><address addr="202.37.22.20" addrtype="ipv4"/><ports><port protocol="tcp" portid="5060"><state state="open" reason="syn-ack" reason_ttl="48"/></port></ports></host>
<host endtime="1733448761"><address addr="103.96.77.2" addrtype="ipv4"/><ports><port protocol="tcp" portid="5061"><state state="open" reason="syn-ack" reason_ttl="45"/></port></ports></host>
<host endtime="1733448761"><address addr="202.46.1.35" addrtype="ipv4"/><ports><port protocol="tcp" portid="5060"><state state="open" reason="syn-ack" reason_ttl="51"/></port></ports></host>
<host endtime="1733448764"><address addr="193.103.200.212" addrtype="ipv4"/><ports><port protocol="tcp" portid="5060"><state state="open" reason="syn-ack" reason_ttl="54"/></port></ports></host>
<host endtime="1733448771"><address addr="202.46.9.165" addrtype="ipv4"/><ports><port protocol="tcp" portid="5060"><state state="open" reason="syn-ack" reason_ttl="50"/></port></ports></host>
<host endtime="1733448773"><address addr="202.46.250.69" addrtype="ipv4"/><ports><port protocol="tcp" portid="5060"><state state="open" reason="syn-ack" reason_ttl="50"/></port></ports></host>
<host endtime="1733448773"><address addr="202.46.11.119" addrtype="ipv4"/><ports><port protocol="tcp" portid="5060"><state state="open" reason="syn-ack" reason_ttl="51"/></port></ports></host>
<host endtime="1733448777"><address addr="202.46.10.157" addrtype="ipv4"/><ports><port protocol="tcp" portid="5060"><state state="open" reason="syn-ack" reason_ttl="50"/></port></ports></host>
<host endtime="1733448778"><address addr="202.46.1.122" addrtype="ipv4"/><ports><port protocol="tcp" portid="5060"><state state="open" reason="syn-ack" reason_ttl="50"/></port></ports></host>
<host endtime="1733448779"><address addr="199.123.26.160" addrtype="ipv4"/><ports><port protocol="tcp" portid="5060"><state state="open" reason="syn-ack" reason_ttl="229"/></port></ports></host>
<host endtime="1733448780"><address addr="202.46.0.180" addrtype="ipv4"/><ports><port protocol="tcp" portid="5060"><state state="open" reason="syn-ack" reason_ttl="51"/></port></ports></host>
<host endtime="1733448781"><address addr="193.98.229.184" addrtype="ipv4"/><ports><port protocol="tcp" portid="5060"><state state="open" reason="syn-ack" reason_ttl="48"/></port></ports></host>
<host endtime="1733448782"><address addr="202.46.13.57" addrtype="ipv4"/><ports><port protocol="tcp" portid="5060"><state state="open" reason="syn-ack" reason_ttl="51"/></port></ports></host>
<host endtime="1733448784"><address addr="202.46.253.84" addrtype="ipv4"/><ports><port protocol="tcp" portid="5060"><state state="open" reason="syn-ack" reason_ttl="50"/></port></ports></host>
<host endtime="1733448789"><address addr="202.46.254.192" addrtype="ipv4"/><ports><port protocol="tcp" portid="5060"><state state="open" reason="syn-ack" reason_ttl="51"/></port></ports></host>
<host endtime="1733448797"><address addr="202.46.10.161" addrtype="ipv4"/><ports><port protocol="tcp" portid="5060"><state state="open" reason="syn-ack" reason_ttl="50"/></port></ports></host>
<host endtime="1733448800"><address addr="202.46.6.200" addrtype="ipv4"/><ports><port protocol="tcp" portid="5060"><state state="open" reason="syn-ack" reason_ttl="50"/></port></ports></host>
<host endtime="1733448801"><address addr="202.46.0.20" addrtype="ipv4"/><ports><port protocol="tcp" portid="5060"><state state="open" reason="syn-ack" reason_ttl="50"/></port></ports></host>
<host endtime="1733448806"><address addr="202.46.246.148" addrtype="ipv4"/><ports><port protocol="tcp" portid="5060"><state state="open" reason="syn-ack" reason_ttl="51"/></port></ports></host>
<host endtime="1733448807"><address addr="202.46.11.81" addrtype="ipv4"/><ports><port protocol="tcp" portid="5060"><state state="open" reason="syn-ack" reason_ttl="51"/></port></ports></host>
<host endtime="1733448808"><address addr="202.46.246.130" addrtype="ipv4"/><ports><port protocol="tcp" portid="5060"><state state="open" reason="syn-ack" reason_ttl="50"/></port></ports></host>
<host endtime="1733448808"><address addr="202.46.3.162" addrtype="ipv4"/><ports><port protocol="tcp" portid="5060"><state state="open" reason="syn-ack" reason_ttl="51"/></port></ports></host>
<host endtime="1733448810"><address addr="202.46.14.148" addrtype="ipv4"/><ports><port protocol="tcp" portid="5060"><state state="open" reason="syn-ack" reason_ttl="50"/></port></ports></host>
<host endtime="1733448810"><address addr="202.46.11.13" addrtype="ipv4"/><ports><port protocol="tcp" portid="5060"><state state="open" reason="syn-ack" reason_ttl="51"/></port></ports></host>
<host endtime="1733448812"><address addr="202.46.7.55" addrtype="ipv4"/><ports><port protocol="tcp" portid="5060"><state state="open" reason="syn-ack" reason_ttl="50"/></port></ports></host>
<host endtime="1733448813"><address addr="202.46.254.178" addrtype="ipv4"/><ports><port protocol="tcp" portid="5060"><state state="open" reason="syn-ack" reason_ttl="51"/></port></ports></host>
<host endtime="1733448815"><address addr="202.46.251.164" addrtype="ipv4"/><ports><port protocol="tcp" portid="5060"><state state="open" reason="syn-ack" reason_ttl="51"/></port></ports></host>
<host endtime="1733448816"><address addr="199.201.236.229" addrtype="ipv4"/><ports><port protocol="tcp" portid="5060"><state state="open" reason="syn-ack" reason_ttl="47"/></port></ports></host>
<host endtime="1733448818"><address addr="202.46.250.213" addrtype="ipv4"/><ports><port protocol="tcp" portid="5060"><state state="open" reason="syn-ack" reason_ttl="51"/></port></ports></host>
<host endtime="1733448821"><address addr="202.46.6.108" addrtype="ipv4"/><ports><port protocol="tcp" portid="5060"><state state="open" reason="syn-ack" reason_ttl="51"/></port></ports></host>
<host endtime="1733448824"><address addr="202.46.3.173" addrtype="ipv4"/><ports><port protocol="tcp" portid="5060"><state state="open" reason="syn-ack" reason_ttl="51"/></port></ports></host>
<host endtime="1733448825"><address addr="103.83.18.69" addrtype="ipv4"/><ports><port protocol="tcp" portid="5060"><state state="open" reason="syn-ack" reason_ttl="48"/></port></ports></host>
<host endtime="1733448826"><address addr="199.123.25.24" addrtype="ipv4"/><ports><port protocol="tcp" portid="5060"><state state="open" reason="syn-ack" reason_ttl="229"/></port></ports></host>
<host endtime="1733448827"><address addr="202.46.8.97" addrtype="ipv4"/><ports><port protocol="tcp" portid="5060"><state state="open" reason="syn-ack" reason_ttl="51"/></port></ports></host>
<host endtime="1733448830"><address addr="202.46.242.177" addrtype="ipv4"/><ports><port protocol="tcp" portid="5060"><state state="open" reason="syn-ack" reason_ttl="51"/></port></ports></host>
<host endtime="1733448831"><address addr="202.46.7.171" addrtype="ipv4"/><ports><port protocol="tcp" portid="5060"><state state="open" reason="syn-ack" reason_ttl="50"/></port></ports></host>
<host endtime="1733448831"><address addr="202.46.245.185" addrtype="ipv4"/><ports><port protocol="tcp" portid="5060"><state state="open" reason="syn-ack" reason_ttl="51"/></port></ports></host>
<host endtime="1733448833"><address addr="202.46.252.204" addrtype="ipv4"/><ports><port protocol="tcp" portid="5060"><state state="open" reason="syn-ack" reason_ttl="51"/></port></ports></host>
<host endtime="1733448833"><address addr="202.46.245.150" addrtype="ipv4"/><ports><port protocol="tcp" portid="5060"><state state="open" reason="syn-ack" reason_ttl="51"/></port></ports></host>
<host endtime="1733448837"><address addr="103.177.50.23" addrtype="ipv4"/><ports><port protocol="tcp" portid="5061"><state state="open" reason="syn-ack" reason_ttl="121"/></port></ports></host>
<host endtime="1733448838"><address addr="202.46.8.6" addrtype="ipv4"/><ports><port protocol="tcp" portid="5060"><state state="open" reason="syn-ack" reason_ttl="50"/></port></ports></host>
<host endtime="1733448839"><address addr="202.46.241.29" addrtype="ipv4"/><ports><port protocol="tcp" portid="5060"><state state="open" reason="syn-ack" reason_ttl="51"/></port></ports></host>
<host endtime="1733448841"><address addr="202.46.13.173" addrtype="ipv4"/><ports><port protocol="tcp" portid="5060"><state state="open" reason="syn-ack" reason_ttl="50"/></port></ports></host>
<host endtime="1733448842"><address addr="202.46.255.163" addrtype="ipv4"/><ports><port protocol="tcp" portid="5060"><state state="open" reason="syn-ack" reason_ttl="50"/></port></ports></host>
<host endtime="1733448847"><address addr="202.46.255.59" addrtype="ipv4"/><ports><port protocol="tcp" portid="5060"><state state="open" reason="syn-ack" reason_ttl="50"/></port></ports></host>
<host endtime="1733448849"><address addr="202.46.11.90" addrtype="ipv4"/><ports><port protocol="tcp" portid="5060"><state state="open" reason="syn-ack" reason_ttl="50"/></port></ports></host>
<host endtime="1733448850"><address addr="202.46.12.204" addrtype="ipv4"/><ports><port protocol="tcp" portid="5060"><state state="open" reason="syn-ack" reason_ttl="51"/></port></ports></host>
<host endtime="1733448851"><address addr="202.46.255.248" addrtype="ipv4"/><ports><port protocol="tcp" portid="5060"><state state="open" reason="syn-ack" reason_ttl="51"/></port></ports></host>
<host endtime="1733448851"><address addr="202.46.13.63" addrtype="ipv4"/><ports><port protocol="tcp" portid="5060"><state state="open" reason="syn-ack" reason_ttl="50"/></port></ports></host>
<host endtime="1733448855"><address addr="202.46.2.26" addrtype="ipv4"/><ports><port protocol="tcp" portid="5061"><state state="open" reason="syn-ack" reason_ttl="49"/></port></ports></host>
<host endtime="1733448856"><address addr="202.46.11.71" addrtype="ipv4"/><ports><port protocol="tcp" portid="5060"><state state="open" reason="syn-ack" reason_ttl="51"/></port></ports></host>
<host endtime="1733448856"><address addr="202.46.2.208" addrtype="ipv4"/><ports><port protocol="tcp" portid="5060"><state state="open" reason="syn-ack" reason_ttl="51"/></port></ports></host>
<host endtime="1733448861"><address addr="202.46.8.148" addrtype="ipv4"/><ports><port protocol="tcp" portid="5060"><state state="open" reason="syn-ack" reason_ttl="50"/></port></ports></host>
<host endtime="1733448878"><address addr="103.224.215.196" addrtype="ipv4"/><ports><port protocol="tcp" portid="5060"><state state="open" reason="syn-ack" reason_ttl="48"/></port></ports></host>
<host endtime="1733448879"><address addr="199.123.27.100" addrtype="ipv4"/><ports><port protocol="tcp" portid="5060"><state state="open" reason="syn-ack" reason_ttl="229"/></port></ports></host>
<host endtime="1733448879"><address addr="202.46.240.116" addrtype="ipv4"/><ports><port protocol="tcp" portid="5060"><state state="open" reason="syn-ack" reason_ttl="51"/></port></ports></host>
<host endtime="1733448883"><address addr="103.224.214.5" addrtype="ipv4"/><ports><port protocol="tcp" portid="5060"><state state="open" reason="syn-ack" reason_ttl="48"/></port></ports></host>
<host endtime="1733448884"><address addr="202.46.252.212" addrtype="ipv4"/><ports><port protocol="tcp" portid="5060"><state state="open" reason="syn-ack" reason_ttl="50"/></port></ports></host>
<host endtime="1733448885"><address addr="199.123.24.213" addrtype="ipv4"/><ports><port protocol="tcp" portid="5060"><state state="open" reason="syn-ack" reason_ttl="229"/></port></ports></host>
<host endtime="1733448887"><address addr="202.46.252.59" addrtype="ipv4"/><ports><port protocol="tcp" portid="5060"><state state="open" reason="syn-ack" reason_ttl="51"/></port></ports></host>
<host endtime="1733448887"><address addr="202.46.254.122" addrtype="ipv4"/><ports><port protocol="tcp" portid="5060"><state state="open" reason="syn-ack" reason_ttl="50"/></port></ports></host>
<host endtime="1733448890"><address addr="202.46.7.77" addrtype="ipv4"/><ports><port protocol="tcp" portid="5060"><state state="open" reason="syn-ack" reason_ttl="51"/></port></ports></host>
<host endtime="1733448891"><address addr="202.46.252.42" addrtype="ipv4"/><ports><port protocol="tcp" portid="5060"><state state="open" reason="syn-ack" reason_ttl="51"/></port></ports></host>
<host endtime="1733448896"><address addr="103.224.214.107" addrtype="ipv4"/><ports><port protocol="tcp" portid="5060"><state state="open" reason="syn-ack" reason_ttl="48"/></port></ports></host>
<host endtime="1733448897"><address addr="202.46.251.196" addrtype="ipv4"/><ports><port protocol="tcp" portid="5060"><state state="open" reason="syn-ack" reason_ttl="51"/></port></ports></host>
<host endtime="1733448897"><address addr="202.46.8.102" addrtype="ipv4"/><ports><port protocol="tcp" portid="5060"><state state="open" reason="syn-ack" reason_ttl="51"/></port></ports></host>
<host endtime="1733448898"><address addr="202.46.12.110" addrtype="ipv4"/><ports><port protocol="tcp" portid="5060"><state state="open" reason="syn-ack" reason_ttl="51"/></port></ports></host>
<host endtime="1733448901"><address addr="202.46.246.237" addrtype="ipv4"/><ports><port protocol="tcp" portid="5060"><state state="open" reason="syn-ack" reason_ttl="51"/></port></ports></host>
<host endtime="1733448902"><address addr="202.46.10.249" addrtype="ipv4"/><ports><port protocol="tcp" portid="5060"><state state="open" reason="syn-ack" reason_ttl="51"/></port></ports></host>
<host endtime="1733448902"><address addr="202.46.0.16" addrtype="ipv4"/><ports><port protocol="tcp" portid="5060"><state state="open" reason="syn-ack" reason_ttl="50"/></port></ports></host>
<host endtime="1733448903"><address addr="202.46.11.205" addrtype="ipv4"/><ports><port protocol="tcp" portid="5060"><state state="open" reason="syn-ack" reason_ttl="51"/></port></ports></host>
<host endtime="1733448905"><address addr="202.46.4.166" addrtype="ipv4"/><ports><port protocol="tcp" portid="5060"><state state="open" reason="syn-ack" reason_ttl="51"/></port></ports></host>
<host endtime="1733448908"><address addr="199.123.27.95" addrtype="ipv4"/><ports><port protocol="tcp" portid="5060"><state state="open" reason="syn-ack" reason_ttl="229"/></port></ports></host>
<host endtime="1733448917"><address addr="202.46.253.215" addrtype="ipv4"/><ports><port protocol="tcp" portid="5060"><state state="open" reason="syn-ack" reason_ttl="50"/></port></ports></host>
<host endtime="1733448921"><address addr="202.46.6.217" addrtype="ipv4"/><ports><port protocol="tcp" portid="5060"><state state="open" reason="syn-ack" reason_ttl="51"/></port></ports></host>
<host endtime="1733448923"><address addr="202.46.253.97" addrtype="ipv4"/><ports><port protocol="tcp" portid="5060"><state state="open" reason="syn-ack" reason_ttl="50"/></port></ports></host>
<host endtime="1733448924"><address addr="202.46.243.12" addrtype="ipv4"/><ports><port protocol="tcp" portid="5060"><state state="open" reason="syn-ack" reason_ttl="51"/></port></ports></host>
<host endtime="1733448926"><address addr="202.46.252.78" addrtype="ipv4"/><ports><port protocol="tcp" portid="5060"><state state="open" reason="syn-ack" reason_ttl="50"/></port></ports></host>
<host endtime="1733448930"><address addr="103.83.18.175" addrtype="ipv4"/><ports><port protocol="tcp" portid="5060"><state state="open" reason="syn-ack" reason_ttl="48"/></port></ports></host>
<host endtime="1733448933"><address addr="202.46.240.165" addrtype="ipv4"/><ports><port protocol="tcp" portid="5060"><state state="open" reason="syn-ack" reason_ttl="50"/></port></ports></host>
<host endtime="1733448934"><address addr="196.195.253.119" addrtype="ipv4"/><ports><port protocol="tcp" portid="5060"><state state="open" reason="syn-ack" reason_ttl="53"/></port></ports></host>
<host endtime="1733448935"><address addr="202.46.250.239" addrtype="ipv4"/><ports><port protocol="tcp" portid="5060"><state state="open" reason="syn-ack" reason_ttl="50"/></port></ports></host>
<host endtime="1733448935"><address addr="202.46.252.124" addrtype="ipv4"/><ports><port protocol="tcp" portid="5060"><state state="open" reason="syn-ack" reason_ttl="51"/></port></ports></host>
<host endtime="1733448938"><address addr="202.46.246.9" addrtype="ipv4"/><ports><port protocol="tcp" portid="5060"><state state="open" reason="syn-ack" reason_ttl="50"/></port></ports></host>
<host endtime="1733448938"><address addr="199.201.236.204" addrtype="ipv4"/><ports><port protocol="tcp" portid="5060"><state state="open" reason="syn-ack" reason_ttl="47"/></port></ports></host>
<host endtime="1733448938"><address addr="202.46.14.171" addrtype="ipv4"/><ports><port protocol="tcp" portid="5060"><state state="open" reason="syn-ack" reason_ttl="50"/></port></ports></host>
<host endtime="1733448939"><address addr="193.98.229.204" addrtype="ipv4"/><ports><port protocol="tcp" portid="5061"><state state="open" reason="syn-ack" reason_ttl="47"/></port></ports></host>
<host endtime="1733448939"><address addr="202.46.10.9" addrtype="ipv4"/><ports><port protocol="tcp" portid="5061"><state state="open" reason="syn-ack" reason_ttl="50"/></port></ports></host>
<host endtime="1733448943"><address addr="202.46.242.15" addrtype="ipv4"/><ports><port protocol="tcp" portid="5060"><state state="open" reason="syn-ack" reason_ttl="50"/></port></ports></host>
<host endtime="1733448943"><address addr="103.83.18.24" addrtype="ipv4"/><ports><port protocol="tcp" portid="5060"><state state="open" reason="syn-ack" reason_ttl="48"/></port></ports></host>
<host endtime="1733448944"><address addr="202.46.1.57" addrtype="ipv4"/><ports><port protocol="tcp" portid="5060"><state state="open" reason="syn-ack" reason_ttl="51"/></port></ports></host>
<host endtime="1733448947"><address addr="202.46.0.105" addrtype="ipv4"/><ports><port protocol="tcp" portid="5060"><state state="open" reason="syn-ack" reason_ttl="51"/></port></ports></host>
<host endtime="1733448948"><address addr="202.46.2.246" addrtype="ipv4"/><ports><port protocol="tcp" portid="5060"><state state="open" reason="syn-ack" reason_ttl="51"/></port></ports></host>
<host endtime="1733448950"><address addr="103.83.18.98" addrtype="ipv4"/><ports><port protocol="tcp" portid="5060"><state state="open" reason="syn-ack" reason_ttl="48"/></port></ports></host>
<host endtime="1733448952"><address addr="202.46.9.119" addrtype="ipv4"/><ports><port protocol="tcp" portid="5060"><state state="open" reason="syn-ack" reason_ttl="51"/></port></ports></host>
<host endtime="1733448955"><address addr="199.201.237.235" addrtype="ipv4"/><ports><port protocol="tcp" portid="5060"><state state="open" reason="syn-ack" reason_ttl="47"/></port></ports></host>
<host endtime="1733448955"><address addr="202.46.240.23" addrtype="ipv4"/><ports><port protocol="tcp" portid="5060"><state state="open" reason="syn-ack" reason_ttl="51"/></port></ports></host>
<host endtime="1733448956"><address addr="199.123.26.62" addrtype="ipv4"/><ports><port protocol="tcp" portid="5060"><state state="open" reason="syn-ack" reason_ttl="229"/></port></ports></host>
<host endtime="1733448958"><address addr="202.46.9.222" addrtype="ipv4"/><ports><port protocol="tcp" portid="5060"><state state="open" reason="syn-ack" reason_ttl="51"/></port></ports></host>
<host endtime="1733448960"><address addr="202.46.9.51" addrtype="ipv4"/><ports><port protocol="tcp" portid="5060"><state state="open" reason="syn-ack" reason_ttl="51"/></port></ports></host>
<host endtime="1733448962"><address addr="202.46.14.24" addrtype="ipv4"/><ports><port protocol="tcp" portid="5060"><state state="open" reason="syn-ack" reason_ttl="51"/></port></ports></host>
<host endtime="1733448964"><address addr="202.46.247.108" addrtype="ipv4"/><ports><port protocol="tcp" portid="5060"><state state="open" reason="syn-ack" reason_ttl="50"/></port></ports></host>
<host endtime="1733448967"><address addr="199.123.25.30" addrtype="ipv4"/><ports><port protocol="tcp" portid="5060"><state state="open" reason="syn-ack" reason_ttl="229"/></port></ports></host>
<host endtime="1733448972"><address addr="199.123.24.74" addrtype="ipv4"/><ports><port protocol="tcp" portid="5060"><state state="open" reason="syn-ack" reason_ttl="229"/></port></ports></host>
<host endtime="1733448973"><address addr="199.123.24.172" addrtype="ipv4"/><ports><port protocol="tcp" portid="5060"><state state="open" reason="syn-ack" reason_ttl="229"/></port></ports></host>
<host endtime="1733448977"><address addr="202.46.1.157" addrtype="ipv4"/><ports><port protocol="tcp" portid="5060"><state state="open" reason="syn-ack" reason_ttl="51"/></port></ports></host>
<host endtime="1733448980"><address addr="202.46.9.148" addrtype="ipv4"/><ports><port protocol="tcp" portid="5060"><state state="open" reason="syn-ack" reason_ttl="51"/></port></ports></host>
<host endtime="1733448983"><address addr="103.83.18.192" addrtype="ipv4"/><ports><port protocol="tcp" portid="5060"><state state="open" reason="syn-ack" reason_ttl="48"/></port></ports></host>
<host endtime="1733448983"><address addr="202.46.242.193" addrtype="ipv4"/><ports><port protocol="tcp" portid="5060"><state state="open" reason="syn-ack" reason_ttl="50"/></port></ports></host>
<host endtime="1733448984"><address addr="202.46.1.192" addrtype="ipv4"/><ports><port protocol="tcp" portid="5060"><state state="open" reason="syn-ack" reason_ttl="50"/></port></ports></host>
<host endtime="1733448984"><address addr="193.98.229.85" addrtype="ipv4"/><ports><port protocol="tcp" portid="5061"><state state="open" reason="syn-ack" reason_ttl="49"/></port></ports></host>
<host endtime="1733448989"><address addr="202.46.255.242" addrtype="ipv4"/><ports><port protocol="tcp" portid="5060"><state state="open" reason="syn-ack" reason_ttl="51"/></port></ports></host>
<host endtime="1733448989"><address addr="193.98.229.199" addrtype="ipv4"/><ports><port protocol="tcp" portid="5060"><state state="open" reason="syn-ack" reason_ttl="47"/></port></ports></host>
<host endtime="1733448994"><address addr="103.224.215.234" addrtype="ipv4"/><ports><port protocol="tcp" portid="5060"><state state="open" reason="syn-ack" reason_ttl="48"/></port></ports></host>
<host endtime="1733448994"><address addr="202.46.254.176" addrtype="ipv4"/><ports><port protocol="tcp" portid="5060"><state state="open" reason="syn-ack" reason_ttl="51"/></port></ports></host>
<host endtime="1733448994"><address addr="103.83.19.69" addrtype="ipv4"/><ports><port protocol="tcp" portid="5060"><state state="open" reason="syn-ack" reason_ttl="48"/></port></ports></host>
<host endtime="1733448998"><address addr="202.46.1.34" addrtype="ipv4"/><ports><port protocol="tcp" portid="5060"><state state="open" reason="syn-ack" reason_ttl="51"/></port></ports></host>
<host endtime="1733448998"><address addr="202.46.251.143" addrtype="ipv4"/><ports><port protocol="tcp" portid="5060"><state state="open" reason="syn-ack" reason_ttl="51"/></port></ports></host>
<host endtime="1733449000"><address addr="202.46.15.2" addrtype="ipv4"/><ports><port protocol="tcp" portid="5060"><state state="open" reason="syn-ack" reason_ttl="51"/></port></ports></host>
<host endtime="1733449002"><address addr="202.46.245.68" addrtype="ipv4"/><ports><port protocol="tcp" portid="5060"><state state="open" reason="syn-ack" reason_ttl="51"/></port></ports></host>
<host endtime="1733449004"><address addr="202.46.243.7" addrtype="ipv4"/><ports><port protocol="tcp" portid="5060"><state state="open" reason="syn-ack" reason_ttl="51"/></port></ports></host>
<host endtime="1733449005"><address addr="202.46.245.95" addrtype="ipv4"/><ports><port protocol="tcp" portid="5060"><state state="open" reason="syn-ack" reason_ttl="51"/></port></ports></host>
<host endtime="1733449009"><address addr="199.123.27.191" addrtype="ipv4"/><ports><port protocol="tcp" portid="5060"><state state="open" reason="syn-ack" reason_ttl="229"/></port></ports></host>
<host endtime="1733449009"><address addr="202.46.12.102" addrtype="ipv4"/><ports><port protocol="tcp" portid="5060"><state state="open" reason="syn-ack" reason_ttl="50"/></port></ports></host>
<host endtime="1733449010"><address addr="202.46.6.141" addrtype="ipv4"/><ports><port protocol="tcp" portid="5060"><state state="open" reason="syn-ack" reason_ttl="50"/></port></ports></host>
<host endtime="1733449012"><address addr="202.46.243.9" addrtype="ipv4"/><ports><port protocol="tcp" portid="5060"><state state="open" reason="syn-ack" reason_ttl="51"/></port></ports></host>
<host endtime="1733449012"><address addr="202.46.11.132" addrtype="ipv4"/><ports><port protocol="tcp" portid="5060"><state state="open" reason="syn-ack" reason_ttl="51"/></port></ports></host>
<host endtime="1733449015"><address addr="202.46.252.162" addrtype="ipv4"/><ports><port protocol="tcp" portid="5060"><state state="open" reason="syn-ack" reason_ttl="50"/></port></ports></host>
<host endtime="1733449017"><address addr="103.224.215.81" addrtype="ipv4"/><ports><port protocol="tcp" portid="5060"><state state="open" reason="syn-ack" reason_ttl="48"/></port></ports></host>
<host endtime="1733449019"><address addr="202.46.242.63" addrtype="ipv4"/><ports><port protocol="tcp" portid="5060"><state state="open" reason="syn-ack" reason_ttl="51"/></port></ports></host>
<host endtime="1733449019"><address addr="193.98.229.248" addrtype="ipv4"/><ports><port protocol="tcp" portid="5060"><state state="open" reason="syn-ack" reason_ttl="44"/></port></ports></host>
<host endtime="1733449019"><address addr="199.201.236.34" addrtype="ipv4"/><ports><port protocol="tcp" portid="5060"><state state="open" reason="syn-ack" reason_ttl="47"/></port></ports></host>
<host endtime="1733449021"><address addr="202.46.4.106" addrtype="ipv4"/><ports><port protocol="tcp" portid="5060"><state state="open" reason="syn-ack" reason_ttl="50"/></port></ports></host>
<host endtime="1733449023"><address addr="202.46.5.132" addrtype="ipv4"/><ports><port protocol="tcp" portid="5060"><state state="open" reason="syn-ack" reason_ttl="51"/></port></ports></host>
<host endtime="1733449028"><address addr="202.46.244.100" addrtype="ipv4"/><ports><port protocol="tcp" portid="5060"><state state="open" reason="syn-ack" reason_ttl="51"/></port></ports></host>
<host endtime="1733449031"><address addr="199.123.24.119" addrtype="ipv4"/><ports><port protocol="tcp" portid="5060"><state state="open" reason="syn-ack" reason_ttl="229"/></port></ports></host>
<host endtime="1733449034"><address addr="199.201.236.167" addrtype="ipv4"/><ports><port protocol="tcp" portid="5060"><state state="open" reason="syn-ack" reason_ttl="47"/></port></ports></host>
<host endtime="1733449034"><address addr="202.46.249.200" addrtype="ipv4"/><ports><port protocol="tcp" portid="5060"><state state="open" reason="syn-ack" reason_ttl="51"/></port></ports></host>
<host endtime="1733449037"><address addr="202.46.12.194" addrtype="ipv4"/><ports><port protocol="tcp" portid="5060"><state state="open" reason="syn-ack" reason_ttl="51"/></port></ports></host>
<host endtime="1733449040"><address addr="103.83.19.133" addrtype="ipv4"/><ports><port protocol="tcp" portid="5060"><state state="open" reason="syn-ack" reason_ttl="48"/></port></ports></host>
<host endtime="1733449043"><address addr="202.46.252.20" addrtype="ipv4"/><ports><port protocol="tcp" portid="5060"><state state="open" reason="syn-ack" reason_ttl="51"/></port></ports></host>
<host endtime="1733449044"><address addr="202.46.255.168" addrtype="ipv4"/><ports><port protocol="tcp" portid="5060"><state state="open" reason="syn-ack" reason_ttl="50"/></port></ports></host>
<host endtime="1733449047"><address addr="202.46.254.195" addrtype="ipv4"/><ports><port protocol="tcp" portid="5060"><state state="open" reason="syn-ack" reason_ttl="51"/></port></ports></host>
<host endtime="1733449055"><address addr="202.46.3.212" addrtype="ipv4"/><ports><port protocol="tcp" portid="5060"><state state="open" reason="syn-ack" reason_ttl="50"/></port></ports></host>
<host endtime="1733449057"><address addr="202.46.5.247" addrtype="ipv4"/><ports><port protocol="tcp" portid="5060"><state state="open" reason="syn-ack" reason_ttl="51"/></port></ports></host>
<host endtime="1733449058"><address addr="202.46.246.57" addrtype="ipv4"/><ports><port protocol="tcp" portid="5060"><state state="open" reason="syn-ack" reason_ttl="50"/></port></ports></host>
<host endtime="1733449059"><address addr="202.46.251.17" addrtype="ipv4"/><ports><port protocol="tcp" portid="5060"><state state="open" reason="syn-ack" reason_ttl="50"/></port></ports></host>
<host endtime="1733449059"><address addr="202.46.14.88" addrtype="ipv4"/><ports><port protocol="tcp" portid="5060"><state state="open" reason="syn-ack" reason_ttl="50"/></port></ports></host>
<host endtime="1733449059"><address addr="202.46.240.125" addrtype="ipv4"/><ports><port protocol="tcp" portid="5060"><state state="open" reason="syn-ack" reason_ttl="51"/></port></ports></host>
<host endtime="1733449061"><address addr="103.224.214.127" addrtype="ipv4"/><ports><port protocol="tcp" portid="5060"><state state="open" reason="syn-ack" reason_ttl="48"/></port></ports></host>
<host endtime="1733449062"><address addr="202.46.244.65" addrtype="ipv4"/><ports><port protocol="tcp" portid="5060"><state state="open" reason="syn-ack" reason_ttl="50"/></port></ports></host>
<host endtime="1733449063"><address addr="202.46.252.14" addrtype="ipv4"/><ports><port protocol="tcp" portid="5060"><state state="open" reason="syn-ack" reason_ttl="51"/></port></ports></host>
<host endtime="1733449064"><address addr="103.83.18.121" addrtype="ipv4"/><ports><port protocol="tcp" portid="5060"><state state="open" reason="syn-ack" reason_ttl="48"/></port></ports></host>
<host endtime="1733449065"><address addr="202.46.243.150" addrtype="ipv4"/><ports><port protocol="tcp" portid="5060"><state state="open" reason="syn-ack" reason_ttl="50"/></port></ports></host>
<host endtime="1733449067"><address addr="199.123.25.245" addrtype="ipv4"/><ports><port protocol="tcp" portid="5060"><state state="open" reason="syn-ack" reason_ttl="229"/></port></ports></host>
<host endtime="1733449068"><address addr="202.46.254.34" addrtype="ipv4"/><ports><port protocol="tcp" portid="5060"><state state="open" reason="syn-ack" reason_ttl="51"/></port></ports></host>
<host endtime="1733449069"><address addr="199.123.26.72" addrtype="ipv4"/><ports><port protocol="tcp" portid="5060"><state state="open" reason="syn-ack" reason_ttl="229"/></port></ports></host>
<host endtime="1733449070"><address addr="202.46.242.38" addrtype="ipv4"/><ports><port protocol="tcp" portid="5060"><state state="open" reason="syn-ack" reason_ttl="50"/></port></ports></host>
<host endtime="1733449073"><address addr="202.46.245.132" addrtype="ipv4"/><ports><port protocol="tcp" portid="5060"><state state="open" reason="syn-ack" reason_ttl="51"/></port></ports></host>
<host endtime="1733449073"><address addr="202.46.242.83" addrtype="ipv4"/><ports><port protocol="tcp" portid="5060"><state state="open" reason="syn-ack" reason_ttl="51"/></port></ports></host>
<host endtime="1733449075"><address addr="193.98.229.149" addrtype="ipv4"/><ports><port protocol="tcp" portid="5061"><state state="open" reason="syn-ack" reason_ttl="49"/></port></ports></host>
<host endtime="1733449077"><address addr="103.177.50.27" addrtype="ipv4"/><ports><port protocol="tcp" portid="5061"><state state="open" reason="syn-ack" reason_ttl="57"/></port></ports></host>
<host endtime="1733449077"><address addr="202.46.8.27" addrtype="ipv4"/><ports><port protocol="tcp" portid="5061"><state state="open" reason="syn-ack" reason_ttl="49"/></port></ports></host>
<host endtime="1733449078"><address addr="199.123.24.40" addrtype="ipv4"/><ports><port protocol="tcp" portid="5060"><state state="open" reason="syn-ack" reason_ttl="229"/></port></ports></host>
<host endtime="1733449080"><address addr="103.224.215.129" addrtype="ipv4"/><ports><port protocol="tcp" portid="5060"><state state="open" reason="syn-ack" reason_ttl="48"/></port></ports></host>
<host endtime="1733449080"><address addr="199.201.236.245" addrtype="ipv4"/><ports><port protocol="tcp" portid="5060"><state state="open" reason="syn-ack" reason_ttl="47"/></port></ports></host>
<host endtime="1733449082"><address addr="202.46.248.197" addrtype="ipv4"/><ports><port protocol="tcp" portid="5060"><state state="open" reason="syn-ack" reason_ttl="50"/></port></ports></host>
<host endtime="1733449082"><address addr="199.123.24.143" addrtype="ipv4"/><ports><port protocol="tcp" portid="5060"><state state="open" reason="syn-ack" reason_ttl="229"/></port></ports></host>
<host endtime="1733449082"><address addr="193.98.229.1" addrtype="ipv4"/><ports><port protocol="tcp" portid="5061"><state state="open" reason="syn-ack" reason_ttl="48"/></port></ports></host>
<host endtime="1733449084"><address addr="202.46.4.203" addrtype="ipv4"/><ports><port protocol="tcp" portid="5060"><state state="open" reason="syn-ack" reason_ttl="51"/></port></ports></host>
<host endtime="1733449086"><address addr="202.46.6.236" addrtype="ipv4"/><ports><port protocol="tcp" portid="5060"><state state="open" reason="syn-ack" reason_ttl="50"/></port></ports></host>
<host endtime="1733449089"><address addr="202.46.247.112" addrtype="ipv4"/><ports><port protocol="tcp" portid="5060"><state state="open" reason="syn-ack" reason_ttl="51"/></port></ports></host>
<host endtime="1733449090"><address addr="193.98.229.90" addrtype="ipv4"/><ports><port protocol="tcp" portid="5060"><state state="open" reason="syn-ack" reason_ttl="47"/></port></ports></host>
<host endtime="1733449093"><address addr="202.46.13.229" addrtype="ipv4"/><ports><port protocol="tcp" portid="5060"><state state="open" reason="syn-ack" reason_ttl="50"/></port></ports></host>
<host endtime="1733449095"><address addr="202.46.248.91" addrtype="ipv4"/><ports><port protocol="tcp" portid="5060"><state state="open" reason="syn-ack" reason_ttl="50"/></port></ports></host>
<host endtime="1733449096"><address addr="202.46.15.44" addrtype="ipv4"/><ports><port protocol="tcp" portid="5060"><state state="open" reason="syn-ack" reason_ttl="50"/></port></ports></host>
<host endtime="1733449096"><address addr="199.123.26.153" addrtype="ipv4"/><ports><port protocol="tcp" portid="5060"><state state="open" reason="syn-ack" reason_ttl="229"/></port></ports></host>
<host endtime="1733449096"><address addr="202.46.6.241" addrtype="ipv4"/><ports><port protocol="tcp" portid="5060"><state state="open" reason="syn-ack" reason_ttl="51"/></port></ports></host>
<host endtime="1733449101"><address addr="202.46.15.14" addrtype="ipv4"/><ports><port protocol="tcp" portid="5060"><state state="open" reason="syn-ack" reason_ttl="51"/></port></ports></host>
<host endtime="1733449106"><address addr="199.123.25.154" addrtype="ipv4"/><ports><port protocol="tcp" portid="5060"><state state="open" reason="syn-ack" reason_ttl="229"/></port></ports></host>
<host endtime="1733449106"><address addr="202.46.241.219" addrtype="ipv4"/><ports><port protocol="tcp" portid="5060"><state state="open" reason="syn-ack" reason_ttl="50"/></port></ports></host>
<host endtime="1733449109"><address addr="202.46.12.113" addrtype="ipv4"/><ports><port protocol="tcp" portid="5060"><state state="open" reason="syn-ack" reason_ttl="50"/></port></ports></host>
<host endtime="1733449109"><address addr="202.46.7.143" addrtype="ipv4"/><ports><port protocol="tcp" portid="5060"><state state="open" reason="syn-ack" reason_ttl="51"/></port></ports></host>
<host endtime="1733449110"><address addr="202.46.252.38" addrtype="ipv4"/><ports><port protocol="tcp" portid="5060"><state state="open" reason="syn-ack" reason_ttl="50"/></port></ports></host>
<host endtime="1733449111"><address addr="193.103.200.192" addrtype="ipv4"/><ports><port protocol="tcp" portid="5060"><state state="open" reason="syn-ack" reason_ttl="52"/></port></ports></host>
<host endtime="1733449112"><address addr="202.46.252.108" addrtype="ipv4"/><ports><port protocol="tcp" portid="5060"><state state="open" reason="syn-ack" reason_ttl="51"/></port></ports></host>
<host endtime="1733449112"><address addr="202.46.248.103" addrtype="ipv4"/><ports><port protocol="tcp" portid="5060"><state state="open" reason="syn-ack" reason_ttl="50"/></port></ports></host>
<host endtime="1733449114"><address addr="202.46.250.230" addrtype="ipv4"/><ports><port protocol="tcp" portid="5060"><state state="open" reason="syn-ack" reason_ttl="50"/></port></ports></host>
<host endtime="1733449115"><address addr="202.46.241.166" addrtype="ipv4"/><ports><port protocol="tcp" portid="5060"><state state="open" reason="syn-ack" reason_ttl="51"/></port></ports></host>
<host endtime="1733449122"><address addr="202.46.247.205" addrtype="ipv4"/><ports><port protocol="tcp" portid="5060"><state state="open" reason="syn-ack" reason_ttl="51"/></port></ports></host>
<host endtime="1733449124"><address addr="202.46.0.197" addrtype="ipv4"/><ports><port protocol="tcp" portid="5060"><state state="open" reason="syn-ack" reason_ttl="50"/></port></ports></host>
<host endtime="1733449124"><address addr="202.46.15.153" addrtype="ipv4"/><ports><port protocol="tcp" portid="5060"><state state="open" reason="syn-ack" reason_ttl="51"/></port></ports></host>
<host endtime="1733449126"><address addr="202.46.2.109" addrtype="ipv4"/><ports><port protocol="tcp" portid="5060"><state state="open" reason="syn-ack" reason_ttl="50"/></port></ports></host>
<host endtime="1733449127"><address addr="202.46.253.227" addrtype="ipv4"/><ports><port protocol="tcp" portid="5060"><state state="open" reason="syn-ack" reason_ttl="50"/></port></ports></host>
<host endtime="1733449128"><address addr="103.83.19.138" addrtype="ipv4"/><ports><port protocol="tcp" portid="5060"><state state="open" reason="syn-ack" reason_ttl="48"/></port></ports></host>
<host endtime="1733449130"><address addr="202.46.249.216" addrtype="ipv4"/><ports><port protocol="tcp" portid="5060"><state state="open" reason="syn-ack" reason_ttl="50"/></port></ports></host>
<host endtime="1733449131"><address addr="202.46.253.74" addrtype="ipv4"/><ports><port protocol="tcp" portid="5060"><state state="open" reason="syn-ack" reason_ttl="50"/></port></ports></host>
<host endtime="1733449133"><address addr="202.46.0.116" addrtype="ipv4"/><ports><port protocol="tcp" portid="5060"><state state="open" reason="syn-ack" reason_ttl="50"/></port></ports></host>
<host endtime="1733449134"><address addr="202.46.13.194" addrtype="ipv4"/><ports><port protocol="tcp" portid="5060"><state state="open" reason="syn-ack" reason_ttl="51"/></port></ports></host>
<host endtime="1733449136"><address addr="193.103.200.22" addrtype="ipv4"/><ports><port protocol="tcp" portid="5060"><state state="open" reason="syn-ack" reason_ttl="52"/></port></ports></host>
<host endtime="1733449137"><address addr="202.46.243.235" addrtype="ipv4"/><ports><port protocol="tcp" portid="5060"><state state="open" reason="syn-ack" reason_ttl="51"/></port></ports></host>
<host endtime="1733449137"><address addr="202.46.9.50" addrtype="ipv4"/><ports><port protocol="tcp" portid="5060"><state state="open" reason="syn-ack" reason_ttl="51"/></port></ports></host>
<host endtime="1733449138"><address addr="202.46.4.220" addrtype="ipv4"/><ports><port protocol="tcp" portid="5060"><state state="open" reason="syn-ack" reason_ttl="50"/></port></ports></host>
<host endtime="1733449144"><address addr="199.123.24.79" addrtype="ipv4"/><ports><port protocol="tcp" portid="5060"><state state="open" reason="syn-ack" reason_ttl="229"/></port></ports></host>
<host endtime="1733449144"><address addr="193.97.171.21" addrtype="ipv4"/><ports><port protocol="tcp" portid="5060"><state state="open" reason="syn-ack" reason_ttl="240"/></port></ports></host>
<host endtime="1733449145"><address addr="193.98.229.88" addrtype="ipv4"/><ports><port protocol="tcp" portid="5060"><state state="open" reason="syn-ack" reason_ttl="44"/></port></ports></host>
<host endtime="1733449151"><address addr="202.46.14.142" addrtype="ipv4"/><ports><port protocol="tcp" portid="5060"><state state="open" reason="syn-ack" reason_ttl="50"/></port></ports></host>
<host endtime="1733449152"><address addr="193.103.200.0" addrtype="ipv4"/><ports><port protocol="tcp" portid="5060"><state state="open" reason="syn-ack" reason_ttl="54"/></port></ports></host>
<host endtime="1733449154"><address addr="202.46.242.82" addrtype="ipv4"/><ports><port protocol="tcp" portid="5060"><state state="open" reason="syn-ack" reason_ttl="50"/></port></ports></host>
<host endtime="1733449157"><address addr="202.46.1.171" addrtype="ipv4"/><ports><port protocol="tcp" portid="5060"><state state="open" reason="syn-ack" reason_ttl="51"/></port></ports></host>
<host endtime="1733449157"><address addr="202.46.8.71" addrtype="ipv4"/><ports><port protocol="tcp" portid="5060"><state state="open" reason="syn-ack" reason_ttl="51"/></port></ports></host>
<host endtime="1733449157"><address addr="202.46.3.223" addrtype="ipv4"/><ports><port protocol="tcp" portid="5060"><state state="open" reason="syn-ack" reason_ttl="50"/></port></ports></host>
<host endtime="1733449158"><address addr="199.123.24.171" addrtype="ipv4"/><ports><port protocol="tcp" portid="5060"><state state="open" reason="syn-ack" reason_ttl="229"/></port></ports></host>
<host endtime="1733449161"><address addr="202.46.11.87" addrtype="ipv4"/><ports><port protocol="tcp" portid="5060"><state state="open" reason="syn-ack" reason_ttl="51"/></port></ports></host>
<host endtime="1733449162"><address addr="202.46.240.131" addrtype="ipv4"/><ports><port protocol="tcp" portid="5060"><state state="open" reason="syn-ack" reason_ttl="51"/></port></ports></host>
<host endtime="1733449163"><address addr="202.46.7.212" addrtype="ipv4"/><ports><port protocol="tcp" portid="5060"><state state="open" reason="syn-ack" reason_ttl="51"/></port></ports></host>
<host endtime="1733449164"><address addr="103.177.50.18" addrtype="ipv4"/><ports><port protocol="tcp" portid="5061"><state state="open" reason="syn-ack" reason_ttl="120"/></port></ports></host>
<host endtime="1733449167"><address addr="202.46.12.236" addrtype="ipv4"/><ports><port protocol="tcp" portid="5060"><state state="open" reason="syn-ack" reason_ttl="50"/></port></ports></host>
<host endtime="1733449173"><address addr="202.46.242.143" addrtype="ipv4"/><ports><port protocol="tcp" portid="5060"><state state="open" reason="syn-ack" reason_ttl="51"/></port></ports></host>
<host endtime="1733449173"><address addr="202.46.247.188" addrtype="ipv4"/><ports><port protocol="tcp" portid="5060"><state state="open" reason="syn-ack" reason_ttl="51"/></port></ports></host>
<host endtime="1733449174"><address addr="193.98.229.43" addrtype="ipv4"/><ports><port protocol="tcp" portid="5060"><state state="open" reason="syn-ack" reason_ttl="48"/></port></ports></host>
<host endtime="1733449175"><address addr="199.201.237.110" addrtype="ipv4"/><ports><port protocol="tcp" portid="5060"><state state="open" reason="syn-ack" reason_ttl="47"/></port></ports></host>
<host endtime="1733449176"><address addr="199.123.27.99" addrtype="ipv4"/><ports><port protocol="tcp" portid="5060"><state state="open" reason="syn-ack" reason_ttl="229"/></port></ports></host>
<host endtime="1733449176"><address addr="202.46.246.205" addrtype="ipv4"/><ports><port protocol="tcp" portid="5060"><state state="open" reason="syn-ack" reason_ttl="51"/></port></ports></host>
<host endtime="1733449177"><address addr="202.46.253.173" addrtype="ipv4"/><ports><port protocol="tcp" portid="5060"><state state="open" reason="syn-ack" reason_ttl="50"/></port></ports></host>
<host endtime="1733449185"><address addr="199.123.24.4" addrtype="ipv4"/><ports><port protocol="tcp" portid="5060"><state state="open" reason="syn-ack" reason_ttl="229"/></port></ports></host>
<host endtime="1733449188"><address addr="202.46.254.35" addrtype="ipv4"/><ports><port protocol="tcp" portid="5060"><state state="open" reason="syn-ack" reason_ttl="51"/></port></ports></host>
<host endtime="1733449190"><address addr="202.46.7.113" addrtype="ipv4"/><ports><port protocol="tcp" portid="5060"><state state="open" reason="syn-ack" reason_ttl="51"/></port></ports></host>
<host endtime="1733449192"><address addr="202.46.247.176" addrtype="ipv4"/><ports><port protocol="tcp" portid="5060"><state state="open" reason="syn-ack" reason_ttl="51"/></port></ports></host>
<host endtime="1733449192"><address addr="202.46.251.233" addrtype="ipv4"/><ports><port protocol="tcp" portid="5060"><state state="open" reason="syn-ack" reason_ttl="51"/></port></ports></host>
<host endtime="1733449193"><address addr="202.46.1.81" addrtype="ipv4"/><ports><port protocol="tcp" portid="5060"><state state="open" reason="syn-ack" reason_ttl="50"/></port></ports></host>
<host endtime="1733449195"><address addr="202.46.249.96" addrtype="ipv4"/><ports><port protocol="tcp" portid="5060"><state state="open" reason="syn-ack" reason_ttl="51"/></port></ports></host>
<host endtime="1733449196"><address addr="202.46.245.80" addrtype="ipv4"/><ports><port protocol="tcp" portid="5060"><state state="open" reason="syn-ack" reason_ttl="51"/></port></ports></host>
<host endtime="1733449198"><address addr="202.46.247.179" addrtype="ipv4"/><ports><port protocol="tcp" portid="5060"><state state="open" reason="syn-ack" reason_ttl="51"/></port></ports></host>
<host endtime="1733449199"><address addr="202.46.7.190" addrtype="ipv4"/><ports><port protocol="tcp" portid="5060"><state state="open" reason="syn-ack" reason_ttl="51"/></port></ports></host>
<host endtime="1733449200"><address addr="202.46.246.25" addrtype="ipv4"/><ports><port protocol="tcp" portid="5060"><state state="open" reason="syn-ack" reason_ttl="51"/></port></ports></host>
<host endtime="1733449201"><address addr="202.46.255.99" addrtype="ipv4"/><ports><port protocol="tcp" portid="5060"><state state="open" reason="syn-ack" reason_ttl="51"/></port></ports></host>
<host endtime="1733449203"><address addr="202.46.242.5" addrtype="ipv4"/><ports><port protocol="tcp" portid="5060"><state state="open" reason="syn-ack" reason_ttl="51"/></port></ports></host>
<host endtime="1733449206"><address addr="202.46.10.116" addrtype="ipv4"/><ports><port protocol="tcp" portid="5060"><state state="open" reason="syn-ack" reason_ttl="50"/></port></ports></host>
<host endtime="1733449207"><address addr="202.46.248.118" addrtype="ipv4"/><ports><port protocol="tcp" portid="5060"><state state="open" reason="syn-ack" reason_ttl="51"/></port></ports></host>
<host endtime="1733449214"><address addr="202.46.9.73" addrtype="ipv4"/><ports><port protocol="tcp" portid="5060"><state state="open" reason="syn-ack" reason_ttl="51"/></port></ports></host>
<host endtime="1733449217"><address addr="202.46.1.107" addrtype="ipv4"/><ports><port protocol="tcp" portid="5060"><state state="open" reason="syn-ack" reason_ttl="50"/></port></ports></host>
<host endtime="1733449218"><address addr="202.46.249.84" addrtype="ipv4"/><ports><port protocol="tcp" portid="5060"><state state="open" reason="syn-ack" reason_ttl="51"/></port></ports></host>
<host endtime="1733449220"><address addr="202.46.10.22" addrtype="ipv4"/><ports><port protocol="tcp" portid="5060"><state state="open" reason="syn-ack" reason_ttl="50"/></port></ports></host>
<host endtime="1733449222"><address addr="202.46.254.87" addrtype="ipv4"/><ports><port protocol="tcp" portid="5060"><state state="open" reason="syn-ack" reason_ttl="50"/></port></ports></host>
<host endtime="1733449222"><address addr="103.110.61.64" addrtype="ipv4"/><ports><port protocol="tcp" portid="5061"><state state="open" reason="syn-ack" reason_ttl="242"/></port></ports></host>
<host endtime="1733449226"><address addr="103.224.214.27" addrtype="ipv4"/><ports><port protocol="tcp" portid="5060"><state state="open" reason="syn-ack" reason_ttl="48"/></port></ports></host>
<host endtime="1733449227"><address addr="202.46.4.11" addrtype="ipv4"/><ports><port protocol="tcp" portid="5060"><state state="open" reason="syn-ack" reason_ttl="51"/></port></ports></host>
<host endtime="1733449229"><address addr="193.98.229.160" addrtype="ipv4"/><ports><port protocol="tcp" portid="5060"><state state="open" reason="syn-ack" reason_ttl="47"/></port></ports></host>
<host endtime="1733449230"><address addr="193.103.200.132" addrtype="ipv4"/><ports><port protocol="tcp" portid="5060"><state state="open" reason="syn-ack" reason_ttl="54"/></port></ports></host>
<host endtime="1733449232"><address addr="202.46.0.225" addrtype="ipv4"/><ports><port protocol="tcp" portid="5060"><state state="open" reason="syn-ack" reason_ttl="51"/></port></ports></host>
<host endtime="1733449233"><address addr="202.46.241.191" addrtype="ipv4"/><ports><port protocol="tcp" portid="5060"><state state="open" reason="syn-ack" reason_ttl="51"/></port></ports></host>
<host endtime="1733449233"><address addr="202.46.8.106" addrtype="ipv4"/><ports><port protocol="tcp" portid="5060"><state state="open" reason="syn-ack" reason_ttl="51"/></port></ports></host>
<host endtime="1733449234"><address addr="202.46.14.161" addrtype="ipv4"/><ports><port protocol="tcp" portid="5060"><state state="open" reason="syn-ack" reason_ttl="51"/></port></ports></host>
<host endtime="1733449235"><address addr="202.46.13.152" addrtype="ipv4"/><ports><port protocol="tcp" portid="5060"><state state="open" reason="syn-ack" reason_ttl="51"/></port></ports></host>
<host endtime="1733449237"><address addr="103.83.19.163" addrtype="ipv4"/><ports><port protocol="tcp" portid="5060"><state state="open" reason="syn-ack" reason_ttl="48"/></port></ports></host>
<host endtime="1733449241"><address addr="199.123.26.177" addrtype="ipv4"/><ports><port protocol="tcp" portid="5060"><state state="open" reason="syn-ack" reason_ttl="229"/></port></ports></host>
<host endtime="1733449242"><address addr="199.123.27.227" addrtype="ipv4"/><ports><port protocol="tcp" portid="5060"><state state="open" reason="syn-ack" reason_ttl="229"/></port></ports></host>
<host endtime="1733449245"><address addr="202.46.14.167" addrtype="ipv4"/><ports><port protocol="tcp" portid="5060"><state state="open" reason="syn-ack" reason_ttl="51"/></port></ports></host>
<host endtime="1733449248"><address addr="202.46.0.102" addrtype="ipv4"/><ports><port protocol="tcp" portid="5060"><state state="open" reason="syn-ack" reason_ttl="50"/></port></ports></host>
<host endtime="1733449248"><address addr="202.46.244.26" addrtype="ipv4"/><ports><port protocol="tcp" portid="5060"><state state="open" reason="syn-ack" reason_ttl="51"/></port></ports></host>
<host endtime="1733449248"><address addr="193.103.200.188" addrtype="ipv4"/><ports><port protocol="tcp" portid="5060"><state state="open" reason="syn-ack" reason_ttl="52"/></port></ports></host>
<host endtime="1733449251"><address addr="202.46.1.135" addrtype="ipv4"/><ports><port protocol="tcp" portid="5060"><state state="open" reason="syn-ack" reason_ttl="50"/></port></ports></host>
<host endtime="1733449253"><address addr="202.46.245.115" addrtype="ipv4"/><ports><port protocol="tcp" portid="5060"><state state="open" reason="syn-ack" reason_ttl="50"/></port></ports></host>
<host endtime="1733449254"><address addr="202.46.13.156" addrtype="ipv4"/><ports><port protocol="tcp" portid="5060"><state state="open" reason="syn-ack" reason_ttl="51"/></port></ports></host>
<host endtime="1733449256"><address addr="202.46.243.22" addrtype="ipv4"/><ports><port protocol="tcp" portid="5060"><state state="open" reason="syn-ack" reason_ttl="50"/></port></ports></host>
<host endtime="1733449256"><address addr="202.46.8.54" addrtype="ipv4"/><ports><port protocol="tcp" portid="5060"><state state="open" reason="syn-ack" reason_ttl="51"/></port></ports></host>
<host endtime="1733449258"><address addr="103.224.214.106" addrtype="ipv4"/><ports><port protocol="tcp" portid="5060"><state state="open" reason="syn-ack" reason_ttl="48"/></port></ports></host>
<host endtime="1733449260"><address addr="202.46.246.183" addrtype="ipv4"/><ports><port protocol="tcp" portid="5060"><state state="open" reason="syn-ack" reason_ttl="51"/></port></ports></host>
<host endtime="1733449260"><address addr="202.46.252.188" addrtype="ipv4"/><ports><port protocol="tcp" portid="5060"><state state="open" reason="syn-ack" reason_ttl="50"/></port></ports></host>
<host endtime="1733449260"><address addr="202.46.248.168" addrtype="ipv4"/><ports><port protocol="tcp" portid="5060"><state state="open" reason="syn-ack" reason_ttl="51"/></port></ports></host>
<host endtime="1733449260"><address addr="202.46.244.152" addrtype="ipv4"/><ports><port protocol="tcp" portid="5060"><state state="open" reason="syn-ack" reason_ttl="51"/></port></ports></host>
<host endtime="1733449261"><address addr="103.83.19.131" addrtype="ipv4"/><ports><port protocol="tcp" portid="5060"><state state="open" reason="syn-ack" reason_ttl="48"/></port></ports></host>
<host endtime="1733449262"><address addr="202.46.253.49" addrtype="ipv4"/><ports><port protocol="tcp" portid="5060"><state state="open" reason="syn-ack" reason_ttl="51"/></port></ports></host>
<host endtime="1733449266"><address addr="202.46.242.209" addrtype="ipv4"/><ports><port protocol="tcp" portid="5060"><state state="open" reason="syn-ack" reason_ttl="51"/></port></ports></host>
<host endtime="1733449272"><address addr="202.46.0.17" addrtype="ipv4"/><ports><port protocol="tcp" portid="5060"><state state="open" reason="syn-ack" reason_ttl="51"/></port></ports></host>
<host endtime="1733449273"><address addr="41.138.192.44" addrtype="ipv4"/><ports><port protocol="tcp" portid="5060"><state state="open" reason="syn-ack" reason_ttl="43"/></port></ports></host>
<host endtime="1733449273"><address addr="202.46.7.220" addrtype="ipv4"/><ports><port protocol="tcp" portid="5060"><state state="open" reason="syn-ack" reason_ttl="50"/></port></ports></host>
<host endtime="1733449274"><address addr="202.46.250.247" addrtype="ipv4"/><ports><port protocol="tcp" portid="5060"><state state="open" reason="syn-ack" reason_ttl="51"/></port></ports></host>
<host endtime="1733449278"><address addr="202.46.250.138" addrtype="ipv4"/><ports><port protocol="tcp" portid="5060"><state state="open" reason="syn-ack" reason_ttl="50"/></port></ports></host>
<host endtime="1733449278"><address addr="202.46.14.91" addrtype="ipv4"/><ports><port protocol="tcp" portid="5060"><state state="open" reason="syn-ack" reason_ttl="50"/></port></ports></host>
<host endtime="1733449280"><address addr="103.83.19.188" addrtype="ipv4"/><ports><port protocol="tcp" portid="5060"><state state="open" reason="syn-ack" reason_ttl="48"/></port></ports></host>
<host endtime="1733449281"><address addr="202.46.14.132" addrtype="ipv4"/><ports><port protocol="tcp" portid="5060"><state state="open" reason="syn-ack" reason_ttl="50"/></port></ports></host>
<host endtime="1733449281"><address addr="202.46.15.195" addrtype="ipv4"/><ports><port protocol="tcp" portid="5060"><state state="open" reason="syn-ack" reason_ttl="51"/></port></ports></host>
<host endtime="1733449283"><address addr="202.46.244.20" addrtype="ipv4"/><ports><port protocol="tcp" portid="5060"><state state="open" reason="syn-ack" reason_ttl="50"/></port></ports></host>
<host endtime="1733449284"><address addr="202.46.240.237" addrtype="ipv4"/><ports><port protocol="tcp" portid="5060"><state state="open" reason="syn-ack" reason_ttl="51"/></port></ports></host>
<host endtime="1733449287"><address addr="199.123.25.117" addrtype="ipv4"/><ports><port protocol="tcp" portid="5060"><state state="open" reason="syn-ack" reason_ttl="229"/></port></ports></host>
<host endtime="1733449291"><address addr="193.103.200.7" addrtype="ipv4"/><ports><port protocol="tcp" portid="5060"><state state="open" reason="syn-ack" reason_ttl="54"/></port></ports></host>
<host endtime="1733449293"><address addr="202.46.245.66" addrtype="ipv4"/><ports><port protocol="tcp" portid="5060"><state state="open" reason="syn-ack" reason_ttl="51"/></port></ports></host>
<host endtime="1733449294"><address addr="202.46.15.62" addrtype="ipv4"/><ports><port protocol="tcp" portid="5060"><state state="open" reason="syn-ack" reason_ttl="50"/></port></ports></host>
<host endtime="1733449294"><address addr="202.46.250.142" addrtype="ipv4"/><ports><port protocol="tcp" portid="5060"><state state="open" reason="syn-ack" reason_ttl="51"/></port></ports></host>
<host endtime="1733449296"><address addr="202.46.7.78" addrtype="ipv4"/><ports><port protocol="tcp" portid="5060"><state state="open" reason="syn-ack" reason_ttl="51"/></port></ports></host>
<host endtime="1733449297"><address addr="202.46.14.17" addrtype="ipv4"/><ports><port protocol="tcp" portid="5060"><state state="open" reason="syn-ack" reason_ttl="51"/></port></ports></host>
<host endtime="1733449298"><address addr="202.46.242.32" addrtype="ipv4"/><ports><port protocol="tcp" portid="5060"><state state="open" reason="syn-ack" reason_ttl="51"/></port></ports></host>
<host endtime="1733449300"><address addr="199.123.24.91" addrtype="ipv4"/><ports><port protocol="tcp" portid="5060"><state state="open" reason="syn-ack" reason_ttl="229"/></port></ports></host>
<host endtime="1733449303"><address addr="103.224.214.140" addrtype="ipv4"/><ports><port protocol="tcp" portid="5060"><state state="open" reason="syn-ack" reason_ttl="48"/></port></ports></host>
<host endtime="1733449305"><address addr="199.123.26.227" addrtype="ipv4"/><ports><port protocol="tcp" portid="5060"><state state="open" reason="syn-ack" reason_ttl="229"/></port></ports></host>
<host endtime="1733449305"><address addr="193.98.116.83" addrtype="ipv4"/><ports><port protocol="tcp" portid="5060"><state state="open" reason="syn-ack" reason_ttl="48"/></port></ports></host>
<host endtime="1733449308"><address addr="199.201.236.70" addrtype="ipv4"/><ports><port protocol="tcp" portid="5060"><state state="open" reason="syn-ack" reason_ttl="47"/></port></ports></host>
<host endtime="1733449308"><address addr="202.46.10.155" addrtype="ipv4"/><ports><port protocol="tcp" portid="5060"><state state="open" reason="syn-ack" reason_ttl="50"/></port></ports></host>
<host endtime="1733449321"><address addr="202.46.242.222" addrtype="ipv4"/><ports><port protocol="tcp" portid="5060"><state state="open" reason="syn-ack" reason_ttl="51"/></port></ports></host>
<host endtime="1733449321"><address addr="103.224.215.94" addrtype="ipv4"/><ports><port protocol="tcp" portid="5060"><state state="open" reason="syn-ack" reason_ttl="48"/></port></ports></host>
<host endtime="1733449331"><address addr="202.46.0.29" addrtype="ipv4"/><ports><port protocol="tcp" portid="5060"><state state="open" reason="syn-ack" reason_ttl="50"/></port></ports></host>
<host endtime="1733449331"><address addr="202.46.245.60" addrtype="ipv4"/><ports><port protocol="tcp" portid="5060"><state state="open" reason="syn-ack" reason_ttl="51"/></port></ports></host>
<host endtime="1733449332"><address addr="193.103.200.11" addrtype="ipv4"/><ports><port protocol="tcp" portid="5060"><state state="open" reason="syn-ack" reason_ttl="54"/></port></ports></host>
<host endtime="1733449342"><address addr="202.46.13.217" addrtype="ipv4"/><ports><port protocol="tcp" portid="5060"><state state="open" reason="syn-ack" reason_ttl="51"/></port></ports></host>
<host endtime="1733449343"><address addr="193.103.200.26" addrtype="ipv4"/><ports><port protocol="tcp" portid="5060"><state state="open" reason="syn-ack" reason_ttl="52"/></port></ports></host>
<host endtime="1733449348"><address addr="202.46.0.235" addrtype="ipv4"/><ports><port protocol="tcp" portid="5060"><state state="open" reason="syn-ack" reason_ttl="51"/></port></ports></host>
<host endtime="1733449351"><address addr="202.46.15.118" addrtype="ipv4"/><ports><port protocol="tcp" portid="5060"><state state="open" reason="syn-ack" reason_ttl="51"/></port></ports></host>
<host endtime="1733449353"><address addr="202.46.9.184" addrtype="ipv4"/><ports><port protocol="tcp" portid="5060"><state state="open" reason="syn-ack" reason_ttl="51"/></port></ports></host>
<host endtime="1733449356"><address addr="202.46.15.163" addrtype="ipv4"/><ports><port protocol="tcp" portid="5060"><state state="open" reason="syn-ack" reason_ttl="51"/></port></ports></host>
<host endtime="1733449359"><address addr="199.201.237.89" addrtype="ipv4"/><ports><port protocol="tcp" portid="5060"><state state="open" reason="syn-ack" reason_ttl="47"/></port></ports></host>
<host endtime="1733449362"><address addr="202.46.246.22" addrtype="ipv4"/><ports><port protocol="tcp" portid="5060"><state state="open" reason="syn-ack" reason_ttl="50"/></port></ports></host>
<host endtime="1733449365"><address addr="199.123.26.146" addrtype="ipv4"/><ports><port protocol="tcp" portid="5060"><state state="open" reason="syn-ack" reason_ttl="229"/></port></ports></host>
<host endtime="1733449367"><address addr="199.123.24.112" addrtype="ipv4"/><ports><port protocol="tcp" portid="5060"><state state="open" reason="syn-ack" reason_ttl="229"/></port></ports></host>
<host endtime="1733449369"><address addr="199.123.26.12" addrtype="ipv4"/><ports><port protocol="tcp" portid="5060"><state state="open" reason="syn-ack" reason_ttl="229"/></port></ports></host>
<host endtime="1733449371"><address addr="202.46.243.132" addrtype="ipv4"/><ports><port protocol="tcp" portid="5060"><state state="open" reason="syn-ack" reason_ttl="50"/></port></ports></host>
<host endtime="1733449372"><address addr="202.46.6.112" addrtype="ipv4"/><ports><port protocol="tcp" portid="5060"><state state="open" reason="syn-ack" reason_ttl="50"/></port></ports></host>
<host endtime="1733449373"><address addr="202.46.15.134" addrtype="ipv4"/><ports><port protocol="tcp" portid="5061"><state state="open" reason="syn-ack" reason_ttl="50"/></port></ports></host>
<host endtime="1733449373"><address addr="199.123.26.86" addrtype="ipv4"/><ports><port protocol="tcp" portid="5060"><state state="open" reason="syn-ack" reason_ttl="229"/></port></ports></host>
<host endtime="1733449375"><address addr="202.46.248.184" addrtype="ipv4"/><ports><port protocol="tcp" portid="5060"><state state="open" reason="syn-ack" reason_ttl="51"/></port></ports></host>
<host endtime="1733449375"><address addr="202.46.8.23" addrtype="ipv4"/><ports><port protocol="tcp" portid="5061"><state state="open" reason="syn-ack" reason_ttl="50"/></port></ports></host>
<host endtime="1733449384"><address addr="202.46.248.236" addrtype="ipv4"/><ports><port protocol="tcp" portid="5060"><state state="open" reason="syn-ack" reason_ttl="50"/></port></ports></host>
<host endtime="1733449385"><address addr="202.46.250.86" addrtype="ipv4"/><ports><port protocol="tcp" portid="5060"><state state="open" reason="syn-ack" reason_ttl="50"/></port></ports></host>
<host endtime="1733449387"><address addr="199.123.26.202" addrtype="ipv4"/><ports><port protocol="tcp" portid="5060"><state state="open" reason="syn-ack" reason_ttl="229"/></port></ports></host>
<host endtime="1733449387"><address addr="202.46.3.23" addrtype="ipv4"/><ports><port protocol="tcp" portid="5060"><state state="open" reason="syn-ack" reason_ttl="51"/></port></ports></host>
<host endtime="1733449387"><address addr="199.123.26.201" addrtype="ipv4"/><ports><port protocol="tcp" portid="5060"><state state="open" reason="syn-ack" reason_ttl="229"/></port></ports></host>
<host endtime="1733449388"><address addr="193.98.229.154" addrtype="ipv4"/><ports><port protocol="tcp" portid="5061"><state state="open" reason="syn-ack" reason_ttl="47"/></port></ports></host>
<host endtime="1733449388"><address addr="202.46.242.0" addrtype="ipv4"/><ports><port protocol="tcp" portid="5060"><state state="open" reason="syn-ack" reason_ttl="50"/></port></ports></host>
<host endtime="1733449389"><address addr="202.46.15.51" addrtype="ipv4"/><ports><port protocol="tcp" portid="5060"><state state="open" reason="syn-ack" reason_ttl="50"/></port></ports></host>
<host endtime="1733449390"><address addr="202.46.7.139" addrtype="ipv4"/><ports><port protocol="tcp" portid="5060"><state state="open" reason="syn-ack" reason_ttl="50"/></port></ports></host>
<host endtime="1733449391"><address addr="199.201.236.43" addrtype="ipv4"/><ports><port protocol="tcp" portid="5060"><state state="open" reason="syn-ack" reason_ttl="47"/></port></ports></host>
<host endtime="1733449391"><address addr="103.177.50.71" addrtype="ipv4"/><ports><port protocol="tcp" portid="5061"><state state="open" reason="syn-ack" reason_ttl="57"/></port></ports></host>
<host endtime="1733449392"><address addr="202.46.252.74" addrtype="ipv4"/><ports><port protocol="tcp" portid="5060"><state state="open" reason="syn-ack" reason_ttl="51"/></port></ports></host>
<host endtime="1733449393"><address addr="202.46.255.249" addrtype="ipv4"/><ports><port protocol="tcp" portid="5060"><state state="open" reason="syn-ack" reason_ttl="50"/></port></ports></host>
<host endtime="1733449394"><address addr="202.46.5.176" addrtype="ipv4"/><ports><port protocol="tcp" portid="5060"><state state="open" reason="syn-ack" reason_ttl="51"/></port></ports></host>
<host endtime="1733449398"><address addr="202.46.3.128" addrtype="ipv4"/><ports><port protocol="tcp" portid="5060"><state state="open" reason="syn-ack" reason_ttl="51"/></port></ports></host>
<host endtime="1733449401"><address addr="202.46.2.39" addrtype="ipv4"/><ports><port protocol="tcp" portid="5060"><state state="open" reason="syn-ack" reason_ttl="51"/></port></ports></host>
<host endtime="1733449401"><address addr="202.46.255.179" addrtype="ipv4"/><ports><port protocol="tcp" portid="5060"><state state="open" reason="syn-ack" reason_ttl="50"/></port></ports></host>
<host endtime="1733449407"><address addr="193.98.119.25" addrtype="ipv4"/><ports><port protocol="tcp" portid="5060"><state state="open" reason="syn-ack" reason_ttl="48"/></port></ports></host>
<host endtime="1733449408"><address addr="202.46.15.250" addrtype="ipv4"/><ports><port protocol="tcp" portid="5060"><state state="open" reason="syn-ack" reason_ttl="51"/></port></ports></host>
<host endtime="1733449408"><address addr="193.98.229.79" addrtype="ipv4"/><ports><port protocol="tcp" portid="5060"><state state="open" reason="syn-ack" reason_ttl="48"/></port></ports></host>
<host endtime="1733449410"><address addr="202.46.255.139" addrtype="ipv4"/><ports><port protocol="tcp" portid="5060"><state state="open" reason="syn-ack" reason_ttl="51"/></port></ports></host>
<host endtime="1733449413"><address addr="193.103.200.123" addrtype="ipv4"/><ports><port protocol="tcp" portid="5060"><state state="open" reason="syn-ack" reason_ttl="54"/></port></ports></host>
<host endtime="1733449418"><address addr="202.46.0.223" addrtype="ipv4"/><ports><port protocol="tcp" portid="5060"><state state="open" reason="syn-ack" reason_ttl="51"/></port></ports></host>
<host endtime="1733449418"><address addr="202.46.13.27" addrtype="ipv4"/><ports><port protocol="tcp" portid="5060"><state state="open" reason="syn-ack" reason_ttl="51"/></port></ports></host>
<host endtime="1733449419"><address addr="202.46.253.110" addrtype="ipv4"/><ports><port protocol="tcp" portid="5060"><state state="open" reason="syn-ack" reason_ttl="50"/></port></ports></host>
<host endtime="1733449419"><address addr="202.46.255.106" addrtype="ipv4"/><ports><port protocol="tcp" portid="5060"><state state="open" reason="syn-ack" reason_ttl="51"/></port></ports></host>
<host endtime="1733449419"><address addr="202.46.244.43" addrtype="ipv4"/><ports><port protocol="tcp" portid="5060"><state state="open" reason="syn-ack" reason_ttl="51"/></port></ports></host>
<host endtime="1733449420"><address addr="202.46.15.154" addrtype="ipv4"/><ports><port protocol="tcp" portid="5061"><state state="open" reason="syn-ack" reason_ttl="50"/></port></ports></host>
<host endtime="1733449423"><address addr="202.46.250.104" addrtype="ipv4"/><ports><port protocol="tcp" portid="5060"><state state="open" reason="syn-ack" reason_ttl="51"/></port></ports></host>
<host endtime="1733449425"><address addr="202.46.1.33" addrtype="ipv4"/><ports><port protocol="tcp" portid="5060"><state state="open" reason="syn-ack" reason_ttl="51"/></port></ports></host>
<host endtime="1733449427"><address addr="202.46.5.170" addrtype="ipv4"/><ports><port protocol="tcp" portid="5060"><state state="open" reason="syn-ack" reason_ttl="51"/></port></ports></host>
<host endtime="1733449429"><address addr="202.46.252.190" addrtype="ipv4"/><ports><port protocol="tcp" portid="5060"><state state="open" reason="syn-ack" reason_ttl="51"/></port></ports></host>
<host endtime="1733449430"><address addr="202.46.7.184" addrtype="ipv4"/><ports><port protocol="tcp" portid="5060"><state state="open" reason="syn-ack" reason_ttl="51"/></port></ports></host>
<host endtime="1733449430"><address addr="103.83.19.103" addrtype="ipv4"/><ports><port protocol="tcp" portid="5060"><state state="open" reason="syn-ack" reason_ttl="48"/></port></ports></host>
<host endtime="1733449443"><address addr="103.224.215.150" addrtype="ipv4"/><ports><port protocol="tcp" portid="5060"><state state="open" reason="syn-ack" reason_ttl="48"/></port></ports></host>
<host endtime="1733449445"><address addr="202.46.3.65" addrtype="ipv4"/><ports><port protocol="tcp" portid="5060"><state state="open" reason="syn-ack" reason_ttl="51"/></port></ports></host>
<host endtime="1733449446"><address addr="202.46.250.106" addrtype="ipv4"/><ports><port protocol="tcp" portid="5060"><state state="open" reason="syn-ack" reason_ttl="51"/></port></ports></host>
<host endtime="1733449447"><address addr="202.46.7.75" addrtype="ipv4"/><ports><port protocol="tcp" portid="5060"><state state="open" reason="syn-ack" reason_ttl="51"/></port></ports></host>
<host endtime="1733449448"><address addr="202.46.241.203" addrtype="ipv4"/><ports><port protocol="tcp" portid="5060"><state state="open" reason="syn-ack" reason_ttl="51"/></port></ports></host>
<host endtime="1733449448"><address addr="202.46.241.102" addrtype="ipv4"/><ports><port protocol="tcp" portid="5060"><state state="open" reason="syn-ack" reason_ttl="51"/></port></ports></host>
<host endtime="1733449449"><address addr="193.103.206.206" addrtype="ipv4"/><ports><port protocol="tcp" portid="5060"><state state="open" reason="syn-ack" reason_ttl="54"/></port></ports></host>
<host endtime="1733449454"><address addr="202.46.10.121" addrtype="ipv4"/><ports><port protocol="tcp" portid="5060"><state state="open" reason="syn-ack" reason_ttl="51"/></port></ports></host>
<host endtime="1733449455"><address addr="202.46.247.4" addrtype="ipv4"/><ports><port protocol="tcp" portid="5060"><state state="open" reason="syn-ack" reason_ttl="50"/></port></ports></host>
<host endtime="1733449455"><address addr="202.46.2.11" addrtype="ipv4"/><ports><port protocol="tcp" portid="5060"><state state="open" reason="syn-ack" reason_ttl="51"/></port></ports></host>
<host endtime="1733449458"><address addr="202.46.241.10" addrtype="ipv4"/><ports><port protocol="tcp" portid="5060"><state state="open" reason="syn-ack" reason_ttl="51"/></port></ports></host>
<host endtime="1733449459"><address addr="202.46.247.10" addrtype="ipv4"/><ports><port protocol="tcp" portid="5060"><state state="open" reason="syn-ack" reason_ttl="51"/></port></ports></host>
<host endtime="1733449460"><address addr="103.83.19.90" addrtype="ipv4"/><ports><port protocol="tcp" portid="5060"><state state="open" reason="syn-ack" reason_ttl="48"/></port></ports></host>
<host endtime="1733449461"><address addr="202.46.14.89" addrtype="ipv4"/><ports><port protocol="tcp" portid="5060"><state state="open" reason="syn-ack" reason_ttl="51"/></port></ports></host>
<host endtime="1733449462"><address addr="202.46.241.146" addrtype="ipv4"/><ports><port protocol="tcp" portid="5060"><state state="open" reason="syn-ack" reason_ttl="51"/></port></ports></host>
<host endtime="1733449464"><address addr="202.46.5.251" addrtype="ipv4"/><ports><port protocol="tcp" portid="5060"><state state="open" reason="syn-ack" reason_ttl="51"/></port></ports></host>
<host endtime="1733449465"><address addr="66.43.81.206" addrtype="ipv4"/><ports><port protocol="tcp" portid="5060"><state state="open" reason="syn-ack" reason_ttl="49"/></port></ports></host>
<host endtime="1733449467"><address addr="202.46.242.252" addrtype="ipv4"/><ports><port protocol="tcp" portid="5060"><state state="open" reason="syn-ack" reason_ttl="51"/></port></ports></host>
<host endtime="1733449468"><address addr="202.46.12.101" addrtype="ipv4"/><ports><port protocol="tcp" portid="5060"><state state="open" reason="syn-ack" reason_ttl="51"/></port></ports></host>
<host endtime="1733449475"><address addr="202.46.242.236" addrtype="ipv4"/><ports><port protocol="tcp" portid="5060"><state state="open" reason="syn-ack" reason_ttl="51"/></port></ports></host>
<host endtime="1733449479"><address addr="202.46.241.230" addrtype="ipv4"/><ports><port protocol="tcp" portid="5060"><state state="open" reason="syn-ack" reason_ttl="51"/></port></ports></host>
<host endtime="1733449479"><address addr="202.46.10.112" addrtype="ipv4"/><ports><port protocol="tcp" portid="5060"><state state="open" reason="syn-ack" reason_ttl="50"/></port></ports></host>
<host endtime="1733449479"><address addr="193.103.200.218" addrtype="ipv4"/><ports><port protocol="tcp" portid="5060"><state state="open" reason="syn-ack" reason_ttl="54"/></port></ports></host>
<host endtime="1733449482"><address addr="202.46.2.80" addrtype="ipv4"/><ports><port protocol="tcp" portid="5060"><state state="open" reason="syn-ack" reason_ttl="50"/></port></ports></host>
<host endtime="1733449482"><address addr="202.46.248.171" addrtype="ipv4"/><ports><port protocol="tcp" portid="5060"><state state="open" reason="syn-ack" reason_ttl="50"/></port></ports></host>
<host endtime="1733449485"><address addr="202.46.14.187" addrtype="ipv4"/><ports><port protocol="tcp" portid="5060"><state state="open" reason="syn-ack" reason_ttl="50"/></port></ports></host>
<host endtime="1733449487"><address addr="202.46.241.222" addrtype="ipv4"/><ports><port protocol="tcp" portid="5060"><state state="open" reason="syn-ack" reason_ttl="51"/></port></ports></host>
<host endtime="1733449487"><address addr="193.98.229.120" addrtype="ipv4"/><ports><port protocol="tcp" portid="5060"><state state="open" reason="syn-ack" reason_ttl="48"/></port></ports></host>
<host endtime="1733449489"><address addr="202.46.13.163" addrtype="ipv4"/><ports><port protocol="tcp" portid="5060"><state state="open" reason="syn-ack" reason_ttl="51"/></port></ports></host>
<host endtime="1733449489"><address addr="202.46.5.0" addrtype="ipv4"/><ports><port protocol="tcp" portid="5060"><state state="open" reason="syn-ack" reason_ttl="50"/></port></ports></host>
<host endtime="1733449493"><address addr="199.201.237.40" addrtype="ipv4"/><ports><port protocol="tcp" portid="5060"><state state="open" reason="syn-ack" reason_ttl="47"/></port></ports></host>
<host endtime="1733449495"><address addr="196.195.253.59" addrtype="ipv4"/><ports><port protocol="tcp" portid="5060"><state state="open" reason="syn-ack" reason_ttl="51"/></port></ports></host>
<host endtime="1733449503"><address addr="202.46.1.22" addrtype="ipv4"/><ports><port protocol="tcp" portid="5060"><state state="open" reason="syn-ack" reason_ttl="51"/></port></ports></host>
<host endtime="1733449503"><address addr="202.46.248.55" addrtype="ipv4"/><ports><port protocol="tcp" portid="5060"><state state="open" reason="syn-ack" reason_ttl="51"/></port></ports></host>
<host endtime="1733449508"><address addr="202.46.255.58" addrtype="ipv4"/><ports><port protocol="tcp" portid="5060"><state state="open" reason="syn-ack" reason_ttl="50"/></port></ports></host>
<host endtime="1733449509"><address addr="199.201.236.104" addrtype="ipv4"/><ports><port protocol="tcp" portid="5060"><state state="open" reason="syn-ack" reason_ttl="47"/></port></ports></host>
<host endtime="1733449510"><address addr="202.46.8.226" addrtype="ipv4"/><ports><port protocol="tcp" portid="5060"><state state="open" reason="syn-ack" reason_ttl="51"/></port></ports></host>
<host endtime="1733449518"><address addr="202.46.247.92" addrtype="ipv4"/><ports><port protocol="tcp" portid="5060"><state state="open" reason="syn-ack" reason_ttl="51"/></port></ports></host>
<host endtime="1733449518"><address addr="202.46.2.26" addrtype="ipv4"/><ports><port protocol="tcp" portid="5060"><state state="open" reason="syn-ack" reason_ttl="51"/></port></ports></host>
<host endtime="1733449521"><address addr="199.123.27.163" addrtype="ipv4"/><ports><port protocol="tcp" portid="5060"><state state="open" reason="syn-ack" reason_ttl="229"/></port></ports></host>
<host endtime="1733449522"><address addr="202.46.240.71" addrtype="ipv4"/><ports><port protocol="tcp" portid="5060"><state state="open" reason="syn-ack" reason_ttl="50"/></port></ports></host>
<host endtime="1733449526"><address addr="193.98.229.248" addrtype="ipv4"/><ports><port protocol="tcp" portid="5061"><state state="open" reason="syn-ack" reason_ttl="49"/></port></ports></host>
<host endtime="1733449528"><address addr="202.46.6.130" addrtype="ipv4"/><ports><port protocol="tcp" portid="5060"><state state="open" reason="syn-ack" reason_ttl="51"/></port></ports></host>
<host endtime="1733449532"><address addr="103.224.215.114" addrtype="ipv4"/><ports><port protocol="tcp" portid="5060"><state state="open" reason="syn-ack" reason_ttl="48"/></port></ports></host>
<host endtime="1733449536"><address addr="103.224.214.29" addrtype="ipv4"/><ports><port protocol="tcp" portid="5060"><state state="open" reason="syn-ack" reason_ttl="48"/></port></ports></host>
<host endtime="1733449537"><address addr="202.46.3.192" addrtype="ipv4"/><ports><port protocol="tcp" portid="5060"><state state="open" reason="syn-ack" reason_ttl="51"/></port></ports></host>
<host endtime="1733449541"><address addr="202.46.249.255" addrtype="ipv4"/><ports><port protocol="tcp" portid="5060"><state state="open" reason="syn-ack" reason_ttl="51"/></port></ports></host>
<host endtime="1733449543"><address addr="202.46.249.13" addrtype="ipv4"/><ports><port protocol="tcp" portid="5060"><state state="open" reason="syn-ack" reason_ttl="51"/></port></ports></host>
<host endtime="1733449546"><address addr="202.46.8.31" addrtype="ipv4"/><ports><port protocol="tcp" portid="5061"><state state="open" reason="syn-ack" reason_ttl="50"/></port></ports></host>
<host endtime="1733449547"><address addr="193.98.229.225" addrtype="ipv4"/><ports><port protocol="tcp" portid="5060"><state state="open" reason="syn-ack" reason_ttl="44"/></port></ports></host>
<host endtime="1733449548"><address addr="202.46.8.239" addrtype="ipv4"/><ports><port protocol="tcp" portid="5060"><state state="open" reason="syn-ack" reason_ttl="51"/></port></ports></host>
<host endtime="1733449549"><address addr="202.46.243.10" addrtype="ipv4"/><ports><port protocol="tcp" portid="5060"><state state="open" reason="syn-ack" reason_ttl="51"/></port></ports></host>
<host endtime="1733449552"><address addr="202.46.1.163" addrtype="ipv4"/><ports><port protocol="tcp" portid="5060"><state state="open" reason="syn-ack" reason_ttl="50"/></port></ports></host>
<host endtime="1733449554"><address addr="202.46.252.172" addrtype="ipv4"/><ports><port protocol="tcp" portid="5060"><state state="open" reason="syn-ack" reason_ttl="51"/></port></ports></host>
<host endtime="1733449554"><address addr="202.46.252.55" addrtype="ipv4"/><ports><port protocol="tcp" portid="5060"><state state="open" reason="syn-ack" reason_ttl="50"/></port></ports></host>
<host endtime="1733449558"><address addr="202.46.0.245" addrtype="ipv4"/><ports><port protocol="tcp" portid="5060"><state state="open" reason="syn-ack" reason_ttl="51"/></port></ports></host>
<host endtime="1733449558"><address addr="103.110.62.11" addrtype="ipv4"/><ports><port protocol="tcp" portid="5060"><state state="open" reason="syn-ack" reason_ttl="242"/></port></ports></host>
<host endtime="1733449558"><address addr="202.46.244.56" addrtype="ipv4"/><ports><port protocol="tcp" portid="5060"><state state="open" reason="syn-ack" reason_ttl="51"/></port></ports></host>
<host endtime="1733449558"><address addr="202.46.12.75" addrtype="ipv4"/><ports><port protocol="tcp" portid="5060"><state state="open" reason="syn-ack" reason_ttl="50"/></port></ports></host>
<host endtime="1733449560"><address addr="199.123.26.221" addrtype="ipv4"/><ports><port protocol="tcp" portid="5060"><state state="open" reason="syn-ack" reason_ttl="229"/></port></ports></host>
<host endtime="1733449561"><address addr="202.46.247.105" addrtype="ipv4"/><ports><port protocol="tcp" portid="5060"><state state="open" reason="syn-ack" reason_ttl="51"/></port></ports></host>
<host endtime="1733449563"><address addr="202.46.9.14" addrtype="ipv4"/><ports><port protocol="tcp" portid="5060"><state state="open" reason="syn-ack" reason_ttl="51"/></port></ports></host>
<host endtime="1733449567"><address addr="193.98.229.32" addrtype="ipv4"/><ports><port protocol="tcp" portid="5060"><state state="open" reason="syn-ack" reason_ttl="47"/></port></ports></host>
<host endtime="1733449569"><address addr="202.46.245.48" addrtype="ipv4"/><ports><port protocol="tcp" portid="5060"><state state="open" reason="syn-ack" reason_ttl="51"/></port></ports></host>
<host endtime="1733449574"><address addr="202.46.14.155" addrtype="ipv4"/><ports><port protocol="tcp" portid="5060"><state state="open" reason="syn-ack" reason_ttl="51"/></port></ports></host>
<host endtime="1733449581"><address addr="202.46.11.18" addrtype="ipv4"/><ports><port protocol="tcp" portid="5060"><state state="open" reason="syn-ack" reason_ttl="50"/></port></ports></host>
<host endtime="1733449582"><address addr="202.46.5.33" addrtype="ipv4"/><ports><port protocol="tcp" portid="5060"><state state="open" reason="syn-ack" reason_ttl="51"/></port></ports></host>
<host endtime="1733449583"><address addr="199.123.27.68" addrtype="ipv4"/><ports><port protocol="tcp" portid="5060"><state state="open" reason="syn-ack" reason_ttl="229"/></port></ports></host>
<host endtime="1733449588"><address addr="199.201.237.172" addrtype="ipv4"/><ports><port protocol="tcp" portid="5060"><state state="open" reason="syn-ack" reason_ttl="47"/></port></ports></host>
<host endtime="1733449589"><address addr="103.83.18.67" addrtype="ipv4"/><ports><port protocol="tcp" portid="5060"><state state="open" reason="syn-ack" reason_ttl="48"/></port></ports></host>
<host endtime="1733449594"><address addr="202.46.1.38" addrtype="ipv4"/><ports><port protocol="tcp" portid="5060"><state state="open" reason="syn-ack" reason_ttl="51"/></port></ports></host>
<host endtime="1733449596"><address addr="193.103.200.244" addrtype="ipv4"/><ports><port protocol="tcp" portid="5060"><state state="open" reason="syn-ack" reason_ttl="54"/></port></ports></host>
<host endtime="1733449596"><address addr="202.46.250.194" addrtype="ipv4"/><ports><port protocol="tcp" portid="5060"><state state="open" reason="syn-ack" reason_ttl="51"/></port></ports></host>
<host endtime="1733449598"><address addr="202.46.3.83" addrtype="ipv4"/><ports><port protocol="tcp" portid="5060"><state state="open" reason="syn-ack" reason_ttl="50"/></port></ports></host>
<host endtime="1733449599"><address addr="199.123.25.194" addrtype="ipv4"/><ports><port protocol="tcp" portid="5060"><state state="open" reason="syn-ack" reason_ttl="229"/></port></ports></host>
<host endtime="1733449600"><address addr="202.46.8.65" addrtype="ipv4"/><ports><port protocol="tcp" portid="5060"><state state="open" reason="syn-ack" reason_ttl="51"/></port></ports></host>
<host endtime="1733449606"><address addr="202.46.1.113" addrtype="ipv4"/><ports><port protocol="tcp" portid="5060"><state state="open" reason="syn-ack" reason_ttl="50"/></port></ports></host>
<host endtime="1733449608"><address addr="202.46.253.195" addrtype="ipv4"/><ports><port protocol="tcp" portid="5060"><state state="open" reason="syn-ack" reason_ttl="50"/></port></ports></host>
<host endtime="1733449608"><address addr="202.46.14.23" addrtype="ipv4"/><ports><port protocol="tcp" portid="5060"><state state="open" reason="syn-ack" reason_ttl="51"/></port></ports></host>
<host endtime="1733449610"><address addr="193.103.200.146" addrtype="ipv4"/><ports><port protocol="tcp" portid="5060"><state state="open" reason="syn-ack" reason_ttl="54"/></port></ports></host>
<host endtime="1733449610"><address addr="202.46.13.14" addrtype="ipv4"/><ports><port protocol="tcp" portid="5060"><state state="open" reason="syn-ack" reason_ttl="50"/></port></ports></host>
<host endtime="1733449612"><address addr="103.83.19.12" addrtype="ipv4"/><ports><port protocol="tcp" portid="5060"><state state="open" reason="syn-ack" reason_ttl="48"/></port></ports></host>
<host endtime="1733449613"><address addr="202.46.253.194" addrtype="ipv4"/><ports><port protocol="tcp" portid="5060"><state state="open" reason="syn-ack" reason_ttl="50"/></port></ports></host>
<host endtime="1733449615"><address addr="103.83.18.41" addrtype="ipv4"/><ports><port protocol="tcp" portid="5060"><state state="open" reason="syn-ack" reason_ttl="48"/></port></ports></host>
<host endtime="1733449615"><address addr="202.46.251.106" addrtype="ipv4"/><ports><port protocol="tcp" portid="5060"><state state="open" reason="syn-ack" reason_ttl="51"/></port></ports></host>
<host endtime="1733449617"><address addr="202.46.6.251" addrtype="ipv4"/><ports><port protocol="tcp" portid="5060"><state state="open" reason="syn-ack" reason_ttl="50"/></port></ports></host>
<host endtime="1733449620"><address addr="202.46.255.137" addrtype="ipv4"/><ports><port protocol="tcp" portid="5060"><state state="open" reason="syn-ack" reason_ttl="51"/></port></ports></host>
<host endtime="1733449623"><address addr="202.46.13.153" addrtype="ipv4"/><ports><port protocol="tcp" portid="5060"><state state="open" reason="syn-ack" reason_ttl="50"/></port></ports></host>
<host endtime="1733449623"><address addr="202.46.240.115" addrtype="ipv4"/><ports><port protocol="tcp" portid="5060"><state state="open" reason="syn-ack" reason_ttl="50"/></port></ports></host>
<host endtime="1733449624"><address addr="199.201.236.249" addrtype="ipv4"/><ports><port protocol="tcp" portid="5060"><state state="open" reason="syn-ack" reason_ttl="47"/></port></ports></host>
<host endtime="1733449626"><address addr="202.46.253.44" addrtype="ipv4"/><ports><port protocol="tcp" portid="5060"><state state="open" reason="syn-ack" reason_ttl="51"/></port></ports></host>
<host endtime="1733449628"><address addr="193.103.200.221" addrtype="ipv4"/><ports><port protocol="tcp" portid="5060"><state state="open" reason="syn-ack" reason_ttl="52"/></port></ports></host>
<host endtime="1733449629"><address addr="199.123.25.199" addrtype="ipv4"/><ports><port protocol="tcp" portid="5060"><state state="open" reason="syn-ack" reason_ttl="229"/></port></ports></host>
<host endtime="1733449630"><address addr="202.46.240.139" addrtype="ipv4"/><ports><port protocol="tcp" portid="5060"><state state="open" reason="syn-ack" reason_ttl="50"/></port></ports></host>
<host endtime="1733449631"><address addr="202.46.249.5" addrtype="ipv4"/><ports><port protocol="tcp" portid="5060"><state state="open" reason="syn-ack" reason_ttl="51"/></port></ports></host>
<host endtime="1733449631"><address addr="202.46.249.203" addrtype="ipv4"/><ports><port protocol="tcp" portid="5060"><state state="open" reason="syn-ack" reason_ttl="51"/></port></ports></host>
<host endtime="1733449631"><address addr="202.46.11.240" addrtype="ipv4"/><ports><port protocol="tcp" portid="5060"><state state="open" reason="syn-ack" reason_ttl="50"/></port></ports></host>
<host endtime="1733449633"><address addr="193.98.116.107" addrtype="ipv4"/><ports><port protocol="tcp" portid="5060"><state state="open" reason="syn-ack" reason_ttl="48"/></port></ports></host>
<host endtime="1733449633"><address addr="199.201.237.120" addrtype="ipv4"/><ports><port protocol="tcp" portid="5060"><state state="open" reason="syn-ack" reason_ttl="47"/></port></ports></host>
<host endtime="1733449633"><address addr="202.46.6.117" addrtype="ipv4"/><ports><port protocol="tcp" portid="5060"><state state="open" reason="syn-ack" reason_ttl="51"/></port></ports></host>
<host endtime="1733449634"><address addr="199.123.24.192" addrtype="ipv4"/><ports><port protocol="tcp" portid="5060"><state state="open" reason="syn-ack" reason_ttl="229"/></port></ports></host>
<host endtime="1733449635"><address addr="202.46.250.122" addrtype="ipv4"/><ports><port protocol="tcp" portid="5060"><state state="open" reason="syn-ack" reason_ttl="51"/></port></ports></host>
<host endtime="1733449636"><address addr="202.46.247.220" addrtype="ipv4"/><ports><port protocol="tcp" portid="5060"><state state="open" reason="syn-ack" reason_ttl="51"/></port></ports></host>
<host endtime="1733449641"><address addr="199.123.24.201" addrtype="ipv4"/><ports><port protocol="tcp" portid="5060"><state state="open" reason="syn-ack" reason_ttl="229"/></port></ports></host>
<host endtime="1733449644"><address addr="202.46.11.179" addrtype="ipv4"/><ports><port protocol="tcp" portid="5060"><state state="open" reason="syn-ack" reason_ttl="51"/></port></ports></host>
<host endtime="1733449644"><address addr="202.46.250.146" addrtype="ipv4"/><ports><port protocol="tcp" portid="5060"><state state="open" reason="syn-ack" reason_ttl="50"/></port></ports></host>
<host endtime="1733449644"><address addr="202.46.252.163" addrtype="ipv4"/><ports><port protocol="tcp" portid="5060"><state state="open" reason="syn-ack" reason_ttl="51"/></port></ports></host>
<host endtime="1733449644"><address addr="202.46.240.189" addrtype="ipv4"/><ports><port protocol="tcp" portid="5060"><state state="open" reason="syn-ack" reason_ttl="50"/></port></ports></host>
<host endtime="1733449646"><address addr="202.46.245.114" addrtype="ipv4"/><ports><port protocol="tcp" portid="5060"><state state="open" reason="syn-ack" reason_ttl="51"/></port></ports></host>
<host endtime="1733449646"><address addr="103.224.214.239" addrtype="ipv4"/><ports><port protocol="tcp" portid="5060"><state state="open" reason="syn-ack" reason_ttl="48"/></port></ports></host>
<host endtime="1733449647"><address addr="199.123.27.17" addrtype="ipv4"/><ports><port protocol="tcp" portid="5060"><state state="open" reason="syn-ack" reason_ttl="229"/></port></ports></host>
<host endtime="1733449649"><address addr="202.46.8.228" addrtype="ipv4"/><ports><port protocol="tcp" portid="5060"><state state="open" reason="syn-ack" reason_ttl="51"/></port></ports></host>
<host endtime="1733449651"><address addr="199.123.25.186" addrtype="ipv4"/><ports><port protocol="tcp" portid="5060"><state state="open" reason="syn-ack" reason_ttl="229"/></port></ports></host>
<host endtime="1733449651"><address addr="202.46.6.98" addrtype="ipv4"/><ports><port protocol="tcp" portid="5060"><state state="open" reason="syn-ack" reason_ttl="51"/></port></ports></host>
<host endtime="1733449651"><address addr="103.83.19.22" addrtype="ipv4"/><ports><port protocol="tcp" portid="5060"><state state="open" reason="syn-ack" reason_ttl="48"/></port></ports></host>
<host endtime="1733449652"><address addr="199.201.237.0" addrtype="ipv4"/><ports><port protocol="tcp" portid="5060"><state state="open" reason="syn-ack" reason_ttl="47"/></port></ports></host>
<host endtime="1733449658"><address addr="193.103.200.110" addrtype="ipv4"/><ports><port protocol="tcp" portid="5060"><state state="open" reason="syn-ack" reason_ttl="52"/></port></ports></host>
<host endtime="1733449659"><address addr="202.46.4.112" addrtype="ipv4"/><ports><port protocol="tcp" portid="5060"><state state="open" reason="syn-ack" reason_ttl="50"/></port></ports></host>
<host endtime="1733449660"><address addr="202.46.13.125" addrtype="ipv4"/><ports><port protocol="tcp" portid="5060"><state state="open" reason="syn-ack" reason_ttl="50"/></port></ports></host>
<host endtime="1733449660"><address addr="202.46.15.27" addrtype="ipv4"/><ports><port protocol="tcp" portid="5060"><state state="open" reason="syn-ack" reason_ttl="50"/></port></ports></host>
<host endtime="1733449661"><address addr="202.46.6.163" addrtype="ipv4"/><ports><port protocol="tcp" portid="5060"><state state="open" reason="syn-ack" reason_ttl="50"/></port></ports></host>
<host endtime="1733449663"><address addr="202.46.248.240" addrtype="ipv4"/><ports><port protocol="tcp" portid="5060"><state state="open" reason="syn-ack" reason_ttl="51"/></port></ports></host>
<host endtime="1733449664"><address addr="103.83.19.199" addrtype="ipv4"/><ports><port protocol="tcp" portid="5060"><state state="open" reason="syn-ack" reason_ttl="48"/></port></ports></host>
<host endtime="1733449666"><address addr="199.123.27.182" addrtype="ipv4"/><ports><port protocol="tcp" portid="5060"><state state="open" reason="syn-ack" reason_ttl="229"/></port></ports></host>
<host endtime="1733449668"><address addr="202.46.241.242" addrtype="ipv4"/><ports><port protocol="tcp" portid="5060"><state state="open" reason="syn-ack" reason_ttl="51"/></port></ports></host>
<host endtime="1733449668"><address addr="193.97.171.23" addrtype="ipv4"/><ports><port protocol="tcp" portid="5060"><state state="open" reason="syn-ack" reason_ttl="240"/></port></ports></host>
<host endtime="1733449669"><address addr="103.224.215.255" addrtype="ipv4"/><ports><port protocol="tcp" portid="5060"><state state="open" reason="syn-ack" reason_ttl="48"/></port></ports></host>
<host endtime="1733449669"><address addr="202.46.13.64" addrtype="ipv4"/><ports><port protocol="tcp" portid="5060"><state state="open" reason="syn-ack" reason_ttl="51"/></port></ports></host>
<host endtime="1733449670"><address addr="202.46.14.235" addrtype="ipv4"/><ports><port protocol="tcp" portid="5060"><state state="open" reason="syn-ack" reason_ttl="50"/></port></ports></host>
<host endtime="1733449671"><address addr="202.46.246.50" addrtype="ipv4"/><ports><port protocol="tcp" portid="5060"><state state="open" reason="syn-ack" reason_ttl="50"/></port></ports></host>
<host endtime="1733449671"><address addr="199.123.27.1" addrtype="ipv4"/><ports><port protocol="tcp" portid="5060"><state state="open" reason="syn-ack" reason_ttl="229"/></port></ports></host>
<host endtime="1733449674"><address addr="202.46.241.130" addrtype="ipv4"/><ports><port protocol="tcp" portid="5060"><state state="open" reason="syn-ack" reason_ttl="51"/></port></ports></host>
<host endtime="1733449677"><address addr="202.46.248.227" addrtype="ipv4"/><ports><port protocol="tcp" portid="5060"><state state="open" reason="syn-ack" reason_ttl="50"/></port></ports></host>
<host endtime="1733449677"><address addr="202.46.13.134" addrtype="ipv4"/><ports><port protocol="tcp" portid="5060"><state state="open" reason="syn-ack" reason_ttl="51"/></port></ports></host>
<host endtime="1733449681"><address addr="202.46.12.88" addrtype="ipv4"/><ports><port protocol="tcp" portid="5060"><state state="open" reason="syn-ack" reason_ttl="51"/></port></ports></host>
<host endtime="1733449683"><address addr="103.224.214.118" addrtype="ipv4"/><ports><port protocol="tcp" portid="5060"><state state="open" reason="syn-ack" reason_ttl="48"/></port></ports></host>
<host endtime="1733449690"><address addr="202.46.251.27" addrtype="ipv4"/><ports><port protocol="tcp" portid="5060"><state state="open" reason="syn-ack" reason_ttl="51"/></port></ports></host>
<host endtime="1733449700"><address addr="199.123.25.102" addrtype="ipv4"/><ports><port protocol="tcp" portid="5060"><state state="open" reason="syn-ack" reason_ttl="229"/></port></ports></host>
<host endtime="1733449701"><address addr="199.201.237.147" addrtype="ipv4"/><ports><port protocol="tcp" portid="5060"><state state="open" reason="syn-ack" reason_ttl="47"/></port></ports></host>
<host endtime="1733449703"><address addr="202.46.243.89" addrtype="ipv4"/><ports><port protocol="tcp" portid="5060"><state state="open" reason="syn-ack" reason_ttl="51"/></port></ports></host>
<host endtime="1733449707"><address addr="202.46.6.80" addrtype="ipv4"/><ports><port protocol="tcp" portid="5060"><state state="open" reason="syn-ack" reason_ttl="51"/></port></ports></host>
<host endtime="1733449708"><address addr="193.103.206.161" addrtype="ipv4"/><ports><port protocol="tcp" portid="5060"><state state="open" reason="syn-ack" reason_ttl="52"/></port></ports></host>
<host endtime="1733449708"><address addr="193.103.200.90" addrtype="ipv4"/><ports><port protocol="tcp" portid="5060"><state state="open" reason="syn-ack" reason_ttl="52"/></port></ports></host>
<host endtime="1733449710"><address addr="202.46.3.2" addrtype="ipv4"/><ports><port protocol="tcp" portid="5060"><state state="open" reason="syn-ack" reason_ttl="51"/></port></ports></host>
<host endtime="1733449710"><address addr="202.46.9.161" addrtype="ipv4"/><ports><port protocol="tcp" portid="5060"><state state="open" reason="syn-ack" reason_ttl="50"/></port></ports></host>
<host endtime="1733449710"><address addr="202.46.244.222" addrtype="ipv4"/><ports><port protocol="tcp" portid="5060"><state state="open" reason="syn-ack" reason_ttl="50"/></port></ports></host>
<host endtime="1733449711"><address addr="202.46.5.116" addrtype="ipv4"/><ports><port protocol="tcp" portid="5060"><state state="open" reason="syn-ack" reason_ttl="51"/></port></ports></host>
<host endtime="1733449713"><address addr="202.46.7.176" addrtype="ipv4"/><ports><port protocol="tcp" portid="5060"><state state="open" reason="syn-ack" reason_ttl="51"/></port></ports></host>
<host endtime="1733449719"><address addr="202.46.240.201" addrtype="ipv4"/><ports><port protocol="tcp" portid="5060"><state state="open" reason="syn-ack" reason_ttl="51"/></port></ports></host>
<host endtime="1733449722"><address addr="202.46.4.33" addrtype="ipv4"/><ports><port protocol="tcp" portid="5060"><state state="open" reason="syn-ack" reason_ttl="51"/></port></ports></host>
<host endtime="1733449723"><address addr="202.46.9.140" addrtype="ipv4"/><ports><port protocol="tcp" portid="5060"><state state="open" reason="syn-ack" reason_ttl="51"/></port></ports></host>
<host endtime="1733449724"><address addr="202.46.13.35" addrtype="ipv4"/><ports><port protocol="tcp" portid="5060"><state state="open" reason="syn-ack" reason_ttl="51"/></port></ports></host>
<host endtime="1733449725"><address addr="199.123.24.16" addrtype="ipv4"/><ports><port protocol="tcp" portid="5060"><state state="open" reason="syn-ack" reason_ttl="229"/></port></ports></host>
<host endtime="1733449726"><address addr="199.123.25.234" addrtype="ipv4"/><ports><port protocol="tcp" portid="5060"><state state="open" reason="syn-ack" reason_ttl="229"/></port></ports></host>
<host endtime="1733449727"><address addr="202.46.13.240" addrtype="ipv4"/><ports><port protocol="tcp" portid="5060"><state state="open" reason="syn-ack" reason_ttl="50"/></port></ports></host>
<host endtime="1733449727"><address addr="199.123.25.133" addrtype="ipv4"/><ports><port protocol="tcp" portid="5060"><state state="open" reason="syn-ack" reason_ttl="229"/></port></ports></host>
<host endtime="1733449728"><address addr="202.46.10.190" addrtype="ipv4"/><ports><port protocol="tcp" portid="5060"><state state="open" reason="syn-ack" reason_ttl="50"/></port></ports></host>
<host endtime="1733449731"><address addr="202.46.15.141" addrtype="ipv4"/><ports><port protocol="tcp" portid="5061"><state state="open" reason="syn-ack" reason_ttl="50"/></port></ports></host>
<host endtime="1733449731"><address addr="193.98.229.23" addrtype="ipv4"/><ports><port protocol="tcp" portid="5061"><state state="open" reason="syn-ack" reason_ttl="48"/></port></ports></host>
<host endtime="1733449734"><address addr="202.46.243.21" addrtype="ipv4"/><ports><port protocol="tcp" portid="5060"><state state="open" reason="syn-ack" reason_ttl="51"/></port></ports></host>
<host endtime="1733449734"><address addr="202.46.245.0" addrtype="ipv4"/><ports><port protocol="tcp" portid="5060"><state state="open" reason="syn-ack" reason_ttl="51"/></port></ports></host>
<host endtime="1733449735"><address addr="202.46.12.227" addrtype="ipv4"/><ports><port protocol="tcp" portid="5060"><state state="open" reason="syn-ack" reason_ttl="51"/></port></ports></host>
<host endtime="1733449738"><address addr="202.46.15.103" addrtype="ipv4"/><ports><port protocol="tcp" portid="5060"><state state="open" reason="syn-ack" reason_ttl="51"/></port></ports></host>
<host endtime="1733449738"><address addr="202.46.247.86" addrtype="ipv4"/><ports><port protocol="tcp" portid="5060"><state state="open" reason="syn-ack" reason_ttl="51"/></port></ports></host>
<host endtime="1733449740"><address addr="202.46.14.185" addrtype="ipv4"/><ports><port protocol="tcp" portid="5060"><state state="open" reason="syn-ack" reason_ttl="51"/></port></ports></host>
<host endtime="1733449740"><address addr="202.46.0.109" addrtype="ipv4"/><ports><port protocol="tcp" portid="5060"><state state="open" reason="syn-ack" reason_ttl="50"/></port></ports></host>
<host endtime="1733449740"><address addr="202.46.240.12" addrtype="ipv4"/><ports><port protocol="tcp" portid="5060"><state state="open" reason="syn-ack" reason_ttl="51"/></port></ports></host>
<host endtime="1733449743"><address addr="193.98.229.219" addrtype="ipv4"/><ports><port protocol="tcp" portid="5061"><state state="open" reason="syn-ack" reason_ttl="48"/></port></ports></host>
<host endtime="1733449744"><address addr="202.46.245.124" addrtype="ipv4"/><ports><port protocol="tcp" portid="5060"><state state="open" reason="syn-ack" reason_ttl="50"/></port></ports></host>
<host endtime="1733449745"><address addr="103.224.214.155" addrtype="ipv4"/><ports><port protocol="tcp" portid="5060"><state state="open" reason="syn-ack" reason_ttl="48"/></port></ports></host>
<host endtime="1733449746"><address addr="199.123.26.223" addrtype="ipv4"/><ports><port protocol="tcp" portid="5060"><state state="open" reason="syn-ack" reason_ttl="229"/></port></ports></host>
<host endtime="1733449751"><address addr="202.46.0.34" addrtype="ipv4"/><ports><port protocol="tcp" portid="5060"><state state="open" reason="syn-ack" reason_ttl="50"/></port></ports></host>
<host endtime="1733449751"><address addr="202.46.240.197" addrtype="ipv4"/><ports><port protocol="tcp" portid="5060"><state state="open" reason="syn-ack" reason_ttl="50"/></port></ports></host>
<host endtime="1733449753"><address addr="202.46.12.32" addrtype="ipv4"/><ports><port protocol="tcp" portid="5060"><state state="open" reason="syn-ack" reason_ttl="50"/></port></ports></host>
<host endtime="1733449754"><address addr="202.46.14.75" addrtype="ipv4"/><ports><port protocol="tcp" portid="5060"><state state="open" reason="syn-ack" reason_ttl="50"/></port></ports></host>
<host endtime="1733449756"><address addr="202.46.240.109" addrtype="ipv4"/><ports><port protocol="tcp" portid="5060"><state state="open" reason="syn-ack" reason_ttl="51"/></port></ports></host>
<host endtime="1733449761"><address addr="199.123.26.82" addrtype="ipv4"/><ports><port protocol="tcp" portid="5060"><state state="open" reason="syn-ack" reason_ttl="229"/></port></ports></host>
<host endtime="1733449761"><address addr="202.46.7.108" addrtype="ipv4"/><ports><port protocol="tcp" portid="5060"><state state="open" reason="syn-ack" reason_ttl="51"/></port></ports></host>
<host endtime="1733449764"><address addr="202.46.9.206" addrtype="ipv4"/><ports><port protocol="tcp" portid="5060"><state state="open" reason="syn-ack" reason_ttl="51"/></port></ports></host>
<host endtime="1733449764"><address addr="202.46.8.13" addrtype="ipv4"/><ports><port protocol="tcp" portid="5060"><state state="open" reason="syn-ack" reason_ttl="51"/></port></ports></host>
<host endtime="1733449769"><address addr="202.46.247.42" addrtype="ipv4"/><ports><port protocol="tcp" portid="5060"><state state="open" reason="syn-ack" reason_ttl="50"/></port></ports></host>
<host endtime="1733449773"><address addr="202.46.3.35" addrtype="ipv4"/><ports><port protocol="tcp" portid="5060"><state state="open" reason="syn-ack" reason_ttl="50"/></port></ports></host>
<host endtime="1733449774"><address addr="202.46.0.131" addrtype="ipv4"/><ports><port protocol="tcp" portid="5060"><state state="open" reason="syn-ack" reason_ttl="51"/></port></ports></host>
<host endtime="1733449776"><address addr="103.83.19.4" addrtype="ipv4"/><ports><port protocol="tcp" portid="5060"><state state="open" reason="syn-ack" reason_ttl="48"/></port></ports></host>
<host endtime="1733449776"><address addr="202.46.14.56" addrtype="ipv4"/><ports><port protocol="tcp" portid="5060"><state state="open" reason="syn-ack" reason_ttl="50"/></port></ports></host>
<host endtime="1733449777"><address addr="202.46.1.110" addrtype="ipv4"/><ports><port protocol="tcp" portid="5060"><state state="open" reason="syn-ack" reason_ttl="51"/></port></ports></host>
<host endtime="1733449779"><address addr="199.123.25.47" addrtype="ipv4"/><ports><port protocol="tcp" portid="5060"><state state="open" reason="syn-ack" reason_ttl="229"/></port></ports></host>
<host endtime="1733449782"><address addr="193.98.229.240" addrtype="ipv4"/><ports><port protocol="tcp" portid="5061"><state state="open" reason="syn-ack" reason_ttl="44"/></port></ports></host>
<host endtime="1733449787"><address addr="202.46.240.145" addrtype="ipv4"/><ports><port protocol="tcp" portid="5060"><state state="open" reason="syn-ack" reason_ttl="50"/></port></ports></host>
<host endtime="1733449792"><address addr="193.98.229.73" addrtype="ipv4"/><ports><port protocol="tcp" portid="5060"><state state="open" reason="syn-ack" reason_ttl="47"/></port></ports></host>
<host endtime="1733449793"><address addr="202.46.243.93" addrtype="ipv4"/><ports><port protocol="tcp" portid="5060"><state state="open" reason="syn-ack" reason_ttl="51"/></port></ports></host>
<host endtime="1733449795"><address addr="202.46.245.37" addrtype="ipv4"/><ports><port protocol="tcp" portid="5060"><state state="open" reason="syn-ack" reason_ttl="51"/></port></ports></host>
<host endtime="1733449798"><address addr="202.46.15.97" addrtype="ipv4"/><ports><port protocol="tcp" portid="5060"><state state="open" reason="syn-ack" reason_ttl="51"/></port></ports></host>
<host endtime="1733449798"><address addr="202.46.241.114" addrtype="ipv4"/><ports><port protocol="tcp" portid="5060"><state state="open" reason="syn-ack" reason_ttl="51"/></port></ports></host>
<host endtime="1733449803"><address addr="202.46.7.36" addrtype="ipv4"/><ports><port protocol="tcp" portid="5060"><state state="open" reason="syn-ack" reason_ttl="50"/></port></ports></host>
<host endtime="1733449804"><address addr="103.224.215.247" addrtype="ipv4"/><ports><port protocol="tcp" portid="5060"><state state="open" reason="syn-ack" reason_ttl="48"/></port></ports></host>
<host endtime="1733449806"><address addr="202.46.3.249" addrtype="ipv4"/><ports><port protocol="tcp" portid="5060"><state state="open" reason="syn-ack" reason_ttl="51"/></port></ports></host>
<host endtime="1733449807"><address addr="193.98.116.185" addrtype="ipv4"/><ports><port protocol="tcp" portid="5060"><state state="open" reason="syn-ack" reason_ttl="49"/></port></ports></host>
<host endtime="1733449809"><address addr="103.83.19.248" addrtype="ipv4"/><ports><port protocol="tcp" portid="5060"><state state="open" reason="syn-ack" reason_ttl="48"/></port></ports></host>
<host endtime="1733449809"><address addr="202.46.245.40" addrtype="ipv4"/><ports><port protocol="tcp" portid="5060"><state state="open" reason="syn-ack" reason_ttl="50"/></port></ports></host>
<host endtime="1733449810"><address addr="193.98.229.85" addrtype="ipv4"/><ports><port protocol="tcp" portid="5060"><state state="open" reason="syn-ack" reason_ttl="49"/></port></ports></host>
<host endtime="1733449810"><address addr="202.46.244.228" addrtype="ipv4"/><ports><port protocol="tcp" portid="5060"><state state="open" reason="syn-ack" reason_ttl="51"/></port></ports></host>
<host endtime="1733449815"><address addr="202.46.252.148" addrtype="ipv4"/><ports><port protocol="tcp" portid="5060"><state state="open" reason="syn-ack" reason_ttl="50"/></port></ports></host>
<host endtime="1733449818"><address addr="202.46.245.77" addrtype="ipv4"/><ports><port protocol="tcp" portid="5060"><state state="open" reason="syn-ack" reason_ttl="51"/></port></ports></host>
<host endtime="1733449821"><address addr="202.46.2.85" addrtype="ipv4"/><ports><port protocol="tcp" portid="5060"><state state="open" reason="syn-ack" reason_ttl="51"/></port></ports></host>
<host endtime="1733449827"><address addr="202.46.252.132" addrtype="ipv4"/><ports><port protocol="tcp" portid="5060"><state state="open" reason="syn-ack" reason_ttl="51"/></port></ports></host>
<host endtime="1733449828"><address addr="202.46.249.43" addrtype="ipv4"/><ports><port protocol="tcp" portid="5060"><state state="open" reason="syn-ack" reason_ttl="51"/></port></ports></host>
<host endtime="1733449829"><address addr="202.46.249.12" addrtype="ipv4"/><ports><port protocol="tcp" portid="5060"><state state="open" reason="syn-ack" reason_ttl="50"/></port></ports></host>
<host endtime="1733449844"><address addr="202.46.13.31" addrtype="ipv4"/><ports><port protocol="tcp" portid="5060"><state state="open" reason="syn-ack" reason_ttl="51"/></port></ports></host>
<host endtime="1733449846"><address addr="202.46.1.17" addrtype="ipv4"/><ports><port protocol="tcp" portid="5060"><state state="open" reason="syn-ack" reason_ttl="51"/></port></ports></host>
<host endtime="1733449847"><address addr="202.46.14.140" addrtype="ipv4"/><ports><port protocol="tcp" portid="5060"><state state="open" reason="syn-ack" reason_ttl="50"/></port></ports></host>
<host endtime="1733449850"><address addr="202.46.3.163" addrtype="ipv4"/><ports><port protocol="tcp" portid="5060"><state state="open" reason="syn-ack" reason_ttl="51"/></port></ports></host>
<host endtime="1733449850"><address addr="202.46.8.250" addrtype="ipv4"/><ports><port protocol="tcp" portid="5060"><state state="open" reason="syn-ack" reason_ttl="51"/></port></ports></host>
<host endtime="1733449850"><address addr="202.46.10.19" addrtype="ipv4"/><ports><port protocol="tcp" portid="5061"><state state="open" reason="syn-ack" reason_ttl="50"/></port></ports></host>
<host endtime="1733449853"><address addr="202.46.254.167" addrtype="ipv4"/><ports><port protocol="tcp" portid="5060"><state state="open" reason="syn-ack" reason_ttl="51"/></port></ports></host>
<host endtime="1733449854"><address addr="193.98.229.157" addrtype="ipv4"/><ports><port protocol="tcp" portid="5061"><state state="open" reason="syn-ack" reason_ttl="49"/></port></ports></host>
<host endtime="1733449856"><address addr="193.98.229.10" addrtype="ipv4"/><ports><port protocol="tcp" portid="5061"><state state="open" reason="syn-ack" reason_ttl="49"/></port></ports></host>
<host endtime="1733449863"><address addr="202.46.251.131" addrtype="ipv4"/><ports><port protocol="tcp" portid="5060"><state state="open" reason="syn-ack" reason_ttl="51"/></port></ports></host>
<host endtime="1733449864"><address addr="41.138.192.9" addrtype="ipv4"/><ports><port protocol="tcp" portid="5060"><state state="open" reason="syn-ack" reason_ttl="43"/></port></ports></host>
<host endtime="1733449869"><address addr="193.98.229.77" addrtype="ipv4"/><ports><port protocol="tcp" portid="5060"><state state="open" reason="syn-ack" reason_ttl="49"/></port></ports></host>
<host endtime="1733449871"><address addr="202.46.10.32" addrtype="ipv4"/><ports><port protocol="tcp" portid="5060"><state state="open" reason="syn-ack" reason_ttl="51"/></port></ports></host>
<host endtime="1733449872"><address addr="202.46.4.211" addrtype="ipv4"/><ports><port protocol="tcp" portid="5060"><state state="open" reason="syn-ack" reason_ttl="50"/></port></ports></host>
<host endtime="1733449872"><address addr="202.46.2.215" addrtype="ipv4"/><ports><port protocol="tcp" portid="5060"><state state="open" reason="syn-ack" reason_ttl="51"/></port></ports></host>
<host endtime="1733449873"><address addr="202.46.250.78" addrtype="ipv4"/><ports><port protocol="tcp" portid="5060"><state state="open" reason="syn-ack" reason_ttl="51"/></port></ports></host>
<host endtime="1733449874"><address addr="202.46.10.132" addrtype="ipv4"/><ports><port protocol="tcp" portid="5060"><state state="open" reason="syn-ack" reason_ttl="51"/></port></ports></host>
<host endtime="1733449875"><address addr="202.46.253.196" addrtype="ipv4"/><ports><port protocol="tcp" portid="5060"><state state="open" reason="syn-ack" reason_ttl="50"/></port></ports></host>
<host endtime="1733449878"><address addr="202.46.8.224" addrtype="ipv4"/><ports><port protocol="tcp" portid="5060"><state state="open" reason="syn-ack" reason_ttl="51"/></port></ports></host>
<host endtime="1733449881"><address addr="202.46.4.45" addrtype="ipv4"/><ports><port protocol="tcp" portid="5060"><state state="open" reason="syn-ack" reason_ttl="51"/></port></ports></host>
<host endtime="1733449882"><address addr="202.46.250.167" addrtype="ipv4"/><ports><port protocol="tcp" portid="5060"><state state="open" reason="syn-ack" reason_ttl="50"/></port></ports></host>
<host endtime="1733449884"><address addr="202.46.4.104" addrtype="ipv4"/><ports><port protocol="tcp" portid="5060"><state state="open" reason="syn-ack" reason_ttl="50"/></port></ports></host>
<host endtime="1733449892"><address addr="202.46.13.165" addrtype="ipv4"/><ports><port protocol="tcp" portid="5060"><state state="open" reason="syn-ack" reason_ttl="50"/></port></ports></host>
<host endtime="1733449895"><address addr="199.201.236.6" addrtype="ipv4"/><ports><port protocol="tcp" portid="5060"><state state="open" reason="syn-ack" reason_ttl="47"/></port></ports></host>
<host endtime="1733449896"><address addr="202.46.8.214" addrtype="ipv4"/><ports><port protocol="tcp" portid="5060"><state state="open" reason="syn-ack" reason_ttl="50"/></port></ports></host>
<host endtime="1733449898"><address addr="202.46.0.224" addrtype="ipv4"/><ports><port protocol="tcp" portid="5060"><state state="open" reason="syn-ack" reason_ttl="51"/></port></ports></host>
<host endtime="1733449908"><address addr="199.201.236.158" addrtype="ipv4"/><ports><port protocol="tcp" portid="5060"><state state="open" reason="syn-ack" reason_ttl="47"/></port></ports></host>
<host endtime="1733449908"><address addr="202.46.3.102" addrtype="ipv4"/><ports><port protocol="tcp" portid="5061"><state state="open" reason="syn-ack" reason_ttl="50"/></port></ports></host>
<host endtime="1733449910"><address addr="103.224.214.39" addrtype="ipv4"/><ports><port protocol="tcp" portid="5060"><state state="open" reason="syn-ack" reason_ttl="48"/></port></ports></host>
<host endtime="1733449912"><address addr="202.46.7.29" addrtype="ipv4"/><ports><port protocol="tcp" portid="5060"><state state="open" reason="syn-ack" reason_ttl="50"/></port></ports></host>
<host endtime="1733449912"><address addr="202.46.253.203" addrtype="ipv4"/><ports><port protocol="tcp" portid="5060"><state state="open" reason="syn-ack" reason_ttl="51"/></port></ports></host>
<host endtime="1733449913"><address addr="202.46.14.172" addrtype="ipv4"/><ports><port protocol="tcp" portid="5060"><state state="open" reason="syn-ack" reason_ttl="51"/></port></ports></host>
<host endtime="1733449913"><address addr="202.46.250.60" addrtype="ipv4"/><ports><port protocol="tcp" portid="5060"><state state="open" reason="syn-ack" reason_ttl="51"/></port></ports></host>
<host endtime="1733449915"><address addr="202.46.252.235" addrtype="ipv4"/><ports><port protocol="tcp" portid="5060"><state state="open" reason="syn-ack" reason_ttl="51"/></port></ports></host>
<host endtime="1733449917"><address addr="193.98.229.34" addrtype="ipv4"/><ports><port protocol="tcp" portid="5060"><state state="open" reason="syn-ack" reason_ttl="48"/></port></ports></host>
<host endtime="1733449920"><address addr="103.224.215.193" addrtype="ipv4"/><ports><port protocol="tcp" portid="5060"><state state="open" reason="syn-ack" reason_ttl="48"/></port></ports></host>
<host endtime="1733449920"><address addr="202.46.5.83" addrtype="ipv4"/><ports><port protocol="tcp" portid="5060"><state state="open" reason="syn-ack" reason_ttl="51"/></port></ports></host>
<host endtime="1733449921"><address addr="103.83.19.59" addrtype="ipv4"/><ports><port protocol="tcp" portid="5060"><state state="open" reason="syn-ack" reason_ttl="48"/></port></ports></host>
<host endtime="1733449921"><address addr="103.224.214.25" addrtype="ipv4"/><ports><port protocol="tcp" portid="5060"><state state="open" reason="syn-ack" reason_ttl="48"/></port></ports></host>
<host endtime="1733449922"><address addr="103.224.214.81" addrtype="ipv4"/><ports><port protocol="tcp" portid="5060"><state state="open" reason="syn-ack" reason_ttl="48"/></port></ports></host>
<host endtime="1733449926"><address addr="202.46.14.241" addrtype="ipv4"/><ports><port protocol="tcp" portid="5060"><state state="open" reason="syn-ack" reason_ttl="51"/></port></ports></host>
<host endtime="1733449929"><address addr="202.46.244.237" addrtype="ipv4"/><ports><port protocol="tcp" portid="5060"><state state="open" reason="syn-ack" reason_ttl="51"/></port></ports></host>
<host endtime="1733449933"><address addr="199.201.237.66" addrtype="ipv4"/><ports><port protocol="tcp" portid="5060"><state state="open" reason="syn-ack" reason_ttl="47"/></port></ports></host>
<host endtime="1733449935"><address addr="202.46.255.160" addrtype="ipv4"/><ports><port protocol="tcp" portid="5060"><state state="open" reason="syn-ack" reason_ttl="51"/></port></ports></host>
<host endtime="1733449935"><address addr="202.46.241.179" addrtype="ipv4"/><ports><port protocol="tcp" portid="5060"><state state="open" reason="syn-ack" reason_ttl="50"/></port></ports></host>
<host endtime="1733449937"><address addr="202.46.12.73" addrtype="ipv4"/><ports><port protocol="tcp" portid="5060"><state state="open" reason="syn-ack" reason_ttl="51"/></port></ports></host>
<host endtime="1733449937"><address addr="103.177.50.79" addrtype="ipv4"/><ports><port protocol="tcp" portid="5060"><state state="open" reason="syn-ack" reason_ttl="120"/></port></ports></host>
<host endtime="1733449938"><address addr="202.46.5.188" addrtype="ipv4"/><ports><port protocol="tcp" portid="5060"><state state="open" reason="syn-ack" reason_ttl="50"/></port></ports></host>
<host endtime="1733449939"><address addr="103.177.50.89" addrtype="ipv4"/><ports><port protocol="tcp" portid="5060"><state state="open" reason="syn-ack" reason_ttl="57"/></port></ports></host>
<host endtime="1733449942"><address addr="202.46.243.194" addrtype="ipv4"/><ports><port protocol="tcp" portid="5060"><state state="open" reason="syn-ack" reason_ttl="51"/></port></ports></host>
<host endtime="1733449946"><address addr="202.46.255.100" addrtype="ipv4"/><ports><port protocol="tcp" portid="5060"><state state="open" reason="syn-ack" reason_ttl="50"/></port></ports></host>
<host endtime="1733449947"><address addr="202.46.5.245" addrtype="ipv4"/><ports><port protocol="tcp" portid="5060"><state state="open" reason="syn-ack" reason_ttl="50"/></port></ports></host>
<host endtime="1733449948"><address addr="196.50.21.4" addrtype="ipv4"/><ports><port protocol="tcp" portid="5060"><state state="open" reason="syn-ack" reason_ttl="47"/></port></ports></host>
<host endtime="1733449948"><address addr="103.83.18.144" addrtype="ipv4"/><ports><port protocol="tcp" portid="5060"><state state="open" reason="syn-ack" reason_ttl="48"/></port></ports></host>
<host endtime="1733449952"><address addr="41.138.192.47" addrtype="ipv4"/><ports><port protocol="tcp" portid="5060"><state state="open" reason="syn-ack" reason_ttl="43"/></port></ports></host>
<host endtime="1733449959"><address addr="103.83.19.86" addrtype="ipv4"/><ports><port protocol="tcp" portid="5060"><state state="open" reason="syn-ack" reason_ttl="48"/></port></ports></host>
<host endtime="1733449965"><address addr="202.46.245.99" addrtype="ipv4"/><ports><port protocol="tcp" portid="5060"><state state="open" reason="syn-ack" reason_ttl="51"/></port></ports></host>
<host endtime="1733449968"><address addr="202.46.249.137" addrtype="ipv4"/><ports><port protocol="tcp" portid="5060"><state state="open" reason="syn-ack" reason_ttl="51"/></port></ports></host>
<host endtime="1733449969"><address addr="199.201.237.192" addrtype="ipv4"/><ports><port protocol="tcp" portid="5060"><state state="open" reason="syn-ack" reason_ttl="47"/></port></ports></host>
<host endtime="1733449971"><address addr="199.201.237.122" addrtype="ipv4"/><ports><port protocol="tcp" portid="5060"><state state="open" reason="syn-ack" reason_ttl="47"/></port></ports></host>
<host endtime="1733449974"><address addr="199.123.27.54" addrtype="ipv4"/><ports><port protocol="tcp" portid="5060"><state state="open" reason="syn-ack" reason_ttl="229"/></port></ports></host>
<host endtime="1733449977"><address addr="202.46.240.183" addrtype="ipv4"/><ports><port protocol="tcp" portid="5060"><state state="open" reason="syn-ack" reason_ttl="51"/></port></ports></host>
<host endtime="1733449980"><address addr="202.46.3.38" addrtype="ipv4"/><ports><port protocol="tcp" portid="5060"><state state="open" reason="syn-ack" reason_ttl="50"/></port></ports></host>
<host endtime="1733449982"><address addr="202.46.10.177" addrtype="ipv4"/><ports><port protocol="tcp" portid="5060"><state state="open" reason="syn-ack" reason_ttl="51"/></port></ports></host>
<host endtime="1733449983"><address addr="202.46.251.49" addrtype="ipv4"/><ports><port protocol="tcp" portid="5060"><state state="open" reason="syn-ack" reason_ttl="50"/></port></ports></host>
<host endtime="1733449985"><address addr="202.46.1.13" addrtype="ipv4"/><ports><port protocol="tcp" portid="5060"><state state="open" reason="syn-ack" reason_ttl="51"/></port></ports></host>
<host endtime="1733449989"><address addr="103.224.214.84" addrtype="ipv4"/><ports><port protocol="tcp" portid="5060"><state state="open" reason="syn-ack" reason_ttl="48"/></port></ports></host>
<host endtime="1733449991"><address addr="202.46.7.47" addrtype="ipv4"/><ports><port protocol="tcp" portid="5060"><state state="open" reason="syn-ack" reason_ttl="51"/></port></ports></host>
<host endtime="1733449991"><address addr="103.83.18.142" addrtype="ipv4"/><ports><port protocol="tcp" portid="5060"><state state="open" reason="syn-ack" reason_ttl="48"/></port></ports></host>
<host endtime="1733449994"><address addr="202.46.240.255" addrtype="ipv4"/><ports><port protocol="tcp" portid="5060"><state state="open" reason="syn-ack" reason_ttl="51"/></port></ports></host>
<host endtime="1733449995"><address addr="103.177.50.94" addrtype="ipv4"/><ports><port protocol="tcp" portid="5060"><state state="open" reason="syn-ack" reason_ttl="120"/></port></ports></host>
<host endtime="1733449997"><address addr="202.46.7.225" addrtype="ipv4"/><ports><port protocol="tcp" portid="5060"><state state="open" reason="syn-ack" reason_ttl="50"/></port></ports></host>
<host endtime="1733449998"><address addr="202.46.243.231" addrtype="ipv4"/><ports><port protocol="tcp" portid="5060"><state state="open" reason="syn-ack" reason_ttl="50"/></port></ports></host>
<host endtime="1733449999"><address addr="202.46.10.13" addrtype="ipv4"/><ports><port protocol="tcp" portid="5060"><state state="open" reason="syn-ack" reason_ttl="50"/></port></ports></host>
<host endtime="1733450000"><address addr="199.201.236.52" addrtype="ipv4"/><ports><port protocol="tcp" portid="5060"><state state="open" reason="syn-ack" reason_ttl="47"/></port></ports></host>
<host endtime="1733450006"><address addr="202.46.4.86" addrtype="ipv4"/><ports><port protocol="tcp" portid="5060"><state state="open" reason="syn-ack" reason_ttl="51"/></port></ports></host>
<host endtime="1733450007"><address addr="202.46.9.48" addrtype="ipv4"/><ports><port protocol="tcp" portid="5060"><state state="open" reason="syn-ack" reason_ttl="50"/></port></ports></host>
<host endtime="1733450010"><address addr="202.46.2.217" addrtype="ipv4"/><ports><port protocol="tcp" portid="5060"><state state="open" reason="syn-ack" reason_ttl="50"/></port></ports></host>
<host endtime="1733450014"><address addr="202.46.251.13" addrtype="ipv4"/><ports><port protocol="tcp" portid="5060"><state state="open" reason="syn-ack" reason_ttl="51"/></port></ports></host>
<host endtime="1733450015"><address addr="202.46.254.75" addrtype="ipv4"/><ports><port protocol="tcp" portid="5060"><state state="open" reason="syn-ack" reason_ttl="50"/></port></ports></host>
<host endtime="1733450016"><address addr="202.46.246.81" addrtype="ipv4"/><ports><port protocol="tcp" portid="5060"><state state="open" reason="syn-ack" reason_ttl="51"/></port></ports></host>
<host endtime="1733450017"><address addr="202.46.11.213" addrtype="ipv4"/><ports><port protocol="tcp" portid="5060"><state state="open" reason="syn-ack" reason_ttl="50"/></port></ports></host>
<host endtime="1733450020"><address addr="193.103.200.64" addrtype="ipv4"/><ports><port protocol="tcp" portid="5060"><state state="open" reason="syn-ack" reason_ttl="54"/></port></ports></host>
<host endtime="1733450021"><address addr="41.138.192.11" addrtype="ipv4"/><ports><port protocol="tcp" portid="5060"><state state="open" reason="syn-ack" reason_ttl="43"/></port></ports></host>
<host endtime="1733450027"><address addr="193.98.229.162" addrtype="ipv4"/><ports><port protocol="tcp" portid="5061"><state state="open" reason="syn-ack" reason_ttl="48"/></port></ports></host>
<host endtime="1733450029"><address addr="199.201.236.81" addrtype="ipv4"/><ports><port protocol="tcp" portid="5060"><state state="open" reason="syn-ack" reason_ttl="47"/></port></ports></host>
<host endtime="1733450033"><address addr="202.46.250.45" addrtype="ipv4"/><ports><port protocol="tcp" portid="5060"><state state="open" reason="syn-ack" reason_ttl="51"/></port></ports></host>
<host endtime="1733450037"><address addr="202.46.14.9" addrtype="ipv4"/><ports><port protocol="tcp" portid="5060"><state state="open" reason="syn-ack" reason_ttl="50"/></port></ports></host>
<host endtime="1733450038"><address addr="202.46.3.104" addrtype="ipv4"/><ports><port protocol="tcp" portid="5060"><state state="open" reason="syn-ack" reason_ttl="50"/></port></ports></host>
<host endtime="1733450039"><address addr="193.103.200.137" addrtype="ipv4"/><ports><port protocol="tcp" portid="5060"><state state="open" reason="syn-ack" reason_ttl="52"/></port></ports></host>
<host endtime="1733450042"><address addr="202.46.255.102" addrtype="ipv4"/><ports><port protocol="tcp" portid="5060"><state state="open" reason="syn-ack" reason_ttl="50"/></port></ports></host>
<host endtime="1733450043"><address addr="202.46.6.197" addrtype="ipv4"/><ports><port protocol="tcp" portid="5060"><state state="open" reason="syn-ack" reason_ttl="51"/></port></ports></host>
<host endtime="1733450046"><address addr="199.201.236.53" addrtype="ipv4"/><ports><port protocol="tcp" portid="5060"><state state="open" reason="syn-ack" reason_ttl="47"/></port></ports></host>
<host endtime="1733450048"><address addr="202.46.244.30" addrtype="ipv4"/><ports><port protocol="tcp" portid="5060"><state state="open" reason="syn-ack" reason_ttl="51"/></port></ports></host>
<host endtime="1733450048"><address addr="66.43.73.100" addrtype="ipv4"/><ports><port protocol="tcp" portid="5060"><state state="open" reason="syn-ack" reason_ttl="49"/></port></ports></host>
<host endtime="1733450048"><address addr="202.46.255.165" addrtype="ipv4"/><ports><port protocol="tcp" portid="5060"><state state="open" reason="syn-ack" reason_ttl="51"/></port></ports></host>
<host endtime="1733450049"><address addr="199.123.26.92" addrtype="ipv4"/><ports><port protocol="tcp" portid="5060"><state state="open" reason="syn-ack" reason_ttl="229"/></port></ports></host>
<host endtime="1733450049"><address addr="193.98.229.196" addrtype="ipv4"/><ports><port protocol="tcp" portid="5060"><state state="open" reason="syn-ack" reason_ttl="48"/></port></ports></host>
<host endtime="1733450049"><address addr="103.83.19.88" addrtype="ipv4"/><ports><port protocol="tcp" portid="5060"><state state="open" reason="syn-ack" reason_ttl="48"/></port></ports></host>
<host endtime="1733450051"><address addr="202.46.1.7" addrtype="ipv4"/><ports><port protocol="tcp" portid="5060"><state state="open" reason="syn-ack" reason_ttl="51"/></port></ports></host>
<host endtime="1733450057"><address addr="202.46.11.56" addrtype="ipv4"/><ports><port protocol="tcp" portid="5060"><state state="open" reason="syn-ack" reason_ttl="51"/></port></ports></host>
<host endtime="1733450061"><address addr="202.46.12.95" addrtype="ipv4"/><ports><port protocol="tcp" portid="5060"><state state="open" reason="syn-ack" reason_ttl="51"/></port></ports></host>
<host endtime="1733450064"><address addr="103.224.214.56" addrtype="ipv4"/><ports><port protocol="tcp" portid="5060"><state state="open" reason="syn-ack" reason_ttl="48"/></port></ports></host>
<host endtime="1733450067"><address addr="202.46.240.246" addrtype="ipv4"/><ports><port protocol="tcp" portid="5060"><state state="open" reason="syn-ack" reason_ttl="51"/></port></ports></host>
<host endtime="1733450067"><address addr="199.201.236.100" addrtype="ipv4"/><ports><port protocol="tcp" portid="5060"><state state="open" reason="syn-ack" reason_ttl="47"/></port></ports></host>
<host endtime="1733450068"><address addr="202.46.11.164" addrtype="ipv4"/><ports><port protocol="tcp" portid="5060"><state state="open" reason="syn-ack" reason_ttl="51"/></port></ports></host>
<host endtime="1733450069"><address addr="202.46.251.147" addrtype="ipv4"/><ports><port protocol="tcp" portid="5060"><state state="open" reason="syn-ack" reason_ttl="51"/></port></ports></host>
<host endtime="1733450069"><address addr="202.46.241.239" addrtype="ipv4"/><ports><port protocol="tcp" portid="5060"><state state="open" reason="syn-ack" reason_ttl="50"/></port></ports></host>
<host endtime="1733450072"><address addr="193.103.200.224" addrtype="ipv4"/><ports><port protocol="tcp" portid="5060"><state state="open" reason="syn-ack" reason_ttl="54"/></port></ports></host>
<host endtime="1733450075"><address addr="202.46.8.53" addrtype="ipv4"/><ports><port protocol="tcp" portid="5060"><state state="open" reason="syn-ack" reason_ttl="51"/></port></ports></host>
<host endtime="1733450075"><address addr="202.46.254.105" addrtype="ipv4"/><ports><port protocol="tcp" portid="5060"><state state="open" reason="syn-ack" reason_ttl="51"/></port></ports></host>
<host endtime="1733450076"><address addr="202.46.246.228" addrtype="ipv4"/><ports><port protocol="tcp" portid="5060"><state state="open" reason="syn-ack" reason_ttl="51"/></port></ports></host>
<host endtime="1733450082"><address addr="103.177.50.77" addrtype="ipv4"/><ports><port protocol="tcp" portid="5060"><state state="open" reason="syn-ack" reason_ttl="121"/></port></ports></host>
<host endtime="1733450084"><address addr="202.46.243.207" addrtype="ipv4"/><ports><port protocol="tcp" portid="5060"><state state="open" reason="syn-ack" reason_ttl="51"/></port></ports></host>
<host endtime="1733450085"><address addr="193.98.229.39" addrtype="ipv4"/><ports><port protocol="tcp" portid="5061"><state state="open" reason="syn-ack" reason_ttl="44"/></port></ports></host>
<host endtime="1733450087"><address addr="103.224.215.50" addrtype="ipv4"/><ports><port protocol="tcp" portid="5060"><state state="open" reason="syn-ack" reason_ttl="48"/></port></ports></host>
<host endtime="1733450089"><address addr="196.195.253.116" addrtype="ipv4"/><ports><port protocol="tcp" portid="5060"><state state="open" reason="syn-ack" reason_ttl="51"/></port></ports></host>
<host endtime="1733450090"><address addr="199.123.24.24" addrtype="ipv4"/><ports><port protocol="tcp" portid="5060"><state state="open" reason="syn-ack" reason_ttl="229"/></port></ports></host>
<host endtime="1733450091"><address addr="199.123.26.102" addrtype="ipv4"/><ports><port protocol="tcp" portid="5060"><state state="open" reason="syn-ack" reason_ttl="229"/></port></ports></host>
<host endtime="1733450092"><address addr="202.46.249.227" addrtype="ipv4"/><ports><port protocol="tcp" portid="5060"><state state="open" reason="syn-ack" reason_ttl="51"/></port></ports></host>
<host endtime="1733450092"><address addr="202.46.0.184" addrtype="ipv4"/><ports><port protocol="tcp" portid="5060"><state state="open" reason="syn-ack" reason_ttl="51"/></port></ports></host>
<host endtime="1733450094"><address addr="202.46.4.9" addrtype="ipv4"/><ports><port protocol="tcp" portid="5060"><state state="open" reason="syn-ack" reason_ttl="50"/></port></ports></host>
<host endtime="1733450098"><address addr="193.98.229.225" addrtype="ipv4"/><ports><port protocol="tcp" portid="5061"><state state="open" reason="syn-ack" reason_ttl="47"/></port></ports></host>
<host endtime="1733450100"><address addr="202.46.15.153" addrtype="ipv4"/><ports><port protocol="tcp" portid="5061"><state state="open" reason="syn-ack" reason_ttl="50"/></port></ports></host>
<host endtime="1733450106"><address addr="202.46.246.37" addrtype="ipv4"/><ports><port protocol="tcp" portid="5060"><state state="open" reason="syn-ack" reason_ttl="50"/></port></ports></host>
<host endtime="1733450110"><address addr="202.46.13.2" addrtype="ipv4"/><ports><port protocol="tcp" portid="5060"><state state="open" reason="syn-ack" reason_ttl="51"/></port></ports></host>
<host endtime="1733450112"><address addr="202.46.1.183" addrtype="ipv4"/><ports><port protocol="tcp" portid="5060"><state state="open" reason="syn-ack" reason_ttl="51"/></port></ports></host>
<host endtime="1733450115"><address addr="199.123.27.72" addrtype="ipv4"/><ports><port protocol="tcp" portid="5060"><state state="open" reason="syn-ack" reason_ttl="229"/></port></ports></host>
<host endtime="1733450117"><address addr="202.46.250.37" addrtype="ipv4"/><ports><port protocol="tcp" portid="5060"><state state="open" reason="syn-ack" reason_ttl="51"/></port></ports></host>
<host endtime="1733450118"><address addr="202.46.0.129" addrtype="ipv4"/><ports><port protocol="tcp" portid="5060"><state state="open" reason="syn-ack" reason_ttl="51"/></port></ports></host>
<host endtime="1733450120"><address addr="103.83.19.180" addrtype="ipv4"/><ports><port protocol="tcp" portid="5060"><state state="open" reason="syn-ack" reason_ttl="48"/></port></ports></host>
<host endtime="1733450121"><address addr="202.46.243.254" addrtype="ipv4"/><ports><port protocol="tcp" portid="5060"><state state="open" reason="syn-ack" reason_ttl="51"/></port></ports></host>
<host endtime="1733450121"><address addr="199.123.25.162" addrtype="ipv4"/><ports><port protocol="tcp" portid="5060"><state state="open" reason="syn-ack" reason_ttl="229"/></port></ports></host>
<host endtime="1733450122"><address addr="202.46.3.119" addrtype="ipv4"/><ports><port protocol="tcp" portid="5060"><state state="open" reason="syn-ack" reason_ttl="51"/></port></ports></host>
<host endtime="1733450129"><address addr="193.98.229.74" addrtype="ipv4"/><ports><port protocol="tcp" portid="5061"><state state="open" reason="syn-ack" reason_ttl="48"/></port></ports></host>
<host endtime="1733450132"><address addr="202.46.246.165" addrtype="ipv4"/><ports><port protocol="tcp" portid="5060"><state state="open" reason="syn-ack" reason_ttl="51"/></port></ports></host>
<host endtime="1733450135"><address addr="202.46.9.43" addrtype="ipv4"/><ports><port protocol="tcp" portid="5060"><state state="open" reason="syn-ack" reason_ttl="51"/></port></ports></host>
<host endtime="1733450135"><address addr="202.46.11.77" addrtype="ipv4"/><ports><port protocol="tcp" portid="5060"><state state="open" reason="syn-ack" reason_ttl="51"/></port></ports></host>
<host endtime="1733450136"><address addr="202.46.1.238" addrtype="ipv4"/><ports><port protocol="tcp" portid="5060"><state state="open" reason="syn-ack" reason_ttl="51"/></port></ports></host>
<host endtime="1733450137"><address addr="202.46.13.214" addrtype="ipv4"/><ports><port protocol="tcp" portid="5060"><state state="open" reason="syn-ack" reason_ttl="50"/></port></ports></host>
<host endtime="1733450138"><address addr="202.46.250.190" addrtype="ipv4"/><ports><port protocol="tcp" portid="5060"><state state="open" reason="syn-ack" reason_ttl="50"/></port></ports></host>
<host endtime="1733450141"><address addr="199.123.27.126" addrtype="ipv4"/><ports><port protocol="tcp" portid="5060"><state state="open" reason="syn-ack" reason_ttl="229"/></port></ports></host>
<host endtime="1733450143"><address addr="202.46.0.114" addrtype="ipv4"/><ports><port protocol="tcp" portid="5060"><state state="open" reason="syn-ack" reason_ttl="51"/></port></ports></host>
<host endtime="1733450144"><address addr="103.224.214.230" addrtype="ipv4"/><ports><port protocol="tcp" portid="5060"><state state="open" reason="syn-ack" reason_ttl="48"/></port></ports></host>
<host endtime="1733450144"><address addr="103.83.19.169" addrtype="ipv4"/><ports><port protocol="tcp" portid="5060"><state state="open" reason="syn-ack" reason_ttl="48"/></port></ports></host>
<host endtime="1733450146"><address addr="202.46.253.219" addrtype="ipv4"/><ports><port protocol="tcp" portid="5060"><state state="open" reason="syn-ack" reason_ttl="51"/></port></ports></host>
<host endtime="1733450150"><address addr="103.224.215.198" addrtype="ipv4"/><ports><port protocol="tcp" portid="5060"><state state="open" reason="syn-ack" reason_ttl="48"/></port></ports></host>
<host endtime="1733450151"><address addr="199.123.25.229" addrtype="ipv4"/><ports><port protocol="tcp" portid="5060"><state state="open" reason="syn-ack" reason_ttl="229"/></port></ports></host>
<host endtime="1733450152"><address addr="202.46.244.171" addrtype="ipv4"/><ports><port protocol="tcp" portid="5060"><state state="open" reason="syn-ack" reason_ttl="51"/></port></ports></host>
<host endtime="1733450155"><address addr="202.46.13.19" addrtype="ipv4"/><ports><port protocol="tcp" portid="5060"><state state="open" reason="syn-ack" reason_ttl="50"/></port></ports></host>
<host endtime="1733450156"><address addr="202.46.245.103" addrtype="ipv4"/><ports><port protocol="tcp" portid="5060"><state state="open" reason="syn-ack" reason_ttl="51"/></port></ports></host>
<host endtime="1733450156"><address addr="202.46.255.60" addrtype="ipv4"/><ports><port protocol="tcp" portid="5060"><state state="open" reason="syn-ack" reason_ttl="50"/></port></ports></host>
<host endtime="1733450157"><address addr="202.46.245.241" addrtype="ipv4"/><ports><port protocol="tcp" portid="5060"><state state="open" reason="syn-ack" reason_ttl="50"/></port></ports></host>
<host endtime="1733450164"><address addr="103.83.18.65" addrtype="ipv4"/><ports><port protocol="tcp" portid="5060"><state state="open" reason="syn-ack" reason_ttl="48"/></port></ports></host>
<host endtime="1733450165"><address addr="202.46.2.227" addrtype="ipv4"/><ports><port protocol="tcp" portid="5060"><state state="open" reason="syn-ack" reason_ttl="51"/></port></ports></host>
<host endtime="1733450166"><address addr="199.123.25.51" addrtype="ipv4"/><ports><port protocol="tcp" portid="5060"><state state="open" reason="syn-ack" reason_ttl="229"/></port></ports></host>
<host endtime="1733450166"><address addr="202.46.14.26" addrtype="ipv4"/><ports><port protocol="tcp" portid="5060"><state state="open" reason="syn-ack" reason_ttl="51"/></port></ports></host>
<host endtime="1733450170"><address addr="202.46.7.22" addrtype="ipv4"/><ports><port protocol="tcp" portid="5061"><state state="open" reason="syn-ack" reason_ttl="50"/></port></ports></host>
<host endtime="1733450175"><address addr="199.123.26.43" addrtype="ipv4"/><ports><port protocol="tcp" portid="5060"><state state="open" reason="syn-ack" reason_ttl="229"/></port></ports></host>
<host endtime="1733450177"><address addr="41.138.192.40" addrtype="ipv4"/><ports><port protocol="tcp" portid="5060"><state state="open" reason="syn-ack" reason_ttl="43"/></port></ports></host>
<host endtime="1733450178"><address addr="202.46.255.162" addrtype="ipv4"/><ports><port protocol="tcp" portid="5060"><state state="open" reason="syn-ack" reason_ttl="51"/></port></ports></host>
<host endtime="1733450178"><address addr="202.46.11.19" addrtype="ipv4"/><ports><port protocol="tcp" portid="5060"><state state="open" reason="syn-ack" reason_ttl="51"/></port></ports></host>
<host endtime="1733450180"><address addr="202.46.14.165" addrtype="ipv4"/><ports><port protocol="tcp" portid="5060"><state state="open" reason="syn-ack" reason_ttl="50"/></port></ports></host>
<host endtime="1733450181"><address addr="202.46.243.217" addrtype="ipv4"/><ports><port protocol="tcp" portid="5060"><state state="open" reason="syn-ack" reason_ttl="50"/></port></ports></host>
<host endtime="1733450181"><address addr="199.201.237.157" addrtype="ipv4"/><ports><port protocol="tcp" portid="5060"><state state="open" reason="syn-ack" reason_ttl="47"/></port></ports></host>
<host endtime="1733450182"><address addr="202.46.3.151" addrtype="ipv4"/><ports><port protocol="tcp" portid="5060"><state state="open" reason="syn-ack" reason_ttl="50"/></port></ports></host>
<host endtime="1733450183"><address addr="103.224.214.62" addrtype="ipv4"/><ports><port protocol="tcp" portid="5060"><state state="open" reason="syn-ack" reason_ttl="48"/></port></ports></host>
<host endtime="1733450187"><address addr="202.46.12.205" addrtype="ipv4"/><ports><port protocol="tcp" portid="5060"><state state="open" reason="syn-ack" reason_ttl="51"/></port></ports></host>
<host endtime="1733450189"><address addr="202.46.245.201" addrtype="ipv4"/><ports><port protocol="tcp" portid="5060"><state state="open" reason="syn-ack" reason_ttl="51"/></port></ports></host>
<host endtime="1733450190"><address addr="103.224.214.78" addrtype="ipv4"/><ports><port protocol="tcp" portid="5060"><state state="open" reason="syn-ack" reason_ttl="48"/></port></ports></host>
<host endtime="1733450196"><address addr="202.46.240.234" addrtype="ipv4"/><ports><port protocol="tcp" portid="5060"><state state="open" reason="syn-ack" reason_ttl="51"/></port></ports></host>
<host endtime="1733450196"><address addr="193.103.206.208" addrtype="ipv4"/><ports><port protocol="tcp" portid="5060"><state state="open" reason="syn-ack" reason_ttl="52"/></port></ports></host>
<host endtime="1733450200"><address addr="202.46.248.181" addrtype="ipv4"/><ports><port protocol="tcp" portid="5060"><state state="open" reason="syn-ack" reason_ttl="51"/></port></ports></host>
<host endtime="1733450201"><address addr="103.83.18.78" addrtype="ipv4"/><ports><port protocol="tcp" portid="5060"><state state="open" reason="syn-ack" reason_ttl="48"/></port></ports></host>
<host endtime="1733450202"><address addr="103.83.18.191" addrtype="ipv4"/><ports><port protocol="tcp" portid="5060"><state state="open" reason="syn-ack" reason_ttl="48"/></port></ports></host>
<host endtime="1733450202"><address addr="202.46.244.231" addrtype="ipv4"/><ports><port protocol="tcp" portid="5060"><state state="open" reason="syn-ack" reason_ttl="51"/></port></ports></host>
<host endtime="1733450202"><address addr="202.46.255.90" addrtype="ipv4"/><ports><port protocol="tcp" portid="5060"><state state="open" reason="syn-ack" reason_ttl="51"/></port></ports></host>
<host endtime="1733450207"><address addr="202.46.13.73" addrtype="ipv4"/><ports><port protocol="tcp" portid="5060"><state state="open" reason="syn-ack" reason_ttl="51"/></port></ports></host>
<host endtime="1733450207"><address addr="193.98.229.219" addrtype="ipv4"/><ports><port protocol="tcp" portid="5060"><state state="open" reason="syn-ack" reason_ttl="48"/></port></ports></host>
<host endtime="1733450208"><address addr="199.123.24.125" addrtype="ipv4"/><ports><port protocol="tcp" portid="5060"><state state="open" reason="syn-ack" reason_ttl="229"/></port></ports></host>
<host endtime="1733450209"><address addr="199.123.24.179" addrtype="ipv4"/><ports><port protocol="tcp" portid="5060"><state state="open" reason="syn-ack" reason_ttl="229"/></port></ports></host>
<host endtime="1733450209"><address addr="202.46.11.80" addrtype="ipv4"/><ports><port protocol="tcp" portid="5060"><state state="open" reason="syn-ack" reason_ttl="51"/></port></ports></host>
<host endtime="1733450211"><address addr="103.224.214.157" addrtype="ipv4"/><ports><port protocol="tcp" portid="5060"><state state="open" reason="syn-ack" reason_ttl="48"/></port></ports></host>
<host endtime="1733450212"><address addr="199.123.26.189" addrtype="ipv4"/><ports><port protocol="tcp" portid="5060"><state state="open" reason="syn-ack" reason_ttl="229"/></port></ports></host>
<host endtime="1733450219"><address addr="202.46.248.210" addrtype="ipv4"/><ports><port protocol="tcp" portid="5060"><state state="open" reason="syn-ack" reason_ttl="51"/></port></ports></host>
<host endtime="1733450224"><address addr="202.46.12.36" addrtype="ipv4"/><ports><port protocol="tcp" portid="5060"><state state="open" reason="syn-ack" reason_ttl="51"/></port></ports></host>
<host endtime="1733450226"><address addr="202.46.0.104" addrtype="ipv4"/><ports><port protocol="tcp" portid="5060"><state state="open" reason="syn-ack" reason_ttl="51"/></port></ports></host>
<host endtime="1733450226"><address addr="202.46.11.226" addrtype="ipv4"/><ports><port protocol="tcp" portid="5060"><state state="open" reason="syn-ack" reason_ttl="51"/></port></ports></host>
<host endtime="1733450226"><address addr="103.83.18.216" addrtype="ipv4"/><ports><port protocol="tcp" portid="5060"><state state="open" reason="syn-ack" reason_ttl="48"/></port></ports></host>
<host endtime="1733450227"><address addr="202.46.252.206" addrtype="ipv4"/><ports><port protocol="tcp" portid="5060"><state state="open" reason="syn-ack" reason_ttl="51"/></port></ports></host>
<host endtime="1733450227"><address addr="103.83.18.141" addrtype="ipv4"/><ports><port protocol="tcp" portid="5060"><state state="open" reason="syn-ack" reason_ttl="48"/></port></ports></host>
<host endtime="1733450227"><address addr="202.46.249.151" addrtype="ipv4"/><ports><port protocol="tcp" portid="5060"><state state="open" reason="syn-ack" reason_ttl="51"/></port></ports></host>
<host endtime="1733450228"><address addr="202.46.249.66" addrtype="ipv4"/><ports><port protocol="tcp" portid="5060"><state state="open" reason="syn-ack" reason_ttl="51"/></port></ports></host>
<host endtime="1733450231"><address addr="202.46.5.161" addrtype="ipv4"/><ports><port protocol="tcp" portid="5060"><state state="open" reason="syn-ack" reason_ttl="51"/></port></ports></host>
<host endtime="1733450231"><address addr="202.46.248.146" addrtype="ipv4"/><ports><port protocol="tcp" portid="5060"><state state="open" reason="syn-ack" reason_ttl="51"/></port></ports></host>
<host endtime="1733450232"><address addr="193.103.200.249" addrtype="ipv4"/><ports><port protocol="tcp" portid="5060"><state state="open" reason="syn-ack" reason_ttl="54"/></port></ports></host>
<host endtime="1733450232"><address addr="202.46.250.217" addrtype="ipv4"/><ports><port protocol="tcp" portid="5060"><state state="open" reason="syn-ack" reason_ttl="50"/></port></ports></host>
<host endtime="1733450235"><address addr="202.46.6.221" addrtype="ipv4"/><ports><port protocol="tcp" portid="5060"><state state="open" reason="syn-ack" reason_ttl="50"/></port></ports></host>
<host endtime="1733450235"><address addr="202.46.9.100" addrtype="ipv4"/><ports><port protocol="tcp" portid="5060"><state state="open" reason="syn-ack" reason_ttl="51"/></port></ports></host>
<host endtime="1733450236"><address addr="202.46.248.211" addrtype="ipv4"/><ports><port protocol="tcp" portid="5060"><state state="open" reason="syn-ack" reason_ttl="50"/></port></ports></host>
<host endtime="1733450238"><address addr="103.224.215.165" addrtype="ipv4"/><ports><port protocol="tcp" portid="5060"><state state="open" reason="syn-ack" reason_ttl="48"/></port></ports></host>
<host endtime="1733450241"><address addr="202.46.243.87" addrtype="ipv4"/><ports><port protocol="tcp" portid="5060"><state state="open" reason="syn-ack" reason_ttl="51"/></port></ports></host>
<host endtime="1733450242"><address addr="202.46.6.191" addrtype="ipv4"/><ports><port protocol="tcp" portid="5060"><state state="open" reason="syn-ack" reason_ttl="50"/></port></ports></host>
<host endtime="1733450247"><address addr="202.46.0.243" addrtype="ipv4"/><ports><port protocol="tcp" portid="5060"><state state="open" reason="syn-ack" reason_ttl="51"/></port></ports></host>
<host endtime="1733450251"><address addr="199.123.26.58" addrtype="ipv4"/><ports><port protocol="tcp" portid="5060"><state state="open" reason="syn-ack" reason_ttl="229"/></port></ports></host>
<host endtime="1733450255"><address addr="193.98.229.161" addrtype="ipv4"/><ports><port protocol="tcp" portid="5061"><state state="open" reason="syn-ack" reason_ttl="47"/></port></ports></host>
<host endtime="1733450255"><address addr="199.201.237.85" addrtype="ipv4"/><ports><port protocol="tcp" portid="5060"><state state="open" reason="syn-ack" reason_ttl="47"/></port></ports></host>
<host endtime="1733450259"><address addr="202.46.7.122" addrtype="ipv4"/><ports><port protocol="tcp" portid="5060"><state state="open" reason="syn-ack" reason_ttl="51"/></port></ports></host>
<host endtime="1733450265"><address addr="202.46.8.32" addrtype="ipv4"/><ports><port protocol="tcp" portid="5061"><state state="open" reason="syn-ack" reason_ttl="50"/></port></ports></host>
<host endtime="1733450265"><address addr="103.177.50.24" addrtype="ipv4"/><ports><port protocol="tcp" portid="5061"><state state="open" reason="syn-ack" reason_ttl="121"/></port></ports></host>
<host endtime="1733450266"><address addr="202.46.254.65" addrtype="ipv4"/><ports><port protocol="tcp" portid="5060"><state state="open" reason="syn-ack" reason_ttl="51"/></port></ports></host>
<host endtime="1733450267"><address addr="199.201.236.62" addrtype="ipv4"/><ports><port protocol="tcp" portid="5060"><state state="open" reason="syn-ack" reason_ttl="47"/></port></ports></host>
<host endtime="1733450268"><address addr="202.46.249.47" addrtype="ipv4"/><ports><port protocol="tcp" portid="5060"><state state="open" reason="syn-ack" reason_ttl="50"/></port></ports></host>
<host endtime="1733450277"><address addr="202.46.250.245" addrtype="ipv4"/><ports><port protocol="tcp" portid="5060"><state state="open" reason="syn-ack" reason_ttl="51"/></port></ports></host>
<host endtime="1733450277"><address addr="103.83.19.156" addrtype="ipv4"/><ports><port protocol="tcp" portid="5060"><state state="open" reason="syn-ack" reason_ttl="48"/></port></ports></host>
<host endtime="1733450278"><address addr="103.224.214.70" addrtype="ipv4"/><ports><port protocol="tcp" portid="5060"><state state="open" reason="syn-ack" reason_ttl="48"/></port></ports></host>
<host endtime="1733450278"><address addr="103.224.214.119" addrtype="ipv4"/><ports><port protocol="tcp" portid="5060"><state state="open" reason="syn-ack" reason_ttl="48"/></port></ports></host>
<host endtime="1733450279"><address addr="103.224.215.195" addrtype="ipv4"/><ports><port protocol="tcp" portid="5060"><state state="open" reason="syn-ack" reason_ttl="48"/></port></ports></host>
<host endtime="1733450284"><address addr="199.123.26.121" addrtype="ipv4"/><ports><port protocol="tcp" portid="5060"><state state="open" reason="syn-ack" reason_ttl="229"/></port></ports></host>
<host endtime="1733450285"><address addr="202.46.1.160" addrtype="ipv4"/><ports><port protocol="tcp" portid="5060"><state state="open" reason="syn-ack" reason_ttl="51"/></port></ports></host>
<host endtime="1733450289"><address addr="202.46.244.111" addrtype="ipv4"/><ports><port protocol="tcp" portid="5060"><state state="open" reason="syn-ack" reason_ttl="50"/></port></ports></host>
<host endtime="1733450291"><address addr="202.46.243.23" addrtype="ipv4"/><ports><port protocol="tcp" portid="5060"><state state="open" reason="syn-ack" reason_ttl="51"/></port></ports></host>
<host endtime="1733450292"><address addr="202.46.14.87" addrtype="ipv4"/><ports><port protocol="tcp" portid="5060"><state state="open" reason="syn-ack" reason_ttl="50"/></port></ports></host>
<host endtime="1733450293"><address addr="199.123.27.36" addrtype="ipv4"/><ports><port protocol="tcp" portid="5060"><state state="open" reason="syn-ack" reason_ttl="229"/></port></ports></host>
<host endtime="1733450293"><address addr="199.201.236.114" addrtype="ipv4"/><ports><port protocol="tcp" portid="5060"><state state="open" reason="syn-ack" reason_ttl="47"/></port></ports></host>
<host endtime="1733450293"><address addr="199.123.27.81" addrtype="ipv4"/><ports><port protocol="tcp" portid="5060"><state state="open" reason="syn-ack" reason_ttl="229"/></port></ports></host>
<host endtime="1733450294"><address addr="202.46.7.223" addrtype="ipv4"/><ports><port protocol="tcp" portid="5060"><state state="open" reason="syn-ack" reason_ttl="51"/></port></ports></host>
<host endtime="1733450294"><address addr="202.46.6.155" addrtype="ipv4"/><ports><port protocol="tcp" portid="5060"><state state="open" reason="syn-ack" reason_ttl="51"/></port></ports></host>
<host endtime="1733450296"><address addr="202.46.244.126" addrtype="ipv4"/><ports><port protocol="tcp" portid="5060"><state state="open" reason="syn-ack" reason_ttl="50"/></port></ports></host>
<host endtime="1733450305"><address addr="202.46.9.93" addrtype="ipv4"/><ports><port protocol="tcp" portid="5060"><state state="open" reason="syn-ack" reason_ttl="50"/></port></ports></host>
<host endtime="1733450308"><address addr="202.46.13.76" addrtype="ipv4"/><ports><port protocol="tcp" portid="5060"><state state="open" reason="syn-ack" reason_ttl="51"/></port></ports></host>
<host endtime="1733450308"><address addr="202.46.2.57" addrtype="ipv4"/><ports><port protocol="tcp" portid="5060"><state state="open" reason="syn-ack" reason_ttl="51"/></port></ports></host>
<host endtime="1733450309"><address addr="202.46.246.245" addrtype="ipv4"/><ports><port protocol="tcp" portid="5060"><state state="open" reason="syn-ack" reason_ttl="50"/></port></ports></host>
<host endtime="1733450309"><address addr="202.46.243.140" addrtype="ipv4"/><ports><port protocol="tcp" portid="5060"><state state="open" reason="syn-ack" reason_ttl="50"/></port></ports></host>
<host endtime="1733450310"><address addr="202.46.254.174" addrtype="ipv4"/><ports><port protocol="tcp" portid="5060"><state state="open" reason="syn-ack" reason_ttl="51"/></port></ports></host>
<host endtime="1733450310"><address addr="202.46.7.240" addrtype="ipv4"/><ports><port protocol="tcp" portid="5060"><state state="open" reason="syn-ack" reason_ttl="50"/></port></ports></host>
<host endtime="1733450314"><address addr="202.46.253.22" addrtype="ipv4"/><ports><port protocol="tcp" portid="5060"><state state="open" reason="syn-ack" reason_ttl="50"/></port></ports></host>
<host endtime="1733450317"><address addr="202.46.247.15" addrtype="ipv4"/><ports><port protocol="tcp" portid="5060"><state state="open" reason="syn-ack" reason_ttl="51"/></port></ports></host>
<host endtime="1733450318"><address addr="202.46.246.45" addrtype="ipv4"/><ports><port protocol="tcp" portid="5060"><state state="open" reason="syn-ack" reason_ttl="51"/></port></ports></host>
<host endtime="1733450319"><address addr="202.46.242.6" addrtype="ipv4"/><ports><port protocol="tcp" portid="5060"><state state="open" reason="syn-ack" reason_ttl="51"/></port></ports></host>
<host endtime="1733450320"><address addr="202.46.3.129" addrtype="ipv4"/><ports><port protocol="tcp" portid="5060"><state state="open" reason="syn-ack" reason_ttl="51"/></port></ports></host>
<host endtime="1733450320"><address addr="202.46.6.92" addrtype="ipv4"/><ports><port protocol="tcp" portid="5060"><state state="open" reason="syn-ack" reason_ttl="51"/></port></ports></host>
<host endtime="1733450320"><address addr="202.46.9.147" addrtype="ipv4"/><ports><port protocol="tcp" portid="5060"><state state="open" reason="syn-ack" reason_ttl="51"/></port></ports></host>
<host endtime="1733450321"><address addr="103.224.214.120" addrtype="ipv4"/><ports><port protocol="tcp" portid="5060"><state state="open" reason="syn-ack" reason_ttl="48"/></port></ports></host>
<host endtime="1733450323"><address addr="202.46.242.189" addrtype="ipv4"/><ports><port protocol="tcp" portid="5060"><state state="open" reason="syn-ack" reason_ttl="50"/></port></ports></host>
<host endtime="1733450325"><address addr="193.103.200.57" addrtype="ipv4"/><ports><port protocol="tcp" portid="5060"><state state="open" reason="syn-ack" reason_ttl="54"/></port></ports></host>
<host endtime="1733450328"><address addr="202.46.253.11" addrtype="ipv4"/><ports><port protocol="tcp" portid="5060"><state state="open" reason="syn-ack" reason_ttl="51"/></port></ports></host>
<host endtime="1733450329"><address addr="202.46.2.243" addrtype="ipv4"/><ports><port protocol="tcp" portid="5060"><state state="open" reason="syn-ack" reason_ttl="51"/></port></ports></host>
<host endtime="1733450332"><address addr="202.46.1.230" addrtype="ipv4"/><ports><port protocol="tcp" portid="5060"><state state="open" reason="syn-ack" reason_ttl="50"/></port></ports></host>
<host endtime="1733450332"><address addr="199.201.236.2" addrtype="ipv4"/><ports><port protocol="tcp" portid="5060"><state state="open" reason="syn-ack" reason_ttl="47"/></port></ports></host>
<host endtime="1733450335"><address addr="202.46.252.77" addrtype="ipv4"/><ports><port protocol="tcp" portid="5060"><state state="open" reason="syn-ack" reason_ttl="51"/></port></ports></host>
<host endtime="1733450336"><address addr="103.83.18.195" addrtype="ipv4"/><ports><port protocol="tcp" portid="5060"><state state="open" reason="syn-ack" reason_ttl="48"/></port></ports></host>
<host endtime="1733450338"><address addr="202.46.242.180" addrtype="ipv4"/><ports><port protocol="tcp" portid="5060"><state state="open" reason="syn-ack" reason_ttl="51"/></port></ports></host>
<host endtime="1733450344"><address addr="202.46.249.148" addrtype="ipv4"/><ports><port protocol="tcp" portid="5060"><state state="open" reason="syn-ack" reason_ttl="50"/></port></ports></host>
<host endtime="1733450346"><address addr="193.103.200.49" addrtype="ipv4"/><ports><port protocol="tcp" portid="5060"><state state="open" reason="syn-ack" reason_ttl="52"/></port></ports></host>
<host endtime="1733450347"><address addr="202.46.253.252" addrtype="ipv4"/><ports><port protocol="tcp" portid="5060"><state state="open" reason="syn-ack" reason_ttl="51"/></port></ports></host>
<host endtime="1733450356"><address addr="199.123.26.69" addrtype="ipv4"/><ports><port protocol="tcp" portid="5060"><state state="open" reason="syn-ack" reason_ttl="229"/></port></ports></host>
<host endtime="1733450359"><address addr="193.103.200.152" addrtype="ipv4"/><ports><port protocol="tcp" portid="5060"><state state="open" reason="syn-ack" reason_ttl="52"/></port></ports></host>
<host endtime="1733450360"><address addr="202.46.14.22" addrtype="ipv4"/><ports><port protocol="tcp" portid="5060"><state state="open" reason="syn-ack" reason_ttl="51"/></port></ports></host>
<host endtime="1733450363"><address addr="193.103.200.176" addrtype="ipv4"/><ports><port protocol="tcp" portid="5060"><state state="open" reason="syn-ack" reason_ttl="54"/></port></ports></host>
<host endtime="1733450364"><address addr="103.224.215.106" addrtype="ipv4"/><ports><port protocol="tcp" portid="5060"><state state="open" reason="syn-ack" reason_ttl="48"/></port></ports></host>
<host endtime="1733450366"><address addr="202.46.10.172" addrtype="ipv4"/><ports><port protocol="tcp" portid="5060"><state state="open" reason="syn-ack" reason_ttl="51"/></port></ports></host>
<host endtime="1733450369"><address addr="202.46.244.182" addrtype="ipv4"/><ports><port protocol="tcp" portid="5060"><state state="open" reason="syn-ack" reason_ttl="50"/></port></ports></host>
<host endtime="1733450369"><address addr="202.46.3.111" addrtype="ipv4"/><ports><port protocol="tcp" portid="5060"><state state="open" reason="syn-ack" reason_ttl="51"/></port></ports></host>
<host endtime="1733450373"><address addr="103.224.214.189" addrtype="ipv4"/><ports><port protocol="tcp" portid="5060"><state state="open" reason="syn-ack" reason_ttl="48"/></port></ports></host>
<host endtime="1733450373"><address addr="202.46.11.218" addrtype="ipv4"/><ports><port protocol="tcp" portid="5060"><state state="open" reason="syn-ack" reason_ttl="51"/></port></ports></host>
<host endtime="1733450377"><address addr="202.46.243.133" addrtype="ipv4"/><ports><port protocol="tcp" portid="5060"><state state="open" reason="syn-ack" reason_ttl="51"/></port></ports></host>
<host endtime="1733450377"><address addr="202.46.9.143" addrtype="ipv4"/><ports><port protocol="tcp" portid="5060"><state state="open" reason="syn-ack" reason_ttl="51"/></port></ports></host>
<host endtime="1733450381"><address addr="202.46.12.6" addrtype="ipv4"/><ports><port protocol="tcp" portid="5060"><state state="open" reason="syn-ack" reason_ttl="50"/></port></ports></host>
<host endtime="1733450384"><address addr="202.46.247.136" addrtype="ipv4"/><ports><port protocol="tcp" portid="5060"><state state="open" reason="syn-ack" reason_ttl="50"/></port></ports></host>
<host endtime="1733450386"><address addr="202.46.8.183" addrtype="ipv4"/><ports><port protocol="tcp" portid="5060"><state state="open" reason="syn-ack" reason_ttl="50"/></port></ports></host>
<host endtime="1733450392"><address addr="202.46.248.25" addrtype="ipv4"/><ports><port protocol="tcp" portid="5060"><state state="open" reason="syn-ack" reason_ttl="50"/></port></ports></host>
<host endtime="1733450395"><address addr="202.46.4.216" addrtype="ipv4"/><ports><port protocol="tcp" portid="5060"><state state="open" reason="syn-ack" reason_ttl="50"/></port></ports></host>
<host endtime="1733450395"><address addr="202.46.250.62" addrtype="ipv4"/><ports><port protocol="tcp" portid="5060"><state state="open" reason="syn-ack" reason_ttl="51"/></port></ports></host>
<host endtime="1733450396"><address addr="202.46.12.244" addrtype="ipv4"/><ports><port protocol="tcp" portid="5060"><state state="open" reason="syn-ack" reason_ttl="51"/></port></ports></host>
<host endtime="1733450396"><address addr="202.46.249.78" addrtype="ipv4"/><ports><port protocol="tcp" portid="5060"><state state="open" reason="syn-ack" reason_ttl="50"/></port></ports></host>
<host endtime="1733450397"><address addr="202.46.3.122" addrtype="ipv4"/><ports><port protocol="tcp" portid="5060"><state state="open" reason="syn-ack" reason_ttl="50"/></port></ports></host>
<host endtime="1733450400"><address addr="202.46.241.90" addrtype="ipv4"/><ports><port protocol="tcp" portid="5060"><state state="open" reason="syn-ack" reason_ttl="51"/></port></ports></host>
<host endtime="1733450403"><address addr="202.46.243.14" addrtype="ipv4"/><ports><port protocol="tcp" portid="5060"><state state="open" reason="syn-ack" reason_ttl="51"/></port></ports></host>
<host endtime="1733450404"><address addr="202.46.8.160" addrtype="ipv4"/><ports><port protocol="tcp" portid="5060"><state state="open" reason="syn-ack" reason_ttl="51"/></port></ports></host>
<host endtime="1733450406"><address addr="202.46.243.162" addrtype="ipv4"/><ports><port protocol="tcp" portid="5060"><state state="open" reason="syn-ack" reason_ttl="50"/></port></ports></host>
<host endtime="1733450406"><address addr="202.46.250.72" addrtype="ipv4"/><ports><port protocol="tcp" portid="5060"><state state="open" reason="syn-ack" reason_ttl="51"/></port></ports></host>
<host endtime="1733450407"><address addr="202.46.15.40" addrtype="ipv4"/><ports><port protocol="tcp" portid="5060"><state state="open" reason="syn-ack" reason_ttl="51"/></port></ports></host>
<host endtime="1733450409"><address addr="202.46.6.65" addrtype="ipv4"/><ports><port protocol="tcp" portid="5060"><state state="open" reason="syn-ack" reason_ttl="51"/></port></ports></host>
<host endtime="1733450411"><address addr="202.46.14.210" addrtype="ipv4"/><ports><port protocol="tcp" portid="5060"><state state="open" reason="syn-ack" reason_ttl="51"/></port></ports></host>
<host endtime="1733450416"><address addr="202.46.247.189" addrtype="ipv4"/><ports><port protocol="tcp" portid="5060"><state state="open" reason="syn-ack" reason_ttl="51"/></port></ports></host>
<host endtime="1733450417"><address addr="202.46.252.213" addrtype="ipv4"/><ports><port protocol="tcp" portid="5060"><state state="open" reason="syn-ack" reason_ttl="51"/></port></ports></host>
<host endtime="1733450419"><address addr="103.83.19.132" addrtype="ipv4"/><ports><port protocol="tcp" portid="5060"><state state="open" reason="syn-ack" reason_ttl="48"/></port></ports></host>
<host endtime="1733450422"><address addr="103.224.215.47" addrtype="ipv4"/><ports><port protocol="tcp" portid="5060"><state state="open" reason="syn-ack" reason_ttl="48"/></port></ports></host>
<host endtime="1733450422"><address addr="202.46.10.208" addrtype="ipv4"/><ports><port protocol="tcp" portid="5060"><state state="open" reason="syn-ack" reason_ttl="51"/></port></ports></host>
<host endtime="1733450426"><address addr="202.46.249.1" addrtype="ipv4"/><ports><port protocol="tcp" portid="5060"><state state="open" reason="syn-ack" reason_ttl="50"/></port></ports></host>
<host endtime="1733450427"><address addr="202.46.5.125" addrtype="ipv4"/><ports><port protocol="tcp" portid="5060"><state state="open" reason="syn-ack" reason_ttl="50"/></port></ports></host>
<host endtime="1733450427"><address addr="202.46.254.221" addrtype="ipv4"/><ports><port protocol="tcp" portid="5060"><state state="open" reason="syn-ack" reason_ttl="51"/></port></ports></host>
<host endtime="1733450431"><address addr="202.46.1.203" addrtype="ipv4"/><ports><port protocol="tcp" portid="5060"><state state="open" reason="syn-ack" reason_ttl="51"/></port></ports></host>
<host endtime="1733450432"><address addr="202.46.242.157" addrtype="ipv4"/><ports><port protocol="tcp" portid="5060"><state state="open" reason="syn-ack" reason_ttl="51"/></port></ports></host>
<host endtime="1733450433"><address addr="202.46.14.194" addrtype="ipv4"/><ports><port protocol="tcp" portid="5060"><state state="open" reason="syn-ack" reason_ttl="50"/></port></ports></host>
<host endtime="1733450434"><address addr="202.46.253.231" addrtype="ipv4"/><ports><port protocol="tcp" portid="5060"><state state="open" reason="syn-ack" reason_ttl="50"/></port></ports></host>
<host endtime="1733450434"><address addr="202.46.13.186" addrtype="ipv4"/><ports><port protocol="tcp" portid="5060"><state state="open" reason="syn-ack" reason_ttl="51"/></port></ports></host>
<host endtime="1733450438"><address addr="202.46.254.56" addrtype="ipv4"/><ports><port protocol="tcp" portid="5060"><state state="open" reason="syn-ack" reason_ttl="51"/></port></ports></host>
<host endtime="1733450439"><address addr="193.98.116.181" addrtype="ipv4"/><ports><port protocol="tcp" portid="5060"><state state="open" reason="syn-ack" reason_ttl="48"/></port></ports></host>
<host endtime="1733450440"><address addr="202.46.244.196" addrtype="ipv4"/><ports><port protocol="tcp" portid="5060"><state state="open" reason="syn-ack" reason_ttl="51"/></port></ports></host>
<host endtime="1733450443"><address addr="202.46.11.113" addrtype="ipv4"/><ports><port protocol="tcp" portid="5060"><state state="open" reason="syn-ack" reason_ttl="51"/></port></ports></host>
<host endtime="1733450443"><address addr="199.123.26.142" addrtype="ipv4"/><ports><port protocol="tcp" portid="5060"><state state="open" reason="syn-ack" reason_ttl="229"/></port></ports></host>
<host endtime="1733450443"><address addr="199.201.236.247" addrtype="ipv4"/><ports><port protocol="tcp" portid="5060"><state state="open" reason="syn-ack" reason_ttl="47"/></port></ports></host>
<host endtime="1733450446"><address addr="202.46.246.235" addrtype="ipv4"/><ports><port protocol="tcp" portid="5060"><state state="open" reason="syn-ack" reason_ttl="51"/></port></ports></host>
<host endtime="1733450446"><address addr="202.46.250.234" addrtype="ipv4"/><ports><port protocol="tcp" portid="5060"><state state="open" reason="syn-ack" reason_ttl="50"/></port></ports></host>
<host endtime="1733450448"><address addr="199.201.236.240" addrtype="ipv4"/><ports><port protocol="tcp" portid="5060"><state state="open" reason="syn-ack" reason_ttl="47"/></port></ports></host>
<host endtime="1733450455"><address addr="202.46.0.37" addrtype="ipv4"/><ports><port protocol="tcp" portid="5060"><state state="open" reason="syn-ack" reason_ttl="50"/></port></ports></host>
<host endtime="1733450458"><address addr="202.46.15.131" addrtype="ipv4"/><ports><port protocol="tcp" portid="5060"><state state="open" reason="syn-ack" reason_ttl="51"/></port></ports></host>
<host endtime="1733450459"><address addr="199.123.26.164" addrtype="ipv4"/><ports><port protocol="tcp" portid="5060"><state state="open" reason="syn-ack" reason_ttl="229"/></port></ports></host>
<host endtime="1733450459"><address addr="199.201.237.27" addrtype="ipv4"/><ports><port protocol="tcp" portid="5060"><state state="open" reason="syn-ack" reason_ttl="47"/></port></ports></host>
<host endtime="1733450465"><address addr="193.98.229.83" addrtype="ipv4"/><ports><port protocol="tcp" portid="5061"><state state="open" reason="syn-ack" reason_ttl="48"/></port></ports></host>
<host endtime="1733450471"><address addr="202.46.14.42" addrtype="ipv4"/><ports><port protocol="tcp" portid="5060"><state state="open" reason="syn-ack" reason_ttl="51"/></port></ports></host>
<host endtime="1733450473"><address addr="193.98.229.109" addrtype="ipv4"/><ports><port protocol="tcp" portid="5061"><state state="open" reason="syn-ack" reason_ttl="47"/></port></ports></host>
<host endtime="1733450476"><address addr="202.46.5.225" addrtype="ipv4"/><ports><port protocol="tcp" portid="5060"><state state="open" reason="syn-ack" reason_ttl="51"/></port></ports></host>
<host endtime="1733450482"><address addr="202.46.13.83" addrtype="ipv4"/><ports><port protocol="tcp" portid="5060"><state state="open" reason="syn-ack" reason_ttl="51"/></port></ports></host>
<host endtime="1733450482"><address addr="202.46.10.72" addrtype="ipv4"/><ports><port protocol="tcp" portid="5060"><state state="open" reason="syn-ack" reason_ttl="50"/></port></ports></host>
<host endtime="1733450489"><address addr="103.224.215.134" addrtype="ipv4"/><ports><port protocol="tcp" portid="5060"><state state="open" reason="syn-ack" reason_ttl="48"/></port></ports></host>
<host endtime="1733450489"><address addr="103.177.50.24" addrtype="ipv4"/><ports><port protocol="tcp" portid="5060"><state state="open" reason="syn-ack" reason_ttl="57"/></port></ports></host>
<host endtime="1733450490"><address addr="202.46.248.225" addrtype="ipv4"/><ports><port protocol="tcp" portid="5060"><state state="open" reason="syn-ack" reason_ttl="50"/></port></ports></host>
<host endtime="1733450491"><address addr="202.46.3.67" addrtype="ipv4"/><ports><port protocol="tcp" portid="5060"><state state="open" reason="syn-ack" reason_ttl="51"/></port></ports></host>
<host endtime="1733450491"><address addr="202.46.14.179" addrtype="ipv4"/><ports><port protocol="tcp" portid="5060"><state state="open" reason="syn-ack" reason_ttl="50"/></port></ports></host>
<host endtime="1733450491"><address addr="202.46.3.1" addrtype="ipv4"/><ports><port protocol="tcp" portid="5060"><state state="open" reason="syn-ack" reason_ttl="50"/></port></ports></host>
<host endtime="1733450493"><address addr="202.46.255.24" addrtype="ipv4"/><ports><port protocol="tcp" portid="5060"><state state="open" reason="syn-ack" reason_ttl="50"/></port></ports></host>
<runstats>
<finished time="1733450504" timestr="2024-12-05 20:01:44" elapsed="23136" />
<hosts up="11772" down="0" total="11772" />
</runstats>
</nmaprun>
